Java HotSpot(TM) 64-Bit Server VM (25.40-b25) for windows-amd64 JRE (1.8.0_40-b25), built on Feb 10 2015 21:53:57 by "java_re" with MS VC++ 10.0 (VS2010)
Memory: 4k page, physical 20795892k(7204472k free), swap 36000244k(12689292k free)
CommandLine flags: -XX:InitialHeapSize=10485760 -XX:MaxHeapSize=10485760 -XX:MaxNewSize=3497984 -XX:MaxTenuringThreshold=6 -XX:NewSize=3497984 -XX:OldPLABSize=16 -XX:OldSize=6987776 -XX:+PrintGC -XX:+PrintGCDetails -XX:+PrintGCTimeStamps -XX:+UseCompressedClassPointers -XX:+UseCompressedOops -XX:+UseConcMarkSweepGC -XX:-UseLargePagesIndividualAllocation -XX:+UseParNewGC 
0.127: [GC (Allocation Failure) 0.127: [ParNew: 2054K->320K(3072K), 0.0023578 secs]0.129: [CMS: 4590K->795K(6848K), 0.0032630 secs] 6150K->795K(9920K), [Metaspace: 3325K->3325K(1056768K)], 0.0058843 secs] [Times: user=0.01 sys=0.00, real=0.01 secs] 
0.133: [GC (Allocation Failure) 0.133: [ParNew: 0K->0K(3072K), 0.0001949 secs]0.133: [CMS: 4891K->785K(6848K), 0.0017662 secs] 4891K->785K(9920K), [Metaspace: 3325K->3325K(1056768K)], 0.0020297 secs] [Times: user=0.00 sys=0.00, real=0.00 secs] 
0.135: [GC (CMS Initial Mark) [1 CMS-initial-mark: 4881K(6848K)] 4881K(9920K), 0.0002269 secs] [Times: user=0.00 sys=0.00, real=0.00 secs] 
0.135: [CMS-concurrent-mark-start]
0.136: [GC (Allocation Failure) 0.136: [ParNew: 0K->0K(3072K), 0.0003055 secs]0.136: [CMS0.151: [CMS-concurrent-mark: 0.001/0.016 secs] [Times: user=0.00 sys=0.00, real=0.02 secs] 
 (concurrent mode failure): 4881K->785K(6848K), 0.0179234 secs] 4881K->785K(9920K), [Metaspace: 3325K->3325K(1056768K)], 0.0183747 secs] [Times: user=0.00 sys=0.00, real=0.02 secs] 
0.154: [GC (Allocation Failure) 0.154: [ParNew: 27K->0K(3072K), 0.0002097 secs]0.155: [CMS: 4881K->785K(6848K), 0.0020121 secs] 4909K->785K(9920K), [Metaspace: 3325K->3325K(1056768K)], 0.0023092 secs] [Times: user=0.00 sys=0.00, real=0.00 secs] 
0.157: [GC (CMS Initial Mark) [1 CMS-initial-mark: 4881K(6848K)] 4881K(9920K), 0.0001256 secs] [Times: user=0.00 sys=0.00, real=0.00 secs] 
0.157: [CMS-concurrent-mark-start]
0.157: [GC (Allocation Failure) 0.157: [ParNew: 0K->0K(3072K), 0.0002185 secs]0.158: [CMS0.167: [CMS-concurrent-mark: 0.001/0.010 secs] [Times: user=0.00 sys=0.00, real=0.01 secs] 
 (concurrent mode failure): 4881K->785K(6848K), 0.0129891 secs] 4881K->785K(9920K), [Metaspace: 3325K->3325K(1056768K)], 0.0133180 secs] [Times: user=0.00 sys=0.00, real=0.01 secs] 
0.177: [GC (Allocation Failure) 0.177: [ParNew: 0K->0K(3072K), 0.0003224 secs]0.177: [CMS: 4881K->785K(6848K), 0.0030869 secs] 4881K->785K(9920K), [Metaspace: 3325K->3325K(1056768K)], 0.0035221 secs] [Times: user=0.00 sys=0.00, real=0.00 secs] 
0.181: [GC (CMS Initial Mark) [1 CMS-initial-mark: 4881K(6848K)] 4881K(9920K), 0.0001286 secs] [Times: user=0.00 sys=0.00, real=0.00 secs] 
0.181: [CMS-concurrent-mark-start]
0.181: [GC (Allocation Failure) 0.181: [ParNew: 0K->0K(3072K), 0.0002829 secs]0.181: [CMS0.197: [CMS-concurrent-mark: 0.001/0.016 secs] [Times: user=0.00 sys=0.00, real=0.02 secs] 
 (concurrent mode failure): 4881K->785K(6848K), 0.0197134 secs] 4881K->785K(9920K), [Metaspace: 3325K->3325K(1056768K)], 0.0201202 secs] [Times: user=0.00 sys=0.00, real=0.02 secs] 
0.201: [GC (Allocation Failure) 0.201: [ParNew: 0K->0K(3072K), 0.0002731 secs]0.202: [CMS: 4881K->785K(6848K), 0.0019113 secs] 4881K->785K(9920K), [Metaspace: 3325K->3325K(1056768K)], 0.0022591 secs] [Times: user=0.00 sys=0.00, real=0.00 secs] 
0.204: [GC (CMS Initial Mark) [1 CMS-initial-mark: 4881K(6848K)] 4881K(9920K), 0.0000870 secs] [Times: user=0.00 sys=0.00, real=0.00 secs] 
0.204: [CMS-concurrent-mark-start]
0.204: [GC (Allocation Failure) 0.204: [ParNew: 0K->0K(3072K), 0.0001944 secs]0.204: [CMS0.212: [CMS-concurrent-mark: 0.001/0.008 secs] [Times: user=0.00 sys=0.00, real=0.01 secs] 
 (concurrent mode failure): 4881K->785K(6848K), 0.0111239 secs] 4881K->785K(9920K), [Metaspace: 3325K->3325K(1056768K)], 0.0114022 secs] [Times: user=0.00 sys=0.00, real=0.01 secs] 
0.216: [GC (Allocation Failure) 0.216: [ParNew: 0K->0K(3072K), 0.0002769 secs]0.216: [CMS: 4881K->785K(6848K), 0.0020378 secs] 4881K->785K(9920K), [Metaspace: 3325K->3325K(1056768K)], 0.0023985 secs] [Times: user=0.00 sys=0.00, real=0.00 secs] 
0.219: [GC (CMS Initial Mark) [1 CMS-initial-mark: 4881K(6848K)] 4881K(9920K), 0.0002315 secs] [Times: user=0.00 sys=0.00, real=0.00 secs] 
0.219: [CMS-concurrent-mark-start]
0.219: [GC (Allocation Failure) 0.219: [ParNew: 0K->0K(3072K), 0.0003065 secs]0.220: [CMS0.227: [CMS-concurrent-mark: 0.001/0.008 secs] [Times: user=0.00 sys=0.00, real=0.01 secs] 
 (concurrent mode failure): 4881K->785K(6848K), 0.0119199 secs] 4881K->785K(9920K), [Metaspace: 3325K->3325K(1056768K)], 0.0123189 secs] [Times: user=0.00 sys=0.00, real=0.01 secs] 
0.232: [GC (Allocation Failure) 0.232: [ParNew: 0K->0K(3072K), 0.0003159 secs]0.232: [CMS: 4881K->785K(6848K), 0.0032155 secs] 4881K->785K(9920K), [Metaspace: 3325K->3325K(1056768K)], 0.0036356 secs] [Times: user=0.00 sys=0.00, real=0.00 secs] 
0.236: [GC (CMS Initial Mark) [1 CMS-initial-mark: 4881K(6848K)] 4881K(9920K), 0.0002032 secs] [Times: user=0.00 sys=0.00, real=0.00 secs] 
0.236: [CMS-concurrent-mark-start]
0.236: [GC (Allocation Failure) 0.237: [ParNew: 0K->0K(3072K), 0.0002730 secs]0.237: [CMS0.243: [CMS-concurrent-mark: 0.001/0.006 secs] [Times: user=0.00 sys=0.00, real=0.01 secs] 
 (concurrent mode failure): 4881K->785K(6848K), 0.0095250 secs] 4881K->785K(9920K), [Metaspace: 3325K->3325K(1056768K)], 0.0099108 secs] [Times: user=0.00 sys=0.00, real=0.01 secs] 
0.247: [GC (Allocation Failure) 0.247: [ParNew: 0K->0K(3072K), 0.0007834 secs]0.248: [CMS: 4881K->785K(6848K), 0.0031812 secs] 4881K->785K(9920K), [Metaspace: 3325K->3325K(1056768K)], 0.0041020 secs] [Times: user=0.00 sys=0.00, real=0.01 secs] 
0.251: [GC (CMS Initial Mark) [1 CMS-initial-mark: 4881K(6848K)] 4881K(9920K), 0.0002464 secs] [Times: user=0.00 sys=0.00, real=0.00 secs] 
0.252: [CMS-concurrent-mark-start]
0.252: [GC (Allocation Failure) 0.252: [ParNew: 0K->0K(3072K), 0.0003396 secs]0.252: [CMS0.258: [CMS-concurrent-mark: 0.001/0.007 secs] [Times: user=0.00 sys=0.00, real=0.01 secs] 
 (concurrent mode failure): 4881K->785K(6848K), 0.0098386 secs] 4881K->785K(9920K), [Metaspace: 3325K->3325K(1056768K)], 0.0103121 secs] [Times: user=0.00 sys=0.00, real=0.01 secs] 
0.263: [GC (Allocation Failure) 0.263: [ParNew: 0K->0K(3072K), 0.0012885 secs]0.264: [CMS: 4881K->785K(6848K), 0.0028108 secs] 4881K->785K(9920K), [Metaspace: 3325K->3325K(1056768K)], 0.0042464 secs] [Times: user=0.00 sys=0.00, real=0.00 secs] 
0.267: [GC (CMS Initial Mark) [1 CMS-initial-mark: 4881K(6848K)] 4881K(9920K), 0.0000943 secs] [Times: user=0.00 sys=0.00, real=0.00 secs] 
0.268: [CMS-concurrent-mark-start]
0.268: [GC (Allocation Failure) 0.268: [ParNew: 0K->0K(3072K), 0.0002537 secs]0.268: [CMS0.274: [CMS-concurrent-mark: 0.001/0.006 secs] [Times: user=0.00 sys=0.00, real=0.01 secs] 
 (concurrent mode failure): 4881K->785K(6848K), 0.0090037 secs] 4881K->785K(9920K), [Metaspace: 3325K->3325K(1056768K)], 0.0093491 secs] [Times: user=0.00 sys=0.00, real=0.01 secs] 
0.277: [GC (Allocation Failure) 0.278: [ParNew: 0K->0K(3072K), 0.0003219 secs]0.278: [CMS: 4881K->785K(6848K), 0.0031688 secs] 4881K->785K(9920K), [Metaspace: 3325K->3325K(1056768K)], 0.0036261 secs] [Times: user=0.00 sys=0.00, real=0.00 secs] 
0.282: [GC (CMS Initial Mark) [1 CMS-initial-mark: 4881K(6848K)] 4881K(9920K), 0.0006090 secs] [Times: user=0.00 sys=0.00, real=0.00 secs] 
0.283: [CMS-concurrent-mark-start]
0.283: [GC (Allocation Failure) 0.283: [ParNew: 0K->0K(3072K), 0.0004180 secs]0.284: [CMS0.289: [CMS-concurrent-mark: 0.001/0.007 secs] [Times: user=0.00 sys=0.00, real=0.01 secs] 
 (concurrent mode failure): 4881K->785K(6848K), 0.0092054 secs] 4881K->785K(9920K), [Metaspace: 3325K->3325K(1056768K)], 0.0097851 secs] [Times: user=0.00 sys=0.00, real=0.01 secs] 
0.293: [GC (Allocation Failure) 0.293: [ParNew: 0K->0K(3072K), 0.0003271 secs]0.294: [CMS: 4881K->785K(6848K), 0.0038315 secs] 4881K->785K(9920K), [Metaspace: 3325K->3325K(1056768K)], 0.0043158 secs] [Times: user=0.00 sys=0.00, real=0.00 secs] 
0.298: [GC (CMS Initial Mark) [1 CMS-initial-mark: 4881K(6848K)] 4881K(9920K), 0.0005470 secs] [Times: user=0.00 sys=0.00, real=0.00 secs] 
0.299: [CMS-concurrent-mark-start]
0.299: [GC (Allocation Failure) 0.299: [ParNew: 0K->0K(3072K), 0.0003782 secs]0.300: [CMS0.305: [CMS-concurrent-mark: 0.001/0.005 secs] [Times: user=0.00 sys=0.00, real=0.01 secs] 
 (concurrent mode failure): 4881K->785K(6848K), 0.0075282 secs] 4881K->785K(9920K), [Metaspace: 3325K->3325K(1056768K)], 0.0080063 secs] [Times: user=0.00 sys=0.00, real=0.01 secs] 
0.308: [GC (Allocation Failure) 0.308: [ParNew: 0K->0K(3072K), 0.0003024 secs]0.308: [CMS: 4881K->785K(6848K), 0.0020732 secs] 4881K->785K(9920K), [Metaspace: 3325K->3325K(1056768K)], 0.0024737 secs] [Times: user=0.00 sys=0.00, real=0.00 secs] 
0.311: [GC (CMS Initial Mark) [1 CMS-initial-mark: 4881K(6848K)] 4881K(9920K), 0.0001527 secs] [Times: user=0.00 sys=0.00, real=0.00 secs] 
0.311: [CMS-concurrent-mark-start]
0.311: [GC (Allocation Failure) 0.311: [ParNew: 0K->0K(3072K), 0.0002843 secs]0.311: [CMS0.320: [CMS-concurrent-mark: 0.001/0.009 secs] [Times: user=0.00 sys=0.00, real=0.01 secs] 
 (concurrent mode failure): 4881K->785K(6848K), 0.0117548 secs] 4881K->785K(9920K), [Metaspace: 3325K->3325K(1056768K)], 0.0121397 secs] [Times: user=0.00 sys=0.00, real=0.01 secs] 
0.324: [GC (Allocation Failure) 0.324: [ParNew: 0K->0K(3072K), 0.0002945 secs]0.324: [CMS: 4881K->785K(6848K), 0.0031878 secs] 4881K->785K(9920K), [Metaspace: 3325K->3325K(1056768K)], 0.0035726 secs] [Times: user=0.00 sys=0.00, real=0.00 secs] 
0.328: [GC (CMS Initial Mark) [1 CMS-initial-mark: 4881K(6848K)] 4881K(9920K), 0.0001605 secs] [Times: user=0.00 sys=0.00, real=0.00 secs] 
0.328: [CMS-concurrent-mark-start]
0.328: [GC (Allocation Failure) 0.328: [ParNew: 0K->0K(3072K), 0.0002501 secs]0.328: [CMS0.336: [CMS-concurrent-mark: 0.001/0.008 secs] [Times: user=0.00 sys=0.00, real=0.01 secs] 
 (concurrent mode failure): 4881K->785K(6848K), 0.0100211 secs] 4881K->785K(9920K), [Metaspace: 3325K->3325K(1056768K)], 0.0103849 secs] [Times: user=0.00 sys=0.00, real=0.01 secs] 
0.339: [GC (Allocation Failure) 0.339: [ParNew: 0K->0K(3072K), 0.0003346 secs]0.339: [CMS: 4881K->785K(6848K), 0.0023458 secs] 4881K->785K(9920K), [Metaspace: 3325K->3325K(1056768K)], 0.0027685 secs] [Times: user=0.00 sys=0.00, real=0.00 secs] 
0.342: [GC (CMS Initial Mark) [1 CMS-initial-mark: 4881K(6848K)] 4881K(9920K), 0.0000985 secs] [Times: user=0.00 sys=0.00, real=0.00 secs] 
0.342: [CMS-concurrent-mark-start]
0.342: [GC (Allocation Failure) 0.342: [ParNew: 0K->0K(3072K), 0.0002874 secs]0.343: [CMS0.352: [CMS-concurrent-mark: 0.001/0.009 secs] [Times: user=0.00 sys=0.00, real=0.01 secs] 
 (concurrent mode failure): 4881K->785K(6848K), 0.0120242 secs] 4881K->785K(9920K), [Metaspace: 3325K->3325K(1056768K)], 0.0123937 secs] [Times: user=0.00 sys=0.00, real=0.01 secs] 
0.355: [GC (Allocation Failure) 0.355: [ParNew: 0K->0K(3072K), 0.0002992 secs]0.355: [CMS: 4881K->785K(6848K), 0.0026066 secs] 4881K->785K(9920K), [Metaspace: 3325K->3325K(1056768K)], 0.0030069 secs] [Times: user=0.00 sys=0.00, real=0.00 secs] 
0.358: [GC (CMS Initial Mark) [1 CMS-initial-mark: 4881K(6848K)] 4881K(9920K), 0.0000843 secs] [Times: user=0.00 sys=0.00, real=0.00 secs] 
0.359: [CMS-concurrent-mark-start]
0.359: [GC (Allocation Failure) 0.359: [ParNew: 0K->0K(3072K), 0.0002450 secs]0.359: [CMS0.366: [CMS-concurrent-mark: 0.001/0.008 secs] [Times: user=0.00 sys=0.00, real=0.01 secs] 
 (concurrent mode failure): 4881K->785K(6848K), 0.0116707 secs] 4881K->785K(9920K), [Metaspace: 3325K->3325K(1056768K)], 0.0120325 secs] [Times: user=0.00 sys=0.00, real=0.01 secs] 
0.371: [GC (Allocation Failure) 0.371: [ParNew: 0K->0K(3072K), 0.0002789 secs]0.371: [CMS: 4881K->785K(6848K), 0.0029130 secs] 4881K->785K(9920K), [Metaspace: 3325K->3325K(1056768K)], 0.0032930 secs] [Times: user=0.00 sys=0.00, real=0.00 secs] 
0.375: [GC (CMS Initial Mark) [1 CMS-initial-mark: 4881K(6848K)] 4881K(9920K), 0.0001444 secs] [Times: user=0.00 sys=0.00, real=0.00 secs] 
0.375: [CMS-concurrent-mark-start]
0.375: [GC (Allocation Failure) 0.375: [ParNew: 0K->0K(3072K), 0.0002268 secs]0.375: [CMS0.382: [CMS-concurrent-mark: 0.001/0.007 secs] [Times: user=0.00 sys=0.00, real=0.01 secs] 
 (concurrent mode failure): 4881K->785K(6848K), 0.0081895 secs] 4881K->785K(9920K), [Metaspace: 3325K->3325K(1056768K)], 0.0084964 secs] [Times: user=0.00 sys=0.00, real=0.01 secs] 
0.384: [GC (Allocation Failure) 0.384: [ParNew: 0K->0K(3072K), 0.0002745 secs]0.384: [CMS: 4881K->785K(6848K), 0.0015852 secs] 4881K->785K(9920K), [Metaspace: 3325K->3325K(1056768K)], 0.0019243 secs] [Times: user=0.00 sys=0.00, real=0.00 secs] 
0.386: [GC (CMS Initial Mark) [1 CMS-initial-mark: 4881K(6848K)] 4881K(9920K), 0.0000840 secs] [Times: user=0.00 sys=0.00, real=0.00 secs] 
0.386: [CMS-concurrent-mark-start]
0.386: [GC (Allocation Failure) 0.386: [ParNew: 0K->0K(3072K), 0.0002308 secs]0.387: [CMS0.397: [CMS-concurrent-mark: 0.001/0.011 secs] [Times: user=0.00 sys=0.00, real=0.01 secs] 
 (concurrent mode failure): 4881K->785K(6848K), 0.0127991 secs] 4881K->785K(9920K), [Metaspace: 3325K->3325K(1056768K)], 0.0131057 secs] [Times: user=0.00 sys=0.00, real=0.01 secs] 
0.400: [GC (Allocation Failure) 0.400: [ParNew: 0K->0K(3072K), 0.0002463 secs]0.400: [CMS: 4881K->785K(6848K), 0.0018411 secs] 4881K->785K(9920K), [Metaspace: 3325K->3325K(1056768K)], 0.0021887 secs] [Times: user=0.00 sys=0.00, real=0.00 secs] 
0.402: [GC (CMS Initial Mark) [1 CMS-initial-mark: 4881K(6848K)] 4881K(9920K), 0.0001113 secs] [Times: user=0.00 sys=0.00, real=0.00 secs] 
0.403: [CMS-concurrent-mark-start]
0.403: [GC (Allocation Failure) 0.403: [ParNew: 0K->0K(3072K), 0.0002466 secs]0.403: [CMS0.413: [CMS-concurrent-mark: 0.001/0.011 secs] [Times: user=0.00 sys=0.00, real=0.01 secs] 
 (concurrent mode failure): 4881K->785K(6848K), 0.0121739 secs] 4881K->785K(9920K), [Metaspace: 3325K->3325K(1056768K)], 0.0124867 secs] [Times: user=0.00 sys=0.00, real=0.01 secs] 
0.415: [GC (Allocation Failure) 0.415: [ParNew: 0K->0K(3072K), 0.0002187 secs]0.416: [CMS: 4881K->785K(6848K), 0.0016992 secs] 4881K->785K(9920K), [Metaspace: 3325K->3325K(1056768K)], 0.0019861 secs] [Times: user=0.00 sys=0.00, real=0.00 secs] 
0.418: [GC (CMS Initial Mark) [1 CMS-initial-mark: 4881K(6848K)] 4881K(9920K), 0.0001020 secs] [Times: user=0.00 sys=0.00, real=0.00 secs] 
0.418: [CMS-concurrent-mark-start]
0.418: [GC (Allocation Failure) 0.418: [ParNew: 0K->0K(3072K), 0.0002562 secs]0.418: [CMS0.429: [CMS-concurrent-mark: 0.001/0.011 secs] [Times: user=0.00 sys=0.00, real=0.01 secs] 
 (concurrent mode failure): 4881K->785K(6848K), 0.0136321 secs] 4881K->785K(9920K), [Metaspace: 3325K->3325K(1056768K)], 0.0139647 secs] [Times: user=0.00 sys=0.00, real=0.01 secs] 
0.432: [GC (Allocation Failure) 0.432: [ParNew: 0K->0K(3072K), 0.0002234 secs]0.432: [CMS: 4881K->785K(6848K), 0.0017411 secs] 4881K->785K(9920K), [Metaspace: 3325K->3325K(1056768K)], 0.0020343 secs] [Times: user=0.00 sys=0.00, real=0.00 secs] 
0.435: [GC (CMS Initial Mark) [1 CMS-initial-mark: 4881K(6848K)] 4881K(9920K), 0.0000787 secs] [Times: user=0.00 sys=0.00, real=0.00 secs] 
0.435: [CMS-concurrent-mark-start]
0.435: [GC (Allocation Failure) 0.435: [ParNew: 0K->0K(3072K), 0.0002180 secs]0.435: [CMS0.445: [CMS-concurrent-mark: 0.001/0.010 secs] [Times: user=0.00 sys=0.00, real=0.01 secs] 
 (concurrent mode failure): 4881K->785K(6848K), 0.0122920 secs] 4881K->785K(9920K), [Metaspace: 3325K->3325K(1056768K)], 0.0125801 secs] [Times: user=0.00 sys=0.00, real=0.01 secs] 
0.448: [GC (Allocation Failure) 0.448: [ParNew: 0K->0K(3072K), 0.0002461 secs]0.448: [CMS: 4881K->785K(6848K), 0.0015899 secs] 4881K->785K(9920K), [Metaspace: 3325K->3325K(1056768K)], 0.0019035 secs] [Times: user=0.00 sys=0.00, real=0.00 secs] 
0.450: [GC (CMS Initial Mark) [1 CMS-initial-mark: 4881K(6848K)] 4881K(9920K), 0.0000785 secs] [Times: user=0.00 sys=0.00, real=0.00 secs] 
0.450: [CMS-concurrent-mark-start]
0.450: [GC (Allocation Failure) 0.450: [ParNew: 0K->0K(3072K), 0.0002166 secs]0.450: [CMS0.460: [CMS-concurrent-mark: 0.001/0.010 secs] [Times: user=0.00 sys=0.00, real=0.01 secs] 
 (concurrent mode failure): 4881K->785K(6848K), 0.0123277 secs] 4881K->785K(9920K), [Metaspace: 3325K->3325K(1056768K)], 0.0126116 secs] [Times: user=0.00 sys=0.00, real=0.01 secs] 
0.463: [GC (Allocation Failure) 0.463: [ParNew: 0K->0K(3072K), 0.0002418 secs]0.463: [CMS: 4881K->785K(6848K), 0.0015347 secs] 4881K->785K(9920K), [Metaspace: 3325K->3325K(1056768K)], 0.0018319 secs] [Times: user=0.00 sys=0.00, real=0.00 secs] 
0.465: [GC (CMS Initial Mark) [1 CMS-initial-mark: 4881K(6848K)] 4881K(9920K), 0.0000759 secs] [Times: user=0.00 sys=0.00, real=0.00 secs] 
0.465: [CMS-concurrent-mark-start]
0.465: [GC (Allocation Failure) 0.465: [ParNew: 0K->0K(3072K), 0.0002093 secs]0.466: [CMS0.475: [CMS-concurrent-mark: 0.001/0.010 secs] [Times: user=0.00 sys=0.00, real=0.01 secs] 
 (concurrent mode failure): 4881K->785K(6848K), 0.0111682 secs] 4881K->785K(9920K), [Metaspace: 3325K->3325K(1056768K)], 0.0114481 secs] [Times: user=0.00 sys=0.00, real=0.01 secs] 
0.477: [GC (Allocation Failure) 0.477: [ParNew: 0K->0K(3072K), 0.0002354 secs]0.477: [CMS: 4881K->785K(6848K), 0.0028299 secs] 4881K->785K(9920K), [Metaspace: 3325K->3325K(1056768K)], 0.0031546 secs] [Times: user=0.00 sys=0.00, real=0.00 secs] 
0.481: [GC (CMS Initial Mark) [1 CMS-initial-mark: 4881K(6848K)] 4881K(9920K), 0.0000853 secs] [Times: user=0.00 sys=0.00, real=0.00 secs] 
0.481: [CMS-concurrent-mark-start]
0.481: [GC (Allocation Failure) 0.481: [ParNew: 0K->0K(3072K), 0.0002075 secs]0.481: [CMS0.490: [CMS-concurrent-mark: 0.001/0.009 secs] [Times: user=0.00 sys=0.00, real=0.01 secs] 
 (concurrent mode failure): 4881K->785K(6848K), 0.0107101 secs] 4881K->785K(9920K), [Metaspace: 3325K->3325K(1056768K)], 0.0109769 secs] [Times: user=0.00 sys=0.00, real=0.01 secs] 
0.492: [GC (Allocation Failure) 0.492: [ParNew: 0K->0K(3072K), 0.0002288 secs]0.492: [CMS: 4881K->785K(6848K), 0.0014840 secs] 4881K->785K(9920K), [Metaspace: 3325K->3325K(1056768K)], 0.0017793 secs] [Times: user=0.00 sys=0.00, real=0.00 secs] 
0.494: [GC (CMS Initial Mark) [1 CMS-initial-mark: 4881K(6848K)] 4881K(9920K), 0.0000946 secs] [Times: user=0.00 sys=0.00, real=0.00 secs] 
0.494: [CMS-concurrent-mark-start]
0.495: [GC (Allocation Failure) 0.495: [ParNew: 0K->0K(3072K), 0.0002463 secs]0.495: [CMS0.505: [CMS-concurrent-mark: 0.001/0.010 secs] [Times: user=0.01 sys=0.01, real=0.01 secs] 
 (concurrent mode failure): 4881K->785K(6848K), 0.0117171 secs] 4881K->785K(9920K), [Metaspace: 3325K->3325K(1056768K)], 0.0120559 secs] [Times: user=0.01 sys=0.01, real=0.01 secs] 
0.507: [GC (Allocation Failure) 0.507: [ParNew: 0K->0K(3072K), 0.0002572 secs]0.507: [CMS: 4881K->785K(6848K), 0.0015577 secs] 4881K->785K(9920K), [Metaspace: 3325K->3325K(1056768K)], 0.0018756 secs] [Times: user=0.00 sys=0.00, real=0.00 secs] 
0.509: [GC (CMS Initial Mark) [1 CMS-initial-mark: 4881K(6848K)] 4881K(9920K), 0.0000720 secs] [Times: user=0.00 sys=0.00, real=0.00 secs] 
0.509: [CMS-concurrent-mark-start]
0.509: [GC (Allocation Failure) 0.509: [ParNew: 0K->0K(3072K), 0.0001807 secs]0.510: [CMS0.521: [CMS-concurrent-mark: 0.001/0.011 secs] [Times: user=0.02 sys=0.00, real=0.01 secs] 
 (concurrent mode failure): 4881K->785K(6848K), 0.0136607 secs] 4881K->785K(9920K), [Metaspace: 3325K->3325K(1056768K)], 0.0139165 secs] [Times: user=0.02 sys=0.00, real=0.01 secs] 
0.524: [GC (Allocation Failure) 0.524: [ParNew: 0K->0K(3072K), 0.0002491 secs]0.524: [CMS: 4881K->785K(6848K), 0.0016088 secs] 4881K->785K(9920K), [Metaspace: 3325K->3325K(1056768K)], 0.0019274 secs] [Times: user=0.00 sys=0.00, real=0.00 secs] 
0.526: [GC (CMS Initial Mark) [1 CMS-initial-mark: 4881K(6848K)] 4881K(9920K), 0.0001512 secs] [Times: user=0.00 sys=0.00, real=0.00 secs] 
0.526: [CMS-concurrent-mark-start]
0.526: [GC (Allocation Failure) 0.526: [ParNew: 0K->0K(3072K), 0.0001916 secs]0.526: [CMS0.537: [CMS-concurrent-mark: 0.001/0.011 secs] [Times: user=0.00 sys=0.00, real=0.01 secs] 
 (concurrent mode failure): 4881K->785K(6848K), 0.0124556 secs] 4881K->785K(9920K), [Metaspace: 3325K->3325K(1056768K)], 0.0127167 secs] [Times: user=0.00 sys=0.00, real=0.01 secs] 
0.539: [GC (Allocation Failure) 0.539: [ParNew: 0K->0K(3072K), 0.0002869 secs]0.539: [CMS: 4881K->785K(6848K), 0.0017377 secs] 4881K->785K(9920K), [Metaspace: 3325K->3325K(1056768K)], 0.0020983 secs] [Times: user=0.00 sys=0.00, real=0.00 secs] 
0.542: [GC (CMS Initial Mark) [1 CMS-initial-mark: 4881K(6848K)] 4881K(9920K), 0.0001142 secs] [Times: user=0.00 sys=0.00, real=0.00 secs] 
0.542: [CMS-concurrent-mark-start]
0.542: [GC (Allocation Failure) 0.542: [ParNew: 0K->0K(3072K), 0.0002188 secs]0.542: [CMS0.552: [CMS-concurrent-mark: 0.001/0.011 secs] [Times: user=0.03 sys=0.00, real=0.01 secs] 
 (concurrent mode failure): 4881K->785K(6848K), 0.0119233 secs] 4881K->785K(9920K), [Metaspace: 3325K->3325K(1056768K)], 0.0122021 secs] [Times: user=0.03 sys=0.00, real=0.01 secs] 
0.554: [GC (Allocation Failure) 0.554: [ParNew: 0K->0K(3072K), 0.0003126 secs]0.555: [CMS: 4881K->785K(6848K), 0.0017464 secs] 4881K->785K(9920K), [Metaspace: 3325K->3325K(1056768K)], 0.0021242 secs] [Times: user=0.00 sys=0.00, real=0.00 secs] 
0.557: [GC (CMS Initial Mark) [1 CMS-initial-mark: 4881K(6848K)] 4881K(9920K), 0.0000860 secs] [Times: user=0.00 sys=0.00, real=0.00 secs] 
0.557: [CMS-concurrent-mark-start]
0.557: [GC (Allocation Failure) 0.557: [ParNew: 0K->0K(3072K), 0.0002323 secs]0.557: [CMS0.568: [CMS-concurrent-mark: 0.001/0.011 secs] [Times: user=0.03 sys=0.00, real=0.01 secs] 
 (concurrent mode failure): 4881K->785K(6848K), 0.0123218 secs] 4881K->785K(9920K), [Metaspace: 3325K->3325K(1056768K)], 0.0126237 secs] [Times: user=0.03 sys=0.00, real=0.01 secs] 
0.570: [GC (Allocation Failure) 0.570: [ParNew: 0K->0K(3072K), 0.0002320 secs]0.570: [CMS: 4881K->785K(6848K), 0.0015153 secs] 4881K->785K(9920K), [Metaspace: 3325K->3325K(1056768K)], 0.0018099 secs] [Times: user=0.00 sys=0.00, real=0.00 secs] 
0.572: [GC (CMS Initial Mark) [1 CMS-initial-mark: 4881K(6848K)] 4881K(9920K), 0.0000880 secs] [Times: user=0.00 sys=0.00, real=0.00 secs] 
0.572: [CMS-concurrent-mark-start]
0.572: [GC (Allocation Failure) 0.572: [ParNew: 0K->0K(3072K), 0.0002200 secs]0.572: [CMS0.583: [CMS-concurrent-mark: 0.001/0.011 secs] [Times: user=0.03 sys=0.00, real=0.01 secs] 
 (concurrent mode failure): 4881K->785K(6848K), 0.0125934 secs] 4881K->785K(9920K), [Metaspace: 3325K->3325K(1056768K)], 0.0128815 secs] [Times: user=0.03 sys=0.00, real=0.01 secs] 
0.585: [GC (Allocation Failure) 0.585: [ParNew: 0K->0K(3072K), 0.0002048 secs]0.586: [CMS: 4881K->785K(6848K), 0.0016589 secs] 4881K->785K(9920K), [Metaspace: 3325K->3325K(1056768K)], 0.0019337 secs] [Times: user=0.00 sys=0.00, real=0.00 secs] 
0.588: [GC (CMS Initial Mark) [1 CMS-initial-mark: 4881K(6848K)] 4881K(9920K), 0.0000686 secs] [Times: user=0.00 sys=0.00, real=0.00 secs] 
0.588: [CMS-concurrent-mark-start]
0.588: [GC (Allocation Failure) 0.588: [ParNew: 0K->0K(3072K), 0.0002057 secs]0.588: [CMS0.599: [CMS-concurrent-mark: 0.001/0.011 secs] [Times: user=0.03 sys=0.00, real=0.01 secs] 
 (concurrent mode failure): 4881K->785K(6848K), 0.0127778 secs] 4881K->785K(9920K), [Metaspace: 3325K->3325K(1056768K)], 0.0130503 secs] [Times: user=0.03 sys=0.00, real=0.01 secs] 
0.601: [GC (Allocation Failure) 0.601: [ParNew: 0K->0K(3072K), 0.0002275 secs]0.601: [CMS: 4881K->785K(6848K), 0.0016698 secs] 4881K->785K(9920K), [Metaspace: 3325K->3325K(1056768K)], 0.0019635 secs] [Times: user=0.00 sys=0.00, real=0.00 secs] 
0.604: [GC (CMS Initial Mark) [1 CMS-initial-mark: 4881K(6848K)] 4881K(9920K), 0.0000858 secs] [Times: user=0.00 sys=0.00, real=0.00 secs] 
0.604: [CMS-concurrent-mark-start]
0.604: [GC (Allocation Failure) 0.604: [ParNew: 0K->0K(3072K), 0.0002129 secs]0.604: [CMS0.615: [CMS-concurrent-mark: 0.001/0.011 secs] [Times: user=0.02 sys=0.00, real=0.01 secs] 
 (concurrent mode failure): 4881K->785K(6848K), 0.0137380 secs] 4881K->785K(9920K), [Metaspace: 3325K->3325K(1056768K)], 0.0140170 secs] [Times: user=0.02 sys=0.00, real=0.01 secs] 
0.618: [GC (Allocation Failure) 0.618: [ParNew: 0K->0K(3072K), 0.0005535 secs]0.619: [CMS: 4881K->785K(6848K), 0.0016899 secs] 4881K->785K(9920K), [Metaspace: 3325K->3325K(1056768K)], 0.0023193 secs] [Times: user=0.00 sys=0.00, real=0.00 secs] 
0.621: [GC (CMS Initial Mark) [1 CMS-initial-mark: 4881K(6848K)] 4881K(9920K), 0.0001513 secs] [Times: user=0.00 sys=0.00, real=0.00 secs] 
0.621: [CMS-concurrent-mark-start]
0.621: [GC (Allocation Failure) 0.621: [ParNew: 0K->0K(3072K), 0.0002816 secs]0.621: [CMS0.630: [CMS-concurrent-mark: 0.001/0.009 secs] [Times: user=0.03 sys=0.00, real=0.01 secs] 
 (concurrent mode failure): 4881K->785K(6848K), 0.0110367 secs] 4881K->785K(9920K), [Metaspace: 3325K->3325K(1056768K)], 0.0114017 secs] [Times: user=0.03 sys=0.00, real=0.01 secs] 
0.633: [GC (Allocation Failure) 0.633: [ParNew: 0K->0K(3072K), 0.0001957 secs]0.633: [CMS: 4881K->785K(6848K), 0.0015509 secs] 4881K->785K(9920K), [Metaspace: 3325K->3325K(1056768K)], 0.0018109 secs] [Times: user=0.00 sys=0.00, real=0.00 secs] 
0.635: [GC (CMS Initial Mark) [1 CMS-initial-mark: 4881K(6848K)] 4881K(9920K), 0.0001527 secs] [Times: user=0.00 sys=0.00, real=0.00 secs] 
0.635: [CMS-concurrent-mark-start]
0.635: [GC (Allocation Failure) 0.635: [ParNew: 0K->0K(3072K), 0.0002357 secs]0.635: [CMS0.646: [CMS-concurrent-mark: 0.001/0.011 secs] [Times: user=0.00 sys=0.00, real=0.01 secs] 
 (concurrent mode failure): 4881K->785K(6848K), 0.0122786 secs] 4881K->785K(9920K), [Metaspace: 3325K->3325K(1056768K)], 0.0125920 secs] [Times: user=0.02 sys=0.00, real=0.01 secs] 
0.648: [GC (Allocation Failure) 0.648: [ParNew: 0K->0K(3072K), 0.0001846 secs]0.648: [CMS: 4881K->785K(6848K), 0.0015372 secs] 4881K->785K(9920K), [Metaspace: 3325K->3325K(1056768K)], 0.0017858 secs] [Times: user=0.00 sys=0.00, real=0.00 secs] 
0.650: [GC (CMS Initial Mark) [1 CMS-initial-mark: 4881K(6848K)] 4881K(9920K), 0.0000838 secs] [Times: user=0.00 sys=0.00, real=0.00 secs] 
0.650: [CMS-concurrent-mark-start]
0.650: [GC (Allocation Failure) 0.650: [ParNew: 0K->0K(3072K), 0.0002168 secs]0.651: [CMS0.661: [CMS-concurrent-mark: 0.001/0.011 secs] [Times: user=0.03 sys=0.00, real=0.01 secs] 
 (concurrent mode failure): 4881K->785K(6848K), 0.0139062 secs] 4881K->785K(9920K), [Metaspace: 3325K->3325K(1056768K)], 0.0142010 secs] [Times: user=0.03 sys=0.00, real=0.01 secs] 
0.665: [GC (Allocation Failure) 0.665: [ParNew: 0K->0K(3072K), 0.0002830 secs]0.665: [CMS: 4881K->785K(6848K), 0.0017053 secs] 4881K->785K(9920K), [Metaspace: 3325K->3325K(1056768K)], 0.0020692 secs] [Times: user=0.00 sys=0.00, real=0.00 secs] 
0.667: [GC (CMS Initial Mark) [1 CMS-initial-mark: 4881K(6848K)] 4881K(9920K), 0.0000943 secs] [Times: user=0.00 sys=0.00, real=0.00 secs] 
0.667: [CMS-concurrent-mark-start]
0.668: [GC (Allocation Failure) 0.668: [ParNew: 0K->0K(3072K), 0.0003809 secs]0.668: [CMS0.677: [CMS-concurrent-mark: 0.001/0.009 secs] [Times: user=0.03 sys=0.00, real=0.01 secs] 
 (concurrent mode failure): 4881K->785K(6848K), 0.0113364 secs] 4881K->785K(9920K), [Metaspace: 3325K->3325K(1056768K)], 0.0117880 secs] [Times: user=0.03 sys=0.00, real=0.01 secs] 
0.680: [GC (Allocation Failure) 0.680: [ParNew: 0K->0K(3072K), 0.0002326 secs]0.680: [CMS: 4881K->785K(6848K), 0.0016877 secs] 4881K->785K(9920K), [Metaspace: 3325K->3325K(1056768K)], 0.0019938 secs] [Times: user=0.00 sys=0.00, real=0.00 secs] 
0.682: [GC (CMS Initial Mark) [1 CMS-initial-mark: 4881K(6848K)] 4881K(9920K), 0.0000827 secs] [Times: user=0.00 sys=0.00, real=0.00 secs] 
0.682: [CMS-concurrent-mark-start]
0.682: [GC (Allocation Failure) 0.682: [ParNew: 0K->0K(3072K), 0.0002218 secs]0.682: [CMS0.692: [CMS-concurrent-mark: 0.001/0.010 secs] [Times: user=0.03 sys=0.00, real=0.01 secs] 
 (concurrent mode failure): 4881K->785K(6848K), 0.0124042 secs] 4881K->785K(9920K), [Metaspace: 3325K->3325K(1056768K)], 0.0127311 secs] [Times: user=0.03 sys=0.00, real=0.01 secs] 
0.695: [GC (Allocation Failure) 0.695: [ParNew: 0K->0K(3072K), 0.0003333 secs]0.696: [CMS: 4881K->785K(6848K), 0.0020185 secs] 4881K->785K(9920K), [Metaspace: 3325K->3325K(1056768K)], 0.0024567 secs] [Times: user=0.00 sys=0.00, real=0.00 secs] 
0.698: [GC (CMS Initial Mark) [1 CMS-initial-mark: 4881K(6848K)] 4881K(9920K), 0.0000989 secs] [Times: user=0.00 sys=0.00, real=0.00 secs] 
0.698: [CMS-concurrent-mark-start]
0.699: [GC (Allocation Failure) 0.699: [ParNew: 0K->0K(3072K), 0.0002710 secs]0.699: [CMS0.707: [CMS-concurrent-mark: 0.001/0.009 secs] [Times: user=0.00 sys=0.00, real=0.01 secs] 
 (concurrent mode failure): 4881K->785K(6848K), 0.0103763 secs] 4881K->785K(9920K), [Metaspace: 3325K->3325K(1056768K)], 0.0107358 secs] [Times: user=0.02 sys=0.00, real=0.01 secs] 
0.710: [GC (Allocation Failure) 0.710: [ParNew: 0K->0K(3072K), 0.0002771 secs]0.710: [CMS: 4881K->785K(6848K), 0.0023062 secs] 4881K->785K(9920K), [Metaspace: 3325K->3325K(1056768K)], 0.0026757 secs] [Times: user=0.00 sys=0.00, real=0.00 secs] 
0.713: [GC (CMS Initial Mark) [1 CMS-initial-mark: 4881K(6848K)] 4881K(9920K), 0.0001498 secs] [Times: user=0.00 sys=0.00, real=0.00 secs] 
0.713: [CMS-concurrent-mark-start]
0.713: [GC (Allocation Failure) 0.713: [ParNew: 0K->0K(3072K), 0.0003125 secs]0.713: [CMS0.722: [CMS-concurrent-mark: 0.001/0.010 secs] [Times: user=0.00 sys=0.00, real=0.01 secs] 
 (concurrent mode failure): 4881K->785K(6848K), 0.0119946 secs] 4881K->785K(9920K), [Metaspace: 3325K->3325K(1056768K)], 0.0123915 secs] [Times: user=0.02 sys=0.00, real=0.01 secs] 
0.726: [GC (Allocation Failure) 0.726: [ParNew: 0K->0K(3072K), 0.0002487 secs]0.726: [CMS: 4881K->785K(6848K), 0.0028193 secs] 4881K->785K(9920K), [Metaspace: 3325K->3325K(1056768K)], 0.0031635 secs] [Times: user=0.00 sys=0.00, real=0.00 secs] 
0.729: [GC (CMS Initial Mark) [1 CMS-initial-mark: 4881K(6848K)] 4881K(9920K), 0.0002076 secs] [Times: user=0.00 sys=0.00, real=0.00 secs] 
0.730: [CMS-concurrent-mark-start]
0.730: [GC (Allocation Failure) 0.730: [ParNew: 0K->0K(3072K), 0.0003354 secs]0.730: [CMS0.738: [CMS-concurrent-mark: 0.001/0.008 secs] [Times: user=0.00 sys=0.00, real=0.01 secs] 
 (concurrent mode failure): 4881K->785K(6848K), 0.0106755 secs] 4881K->785K(9920K), [Metaspace: 3325K->3325K(1056768K)], 0.0111137 secs] [Times: user=0.01 sys=0.00, real=0.01 secs] 
0.741: [GC (Allocation Failure) 0.741: [ParNew: 0K->0K(3072K), 0.0002971 secs]0.742: [CMS: 4881K->785K(6848K), 0.0025122 secs] 4881K->785K(9920K), [Metaspace: 3325K->3325K(1056768K)], 0.0029160 secs] [Times: user=0.00 sys=0.00, real=0.00 secs] 
0.745: [GC (CMS Initial Mark) [1 CMS-initial-mark: 4881K(6848K)] 4881K(9920K), 0.0001428 secs] [Times: user=0.00 sys=0.00, real=0.00 secs] 
0.745: [CMS-concurrent-mark-start]
0.745: [GC (Allocation Failure) 0.745: [ParNew: 0K->0K(3072K), 0.0003694 secs]0.745: [CMS0.753: [CMS-concurrent-mark: 0.001/0.008 secs] [Times: user=0.00 sys=0.00, real=0.01 secs] 
 (concurrent mode failure): 4881K->785K(6848K), 0.0107973 secs] 4881K->785K(9920K), [Metaspace: 3325K->3325K(1056768K)], 0.0112829 secs] [Times: user=0.02 sys=0.00, real=0.01 secs] 
0.757: [GC (Allocation Failure) 0.757: [ParNew: 0K->0K(3072K), 0.0003373 secs]0.757: [CMS: 4881K->785K(6848K), 0.0017825 secs] 4881K->785K(9920K), [Metaspace: 3325K->3325K(1056768K)], 0.0021935 secs] [Times: user=0.00 sys=0.00, real=0.00 secs] 
0.759: [GC (CMS Initial Mark) [1 CMS-initial-mark: 4881K(6848K)] 4881K(9920K), 0.0001336 secs] [Times: user=0.00 sys=0.00, real=0.00 secs] 
0.759: [CMS-concurrent-mark-start]
0.760: [GC (Allocation Failure) 0.760: [ParNew: 0K->0K(3072K), 0.0002960 secs]0.760: [CMS0.769: [CMS-concurrent-mark: 0.001/0.010 secs] [Times: user=0.00 sys=0.00, real=0.01 secs] 
 (concurrent mode failure): 4881K->785K(6848K), 0.0116954 secs] 4881K->785K(9920K), [Metaspace: 3325K->3325K(1056768K)], 0.0120601 secs] [Times: user=0.01 sys=0.00, real=0.01 secs] 
0.772: [GC (Allocation Failure) 0.772: [ParNew: 0K->0K(3072K), 0.0002541 secs]0.772: [CMS: 4881K->785K(6848K), 0.0017312 secs] 4881K->785K(9920K), [Metaspace: 3325K->3325K(1056768K)], 0.0020547 secs] [Times: user=0.00 sys=0.00, real=0.00 secs] 
0.774: [GC (CMS Initial Mark) [1 CMS-initial-mark: 4881K(6848K)] 4881K(9920K), 0.0001215 secs] [Times: user=0.00 sys=0.00, real=0.00 secs] 
0.775: [CMS-concurrent-mark-start]
0.775: [GC (Allocation Failure) 0.775: [ParNew: 0K->0K(3072K), 0.0002438 secs]0.775: [CMS0.785: [CMS-concurrent-mark: 0.001/0.010 secs] [Times: user=0.00 sys=0.00, real=0.01 secs] 
 (concurrent mode failure): 4881K->785K(6848K), 0.0128250 secs] 4881K->785K(9920K), [Metaspace: 3325K->3325K(1056768K)], 0.0131526 secs] [Times: user=0.02 sys=0.00, real=0.01 secs] 
0.788: [GC (Allocation Failure) 0.788: [ParNew: 0K->0K(3072K), 0.0002348 secs]0.789: [CMS: 4881K->785K(6848K), 0.0030570 secs] 4881K->785K(9920K), [Metaspace: 3325K->3325K(1056768K)], 0.0033868 secs] [Times: user=0.00 sys=0.00, real=0.00 secs] 
0.792: [GC (CMS Initial Mark) [1 CMS-initial-mark: 4881K(6848K)] 4881K(9920K), 0.0001188 secs] [Times: user=0.00 sys=0.00, real=0.00 secs] 
0.792: [CMS-concurrent-mark-start]
0.792: [GC (Allocation Failure) 0.792: [ParNew: 0K->0K(3072K), 0.0002836 secs]0.793: [CMS0.800: [CMS-concurrent-mark: 0.001/0.008 secs] [Times: user=0.00 sys=0.00, real=0.01 secs] 
 (concurrent mode failure): 4881K->785K(6848K), 0.0107933 secs] 4881K->785K(9920K), [Metaspace: 3325K->3325K(1056768K)], 0.0111699 secs] [Times: user=0.02 sys=0.00, real=0.01 secs] 
0.804: [GC (Allocation Failure) 0.804: [ParNew: 0K->0K(3072K), 0.0003126 secs]0.804: [CMS: 4881K->785K(6848K), 0.0024565 secs] 4881K->785K(9920K), [Metaspace: 3325K->3325K(1056768K)], 0.0028629 secs] [Times: user=0.00 sys=0.00, real=0.00 secs] 
0.807: [GC (CMS Initial Mark) [1 CMS-initial-mark: 4881K(6848K)] 4881K(9920K), 0.0001496 secs] [Times: user=0.00 sys=0.00, real=0.00 secs] 
0.807: [CMS-concurrent-mark-start]
0.807: [GC (Allocation Failure) 0.807: [ParNew: 0K->0K(3072K), 0.0002911 secs]0.808: [CMS0.815: [CMS-concurrent-mark: 0.001/0.008 secs] [Times: user=0.00 sys=0.00, real=0.01 secs] 
 (concurrent mode failure): 4881K->785K(6848K), 0.0094138 secs] 4881K->785K(9920K), [Metaspace: 3325K->3325K(1056768K)], 0.0097911 secs] [Times: user=0.00 sys=0.00, real=0.01 secs] 
0.818: [GC (Allocation Failure) 0.818: [ParNew: 0K->0K(3072K), 0.0002753 secs]0.818: [CMS: 4881K->785K(6848K), 0.0017136 secs] 4881K->785K(9920K), [Metaspace: 3325K->3325K(1056768K)], 0.0020692 secs] [Times: user=0.00 sys=0.00, real=0.00 secs] 
0.820: [GC (CMS Initial Mark) [1 CMS-initial-mark: 4881K(6848K)] 4881K(9920K), 0.0001041 secs] [Times: user=0.00 sys=0.00, real=0.00 secs] 
0.820: [CMS-concurrent-mark-start]
0.820: [GC (Allocation Failure) 0.820: [ParNew: 0K->0K(3072K), 0.0002116 secs]0.820: [CMS0.831: [CMS-concurrent-mark: 0.001/0.011 secs] [Times: user=0.00 sys=0.00, real=0.01 secs] 
 (concurrent mode failure): 4881K->785K(6848K), 0.0122356 secs] 4881K->785K(9920K), [Metaspace: 3325K->3325K(1056768K)], 0.0125101 secs] [Times: user=0.02 sys=0.00, real=0.01 secs] 
0.833: [GC (Allocation Failure) 0.833: [ParNew: 0K->0K(3072K), 0.0001917 secs]0.833: [CMS: 4881K->785K(6848K), 0.0015013 secs] 4881K->785K(9920K), [Metaspace: 3325K->3325K(1056768K)], 0.0017605 secs] [Times: user=0.00 sys=0.00, real=0.00 secs] 
0.835: [GC (CMS Initial Mark) [1 CMS-initial-mark: 4881K(6848K)] 4881K(9920K), 0.0000832 secs] [Times: user=0.00 sys=0.00, real=0.00 secs] 
0.835: [CMS-concurrent-mark-start]
0.835: [GC (Allocation Failure) 0.835: [ParNew: 0K->0K(3072K), 0.0002199 secs]0.836: [CMS0.846: [CMS-concurrent-mark: 0.001/0.011 secs] [Times: user=0.00 sys=0.00, real=0.01 secs] 
 (concurrent mode failure): 4881K->785K(6848K), 0.0130794 secs] 4881K->785K(9920K), [Metaspace: 3325K->3325K(1056768K)], 0.0133732 secs] [Times: user=0.02 sys=0.00, real=0.01 secs] 
0.849: [GC (Allocation Failure) 0.849: [ParNew: 0K->0K(3072K), 0.0002067 secs]0.849: [CMS: 4881K->785K(6848K), 0.0022442 secs] 4881K->785K(9920K), [Metaspace: 3325K->3325K(1056768K)], 0.0025276 secs] [Times: user=0.00 sys=0.00, real=0.00 secs] 
0.852: [GC (CMS Initial Mark) [1 CMS-initial-mark: 4881K(6848K)] 4881K(9920K), 0.0000914 secs] [Times: user=0.00 sys=0.00, real=0.00 secs] 
0.852: [CMS-concurrent-mark-start]
0.852: [GC (Allocation Failure) 0.852: [ParNew: 0K->0K(3072K), 0.0001969 secs]0.852: [CMS0.862: [CMS-concurrent-mark: 0.002/0.010 secs] [Times: user=0.00 sys=0.00, real=0.01 secs] 
 (concurrent mode failure): 4881K->785K(6848K), 0.0132663 secs] 4881K->785K(9920K), [Metaspace: 3325K->3325K(1056768K)], 0.0135494 secs] [Times: user=0.02 sys=0.00, real=0.01 secs] 
0.866: [GC (Allocation Failure) 0.866: [ParNew: 0K->0K(3072K), 0.0003412 secs]0.866: [CMS: 4881K->785K(6848K), 0.0017158 secs] 4881K->785K(9920K), [Metaspace: 3325K->3325K(1056768K)], 0.0021409 secs] [Times: user=0.00 sys=0.00, real=0.00 secs] 
0.868: [GC (CMS Initial Mark) [1 CMS-initial-mark: 4881K(6848K)] 4881K(9920K), 0.0001169 secs] [Times: user=0.00 sys=0.00, real=0.00 secs] 
0.869: [CMS-concurrent-mark-start]
0.869: [GC (Allocation Failure) 0.869: [ParNew: 0K->0K(3072K), 0.0002682 secs]0.869: [CMS0.877: [CMS-concurrent-mark: 0.001/0.008 secs] [Times: user=0.00 sys=0.00, real=0.01 secs] 
 (concurrent mode failure): 4881K->785K(6848K), 0.0112699 secs] 4881K->785K(9920K), [Metaspace: 3325K->3325K(1056768K)], 0.0116189 secs] [Times: user=0.01 sys=0.00, real=0.01 secs] 
0.881: [GC (Allocation Failure) 0.881: [ParNew: 0K->0K(3072K), 0.0002651 secs]0.881: [CMS: 4881K->785K(6848K), 0.0019310 secs] 4881K->785K(9920K), [Metaspace: 3325K->3325K(1056768K)], 0.0022677 secs] [Times: user=0.00 sys=0.00, real=0.00 secs] 
0.883: [GC (CMS Initial Mark) [1 CMS-initial-mark: 4881K(6848K)] 4881K(9920K), 0.0001349 secs] [Times: user=0.00 sys=0.00, real=0.00 secs] 
0.883: [CMS-concurrent-mark-start]
0.884: [GC (Allocation Failure) 0.884: [ParNew: 0K->0K(3072K), 0.0002109 secs]0.884: [CMS0.893: [CMS-concurrent-mark: 0.001/0.009 secs] [Times: user=0.00 sys=0.00, real=0.01 secs] 
 (concurrent mode failure): 4881K->785K(6848K), 0.0120401 secs] 4881K->785K(9920K), [Metaspace: 3325K->3325K(1056768K)], 0.0123270 secs] [Times: user=0.02 sys=0.00, real=0.01 secs] 
0.896: [GC (Allocation Failure) 0.896: [ParNew: 0K->0K(3072K), 0.0002600 secs]0.897: [CMS: 4881K->785K(6848K), 0.0017902 secs] 4881K->785K(9920K), [Metaspace: 3325K->3325K(1056768K)], 0.0021200 secs] [Times: user=0.00 sys=0.00, real=0.00 secs] 
0.899: [GC (CMS Initial Mark) [1 CMS-initial-mark: 4881K(6848K)] 4881K(9920K), 0.0000931 secs] [Times: user=0.00 sys=0.00, real=0.00 secs] 
0.899: [CMS-concurrent-mark-start]
0.899: [GC (Allocation Failure) 0.899: [ParNew: 0K->0K(3072K), 0.0002173 secs]0.899: [CMS0.909: [CMS-concurrent-mark: 0.001/0.010 secs] [Times: user=0.00 sys=0.00, real=0.01 secs] 
 (concurrent mode failure): 4881K->785K(6848K), 0.0121802 secs] 4881K->785K(9920K), [Metaspace: 3325K->3325K(1056768K)], 0.0124982 secs] [Times: user=0.00 sys=0.02, real=0.01 secs] 
0.912: [GC (Allocation Failure) 0.912: [ParNew: 0K->0K(3072K), 0.0003760 secs]0.912: [CMS: 4881K->785K(6848K), 0.0029517 secs] 4881K->785K(9920K), [Metaspace: 3325K->3325K(1056768K)], 0.0034933 secs] [Times: user=0.00 sys=0.00, real=0.00 secs] 
0.916: [GC (CMS Initial Mark) [1 CMS-initial-mark: 4881K(6848K)] 4881K(9920K), 0.0001643 secs] [Times: user=0.00 sys=0.00, real=0.00 secs] 
0.916: [CMS-concurrent-mark-start]
0.916: [GC (Allocation Failure) 0.916: [ParNew: 0K->0K(3072K), 0.0002408 secs]0.916: [CMS0.925: [CMS-concurrent-mark: 0.001/0.008 secs] [Times: user=0.00 sys=0.00, real=0.01 secs] 
 (concurrent mode failure): 4881K->785K(6848K), 0.0110043 secs] 4881K->785K(9920K), [Metaspace: 3325K->3325K(1056768K)], 0.0113751 secs] [Times: user=0.01 sys=0.00, real=0.01 secs] 
0.928: [GC (Allocation Failure) 0.928: [ParNew: 0K->0K(3072K), 0.0002825 secs]0.928: [CMS: 4881K->785K(6848K), 0.0028333 secs] 4881K->785K(9920K), [Metaspace: 3325K->3325K(1056768K)], 0.0032276 secs] [Times: user=0.00 sys=0.00, real=0.00 secs] 
0.932: [GC (CMS Initial Mark) [1 CMS-initial-mark: 4881K(6848K)] 4881K(9920K), 0.0000994 secs] [Times: user=0.00 sys=0.00, real=0.00 secs] 
0.932: [CMS-concurrent-mark-start]
0.932: [GC (Allocation Failure) 0.932: [ParNew: 0K->0K(3072K), 0.0002245 secs]0.932: [CMS0.940: [CMS-concurrent-mark: 0.001/0.008 secs] [Times: user=0.00 sys=0.00, real=0.01 secs] 
 (concurrent mode failure): 4881K->785K(6848K), 0.0097008 secs] 4881K->785K(9920K), [Metaspace: 3325K->3325K(1056768K)], 0.0099939 secs] [Times: user=0.00 sys=0.00, real=0.01 secs] 
0.942: [GC (Allocation Failure) 0.942: [ParNew: 0K->0K(3072K), 0.0002228 secs]0.943: [CMS: 4881K->785K(6848K), 0.0019811 secs] 4881K->785K(9920K), [Metaspace: 3325K->3325K(1056768K)], 0.0022843 secs] [Times: user=0.00 sys=0.00, real=0.00 secs] 
0.945: [GC (CMS Initial Mark) [1 CMS-initial-mark: 4881K(6848K)] 4881K(9920K), 0.0001489 secs] [Times: user=0.00 sys=0.00, real=0.00 secs] 
0.945: [CMS-concurrent-mark-start]
0.945: [GC (Allocation Failure) 0.945: [ParNew: 0K->0K(3072K), 0.0002690 secs]0.946: [CMS0.955: [CMS-concurrent-mark: 0.001/0.010 secs] [Times: user=0.00 sys=0.00, real=0.01 secs] 
 (concurrent mode failure): 4881K->785K(6848K), 0.0113805 secs] 4881K->785K(9920K), [Metaspace: 3325K->3325K(1056768K)], 0.0117236 secs] [Times: user=0.00 sys=0.00, real=0.01 secs] 
0.957: [GC (Allocation Failure) 0.957: [ParNew: 0K->0K(3072K), 0.0002056 secs]0.958: [CMS: 4881K->785K(6848K), 0.0017020 secs] 4881K->785K(9920K), [Metaspace: 3325K->3325K(1056768K)], 0.0019864 secs] [Times: user=0.02 sys=0.00, real=0.00 secs] 
0.960: [GC (CMS Initial Mark) [1 CMS-initial-mark: 4881K(6848K)] 4881K(9920K), 0.0000760 secs] [Times: user=0.00 sys=0.00, real=0.00 secs] 
0.960: [CMS-concurrent-mark-start]
0.960: [GC (Allocation Failure) 0.960: [ParNew: 0K->0K(3072K), 0.0002794 secs]0.960: [CMS0.970: [CMS-concurrent-mark: 0.001/0.010 secs] [Times: user=0.00 sys=0.00, real=0.01 secs] 
 (concurrent mode failure): 4881K->785K(6848K), 0.0118438 secs] 4881K->785K(9920K), [Metaspace: 3325K->3325K(1056768K)], 0.0121988 secs] [Times: user=0.00 sys=0.00, real=0.01 secs] 
0.972: [GC (Allocation Failure) 0.972: [ParNew: 0K->0K(3072K), 0.0001890 secs]0.972: [CMS: 4881K->785K(6848K), 0.0016558 secs] 4881K->785K(9920K), [Metaspace: 3325K->3325K(1056768K)], 0.0019070 secs] [Times: user=0.02 sys=0.00, real=0.00 secs] 
0.974: [GC (CMS Initial Mark) [1 CMS-initial-mark: 4881K(6848K)] 4881K(9920K), 0.0000919 secs] [Times: user=0.00 sys=0.00, real=0.00 secs] 
0.975: [CMS-concurrent-mark-start]
0.975: [GC (Allocation Failure) 0.975: [ParNew: 0K->0K(3072K), 0.0002311 secs]0.975: [CMS0.986: [CMS-concurrent-mark: 0.001/0.011 secs] [Times: user=0.00 sys=0.00, real=0.01 secs] 
 (concurrent mode failure): 4881K->785K(6848K), 0.0133574 secs] 4881K->785K(9920K), [Metaspace: 3325K->3325K(1056768K)], 0.0136512 secs] [Times: user=0.00 sys=0.00, real=0.01 secs] 
0.989: [GC (Allocation Failure) 0.989: [ParNew: 0K->0K(3072K), 0.0003250 secs]0.989: [CMS: 4881K->785K(6848K), 0.0017305 secs] 4881K->785K(9920K), [Metaspace: 3325K->3325K(1056768K)], 0.0021246 secs] [Times: user=0.00 sys=0.00, real=0.00 secs] 
0.991: [GC (CMS Initial Mark) [1 CMS-initial-mark: 4881K(6848K)] 4881K(9920K), 0.0000881 secs] [Times: user=0.00 sys=0.00, real=0.00 secs] 
0.991: [CMS-concurrent-mark-start]
0.991: [GC (Allocation Failure) 0.991: [ParNew: 0K->0K(3072K), 0.0001863 secs]0.991: [CMS1.002: [CMS-concurrent-mark: 0.001/0.011 secs] [Times: user=0.00 sys=0.00, real=0.01 secs] 
 (concurrent mode failure): 4881K->785K(6848K), 0.0126036 secs] 4881K->785K(9920K), [Metaspace: 3325K->3325K(1056768K)], 0.0128620 secs] [Times: user=0.00 sys=0.00, real=0.01 secs] 
1.005: [GC (Allocation Failure) 1.005: [ParNew: 0K->0K(3072K), 0.0002843 secs]1.005: [CMS: 4881K->785K(6848K), 0.0017967 secs] 4881K->785K(9920K), [Metaspace: 3325K->3325K(1056768K)], 0.0021599 secs] [Times: user=0.02 sys=0.00, real=0.00 secs] 
1.007: [GC (CMS Initial Mark) [1 CMS-initial-mark: 4881K(6848K)] 4881K(9920K), 0.0001267 secs] [Times: user=0.00 sys=0.00, real=0.00 secs] 
1.007: [CMS-concurrent-mark-start]
1.007: [GC (Allocation Failure) 1.007: [ParNew: 0K->0K(3072K), 0.0002666 secs]1.008: [CMS1.018: [CMS-concurrent-mark: 0.001/0.011 secs] [Times: user=0.00 sys=0.00, real=0.01 secs] 
 (concurrent mode failure): 4881K->785K(6848K), 0.0123064 secs] 4881K->785K(9920K), [Metaspace: 3325K->3325K(1056768K)], 0.0126466 secs] [Times: user=0.00 sys=0.00, real=0.01 secs] 
1.020: [GC (Allocation Failure) 1.020: [ParNew: 0K->0K(3072K), 0.0002078 secs]1.021: [CMS: 4881K->785K(6848K), 0.0018050 secs] 4881K->785K(9920K), [Metaspace: 3325K->3325K(1056768K)], 0.0020907 secs] [Times: user=0.00 sys=0.00, real=0.00 secs] 
1.023: [GC (CMS Initial Mark) [1 CMS-initial-mark: 4881K(6848K)] 4881K(9920K), 0.0000755 secs] [Times: user=0.00 sys=0.00, real=0.00 secs] 
1.023: [CMS-concurrent-mark-start]
1.023: [GC (Allocation Failure) 1.023: [ParNew: 0K->0K(3072K), 0.0001932 secs]1.023: [CMS1.033: [CMS-concurrent-mark: 0.001/0.011 secs] [Times: user=0.00 sys=0.00, real=0.01 secs] 
 (concurrent mode failure): 4881K->785K(6848K), 0.0120542 secs] 4881K->785K(9920K), [Metaspace: 3325K->3325K(1056768K)], 0.0123203 secs] [Times: user=0.00 sys=0.00, real=0.01 secs] 
1.036: [GC (Allocation Failure) 1.036: [ParNew: 0K->0K(3072K), 0.0002117 secs]1.036: [CMS: 4881K->785K(6848K), 0.0016759 secs] 4881K->785K(9920K), [Metaspace: 3325K->3325K(1056768K)], 0.0019536 secs] [Times: user=0.01 sys=0.00, real=0.00 secs] 
1.038: [GC (CMS Initial Mark) [1 CMS-initial-mark: 4881K(6848K)] 4881K(9920K), 0.0001563 secs] [Times: user=0.00 sys=0.00, real=0.00 secs] 
1.038: [CMS-concurrent-mark-start]
1.038: [GC (Allocation Failure) 1.038: [ParNew: 0K->0K(3072K), 0.0002170 secs]1.038: [CMS1.048: [CMS-concurrent-mark: 0.001/0.010 secs] [Times: user=0.00 sys=0.00, real=0.01 secs] 
 (concurrent mode failure): 4881K->785K(6848K), 0.0119831 secs] 4881K->785K(9920K), [Metaspace: 3325K->3325K(1056768K)], 0.0122748 secs] [Times: user=0.00 sys=0.00, real=0.01 secs] 
1.051: [GC (Allocation Failure) 1.051: [ParNew: 0K->0K(3072K), 0.0002525 secs]1.051: [CMS: 4881K->785K(6848K), 0.0016796 secs] 4881K->785K(9920K), [Metaspace: 3325K->3325K(1056768K)], 0.0020021 secs] [Times: user=0.02 sys=0.00, real=0.00 secs] 
1.053: [GC (CMS Initial Mark) [1 CMS-initial-mark: 4881K(6848K)] 4881K(9920K), 0.0001272 secs] [Times: user=0.00 sys=0.00, real=0.00 secs] 
1.053: [CMS-concurrent-mark-start]
1.053: [GC (Allocation Failure) 1.053: [ParNew: 0K->0K(3072K), 0.0002266 secs]1.054: [CMS1.064: [CMS-concurrent-mark: 0.001/0.011 secs] [Times: user=0.00 sys=0.00, real=0.01 secs] 
 (concurrent mode failure): 4881K->785K(6848K), 0.0120387 secs] 4881K->785K(9920K), [Metaspace: 3325K->3325K(1056768K)], 0.0123421 secs] [Times: user=0.00 sys=0.00, real=0.01 secs] 
1.066: [GC (Allocation Failure) 1.066: [ParNew: 0K->0K(3072K), 0.0002006 secs]1.066: [CMS: 4881K->785K(6848K), 0.0015798 secs] 4881K->785K(9920K), [Metaspace: 3325K->3325K(1056768K)], 0.0018442 secs] [Times: user=0.01 sys=0.00, real=0.00 secs] 
1.068: [GC (CMS Initial Mark) [1 CMS-initial-mark: 4881K(6848K)] 4881K(9920K), 0.0000838 secs] [Times: user=0.00 sys=0.00, real=0.00 secs] 
1.068: [CMS-concurrent-mark-start]
1.068: [GC (Allocation Failure) 1.068: [ParNew: 0K->0K(3072K), 0.0002456 secs]1.069: [CMS1.080: [CMS-concurrent-mark: 0.001/0.011 secs] [Times: user=0.00 sys=0.00, real=0.01 secs] 
 (concurrent mode failure): 4881K->785K(6848K), 0.0130508 secs] 4881K->785K(9920K), [Metaspace: 3325K->3325K(1056768K)], 0.0133704 secs] [Times: user=0.00 sys=0.00, real=0.01 secs] 
1.082: [GC (Allocation Failure) 1.082: [ParNew: 0K->0K(3072K), 0.0002268 secs]1.082: [CMS: 4881K->785K(6848K), 0.0021165 secs] 4881K->785K(9920K), [Metaspace: 3325K->3325K(1056768K)], 0.0024339 secs] [Times: user=0.02 sys=0.00, real=0.00 secs] 
1.085: [GC (CMS Initial Mark) [1 CMS-initial-mark: 4881K(6848K)] 4881K(9920K), 0.0001192 secs] [Times: user=0.00 sys=0.00, real=0.00 secs] 
1.085: [CMS-concurrent-mark-start]
1.085: [GC (Allocation Failure) 1.085: [ParNew: 0K->0K(3072K), 0.0002877 secs]1.085: [CMS1.096: [CMS-concurrent-mark: 0.001/0.011 secs] [Times: user=0.00 sys=0.00, real=0.01 secs] 
 (concurrent mode failure): 4881K->785K(6848K), 0.0132070 secs] 4881K->785K(9920K), [Metaspace: 3325K->3325K(1056768K)], 0.0135894 secs] [Times: user=0.02 sys=0.00, real=0.01 secs] 
1.099: [GC (Allocation Failure) 1.099: [ParNew: 0K->0K(3072K), 0.0002659 secs]1.099: [CMS: 4881K->785K(6848K), 0.0031198 secs] 4881K->785K(9920K), [Metaspace: 3325K->3325K(1056768K)], 0.0034892 secs] [Times: user=0.00 sys=0.00, real=0.00 secs] 
1.103: [GC (CMS Initial Mark) [1 CMS-initial-mark: 4881K(6848K)] 4881K(9920K), 0.0005046 secs] [Times: user=0.00 sys=0.00, real=0.00 secs] 
1.104: [CMS-concurrent-mark-start]
1.105: [GC (Allocation Failure) 1.105: [ParNew: 0K->0K(3072K), 0.0003082 secs]1.105: [CMS1.111: [CMS-concurrent-mark: 0.002/0.007 secs] [Times: user=0.00 sys=0.00, real=0.01 secs] 
 (concurrent mode failure): 4881K->785K(6848K), 0.0094146 secs] 4881K->785K(9920K), [Metaspace: 3325K->3325K(1056768K)], 0.0098655 secs] [Times: user=0.02 sys=0.00, real=0.01 secs] 
1.115: [GC (Allocation Failure) 1.115: [ParNew: 0K->0K(3072K), 0.0003701 secs]1.115: [CMS: 4881K->785K(6848K), 0.0029869 secs] 4881K->785K(9920K), [Metaspace: 3325K->3325K(1056768K)], 0.0034472 secs] [Times: user=0.00 sys=0.00, real=0.00 secs] 
1.119: [GC (CMS Initial Mark) [1 CMS-initial-mark: 4881K(6848K)] 4881K(9920K), 0.0001700 secs] [Times: user=0.00 sys=0.00, real=0.00 secs] 
1.119: [CMS-concurrent-mark-start]
1.119: [GC (Allocation Failure) 1.119: [ParNew: 55K->6K(3072K), 0.0002798 secs]1.120: [CMS1.127: [CMS-concurrent-mark: 0.001/0.008 secs] [Times: user=0.00 sys=0.00, real=0.01 secs] 
 (concurrent mode failure): 4881K->787K(6848K), 0.0099490 secs] 4936K->787K(9920K), [Metaspace: 3325K->3325K(1056768K)], 0.0103140 secs] [Times: user=0.02 sys=0.00, real=0.01 secs] 
1.130: [GC (Allocation Failure) 1.130: [ParNew: 55K->4K(3072K), 0.0002967 secs]1.130: [CMS: 4883K->785K(6848K), 0.0021807 secs] 4938K->785K(9920K), [Metaspace: 3330K->3330K(1056768K)], 0.0025662 secs] [Times: user=0.00 sys=0.00, real=0.00 secs] 
1.133: [GC (CMS Initial Mark) [1 CMS-initial-mark: 4881K(6848K)] 4936K(9920K), 0.0001673 secs] [Times: user=0.00 sys=0.00, real=0.00 secs] 
1.133: [CMS-concurrent-mark-start]
1.133: [GC (Allocation Failure) 1.133: [ParNew: 55K->2K(3072K), 0.0002161 secs]1.133: [CMS1.142: [CMS-concurrent-mark: 0.001/0.009 secs] [Times: user=0.00 sys=0.00, real=0.01 secs] 
 (concurrent mode failure): 4881K->785K(6848K), 0.0116643 secs] 4936K->785K(9920K), [Metaspace: 3330K->3330K(1056768K)], 0.0119631 secs] [Times: user=0.00 sys=0.00, real=0.01 secs] 
1.146: [GC (Allocation Failure) 1.146: [ParNew: 55K->16K(3072K), 0.0003294 secs]1.146: [CMS: 4881K->790K(6848K), 0.0019427 secs] 4936K->790K(9920K), [Metaspace: 3330K->3330K(1056768K)], 0.0023495 secs] [Times: user=0.00 sys=0.00, real=0.00 secs] 
1.148: [GC (CMS Initial Mark) [1 CMS-initial-mark: 4886K(6848K)] 4942K(9920K), 0.0001222 secs] [Times: user=0.00 sys=0.00, real=0.00 secs] 
1.148: [CMS-concurrent-mark-start]
1.149: [GC (Allocation Failure) 1.149: [ParNew: 55K->2K(3072K), 0.0001934 secs]1.149: [CMS1.158: [CMS-concurrent-mark: 0.001/0.009 secs] [Times: user=0.00 sys=0.00, real=0.01 secs] 
 (concurrent mode failure): 4886K->791K(6848K), 0.0115855 secs] 4942K->791K(9920K), [Metaspace: 3330K->3330K(1056768K)], 0.0118817 secs] [Times: user=0.00 sys=0.00, real=0.01 secs] 
1.161: [GC (Allocation Failure) 1.161: [ParNew: 55K->4K(3072K), 0.0003308 secs]1.161: [CMS: 4887K->791K(6848K), 0.0023031 secs] 4942K->791K(9920K), [Metaspace: 3333K->3333K(1056768K)], 0.0027386 secs] [Times: user=0.01 sys=0.00, real=0.00 secs] 
1.164: [GC (CMS Initial Mark) [1 CMS-initial-mark: 4887K(6848K)] 4887K(9920K), 0.0001284 secs] [Times: user=0.00 sys=0.00, real=0.00 secs] 
1.164: [CMS-concurrent-mark-start]
1.164: [GC (Allocation Failure) 1.164: [ParNew: 0K->2K(3072K), 0.0002197 secs]1.165: [CMS1.173: [CMS-concurrent-mark: 0.001/0.009 secs] [Times: user=0.00 sys=0.00, real=0.01 secs] 
 (concurrent mode failure): 4887K->791K(6848K), 0.0107958 secs] 4887K->791K(9920K), [Metaspace: 3333K->3333K(1056768K)], 0.0110882 secs] [Times: user=0.00 sys=0.00, real=0.01 secs] 
1.176: [GC (Allocation Failure) 1.176: [ParNew: 55K->8K(3072K), 0.0002962 secs]1.176: [CMS: 4887K->791K(6848K), 0.0028765 secs] 4942K->791K(9920K), [Metaspace: 3339K->3339K(1056768K)], 0.0032526 secs] [Times: user=0.02 sys=0.00, real=0.00 secs] 
1.180: [GC (CMS Initial Mark) [1 CMS-initial-mark: 4887K(6848K)] 4942K(9920K), 0.0001196 secs] [Times: user=0.00 sys=0.00, real=0.00 secs] 
1.180: [CMS-concurrent-mark-start]
1.180: [GC (Allocation Failure) 1.180: [ParNew: 55K->6K(3072K), 0.0002178 secs]1.180: [CMS1.189: [CMS-concurrent-mark: 0.001/0.009 secs] [Times: user=0.00 sys=0.00, real=0.01 secs] 
 (concurrent mode failure): 4887K->791K(6848K), 0.0113346 secs] 4942K->791K(9920K), [Metaspace: 3343K->3343K(1056768K)], 0.0116374 secs] [Times: user=0.00 sys=0.00, real=0.01 secs] 
1.192: [GC (Allocation Failure) 1.192: [ParNew: 55K->32K(3072K), 0.0002529 secs]1.192: [CMS: 4887K->816K(6848K), 0.0026542 secs] 4942K->816K(9920K), [Metaspace: 3346K->3346K(1056768K)], 0.0030044 secs] [Times: user=0.00 sys=0.00, real=0.00 secs] 
1.196: [GC (CMS Initial Mark) [1 CMS-initial-mark: 4912K(6848K)] 4967K(9920K), 0.0001858 secs] [Times: user=0.00 sys=0.00, real=0.00 secs] 
1.196: [CMS-concurrent-mark-start]
1.196: [GC (Allocation Failure) 1.196: [ParNew: 55K->4K(3072K), 0.0003345 secs]1.196: [CMS1.204: [CMS-concurrent-mark: 0.001/0.008 secs] [Times: user=0.00 sys=0.00, real=0.01 secs] 
 (concurrent mode failure): 4912K->816K(6848K), 0.0100128 secs] 4967K->816K(9920K), [Metaspace: 3346K->3346K(1056768K)], 0.0104466 secs] [Times: user=0.00 sys=0.00, real=0.01 secs] 
1.207: [GC (Allocation Failure) 1.207: [ParNew: 0K->0K(3072K), 0.0002016 secs]1.207: [CMS: 4912K->816K(6848K), 0.0017496 secs] 4912K->816K(9920K), [Metaspace: 3346K->3346K(1056768K)], 0.0020206 secs] [Times: user=0.02 sys=0.00, real=0.00 secs] 
1.209: [GC (CMS Initial Mark) [1 CMS-initial-mark: 4912K(6848K)] 4967K(9920K), 0.0000924 secs] [Times: user=0.00 sys=0.00, real=0.00 secs] 
1.209: [CMS-concurrent-mark-start]
1.209: [GC (Allocation Failure) 1.209: [ParNew: 55K->4K(3072K), 0.0001859 secs]1.209: [CMS1.220: [CMS-concurrent-mark: 0.001/0.010 secs] [Times: user=0.00 sys=0.00, real=0.01 secs] 
 (concurrent mode failure): 4912K->816K(6848K), 0.0132268 secs] 4967K->816K(9920K), [Metaspace: 3351K->3351K(1056768K)], 0.0135059 secs] [Times: user=0.00 sys=0.00, real=0.01 secs] 
1.224: [GC (Allocation Failure) 1.224: [ParNew: 55K->12K(3072K), 0.0002622 secs]1.224: [CMS: 4912K->818K(6848K), 0.0023168 secs] 4967K->818K(9920K), [Metaspace: 3387K->3387K(1056768K)], 0.0026659 secs] [Times: user=0.00 sys=0.00, real=0.00 secs] 
1.227: [GC (CMS Initial Mark) [1 CMS-initial-mark: 4914K(6848K)] 4914K(9920K), 0.0001934 secs] [Times: user=0.00 sys=0.00, real=0.00 secs] 
1.227: [CMS-concurrent-mark-start]
1.227: [GC (Allocation Failure) 1.227: [ParNew: 0K->0K(3072K), 0.0003718 secs]1.228: [CMS1.229: [CMS-concurrent-mark: 0.001/0.002 secs] [Times: user=0.00 sys=0.00, real=0.00 secs] 
 (concurrent mode failure): 4914K->818K(6848K), 0.0045139 secs] 4914K->818K(9920K), [Metaspace: 3387K->3387K(1056768K)], 0.0049928 secs] [Times: user=0.00 sys=0.00, real=0.00 secs] 
1.233: [GC (Allocation Failure) 1.233: [ParNew: 55K->0K(3072K), 0.0002470 secs]1.233: [CMS: 4914K->818K(6848K), 0.0026631 secs] 4969K->818K(9920K), [Metaspace: 3391K->3391K(1056768K)], 0.0029902 secs] [Times: user=0.00 sys=0.00, real=0.00 secs] 
1.236: [GC (CMS Initial Mark) [1 CMS-initial-mark: 4914K(6848K)] 4914K(9920K), 0.0001056 secs] [Times: user=0.00 sys=0.00, real=0.00 secs] 
1.236: [CMS-concurrent-mark-start]
1.236: [GC (Allocation Failure) 1.236: [ParNew: 55K->4K(3072K), 0.0002597 secs]1.237: [CMS1.251: [CMS-concurrent-mark: 0.001/0.014 secs] [Times: user=0.00 sys=0.00, real=0.02 secs] 
 (concurrent mode failure): 4914K->819K(6848K), 0.0158614 secs] 4969K->819K(9920K), [Metaspace: 3401K->3401K(1056768K)], 0.0162171 secs] [Times: user=0.00 sys=0.00, real=0.02 secs] 
1.253: [GC (Allocation Failure) 1.253: [ParNew: 55K->4K(3072K), 0.0002719 secs]1.253: [CMS: 4915K->819K(6848K), 0.0018375 secs] 4970K->819K(9920K), [Metaspace: 3403K->3403K(1056768K)], 0.0021803 secs] [Times: user=0.01 sys=0.00, real=0.00 secs] 
1.255: [GC (CMS Initial Mark) [1 CMS-initial-mark: 4915K(6848K)] 4915K(9920K), 0.0000754 secs] [Times: user=0.00 sys=0.00, real=0.00 secs] 
1.256: [CMS-concurrent-mark-start]
1.256: [GC (Allocation Failure) 1.256: [ParNew: 55K->4K(3072K), 0.0002071 secs]1.256: [CMS1.266: [CMS-concurrent-mark: 0.001/0.011 secs] [Times: user=0.00 sys=0.00, real=0.01 secs] 
 (concurrent mode failure): 4915K->819K(6848K), 0.0128568 secs] 4970K->819K(9920K), [Metaspace: 3410K->3410K(1056768K)], 0.0131344 secs] [Times: user=0.00 sys=0.00, real=0.01 secs] 
1.269: [GC (Allocation Failure) 1.269: [ParNew: 55K->4K(3072K), 0.0002648 secs]1.270: [CMS: 4915K->819K(6848K), 0.0029707 secs] 4970K->819K(9920K), [Metaspace: 3412K->3412K(1056768K)], 0.0033404 secs] [Times: user=0.02 sys=0.00, real=0.00 secs] 
1.273: [GC (CMS Initial Mark) [1 CMS-initial-mark: 4915K(6848K)] 4970K(9920K), 0.0001420 secs] [Times: user=0.00 sys=0.00, real=0.00 secs] 
1.273: [CMS-concurrent-mark-start]
1.273: [GC (Allocation Failure) 1.273: [ParNew: 55K->8K(3072K), 0.0002798 secs]1.274: [CMS1.282: [CMS-concurrent-mark: 0.001/0.008 secs] [Times: user=0.00 sys=0.00, real=0.01 secs] 
 (concurrent mode failure): 4915K->819K(6848K), 0.0111824 secs] 4970K->819K(9920K), [Metaspace: 3412K->3412K(1056768K)], 0.0115757 secs] [Times: user=0.00 sys=0.00, real=0.01 secs] 
1.285: [GC (Allocation Failure) 1.285: [ParNew: 55K->2K(3072K), 0.0002880 secs]1.286: [CMS: 4915K->819K(6848K), 0.0045250 secs] 4970K->819K(9920K), [Metaspace: 3412K->3412K(1056768K)], 0.0049455 secs] [Times: user=0.01 sys=0.00, real=0.01 secs] 
1.291: [GC (CMS Initial Mark) [1 CMS-initial-mark: 4915K(6848K)] 4915K(9920K), 0.0001462 secs] [Times: user=0.00 sys=0.00, real=0.00 secs] 
1.291: [CMS-concurrent-mark-start]
1.291: [GC (Allocation Failure) 1.291: [ParNew: 55K->4K(3072K), 0.0002209 secs]1.291: [CMS1.298: [CMS-concurrent-mark: 0.001/0.007 secs] [Times: user=0.00 sys=0.00, real=0.01 secs] 
 (concurrent mode failure): 4915K->819K(6848K), 0.0091706 secs] 4970K->819K(9920K), [Metaspace: 3415K->3415K(1056768K)], 0.0094831 secs] [Times: user=0.00 sys=0.00, real=0.01 secs] 
1.301: [GC (Allocation Failure) 1.301: [ParNew: 55K->12K(3072K), 0.0002622 secs]1.301: [CMS: 4915K->820K(6848K), 0.0020888 secs] 4971K->820K(9920K), [Metaspace: 3416K->3416K(1056768K)], 0.0024589 secs] [Times: user=0.00 sys=0.01, real=0.00 secs] 
1.304: [GC (CMS Initial Mark) [1 CMS-initial-mark: 4916K(6848K)] 4971K(9920K), 0.0000855 secs] [Times: user=0.00 sys=0.00, real=0.00 secs] 
1.304: [CMS-concurrent-mark-start]
1.304: [GC (Allocation Failure) 1.304: [ParNew: 55K->4K(3072K), 0.0002694 secs]1.304: [CMS1.313: [CMS-concurrent-mark: 0.001/0.009 secs] [Times: user=0.00 sys=0.00, real=0.01 secs] 
 (concurrent mode failure): 4916K->820K(6848K), 0.0103455 secs] 4971K->820K(9920K), [Metaspace: 3418K->3418K(1056768K)], 0.0106899 secs] [Times: user=0.00 sys=0.00, real=0.01 secs] 
1.315: [GC (Allocation Failure) 1.315: [ParNew: 55K->6K(3072K), 0.0002444 secs]1.315: [CMS: 4916K->821K(6848K), 0.0019134 secs] 4972K->821K(9920K), [Metaspace: 3420K->3420K(1056768K)], 0.0022401 secs] [Times: user=0.00 sys=0.00, real=0.00 secs] 
1.318: [GC (CMS Initial Mark) [1 CMS-initial-mark: 4917K(6848K)] 4917K(9920K), 0.0001036 secs] [Times: user=0.00 sys=0.00, real=0.00 secs] 
1.318: [CMS-concurrent-mark-start]
1.318: [GC (Allocation Failure) 1.318: [ParNew: 0K->0K(3072K), 0.0002626 secs]1.318: [CMS1.328: [CMS-concurrent-mark: 0.001/0.010 secs] [Times: user=0.00 sys=0.00, real=0.01 secs] 
 (concurrent mode failure): 4917K->821K(6848K), 0.0129938 secs] 4917K->821K(9920K), [Metaspace: 3420K->3420K(1056768K)], 0.0133526 secs] [Times: user=0.00 sys=0.00, real=0.01 secs] 
1.332: [GC (Allocation Failure) 1.332: [ParNew: 55K->6K(3072K), 0.0002576 secs]1.332: [CMS: 4917K->821K(6848K), 0.0018502 secs] 4972K->821K(9920K), [Metaspace: 3420K->3420K(1056768K)], 0.0021836 secs] [Times: user=0.02 sys=0.00, real=0.00 secs] 
1.334: [GC (CMS Initial Mark) [1 CMS-initial-mark: 4917K(6848K)] 4972K(9920K), 0.0000807 secs] [Times: user=0.00 sys=0.00, real=0.00 secs] 
1.334: [CMS-concurrent-mark-start]
1.334: [GC (Allocation Failure) 1.335: [ParNew: 55K->4K(3072K), 0.0002371 secs]1.335: [CMS1.343: [CMS-concurrent-mark: 0.001/0.009 secs] [Times: user=0.00 sys=0.00, real=0.01 secs] 
 (concurrent mode failure): 4917K->821K(6848K), 0.0105476 secs] 4972K->821K(9920K), [Metaspace: 3423K->3423K(1056768K)], 0.0108788 secs] [Times: user=0.00 sys=0.00, real=0.01 secs] 
1.346: [GC (Allocation Failure) 1.346: [ParNew: 55K->4K(3072K), 0.0002865 secs]1.346: [CMS: 4917K->821K(6848K), 0.0018333 secs] 4972K->821K(9920K), [Metaspace: 3425K->3425K(1056768K)], 0.0022030 secs] [Times: user=0.00 sys=0.00, real=0.00 secs] 
1.348: [GC (CMS Initial Mark) [1 CMS-initial-mark: 4917K(6848K)] 4972K(9920K), 0.0000830 secs] [Times: user=0.00 sys=0.00, real=0.00 secs] 
1.348: [CMS-concurrent-mark-start]
1.349: [GC (Allocation Failure) 1.349: [ParNew: 55K->10K(3072K), 0.0001959 secs]1.349: [CMS1.358: [CMS-concurrent-mark: 0.001/0.010 secs] [Times: user=0.11 sys=0.00, real=0.01 secs] 
 (concurrent mode failure): 4917K->823K(6848K), 0.0117081 secs] 4972K->823K(9920K), [Metaspace: 3425K->3425K(1056768K)], 0.0119869 secs] [Times: user=0.11 sys=0.00, real=0.01 secs] 
1.361: [GC (Allocation Failure) 1.361: [ParNew: 55K->12K(3072K), 0.0003278 secs]1.361: [CMS: 4919K->829K(6848K), 0.0029702 secs] 4974K->829K(9920K), [Metaspace: 3425K->3425K(1056768K)], 0.0034096 secs] [Times: user=0.02 sys=0.00, real=0.00 secs] 
1.365: [GC (CMS Initial Mark) [1 CMS-initial-mark: 4925K(6848K)] 4980K(9920K), 0.0000911 secs] [Times: user=0.00 sys=0.00, real=0.00 secs] 
1.365: [CMS-concurrent-mark-start]
1.365: [GC (Allocation Failure) 1.365: [ParNew: 55K->8K(3072K), 0.0001939 secs]1.365: [CMS1.374: [CMS-concurrent-mark: 0.001/0.009 secs] [Times: user=0.00 sys=0.00, real=0.01 secs] 
 (concurrent mode failure): 4925K->829K(6848K), 0.0105615 secs] 4980K->829K(9920K), [Metaspace: 3425K->3425K(1056768K)], 0.0108473 secs] [Times: user=0.00 sys=0.00, real=0.01 secs] 
1.376: [GC (Allocation Failure) 1.376: [ParNew: 55K->4K(3072K), 0.0002507 secs]1.377: [CMS: 4925K->829K(6848K), 0.0029029 secs] 4980K->829K(9920K), [Metaspace: 3427K->3427K(1056768K)], 0.0032397 secs] [Times: user=0.00 sys=0.02, real=0.00 secs] 
1.380: [GC (CMS Initial Mark) [1 CMS-initial-mark: 4925K(6848K)] 4925K(9920K), 0.0001036 secs] [Times: user=0.00 sys=0.00, real=0.00 secs] 
1.380: [CMS-concurrent-mark-start]
1.380: [GC (Allocation Failure) 1.380: [ParNew: 0K->0K(3072K), 0.0002200 secs]1.380: [CMS1.389: [CMS-concurrent-mark: 0.001/0.009 secs] [Times: user=0.00 sys=0.00, real=0.01 secs] 
 (concurrent mode failure): 4925K->829K(6848K), 0.0111482 secs] 4925K->829K(9920K), [Metaspace: 3427K->3427K(1056768K)], 0.0114481 secs] [Times: user=0.00 sys=0.00, real=0.01 secs] 
1.392: [GC (Allocation Failure) 1.392: [ParNew: 55K->12K(3072K), 0.0002521 secs]1.392: [CMS: 4925K->830K(6848K), 0.0019731 secs] 4980K->830K(9920K), [Metaspace: 3427K->3427K(1056768K)], 0.0023359 secs] [Times: user=0.00 sys=0.00, real=0.00 secs] 
1.395: [GC (CMS Initial Mark) [1 CMS-initial-mark: 4926K(6848K)] 4981K(9920K), 0.0001650 secs] [Times: user=0.00 sys=0.00, real=0.00 secs] 
1.395: [CMS-concurrent-mark-start]
1.395: [GC (Allocation Failure) 1.395: [ParNew: 55K->4K(3072K), 0.0002711 secs]1.395: [CMS1.405: [CMS-concurrent-mark: 0.001/0.010 secs] [Times: user=0.00 sys=0.00, real=0.01 secs] 
 (concurrent mode failure): 4926K->830K(6848K), 0.0114184 secs] 4981K->830K(9920K), [Metaspace: 3430K->3430K(1056768K)], 0.0117870 secs] [Times: user=0.00 sys=0.00, real=0.01 secs] 
1.407: [GC (Allocation Failure) 1.407: [ParNew: 55K->6K(3072K), 0.0003253 secs]1.408: [CMS: 4926K->830K(6848K), 0.0017825 secs] 4981K->830K(9920K), [Metaspace: 3439K->3439K(1056768K)], 0.0021882 secs] [Times: user=0.00 sys=0.00, real=0.00 secs] 
1.410: [GC (CMS Initial Mark) [1 CMS-initial-mark: 4926K(6848K)] 4926K(9920K), 0.0001591 secs] [Times: user=0.00 sys=0.00, real=0.00 secs] 
1.410: [CMS-concurrent-mark-start]
1.410: [GC (Allocation Failure) 1.410: [ParNew: 55K->6K(3072K), 0.0002152 secs]1.411: [CMS1.421: [CMS-concurrent-mark: 0.001/0.010 secs] [Times: user=0.11 sys=0.00, real=0.01 secs] 
 (concurrent mode failure): 4926K->830K(6848K), 0.0119492 secs] 4981K->830K(9920K), [Metaspace: 3439K->3439K(1056768K)], 0.0122389 secs] [Times: user=0.11 sys=0.00, real=0.01 secs] 
1.423: [GC (Allocation Failure) 1.423: [ParNew: 55K->4K(3072K), 0.0002349 secs]1.423: [CMS: 4926K->831K(6848K), 0.0016616 secs] 4982K->831K(9920K), [Metaspace: 3445K->3445K(1056768K)], 0.0020516 secs] [Times: user=0.00 sys=0.00, real=0.00 secs] 
1.425: [GC (CMS Initial Mark) [1 CMS-initial-mark: 4927K(6848K)] 4927K(9920K), 0.0001497 secs] [Times: user=0.00 sys=0.00, real=0.00 secs] 
1.426: [CMS-concurrent-mark-start]
1.426: [GC (Allocation Failure) 1.426: [ParNew: 0K->0K(3072K), 0.0002437 secs]1.426: [CMS1.436: [CMS-concurrent-mark: 0.001/0.010 secs] [Times: user=0.00 sys=0.00, real=0.01 secs] 
 (concurrent mode failure): 4927K->831K(6848K), 0.0123197 secs] 4927K->831K(9920K), [Metaspace: 3445K->3445K(1056768K)], 0.0126401 secs] [Times: user=0.00 sys=0.00, real=0.01 secs] 
1.439: [GC (Allocation Failure) 1.439: [ParNew: 55K->4K(3072K), 0.0002177 secs]1.439: [CMS: 4927K->831K(6848K), 0.0017939 secs] 4982K->831K(9920K), [Metaspace: 3447K->3447K(1056768K)], 0.0020870 secs] [Times: user=0.00 sys=0.00, real=0.00 secs] 
1.441: [GC (CMS Initial Mark) [1 CMS-initial-mark: 4927K(6848K)] 4927K(9920K), 0.0001004 secs] [Times: user=0.00 sys=0.00, real=0.00 secs] 
1.441: [CMS-concurrent-mark-start]
1.441: [GC (Allocation Failure) 1.441: [ParNew: 0K->0K(3072K), 0.0001835 secs]1.442: [CMS1.452: [CMS-concurrent-mark: 0.001/0.010 secs] [Times: user=0.00 sys=0.00, real=0.01 secs] 
 (concurrent mode failure): 4927K->831K(6848K), 0.0115071 secs] 4927K->831K(9920K), [Metaspace: 3448K->3448K(1056768K)], 0.0117631 secs] [Times: user=0.00 sys=0.00, real=0.01 secs] 
1.454: [GC (Allocation Failure) 1.454: [ParNew: 55K->4K(3072K), 0.0002333 secs]1.454: [CMS: 4927K->831K(6848K), 0.0016130 secs] 4982K->831K(9920K), [Metaspace: 3452K->3452K(1056768K)], 0.0019138 secs] [Times: user=0.00 sys=0.00, real=0.00 secs] 
1.456: [GC (CMS Initial Mark) [1 CMS-initial-mark: 4927K(6848K)] 4927K(9920K), 0.0000804 secs] [Times: user=0.00 sys=0.00, real=0.00 secs] 
1.456: [CMS-concurrent-mark-start]
1.456: [GC (Allocation Failure) 1.456: [ParNew: 0K->0K(3072K), 0.0001860 secs]1.456: [CMS1.467: [CMS-concurrent-mark: 0.001/0.011 secs] [Times: user=0.00 sys=0.00, real=0.01 secs] 
 (concurrent mode failure): 4927K->831K(6848K), 0.0129191 secs] 4927K->831K(9920K), [Metaspace: 3452K->3452K(1056768K)], 0.0131746 secs] [Times: user=0.00 sys=0.00, real=0.01 secs] 
1.469: [GC (Allocation Failure) 1.469: [ParNew: 55K->4K(3072K), 0.0001943 secs]1.470: [CMS: 4927K->831K(6848K), 0.0018136 secs] 4982K->831K(9920K), [Metaspace: 3456K->3456K(1056768K)], 0.0020759 secs] [Times: user=0.00 sys=0.00, real=0.00 secs] 
1.472: [GC (CMS Initial Mark) [1 CMS-initial-mark: 4927K(6848K)] 4927K(9920K), 0.0000810 secs] [Times: user=0.00 sys=0.00, real=0.00 secs] 
1.472: [CMS-concurrent-mark-start]
1.472: [GC (Allocation Failure) 1.472: [ParNew: 0K->0K(3072K), 0.0002710 secs]1.472: [CMS1.482: [CMS-concurrent-mark: 0.001/0.010 secs] [Times: user=0.00 sys=0.00, real=0.01 secs] 
 (concurrent mode failure): 4927K->831K(6848K), 0.0117940 secs] 4927K->831K(9920K), [Metaspace: 3456K->3456K(1056768K)], 0.0121298 secs] [Times: user=0.00 sys=0.00, real=0.01 secs] 
1.485: [GC (Allocation Failure) 1.485: [ParNew: 55K->6K(3072K), 0.0002212 secs]1.485: [CMS: 4927K->832K(6848K), 0.0015603 secs] 4982K->832K(9920K), [Metaspace: 3457K->3457K(1056768K)], 0.0018454 secs] [Times: user=0.00 sys=0.00, real=0.00 secs] 
1.487: [GC (CMS Initial Mark) [1 CMS-initial-mark: 4928K(6848K)] 4984K(9920K), 0.0000750 secs] [Times: user=0.00 sys=0.00, real=0.00 secs] 
1.487: [CMS-concurrent-mark-start]
1.487: [GC (Allocation Failure) 1.487: [ParNew: 55K->4K(3072K), 0.0002273 secs]1.487: [CMS1.498: [CMS-concurrent-mark: 0.001/0.011 secs] [Times: user=0.00 sys=0.00, real=0.01 secs] 
 (concurrent mode failure): 4928K->832K(6848K), 0.0122285 secs] 4984K->832K(9920K), [Metaspace: 3459K->3459K(1056768K)], 0.0125342 secs] [Times: user=0.00 sys=0.00, real=0.01 secs] 
1.500: [GC (Allocation Failure) 1.500: [ParNew: 55K->4K(3072K), 0.0002972 secs]1.500: [CMS: 4928K->832K(6848K), 0.0014695 secs] 4983K->832K(9920K), [Metaspace: 3461K->3461K(1056768K)], 0.0018271 secs] [Times: user=0.00 sys=0.00, real=0.00 secs] 
1.502: [GC (CMS Initial Mark) [1 CMS-initial-mark: 4928K(6848K)] 4928K(9920K), 0.0001209 secs] [Times: user=0.00 sys=0.00, real=0.00 secs] 
1.502: [CMS-concurrent-mark-start]
1.502: [GC (Allocation Failure) 1.502: [ParNew: 55K->2K(3072K), 0.0002850 secs]1.503: [CMS1.513: [CMS-concurrent-mark: 0.001/0.011 secs] [Times: user=0.00 sys=0.00, real=0.01 secs] 
 (concurrent mode failure): 4928K->832K(6848K), 0.0126985 secs] 4983K->832K(9920K), [Metaspace: 3461K->3461K(1056768K)], 0.0130475 secs] [Times: user=0.00 sys=0.00, real=0.01 secs] 
1.516: [GC (Allocation Failure) 1.516: [ParNew: 55K->14K(3072K), 0.0002942 secs]1.516: [CMS: 4928K->833K(6848K), 0.0017283 secs] 4983K->833K(9920K), [Metaspace: 3462K->3462K(1056768K)], 0.0020943 secs] [Times: user=0.00 sys=0.00, real=0.00 secs] 
1.518: [GC (CMS Initial Mark) [1 CMS-initial-mark: 4929K(6848K)] 4929K(9920K), 0.0000872 secs] [Times: user=0.00 sys=0.00, real=0.00 secs] 
1.518: [CMS-concurrent-mark-start]
1.518: [GC (Allocation Failure) 1.518: [ParNew: 55K->4K(3072K), 0.0003520 secs]1.519: [CMS1.529: [CMS-concurrent-mark: 0.001/0.011 secs] [Times: user=0.00 sys=0.00, real=0.01 secs] 
 (concurrent mode failure): 4929K->833K(6848K), 0.0132031 secs] 4984K->833K(9920K), [Metaspace: 3462K->3462K(1056768K)], 0.0136360 secs] [Times: user=0.00 sys=0.00, real=0.01 secs] 
1.532: [GC (Allocation Failure) 1.532: [ParNew: 55K->12K(3072K), 0.0003244 secs]1.533: [CMS: 4929K->833K(6848K), 0.0017636 secs] 4984K->833K(9920K), [Metaspace: 3462K->3462K(1056768K)], 0.0021618 secs] [Times: user=0.00 sys=0.00, real=0.00 secs] 
1.535: [GC (CMS Initial Mark) [1 CMS-initial-mark: 4929K(6848K)] 4984K(9920K), 0.0001454 secs] [Times: user=0.00 sys=0.00, real=0.00 secs] 
1.535: [CMS-concurrent-mark-start]
1.535: [GC (Allocation Failure) 1.535: [ParNew: 55K->4K(3072K), 0.0003391 secs]1.536: [CMS1.544: [CMS-concurrent-mark: 0.001/0.009 secs] [Times: user=0.00 sys=0.00, real=0.01 secs] 
 (concurrent mode failure): 4929K->833K(6848K), 0.0114077 secs] 4984K->833K(9920K), [Metaspace: 3462K->3462K(1056768K)], 0.0118227 secs] [Times: user=0.00 sys=0.00, real=0.01 secs] 
1.548: [GC (Allocation Failure) 1.548: [ParNew: 63K->30K(3072K), 0.0002422 secs]1.548: [CMS: 4930K->858K(6848K), 0.0017046 secs] 4993K->858K(9920K), [Metaspace: 3462K->3462K(1056768K)], 0.0020215 secs] [Times: user=0.00 sys=0.00, real=0.00 secs] 
1.550: [GC (CMS Initial Mark) [1 CMS-initial-mark: 4954K(6848K)] 5009K(9920K), 0.0001690 secs] [Times: user=0.00 sys=0.00, real=0.00 secs] 
1.550: [CMS-concurrent-mark-start]
1.550: [GC (Allocation Failure) 1.550: [ParNew: 55K->8K(3072K), 0.0002581 secs]1.551: [CMS1.560: [CMS-concurrent-mark: 0.001/0.010 secs] [Times: user=0.00 sys=0.00, real=0.01 secs] 
 (concurrent mode failure): 4954K->858K(6848K), 0.0120953 secs] 5009K->858K(9920K), [Metaspace: 3462K->3462K(1056768K)], 0.0124267 secs] [Times: user=0.00 sys=0.00, real=0.01 secs] 
1.563: [GC (Allocation Failure) 1.563: [ParNew: 0K->2K(3072K), 0.0002975 secs]1.563: [CMS: 4954K->858K(6848K), 0.0016088 secs] 4954K->858K(9920K), [Metaspace: 3462K->3462K(1056768K)], 0.0019746 secs] [Times: user=0.00 sys=0.00, real=0.00 secs] 
1.565: [GC (CMS Initial Mark) [1 CMS-initial-mark: 4954K(6848K)] 4954K(9920K), 0.0001272 secs] [Times: user=0.00 sys=0.00, real=0.00 secs] 
1.566: [CMS-concurrent-mark-start]
1.566: [GC (Allocation Failure) 1.566: [ParNew: 55K->4K(3072K), 0.0001989 secs]1.566: [CMS1.575: [CMS-concurrent-mark: 0.001/0.010 secs] [Times: user=0.00 sys=0.00, real=0.01 secs] 
 (concurrent mode failure): 4954K->858K(6848K), 0.0118054 secs] 5009K->858K(9920K), [Metaspace: 3462K->3462K(1056768K)], 0.0121038 secs] [Times: user=0.00 sys=0.00, real=0.01 secs] 
1.578: [GC (Allocation Failure) 1.578: [ParNew: 55K->12K(3072K), 0.0003373 secs]1.579: [CMS: 4954K->859K(6848K), 0.0019011 secs] 5009K->859K(9920K), [Metaspace: 3462K->3462K(1056768K)], 0.0023157 secs] [Times: user=0.00 sys=0.00, real=0.00 secs] 
1.581: [GC (CMS Initial Mark) [1 CMS-initial-mark: 4955K(6848K)] 5011K(9920K), 0.0002057 secs] [Times: user=0.00 sys=0.00, real=0.00 secs] 
1.581: [CMS-concurrent-mark-start]
1.581: [GC (Allocation Failure) 1.581: [ParNew: 55K->6K(3072K), 0.0002624 secs]1.582: [CMS1.591: [CMS-concurrent-mark: 0.001/0.010 secs] [Times: user=0.00 sys=0.00, real=0.01 secs] 
 (concurrent mode failure): 4955K->860K(6848K), 0.0111100 secs] 5011K->860K(9920K), [Metaspace: 3462K->3462K(1056768K)], 0.0114448 secs] [Times: user=0.00 sys=0.00, real=0.01 secs] 
1.593: [GC (Allocation Failure) 1.593: [ParNew: 55K->14K(3072K), 0.0003098 secs]1.594: [CMS: 4956K->866K(6848K), 0.0024441 secs] 5011K->866K(9920K), [Metaspace: 3462K->3462K(1056768K)], 0.0028402 secs] [Times: user=0.00 sys=0.00, real=0.00 secs] 
1.596: [GC (CMS Initial Mark) [1 CMS-initial-mark: 4962K(6848K)] 5017K(9920K), 0.0001252 secs] [Times: user=0.00 sys=0.00, real=0.00 secs] 
1.596: [CMS-concurrent-mark-start]
1.597: [GC (Allocation Failure) 1.597: [ParNew: 55K->4K(3072K), 0.0002484 secs]1.597: [CMS1.606: [CMS-concurrent-mark: 0.001/0.010 secs] [Times: user=0.00 sys=0.00, real=0.01 secs] 
 (concurrent mode failure): 4962K->866K(6848K), 0.0113340 secs] 5017K->866K(9920K), [Metaspace: 3464K->3464K(1056768K)], 0.0116582 secs] [Times: user=0.00 sys=0.00, real=0.01 secs] 
1.609: [GC (Allocation Failure) 1.609: [ParNew: 55K->0K(3072K), 0.0003558 secs]1.609: [CMS: 4962K->842K(6848K), 0.0019627 secs] 5017K->842K(9920K), [Metaspace: 3465K->3465K(1056768K)], 0.0024190 secs] [Times: user=0.00 sys=0.00, real=0.00 secs] 
1.611: [GC (CMS Initial Mark) [1 CMS-initial-mark: 4938K(6848K)] 4938K(9920K), 0.0001371 secs] [Times: user=0.00 sys=0.00, real=0.00 secs] 
1.612: [CMS-concurrent-mark-start]
1.612: [GC (Allocation Failure) 1.612: [ParNew: 55K->4K(3072K), 0.0003014 secs]1.612: [CMS1.622: [CMS-concurrent-mark: 0.001/0.011 secs] [Times: user=0.00 sys=0.00, real=0.01 secs] 
 (concurrent mode failure): 4938K->842K(6848K), 0.0123947 secs] 4993K->842K(9920K), [Metaspace: 3465K->3465K(1056768K)], 0.0127795 secs] [Times: user=0.00 sys=0.00, real=0.01 secs] 
1.625: [GC (Allocation Failure) 1.625: [ParNew: 55K->4K(3072K), 0.0005365 secs]1.626: [CMS: 4938K->842K(6848K), 0.0020493 secs] 4993K->842K(9920K), [Metaspace: 3465K->3465K(1056768K)], 0.0026885 secs] [Times: user=0.00 sys=0.00, real=0.00 secs] 
1.628: [GC (CMS Initial Mark) [1 CMS-initial-mark: 4938K(6848K)] 4993K(9920K), 0.0004629 secs] [Times: user=0.00 sys=0.00, real=0.00 secs] 
1.629: [CMS-concurrent-mark-start]
1.629: [GC (Allocation Failure) 1.629: [ParNew: 55K->0K(3072K), 0.0002907 secs]1.629: [CMS1.637: [CMS-concurrent-mark: 0.001/0.009 secs] [Times: user=0.00 sys=0.00, real=0.01 secs] 
 (concurrent mode failure): 4938K->842K(6848K), 0.0098352 secs] 4993K->842K(9920K), [Metaspace: 3466K->3466K(1056768K)], 0.0101972 secs] [Times: user=0.00 sys=0.00, real=0.01 secs] 
1.639: [GC (Allocation Failure) 1.639: [ParNew: 55K->0K(3072K), 0.0002434 secs]1.640: [CMS: 4938K->842K(6848K), 0.0015168 secs] 4993K->842K(9920K), [Metaspace: 3466K->3466K(1056768K)], 0.0018179 secs] [Times: user=0.00 sys=0.00, real=0.00 secs] 
1.642: [GC (CMS Initial Mark) [1 CMS-initial-mark: 4938K(6848K)] 4938K(9920K), 0.0001995 secs] [Times: user=0.00 sys=0.00, real=0.00 secs] 
1.642: [CMS-concurrent-mark-start]
1.642: [GC (Allocation Failure) 1.642: [ParNew: 55K->0K(3072K), 0.0002890 secs]1.642: [CMS1.653: [CMS-concurrent-mark: 0.001/0.011 secs] [Times: user=0.00 sys=0.00, real=0.01 secs] 
 (concurrent mode failure): 4938K->842K(6848K), 0.0131390 secs] 4993K->842K(9920K), [Metaspace: 3466K->3466K(1056768K)], 0.0135000 secs] [Times: user=0.00 sys=0.00, real=0.01 secs] 
1.656: [GC (Allocation Failure) 1.656: [ParNew: 55K->10K(3072K), 0.0002600 secs]1.656: [CMS: 4938K->842K(6848K), 0.0018127 secs] 4993K->842K(9920K), [Metaspace: 3466K->3466K(1056768K)], 0.0021450 secs] [Times: user=0.00 sys=0.00, real=0.00 secs] 
1.658: [GC (CMS Initial Mark) [1 CMS-initial-mark: 4938K(6848K)] 4938K(9920K), 0.0002117 secs] [Times: user=0.00 sys=0.00, real=0.00 secs] 
1.659: [CMS-concurrent-mark-start]
1.659: [GC (Allocation Failure) 1.659: [ParNew: 0K->2K(3072K), 0.0002457 secs]1.659: [CMS1.668: [CMS-concurrent-mark: 0.001/0.009 secs] [Times: user=0.00 sys=0.00, real=0.01 secs] 
 (concurrent mode failure): 4938K->842K(6848K), 0.0118679 secs] 4938K->842K(9920K), [Metaspace: 3466K->3466K(1056768K)], 0.0122014 secs] [Times: user=0.00 sys=0.00, real=0.01 secs] 
1.671: [GC (Allocation Failure) 1.671: [ParNew: 55K->2K(3072K), 0.0003219 secs]1.672: [CMS: 4938K->842K(6848K), 0.0016629 secs] 4993K->842K(9920K), [Metaspace: 3466K->3466K(1056768K)], 0.0020516 secs] [Times: user=0.00 sys=0.00, real=0.00 secs] 
1.674: [GC (CMS Initial Mark) [1 CMS-initial-mark: 4938K(6848K)] 4993K(9920K), 0.0002720 secs] [Times: user=0.00 sys=0.00, real=0.00 secs] 
1.674: [CMS-concurrent-mark-start]
1.674: [GC (Allocation Failure) 1.674: [ParNew: 55K->8K(3072K), 0.0003039 secs]1.675: [CMS1.684: [CMS-concurrent-mark: 0.001/0.010 secs] [Times: user=0.00 sys=0.00, real=0.01 secs] 
 (concurrent mode failure): 4938K->842K(6848K), 0.0114673 secs] 4993K->842K(9920K), [Metaspace: 3468K->3468K(1056768K)], 0.0118513 secs] [Times: user=0.00 sys=0.00, real=0.01 secs] 
1.687: [GC (Allocation Failure) 1.687: [ParNew: 55K->10K(3072K), 0.0003325 secs]1.687: [CMS: 4938K->843K(6848K), 0.0016448 secs] 4993K->843K(9920K), [Metaspace: 3469K->3469K(1056768K)], 0.0020459 secs] [Times: user=0.00 sys=0.00, real=0.00 secs] 
1.689: [GC (CMS Initial Mark) [1 CMS-initial-mark: 4939K(6848K)] 4939K(9920K), 0.0001613 secs] [Times: user=0.00 sys=0.00, real=0.00 secs] 
1.689: [CMS-concurrent-mark-start]
1.689: [GC (Allocation Failure) 1.689: [ParNew: 0K->2K(3072K), 0.0002878 secs]1.690: [CMS1.700: [CMS-concurrent-mark: 0.001/0.011 secs] [Times: user=0.00 sys=0.00, real=0.01 secs] 
 (concurrent mode failure): 4939K->843K(6848K), 0.0127823 secs] 4939K->843K(9920K), [Metaspace: 3469K->3469K(1056768K)], 0.0131397 secs] [Times: user=0.00 sys=0.00, real=0.01 secs] 
1.703: [GC (Allocation Failure) 1.703: [ParNew: 55K->14K(3072K), 0.0003427 secs]1.703: [CMS: 4939K->843K(6848K), 0.0018888 secs] 4994K->843K(9920K), [Metaspace: 3470K->3470K(1056768K)], 0.0023063 secs] [Times: user=0.00 sys=0.00, real=0.00 secs] 
1.706: [GC (CMS Initial Mark) [1 CMS-initial-mark: 4939K(6848K)] 4994K(9920K), 0.0002350 secs] [Times: user=0.00 sys=0.00, real=0.00 secs] 
1.706: [CMS-concurrent-mark-start]
1.706: [GC (Allocation Failure) 1.706: [ParNew: 55K->4K(3072K), 0.0002891 secs]1.706: [CMS1.715: [CMS-concurrent-mark: 0.001/0.009 secs] [Times: user=0.00 sys=0.00, real=0.01 secs] 
 (concurrent mode failure): 4939K->844K(6848K), 0.0107358 secs] 4994K->844K(9920K), [Metaspace: 3470K->3470K(1056768K)], 0.0111056 secs] [Times: user=0.00 sys=0.00, real=0.01 secs] 
1.718: [GC (Allocation Failure) 1.718: [ParNew: 55K->4K(3072K), 0.0002448 secs]1.718: [CMS: 4940K->843K(6848K), 0.0024922 secs] 4995K->843K(9920K), [Metaspace: 3470K->3470K(1056768K)], 0.0028208 secs] [Times: user=0.00 sys=0.00, real=0.00 secs] 
1.721: [GC (CMS Initial Mark) [1 CMS-initial-mark: 4939K(6848K)] 4940K(9920K), 0.0002795 secs] [Times: user=0.00 sys=0.00, real=0.00 secs] 
1.721: [CMS-concurrent-mark-start]
1.721: [GC (Allocation Failure) 1.721: [ParNew: 55K->4K(3072K), 0.0003942 secs]1.722: [CMS1.731: [CMS-concurrent-mark: 0.001/0.009 secs] [Times: user=0.00 sys=0.00, real=0.01 secs] 
 (concurrent mode failure): 4939K->842K(6848K), 0.0109394 secs] 4995K->842K(9920K), [Metaspace: 3470K->3470K(1056768K)], 0.0114054 secs] [Times: user=0.00 sys=0.00, real=0.01 secs] 
1.733: [GC (Allocation Failure) 1.733: [ParNew: 55K->6K(3072K), 0.0003790 secs]1.733: [CMS: 4938K->842K(6848K), 0.0016774 secs] 4993K->842K(9920K), [Metaspace: 3473K->3473K(1056768K)], 0.0021224 secs] [Times: user=0.00 sys=0.00, real=0.00 secs] 
1.735: [GC (CMS Initial Mark) [1 CMS-initial-mark: 4938K(6848K)] 4938K(9920K), 0.0006452 secs] [Times: user=0.00 sys=0.00, real=0.00 secs] 
1.736: [CMS-concurrent-mark-start]
1.736: [GC (Allocation Failure) 1.736: [ParNew: 0K->0K(3072K), 0.0002647 secs]1.737: [CMS1.746: [CMS-concurrent-mark: 0.001/0.009 secs] [Times: user=0.00 sys=0.00, real=0.01 secs] 
 (concurrent mode failure): 4938K->842K(6848K), 0.0112085 secs] 4938K->842K(9920K), [Metaspace: 3473K->3473K(1056768K)], 0.0115624 secs] [Times: user=0.00 sys=0.00, real=0.01 secs] 
1.748: [GC (Allocation Failure) 1.748: [ParNew: 55K->4K(3072K), 0.0003854 secs]1.749: [CMS: 4938K->843K(6848K), 0.0018526 secs] 4994K->843K(9920K), [Metaspace: 3475K->3475K(1056768K)], 0.0023129 secs] [Times: user=0.00 sys=0.00, real=0.00 secs] 
1.751: [GC (CMS Initial Mark) [1 CMS-initial-mark: 4939K(6848K)] 4939K(9920K), 0.0003611 secs] [Times: user=0.00 sys=0.00, real=0.00 secs] 
1.751: [CMS-concurrent-mark-start]
1.752: [GC (Allocation Failure) 1.752: [ParNew: 55K->4K(3072K), 0.0004015 secs]1.752: [CMS1.762: [CMS-concurrent-mark: 0.002/0.010 secs] [Times: user=0.00 sys=0.00, real=0.01 secs] 
 (concurrent mode failure): 4939K->843K(6848K), 0.0119895 secs] 4994K->843K(9920K), [Metaspace: 3478K->3478K(1056768K)], 0.0124630 secs] [Times: user=0.00 sys=0.00, real=0.01 secs] 
1.765: [GC (Allocation Failure) 1.765: [ParNew: 55K->4K(3072K), 0.0004886 secs]1.765: [CMS: 4939K->843K(6848K), 0.0015588 secs] 4994K->843K(9920K), [Metaspace: 3483K->3483K(1056768K)], 0.0021118 secs] [Times: user=0.00 sys=0.00, real=0.00 secs] 
1.767: [GC (CMS Initial Mark) [1 CMS-initial-mark: 4939K(6848K)] 4939K(9920K), 0.0001335 secs] [Times: user=0.00 sys=0.00, real=0.00 secs] 
1.767: [CMS-concurrent-mark-start]
1.767: [GC (Allocation Failure) 1.767: [ParNew: 55K->4K(3072K), 0.0004261 secs]1.768: [CMS1.777: [CMS-concurrent-mark: 0.001/0.010 secs] [Times: user=0.00 sys=0.00, real=0.01 secs] 
 (concurrent mode failure): 4939K->843K(6848K), 0.0119276 secs] 4994K->843K(9920K), [Metaspace: 3483K->3483K(1056768K)], 0.0124250 secs] [Times: user=0.00 sys=0.00, real=0.01 secs] 
1.780: [GC (Allocation Failure) 1.780: [ParNew: 55K->4K(3072K), 0.0002102 secs]1.780: [CMS: 4939K->843K(6848K), 0.0016260 secs] 4994K->843K(9920K), [Metaspace: 3483K->3483K(1056768K)], 0.0019034 secs] [Times: user=0.00 sys=0.00, real=0.00 secs] 
1.782: [GC (CMS Initial Mark) [1 CMS-initial-mark: 4940K(6848K)] 4940K(9920K), 0.0001687 secs] [Times: user=0.00 sys=0.00, real=0.00 secs] 
1.782: [CMS-concurrent-mark-start]
1.783: [GC (Allocation Failure) 1.783: [ParNew: 0K->0K(3072K), 0.0002363 secs]1.783: [CMS1.793: [CMS-concurrent-mark: 0.002/0.011 secs] [Times: user=0.00 sys=0.00, real=0.01 secs] 
 (concurrent mode failure): 4940K->843K(6848K), 0.0128942 secs] 4940K->843K(9920K), [Metaspace: 3483K->3483K(1056768K)], 0.0132394 secs] [Times: user=0.00 sys=0.00, real=0.01 secs] 
1.796: [GC (Allocation Failure) 1.796: [ParNew: 55K->6K(3072K), 0.0003325 secs]1.797: [CMS: 4940K->844K(6848K), 0.0016437 secs] 4995K->844K(9920K), [Metaspace: 3483K->3483K(1056768K)], 0.0020353 secs] [Times: user=0.00 sys=0.00, real=0.00 secs] 
1.799: [GC (CMS Initial Mark) [1 CMS-initial-mark: 4940K(6848K)] 4995K(9920K), 0.0001456 secs] [Times: user=0.00 sys=0.00, real=0.00 secs] 
1.799: [CMS-concurrent-mark-start]
1.799: [GC (Allocation Failure) 1.799: [ParNew: 55K->8K(3072K), 0.0002021 secs]1.799: [CMS1.808: [CMS-concurrent-mark: 0.001/0.010 secs] [Times: user=0.00 sys=0.00, real=0.01 secs] 
 (concurrent mode failure): 4940K->844K(6848K), 0.0118178 secs] 4995K->844K(9920K), [Metaspace: 3483K->3483K(1056768K)], 0.0121146 secs] [Times: user=0.00 sys=0.00, real=0.01 secs] 
1.811: [GC (Allocation Failure) 1.811: [ParNew: 55K->2K(3072K), 0.0002499 secs]1.812: [CMS: 4940K->844K(6848K), 0.0017956 secs] 4995K->844K(9920K), [Metaspace: 3483K->3483K(1056768K)], 0.0021188 secs] [Times: user=0.00 sys=0.00, real=0.00 secs] 
1.814: [GC (CMS Initial Mark) [1 CMS-initial-mark: 4940K(6848K)] 4940K(9920K), 0.0000850 secs] [Times: user=0.00 sys=0.00, real=0.00 secs] 
1.814: [CMS-concurrent-mark-start]
1.814: [GC (Allocation Failure) 1.814: [ParNew: 55K->4K(3072K), 0.0001617 secs]1.814: [CMS1.825: [CMS-concurrent-mark: 0.001/0.011 secs] [Times: user=0.00 sys=0.00, real=0.01 secs] 
 (concurrent mode failure): 4940K->844K(6848K), 0.0125285 secs] 4995K->844K(9920K), [Metaspace: 3483K->3483K(1056768K)], 0.0127740 secs] [Times: user=0.00 sys=0.00, real=0.01 secs] 
1.827: [GC (Allocation Failure) 1.827: [ParNew: 55K->8K(3072K), 0.0002623 secs]1.828: [CMS: 4940K->845K(6848K), 0.0021452 secs] 4995K->845K(9920K), [Metaspace: 3484K->3484K(1056768K)], 0.0025073 secs] [Times: user=0.00 sys=0.00, real=0.00 secs] 
1.830: [GC (CMS Initial Mark) [1 CMS-initial-mark: 4941K(6848K)] 4941K(9920K), 0.0001230 secs] [Times: user=0.00 sys=0.00, real=0.00 secs] 
1.830: [CMS-concurrent-mark-start]
1.830: [GC (Allocation Failure) 1.830: [ParNew: 0K->0K(3072K), 0.0002177 secs]1.831: [CMS1.841: [CMS-concurrent-mark: 0.001/0.010 secs] [Times: user=0.00 sys=0.00, real=0.01 secs] 
 (concurrent mode failure): 4941K->844K(6848K), 0.0119536 secs] 4941K->844K(9920K), [Metaspace: 3484K->3484K(1056768K)], 0.0122334 secs] [Times: user=0.00 sys=0.00, real=0.01 secs] 
1.843: [GC (Allocation Failure) 1.843: [ParNew: 55K->10K(3072K), 0.0002565 secs]1.843: [CMS: 4940K->845K(6848K), 0.0021602 secs] 4996K->845K(9920K), [Metaspace: 3488K->3488K(1056768K)], 0.0025367 secs] [Times: user=0.00 sys=0.00, real=0.00 secs] 
1.846: [GC (CMS Initial Mark) [1 CMS-initial-mark: 4941K(6848K)] 4997K(9920K), 0.0001641 secs] [Times: user=0.00 sys=0.00, real=0.00 secs] 
1.846: [CMS-concurrent-mark-start]
1.846: [GC (Allocation Failure) 1.846: [ParNew: 55K->4K(3072K), 0.0002087 secs]1.846: [CMS1.856: [CMS-concurrent-mark: 0.001/0.010 secs] [Times: user=0.00 sys=0.00, real=0.01 secs] 
 (concurrent mode failure): 4941K->846K(6848K), 0.0112166 secs] 4997K->846K(9920K), [Metaspace: 3490K->3490K(1056768K)], 0.0114955 secs] [Times: user=0.00 sys=0.00, real=0.01 secs] 
1.858: [GC (Allocation Failure) 1.858: [ParNew: 55K->8K(3072K), 0.0002741 secs]1.858: [CMS: 4942K->845K(6848K), 0.0017524 secs] 4997K->845K(9920K), [Metaspace: 3490K->3490K(1056768K)], 0.0021077 secs] [Times: user=0.00 sys=0.00, real=0.00 secs] 
1.861: [GC (CMS Initial Mark) [1 CMS-initial-mark: 4941K(6848K)] 4941K(9920K), 0.0001459 secs] [Times: user=0.00 sys=0.00, real=0.00 secs] 
1.861: [CMS-concurrent-mark-start]
1.861: [GC (Allocation Failure) 1.861: [ParNew: 0K->0K(3072K), 0.0003364 secs]1.861: [CMS1.872: [CMS-concurrent-mark: 0.002/0.011 secs] [Times: user=0.00 sys=0.00, real=0.01 secs] 
 (concurrent mode failure): 4941K->845K(6848K), 0.0125431 secs] 4941K->845K(9920K), [Metaspace: 3490K->3490K(1056768K)], 0.0129791 secs] [Times: user=0.00 sys=0.00, real=0.01 secs] 
1.874: [GC (Allocation Failure) 1.874: [ParNew: 55K->10K(3072K), 0.0004557 secs]1.875: [CMS: 4941K->845K(6848K), 0.0017430 secs] 4996K->845K(9920K), [Metaspace: 3490K->3490K(1056768K)], 0.0022663 secs] [Times: user=0.00 sys=0.00, real=0.00 secs] 
1.877: [GC (CMS Initial Mark) [1 CMS-initial-mark: 4941K(6848K)] 4996K(9920K), 0.0001829 secs] [Times: user=0.00 sys=0.00, real=0.00 secs] 
1.877: [CMS-concurrent-mark-start]
1.877: [GC (Allocation Failure) 1.877: [ParNew: 55K->10K(3072K), 0.0002796 secs]1.878: [CMS1.887: [CMS-concurrent-mark: 0.002/0.010 secs] [Times: user=0.00 sys=0.00, real=0.01 secs] 
 (concurrent mode failure): 4941K->846K(6848K), 0.0116067 secs] 4996K->846K(9920K), [Metaspace: 3490K->3490K(1056768K)], 0.0119758 secs] [Times: user=0.00 sys=0.00, real=0.01 secs] 
1.890: [GC (Allocation Failure) 1.890: [ParNew: 55K->8K(3072K), 0.0003762 secs]1.890: [CMS: 4942K->846K(6848K), 0.0016033 secs] 4997K->846K(9920K), [Metaspace: 3490K->3490K(1056768K)], 0.0020422 secs] [Times: user=0.00 sys=0.00, real=0.00 secs] 
1.892: [GC (CMS Initial Mark) [1 CMS-initial-mark: 4942K(6848K)] 4998K(9920K), 0.0001981 secs] [Times: user=0.00 sys=0.00, real=0.00 secs] 
1.892: [CMS-concurrent-mark-start]
1.892: [GC (Allocation Failure) 1.892: [ParNew: 55K->0K(3072K), 0.0004804 secs]1.893: [CMS1.903: [CMS-concurrent-mark: 0.002/0.011 secs] [Times: user=0.00 sys=0.00, real=0.01 secs] 
 (concurrent mode failure): 4942K->846K(6848K), 0.0120621 secs] 4998K->846K(9920K), [Metaspace: 3490K->3490K(1056768K)], 0.0126199 secs] [Times: user=0.00 sys=0.00, real=0.01 secs] 
1.905: [GC (Allocation Failure) 1.905: [ParNew: 55K->6K(3072K), 0.0002177 secs]1.906: [CMS: 4942K->846K(6848K), 0.0016586 secs] 4997K->846K(9920K), [Metaspace: 3492K->3492K(1056768K)], 0.0019495 secs] [Times: user=0.00 sys=0.00, real=0.00 secs] 
1.908: [GC (CMS Initial Mark) [1 CMS-initial-mark: 4942K(6848K)] 4942K(9920K), 0.0000840 secs] [Times: user=0.00 sys=0.00, real=0.00 secs] 
1.908: [CMS-concurrent-mark-start]
1.908: [GC (Allocation Failure) 1.908: [ParNew: 0K->0K(3072K), 0.0002278 secs]1.908: [CMS1.918: [CMS-concurrent-mark: 0.001/0.010 secs] [Times: user=0.00 sys=0.00, real=0.01 secs] 
 (concurrent mode failure): 4942K->846K(6848K), 0.0119541 secs] 4942K->846K(9920K), [Metaspace: 3492K->3492K(1056768K)], 0.0122491 secs] [Times: user=0.00 sys=0.00, real=0.01 secs] 
1.921: [GC (Allocation Failure) 1.921: [ParNew: 55K->6K(3072K), 0.0002119 secs]1.921: [CMS: 4942K->845K(6848K), 0.0015963 secs] 4997K->845K(9920K), [Metaspace: 3492K->3492K(1056768K)], 0.0018650 secs] [Times: user=0.00 sys=0.00, real=0.00 secs] 
1.923: [GC (CMS Initial Mark) [1 CMS-initial-mark: 4942K(6848K)] 4997K(9920K), 0.0000717 secs] [Times: user=0.00 sys=0.00, real=0.00 secs] 
1.923: [CMS-concurrent-mark-start]
1.923: [GC (Allocation Failure) 1.923: [ParNew: 55K->0K(3072K), 0.0001925 secs]1.923: [CMS1.934: [CMS-concurrent-mark: 0.001/0.011 secs] [Times: user=0.00 sys=0.00, real=0.01 secs] 
 (concurrent mode failure): 4942K->845K(6848K), 0.0126952 secs] 4997K->845K(9920K), [Metaspace: 3494K->3494K(1056768K)], 0.0129535 secs] [Times: user=0.00 sys=0.00, real=0.01 secs] 
1.936: [GC (Allocation Failure) 1.936: [ParNew: 55K->4K(3072K), 0.0002404 secs]1.936: [CMS: 4942K->846K(6848K), 0.0018186 secs] 4997K->846K(9920K), [Metaspace: 3494K->3494K(1056768K)], 0.0021400 secs] [Times: user=0.00 sys=0.00, real=0.00 secs] 
1.939: [GC (CMS Initial Mark) [1 CMS-initial-mark: 4942K(6848K)] 4997K(9920K), 0.0001769 secs] [Times: user=0.00 sys=0.00, real=0.00 secs] 
1.939: [CMS-concurrent-mark-start]
1.939: [GC (Allocation Failure) 1.939: [ParNew: 55K->4K(3072K), 0.0002043 secs]1.939: [CMS1.948: [CMS-concurrent-mark: 0.001/0.010 secs] [Times: user=0.00 sys=0.00, real=0.01 secs] 
 (concurrent mode failure): 4942K->846K(6848K), 0.0111157 secs] 4997K->846K(9920K), [Metaspace: 3498K->3498K(1056768K)], 0.0113881 secs] [Times: user=0.00 sys=0.00, real=0.01 secs] 
1.951: [GC (Allocation Failure) 1.951: [ParNew: 55K->2K(3072K), 0.0002563 secs]1.951: [CMS: 4942K->846K(6848K), 0.0017366 secs] 4997K->846K(9920K), [Metaspace: 3498K->3498K(1056768K)], 0.0020700 secs] [Times: user=0.00 sys=0.00, real=0.00 secs] 
1.953: [GC (CMS Initial Mark) [1 CMS-initial-mark: 4942K(6848K)] 4997K(9920K), 0.0000863 secs] [Times: user=0.00 sys=0.00, real=0.00 secs] 
1.953: [CMS-concurrent-mark-start]
1.953: [GC (Allocation Failure) 1.953: [ParNew: 55K->16K(3072K), 0.0002380 secs]1.954: [CMS1.964: [CMS-concurrent-mark: 0.001/0.011 secs] [Times: user=0.00 sys=0.00, real=0.01 secs] 
 (concurrent mode failure): 4942K->847K(6848K), 0.0128542 secs] 4997K->847K(9920K), [Metaspace: 3510K->3510K(1056768K)], 0.0131732 secs] [Times: user=0.00 sys=0.00, real=0.01 secs] 
1.967: [GC (Allocation Failure) 1.967: [ParNew: 55K->9K(3072K), 0.0002230 secs]1.967: [CMS: 4943K->850K(6848K), 0.0016548 secs] 4998K->850K(9920K), [Metaspace: 3510K->3510K(1056768K)], 0.0019399 secs] [Times: user=0.00 sys=0.00, real=0.00 secs] 
1.969: [GC (CMS Initial Mark) [1 CMS-initial-mark: 4946K(6848K)] 5002K(9920K), 0.0000769 secs] [Times: user=0.00 sys=0.00, real=0.00 secs] 
1.969: [CMS-concurrent-mark-start]
1.969: [GC (Allocation Failure) 1.969: [ParNew: 55K->4K(3072K), 0.0002003 secs]1.970: [CMS1.980: [CMS-concurrent-mark: 0.001/0.010 secs] [Times: user=0.00 sys=0.00, real=0.01 secs] 
 (concurrent mode failure): 4946K->847K(6848K), 0.0120610 secs] 5002K->847K(9920K), [Metaspace: 3516K->3516K(1056768K)], 0.0123390 secs] [Times: user=0.00 sys=0.00, real=0.01 secs] 
1.982: [GC (Allocation Failure) 1.982: [ParNew: 55K->12K(3072K), 0.0002292 secs]1.982: [CMS: 4943K->849K(6848K), 0.0016965 secs] 4998K->849K(9920K), [Metaspace: 3516K->3516K(1056768K)], 0.0020008 secs] [Times: user=0.00 sys=0.00, real=0.00 secs] 
1.984: [GC (CMS Initial Mark) [1 CMS-initial-mark: 4945K(6848K)] 5000K(9920K), 0.0001102 secs] [Times: user=0.00 sys=0.00, real=0.00 secs] 
1.985: [CMS-concurrent-mark-start]
1.985: [GC (Allocation Failure) 1.985: [ParNew: 55K->4K(3072K), 0.0001968 secs]1.985: [CMS1.995: [CMS-concurrent-mark: 0.001/0.011 secs] [Times: user=0.00 sys=0.00, real=0.01 secs] 
 (concurrent mode failure): 4945K->847K(6848K), 0.0127875 secs] 5000K->847K(9920K), [Metaspace: 3518K->3518K(1056768K)], 0.0130487 secs] [Times: user=0.00 sys=0.00, real=0.01 secs] 
1.998: [GC (Allocation Failure) 1.998: [ParNew: 55K->0K(3072K), 0.0002421 secs]1.998: [CMS: 4944K->847K(6848K), 0.0018716 secs] 4999K->847K(9920K), [Metaspace: 3521K->3521K(1056768K)], 0.0021901 secs] [Times: user=0.00 sys=0.00, real=0.00 secs] 
2.001: [GC (CMS Initial Mark) [1 CMS-initial-mark: 4944K(6848K)] 4944K(9920K), 0.0001027 secs] [Times: user=0.00 sys=0.00, real=0.00 secs] 
2.001: [CMS-concurrent-mark-start]
2.001: [GC (Allocation Failure) 2.001: [ParNew: 55K->8K(3072K), 0.0002284 secs]2.001: [CMS2.011: [CMS-concurrent-mark: 0.001/0.011 secs] [Times: user=0.00 sys=0.00, real=0.01 secs] 
 (concurrent mode failure): 4944K->848K(6848K), 0.0124554 secs] 4999K->848K(9920K), [Metaspace: 3532K->3532K(1056768K)], 0.0127527 secs] [Times: user=0.00 sys=0.00, real=0.01 secs] 
2.014: [GC (Allocation Failure) 2.014: [ParNew: 55K->12K(3072K), 0.0002109 secs]2.014: [CMS: 4944K->848K(6848K), 0.0017836 secs] 4999K->848K(9920K), [Metaspace: 3537K->3537K(1056768K)], 0.0020640 secs] [Times: user=0.00 sys=0.00, real=0.00 secs] 
2.016: [GC (CMS Initial Mark) [1 CMS-initial-mark: 4944K(6848K)] 4944K(9920K), 0.0000758 secs] [Times: user=0.00 sys=0.00, real=0.00 secs] 
2.017: [CMS-concurrent-mark-start]
2.017: [GC (Allocation Failure) 2.017: [ParNew: 55K->6K(3072K), 0.0002211 secs]2.017: [CMS2.027: [CMS-concurrent-mark: 0.001/0.011 secs] [Times: user=0.00 sys=0.00, real=0.01 secs] 
 (concurrent mode failure): 4944K->848K(6848K), 0.0131600 secs] 4999K->848K(9920K), [Metaspace: 3537K->3537K(1056768K)], 0.0134633 secs] [Times: user=0.00 sys=0.00, real=0.01 secs] 
2.030: [GC (Allocation Failure) 2.030: [ParNew: 55K->4K(3072K), 0.0001966 secs]2.031: [CMS: 4944K->849K(6848K), 0.0020765 secs] 4999K->849K(9920K), [Metaspace: 3542K->3542K(1056768K)], 0.0023583 secs] [Times: user=0.00 sys=0.00, real=0.00 secs] 
2.033: [GC (CMS Initial Mark) [1 CMS-initial-mark: 4945K(6848K)] 4945K(9920K), 0.0001109 secs] [Times: user=0.00 sys=0.00, real=0.00 secs] 
2.033: [CMS-concurrent-mark-start]
2.033: [GC (Allocation Failure) 2.033: [ParNew: 55K->4K(3072K), 0.0002306 secs]2.034: [CMS2.043: [CMS-concurrent-mark: 0.001/0.010 secs] [Times: user=0.00 sys=0.00, real=0.01 secs] 
 (concurrent mode failure): 4945K->849K(6848K), 0.0116170 secs] 5000K->849K(9920K), [Metaspace: 3542K->3542K(1056768K)], 0.0119198 secs] [Times: user=0.00 sys=0.00, real=0.01 secs] 
2.046: [GC (Allocation Failure) 2.046: [ParNew: 55K->4K(3072K), 0.0002311 secs]2.046: [CMS: 4945K->849K(6848K), 0.0015309 secs] 5000K->849K(9920K), [Metaspace: 3559K->3559K(1056768K)], 0.0018204 secs] [Times: user=0.00 sys=0.00, real=0.00 secs] 
2.048: [GC (CMS Initial Mark) [1 CMS-initial-mark: 4945K(6848K)] 4945K(9920K), 0.0001041 secs] [Times: user=0.00 sys=0.00, real=0.00 secs] 
2.048: [CMS-concurrent-mark-start]
2.048: [GC (Allocation Failure) 2.048: [ParNew: 55K->2K(3072K), 0.0002131 secs]2.048: [CMS2.059: [CMS-concurrent-mark: 0.001/0.011 secs] [Times: user=0.00 sys=0.00, real=0.01 secs] 
 (concurrent mode failure): 4945K->850K(6848K), 0.0134469 secs] 5000K->850K(9920K), [Metaspace: 3559K->3559K(1056768K)], 0.0137497 secs] [Times: user=0.00 sys=0.00, real=0.01 secs] 
2.062: [GC (Allocation Failure) 2.062: [ParNew: 55K->2K(3072K), 0.0002264 secs]2.063: [CMS: 4946K->849K(6848K), 0.0020089 secs] 5001K->849K(9920K), [Metaspace: 3560K->3560K(1056768K)], 0.0023232 secs] [Times: user=0.00 sys=0.00, real=0.00 secs] 
2.065: [GC (CMS Initial Mark) [1 CMS-initial-mark: 4945K(6848K)] 4945K(9920K), 0.0001165 secs] [Times: user=0.00 sys=0.00, real=0.00 secs] 
2.065: [CMS-concurrent-mark-start]
2.065: [GC (Allocation Failure) 2.065: [ParNew: 55K->4K(3072K), 0.0002207 secs]2.066: [CMS2.075: [CMS-concurrent-mark: 0.001/0.009 secs] [Times: user=0.00 sys=0.00, real=0.01 secs] 
 (concurrent mode failure): 4945K->849K(6848K), 0.0120661 secs] 5000K->849K(9920K), [Metaspace: 3561K->3561K(1056768K)], 0.0123867 secs] [Times: user=0.00 sys=0.00, real=0.01 secs] 
2.078: [GC (Allocation Failure) 2.078: [ParNew: 55K->8K(3072K), 0.0002794 secs]2.079: [CMS: 4945K->850K(6848K), 0.0022611 secs] 5001K->850K(9920K), [Metaspace: 3567K->3567K(1056768K)], 0.0026297 secs] [Times: user=0.00 sys=0.00, real=0.00 secs] 
2.081: [GC (CMS Initial Mark) [1 CMS-initial-mark: 4946K(6848K)] 5001K(9920K), 0.0001775 secs] [Times: user=0.00 sys=0.00, real=0.00 secs] 
2.082: [CMS-concurrent-mark-start]
2.082: [GC (Allocation Failure) 2.082: [ParNew: 55K->4K(3072K), 0.0003145 secs]2.082: [CMS2.090: [CMS-concurrent-mark: 0.001/0.008 secs] [Times: user=0.00 sys=0.00, real=0.01 secs] 
 (concurrent mode failure): 4946K->850K(6848K), 0.0104160 secs] 5001K->850K(9920K), [Metaspace: 3567K->3567K(1056768K)], 0.0108301 secs] [Times: user=0.00 sys=0.00, real=0.01 secs] 
2.093: [GC (Allocation Failure) 2.093: [ParNew: 55K->6K(3072K), 0.0002832 secs]2.093: [CMS: 4946K->850K(6848K), 0.0026159 secs] 5001K->850K(9920K), [Metaspace: 3574K->3574K(1056768K)], 0.0029956 secs] [Times: user=0.00 sys=0.00, real=0.00 secs] 
2.096: [GC (CMS Initial Mark) [1 CMS-initial-mark: 4946K(6848K)] 4946K(9920K), 0.0001788 secs] [Times: user=0.00 sys=0.00, real=0.00 secs] 
2.097: [CMS-concurrent-mark-start]
2.097: [GC (Allocation Failure) 2.097: [ParNew: 0K->0K(3072K), 0.0001761 secs]2.097: [CMS2.105: [CMS-concurrent-mark: 0.001/0.008 secs] [Times: user=0.00 sys=0.00, real=0.01 secs] 
 (concurrent mode failure): 4946K->850K(6848K), 0.0100018 secs] 4946K->850K(9920K), [Metaspace: 3574K->3574K(1056768K)], 0.0102522 secs] [Times: user=0.00 sys=0.00, real=0.01 secs] 
2.107: [GC (Allocation Failure) 2.107: [ParNew: 55K->4K(3072K), 0.0002200 secs]2.108: [CMS: 4946K->851K(6848K), 0.0020001 secs] 5001K->851K(9920K), [Metaspace: 3576K->3576K(1056768K)], 0.0022993 secs] [Times: user=0.00 sys=0.00, real=0.00 secs] 
2.110: [GC (CMS Initial Mark) [1 CMS-initial-mark: 4947K(6848K)] 4947K(9920K), 0.0001363 secs] [Times: user=0.00 sys=0.00, real=0.00 secs] 
2.110: [CMS-concurrent-mark-start]
2.110: [GC (Allocation Failure) 2.110: [ParNew: 0K->0K(3072K), 0.0002359 secs]2.111: [CMS2.121: [CMS-concurrent-mark: 0.001/0.011 secs] [Times: user=0.00 sys=0.00, real=0.01 secs] 
 (concurrent mode failure): 4947K->851K(6848K), 0.0130624 secs] 4947K->851K(9920K), [Metaspace: 3576K->3576K(1056768K)], 0.0133946 secs] [Times: user=0.00 sys=0.00, real=0.01 secs] 
2.124: [GC (Allocation Failure) 2.124: [ParNew: 55K->6K(3072K), 0.0002199 secs]2.124: [CMS: 4947K->851K(6848K), 0.0020238 secs] 5002K->851K(9920K), [Metaspace: 3579K->3579K(1056768K)], 0.0023161 secs] [Times: user=0.00 sys=0.00, real=0.00 secs] 
2.127: [GC (CMS Initial Mark) [1 CMS-initial-mark: 4947K(6848K)] 4947K(9920K), 0.0001970 secs] [Times: user=0.00 sys=0.00, real=0.00 secs] 
2.127: [CMS-concurrent-mark-start]
2.127: [GC (Allocation Failure) 2.127: [ParNew: 55K->6K(3072K), 0.0002670 secs]2.127: [CMS2.136: [CMS-concurrent-mark: 0.001/0.009 secs] [Times: user=0.00 sys=0.00, real=0.01 secs] 
 (concurrent mode failure): 4947K->851K(6848K), 0.0108067 secs] 5002K->851K(9920K), [Metaspace: 3579K->3579K(1056768K)], 0.0111583 secs] [Times: user=0.00 sys=0.00, real=0.01 secs] 
2.139: [GC (Allocation Failure) 2.139: [ParNew: 55K->6K(3072K), 0.0002448 secs]2.139: [CMS: 4947K->851K(6848K), 0.0021209 secs] 5002K->851K(9920K), [Metaspace: 3579K->3579K(1056768K)], 0.0024417 secs] [Times: user=0.00 sys=0.00, real=0.00 secs] 
2.141: [GC (CMS Initial Mark) [1 CMS-initial-mark: 4947K(6848K)] 4947K(9920K), 0.0001656 secs] [Times: user=0.00 sys=0.00, real=0.00 secs] 
2.142: [CMS-concurrent-mark-start]
2.142: [GC (Allocation Failure) 2.142: [ParNew: 0K->0K(3072K), 0.0002359 secs]2.142: [CMS2.152: [CMS-concurrent-mark: 0.001/0.010 secs] [Times: user=0.00 sys=0.00, real=0.01 secs] 
 (concurrent mode failure): 4947K->851K(6848K), 0.0120956 secs] 4947K->851K(9920K), [Metaspace: 3579K->3579K(1056768K)], 0.0124091 secs] [Times: user=0.00 sys=0.00, real=0.01 secs] 
2.155: [GC (Allocation Failure) 2.155: [ParNew: 55K->8K(3072K), 0.0002785 secs]2.155: [CMS: 4947K->852K(6848K), 0.0018101 secs] 5002K->852K(9920K), [Metaspace: 3579K->3579K(1056768K)], 0.0021591 secs] [Times: user=0.00 sys=0.00, real=0.00 secs] 
2.157: [GC (CMS Initial Mark) [1 CMS-initial-mark: 4948K(6848K)] 4948K(9920K), 0.0000819 secs] [Times: user=0.00 sys=0.00, real=0.00 secs] 
2.157: [CMS-concurrent-mark-start]
2.157: [GC (Allocation Failure) 2.157: [ParNew: 55K->43K(3072K), 0.0002143 secs]2.157: [CMS2.167: [CMS-concurrent-mark: 0.001/0.010 secs] [Times: user=0.00 sys=0.00, real=0.01 secs] 
 (concurrent mode failure): 4948K->893K(6848K), 0.0114823 secs] 5003K->893K(9920K), [Metaspace: 3579K->3579K(1056768K)], 0.0117622 secs] [Times: user=0.00 sys=0.00, real=0.01 secs] 
2.169: [GC (Allocation Failure) 2.170: [ParNew: 0K->0K(3072K), 0.0002638 secs]2.170: [CMS: 4989K->852K(6848K), 0.0020481 secs] 4989K->852K(9920K), [Metaspace: 3620K->3620K(1056768K)], 0.0023730 secs] [Times: user=0.00 sys=0.00, real=0.00 secs] 
2.172: [GC (CMS Initial Mark) [1 CMS-initial-mark: 4948K(6848K)] 4948K(9920K), 0.0001074 secs] [Times: user=0.00 sys=0.00, real=0.00 secs] 
2.172: [CMS-concurrent-mark-start]
2.172: [GC (Allocation Failure) 2.172: [ParNew: 55K->0K(3072K), 0.0002241 secs]2.173: [CMS2.182: [CMS-concurrent-mark: 0.001/0.009 secs] [Times: user=0.00 sys=0.00, real=0.01 secs] 
 (concurrent mode failure): 4948K->852K(6848K), 0.0112848 secs] 5003K->852K(9920K), [Metaspace: 3622K->3622K(1056768K)], 0.0115914 secs] [Times: user=0.00 sys=0.00, real=0.01 secs] 
2.185: [GC (Allocation Failure) 2.185: [ParNew: 55K->6K(3072K), 0.0002249 secs]2.185: [CMS: 4948K->852K(6848K), 0.0026355 secs] 5003K->852K(9920K), [Metaspace: 3626K->3626K(1056768K)], 0.0029489 secs] [Times: user=0.00 sys=0.00, real=0.00 secs] 
2.188: [GC (CMS Initial Mark) [1 CMS-initial-mark: 4948K(6848K)] 4948K(9920K), 0.0002161 secs] [Times: user=0.00 sys=0.00, real=0.00 secs] 
2.188: [CMS-concurrent-mark-start]
2.188: [GC (Allocation Failure) 2.188: [ParNew: 55K->12K(3072K), 0.0002493 secs]2.189: [CMS2.197: [CMS-concurrent-mark: 0.001/0.009 secs] [Times: user=0.00 sys=0.00, real=0.01 secs] 
 (concurrent mode failure): 4948K->857K(6848K), 0.0109567 secs] 5003K->857K(9920K), [Metaspace: 3630K->3630K(1056768K)], 0.0112847 secs] [Times: user=0.00 sys=0.00, real=0.01 secs] 
2.200: [GC (Allocation Failure) 2.200: [ParNew: 55K->6K(3072K), 0.0003512 secs]2.200: [CMS: 4953K->857K(6848K), 0.0017392 secs] 5008K->857K(9920K), [Metaspace: 3630K->3630K(1056768K)], 0.0021547 secs] [Times: user=0.00 sys=0.00, real=0.00 secs] 
2.202: [GC (CMS Initial Mark) [1 CMS-initial-mark: 4953K(6848K)] 5008K(9920K), 0.0003674 secs] [Times: user=0.00 sys=0.00, real=0.00 secs] 
2.203: [CMS-concurrent-mark-start]
2.203: [GC (Allocation Failure) 2.203: [ParNew: 55K->8K(3072K), 0.0003875 secs]2.203: [CMS2.213: [CMS-concurrent-mark: 0.002/0.010 secs] [Times: user=0.00 sys=0.00, real=0.01 secs] 
 (concurrent mode failure): 4953K->858K(6848K), 0.0116859 secs] 5008K->858K(9920K), [Metaspace: 3632K->3632K(1056768K)], 0.0121457 secs] [Times: user=0.00 sys=0.00, real=0.01 secs] 
2.216: [GC (Allocation Failure) 2.216: [ParNew: 55K->6K(3072K), 0.0003581 secs]2.216: [CMS: 4954K->859K(6848K), 0.0018120 secs] 5009K->859K(9920K), [Metaspace: 3633K->3633K(1056768K)], 0.0022551 secs] [Times: user=0.00 sys=0.00, real=0.00 secs] 
2.218: [GC (CMS Initial Mark) [1 CMS-initial-mark: 4955K(6848K)] 4955K(9920K), 0.0006480 secs] [Times: user=0.00 sys=0.00, real=0.00 secs] 
2.219: [CMS-concurrent-mark-start]
2.219: [GC (Allocation Failure) 2.219: [ParNew: 55K->4K(3072K), 0.0005353 secs]2.220: [CMS2.229: [CMS-concurrent-mark: 0.001/0.010 secs] [Times: user=0.00 sys=0.00, real=0.01 secs] 
 (concurrent mode failure): 4955K->859K(6848K), 0.0114602 secs] 5010K->859K(9920K), [Metaspace: 3633K->3633K(1056768K)], 0.0120862 secs] [Times: user=0.00 sys=0.00, real=0.01 secs] 
2.232: [GC (Allocation Failure) 2.232: [ParNew: 55K->12K(3072K), 0.0002840 secs]2.232: [CMS: 4955K->859K(6848K), 0.0020543 secs] 5010K->859K(9920K), [Metaspace: 3633K->3633K(1056768K)], 0.0024164 secs] [Times: user=0.00 sys=0.00, real=0.00 secs] 
2.235: [GC (CMS Initial Mark) [1 CMS-initial-mark: 4955K(6848K)] 5010K(9920K), 0.0001307 secs] [Times: user=0.00 sys=0.00, real=0.00 secs] 
2.235: [CMS-concurrent-mark-start]
2.235: [GC (Allocation Failure) 2.235: [ParNew: 55K->8K(3072K), 0.0002402 secs]2.235: [CMS2.244: [CMS-concurrent-mark: 0.001/0.010 secs] [Times: user=0.00 sys=0.00, real=0.01 secs] 
 (concurrent mode failure): 4955K->860K(6848K), 0.0122322 secs] 5010K->860K(9920K), [Metaspace: 3634K->3634K(1056768K)], 0.0125591 secs] [Times: user=0.00 sys=0.00, real=0.01 secs] 
2.248: [GC (Allocation Failure) 2.248: [ParNew: 55K->8K(3072K), 0.0003178 secs]2.248: [CMS: 4956K->860K(6848K), 0.0018187 secs] 5011K->860K(9920K), [Metaspace: 3634K->3634K(1056768K)], 0.0022096 secs] [Times: user=0.00 sys=0.00, real=0.00 secs] 
2.251: [GC (CMS Initial Mark) [1 CMS-initial-mark: 4956K(6848K)] 4956K(9920K), 0.0005737 secs] [Times: user=0.00 sys=0.00, real=0.00 secs] 
2.251: [CMS-concurrent-mark-start]
2.251: [GC (Allocation Failure) 2.252: [ParNew: 55K->2K(3072K), 0.0007115 secs]2.252: [CMS2.260: [CMS-concurrent-mark: 0.001/0.009 secs] [Times: user=0.00 sys=0.00, real=0.01 secs] 
 (concurrent mode failure): 4956K->860K(6848K), 0.0107799 secs] 5011K->860K(9920K), [Metaspace: 3634K->3634K(1056768K)], 0.0115679 secs] [Times: user=0.00 sys=0.00, real=0.01 secs] 
2.264: [GC (Allocation Failure) 2.264: [ParNew: 55K->0K(3072K), 0.0003162 secs]2.264: [CMS: 4956K->860K(6848K), 0.0020527 secs] 5011K->860K(9920K), [Metaspace: 3634K->3634K(1056768K)], 0.0024879 secs] [Times: user=0.00 sys=0.00, real=0.00 secs] 
2.266: [GC (CMS Initial Mark) [1 CMS-initial-mark: 4956K(6848K)] 4956K(9920K), 0.0004747 secs] [Times: user=0.00 sys=0.00, real=0.00 secs] 
2.267: [CMS-concurrent-mark-start]
2.267: [GC (Allocation Failure) 2.267: [ParNew: 55K->2K(3072K), 0.0002569 secs]2.267: [CMS2.276: [CMS-concurrent-mark: 0.001/0.009 secs] [Times: user=0.00 sys=0.00, real=0.01 secs] 
 (concurrent mode failure): 4956K->860K(6848K), 0.0108374 secs] 5011K->860K(9920K), [Metaspace: 3634K->3634K(1056768K)], 0.0111677 secs] [Times: user=0.00 sys=0.00, real=0.01 secs] 
2.279: [GC (Allocation Failure) 2.279: [ParNew: 55K->6K(3072K), 0.0002838 secs]2.279: [CMS: 4956K->861K(6848K), 0.0016574 secs] 5011K->861K(9920K), [Metaspace: 3634K->3634K(1056768K)], 0.0020027 secs] [Times: user=0.00 sys=0.00, real=0.00 secs] 
2.281: [GC (CMS Initial Mark) [1 CMS-initial-mark: 4957K(6848K)] 5012K(9920K), 0.0002303 secs] [Times: user=0.00 sys=0.00, real=0.00 secs] 
2.281: [CMS-concurrent-mark-start]
2.282: [GC (Allocation Failure) 2.282: [ParNew: 55K->0K(3072K), 0.0003104 secs]2.282: [CMS2.291: [CMS-concurrent-mark: 0.001/0.010 secs] [Times: user=0.00 sys=0.00, real=0.01 secs] 
 (concurrent mode failure): 4957K->861K(6848K), 0.0127690 secs] 5012K->861K(9920K), [Metaspace: 3634K->3634K(1056768K)], 0.0131686 secs] [Times: user=0.00 sys=0.00, real=0.01 secs] 
2.295: [GC (Allocation Failure) 2.295: [ParNew: 55K->8K(3072K), 0.0005970 secs]2.296: [CMS: 4957K->861K(6848K), 0.0021741 secs] 5012K->861K(9920K), [Metaspace: 3634K->3634K(1056768K)], 0.0028504 secs] [Times: user=0.00 sys=0.00, real=0.00 secs] 
2.299: [GC (CMS Initial Mark) [1 CMS-initial-mark: 4957K(6848K)] 4957K(9920K), 0.0001989 secs] [Times: user=0.00 sys=0.00, real=0.00 secs] 
2.299: [CMS-concurrent-mark-start]
2.299: [GC (Allocation Failure) 2.299: [ParNew: 55K->4K(3072K), 0.0003153 secs]2.299: [CMS2.307: [CMS-concurrent-mark: 0.001/0.008 secs] [Times: user=0.00 sys=0.00, real=0.01 secs] 
 (concurrent mode failure): 4957K->861K(6848K), 0.0108450 secs] 5012K->861K(9920K), [Metaspace: 3634K->3634K(1056768K)], 0.0112715 secs] [Times: user=0.00 sys=0.00, real=0.01 secs] 
2.311: [GC (Allocation Failure) 2.311: [ParNew: 55K->6K(3072K), 0.0003072 secs]2.311: [CMS: 4957K->861K(6848K), 0.0021085 secs] 5012K->861K(9920K), [Metaspace: 3634K->3634K(1056768K)], 0.0025032 secs] [Times: user=0.00 sys=0.00, real=0.00 secs] 
2.314: [GC (CMS Initial Mark) [1 CMS-initial-mark: 4957K(6848K)] 4957K(9920K), 0.0001951 secs] [Times: user=0.00 sys=0.00, real=0.00 secs] 
2.314: [CMS-concurrent-mark-start]
2.314: [GC (Allocation Failure) 2.314: [ParNew: 55K->0K(3072K), 0.0002641 secs]2.314: [CMS2.323: [CMS-concurrent-mark: 0.001/0.009 secs] [Times: user=0.00 sys=0.00, real=0.01 secs] 
 (concurrent mode failure): 4957K->861K(6848K), 0.0111919 secs] 5012K->861K(9920K), [Metaspace: 3634K->3634K(1056768K)], 0.0115496 secs] [Times: user=0.00 sys=0.00, real=0.01 secs] 
2.326: [GC (Allocation Failure) 2.326: [ParNew: 55K->6K(3072K), 0.0003182 secs]2.326: [CMS: 4957K->861K(6848K), 0.0025372 secs] 5012K->861K(9920K), [Metaspace: 3635K->3635K(1056768K)], 0.0029440 secs] [Times: user=0.00 sys=0.00, real=0.00 secs] 
2.329: [GC (CMS Initial Mark) [1 CMS-initial-mark: 4957K(6848K)] 5013K(9920K), 0.0004478 secs] [Times: user=0.00 sys=0.00, real=0.00 secs] 
2.330: [CMS-concurrent-mark-start]
2.330: [GC (Allocation Failure) 2.330: [ParNew: 55K->2K(3072K), 0.0006143 secs]2.331: [CMS2.338: [CMS-concurrent-mark: 0.001/0.008 secs] [Times: user=0.00 sys=0.00, real=0.01 secs] 
 (concurrent mode failure): 4957K->861K(6848K), 0.0100882 secs] 5013K->861K(9920K), [Metaspace: 3635K->3635K(1056768K)], 0.0107890 secs] [Times: user=0.00 sys=0.00, real=0.01 secs] 
2.341: [GC (Allocation Failure) 2.341: [ParNew: 55K->6K(3072K), 0.0002713 secs]2.342: [CMS: 4957K->862K(6848K), 0.0029193 secs] 5012K->862K(9920K), [Metaspace: 3635K->3635K(1056768K)], 0.0032738 secs] [Times: user=0.00 sys=0.00, real=0.00 secs] 
2.345: [GC (CMS Initial Mark) [1 CMS-initial-mark: 4958K(6848K)] 4958K(9920K), 0.0002138 secs] [Times: user=0.00 sys=0.00, real=0.00 secs] 
2.345: [CMS-concurrent-mark-start]
2.345: [GC (Allocation Failure) 2.345: [ParNew: 55K->0K(3072K), 0.0003175 secs]2.346: [CMS2.354: [CMS-concurrent-mark: 0.001/0.008 secs] [Times: user=0.00 sys=0.00, real=0.01 secs] 
 (concurrent mode failure): 4958K->862K(6848K), 0.0104915 secs] 5013K->862K(9920K), [Metaspace: 3636K->3636K(1056768K)], 0.0109070 secs] [Times: user=0.00 sys=0.00, real=0.01 secs] 
2.357: [GC (Allocation Failure) 2.357: [ParNew: 55K->4K(3072K), 0.0003188 secs]2.357: [CMS: 4958K->862K(6848K), 0.0017202 secs] 5013K->862K(9920K), [Metaspace: 3636K->3636K(1056768K)], 0.0021106 secs] [Times: user=0.00 sys=0.00, real=0.00 secs] 
2.359: [GC (CMS Initial Mark) [1 CMS-initial-mark: 4958K(6848K)] 5013K(9920K), 0.0002754 secs] [Times: user=0.00 sys=0.00, real=0.00 secs] 
2.360: [CMS-concurrent-mark-start]
2.360: [GC (Allocation Failure) 2.360: [ParNew: 55K->4K(3072K), 0.0004193 secs]2.360: [CMS2.369: [CMS-concurrent-mark: 0.001/0.010 secs] [Times: user=0.00 sys=0.00, real=0.01 secs] 
 (concurrent mode failure): 4958K->862K(6848K), 0.0117904 secs] 5013K->862K(9920K), [Metaspace: 3636K->3636K(1056768K)], 0.0122867 secs] [Times: user=0.00 sys=0.00, real=0.01 secs] 
2.372: [GC (Allocation Failure) 2.372: [ParNew: 55K->6K(3072K), 0.0005902 secs]2.373: [CMS: 4958K->863K(6848K), 0.0023370 secs] 5013K->863K(9920K), [Metaspace: 3636K->3636K(1056768K)], 0.0030103 secs] [Times: user=0.00 sys=0.00, real=0.00 secs] 
2.376: [GC (CMS Initial Mark) [1 CMS-initial-mark: 4959K(6848K)] 5014K(9920K), 0.0002072 secs] [Times: user=0.00 sys=0.00, real=0.00 secs] 
2.376: [CMS-concurrent-mark-start]
2.376: [GC (Allocation Failure) 2.376: [ParNew: 55K->2K(3072K), 0.0003767 secs]2.377: [CMS2.385: [CMS-concurrent-mark: 0.001/0.009 secs] [Times: user=0.00 sys=0.00, real=0.01 secs] 
 (concurrent mode failure): 4959K->862K(6848K), 0.0109468 secs] 5014K->862K(9920K), [Metaspace: 3636K->3636K(1056768K)], 0.0114297 secs] [Times: user=0.00 sys=0.00, real=0.01 secs] 
2.388: [GC (Allocation Failure) 2.388: [ParNew: 55K->8K(3072K), 0.0002525 secs]2.388: [CMS: 4958K->862K(6848K), 0.0016009 secs] 5013K->862K(9920K), [Metaspace: 3636K->3636K(1056768K)], 0.0019248 secs] [Times: user=0.00 sys=0.00, real=0.00 secs] 
2.390: [GC (CMS Initial Mark) [1 CMS-initial-mark: 4958K(6848K)] 5013K(9920K), 0.0001526 secs] [Times: user=0.00 sys=0.00, real=0.00 secs] 
2.390: [CMS-concurrent-mark-start]
2.390: [GC (Allocation Failure) 2.390: [ParNew: 55K->4K(3072K), 0.0002408 secs]2.391: [CMS2.402: [CMS-concurrent-mark: 0.001/0.011 secs] [Times: user=0.00 sys=0.00, real=0.01 secs] 
 (concurrent mode failure): 4958K->862K(6848K), 0.0129316 secs] 5013K->862K(9920K), [Metaspace: 3640K->3640K(1056768K)], 0.0132425 secs] [Times: user=0.00 sys=0.00, real=0.01 secs] 
2.404: [GC (Allocation Failure) 2.404: [ParNew: 0K->0K(3072K), 0.0002373 secs]2.404: [CMS: 4958K->862K(6848K), 0.0018221 secs] 4958K->862K(9920K), [Metaspace: 3640K->3640K(1056768K)], 0.0021296 secs] [Times: user=0.00 sys=0.00, real=0.00 secs] 
2.407: [GC (CMS Initial Mark) [1 CMS-initial-mark: 4958K(6848K)] 5013K(9920K), 0.0001784 secs] [Times: user=0.00 sys=0.00, real=0.00 secs] 
2.407: [CMS-concurrent-mark-start]
2.407: [GC (Allocation Failure) 2.407: [ParNew: 55K->4K(3072K), 0.0002393 secs]2.407: [CMS2.417: [CMS-concurrent-mark: 0.001/0.010 secs] [Times: user=0.00 sys=0.00, real=0.01 secs] 
 (concurrent mode failure): 4958K->862K(6848K), 0.0119362 secs] 5013K->862K(9920K), [Metaspace: 3642K->3642K(1056768K)], 0.0122518 secs] [Times: user=0.00 sys=0.00, real=0.01 secs] 
2.420: [GC (Allocation Failure) 2.420: [ParNew: 55K->2K(3072K), 0.0002949 secs]2.420: [CMS: 4958K->862K(6848K), 0.0024640 secs] 5013K->862K(9920K), [Metaspace: 3643K->3643K(1056768K)], 0.0028508 secs] [Times: user=0.00 sys=0.00, real=0.00 secs] 
2.423: [GC (CMS Initial Mark) [1 CMS-initial-mark: 4958K(6848K)] 5013K(9920K), 0.0001508 secs] [Times: user=0.00 sys=0.00, real=0.00 secs] 
2.423: [CMS-concurrent-mark-start]
2.423: [GC (Allocation Failure) 2.423: [ParNew: 55K->2K(3072K), 0.0002751 secs]2.424: [CMS2.432: [CMS-concurrent-mark: 0.001/0.008 secs] [Times: user=0.00 sys=0.00, real=0.01 secs] 
 (concurrent mode failure): 4958K->862K(6848K), 0.0107743 secs] 5013K->862K(9920K), [Metaspace: 3643K->3643K(1056768K)], 0.0111531 secs] [Times: user=0.00 sys=0.00, real=0.01 secs] 
2.435: [GC (Allocation Failure) 2.435: [ParNew: 55K->2K(3072K), 0.0003177 secs]2.435: [CMS: 4958K->862K(6848K), 0.0023752 secs] 5013K->862K(9920K), [Metaspace: 3645K->3645K(1056768K)], 0.0027771 secs] [Times: user=0.00 sys=0.00, real=0.00 secs] 
2.438: [GC (CMS Initial Mark) [1 CMS-initial-mark: 4958K(6848K)] 5013K(9920K), 0.0001024 secs] [Times: user=0.00 sys=0.00, real=0.00 secs] 
2.438: [CMS-concurrent-mark-start]
2.438: [GC (Allocation Failure) 2.438: [ParNew: 55K->4K(3072K), 0.0002804 secs]2.439: [CMS2.448: [CMS-concurrent-mark: 0.001/0.009 secs] [Times: user=0.00 sys=0.00, real=0.01 secs] 
 (concurrent mode failure): 4958K->862K(6848K), 0.0126034 secs] 5013K->862K(9920K), [Metaspace: 3646K->3646K(1056768K)], 0.0129851 secs] [Times: user=0.00 sys=0.00, real=0.01 secs] 
2.452: [GC (Allocation Failure) 2.452: [ParNew: 55K->2K(3072K), 0.0002616 secs]2.452: [CMS: 4958K->862K(6848K), 0.0023346 secs] 5013K->862K(9920K), [Metaspace: 3648K->3648K(1056768K)], 0.0026829 secs] [Times: user=0.00 sys=0.00, real=0.00 secs] 
2.455: [GC (CMS Initial Mark) [1 CMS-initial-mark: 4958K(6848K)] 4958K(9920K), 0.0001284 secs] [Times: user=0.00 sys=0.00, real=0.00 secs] 
2.455: [CMS-concurrent-mark-start]
2.455: [GC (Allocation Failure) 2.455: [ParNew: 55K->6K(3072K), 0.0002324 secs]2.455: [CMS2.464: [CMS-concurrent-mark: 0.002/0.009 secs] [Times: user=0.00 sys=0.00, real=0.01 secs] 
 (concurrent mode failure): 4958K->864K(6848K), 0.0122211 secs] 5013K->864K(9920K), [Metaspace: 3648K->3648K(1056768K)], 0.0125402 secs] [Times: user=0.00 sys=0.00, real=0.01 secs] 
2.468: [GC (Allocation Failure) 2.468: [ParNew: 55K->4K(3072K), 0.0003357 secs]2.468: [CMS: 4960K->862K(6848K), 0.0018787 secs] 5015K->862K(9920K), [Metaspace: 3652K->3652K(1056768K)], 0.0022866 secs] [Times: user=0.00 sys=0.00, real=0.00 secs] 
2.471: [GC (CMS Initial Mark) [1 CMS-initial-mark: 4958K(6848K)] 4958K(9920K), 0.0011815 secs] [Times: user=0.00 sys=0.00, real=0.00 secs] 
2.472: [CMS-concurrent-mark-start]
2.472: [GC (Allocation Failure) 2.472: [ParNew: 55K->14K(3072K), 0.0015352 secs]2.474: [CMS2.479: [CMS-concurrent-mark: 0.001/0.007 secs] [Times: user=0.09 sys=0.00, real=0.01 secs] 
 (concurrent mode failure): 4958K->864K(6848K), 0.0073079 secs] 5013K->864K(9920K), [Metaspace: 3653K->3653K(1056768K)], 0.0089184 secs] [Times: user=0.09 sys=0.00, real=0.01 secs] 
2.481: [GC (Allocation Failure) 2.481: [ParNew: 55K->36K(3072K), 0.0017222 secs]2.483: [CMS: 4961K->892K(6848K), 0.0016543 secs] 5016K->892K(9920K), [Metaspace: 3653K->3653K(1056768K)], 0.0034334 secs] [Times: user=0.00 sys=0.00, real=0.00 secs] 
2.485: [GC (CMS Initial Mark) [1 CMS-initial-mark: 4988K(6848K)] 5043K(9920K), 0.0010273 secs] [Times: user=0.00 sys=0.00, real=0.00 secs] 
2.486: [CMS-concurrent-mark-start]
2.486: [GC (Allocation Failure) 2.486: [ParNew: 55K->19K(3072K), 0.0016098 secs]2.488: [CMS2.495: [CMS-concurrent-mark: 0.002/0.009 secs] [Times: user=0.00 sys=0.00, real=0.01 secs] 
 (concurrent mode failure): 4988K->896K(6848K), 0.0114226 secs] 5043K->896K(9920K), [Metaspace: 3653K->3653K(1056768K)], 0.0131092 secs] [Times: user=0.00 sys=0.00, real=0.01 secs] 
2.500: [GC (Allocation Failure) 2.500: [ParNew: 55K->26K(3072K), 0.0018687 secs]2.502: [CMS: 4992K->915K(6848K), 0.0020012 secs] 5047K->915K(9920K), [Metaspace: 3655K->3655K(1056768K)], 0.0039396 secs] [Times: user=0.00 sys=0.00, real=0.00 secs] 
2.504: [GC (CMS Initial Mark) [1 CMS-initial-mark: 5011K(6848K)] 5066K(9920K), 0.0013209 secs] [Times: user=0.01 sys=0.00, real=0.00 secs] 
2.505: [CMS-concurrent-mark-start]
2.505: [GC (Allocation Failure) 2.505: [ParNew: 55K->16K(3072K), 0.0016430 secs]2.507: [CMS2.510: [CMS-concurrent-mark: 0.001/0.005 secs] [Times: user=0.00 sys=0.00, real=0.01 secs] 
 (concurrent mode failure): 5011K->922K(6848K), 0.0067326 secs] 5066K->922K(9920K), [Metaspace: 3655K->3655K(1056768K)], 0.0084709 secs] [Times: user=0.00 sys=0.00, real=0.01 secs] 
2.514: [GC (Allocation Failure) 2.514: [ParNew: 55K->48K(3072K), 0.0016160 secs]2.516: [CMS: 5018K->962K(6848K), 0.0026507 secs] 5073K->962K(9920K), [Metaspace: 3656K->3656K(1056768K)], 0.0043624 secs] [Times: user=0.00 sys=0.00, real=0.00 secs] 
2.519: [GC (CMS Initial Mark) [1 CMS-initial-mark: 5058K(6848K)] 5113K(9920K), 0.0014670 secs] [Times: user=0.02 sys=0.00, real=0.00 secs] 
2.521: [CMS-concurrent-mark-start]
2.521: [GC (Allocation Failure) 2.521: [ParNew: 55K->31K(3072K), 0.0003173 secs]2.521: [CMS2.526: [CMS-concurrent-mark: 0.002/0.005 secs] [Times: user=0.00 sys=0.00, real=0.00 secs] 
 (concurrent mode failure): 5058K->970K(6848K), 0.0087234 secs] 5113K->970K(9920K), [Metaspace: 3656K->3656K(1056768K)], 0.0091230 secs] [Times: user=0.00 sys=0.00, real=0.01 secs] 
2.530: [GC (Allocation Failure) 2.530: [ParNew: 11K->16K(3072K), 0.0002830 secs]2.531: [CMS: 5066K->981K(6848K), 0.0023365 secs] 5077K->981K(9920K), [Metaspace: 3657K->3657K(1056768K)], 0.0027072 secs] [Times: user=0.00 sys=0.00, real=0.00 secs] 
2.534: [GC (CMS Initial Mark) [1 CMS-initial-mark: 5077K(6848K)] 5079K(9920K), 0.0000815 secs] [Times: user=0.00 sys=0.00, real=0.00 secs] 
2.534: [CMS-concurrent-mark-start]
2.534: [GC (Allocation Failure) 2.534: [ParNew: 3K->16K(3072K), 0.0002573 secs]2.534: [CMS2.541: [CMS-concurrent-mark: 0.001/0.007 secs] [Times: user=0.00 sys=0.00, real=0.01 secs] 
 (concurrent mode failure): 5077K->984K(6848K), 0.0104857 secs] 5080K->984K(9920K), [Metaspace: 3657K->3657K(1056768K)], 0.0108414 secs] [Times: user=0.00 sys=0.00, real=0.01 secs] 
2.545: [GC (Allocation Failure) 2.545: [ParNew: 0K->8K(3072K), 0.0006439 secs]2.546: [CMS: 5080K->985K(6848K), 0.0025959 secs] 5081K->985K(9920K), [Metaspace: 3657K->3657K(1056768K)], 0.0034161 secs] [Times: user=0.00 sys=0.00, real=0.00 secs] 
2.556: [GC (CMS Initial Mark) [1 CMS-initial-mark: 5081K(6848K)] 5083K(9920K), 0.0002078 secs] [Times: user=0.00 sys=0.00, real=0.00 secs] 
2.556: [CMS-concurrent-mark-start]
2.556: [GC (Allocation Failure) 2.556: [ParNew: 2K->10K(3072K), 0.0004045 secs]2.556: [CMS2.573: [CMS-concurrent-mark: 0.002/0.017 secs] [Times: user=0.00 sys=0.00, real=0.02 secs] 
 (concurrent mode failure): 5081K->988K(6848K), 0.0193325 secs] 5084K->988K(9920K), [Metaspace: 3658K->3658K(1056768K)], 0.0198414 secs] [Times: user=0.00 sys=0.00, real=0.02 secs] 
2.576: [GC (Allocation Failure) 2.576: [ParNew: 59K->8K(3072K), 0.0005129 secs]2.577: [CMS: 5084K->976K(6848K), 0.0036707 secs] 5144K->976K(9920K), [Metaspace: 3659K->3659K(1056768K)], 0.0043029 secs] [Times: user=0.00 sys=0.00, real=0.00 secs] 
2.581: [GC (CMS Initial Mark) [1 CMS-initial-mark: 5072K(6848K)] 5072K(9920K), 0.0001294 secs] [Times: user=0.00 sys=0.00, real=0.00 secs] 
2.581: [CMS-concurrent-mark-start]
2.581: [GC (Allocation Failure) 2.581: [ParNew: 0K->0K(3072K), 0.0003752 secs]2.582: [CMS2.588: [CMS-concurrent-mark: 0.002/0.006 secs] [Times: user=0.00 sys=0.00, real=0.01 secs] 
 (concurrent mode failure): 5072K->976K(6848K), 0.0086843 secs] 5072K->976K(9920K), [Metaspace: 3659K->3659K(1056768K)], 0.0091366 secs] [Times: user=0.00 sys=0.00, real=0.01 secs] 
2.591: [GC (Allocation Failure) 2.591: [ParNew: 55K->4K(3072K), 0.0002115 secs]2.591: [CMS: 5072K->977K(6848K), 0.0023574 secs] 5128K->977K(9920K), [Metaspace: 3661K->3661K(1056768K)], 0.0026596 secs] [Times: user=0.00 sys=0.00, real=0.00 secs] 
2.594: [GC (CMS Initial Mark) [1 CMS-initial-mark: 5073K(6848K)] 5073K(9920K), 0.0001943 secs] [Times: user=0.00 sys=0.00, real=0.00 secs] 
2.594: [CMS-concurrent-mark-start]
2.594: [GC (Allocation Failure) 2.594: [ParNew: 0K->0K(3072K), 0.0003072 secs]2.595: [CMS2.603: [CMS-concurrent-mark: 0.002/0.008 secs] [Times: user=0.00 sys=0.00, real=0.01 secs] 
 (concurrent mode failure): 5073K->977K(6848K), 0.0106705 secs] 5073K->977K(9920K), [Metaspace: 3661K->3661K(1056768K)], 0.0110818 secs] [Times: user=0.00 sys=0.00, real=0.01 secs] 
2.606: [GC (Allocation Failure) 2.606: [ParNew: 55K->9K(3072K), 0.0002954 secs]2.606: [CMS: 5073K->978K(6848K), 0.0024148 secs] 5128K->978K(9920K), [Metaspace: 3661K->3661K(1056768K)], 0.0028028 secs] [Times: user=0.00 sys=0.00, real=0.00 secs] 
2.609: [GC (CMS Initial Mark) [1 CMS-initial-mark: 5074K(6848K)] 5129K(9920K), 0.0001180 secs] [Times: user=0.00 sys=0.00, real=0.00 secs] 
2.609: [CMS-concurrent-mark-start]
2.609: [GC (Allocation Failure) 2.609: [ParNew: 55K->6K(3072K), 0.0002032 secs]2.609: [CMS2.618: [CMS-concurrent-mark: 0.002/0.009 secs] [Times: user=0.00 sys=0.00, real=0.01 secs] 
 (concurrent mode failure): 5074K->977K(6848K), 0.0107477 secs] 5129K->977K(9920K), [Metaspace: 3661K->3661K(1056768K)], 0.0110248 secs] [Times: user=0.00 sys=0.00, real=0.01 secs] 
2.621: [GC (Allocation Failure) 2.621: [ParNew: 55K->2K(3072K), 0.0002748 secs]2.621: [CMS: 5073K->948K(6848K), 0.0023500 secs] 5128K->948K(9920K), [Metaspace: 3661K->3661K(1056768K)], 0.0027277 secs] [Times: user=0.00 sys=0.00, real=0.00 secs] 
2.624: [GC (CMS Initial Mark) [1 CMS-initial-mark: 5044K(6848K)] 5044K(9920K), 0.0000871 secs] [Times: user=0.00 sys=0.00, real=0.00 secs] 
2.624: [CMS-concurrent-mark-start]
2.624: [GC (Allocation Failure) 2.624: [ParNew: 59K->8K(3072K), 0.0002678 secs]2.624: [CMS2.633: [CMS-concurrent-mark: 0.002/0.009 secs] [Times: user=0.00 sys=0.00, real=0.01 secs] 
 (concurrent mode failure): 5044K->952K(6848K), 0.0111822 secs] 5103K->952K(9920K), [Metaspace: 3661K->3661K(1056768K)], 0.0115245 secs] [Times: user=0.00 sys=0.00, real=0.01 secs] 
2.636: [GC (Allocation Failure) 2.636: [ParNew: 55K->38K(3072K), 0.0002844 secs]2.636: [CMS: 5048K->981K(6848K), 0.0020334 secs] 5103K->981K(9920K), [Metaspace: 3661K->3661K(1056768K)], 0.0023846 secs] [Times: user=0.00 sys=0.00, real=0.00 secs] 
2.639: [GC (CMS Initial Mark) [1 CMS-initial-mark: 5077K(6848K)] 5132K(9920K), 0.0000732 secs] [Times: user=0.00 sys=0.00, real=0.00 secs] 
2.639: [CMS-concurrent-mark-start]
2.639: [GC (Allocation Failure) 2.639: [ParNew: 55K->4K(3072K), 0.0002056 secs]2.639: [CMS2.648: [CMS-concurrent-mark: 0.002/0.009 secs] [Times: user=0.00 sys=0.00, real=0.01 secs] 
 (concurrent mode failure): 5077K->981K(6848K), 0.0111486 secs] 5132K->981K(9920K), [Metaspace: 3661K->3661K(1056768K)], 0.0114273 secs] [Times: user=0.00 sys=0.00, real=0.01 secs] 
2.651: [GC (Allocation Failure) 2.651: [ParNew: 55K->4K(3072K), 0.0002144 secs]2.651: [CMS: 5077K->981K(6848K), 0.0018969 secs] 5132K->981K(9920K), [Metaspace: 3661K->3661K(1056768K)], 0.0021792 secs] [Times: user=0.00 sys=0.00, real=0.00 secs] 
2.653: [GC (CMS Initial Mark) [1 CMS-initial-mark: 5077K(6848K)] 5132K(9920K), 0.0000732 secs] [Times: user=0.00 sys=0.00, real=0.00 secs] 
2.653: [CMS-concurrent-mark-start]
2.653: [GC (Allocation Failure) 2.653: [ParNew: 55K->6K(3072K), 0.0001709 secs]2.653: [CMS2.663: [CMS-concurrent-mark: 0.002/0.010 secs] [Times: user=0.00 sys=0.00, real=0.01 secs] 
 (concurrent mode failure): 5077K->981K(6848K), 0.0123269 secs] 5132K->981K(9920K), [Metaspace: 3661K->3661K(1056768K)], 0.0125670 secs] [Times: user=0.00 sys=0.00, real=0.01 secs] 
2.666: [GC (Allocation Failure) 2.666: [ParNew: 55K->2K(3072K), 0.0001991 secs]2.666: [CMS: 5077K->981K(6848K), 0.0019341 secs] 5132K->981K(9920K), [Metaspace: 3661K->3661K(1056768K)], 0.0022046 secs] [Times: user=0.00 sys=0.00, real=0.00 secs] 
2.669: [GC (CMS Initial Mark) [1 CMS-initial-mark: 5077K(6848K)] 5132K(9920K), 0.0000928 secs] [Times: user=0.00 sys=0.00, real=0.00 secs] 
2.669: [CMS-concurrent-mark-start]
2.669: [GC (Allocation Failure) 2.669: [ParNew: 55K->6K(3072K), 0.0001839 secs]2.669: [CMS2.679: [CMS-concurrent-mark: 0.001/0.011 secs] [Times: user=0.00 sys=0.00, real=0.01 secs] 
 (concurrent mode failure): 5077K->981K(6848K), 0.0124308 secs] 5132K->981K(9920K), [Metaspace: 3661K->3661K(1056768K)], 0.0126828 secs] [Times: user=0.00 sys=0.00, real=0.01 secs] 
2.682: [GC (Allocation Failure) 2.682: [ParNew: 55K->6K(3072K), 0.0002782 secs]2.682: [CMS: 5077K->981K(6848K), 0.0021164 secs] 5132K->981K(9920K), [Metaspace: 3662K->3662K(1056768K)], 0.0024754 secs] [Times: user=0.00 sys=0.00, real=0.00 secs] 
2.685: [GC (CMS Initial Mark) [1 CMS-initial-mark: 5077K(6848K)] 5132K(9920K), 0.0000982 secs] [Times: user=0.00 sys=0.00, real=0.00 secs] 
2.685: [CMS-concurrent-mark-start]
2.685: [GC (Allocation Failure) 2.685: [ParNew: 55K->0K(3072K), 0.0002018 secs]2.685: [CMS2.696: [CMS-concurrent-mark: 0.002/0.011 secs] [Times: user=0.00 sys=0.00, real=0.01 secs] 
 (concurrent mode failure): 5077K->981K(6848K), 0.0129124 secs] 5132K->981K(9920K), [Metaspace: 3662K->3662K(1056768K)], 0.0131859 secs] [Times: user=0.00 sys=0.00, real=0.01 secs] 
2.699: [GC (Allocation Failure) 2.699: [ParNew: 55K->2K(3072K), 0.0003229 secs]2.699: [CMS: 5077K->981K(6848K), 0.0021377 secs] 5132K->981K(9920K), [Metaspace: 3662K->3662K(1056768K)], 0.0025347 secs] [Times: user=0.00 sys=0.00, real=0.00 secs] 
2.702: [GC (CMS Initial Mark) [1 CMS-initial-mark: 5077K(6848K)] 5077K(9920K), 0.0001434 secs] [Times: user=0.00 sys=0.00, real=0.00 secs] 
2.702: [CMS-concurrent-mark-start]
2.702: [GC (Allocation Failure) 2.702: [ParNew: 0K->0K(3072K), 0.0002453 secs]2.702: [CMS2.712: [CMS-concurrent-mark: 0.002/0.010 secs] [Times: user=0.00 sys=0.00, real=0.01 secs] 
 (concurrent mode failure): 5077K->981K(6848K), 0.0121514 secs] 5077K->981K(9920K), [Metaspace: 3662K->3662K(1056768K)], 0.0124714 secs] [Times: user=0.00 sys=0.00, real=0.01 secs] 
2.715: [GC (Allocation Failure) 2.715: [ParNew: 63K->8K(3072K), 0.0003840 secs]2.715: [CMS: 5077K->948K(6848K), 0.0021669 secs] 5140K->948K(9920K), [Metaspace: 3663K->3663K(1056768K)], 0.0026473 secs] [Times: user=0.00 sys=0.00, real=0.00 secs] 
2.718: [GC (CMS Initial Mark) [1 CMS-initial-mark: 5044K(6848K)] 5044K(9920K), 0.0000877 secs] [Times: user=0.00 sys=0.00, real=0.00 secs] 
2.718: [CMS-concurrent-mark-start]
2.718: [GC (Allocation Failure) 2.718: [ParNew: 0K->0K(3072K), 0.0002129 secs]2.718: [CMS2.727: [CMS-concurrent-mark: 0.002/0.010 secs] [Times: user=0.00 sys=0.00, real=0.01 secs] 
 (concurrent mode failure): 5044K->948K(6848K), 0.0120904 secs] 5044K->948K(9920K), [Metaspace: 3663K->3663K(1056768K)], 0.0123844 secs] [Times: user=0.00 sys=0.00, real=0.01 secs] 
2.731: [GC (Allocation Failure) 2.731: [ParNew: 0K->0K(3072K), 0.0003902 secs]2.731: [CMS: 5044K->948K(6848K), 0.0023274 secs] 5044K->948K(9920K), [Metaspace: 3663K->3663K(1056768K)], 0.0028133 secs] [Times: user=0.00 sys=0.00, real=0.00 secs] 
2.734: [GC (CMS Initial Mark) [1 CMS-initial-mark: 5044K(6848K)] 5044K(9920K), 0.0002748 secs] [Times: user=0.00 sys=0.00, real=0.00 secs] 
2.734: [CMS-concurrent-mark-start]
2.734: [GC (Allocation Failure) 2.734: [ParNew: 0K->0K(3072K), 0.0003949 secs]2.735: [CMS2.743: [CMS-concurrent-mark: 0.002/0.009 secs] [Times: user=0.00 sys=0.00, real=0.01 secs] 
 (concurrent mode failure): 5044K->948K(6848K), 0.0116673 secs] 5044K->948K(9920K), [Metaspace: 3663K->3663K(1056768K)], 0.0121623 secs] [Times: user=0.00 sys=0.00, real=0.01 secs] 
2.747: [GC (Allocation Failure) 2.747: [ParNew: 0K->0K(3072K), 0.0004597 secs]2.747: [CMS: 5044K->948K(6848K), 0.0035061 secs] 5044K->948K(9920K), [Metaspace: 3663K->3663K(1056768K)], 0.0040833 secs] [Times: user=0.00 sys=0.00, real=0.00 secs] 
2.751: [GC (CMS Initial Mark) [1 CMS-initial-mark: 5044K(6848K)] 5044K(9920K), 0.0001108 secs] [Times: user=0.00 sys=0.00, real=0.00 secs] 
2.751: [CMS-concurrent-mark-start]
2.752: [GC (Allocation Failure) 2.752: [ParNew: 0K->0K(3072K), 0.0002671 secs]2.752: [CMS2.759: [CMS-concurrent-mark: 0.002/0.007 secs] [Times: user=0.00 sys=0.00, real=0.01 secs] 
 (concurrent mode failure): 5044K->948K(6848K), 0.0103351 secs] 5044K->948K(9920K), [Metaspace: 3663K->3663K(1056768K)], 0.0106851 secs] [Times: user=0.00 sys=0.00, real=0.01 secs] 
2.763: [GC (Allocation Failure) 2.763: [ParNew: 0K->0K(3072K), 0.0002647 secs]2.763: [CMS: 5044K->948K(6848K), 0.0024446 secs] 5044K->948K(9920K), [Metaspace: 3664K->3664K(1056768K)], 0.0027992 secs] [Times: user=0.00 sys=0.00, real=0.00 secs] 
2.766: [GC (CMS Initial Mark) [1 CMS-initial-mark: 5044K(6848K)] 5044K(9920K), 0.0001514 secs] [Times: user=0.00 sys=0.00, real=0.00 secs] 
2.766: [CMS-concurrent-mark-start]
2.766: [GC (Allocation Failure) 2.766: [ParNew: 0K->0K(3072K), 0.0002809 secs]2.766: [CMS2.774: [CMS-concurrent-mark: 0.001/0.008 secs] [Times: user=0.00 sys=0.00, real=0.01 secs] 
 (concurrent mode failure): 5044K->948K(6848K), 0.0104597 secs] 5044K->948K(9920K), [Metaspace: 3664K->3664K(1056768K)], 0.0108572 secs] [Times: user=0.00 sys=0.00, real=0.01 secs] 
2.778: [GC (Allocation Failure) 2.778: [ParNew: 0K->0K(3072K), 0.0004205 secs]2.778: [CMS: 5044K->948K(6848K), 0.0024160 secs] 5044K->948K(9920K), [Metaspace: 3664K->3664K(1056768K)], 0.0029556 secs] [Times: user=0.00 sys=0.00, real=0.00 secs] 
2.781: [GC (CMS Initial Mark) [1 CMS-initial-mark: 5044K(6848K)] 5044K(9920K), 0.0001028 secs] [Times: user=0.00 sys=0.00, real=0.00 secs] 
2.781: [CMS-concurrent-mark-start]
2.781: [GC (Allocation Failure) 2.781: [ParNew: 0K->0K(3072K), 0.0002466 secs]2.781: [CMS2.791: [CMS-concurrent-mark: 0.002/0.010 secs] [Times: user=0.00 sys=0.00, real=0.01 secs] 
 (concurrent mode failure): 5044K->948K(6848K), 0.0129432 secs] 5044K->948K(9920K), [Metaspace: 3664K->3664K(1056768K)], 0.0133120 secs] [Times: user=0.00 sys=0.00, real=0.01 secs] 
2.795: [GC (Allocation Failure) 2.795: [ParNew: 0K->0K(3072K), 0.0003797 secs]2.795: [CMS: 5044K->948K(6848K), 0.0031147 secs] 5044K->948K(9920K), [Metaspace: 3664K->3664K(1056768K)], 0.0036249 secs] [Times: user=0.00 sys=0.00, real=0.00 secs] 
2.799: [GC (CMS Initial Mark) [1 CMS-initial-mark: 5044K(6848K)] 5044K(9920K), 0.0001572 secs] [Times: user=0.00 sys=0.00, real=0.00 secs] 
2.799: [CMS-concurrent-mark-start]
2.799: [GC (Allocation Failure) 2.799: [ParNew: 0K->0K(3072K), 0.0003088 secs]2.800: [CMS2.807: [CMS-concurrent-mark: 0.002/0.008 secs] [Times: user=0.00 sys=0.00, real=0.01 secs] 
 (concurrent mode failure): 5044K->948K(6848K), 0.0116450 secs] 5044K->948K(9920K), [Metaspace: 3664K->3664K(1056768K)], 0.0120475 secs] [Times: user=0.00 sys=0.00, real=0.01 secs] 
2.812: [GC (Allocation Failure) 2.812: [ParNew: 0K->0K(3072K), 0.0003393 secs]2.812: [CMS: 5044K->948K(6848K), 0.0034231 secs] 5044K->948K(9920K), [Metaspace: 3664K->3664K(1056768K)], 0.0038715 secs] [Times: user=0.00 sys=0.00, real=0.00 secs] 
2.816: [GC (CMS Initial Mark) [1 CMS-initial-mark: 5044K(6848K)] 5044K(9920K), 0.0002139 secs] [Times: user=0.00 sys=0.00, real=0.00 secs] 
2.816: [CMS-concurrent-mark-start]
2.816: [GC (Allocation Failure) 2.816: [ParNew: 0K->0K(3072K), 0.0003661 secs]2.817: [CMS2.822: [CMS-concurrent-mark: 0.002/0.006 secs] [Times: user=0.00 sys=0.00, real=0.01 secs] 
 (concurrent mode failure): 5044K->948K(6848K), 0.0087515 secs] 5044K->948K(9920K), [Metaspace: 3664K->3664K(1056768K)], 0.0092124 secs] [Times: user=0.00 sys=0.00, real=0.01 secs] 
2.826: [GC (Allocation Failure) 2.826: [ParNew: 0K->0K(3072K), 0.0005596 secs]2.827: [CMS: 5044K->948K(6848K), 0.0044889 secs] 5044K->948K(9920K), [Metaspace: 3664K->3664K(1056768K)], 0.0051690 secs] [Times: user=0.00 sys=0.00, real=0.00 secs] 
2.832: [GC (CMS Initial Mark) [1 CMS-initial-mark: 5044K(6848K)] 5044K(9920K), 0.0001481 secs] [Times: user=0.00 sys=0.00, real=0.00 secs] 
2.832: [CMS-concurrent-mark-start]
2.832: [GC (Allocation Failure) 2.832: [ParNew: 0K->0K(3072K), 0.0003134 secs]2.832: [CMS2.837: [CMS-concurrent-mark: 0.001/0.006 secs] [Times: user=0.00 sys=0.00, real=0.01 secs] 
 (concurrent mode failure): 5044K->948K(6848K), 0.0083020 secs] 5044K->948K(9920K), [Metaspace: 3664K->3664K(1056768K)], 0.0087083 secs] [Times: user=0.00 sys=0.00, real=0.01 secs] 
2.841: [GC (Allocation Failure) 2.841: [ParNew: 0K->0K(3072K), 0.0003573 secs]2.841: [CMS: 5044K->948K(6848K), 0.0055352 secs] 5044K->948K(9920K), [Metaspace: 3664K->3664K(1056768K)], 0.0060554 secs] [Times: user=0.00 sys=0.00, real=0.01 secs] 
2.848: [GC (CMS Initial Mark) [1 CMS-initial-mark: 5044K(6848K)] 5044K(9920K), 0.0001774 secs] [Times: user=0.00 sys=0.00, real=0.00 secs] 
2.848: [CMS-concurrent-mark-start]
2.848: [GC (Allocation Failure) 2.848: [ParNew: 0K->0K(3072K), 0.0003354 secs]2.848: [CMS2.853: [CMS-concurrent-mark: 0.002/0.005 secs] [Times: user=0.00 sys=0.02, real=0.01 secs] 
 (concurrent mode failure): 5044K->948K(6848K), 0.0071058 secs] 5044K->948K(9920K), [Metaspace: 3664K->3664K(1056768K)], 0.0075465 secs] [Times: user=0.00 sys=0.02, real=0.01 secs] 
2.856: [GC (Allocation Failure) 2.856: [ParNew: 0K->0K(3072K), 0.0003586 secs]2.856: [CMS: 5044K->948K(6848K), 0.0033024 secs] 5044K->948K(9920K), [Metaspace: 3664K->3664K(1056768K)], 0.0037707 secs] [Times: user=0.00 sys=0.00, real=0.00 secs] 
2.860: [GC (CMS Initial Mark) [1 CMS-initial-mark: 5044K(6848K)] 5044K(9920K), 0.0002024 secs] [Times: user=0.00 sys=0.00, real=0.00 secs] 
2.860: [CMS-concurrent-mark-start]
2.860: [GC (Allocation Failure) 2.860: [ParNew: 0K->0K(3072K), 0.0003258 secs]2.861: [CMS2.869: [CMS-concurrent-mark: 0.002/0.009 secs] [Times: user=0.00 sys=0.00, real=0.01 secs] 
 (concurrent mode failure): 5044K->948K(6848K), 0.0102564 secs] 5044K->948K(9920K), [Metaspace: 3664K->3664K(1056768K)], 0.0106642 secs] [Times: user=0.00 sys=0.00, real=0.01 secs] 
2.871: [GC (Allocation Failure) 2.871: [ParNew: 0K->0K(3072K), 0.0005448 secs]2.872: [CMS: 5044K->948K(6848K), 0.0020254 secs] 5044K->948K(9920K), [Metaspace: 3664K->3664K(1056768K)], 0.0026382 secs] [Times: user=0.00 sys=0.00, real=0.00 secs] 
2.874: [GC (CMS Initial Mark) [1 CMS-initial-mark: 5044K(6848K)] 5044K(9920K), 0.0006208 secs] [Times: user=0.00 sys=0.00, real=0.00 secs] 
2.875: [CMS-concurrent-mark-start]
2.875: [GC (Allocation Failure) 2.875: [ParNew: 0K->0K(3072K), 0.0002895 secs]2.876: [CMS2.884: [CMS-concurrent-mark: 0.002/0.009 secs] [Times: user=0.00 sys=0.00, real=0.01 secs] 
 (concurrent mode failure): 5044K->948K(6848K), 0.0109449 secs] 5044K->948K(9920K), [Metaspace: 3664K->3664K(1056768K)], 0.0113246 secs] [Times: user=0.00 sys=0.00, real=0.01 secs] 
2.887: [GC (Allocation Failure) 2.887: [ParNew: 0K->0K(3072K), 0.0002285 secs]2.887: [CMS: 5044K->948K(6848K), 0.0018282 secs] 5044K->948K(9920K), [Metaspace: 3664K->3664K(1056768K)], 0.0021213 secs] [Times: user=0.00 sys=0.00, real=0.00 secs] 
2.889: [GC (CMS Initial Mark) [1 CMS-initial-mark: 5044K(6848K)] 5044K(9920K), 0.0000766 secs] [Times: user=0.00 sys=0.00, real=0.00 secs] 
2.889: [CMS-concurrent-mark-start]
2.889: [GC (Allocation Failure) 2.889: [ParNew: 0K->0K(3072K), 0.0002050 secs]2.890: [CMS2.899: [CMS-concurrent-mark: 0.002/0.010 secs] [Times: user=0.00 sys=0.00, real=0.01 secs] 
 (concurrent mode failure): 5044K->948K(6848K), 0.0114789 secs] 5044K->948K(9920K), [Metaspace: 3664K->3664K(1056768K)], 0.0117582 secs] [Times: user=0.00 sys=0.00, real=0.01 secs] 
2.901: [GC (Allocation Failure) 2.902: [ParNew: 0K->0K(3072K), 0.0002085 secs]2.902: [CMS: 5044K->948K(6848K), 0.0016537 secs] 5044K->948K(9920K), [Metaspace: 3664K->3664K(1056768K)], 0.0019201 secs] [Times: user=0.00 sys=0.00, real=0.00 secs] 
2.904: [GC (CMS Initial Mark) [1 CMS-initial-mark: 5044K(6848K)] 5044K(9920K), 0.0001613 secs] [Times: user=0.00 sys=0.00, real=0.00 secs] 
2.904: [CMS-concurrent-mark-start]
2.904: [GC (Allocation Failure) 2.904: [ParNew: 0K->0K(3072K), 0.0002147 secs]2.904: [CMS2.914: [CMS-concurrent-mark: 0.002/0.010 secs] [Times: user=0.00 sys=0.00, real=0.01 secs] 
 (concurrent mode failure): 5044K->948K(6848K), 0.0129756 secs] 5044K->948K(9920K), [Metaspace: 3664K->3664K(1056768K)], 0.0132697 secs] [Times: user=0.00 sys=0.00, real=0.01 secs] 
2.918: [GC (Allocation Failure) 2.918: [ParNew: 0K->0K(3072K), 0.0002614 secs]2.918: [CMS: 5044K->948K(6848K), 0.0026349 secs] 5044K->948K(9920K), [Metaspace: 3664K->3664K(1056768K)], 0.0029862 secs] [Times: user=0.00 sys=0.00, real=0.00 secs] 
2.921: [GC (CMS Initial Mark) [1 CMS-initial-mark: 5044K(6848K)] 5044K(9920K), 0.0001273 secs] [Times: user=0.00 sys=0.00, real=0.00 secs] 
2.921: [CMS-concurrent-mark-start]
2.921: [GC (Allocation Failure) 2.921: [ParNew: 0K->0K(3072K), 0.0002611 secs]2.921: [CMS2.930: [CMS-concurrent-mark: 0.002/0.009 secs] [Times: user=0.00 sys=0.00, real=0.01 secs] 
 (concurrent mode failure): 5044K->948K(6848K), 0.0110471 secs] 5044K->948K(9920K), [Metaspace: 3664K->3664K(1056768K)], 0.0113878 secs] [Times: user=0.00 sys=0.00, real=0.01 secs] 
2.933: [GC (Allocation Failure) 2.933: [ParNew: 0K->0K(3072K), 0.0005890 secs]2.934: [CMS: 5044K->948K(6848K), 0.0030738 secs] 5044K->948K(9920K), [Metaspace: 3664K->3664K(1056768K)], 0.0037484 secs] [Times: user=0.00 sys=0.00, real=0.00 secs] 
2.937: [GC (CMS Initial Mark) [1 CMS-initial-mark: 5044K(6848K)] 5044K(9920K), 0.0001531 secs] [Times: user=0.00 sys=0.00, real=0.00 secs] 
2.937: [CMS-concurrent-mark-start]
2.937: [GC (Allocation Failure) 2.937: [ParNew: 0K->0K(3072K), 0.0002946 secs]2.938: [CMS2.946: [CMS-concurrent-mark: 0.002/0.008 secs] [Times: user=0.00 sys=0.00, real=0.01 secs] 
 (concurrent mode failure): 5044K->948K(6848K), 0.0106619 secs] 5044K->948K(9920K), [Metaspace: 3664K->3664K(1056768K)], 0.0110467 secs] [Times: user=0.00 sys=0.00, real=0.01 secs] 
2.949: [GC (Allocation Failure) 2.949: [ParNew: 0K->0K(3072K), 0.0002353 secs]2.949: [CMS: 5044K->948K(6848K), 0.0024228 secs] 5044K->948K(9920K), [Metaspace: 3664K->3664K(1056768K)], 0.0027363 secs] [Times: user=0.00 sys=0.00, real=0.00 secs] 
2.952: [GC (CMS Initial Mark) [1 CMS-initial-mark: 5044K(6848K)] 5044K(9920K), 0.0001051 secs] [Times: user=0.00 sys=0.00, real=0.00 secs] 
2.952: [CMS-concurrent-mark-start]
2.952: [GC (Allocation Failure) 2.952: [ParNew: 0K->0K(3072K), 0.0002204 secs]2.952: [CMS2.961: [CMS-concurrent-mark: 0.002/0.009 secs] [Times: user=0.00 sys=0.00, real=0.01 secs] 
 (concurrent mode failure): 5044K->948K(6848K), 0.0117316 secs] 5044K->948K(9920K), [Metaspace: 3664K->3664K(1056768K)], 0.0120318 secs] [Times: user=0.00 sys=0.00, real=0.01 secs] 
2.964: [GC (Allocation Failure) 2.964: [ParNew: 0K->0K(3072K), 0.0002897 secs]2.965: [CMS: 5044K->948K(6848K), 0.0023644 secs] 5044K->948K(9920K), [Metaspace: 3664K->3664K(1056768K)], 0.0027695 secs] [Times: user=0.00 sys=0.00, real=0.00 secs] 
2.968: [GC (CMS Initial Mark) [1 CMS-initial-mark: 5044K(6848K)] 5044K(9920K), 0.0000868 secs] [Times: user=0.00 sys=0.00, real=0.00 secs] 
2.968: [CMS-concurrent-mark-start]
2.968: [GC (Allocation Failure) 2.968: [ParNew: 0K->0K(3072K), 0.0002727 secs]2.968: [CMS2.976: [CMS-concurrent-mark: 0.002/0.008 secs] [Times: user=0.00 sys=0.00, real=0.01 secs] 
 (concurrent mode failure): 5044K->948K(6848K), 0.0122775 secs] 5044K->948K(9920K), [Metaspace: 3664K->3664K(1056768K)], 0.0126591 secs] [Times: user=0.00 sys=0.00, real=0.01 secs] 
2.981: [GC (Allocation Failure) 2.981: [ParNew: 0K->0K(3072K), 0.0002666 secs]2.981: [CMS: 5044K->948K(6848K), 0.0026242 secs] 5044K->948K(9920K), [Metaspace: 3664K->3664K(1056768K)], 0.0029685 secs] [Times: user=0.00 sys=0.00, real=0.00 secs] 
2.984: [GC (CMS Initial Mark) [1 CMS-initial-mark: 5044K(6848K)] 5044K(9920K), 0.0001470 secs] [Times: user=0.00 sys=0.00, real=0.00 secs] 
2.984: [CMS-concurrent-mark-start]
2.984: [GC (Allocation Failure) 2.984: [ParNew: 0K->0K(3072K), 0.0002538 secs]2.985: [CMS2.991: [CMS-concurrent-mark: 0.002/0.007 secs] [Times: user=0.00 sys=0.00, real=0.01 secs] 
 (concurrent mode failure): 5044K->948K(6848K), 0.0119310 secs] 5044K->948K(9920K), [Metaspace: 3664K->3664K(1056768K)], 0.0122631 secs] [Times: user=0.00 sys=0.00, real=0.01 secs] 
2.997: [GC (Allocation Failure) 2.997: [ParNew: 0K->0K(3072K), 0.0002937 secs]2.997: [CMS: 5044K->948K(6848K), 0.0027275 secs] 5044K->948K(9920K), [Metaspace: 3664K->3664K(1056768K)], 0.0031188 secs] [Times: user=0.00 sys=0.00, real=0.00 secs] 
3.001: [GC (CMS Initial Mark) [1 CMS-initial-mark: 5044K(6848K)] 5044K(9920K), 0.0001295 secs] [Times: user=0.00 sys=0.00, real=0.00 secs] 
3.001: [CMS-concurrent-mark-start]
3.001: [GC (Allocation Failure) 3.001: [ParNew: 0K->0K(3072K), 0.0003389 secs]3.001: [CMS3.007: [CMS-concurrent-mark: 0.002/0.006 secs] [Times: user=0.00 sys=0.00, real=0.01 secs] 
 (concurrent mode failure): 5044K->948K(6848K), 0.0092248 secs] 5044K->948K(9920K), [Metaspace: 3664K->3664K(1056768K)], 0.0096721 secs] [Times: user=0.00 sys=0.00, real=0.01 secs] 
3.011: [GC (Allocation Failure) 3.011: [ParNew: 0K->0K(3072K), 0.0004332 secs]3.011: [CMS: 5044K->948K(6848K), 0.0036662 secs] 5044K->948K(9920K), [Metaspace: 3664K->3664K(1056768K)], 0.0042374 secs] [Times: user=0.00 sys=0.00, real=0.00 secs] 
3.016: [GC (CMS Initial Mark) [1 CMS-initial-mark: 5044K(6848K)] 5044K(9920K), 0.0001703 secs] [Times: user=0.00 sys=0.00, real=0.00 secs] 
3.016: [CMS-concurrent-mark-start]
3.016: [GC (Allocation Failure) 3.016: [ParNew: 0K->0K(3072K), 0.0002749 secs]3.016: [CMS3.022: [CMS-concurrent-mark: 0.002/0.006 secs] [Times: user=0.00 sys=0.00, real=0.01 secs] 
 (concurrent mode failure): 5044K->948K(6848K), 0.0095710 secs] 5044K->948K(9920K), [Metaspace: 3664K->3664K(1056768K)], 0.0099472 secs] [Times: user=0.00 sys=0.00, real=0.01 secs] 
3.027: [GC (Allocation Failure) 3.027: [ParNew: 0K->0K(3072K), 0.0004389 secs]3.027: [CMS: 5044K->948K(6848K), 0.0042247 secs] 5044K->948K(9920K), [Metaspace: 3664K->3664K(1056768K)], 0.0047880 secs] [Times: user=0.00 sys=0.00, real=0.00 secs] 
3.032: [GC (CMS Initial Mark) [1 CMS-initial-mark: 5044K(6848K)] 5044K(9920K), 0.0001657 secs] [Times: user=0.00 sys=0.00, real=0.00 secs] 
3.032: [CMS-concurrent-mark-start]
3.032: [GC (Allocation Failure) 3.032: [ParNew: 0K->0K(3072K), 0.0003079 secs]3.032: [CMS3.038: [CMS-concurrent-mark: 0.002/0.006 secs] [Times: user=0.00 sys=0.00, real=0.01 secs] 
 (concurrent mode failure): 5044K->948K(6848K), 0.0083769 secs] 5044K->948K(9920K), [Metaspace: 3664K->3664K(1056768K)], 0.0087723 secs] [Times: user=0.00 sys=0.00, real=0.01 secs] 
3.041: [GC (Allocation Failure) 3.041: [ParNew: 0K->0K(3072K), 0.0002595 secs]3.041: [CMS: 5044K->948K(6848K), 0.0033659 secs] 5044K->948K(9920K), [Metaspace: 3664K->3664K(1056768K)], 0.0037232 secs] [Times: user=0.00 sys=0.00, real=0.00 secs] 
3.045: [GC (CMS Initial Mark) [1 CMS-initial-mark: 5044K(6848K)] 5044K(9920K), 0.0001172 secs] [Times: user=0.00 sys=0.00, real=0.00 secs] 
3.045: [CMS-concurrent-mark-start]
3.045: [GC (Allocation Failure) 3.045: [ParNew: 0K->0K(3072K), 0.0002106 secs]3.046: [CMS3.054: [CMS-concurrent-mark: 0.002/0.008 secs] [Times: user=0.00 sys=0.00, real=0.01 secs] 
 (concurrent mode failure): 5044K->948K(6848K), 0.0105436 secs] 5044K->948K(9920K), [Metaspace: 3664K->3664K(1056768K)], 0.0108398 secs] [Times: user=0.00 sys=0.00, real=0.01 secs] 
3.057: [GC (Allocation Failure) 3.057: [ParNew: 0K->0K(3072K), 0.0002460 secs]3.057: [CMS: 5044K->948K(6848K), 0.0019087 secs] 5044K->948K(9920K), [Metaspace: 3664K->3664K(1056768K)], 0.0022358 secs] [Times: user=0.00 sys=0.00, real=0.00 secs] 
3.059: [GC (CMS Initial Mark) [1 CMS-initial-mark: 5044K(6848K)] 5044K(9920K), 0.0000819 secs] [Times: user=0.00 sys=0.00, real=0.00 secs] 
3.059: [CMS-concurrent-mark-start]
3.059: [GC (Allocation Failure) 3.059: [ParNew: 0K->0K(3072K), 0.0002608 secs]3.060: [CMS3.070: [CMS-concurrent-mark: 0.002/0.010 secs] [Times: user=0.00 sys=0.00, real=0.01 secs] 
 (concurrent mode failure): 5044K->948K(6848K), 0.0148136 secs] 5044K->948K(9920K), [Metaspace: 3664K->3664K(1056768K)], 0.0151758 secs] [Times: user=0.00 sys=0.00, real=0.02 secs] 
3.080: [GC (Allocation Failure) 3.080: [ParNew: 0K->0K(3072K), 0.0003206 secs]3.080: [CMS: 5044K->948K(6848K), 0.0051539 secs] 5044K->948K(9920K), [Metaspace: 3664K->3664K(1056768K)], 0.0056678 secs] [Times: user=0.02 sys=0.00, real=0.01 secs] 
3.086: [GC (CMS Initial Mark) [1 CMS-initial-mark: 5044K(6848K)] 5044K(9920K), 0.0002065 secs] [Times: user=0.00 sys=0.00, real=0.00 secs] 
3.086: [CMS-concurrent-mark-start]
3.086: [GC (Allocation Failure) 3.086: [ParNew: 0K->0K(3072K), 0.0011263 secs]3.088: [CMS3.100: [CMS-concurrent-mark: 0.002/0.014 secs] [Times: user=0.00 sys=0.00, real=0.01 secs] 
 (concurrent mode failure): 5044K->948K(6848K), 0.0167280 secs] 5044K->948K(9920K), [Metaspace: 3664K->3664K(1056768K)], 0.0180041 secs] [Times: user=0.00 sys=0.00, real=0.02 secs] 
3.105: [GC (Allocation Failure) 3.105: [ParNew: 0K->0K(3072K), 0.0003201 secs]3.105: [CMS: 5044K->948K(6848K), 0.0033938 secs] 5044K->948K(9920K), [Metaspace: 3664K->3664K(1056768K)], 0.0038214 secs] [Times: user=0.00 sys=0.00, real=0.00 secs] 
3.109: [GC (CMS Initial Mark) [1 CMS-initial-mark: 5044K(6848K)] 5044K(9920K), 0.0001220 secs] [Times: user=0.00 sys=0.00, real=0.00 secs] 
3.109: [CMS-concurrent-mark-start]
3.109: [GC (Allocation Failure) 3.109: [ParNew: 0K->0K(3072K), 0.0003297 secs]3.110: [CMS3.116: [CMS-concurrent-mark: 0.002/0.006 secs] [Times: user=0.02 sys=0.00, real=0.01 secs] 
 (concurrent mode failure): 5044K->948K(6848K), 0.0106368 secs] 5044K->948K(9920K), [Metaspace: 3664K->3664K(1056768K)], 0.0110975 secs] [Times: user=0.02 sys=0.00, real=0.01 secs] 
3.123: [GC (Allocation Failure) 3.123: [ParNew: 0K->0K(3072K), 0.0007972 secs]3.124: [CMS: 5044K->948K(6848K), 0.0052353 secs] 5044K->948K(9920K), [Metaspace: 3664K->3664K(1056768K)], 0.0062500 secs] [Times: user=0.00 sys=0.00, real=0.01 secs] 
3.130: [GC (CMS Initial Mark) [1 CMS-initial-mark: 5044K(6848K)] 5044K(9920K), 0.0001624 secs] [Times: user=0.00 sys=0.00, real=0.00 secs] 
3.130: [CMS-concurrent-mark-start]
3.131: [GC (Allocation Failure) 3.131: [ParNew: 0K->0K(3072K), 0.0007341 secs]3.132: [CMS3.147: [CMS-concurrent-mark: 0.002/0.017 secs] [Times: user=0.00 sys=0.00, real=0.02 secs] 
 (concurrent mode failure): 5044K->948K(6848K), 0.0186517 secs] 5044K->948K(9920K), [Metaspace: 3664K->3664K(1056768K)], 0.0195258 secs] [Times: user=0.00 sys=0.00, real=0.02 secs] 
3.151: [GC (Allocation Failure) 3.151: [ParNew: 0K->0K(3072K), 0.0002295 secs]3.151: [CMS: 5044K->948K(6848K), 0.0021748 secs] 5044K->948K(9920K), [Metaspace: 3664K->3664K(1056768K)], 0.0024775 secs] [Times: user=0.00 sys=0.00, real=0.00 secs] 
3.153: [GC (CMS Initial Mark) [1 CMS-initial-mark: 5044K(6848K)] 5044K(9920K), 0.0000933 secs] [Times: user=0.00 sys=0.00, real=0.00 secs] 
3.154: [CMS-concurrent-mark-start]
3.154: [GC (Allocation Failure) 3.154: [ParNew: 0K->0K(3072K), 0.0002196 secs]3.154: [CMS3.162: [CMS-concurrent-mark: 0.001/0.008 secs] [Times: user=0.03 sys=0.00, real=0.01 secs] 
 (concurrent mode failure): 5044K->948K(6848K), 0.0101420 secs] 5044K->948K(9920K), [Metaspace: 3664K->3664K(1056768K)], 0.0104639 secs] [Times: user=0.03 sys=0.00, real=0.01 secs] 
3.164: [GC (Allocation Failure) 3.164: [ParNew: 0K->0K(3072K), 0.0001984 secs]3.165: [CMS: 5044K->948K(6848K), 0.0020090 secs] 5044K->948K(9920K), [Metaspace: 3664K->3664K(1056768K)], 0.0022771 secs] [Times: user=0.00 sys=0.00, real=0.00 secs] 
3.167: [GC (CMS Initial Mark) [1 CMS-initial-mark: 5044K(6848K)] 5044K(9920K), 0.0000778 secs] [Times: user=0.00 sys=0.00, real=0.00 secs] 
3.167: [CMS-concurrent-mark-start]
3.167: [GC (Allocation Failure) 3.167: [ParNew: 0K->0K(3072K), 0.0001863 secs]3.167: [CMS3.178: [CMS-concurrent-mark: 0.002/0.011 secs] [Times: user=0.02 sys=0.00, real=0.01 secs] 
 (concurrent mode failure): 5044K->948K(6848K), 0.0130142 secs] 5044K->948K(9920K), [Metaspace: 3664K->3664K(1056768K)], 0.0132675 secs] [Times: user=0.02 sys=0.00, real=0.01 secs] 
3.181: [GC (Allocation Failure) 3.181: [ParNew: 0K->0K(3072K), 0.0002310 secs]3.181: [CMS: 5044K->948K(6848K), 0.0018342 secs] 5044K->948K(9920K), [Metaspace: 3664K->3664K(1056768K)], 0.0021230 secs] [Times: user=0.00 sys=0.00, real=0.00 secs] 
3.183: [GC (CMS Initial Mark) [1 CMS-initial-mark: 5044K(6848K)] 5044K(9920K), 0.0000781 secs] [Times: user=0.00 sys=0.00, real=0.00 secs] 
3.183: [CMS-concurrent-mark-start]
3.183: [GC (Allocation Failure) 3.183: [ParNew: 0K->0K(3072K), 0.0002141 secs]3.184: [CMS3.194: [CMS-concurrent-mark: 0.002/0.011 secs] [Times: user=0.00 sys=0.00, real=0.01 secs] 
 (concurrent mode failure): 5044K->948K(6848K), 0.0129469 secs] 5044K->948K(9920K), [Metaspace: 3664K->3664K(1056768K)], 0.0132313 secs] [Times: user=0.00 sys=0.00, real=0.01 secs] 
3.197: [GC (Allocation Failure) 3.197: [ParNew: 0K->0K(3072K), 0.0002486 secs]3.197: [CMS: 5044K->948K(6848K), 0.0020677 secs] 5044K->948K(9920K), [Metaspace: 3664K->3664K(1056768K)], 0.0023945 secs] [Times: user=0.00 sys=0.00, real=0.00 secs] 
3.200: [GC (CMS Initial Mark) [1 CMS-initial-mark: 5044K(6848K)] 5044K(9920K), 0.0000716 secs] [Times: user=0.00 sys=0.00, real=0.00 secs] 
3.200: [CMS-concurrent-mark-start]
3.200: [GC (Allocation Failure) 3.200: [ParNew: 0K->0K(3072K), 0.0002108 secs]3.200: [CMS3.209: [CMS-concurrent-mark: 0.002/0.010 secs] [Times: user=0.00 sys=0.00, real=0.01 secs] 
 (concurrent mode failure): 5044K->948K(6848K), 0.0125500 secs] 5044K->948K(9920K), [Metaspace: 3664K->3664K(1056768K)], 0.0128371 secs] [Times: user=0.00 sys=0.00, real=0.01 secs] 
3.213: [GC (Allocation Failure) 3.213: [ParNew: 0K->0K(3072K), 0.0002828 secs]3.213: [CMS: 5044K->948K(6848K), 0.0018181 secs] 5044K->948K(9920K), [Metaspace: 3664K->3664K(1056768K)], 0.0021665 secs] [Times: user=0.00 sys=0.00, real=0.00 secs] 
3.215: [GC (CMS Initial Mark) [1 CMS-initial-mark: 5044K(6848K)] 5044K(9920K), 0.0002405 secs] [Times: user=0.00 sys=0.00, real=0.00 secs] 
3.216: [CMS-concurrent-mark-start]
3.216: [GC (Allocation Failure) 3.216: [ParNew: 0K->0K(3072K), 0.0001905 secs]3.216: [CMS3.229: [CMS-concurrent-mark: 0.006/0.013 secs] [Times: user=0.00 sys=0.00, real=0.01 secs] 
 (concurrent mode failure): 5044K->948K(6848K), 0.0191022 secs] 5044K->948K(9920K), [Metaspace: 3664K->3664K(1056768K)], 0.0194104 secs] [Times: user=0.00 sys=0.00, real=0.02 secs] 
3.236: [GC (Allocation Failure) 3.236: [ParNew: 0K->0K(3072K), 0.0007109 secs]3.237: [CMS: 5044K->948K(6848K), 0.0057863 secs] 5044K->948K(9920K), [Metaspace: 3664K->3664K(1056768K)], 0.0066816 secs] [Times: user=0.01 sys=0.00, real=0.01 secs] 
3.244: [GC (CMS Initial Mark) [1 CMS-initial-mark: 5044K(6848K)] 5044K(9920K), 0.0002932 secs] [Times: user=0.00 sys=0.00, real=0.00 secs] 
3.244: [CMS-concurrent-mark-start]
3.244: [GC (Allocation Failure) 3.244: [ParNew: 0K->0K(3072K), 0.0008254 secs]3.245: [CMS3.261: [CMS-concurrent-mark: 0.006/0.017 secs] [Times: user=0.00 sys=0.00, real=0.02 secs] 
 (concurrent mode failure): 5044K->948K(6848K), 0.0251766 secs] 5044K->948K(9920K), [Metaspace: 3664K->3664K(1056768K)], 0.0263004 secs] [Times: user=0.02 sys=0.00, real=0.03 secs] 
3.272: [GC (Allocation Failure) 3.272: [ParNew: 0K->0K(3072K), 0.0012335 secs]3.273: [CMS: 5044K->948K(6848K), 0.0085979 secs] 5044K->948K(9920K), [Metaspace: 3664K->3664K(1056768K)], 0.0101622 secs] [Times: user=0.00 sys=0.00, real=0.01 secs] 
3.283: [GC (CMS Initial Mark) [1 CMS-initial-mark: 5044K(6848K)] 5044K(9920K), 0.0009276 secs] [Times: user=0.00 sys=0.00, real=0.00 secs] 
3.284: [CMS-concurrent-mark-start]
3.284: [GC (Allocation Failure) 3.285: [ParNew: 0K->0K(3072K), 0.0012395 secs]3.286: [CMS3.290: [CMS-concurrent-mark: 0.004/0.006 secs] [Times: user=0.03 sys=0.00, real=0.01 secs] 
 (concurrent mode failure): 5044K->948K(6848K), 0.0123272 secs] 5044K->948K(9920K), [Metaspace: 3664K->3664K(1056768K)], 0.0138841 secs] [Times: user=0.03 sys=0.00, real=0.01 secs] 
3.299: [GC (Allocation Failure) 3.300: [ParNew: 0K->0K(3072K), 0.0010567 secs]3.301: [CMS: 5044K->948K(6848K), 0.0086992 secs] 5044K->948K(9920K), [Metaspace: 3664K->3664K(1056768K)], 0.0100387 secs] [Times: user=0.02 sys=0.00, real=0.01 secs] 
3.310: [GC (CMS Initial Mark) [1 CMS-initial-mark: 5044K(6848K)] 5044K(9920K), 0.0003514 secs] [Times: user=0.00 sys=0.00, real=0.00 secs] 
3.311: [CMS-concurrent-mark-start]
3.311: [GC (Allocation Failure) 3.311: [ParNew: 0K->0K(3072K), 0.0008128 secs]3.312: [CMS3.319: [CMS-concurrent-mark: 0.003/0.008 secs] [Times: user=0.03 sys=0.00, real=0.01 secs] 
 (concurrent mode failure): 5044K->948K(6848K), 0.0102725 secs] 5044K->948K(9920K), [Metaspace: 3664K->3664K(1056768K)], 0.0112590 secs] [Times: user=0.03 sys=0.00, real=0.01 secs] 
3.323: [GC (Allocation Failure) 3.323: [ParNew: 0K->0K(3072K), 0.0004794 secs]3.323: [CMS: 5044K->948K(6848K), 0.0024485 secs] 5044K->948K(9920K), [Metaspace: 3664K->3664K(1056768K)], 0.0030083 secs] [Times: user=0.00 sys=0.00, real=0.00 secs] 
3.326: [GC (CMS Initial Mark) [1 CMS-initial-mark: 5044K(6848K)] 5044K(9920K), 0.0001649 secs] [Times: user=0.00 sys=0.00, real=0.00 secs] 
3.326: [CMS-concurrent-mark-start]
3.326: [GC (Allocation Failure) 3.326: [ParNew: 0K->0K(3072K), 0.0003829 secs]3.327: [CMS3.332: [CMS-concurrent-mark: 0.002/0.006 secs] [Times: user=0.00 sys=0.00, real=0.01 secs] 
 (concurrent mode failure): 5044K->948K(6848K), 0.0091785 secs] 5044K->948K(9920K), [Metaspace: 3664K->3664K(1056768K)], 0.0096930 secs] [Times: user=0.02 sys=0.00, real=0.01 secs] 
3.337: [GC (Allocation Failure) 3.337: [ParNew: 0K->0K(3072K), 0.0003505 secs]3.337: [CMS: 5044K->948K(6848K), 0.0036384 secs] 5044K->948K(9920K), [Metaspace: 3664K->3664K(1056768K)], 0.0040982 secs] [Times: user=0.00 sys=0.00, real=0.00 secs] 
3.341: [GC (CMS Initial Mark) [1 CMS-initial-mark: 5044K(6848K)] 5044K(9920K), 0.0001496 secs] [Times: user=0.00 sys=0.00, real=0.00 secs] 
3.341: [CMS-concurrent-mark-start]
3.341: [GC (Allocation Failure) 3.341: [ParNew: 0K->0K(3072K), 0.0003088 secs]3.342: [CMS3.348: [CMS-concurrent-mark: 0.002/0.007 secs] [Times: user=0.00 sys=0.00, real=0.01 secs] 
 (concurrent mode failure): 5044K->948K(6848K), 0.0096492 secs] 5044K->948K(9920K), [Metaspace: 3664K->3664K(1056768K)], 0.0100570 secs] [Times: user=0.01 sys=0.00, real=0.01 secs] 
3.352: [GC (Allocation Failure) 3.352: [ParNew: 0K->0K(3072K), 0.0002882 secs]3.352: [CMS: 5044K->948K(6848K), 0.0036875 secs] 5044K->948K(9920K), [Metaspace: 3664K->3664K(1056768K)], 0.0040911 secs] [Times: user=0.00 sys=0.00, real=0.00 secs] 
3.356: [GC (CMS Initial Mark) [1 CMS-initial-mark: 5044K(6848K)] 5044K(9920K), 0.0001572 secs] [Times: user=0.00 sys=0.00, real=0.00 secs] 
3.357: [CMS-concurrent-mark-start]
3.357: [GC (Allocation Failure) 3.357: [ParNew: 0K->0K(3072K), 0.0003105 secs]3.357: [CMS3.364: [CMS-concurrent-mark: 0.002/0.008 secs] [Times: user=0.02 sys=0.00, real=0.01 secs] 
 (concurrent mode failure): 5044K->948K(6848K), 0.0108448 secs] 5044K->948K(9920K), [Metaspace: 3664K->3664K(1056768K)], 0.0112806 secs] [Times: user=0.02 sys=0.00, real=0.01 secs] 
3.369: [GC (Allocation Failure) 3.369: [ParNew: 0K->0K(3072K), 0.0003295 secs]3.369: [CMS: 5044K->948K(6848K), 0.0040551 secs] 5044K->948K(9920K), [Metaspace: 3664K->3664K(1056768K)], 0.0044998 secs] [Times: user=0.00 sys=0.00, real=0.01 secs] 
3.373: [GC (CMS Initial Mark) [1 CMS-initial-mark: 5044K(6848K)] 5044K(9920K), 0.0001318 secs] [Times: user=0.00 sys=0.00, real=0.00 secs] 
3.374: [CMS-concurrent-mark-start]
3.374: [GC (Allocation Failure) 3.374: [ParNew: 0K->0K(3072K), 0.0004268 secs]3.374: [CMS3.380: [CMS-concurrent-mark: 0.002/0.006 secs] [Times: user=0.03 sys=0.00, real=0.01 secs] 
 (concurrent mode failure): 5044K->948K(6848K), 0.0094762 secs] 5044K->948K(9920K), [Metaspace: 3664K->3664K(1056768K)], 0.0100051 secs] [Times: user=0.03 sys=0.00, real=0.01 secs] 
3.384: [GC (Allocation Failure) 3.384: [ParNew: 0K->0K(3072K), 0.0003826 secs]3.385: [CMS: 5044K->948K(6848K), 0.0040040 secs] 5044K->948K(9920K), [Metaspace: 3664K->3664K(1056768K)], 0.0045010 secs] [Times: user=0.00 sys=0.00, real=0.00 secs] 
3.389: [GC (CMS Initial Mark) [1 CMS-initial-mark: 5044K(6848K)] 5044K(9920K), 0.0001677 secs] [Times: user=0.00 sys=0.00, real=0.00 secs] 
3.389: [CMS-concurrent-mark-start]
3.389: [GC (Allocation Failure) 3.389: [ParNew: 0K->0K(3072K), 0.0003491 secs]3.390: [CMS3.396: [CMS-concurrent-mark: 0.002/0.006 secs] [Times: user=0.00 sys=0.00, real=0.01 secs] 
 (concurrent mode failure): 5044K->948K(6848K), 0.0096314 secs] 5044K->948K(9920K), [Metaspace: 3664K->3664K(1056768K)], 0.0101037 secs] [Times: user=0.02 sys=0.00, real=0.01 secs] 
3.400: [GC (Allocation Failure) 3.400: [ParNew: 0K->0K(3072K), 0.0003290 secs]3.400: [CMS: 5044K->948K(6848K), 0.0039644 secs] 5044K->948K(9920K), [Metaspace: 3664K->3664K(1056768K)], 0.0044169 secs] [Times: user=0.00 sys=0.00, real=0.00 secs] 
3.405: [GC (CMS Initial Mark) [1 CMS-initial-mark: 5044K(6848K)] 5044K(9920K), 0.0001677 secs] [Times: user=0.00 sys=0.00, real=0.00 secs] 
3.405: [CMS-concurrent-mark-start]
3.405: [GC (Allocation Failure) 3.405: [ParNew: 0K->0K(3072K), 0.0002688 secs]3.406: [CMS3.410: [CMS-concurrent-mark: 0.002/0.005 secs] [Times: user=0.00 sys=0.00, real=0.00 secs] 
 (concurrent mode failure): 5044K->948K(6848K), 0.0086795 secs] 5044K->948K(9920K), [Metaspace: 3664K->3664K(1056768K)], 0.0090634 secs] [Times: user=0.02 sys=0.00, real=0.01 secs] 
3.415: [GC (Allocation Failure) 3.415: [ParNew: 0K->0K(3072K), 0.0003430 secs]3.415: [CMS: 5044K->948K(6848K), 0.0028494 secs] 5044K->948K(9920K), [Metaspace: 3664K->3664K(1056768K)], 0.0033056 secs] [Times: user=0.00 sys=0.00, real=0.00 secs] 
3.418: [GC (CMS Initial Mark) [1 CMS-initial-mark: 5044K(6848K)] 5044K(9920K), 0.0001356 secs] [Times: user=0.00 sys=0.00, real=0.00 secs] 
3.419: [CMS-concurrent-mark-start]
3.419: [GC (Allocation Failure) 3.419: [ParNew: 0K->0K(3072K), 0.0002923 secs]3.419: [CMS3.426: [CMS-concurrent-mark: 0.002/0.008 secs] [Times: user=0.00 sys=0.00, real=0.01 secs] 
 (concurrent mode failure): 5044K->948K(6848K), 0.0111284 secs] 5044K->948K(9920K), [Metaspace: 3664K->3664K(1056768K)], 0.0115179 secs] [Times: user=0.01 sys=0.00, real=0.01 secs] 
3.431: [GC (Allocation Failure) 3.431: [ParNew: 0K->0K(3072K), 0.0002816 secs]3.431: [CMS: 5044K->948K(6848K), 0.0029193 secs] 5044K->948K(9920K), [Metaspace: 3664K->3664K(1056768K)], 0.0032891 secs] [Times: user=0.00 sys=0.00, real=0.00 secs] 
3.434: [GC (CMS Initial Mark) [1 CMS-initial-mark: 5044K(6848K)] 5044K(9920K), 0.0001507 secs] [Times: user=0.00 sys=0.00, real=0.00 secs] 
3.434: [CMS-concurrent-mark-start]
3.434: [GC (Allocation Failure) 3.435: [ParNew: 0K->0K(3072K), 0.0002577 secs]3.435: [CMS3.442: [CMS-concurrent-mark: 0.002/0.008 secs] [Times: user=0.00 sys=0.00, real=0.01 secs] 
 (concurrent mode failure): 5044K->948K(6848K), 0.0118812 secs] 5044K->948K(9920K), [Metaspace: 3664K->3664K(1056768K)], 0.0122632 secs] [Times: user=0.02 sys=0.00, real=0.01 secs] 
3.447: [GC (Allocation Failure) 3.447: [ParNew: 0K->0K(3072K), 0.0003472 secs]3.448: [CMS: 5044K->948K(6848K), 0.0029081 secs] 5044K->948K(9920K), [Metaspace: 3664K->3664K(1056768K)], 0.0033703 secs] [Times: user=0.00 sys=0.00, real=0.01 secs] 
3.451: [GC (CMS Initial Mark) [1 CMS-initial-mark: 5044K(6848K)] 5044K(9920K), 0.0001350 secs] [Times: user=0.00 sys=0.00, real=0.00 secs] 
3.451: [CMS-concurrent-mark-start]
3.451: [GC (Allocation Failure) 3.451: [ParNew: 0K->0K(3072K), 0.0002836 secs]3.452: [CMS3.458: [CMS-concurrent-mark: 0.002/0.007 secs] [Times: user=0.00 sys=0.00, real=0.01 secs] 
 (concurrent mode failure): 5044K->948K(6848K), 0.0104200 secs] 5044K->948K(9920K), [Metaspace: 3664K->3664K(1056768K)], 0.0108381 secs] [Times: user=0.01 sys=0.00, real=0.01 secs] 
3.463: [GC (Allocation Failure) 3.463: [ParNew: 0K->0K(3072K), 0.0002820 secs]3.463: [CMS: 5044K->948K(6848K), 0.0027569 secs] 5044K->948K(9920K), [Metaspace: 3664K->3664K(1056768K)], 0.0031258 secs] [Times: user=0.00 sys=0.00, real=0.00 secs] 
3.466: [GC (CMS Initial Mark) [1 CMS-initial-mark: 5044K(6848K)] 5044K(9920K), 0.0001259 secs] [Times: user=0.00 sys=0.00, real=0.00 secs] 
3.466: [CMS-concurrent-mark-start]
3.466: [GC (Allocation Failure) 3.466: [ParNew: 0K->0K(3072K), 0.0002385 secs]3.467: [CMS3.474: [CMS-concurrent-mark: 0.002/0.008 secs] [Times: user=0.03 sys=0.00, real=0.01 secs] 
 (concurrent mode failure): 5044K->948K(6848K), 0.0107461 secs] 5044K->948K(9920K), [Metaspace: 3664K->3664K(1056768K)], 0.0110794 secs] [Times: user=0.03 sys=0.00, real=0.01 secs] 
3.478: [GC (Allocation Failure) 3.478: [ParNew: 0K->0K(3072K), 0.0002853 secs]3.478: [CMS: 5044K->948K(6848K), 0.0030064 secs] 5044K->948K(9920K), [Metaspace: 3664K->3664K(1056768K)], 0.0033978 secs] [Times: user=0.00 sys=0.00, real=0.00 secs] 
3.482: [GC (CMS Initial Mark) [1 CMS-initial-mark: 5044K(6848K)] 5044K(9920K), 0.0000936 secs] [Times: user=0.00 sys=0.00, real=0.00 secs] 
3.482: [CMS-concurrent-mark-start]
3.482: [GC (Allocation Failure) 3.482: [ParNew: 0K->0K(3072K), 0.0002171 secs]3.482: [CMS3.489: [CMS-concurrent-mark: 0.002/0.007 secs] [Times: user=0.03 sys=0.00, real=0.01 secs] 
 (concurrent mode failure): 5044K->948K(6848K), 0.0093771 secs] 5044K->948K(9920K), [Metaspace: 3664K->3664K(1056768K)], 0.0096968 secs] [Times: user=0.03 sys=0.00, real=0.01 secs] 
3.492: [GC (Allocation Failure) 3.492: [ParNew: 0K->0K(3072K), 0.0004546 secs]3.493: [CMS: 5044K->948K(6848K), 0.0038072 secs] 5044K->948K(9920K), [Metaspace: 3664K->3664K(1056768K)], 0.0043675 secs] [Times: user=0.00 sys=0.00, real=0.00 secs] 
3.497: [GC (CMS Initial Mark) [1 CMS-initial-mark: 5044K(6848K)] 5044K(9920K), 0.0001338 secs] [Times: user=0.00 sys=0.00, real=0.00 secs] 
3.497: [CMS-concurrent-mark-start]
3.497: [GC (Allocation Failure) 3.497: [ParNew: 0K->0K(3072K), 0.0002569 secs]3.497: [CMS3.505: [CMS-concurrent-mark: 0.001/0.007 secs] [Times: user=0.00 sys=0.00, real=0.01 secs] 
 (concurrent mode failure): 5044K->948K(6848K), 0.0098839 secs] 5044K->948K(9920K), [Metaspace: 3664K->3664K(1056768K)], 0.0102437 secs] [Times: user=0.02 sys=0.00, real=0.01 secs] 
3.508: [GC (Allocation Failure) 3.508: [ParNew: 0K->0K(3072K), 0.0003003 secs]3.508: [CMS: 5044K->948K(6848K), 0.0043733 secs] 5044K->948K(9920K), [Metaspace: 3664K->3664K(1056768K)], 0.0047799 secs] [Times: user=0.00 sys=0.00, real=0.00 secs] 
3.513: [GC (CMS Initial Mark) [1 CMS-initial-mark: 5044K(6848K)] 5044K(9920K), 0.0001519 secs] [Times: user=0.00 sys=0.00, real=0.00 secs] 
3.513: [CMS-concurrent-mark-start]
3.513: [GC (Allocation Failure) 3.513: [ParNew: 0K->0K(3072K), 0.0002714 secs]3.514: [CMS3.521: [CMS-concurrent-mark: 0.002/0.008 secs] [Times: user=0.03 sys=0.00, real=0.01 secs] 
 (concurrent mode failure): 5044K->948K(6848K), 0.0102210 secs] 5044K->948K(9920K), [Metaspace: 3664K->3664K(1056768K)], 0.0105771 secs] [Times: user=0.03 sys=0.00, real=0.01 secs] 
3.524: [GC (Allocation Failure) 3.524: [ParNew: 0K->0K(3072K), 0.0002685 secs]3.525: [CMS: 5044K->948K(6848K), 0.0028584 secs] 5044K->948K(9920K), [Metaspace: 3664K->3664K(1056768K)], 0.0032364 secs] [Times: user=0.00 sys=0.00, real=0.00 secs] 
3.528: [GC (CMS Initial Mark) [1 CMS-initial-mark: 5044K(6848K)] 5044K(9920K), 0.0002952 secs] [Times: user=0.00 sys=0.00, real=0.00 secs] 
3.528: [CMS-concurrent-mark-start]
3.528: [GC (Allocation Failure) 3.528: [ParNew: 0K->0K(3072K), 0.0002793 secs]3.529: [CMS3.536: [CMS-concurrent-mark: 0.001/0.008 secs] [Times: user=0.03 sys=0.00, real=0.01 secs] 
 (concurrent mode failure): 5044K->948K(6848K), 0.0105091 secs] 5044K->948K(9920K), [Metaspace: 3664K->3664K(1056768K)], 0.0108959 secs] [Times: user=0.03 sys=0.00, real=0.01 secs] 
3.540: [GC (Allocation Failure) 3.540: [ParNew: 0K->0K(3072K), 0.0002439 secs]3.540: [CMS: 5044K->948K(6848K), 0.0026935 secs] 5044K->948K(9920K), [Metaspace: 3664K->3664K(1056768K)], 0.0030289 secs] [Times: user=0.00 sys=0.00, real=0.00 secs] 
3.543: [GC (CMS Initial Mark) [1 CMS-initial-mark: 5044K(6848K)] 5044K(9920K), 0.0001578 secs] [Times: user=0.00 sys=0.00, real=0.00 secs] 
3.543: [CMS-concurrent-mark-start]
3.543: [GC (Allocation Failure) 3.543: [ParNew: 0K->0K(3072K), 0.0002682 secs]3.544: [CMS3.552: [CMS-concurrent-mark: 0.001/0.008 secs] [Times: user=0.03 sys=0.00, real=0.01 secs] 
 (concurrent mode failure): 5044K->948K(6848K), 0.0105434 secs] 5044K->948K(9920K), [Metaspace: 3664K->3664K(1056768K)], 0.0108967 secs] [Times: user=0.03 sys=0.00, real=0.01 secs] 
3.555: [GC (Allocation Failure) 3.555: [ParNew: 0K->0K(3072K), 0.0002259 secs]3.555: [CMS: 5044K->948K(6848K), 0.0023322 secs] 5044K->948K(9920K), [Metaspace: 3664K->3664K(1056768K)], 0.0026493 secs] [Times: user=0.00 sys=0.00, real=0.00 secs] 
3.558: [GC (CMS Initial Mark) [1 CMS-initial-mark: 5044K(6848K)] 5044K(9920K), 0.0000941 secs] [Times: user=0.00 sys=0.00, real=0.00 secs] 
3.558: [CMS-concurrent-mark-start]
3.558: [GC (Allocation Failure) 3.558: [ParNew: 0K->0K(3072K), 0.0002548 secs]3.558: [CMS3.567: [CMS-concurrent-mark: 0.001/0.009 secs] [Times: user=0.00 sys=0.00, real=0.01 secs] 
 (concurrent mode failure): 5044K->948K(6848K), 0.0112384 secs] 5044K->948K(9920K), [Metaspace: 3664K->3664K(1056768K)], 0.0115691 secs] [Times: user=0.02 sys=0.00, real=0.01 secs] 
3.570: [GC (Allocation Failure) 3.570: [ParNew: 0K->0K(3072K), 0.0002864 secs]3.570: [CMS: 5044K->948K(6848K), 0.0026860 secs] 5044K->948K(9920K), [Metaspace: 3664K->3664K(1056768K)], 0.0030611 secs] [Times: user=0.00 sys=0.00, real=0.00 secs] 
3.573: [GC (CMS Initial Mark) [1 CMS-initial-mark: 5044K(6848K)] 5044K(9920K), 0.0001505 secs] [Times: user=0.00 sys=0.00, real=0.00 secs] 
3.573: [CMS-concurrent-mark-start]
3.573: [GC (Allocation Failure) 3.573: [ParNew: 0K->0K(3072K), 0.0002397 secs]3.574: [CMS3.583: [CMS-concurrent-mark: 0.002/0.009 secs] [Times: user=0.00 sys=0.00, real=0.01 secs] 
 (concurrent mode failure): 5044K->948K(6848K), 0.0119524 secs] 5044K->948K(9920K), [Metaspace: 3664K->3664K(1056768K)], 0.0122683 secs] [Times: user=0.02 sys=0.00, real=0.01 secs] 
3.586: [GC (Allocation Failure) 3.586: [ParNew: 0K->0K(3072K), 0.0003252 secs]3.586: [CMS: 5044K->948K(6848K), 0.0033544 secs] 5044K->948K(9920K), [Metaspace: 3664K->3664K(1056768K)], 0.0037849 secs] [Times: user=0.00 sys=0.00, real=0.00 secs] 
3.590: [GC (CMS Initial Mark) [1 CMS-initial-mark: 5044K(6848K)] 5044K(9920K), 0.0001329 secs] [Times: user=0.00 sys=0.00, real=0.00 secs] 
3.590: [CMS-concurrent-mark-start]
3.590: [GC (Allocation Failure) 3.590: [ParNew: 0K->0K(3072K), 0.0002290 secs]3.591: [CMS3.598: [CMS-concurrent-mark: 0.001/0.007 secs] [Times: user=0.00 sys=0.00, real=0.01 secs] 
 (concurrent mode failure): 5044K->948K(6848K), 0.0097083 secs] 5044K->948K(9920K), [Metaspace: 3664K->3664K(1056768K)], 0.0100259 secs] [Times: user=0.01 sys=0.00, real=0.01 secs] 
3.601: [GC (Allocation Failure) 3.601: [ParNew: 0K->0K(3072K), 0.0002383 secs]3.601: [CMS: 5044K->948K(6848K), 0.0022916 secs] 5044K->948K(9920K), [Metaspace: 3664K->3664K(1056768K)], 0.0026068 secs] [Times: user=0.00 sys=0.00, real=0.00 secs] 
3.604: [GC (CMS Initial Mark) [1 CMS-initial-mark: 5044K(6848K)] 5044K(9920K), 0.0000833 secs] [Times: user=0.00 sys=0.00, real=0.00 secs] 
3.604: [CMS-concurrent-mark-start]
3.604: [GC (Allocation Failure) 3.604: [ParNew: 0K->0K(3072K), 0.0002397 secs]3.604: [CMS3.613: [CMS-concurrent-mark: 0.002/0.009 secs] [Times: user=0.00 sys=0.00, real=0.01 secs] 
 (concurrent mode failure): 5044K->948K(6848K), 0.0111546 secs] 5044K->948K(9920K), [Metaspace: 3664K->3664K(1056768K)], 0.0114873 secs] [Times: user=0.02 sys=0.00, real=0.01 secs] 
3.616: [GC (Allocation Failure) 3.616: [ParNew: 0K->0K(3072K), 0.0002678 secs]3.616: [CMS: 5044K->948K(6848K), 0.0025017 secs] 5044K->948K(9920K), [Metaspace: 3664K->3664K(1056768K)], 0.0028651 secs] [Times: user=0.00 sys=0.00, real=0.00 secs] 
3.619: [GC (CMS Initial Mark) [1 CMS-initial-mark: 5044K(6848K)] 5044K(9920K), 0.0001280 secs] [Times: user=0.00 sys=0.00, real=0.00 secs] 
3.619: [CMS-concurrent-mark-start]
3.619: [GC (Allocation Failure) 3.619: [ParNew: 0K->0K(3072K), 0.0002838 secs]3.619: [CMS3.629: [CMS-concurrent-mark: 0.002/0.010 secs] [Times: user=0.00 sys=0.00, real=0.01 secs] 
 (concurrent mode failure): 5044K->948K(6848K), 0.0120759 secs] 5044K->948K(9920K), [Metaspace: 3664K->3664K(1056768K)], 0.0124442 secs] [Times: user=0.01 sys=0.00, real=0.01 secs] 
3.632: [GC (Allocation Failure) 3.632: [ParNew: 0K->0K(3072K), 0.0002597 secs]3.632: [CMS: 5044K->948K(6848K), 0.0025281 secs] 5044K->948K(9920K), [Metaspace: 3664K->3664K(1056768K)], 0.0028686 secs] [Times: user=0.00 sys=0.00, real=0.00 secs] 
3.635: [GC (CMS Initial Mark) [1 CMS-initial-mark: 5044K(6848K)] 5044K(9920K), 0.0001450 secs] [Times: user=0.00 sys=0.00, real=0.00 secs] 
3.635: [CMS-concurrent-mark-start]
3.635: [GC (Allocation Failure) 3.635: [ParNew: 0K->0K(3072K), 0.0002288 secs]3.636: [CMS3.644: [CMS-concurrent-mark: 0.002/0.009 secs] [Times: user=0.00 sys=0.00, real=0.01 secs] 
 (concurrent mode failure): 5044K->948K(6848K), 0.0115835 secs] 5044K->948K(9920K), [Metaspace: 3664K->3664K(1056768K)], 0.0119104 secs] [Times: user=0.02 sys=0.00, real=0.01 secs] 
3.648: [GC (Allocation Failure) 3.648: [ParNew: 0K->0K(3072K), 0.0002478 secs]3.648: [CMS: 5044K->948K(6848K), 0.0027943 secs] 5044K->948K(9920K), [Metaspace: 3664K->3664K(1056768K)], 0.0031252 secs] [Times: user=0.00 sys=0.00, real=0.00 secs] 
3.651: [GC (CMS Initial Mark) [1 CMS-initial-mark: 5044K(6848K)] 5044K(9920K), 0.0001605 secs] [Times: user=0.00 sys=0.00, real=0.00 secs] 
3.651: [CMS-concurrent-mark-start]
3.652: [GC (Allocation Failure) 3.652: [ParNew: 0K->0K(3072K), 0.0002572 secs]3.652: [CMS3.660: [CMS-concurrent-mark: 0.002/0.008 secs] [Times: user=0.00 sys=0.00, real=0.01 secs] 
 (concurrent mode failure): 5044K->948K(6848K), 0.0122894 secs] 5044K->948K(9920K), [Metaspace: 3664K->3664K(1056768K)], 0.0126631 secs] [Times: user=0.02 sys=0.00, real=0.01 secs] 
3.665: [GC (Allocation Failure) 3.665: [ParNew: 0K->0K(3072K), 0.0002626 secs]3.665: [CMS: 5044K->948K(6848K), 0.0026434 secs] 5044K->948K(9920K), [Metaspace: 3664K->3664K(1056768K)], 0.0029887 secs] [Times: user=0.00 sys=0.00, real=0.00 secs] 
3.668: [GC (CMS Initial Mark) [1 CMS-initial-mark: 5044K(6848K)] 5044K(9920K), 0.0001351 secs] [Times: user=0.00 sys=0.00, real=0.00 secs] 
3.668: [CMS-concurrent-mark-start]
3.668: [GC (Allocation Failure) 3.668: [ParNew: 0K->0K(3072K), 0.0002603 secs]3.668: [CMS3.676: [CMS-concurrent-mark: 0.002/0.008 secs] [Times: user=0.00 sys=0.00, real=0.01 secs] 
 (concurrent mode failure): 5044K->948K(6848K), 0.0105445 secs] 5044K->948K(9920K), [Metaspace: 3664K->3664K(1056768K)], 0.0108895 secs] [Times: user=0.02 sys=0.00, real=0.01 secs] 
3.679: [GC (Allocation Failure) 3.679: [ParNew: 0K->0K(3072K), 0.0002629 secs]3.680: [CMS: 5044K->948K(6848K), 0.0024110 secs] 5044K->948K(9920K), [Metaspace: 3664K->3664K(1056768K)], 0.0027554 secs] [Times: user=0.00 sys=0.00, real=0.00 secs] 
3.683: [GC (CMS Initial Mark) [1 CMS-initial-mark: 5044K(6848K)] 5044K(9920K), 0.0000758 secs] [Times: user=0.00 sys=0.00, real=0.00 secs] 
3.683: [CMS-concurrent-mark-start]
3.683: [GC (Allocation Failure) 3.683: [ParNew: 0K->0K(3072K), 0.0002132 secs]3.683: [CMS3.692: [CMS-concurrent-mark: 0.002/0.009 secs] [Times: user=0.00 sys=0.00, real=0.01 secs] 
 (concurrent mode failure): 5044K->948K(6848K), 0.0132904 secs] 5044K->948K(9920K), [Metaspace: 3664K->3664K(1056768K)], 0.0135847 secs] [Times: user=0.02 sys=0.00, real=0.01 secs] 
3.697: [GC (Allocation Failure) 3.697: [ParNew: 0K->0K(3072K), 0.0002546 secs]3.697: [CMS: 5044K->948K(6848K), 0.0028203 secs] 5044K->948K(9920K), [Metaspace: 3664K->3664K(1056768K)], 0.0031705 secs] [Times: user=0.00 sys=0.00, real=0.00 secs] 
3.700: [GC (CMS Initial Mark) [1 CMS-initial-mark: 5044K(6848K)] 5044K(9920K), 0.0001176 secs] [Times: user=0.00 sys=0.00, real=0.00 secs] 
3.700: [CMS-concurrent-mark-start]
3.700: [GC (Allocation Failure) 3.700: [ParNew: 0K->0K(3072K), 0.0002333 secs]3.701: [CMS3.708: [CMS-concurrent-mark: 0.002/0.007 secs] [Times: user=0.00 sys=0.00, real=0.01 secs] 
 (concurrent mode failure): 5044K->948K(6848K), 0.0094993 secs] 5044K->948K(9920K), [Metaspace: 3664K->3664K(1056768K)], 0.0098284 secs] [Times: user=0.02 sys=0.00, real=0.01 secs] 
3.711: [GC (Allocation Failure) 3.711: [ParNew: 0K->0K(3072K), 0.0002748 secs]3.711: [CMS: 5044K->948K(6848K), 0.0021714 secs] 5044K->948K(9920K), [Metaspace: 3664K->3664K(1056768K)], 0.0025261 secs] [Times: user=0.00 sys=0.00, real=0.00 secs] 
3.714: [GC (CMS Initial Mark) [1 CMS-initial-mark: 5044K(6848K)] 5044K(9920K), 0.0001175 secs] [Times: user=0.00 sys=0.00, real=0.00 secs] 
3.714: [CMS-concurrent-mark-start]
3.714: [GC (Allocation Failure) 3.714: [ParNew: 0K->0K(3072K), 0.0002449 secs]3.714: [CMS3.723: [CMS-concurrent-mark: 0.002/0.010 secs] [Times: user=0.00 sys=0.00, real=0.01 secs] 
 (concurrent mode failure): 5044K->948K(6848K), 0.0117713 secs] 5044K->948K(9920K), [Metaspace: 3664K->3664K(1056768K)], 0.0121137 secs] [Times: user=0.01 sys=0.00, real=0.01 secs] 
3.726: [GC (Allocation Failure) 3.726: [ParNew: 0K->0K(3072K), 0.0002429 secs]3.727: [CMS: 5044K->948K(6848K), 0.0025999 secs] 5044K->948K(9920K), [Metaspace: 3664K->3664K(1056768K)], 0.0029416 secs] [Times: user=0.00 sys=0.00, real=0.00 secs] 
3.730: [GC (CMS Initial Mark) [1 CMS-initial-mark: 5044K(6848K)] 5044K(9920K), 0.0001238 secs] [Times: user=0.00 sys=0.00, real=0.00 secs] 
3.730: [CMS-concurrent-mark-start]
3.730: [GC (Allocation Failure) 3.730: [ParNew: 0K->0K(3072K), 0.0002341 secs]3.730: [CMS3.739: [CMS-concurrent-mark: 0.002/0.010 secs] [Times: user=0.00 sys=0.00, real=0.01 secs] 
 (concurrent mode failure): 5044K->948K(6848K), 0.0119774 secs] 5044K->948K(9920K), [Metaspace: 3664K->3664K(1056768K)], 0.0122944 secs] [Times: user=0.02 sys=0.00, real=0.01 secs] 
3.742: [GC (Allocation Failure) 3.742: [ParNew: 0K->0K(3072K), 0.0002448 secs]3.743: [CMS: 5044K->948K(6848K), 0.0040257 secs] 5044K->948K(9920K), [Metaspace: 3664K->3664K(1056768K)], 0.0043752 secs] [Times: user=0.00 sys=0.00, real=0.01 secs] 
3.747: [GC (CMS Initial Mark) [1 CMS-initial-mark: 5044K(6848K)] 5044K(9920K), 0.0001799 secs] [Times: user=0.00 sys=0.00, real=0.00 secs] 
3.748: [CMS-concurrent-mark-start]
3.748: [GC (Allocation Failure) 3.748: [ParNew: 0K->0K(3072K), 0.0002837 secs]3.748: [CMS3.755: [CMS-concurrent-mark: 0.002/0.008 secs] [Times: user=0.03 sys=0.00, real=0.01 secs] 
 (concurrent mode failure): 5044K->948K(6848K), 0.0096018 secs] 5044K->948K(9920K), [Metaspace: 3664K->3664K(1056768K)], 0.0099756 secs] [Times: user=0.03 sys=0.00, real=0.01 secs] 
3.758: [GC (Allocation Failure) 3.758: [ParNew: 0K->0K(3072K), 0.0002531 secs]3.758: [CMS: 5044K->948K(6848K), 0.0022241 secs] 5044K->948K(9920K), [Metaspace: 3664K->3664K(1056768K)], 0.0025559 secs] [Times: user=0.00 sys=0.00, real=0.00 secs] 
3.761: [GC (CMS Initial Mark) [1 CMS-initial-mark: 5044K(6848K)] 5044K(9920K), 0.0001853 secs] [Times: user=0.00 sys=0.00, real=0.00 secs] 
3.761: [CMS-concurrent-mark-start]
3.761: [GC (Allocation Failure) 3.761: [ParNew: 0K->0K(3072K), 0.0002753 secs]3.761: [CMS3.770: [CMS-concurrent-mark: 0.001/0.009 secs] [Times: user=0.03 sys=0.00, real=0.01 secs] 
 (concurrent mode failure): 5044K->948K(6848K), 0.0112859 secs] 5044K->948K(9920K), [Metaspace: 3664K->3664K(1056768K)], 0.0116351 secs] [Times: user=0.03 sys=0.00, real=0.01 secs] 
3.773: [GC (Allocation Failure) 3.773: [ParNew: 0K->0K(3072K), 0.0002364 secs]3.773: [CMS: 5044K->948K(6848K), 0.0020206 secs] 5044K->948K(9920K), [Metaspace: 3664K->3664K(1056768K)], 0.0023353 secs] [Times: user=0.00 sys=0.00, real=0.00 secs] 
3.776: [GC (CMS Initial Mark) [1 CMS-initial-mark: 5044K(6848K)] 5044K(9920K), 0.0001022 secs] [Times: user=0.00 sys=0.00, real=0.00 secs] 
3.776: [CMS-concurrent-mark-start]
3.776: [GC (Allocation Failure) 3.776: [ParNew: 0K->0K(3072K), 0.0002677 secs]3.776: [CMS3.786: [CMS-concurrent-mark: 0.002/0.010 secs] [Times: user=0.00 sys=0.00, real=0.01 secs] 
 (concurrent mode failure): 5044K->948K(6848K), 0.0122575 secs] 5044K->948K(9920K), [Metaspace: 3664K->3664K(1056768K)], 0.0126125 secs] [Times: user=0.02 sys=0.00, real=0.01 secs] 
3.789: [GC (Allocation Failure) 3.789: [ParNew: 0K->0K(3072K), 0.0002307 secs]3.789: [CMS: 5044K->948K(6848K), 0.0021961 secs] 5044K->948K(9920K), [Metaspace: 3664K->3664K(1056768K)], 0.0025058 secs] [Times: user=0.00 sys=0.00, real=0.00 secs] 
3.792: [GC (CMS Initial Mark) [1 CMS-initial-mark: 5044K(6848K)] 5044K(9920K), 0.0001557 secs] [Times: user=0.00 sys=0.00, real=0.00 secs] 
3.792: [CMS-concurrent-mark-start]
3.792: [GC (Allocation Failure) 3.792: [ParNew: 0K->0K(3072K), 0.0002578 secs]3.792: [CMS3.802: [CMS-concurrent-mark: 0.002/0.010 secs] [Times: user=0.02 sys=0.00, real=0.01 secs] 
 (concurrent mode failure): 5044K->948K(6848K), 0.0119991 secs] 5044K->948K(9920K), [Metaspace: 3664K->3664K(1056768K)], 0.0123318 secs] [Times: user=0.02 sys=0.00, real=0.01 secs] 
3.805: [GC (Allocation Failure) 3.805: [ParNew: 0K->0K(3072K), 0.0002173 secs]3.805: [CMS: 5044K->948K(6848K), 0.0019748 secs] 5044K->948K(9920K), [Metaspace: 3664K->3664K(1056768K)], 0.0022750 secs] [Times: user=0.00 sys=0.00, real=0.00 secs] 
3.807: [GC (CMS Initial Mark) [1 CMS-initial-mark: 5044K(6848K)] 5044K(9920K), 0.0000848 secs] [Times: user=0.00 sys=0.00, real=0.00 secs] 
3.807: [CMS-concurrent-mark-start]
3.807: [GC (Allocation Failure) 3.807: [ParNew: 0K->0K(3072K), 0.0002424 secs]3.808: [CMS3.817: [CMS-concurrent-mark: 0.001/0.010 secs] [Times: user=0.00 sys=0.00, real=0.01 secs] 
 (concurrent mode failure): 5044K->948K(6848K), 0.0115076 secs] 5044K->948K(9920K), [Metaspace: 3664K->3664K(1056768K)], 0.0118243 secs] [Times: user=0.01 sys=0.00, real=0.01 secs] 
3.820: [GC (Allocation Failure) 3.820: [ParNew: 0K->0K(3072K), 0.0002428 secs]3.820: [CMS: 5044K->948K(6848K), 0.0025351 secs] 5044K->948K(9920K), [Metaspace: 3664K->3664K(1056768K)], 0.0028541 secs] [Times: user=0.00 sys=0.00, real=0.00 secs] 
3.823: [GC (CMS Initial Mark) [1 CMS-initial-mark: 5044K(6848K)] 5044K(9920K), 0.0000887 secs] [Times: user=0.00 sys=0.00, real=0.00 secs] 
3.823: [CMS-concurrent-mark-start]
3.823: [GC (Allocation Failure) 3.823: [ParNew: 0K->0K(3072K), 0.0002311 secs]3.823: [CMS3.832: [CMS-concurrent-mark: 0.001/0.009 secs] [Times: user=0.00 sys=0.00, real=0.01 secs] 
 (concurrent mode failure): 5044K->948K(6848K), 0.0112596 secs] 5044K->948K(9920K), [Metaspace: 3664K->3664K(1056768K)], 0.0115652 secs] [Times: user=0.02 sys=0.00, real=0.01 secs] 
3.835: [GC (Allocation Failure) 3.835: [ParNew: 0K->0K(3072K), 0.0003600 secs]3.835: [CMS: 5044K->948K(6848K), 0.0019619 secs] 5044K->948K(9920K), [Metaspace: 3664K->3664K(1056768K)], 0.0023892 secs] [Times: user=0.00 sys=0.00, real=0.00 secs] 
3.838: [GC (CMS Initial Mark) [1 CMS-initial-mark: 5044K(6848K)] 5044K(9920K), 0.0001281 secs] [Times: user=0.00 sys=0.00, real=0.00 secs] 
3.838: [CMS-concurrent-mark-start]
3.838: [GC (Allocation Failure) 3.838: [ParNew: 0K->0K(3072K), 0.0002321 secs]3.838: [CMS3.848: [CMS-concurrent-mark: 0.002/0.010 secs] [Times: user=0.00 sys=0.00, real=0.01 secs] 
 (concurrent mode failure): 5044K->948K(6848K), 0.0128823 secs] 5044K->948K(9920K), [Metaspace: 3664K->3664K(1056768K)], 0.0131901 secs] [Times: user=0.01 sys=0.00, real=0.01 secs] 
3.851: [GC (Allocation Failure) 3.851: [ParNew: 0K->0K(3072K), 0.0002222 secs]3.852: [CMS: 5044K->948K(6848K), 0.0018501 secs] 5044K->948K(9920K), [Metaspace: 3664K->3664K(1056768K)], 0.0021240 secs] [Times: user=0.00 sys=0.00, real=0.00 secs] 
3.854: [GC (CMS Initial Mark) [1 CMS-initial-mark: 5044K(6848K)] 5044K(9920K), 0.0000812 secs] [Times: user=0.00 sys=0.00, real=0.00 secs] 
3.854: [CMS-concurrent-mark-start]
3.854: [GC (Allocation Failure) 3.854: [ParNew: 0K->0K(3072K), 0.0002354 secs]3.854: [CMS3.863: [CMS-concurrent-mark: 0.001/0.009 secs] [Times: user=0.00 sys=0.00, real=0.01 secs] 
 (concurrent mode failure): 5044K->948K(6848K), 0.0107186 secs] 5044K->948K(9920K), [Metaspace: 3664K->3664K(1056768K)], 0.0110238 secs] [Times: user=0.02 sys=0.00, real=0.01 secs] 
3.865: [GC (Allocation Failure) 3.865: [ParNew: 0K->0K(3072K), 0.0001833 secs]3.866: [CMS: 5044K->948K(6848K), 0.0019209 secs] 5044K->948K(9920K), [Metaspace: 3664K->3664K(1056768K)], 0.0021714 secs] [Times: user=0.00 sys=0.00, real=0.00 secs] 
3.868: [GC (CMS Initial Mark) [1 CMS-initial-mark: 5044K(6848K)] 5044K(9920K), 0.0000811 secs] [Times: user=0.00 sys=0.00, real=0.00 secs] 
3.868: [CMS-concurrent-mark-start]
3.868: [GC (Allocation Failure) 3.868: [ParNew: 0K->0K(3072K), 0.0002466 secs]3.868: [CMS3.878: [CMS-concurrent-mark: 0.001/0.011 secs] [Times: user=0.00 sys=0.00, real=0.01 secs] 
 (concurrent mode failure): 5044K->948K(6848K), 0.0124269 secs] 5044K->948K(9920K), [Metaspace: 3664K->3664K(1056768K)], 0.0127527 secs] [Times: user=0.02 sys=0.00, real=0.01 secs] 
3.881: [GC (Allocation Failure) 3.881: [ParNew: 0K->0K(3072K), 0.0002429 secs]3.881: [CMS: 5044K->948K(6848K), 0.0018239 secs] 5044K->948K(9920K), [Metaspace: 3664K->3664K(1056768K)], 0.0021279 secs] [Times: user=0.00 sys=0.00, real=0.00 secs] 
3.884: [GC (CMS Initial Mark) [1 CMS-initial-mark: 5044K(6848K)] 5044K(9920K), 0.0000796 secs] [Times: user=0.00 sys=0.00, real=0.00 secs] 
3.884: [CMS-concurrent-mark-start]
3.884: [GC (Allocation Failure) 3.884: [ParNew: 0K->0K(3072K), 0.0002148 secs]3.884: [CMS3.895: [CMS-concurrent-mark: 0.002/0.011 secs] [Times: user=0.00 sys=0.00, real=0.01 secs] 
 (concurrent mode failure): 5044K->948K(6848K), 0.0130803 secs] 5044K->948K(9920K), [Metaspace: 3664K->3664K(1056768K)], 0.0133818 secs] [Times: user=0.02 sys=0.00, real=0.01 secs] 
3.897: [GC (Allocation Failure) 3.897: [ParNew: 0K->0K(3072K), 0.0002088 secs]3.898: [CMS: 5044K->948K(6848K), 0.0019636 secs] 5044K->948K(9920K), [Metaspace: 3664K->3664K(1056768K)], 0.0022501 secs] [Times: user=0.00 sys=0.00, real=0.00 secs] 
3.900: [GC (CMS Initial Mark) [1 CMS-initial-mark: 5044K(6848K)] 5044K(9920K), 0.0000992 secs] [Times: user=0.00 sys=0.00, real=0.00 secs] 
3.900: [CMS-concurrent-mark-start]
3.900: [GC (Allocation Failure) 3.900: [ParNew: 0K->0K(3072K), 0.0001850 secs]3.900: [CMS3.911: [CMS-concurrent-mark: 0.002/0.011 secs] [Times: user=0.00 sys=0.00, real=0.01 secs] 
 (concurrent mode failure): 5044K->948K(6848K), 0.0130319 secs] 5044K->948K(9920K), [Metaspace: 3664K->3664K(1056768K)], 0.0132944 secs] [Times: user=0.02 sys=0.00, real=0.01 secs] 
3.914: [GC (Allocation Failure) 3.914: [ParNew: 0K->0K(3072K), 0.0002895 secs]3.914: [CMS: 5044K->948K(6848K), 0.0021894 secs] 5044K->948K(9920K), [Metaspace: 3664K->3664K(1056768K)], 0.0025786 secs] [Times: user=0.00 sys=0.00, real=0.00 secs] 
3.917: [GC (CMS Initial Mark) [1 CMS-initial-mark: 5044K(6848K)] 5044K(9920K), 0.0000895 secs] [Times: user=0.00 sys=0.00, real=0.00 secs] 
3.917: [CMS-concurrent-mark-start]
3.917: [GC (Allocation Failure) 3.917: [ParNew: 0K->0K(3072K), 0.0002338 secs]3.917: [CMS3.927: [CMS-concurrent-mark: 0.002/0.010 secs] [Times: user=0.00 sys=0.00, real=0.01 secs] 
 (concurrent mode failure): 5044K->948K(6848K), 0.0120936 secs] 5044K->948K(9920K), [Metaspace: 3664K->3664K(1056768K)], 0.0123994 secs] [Times: user=0.02 sys=0.00, real=0.01 secs] 
3.930: [GC (Allocation Failure) 3.930: [ParNew: 0K->0K(3072K), 0.0002303 secs]3.930: [CMS: 5044K->948K(6848K), 0.0022600 secs] 5044K->948K(9920K), [Metaspace: 3664K->3664K(1056768K)], 0.0025639 secs] [Times: user=0.00 sys=0.00, real=0.00 secs] 
3.933: [GC (CMS Initial Mark) [1 CMS-initial-mark: 5044K(6848K)] 5044K(9920K), 0.0001040 secs] [Times: user=0.00 sys=0.00, real=0.00 secs] 
3.933: [CMS-concurrent-mark-start]
3.933: [GC (Allocation Failure) 3.933: [ParNew: 0K->0K(3072K), 0.0001798 secs]3.933: [CMS3.942: [CMS-concurrent-mark: 0.002/0.009 secs] [Times: user=0.00 sys=0.00, real=0.01 secs] 
 (concurrent mode failure): 5044K->948K(6848K), 0.0119377 secs] 5044K->948K(9920K), [Metaspace: 3664K->3664K(1056768K)], 0.0121900 secs] [Times: user=0.01 sys=0.00, real=0.01 secs] 
3.945: [GC (Allocation Failure) 3.945: [ParNew: 0K->0K(3072K), 0.0002743 secs]3.946: [CMS: 5044K->948K(6848K), 0.0025174 secs] 5044K->948K(9920K), [Metaspace: 3664K->3664K(1056768K)], 0.0028866 secs] [Times: user=0.00 sys=0.00, real=0.00 secs] 
3.949: [GC (CMS Initial Mark) [1 CMS-initial-mark: 5044K(6848K)] 5044K(9920K), 0.0001173 secs] [Times: user=0.00 sys=0.00, real=0.00 secs] 
3.949: [CMS-concurrent-mark-start]
3.949: [GC (Allocation Failure) 3.949: [ParNew: 0K->0K(3072K), 0.0002190 secs]3.949: [CMS3.957: [CMS-concurrent-mark: 0.002/0.009 secs] [Times: user=0.00 sys=0.00, real=0.01 secs] 
 (concurrent mode failure): 5044K->948K(6848K), 0.0115250 secs] 5044K->948K(9920K), [Metaspace: 3664K->3664K(1056768K)], 0.0118289 secs] [Times: user=0.02 sys=0.00, real=0.01 secs] 
3.961: [GC (Allocation Failure) 3.961: [ParNew: 0K->0K(3072K), 0.0002730 secs]3.961: [CMS: 5044K->948K(6848K), 0.0022606 secs] 5044K->948K(9920K), [Metaspace: 3664K->3664K(1056768K)], 0.0026367 secs] [Times: user=0.00 sys=0.00, real=0.00 secs] 
3.964: [GC (CMS Initial Mark) [1 CMS-initial-mark: 5044K(6848K)] 5044K(9920K), 0.0001478 secs] [Times: user=0.00 sys=0.00, real=0.00 secs] 
3.964: [CMS-concurrent-mark-start]
3.964: [GC (Allocation Failure) 3.964: [ParNew: 0K->0K(3072K), 0.0002703 secs]3.965: [CMS3.973: [CMS-concurrent-mark: 0.002/0.009 secs] [Times: user=0.00 sys=0.00, real=0.01 secs] 
 (concurrent mode failure): 5044K->948K(6848K), 0.0112464 secs] 5044K->948K(9920K), [Metaspace: 3664K->3664K(1056768K)], 0.0116550 secs] [Times: user=0.01 sys=0.00, real=0.01 secs] 
3.977: [GC (Allocation Failure) 3.977: [ParNew: 0K->0K(3072K), 0.0005900 secs]3.977: [CMS: 5044K->948K(6848K), 0.0031053 secs] 5044K->948K(9920K), [Metaspace: 3664K->3664K(1056768K)], 0.0038239 secs] [Times: user=0.00 sys=0.00, real=0.00 secs] 
3.981: [GC (CMS Initial Mark) [1 CMS-initial-mark: 5044K(6848K)] 5044K(9920K), 0.0001060 secs] [Times: user=0.00 sys=0.00, real=0.00 secs] 
3.981: [CMS-concurrent-mark-start]
3.981: [GC (Allocation Failure) 3.981: [ParNew: 0K->0K(3072K), 0.0002931 secs]3.981: [CMS3.989: [CMS-concurrent-mark: 0.001/0.008 secs] [Times: user=0.00 sys=0.00, real=0.01 secs] 
 (concurrent mode failure): 5044K->948K(6848K), 0.0095005 secs] 5044K->948K(9920K), [Metaspace: 3664K->3664K(1056768K)], 0.0098871 secs] [Times: user=0.02 sys=0.00, real=0.01 secs] 
3.991: [GC (Allocation Failure) 3.991: [ParNew: 0K->0K(3072K), 0.0002430 secs]3.992: [CMS: 5044K->948K(6848K), 0.0030087 secs] 5044K->948K(9920K), [Metaspace: 3664K->3664K(1056768K)], 0.0033267 secs] [Times: user=0.00 sys=0.00, real=0.00 secs] 
3.995: [GC (CMS Initial Mark) [1 CMS-initial-mark: 5044K(6848K)] 5044K(9920K), 0.0001449 secs] [Times: user=0.00 sys=0.00, real=0.00 secs] 
3.995: [CMS-concurrent-mark-start]
3.995: [GC (Allocation Failure) 3.995: [ParNew: 0K->0K(3072K), 0.0002923 secs]3.995: [CMS4.004: [CMS-concurrent-mark: 0.002/0.009 secs] [Times: user=0.00 sys=0.00, real=0.01 secs] 
 (concurrent mode failure): 5044K->948K(6848K), 0.0111204 secs] 5044K->948K(9920K), [Metaspace: 3664K->3664K(1056768K)], 0.0114885 secs] [Times: user=0.02 sys=0.00, real=0.01 secs] 
4.007: [GC (Allocation Failure) 4.007: [ParNew: 0K->0K(3072K), 0.0002390 secs]4.007: [CMS: 5044K->948K(6848K), 0.0024533 secs] 5044K->948K(9920K), [Metaspace: 3664K->3664K(1056768K)], 0.0028104 secs] [Times: user=0.00 sys=0.00, real=0.00 secs] 
4.010: [GC (CMS Initial Mark) [1 CMS-initial-mark: 5044K(6848K)] 5044K(9920K), 0.0002189 secs] [Times: user=0.00 sys=0.00, real=0.00 secs] 
4.011: [CMS-concurrent-mark-start]
4.011: [GC (Allocation Failure) 4.011: [ParNew: 0K->0K(3072K), 0.0004741 secs]4.011: [CMS4.019: [CMS-concurrent-mark: 0.002/0.009 secs] [Times: user=0.00 sys=0.00, real=0.01 secs] 
 (concurrent mode failure): 5044K->948K(6848K), 0.0107136 secs] 5044K->948K(9920K), [Metaspace: 3664K->3664K(1056768K)], 0.0112914 secs] [Times: user=0.02 sys=0.00, real=0.01 secs] 
4.022: [GC (Allocation Failure) 4.022: [ParNew: 0K->0K(3072K), 0.0003046 secs]4.023: [CMS: 5044K->948K(6848K), 0.0026034 secs] 5044K->948K(9920K), [Metaspace: 3664K->3664K(1056768K)], 0.0030204 secs] [Times: user=0.00 sys=0.00, real=0.00 secs] 
4.026: [GC (CMS Initial Mark) [1 CMS-initial-mark: 5044K(6848K)] 5044K(9920K), 0.0001668 secs] [Times: user=0.00 sys=0.00, real=0.00 secs] 
4.026: [CMS-concurrent-mark-start]
4.026: [GC (Allocation Failure) 4.026: [ParNew: 0K->0K(3072K), 0.0002745 secs]4.026: [CMS4.034: [CMS-concurrent-mark: 0.002/0.008 secs] [Times: user=0.00 sys=0.00, real=0.01 secs] 
 (concurrent mode failure): 5044K->948K(6848K), 0.0103705 secs] 5044K->948K(9920K), [Metaspace: 3664K->3664K(1056768K)], 0.0107394 secs] [Times: user=0.02 sys=0.00, real=0.01 secs] 
4.037: [GC (Allocation Failure) 4.037: [ParNew: 0K->0K(3072K), 0.0002526 secs]4.038: [CMS: 5044K->948K(6848K), 0.0022433 secs] 5044K->948K(9920K), [Metaspace: 3664K->3664K(1056768K)], 0.0025739 secs] [Times: user=0.00 sys=0.00, real=0.00 secs] 
4.040: [GC (CMS Initial Mark) [1 CMS-initial-mark: 5044K(6848K)] 5044K(9920K), 0.0000921 secs] [Times: user=0.00 sys=0.00, real=0.00 secs] 
4.040: [CMS-concurrent-mark-start]
4.040: [GC (Allocation Failure) 4.040: [ParNew: 0K->0K(3072K), 0.0002180 secs]4.041: [CMS4.049: [CMS-concurrent-mark: 0.001/0.009 secs] [Times: user=0.00 sys=0.00, real=0.01 secs] 
 (concurrent mode failure): 5044K->948K(6848K), 0.0110103 secs] 5044K->948K(9920K), [Metaspace: 3664K->3664K(1056768K)], 0.0113208 secs] [Times: user=0.02 sys=0.00, real=0.01 secs] 
4.052: [GC (Allocation Failure) 4.052: [ParNew: 0K->0K(3072K), 0.0002765 secs]4.052: [CMS: 5044K->948K(6848K), 0.0028084 secs] 5044K->948K(9920K), [Metaspace: 3664K->3664K(1056768K)], 0.0031808 secs] [Times: user=0.00 sys=0.00, real=0.00 secs] 
4.056: [GC (CMS Initial Mark) [1 CMS-initial-mark: 5044K(6848K)] 5044K(9920K), 0.0001267 secs] [Times: user=0.00 sys=0.00, real=0.00 secs] 
4.056: [CMS-concurrent-mark-start]
4.056: [GC (Allocation Failure) 4.056: [ParNew: 0K->0K(3072K), 0.0002466 secs]4.056: [CMS4.065: [CMS-concurrent-mark: 0.002/0.009 secs] [Times: user=0.00 sys=0.00, real=0.01 secs] 
 (concurrent mode failure): 5044K->948K(6848K), 0.0106885 secs] 5044K->948K(9920K), [Metaspace: 3664K->3664K(1056768K)], 0.0110052 secs] [Times: user=0.00 sys=0.00, real=0.01 secs] 
4.067: [GC (Allocation Failure) 4.067: [ParNew: 0K->0K(3072K), 0.0002373 secs]4.067: [CMS: 5044K->948K(6848K), 0.0019021 secs] 5044K->948K(9920K), [Metaspace: 3664K->3664K(1056768K)], 0.0022112 secs] [Times: user=0.00 sys=0.00, real=0.00 secs] 
4.070: [GC (CMS Initial Mark) [1 CMS-initial-mark: 5044K(6848K)] 5044K(9920K), 0.0000713 secs] [Times: user=0.00 sys=0.00, real=0.00 secs] 
4.070: [CMS-concurrent-mark-start]
4.070: [GC (Allocation Failure) 4.070: [ParNew: 0K->0K(3072K), 0.0001753 secs]4.070: [CMS4.080: [CMS-concurrent-mark: 0.002/0.010 secs] [Times: user=0.00 sys=0.00, real=0.01 secs] 
 (concurrent mode failure): 5044K->948K(6848K), 0.0122606 secs] 5044K->948K(9920K), [Metaspace: 3664K->3664K(1056768K)], 0.0125099 secs] [Times: user=0.00 sys=0.00, real=0.01 secs] 
4.083: [GC (Allocation Failure) 4.083: [ParNew: 0K->0K(3072K), 0.0002007 secs]4.083: [CMS: 5044K->948K(6848K), 0.0020366 secs] 5044K->948K(9920K), [Metaspace: 3664K->3664K(1056768K)], 0.0023091 secs] [Times: user=0.02 sys=0.00, real=0.00 secs] 
4.085: [GC (CMS Initial Mark) [1 CMS-initial-mark: 5044K(6848K)] 5044K(9920K), 0.0000689 secs] [Times: user=0.00 sys=0.00, real=0.00 secs] 
4.085: [CMS-concurrent-mark-start]
4.085: [GC (Allocation Failure) 4.085: [ParNew: 0K->0K(3072K), 0.0001805 secs]4.086: [CMS4.096: [CMS-concurrent-mark: 0.002/0.010 secs] [Times: user=0.00 sys=0.00, real=0.01 secs] 
 (concurrent mode failure): 5044K->948K(6848K), 0.0144522 secs] 5044K->948K(9920K), [Metaspace: 3664K->3664K(1056768K)], 0.0147152 secs] [Times: user=0.01 sys=0.00, real=0.02 secs] 
4.100: [GC (Allocation Failure) 4.101: [ParNew: 0K->0K(3072K), 0.0002822 secs]4.101: [CMS: 5044K->948K(6848K), 0.0044778 secs] 5044K->948K(9920K), [Metaspace: 3664K->3664K(1056768K)], 0.0049534 secs] [Times: user=0.00 sys=0.00, real=0.00 secs] 
4.106: [GC (CMS Initial Mark) [1 CMS-initial-mark: 5044K(6848K)] 5044K(9920K), 0.0001599 secs] [Times: user=0.00 sys=0.00, real=0.00 secs] 
4.106: [CMS-concurrent-mark-start]
4.106: [GC (Allocation Failure) 4.106: [ParNew: 0K->0K(3072K), 0.0002592 secs]4.107: [CMS4.112: [CMS-concurrent-mark: 0.002/0.005 secs] [Times: user=0.00 sys=0.00, real=0.00 secs] 
 (concurrent mode failure): 5044K->948K(6848K), 0.0088159 secs] 5044K->948K(9920K), [Metaspace: 3664K->3664K(1056768K)], 0.0091734 secs] [Times: user=0.02 sys=0.00, real=0.01 secs] 
4.116: [GC (Allocation Failure) 4.116: [ParNew: 0K->0K(3072K), 0.0002718 secs]4.116: [CMS: 5044K->948K(6848K), 0.0035755 secs] 5044K->948K(9920K), [Metaspace: 3664K->3664K(1056768K)], 0.0039565 secs] [Times: user=0.00 sys=0.00, real=0.00 secs] 
4.120: [GC (CMS Initial Mark) [1 CMS-initial-mark: 5044K(6848K)] 5044K(9920K), 0.0001305 secs] [Times: user=0.00 sys=0.00, real=0.00 secs] 
4.121: [CMS-concurrent-mark-start]
4.121: [GC (Allocation Failure) 4.121: [ParNew: 0K->0K(3072K), 0.0002628 secs]4.121: [CMS4.128: [CMS-concurrent-mark: 0.002/0.007 secs] [Times: user=0.00 sys=0.00, real=0.01 secs] 
 (concurrent mode failure): 5044K->948K(6848K), 0.0104717 secs] 5044K->948K(9920K), [Metaspace: 3664K->3664K(1056768K)], 0.0108397 secs] [Times: user=0.02 sys=0.00, real=0.01 secs] 
4.132: [GC (Allocation Failure) 4.132: [ParNew: 0K->0K(3072K), 0.0002597 secs]4.132: [CMS: 5044K->948K(6848K), 0.0036121 secs] 5044K->948K(9920K), [Metaspace: 3664K->3664K(1056768K)], 0.0039790 secs] [Times: user=0.00 sys=0.00, real=0.00 secs] 
4.136: [GC (CMS Initial Mark) [1 CMS-initial-mark: 5044K(6848K)] 5044K(9920K), 0.0001817 secs] [Times: user=0.00 sys=0.00, real=0.00 secs] 
4.137: [CMS-concurrent-mark-start]
4.137: [GC (Allocation Failure) 4.137: [ParNew: 0K->0K(3072K), 0.0002333 secs]4.137: [CMS4.143: [CMS-concurrent-mark: 0.002/0.007 secs] [Times: user=0.00 sys=0.00, real=0.01 secs] 
 (concurrent mode failure): 5044K->948K(6848K), 0.0097057 secs] 5044K->948K(9920K), [Metaspace: 3664K->3664K(1056768K)], 0.0100290 secs] [Times: user=0.02 sys=0.00, real=0.01 secs] 
4.147: [GC (Allocation Failure) 4.147: [ParNew: 0K->0K(3072K), 0.0002966 secs]4.147: [CMS: 5044K->948K(6848K), 0.0050051 secs] 5044K->948K(9920K), [Metaspace: 3664K->3664K(1056768K)], 0.0054402 secs] [Times: user=0.00 sys=0.00, real=0.01 secs] 
4.153: [GC (CMS Initial Mark) [1 CMS-initial-mark: 5044K(6848K)] 5044K(9920K), 0.0001907 secs] [Times: user=0.00 sys=0.00, real=0.00 secs] 
4.153: [CMS-concurrent-mark-start]
4.153: [GC (Allocation Failure) 4.153: [ParNew: 0K->0K(3072K), 0.0002896 secs]4.154: [CMS4.159: [CMS-concurrent-mark: 0.001/0.006 secs] [Times: user=0.00 sys=0.00, real=0.01 secs] 
 (concurrent mode failure): 5044K->948K(6848K), 0.0087975 secs] 5044K->948K(9920K), [Metaspace: 3664K->3664K(1056768K)], 0.0091705 secs] [Times: user=0.02 sys=0.00, real=0.01 secs] 
4.163: [GC (Allocation Failure) 4.163: [ParNew: 0K->0K(3072K), 0.0002395 secs]4.163: [CMS: 5044K->948K(6848K), 0.0021123 secs] 5044K->948K(9920K), [Metaspace: 3664K->3664K(1056768K)], 0.0024329 secs] [Times: user=0.00 sys=0.00, real=0.00 secs] 
4.166: [GC (CMS Initial Mark) [1 CMS-initial-mark: 5044K(6848K)] 5044K(9920K), 0.0001545 secs] [Times: user=0.00 sys=0.00, real=0.00 secs] 
4.166: [GC (Allocation Failure) 4.166: [ParNew: 0K->0K(3072K), 0.0002422 secs]4.166: [CMS (concurrent mode failure): 5044K->948K(6848K), 0.0020926 secs] 5044K->948K(9920K), [Metaspace: 3664K->3664K(1056768K)], 0.0023966 secs] [Times: user=0.00 sys=0.00, real=0.00 secs] 
4.169: [GC (Allocation Failure) 4.169: [ParNew: 0K->0K(3072K), 0.0002016 secs]4.169: [CMS: 5044K->948K(6848K), 0.0019768 secs] 5044K->948K(9920K), [Metaspace: 3664K->3664K(1056768K)], 0.0022468 secs] [Times: user=0.00 sys=0.00, real=0.00 secs] 
4.171: [GC (CMS Initial Mark) [1 CMS-initial-mark: 5044K(6848K)] 5044K(9920K), 0.0000754 secs] [Times: user=0.00 sys=0.00, real=0.00 secs] 
4.171: [CMS-concurrent-mark-start]
4.171: [GC (Allocation Failure) 4.171: [ParNew: 0K->0K(3072K), 0.0002433 secs]4.172: [CMS4.175: [CMS-concurrent-mark: 0.001/0.004 secs] [Times: user=0.00 sys=0.00, real=0.00 secs] 
 (concurrent mode failure): 5044K->948K(6848K), 0.0071681 secs] 5044K->948K(9920K), [Metaspace: 3664K->3664K(1056768K)], 0.0074887 secs] [Times: user=0.02 sys=0.00, real=0.01 secs] 
4.179: [GC (Allocation Failure) 4.179: [ParNew: 0K->0K(3072K), 0.0002285 secs]4.179: [CMS: 5044K->948K(6848K), 0.0021495 secs] 5044K->948K(9920K), [Metaspace: 3664K->3664K(1056768K)], 0.0024473 secs] [Times: user=0.00 sys=0.00, real=0.00 secs] 
4.182: [GC (CMS Initial Mark) [1 CMS-initial-mark: 5044K(6848K)] 5044K(9920K), 0.0000954 secs] [Times: user=0.00 sys=0.00, real=0.00 secs] 
4.182: [CMS-concurrent-mark-start]
4.182: [GC (Allocation Failure) 4.182: [ParNew: 0K->0K(3072K), 0.0002025 secs]4.182: [CMS4.190: [CMS-concurrent-mark: 0.001/0.008 secs] [Times: user=0.00 sys=0.00, real=0.01 secs] 
 (concurrent mode failure): 5044K->948K(6848K), 0.0099441 secs] 5044K->948K(9920K), [Metaspace: 3664K->3664K(1056768K)], 0.0102276 secs] [Times: user=0.00 sys=0.00, real=0.01 secs] 
4.193: [GC (Allocation Failure) 4.193: [ParNew: 0K->0K(3072K), 0.0002686 secs]4.193: [CMS: 5044K->948K(6848K), 0.0024803 secs] 5044K->948K(9920K), [Metaspace: 3664K->3664K(1056768K)], 0.0028461 secs] [Times: user=0.00 sys=0.00, real=0.00 secs] 
4.196: [GC (CMS Initial Mark) [1 CMS-initial-mark: 5044K(6848K)] 5044K(9920K), 0.0001049 secs] [Times: user=0.00 sys=0.00, real=0.00 secs] 
4.196: [CMS-concurrent-mark-start]
4.196: [GC (Allocation Failure) 4.196: [ParNew: 0K->0K(3072K), 0.0002099 secs]4.196: [CMS4.205: [CMS-concurrent-mark: 0.001/0.009 secs] [Times: user=0.00 sys=0.00, real=0.01 secs] 
 (concurrent mode failure): 5044K->948K(6848K), 0.0115981 secs] 5044K->948K(9920K), [Metaspace: 3664K->3664K(1056768K)], 0.0118782 secs] [Times: user=0.02 sys=0.00, real=0.01 secs] 
4.208: [GC (Allocation Failure) 4.208: [ParNew: 0K->0K(3072K), 0.0002306 secs]4.209: [CMS: 5044K->948K(6848K), 0.0028891 secs] 5044K->948K(9920K), [Metaspace: 3664K->3664K(1056768K)], 0.0031977 secs] [Times: user=0.00 sys=0.00, real=0.00 secs] 
4.212: [GC (CMS Initial Mark) [1 CMS-initial-mark: 5044K(6848K)] 5044K(9920K), 0.0001235 secs] [Times: user=0.00 sys=0.00, real=0.00 secs] 
4.212: [CMS-concurrent-mark-start]
4.212: [GC (Allocation Failure) 4.212: [ParNew: 0K->0K(3072K), 0.0002063 secs]4.212: [CMS4.221: [CMS-concurrent-mark: 0.001/0.009 secs] [Times: user=0.00 sys=0.00, real=0.01 secs] 
 (concurrent mode failure): 5044K->948K(6848K), 0.0109555 secs] 5044K->948K(9920K), [Metaspace: 3664K->3664K(1056768K)], 0.0112475 secs] [Times: user=0.01 sys=0.00, real=0.01 secs] 
4.224: [GC (Allocation Failure) 4.224: [ParNew: 0K->0K(3072K), 0.0002696 secs]4.224: [CMS: 5044K->948K(6848K), 0.0027669 secs] 5044K->948K(9920K), [Metaspace: 3664K->3664K(1056768K)], 0.0031390 secs] [Times: user=0.00 sys=0.00, real=0.00 secs] 
4.227: [GC (CMS Initial Mark) [1 CMS-initial-mark: 5044K(6848K)] 5044K(9920K), 0.0001341 secs] [Times: user=0.00 sys=0.00, real=0.00 secs] 
4.227: [CMS-concurrent-mark-start]
4.227: [GC (Allocation Failure) 4.227: [ParNew: 0K->0K(3072K), 0.0002324 secs]4.228: [CMS4.237: [CMS-concurrent-mark: 0.002/0.009 secs] [Times: user=0.00 sys=0.00, real=0.01 secs] 
 (concurrent mode failure): 5044K->948K(6848K), 0.0113393 secs] 5044K->948K(9920K), [Metaspace: 3664K->3664K(1056768K)], 0.0116462 secs] [Times: user=0.02 sys=0.00, real=0.01 secs] 
4.239: [GC (Allocation Failure) 4.239: [ParNew: 0K->0K(3072K), 0.0003111 secs]4.240: [CMS: 5044K->948K(6848K), 0.0022048 secs] 5044K->948K(9920K), [Metaspace: 3664K->3664K(1056768K)], 0.0025865 secs] [Times: user=0.00 sys=0.00, real=0.00 secs] 
4.242: [GC (CMS Initial Mark) [1 CMS-initial-mark: 5044K(6848K)] 5044K(9920K), 0.0001079 secs] [Times: user=0.00 sys=0.00, real=0.00 secs] 
4.243: [CMS-concurrent-mark-start]
4.243: [GC (Allocation Failure) 4.243: [ParNew: 0K->0K(3072K), 0.0002586 secs]4.243: [CMS4.253: [CMS-concurrent-mark: 0.002/0.010 secs] [Times: user=0.00 sys=0.00, real=0.01 secs] 
 (concurrent mode failure): 5044K->948K(6848K), 0.0127446 secs] 5044K->948K(9920K), [Metaspace: 3664K->3664K(1056768K)], 0.0130894 secs] [Times: user=0.02 sys=0.00, real=0.01 secs] 
4.256: [GC (Allocation Failure) 4.256: [ParNew: 0K->0K(3072K), 0.0002241 secs]4.256: [CMS: 5044K->948K(6848K), 0.0020259 secs] 5044K->948K(9920K), [Metaspace: 3664K->3664K(1056768K)], 0.0023280 secs] [Times: user=0.00 sys=0.00, real=0.00 secs] 
4.259: [GC (CMS Initial Mark) [1 CMS-initial-mark: 5044K(6848K)] 5044K(9920K), 0.0001298 secs] [Times: user=0.00 sys=0.00, real=0.00 secs] 
4.259: [CMS-concurrent-mark-start]
4.259: [GC (Allocation Failure) 4.259: [ParNew: 0K->0K(3072K), 0.0002412 secs]4.259: [CMS4.268: [CMS-concurrent-mark: 0.001/0.010 secs] [Times: user=0.00 sys=0.00, real=0.01 secs] 
 (concurrent mode failure): 5044K->948K(6848K), 0.0116226 secs] 5044K->948K(9920K), [Metaspace: 3664K->3664K(1056768K)], 0.0119506 secs] [Times: user=0.02 sys=0.00, real=0.01 secs] 
4.271: [GC (Allocation Failure) 4.271: [ParNew: 0K->0K(3072K), 0.0002100 secs]4.272: [CMS: 5044K->948K(6848K), 0.0019862 secs] 5044K->948K(9920K), [Metaspace: 3664K->3664K(1056768K)], 0.0022702 secs] [Times: user=0.00 sys=0.00, real=0.00 secs] 
4.274: [GC (CMS Initial Mark) [1 CMS-initial-mark: 5044K(6848K)] 5044K(9920K), 0.0000752 secs] [Times: user=0.00 sys=0.00, real=0.00 secs] 
4.274: [CMS-concurrent-mark-start]
4.274: [GC (Allocation Failure) 4.274: [ParNew: 0K->0K(3072K), 0.0002177 secs]4.274: [CMS4.285: [CMS-concurrent-mark: 0.002/0.011 secs] [Times: user=0.00 sys=0.00, real=0.01 secs] 
 (concurrent mode failure): 5044K->948K(6848K), 0.0128618 secs] 5044K->948K(9920K), [Metaspace: 3664K->3664K(1056768K)], 0.0131545 secs] [Times: user=0.02 sys=0.00, real=0.01 secs] 
4.288: [GC (Allocation Failure) 4.288: [ParNew: 0K->0K(3072K), 0.0002277 secs]4.288: [CMS: 5044K->948K(6848K), 0.0022672 secs] 5044K->948K(9920K), [Metaspace: 3664K->3664K(1056768K)], 0.0025702 secs] [Times: user=0.00 sys=0.00, real=0.00 secs] 
4.290: [GC (CMS Initial Mark) [1 CMS-initial-mark: 5044K(6848K)] 5044K(9920K), 0.0000818 secs] [Times: user=0.00 sys=0.00, real=0.00 secs] 
4.291: [CMS-concurrent-mark-start]
4.291: [GC (Allocation Failure) 4.291: [ParNew: 0K->0K(3072K), 0.0001837 secs]4.291: [CMS4.301: [CMS-concurrent-mark: 0.002/0.010 secs] [Times: user=0.00 sys=0.00, real=0.01 secs] 
 (concurrent mode failure): 5044K->948K(6848K), 0.0127449 secs] 5044K->948K(9920K), [Metaspace: 3664K->3664K(1056768K)], 0.0130034 secs] [Times: user=0.02 sys=0.00, real=0.01 secs] 
4.304: [GC (Allocation Failure) 4.304: [ParNew: 0K->0K(3072K), 0.0002642 secs]4.304: [CMS: 5044K->948K(6848K), 0.0025913 secs] 5044K->948K(9920K), [Metaspace: 3664K->3664K(1056768K)], 0.0029420 secs] [Times: user=0.00 sys=0.00, real=0.00 secs] 
4.307: [GC (CMS Initial Mark) [1 CMS-initial-mark: 5044K(6848K)] 5044K(9920K), 0.0000803 secs] [Times: user=0.00 sys=0.00, real=0.00 secs] 
4.307: [CMS-concurrent-mark-start]
4.307: [GC (Allocation Failure) 4.307: [ParNew: 0K->0K(3072K), 0.0002422 secs]4.308: [CMS4.315: [CMS-concurrent-mark: 0.001/0.008 secs] [Times: user=0.00 sys=0.00, real=0.01 secs] 
 (concurrent mode failure): 5044K->948K(6848K), 0.0100183 secs] 5044K->948K(9920K), [Metaspace: 3664K->3664K(1056768K)], 0.0103323 secs] [Times: user=0.01 sys=0.00, real=0.01 secs] 
4.318: [GC (Allocation Failure) 4.318: [ParNew: 0K->0K(3072K), 0.0002768 secs]4.318: [CMS: 5044K->948K(6848K), 0.0025448 secs] 5044K->948K(9920K), [Metaspace: 3664K->3664K(1056768K)], 0.0029114 secs] [Times: user=0.00 sys=0.00, real=0.00 secs] 
4.321: [GC (CMS Initial Mark) [1 CMS-initial-mark: 5044K(6848K)] 5044K(9920K), 0.0000773 secs] [Times: user=0.00 sys=0.00, real=0.00 secs] 
4.322: [CMS-concurrent-mark-start]
4.322: [GC (Allocation Failure) 4.322: [ParNew: 0K->0K(3072K), 0.0001922 secs]4.322: [CMS4.331: [CMS-concurrent-mark: 0.002/0.009 secs] [Times: user=0.00 sys=0.00, real=0.01 secs] 
 (concurrent mode failure): 5044K->948K(6848K), 0.0115946 secs] 5044K->948K(9920K), [Metaspace: 3664K->3664K(1056768K)], 0.0118638 secs] [Times: user=0.02 sys=0.00, real=0.01 secs] 
4.334: [GC (Allocation Failure) 4.334: [ParNew: 0K->0K(3072K), 0.0002742 secs]4.334: [CMS: 5044K->948K(6848K), 0.0025260 secs] 5044K->948K(9920K), [Metaspace: 3664K->3664K(1056768K)], 0.0028959 secs] [Times: user=0.00 sys=0.00, real=0.00 secs] 
4.337: [GC (CMS Initial Mark) [1 CMS-initial-mark: 5044K(6848K)] 5044K(9920K), 0.0001239 secs] [Times: user=0.00 sys=0.00, real=0.00 secs] 
4.337: [CMS-concurrent-mark-start]
4.337: [GC (Allocation Failure) 4.337: [ParNew: 0K->0K(3072K), 0.0002566 secs]4.338: [CMS4.346: [CMS-concurrent-mark: 0.002/0.009 secs] [Times: user=0.00 sys=0.00, real=0.01 secs] 
 (concurrent mode failure): 5044K->948K(6848K), 0.0111422 secs] 5044K->948K(9920K), [Metaspace: 3664K->3664K(1056768K)], 0.0114887 secs] [Times: user=0.01 sys=0.00, real=0.01 secs] 
4.349: [GC (Allocation Failure) 4.349: [ParNew: 0K->0K(3072K), 0.0002832 secs]4.349: [CMS: 5044K->948K(6848K), 0.0026093 secs] 5044K->948K(9920K), [Metaspace: 3664K->3664K(1056768K)], 0.0030046 secs] [Times: user=0.00 sys=0.00, real=0.00 secs] 
4.352: [GC (CMS Initial Mark) [1 CMS-initial-mark: 5044K(6848K)] 5044K(9920K), 0.0001219 secs] [Times: user=0.00 sys=0.00, real=0.00 secs] 
4.353: [CMS-concurrent-mark-start]
4.353: [GC (Allocation Failure) 4.353: [ParNew: 0K->0K(3072K), 0.0002345 secs]4.353: [CMS4.362: [CMS-concurrent-mark: 0.002/0.009 secs] [Times: user=0.00 sys=0.00, real=0.01 secs] 
 (concurrent mode failure): 5044K->948K(6848K), 0.0121497 secs] 5044K->948K(9920K), [Metaspace: 3664K->3664K(1056768K)], 0.0124741 secs] [Times: user=0.02 sys=0.00, real=0.01 secs] 
4.366: [GC (Allocation Failure) 4.366: [ParNew: 0K->0K(3072K), 0.0002884 secs]4.366: [CMS: 5044K->948K(6848K), 0.0027501 secs] 5044K->948K(9920K), [Metaspace: 3664K->3664K(1056768K)], 0.0031381 secs] [Times: user=0.00 sys=0.00, real=0.00 secs] 
4.369: [GC (CMS Initial Mark) [1 CMS-initial-mark: 5044K(6848K)] 5044K(9920K), 0.0001347 secs] [Times: user=0.00 sys=0.00, real=0.00 secs] 
4.369: [CMS-concurrent-mark-start]
4.369: [GC (Allocation Failure) 4.369: [ParNew: 0K->0K(3072K), 0.0002511 secs]4.370: [CMS4.378: [CMS-concurrent-mark: 0.002/0.008 secs] [Times: user=0.00 sys=0.00, real=0.01 secs] 
 (concurrent mode failure): 5044K->948K(6848K), 0.0111309 secs] 5044K->948K(9920K), [Metaspace: 3664K->3664K(1056768K)], 0.0114648 secs] [Times: user=0.02 sys=0.00, real=0.01 secs] 
4.381: [GC (Allocation Failure) 4.381: [ParNew: 0K->0K(3072K), 0.0003496 secs]4.382: [CMS: 5044K->948K(6848K), 0.0025762 secs] 5044K->948K(9920K), [Metaspace: 3664K->3664K(1056768K)], 0.0030283 secs] [Times: user=0.00 sys=0.00, real=0.00 secs] 
4.385: [GC (CMS Initial Mark) [1 CMS-initial-mark: 5044K(6848K)] 5044K(9920K), 0.0001210 secs] [Times: user=0.00 sys=0.00, real=0.00 secs] 
4.385: [CMS-concurrent-mark-start]
4.385: [GC (Allocation Failure) 4.385: [ParNew: 0K->0K(3072K), 0.0002807 secs]4.385: [CMS4.393: [CMS-concurrent-mark: 0.002/0.008 secs] [Times: user=0.00 sys=0.00, real=0.01 secs] 
 (concurrent mode failure): 5044K->948K(6848K), 0.0108965 secs] 5044K->948K(9920K), [Metaspace: 3664K->3664K(1056768K)], 0.0112662 secs] [Times: user=0.02 sys=0.00, real=0.01 secs] 
4.396: [GC (Allocation Failure) 4.396: [ParNew: 0K->0K(3072K), 0.0002682 secs]4.397: [CMS: 5044K->948K(6848K), 0.0025635 secs] 5044K->948K(9920K), [Metaspace: 3664K->3664K(1056768K)], 0.0029198 secs] [Times: user=0.00 sys=0.00, real=0.00 secs] 
4.400: [GC (CMS Initial Mark) [1 CMS-initial-mark: 5044K(6848K)] 5044K(9920K), 0.0000825 secs] [Times: user=0.00 sys=0.00, real=0.00 secs] 
4.400: [CMS-concurrent-mark-start]
4.400: [GC (Allocation Failure) 4.400: [ParNew: 0K->0K(3072K), 0.0002311 secs]4.400: [CMS4.409: [CMS-concurrent-mark: 0.002/0.009 secs] [Times: user=0.00 sys=0.00, real=0.01 secs] 
 (concurrent mode failure): 5044K->948K(6848K), 0.0121351 secs] 5044K->948K(9920K), [Metaspace: 3664K->3664K(1056768K)], 0.0124680 secs] [Times: user=0.02 sys=0.00, real=0.01 secs] 
4.413: [GC (Allocation Failure) 4.413: [ParNew: 0K->0K(3072K), 0.0002960 secs]4.413: [CMS: 5044K->948K(6848K), 0.0036159 secs] 5044K->948K(9920K), [Metaspace: 3664K->3664K(1056768K)], 0.0040127 secs] [Times: user=0.00 sys=0.00, real=0.00 secs] 
4.417: [GC (CMS Initial Mark) [1 CMS-initial-mark: 5044K(6848K)] 5044K(9920K), 0.0001393 secs] [Times: user=0.00 sys=0.00, real=0.00 secs] 
4.417: [CMS-concurrent-mark-start]
4.417: [GC (Allocation Failure) 4.417: [ParNew: 0K->0K(3072K), 0.0002470 secs]4.418: [CMS4.425: [CMS-concurrent-mark: 0.002/0.008 secs] [Times: user=0.00 sys=0.00, real=0.01 secs] 
 (concurrent mode failure): 5044K->948K(6848K), 0.0104528 secs] 5044K->948K(9920K), [Metaspace: 3664K->3664K(1056768K)], 0.0107818 secs] [Times: user=0.02 sys=0.00, real=0.01 secs] 
4.428: [GC (Allocation Failure) 4.429: [ParNew: 0K->0K(3072K), 0.0002278 secs]4.429: [CMS: 5044K->948K(6848K), 0.0027919 secs] 5044K->948K(9920K), [Metaspace: 3664K->3664K(1056768K)], 0.0031024 secs] [Times: user=0.00 sys=0.00, real=0.00 secs] 
4.432: [GC (CMS Initial Mark) [1 CMS-initial-mark: 5044K(6848K)] 5044K(9920K), 0.0001463 secs] [Times: user=0.00 sys=0.00, real=0.00 secs] 
4.432: [CMS-concurrent-mark-start]
4.432: [GC (Allocation Failure) 4.432: [ParNew: 0K->0K(3072K), 0.0002369 secs]4.432: [CMS4.441: [CMS-concurrent-mark: 0.001/0.008 secs] [Times: user=0.00 sys=0.00, real=0.01 secs] 
 (concurrent mode failure): 5044K->948K(6848K), 0.0120565 secs] 5044K->948K(9920K), [Metaspace: 3664K->3664K(1056768K)], 0.0123968 secs] [Times: user=0.01 sys=0.00, real=0.01 secs] 
4.445: [GC (Allocation Failure) 4.445: [ParNew: 0K->0K(3072K), 0.0002601 secs]4.445: [CMS: 5044K->948K(6848K), 0.0027806 secs] 5044K->948K(9920K), [Metaspace: 3664K->3664K(1056768K)], 0.0031467 secs] [Times: user=0.00 sys=0.00, real=0.00 secs] 
4.449: [GC (CMS Initial Mark) [1 CMS-initial-mark: 5044K(6848K)] 5044K(9920K), 0.0001255 secs] [Times: user=0.00 sys=0.00, real=0.00 secs] 
4.449: [CMS-concurrent-mark-start]
4.449: [GC (Allocation Failure) 4.449: [ParNew: 0K->0K(3072K), 0.0002596 secs]4.449: [CMS4.456: [CMS-concurrent-mark: 0.001/0.007 secs] [Times: user=0.00 sys=0.00, real=0.01 secs] 
 (concurrent mode failure): 5044K->948K(6848K), 0.0092218 secs] 5044K->948K(9920K), [Metaspace: 3664K->3664K(1056768K)], 0.0095558 secs] [Times: user=0.02 sys=0.00, real=0.01 secs] 
4.459: [GC (Allocation Failure) 4.459: [ParNew: 0K->0K(3072K), 0.0002795 secs]4.459: [CMS: 5044K->948K(6848K), 0.0030895 secs] 5044K->948K(9920K), [Metaspace: 3664K->3664K(1056768K)], 0.0034684 secs] [Times: user=0.00 sys=0.00, real=0.00 secs] 
4.462: [GC (CMS Initial Mark) [1 CMS-initial-mark: 5044K(6848K)] 5044K(9920K), 0.0001182 secs] [Times: user=0.00 sys=0.00, real=0.00 secs] 
4.463: [CMS-concurrent-mark-start]
4.463: [GC (Allocation Failure) 4.463: [ParNew: 0K->0K(3072K), 0.0002035 secs]4.463: [CMS4.471: [CMS-concurrent-mark: 0.002/0.008 secs] [Times: user=0.00 sys=0.00, real=0.01 secs] 
 (concurrent mode failure): 5044K->948K(6848K), 0.0112405 secs] 5044K->948K(9920K), [Metaspace: 3664K->3664K(1056768K)], 0.0115174 secs] [Times: user=0.01 sys=0.00, real=0.01 secs] 
4.475: [GC (Allocation Failure) 4.475: [ParNew: 0K->0K(3072K), 0.0002470 secs]4.475: [CMS: 5044K->948K(6848K), 0.0035698 secs] 5044K->948K(9920K), [Metaspace: 3664K->3664K(1056768K)], 0.0038993 secs] [Times: user=0.00 sys=0.00, real=0.00 secs] 
4.479: [GC (CMS Initial Mark) [1 CMS-initial-mark: 5044K(6848K)] 5044K(9920K), 0.0001164 secs] [Times: user=0.00 sys=0.00, real=0.00 secs] 
4.479: [CMS-concurrent-mark-start]
4.479: [GC (Allocation Failure) 4.479: [ParNew: 0K->0K(3072K), 0.0002620 secs]4.479: [CMS4.487: [CMS-concurrent-mark: 0.002/0.007 secs] [Times: user=0.00 sys=0.00, real=0.01 secs] 
 (concurrent mode failure): 5044K->948K(6848K), 0.0102730 secs] 5044K->948K(9920K), [Metaspace: 3664K->3664K(1056768K)], 0.0106200 secs] [Times: user=0.02 sys=0.00, real=0.01 secs] 
4.490: [GC (Allocation Failure) 4.490: [ParNew: 0K->0K(3072K), 0.0002764 secs]4.490: [CMS: 5044K->948K(6848K), 0.0036077 secs] 5044K->948K(9920K), [Metaspace: 3664K->3664K(1056768K)], 0.0039917 secs] [Times: user=0.00 sys=0.00, real=0.00 secs] 
4.494: [GC (CMS Initial Mark) [1 CMS-initial-mark: 5044K(6848K)] 5044K(9920K), 0.0001388 secs] [Times: user=0.00 sys=0.00, real=0.00 secs] 
4.495: [CMS-concurrent-mark-start]
4.495: [GC (Allocation Failure) 4.495: [ParNew: 0K->0K(3072K), 0.0002521 secs]4.495: [CMS4.502: [CMS-concurrent-mark: 0.001/0.008 secs] [Times: user=0.00 sys=0.00, real=0.01 secs] 
 (concurrent mode failure): 5044K->948K(6848K), 0.0107987 secs] 5044K->948K(9920K), [Metaspace: 3664K->3664K(1056768K)], 0.0111544 secs] [Times: user=0.02 sys=0.00, real=0.01 secs] 
4.506: [GC (Allocation Failure) 4.506: [ParNew: 0K->0K(3072K), 0.0002600 secs]4.507: [CMS: 5044K->948K(6848K), 0.0026906 secs] 5044K->948K(9920K), [Metaspace: 3664K->3664K(1056768K)], 0.0030641 secs] [Times: user=0.00 sys=0.00, real=0.00 secs] 
4.510: [GC (CMS Initial Mark) [1 CMS-initial-mark: 5044K(6848K)] 5044K(9920K), 0.0002158 secs] [Times: user=0.00 sys=0.00, real=0.00 secs] 
4.510: [CMS-concurrent-mark-start]
4.510: [GC (Allocation Failure) 4.510: [ParNew: 0K->0K(3072K), 0.0003504 secs]4.511: [CMS4.518: [CMS-concurrent-mark: 0.002/0.008 secs] [Times: user=0.00 sys=0.00, real=0.01 secs] 
 (concurrent mode failure): 5044K->948K(6848K), 0.0108014 secs] 5044K->948K(9920K), [Metaspace: 3664K->3664K(1056768K)], 0.0112549 secs] [Times: user=0.02 sys=0.00, real=0.01 secs] 
4.522: [GC (Allocation Failure) 4.522: [ParNew: 0K->0K(3072K), 0.0003090 secs]4.522: [CMS: 5044K->948K(6848K), 0.0028818 secs] 5044K->948K(9920K), [Metaspace: 3664K->3664K(1056768K)], 0.0032806 secs] [Times: user=0.00 sys=0.00, real=0.00 secs] 
4.526: [GC (CMS Initial Mark) [1 CMS-initial-mark: 5044K(6848K)] 5044K(9920K), 0.0001759 secs] [Times: user=0.00 sys=0.00, real=0.00 secs] 
4.526: [CMS-concurrent-mark-start]
4.526: [GC (Allocation Failure) 4.526: [ParNew: 0K->0K(3072K), 0.0003232 secs]4.526: [CMS4.535: [CMS-concurrent-mark: 0.002/0.009 secs] [Times: user=0.00 sys=0.00, real=0.01 secs] 
 (concurrent mode failure): 5044K->948K(6848K), 0.0129909 secs] 5044K->948K(9920K), [Metaspace: 3664K->3664K(1056768K)], 0.0134148 secs] [Times: user=0.02 sys=0.00, real=0.01 secs] 
4.540: [GC (Allocation Failure) 4.540: [ParNew: 0K->0K(3072K), 0.0002701 secs]4.540: [CMS: 5044K->948K(6848K), 0.0043291 secs] 5044K->948K(9920K), [Metaspace: 3664K->3664K(1056768K)], 0.0047876 secs] [Times: user=0.00 sys=0.00, real=0.01 secs] 
4.545: [GC (CMS Initial Mark) [1 CMS-initial-mark: 5044K(6848K)] 5044K(9920K), 0.0001381 secs] [Times: user=0.00 sys=0.00, real=0.00 secs] 
4.545: [CMS-concurrent-mark-start]
4.545: [GC (Allocation Failure) 4.545: [ParNew: 0K->0K(3072K), 0.0002302 secs]4.546: [CMS4.549: [CMS-concurrent-mark: 0.001/0.004 secs] [Times: user=0.00 sys=0.00, real=0.00 secs] 
 (concurrent mode failure): 5044K->948K(6848K), 0.0064926 secs] 5044K->948K(9920K), [Metaspace: 3664K->3664K(1056768K)], 0.0068077 secs] [Times: user=0.02 sys=0.00, real=0.01 secs] 
4.552: [GC (Allocation Failure) 4.552: [ParNew: 0K->0K(3072K), 0.0002664 secs]4.553: [CMS: 5044K->948K(6848K), 0.0027731 secs] 5044K->948K(9920K), [Metaspace: 3664K->3664K(1056768K)], 0.0031234 secs] [Times: user=0.00 sys=0.00, real=0.00 secs] 
4.556: [GC (CMS Initial Mark) [1 CMS-initial-mark: 5044K(6848K)] 5044K(9920K), 0.0001601 secs] [Times: user=0.00 sys=0.00, real=0.00 secs] 
4.556: [CMS-concurrent-mark-start]
4.556: [GC (Allocation Failure) 4.556: [ParNew: 0K->0K(3072K), 0.0002804 secs]4.557: [CMS4.565: [CMS-concurrent-mark: 0.002/0.009 secs] [Times: user=0.00 sys=0.00, real=0.01 secs] 
 (concurrent mode failure): 5044K->948K(6848K), 0.0121017 secs] 5044K->948K(9920K), [Metaspace: 3664K->3664K(1056768K)], 0.0124686 secs] [Times: user=0.01 sys=0.00, real=0.01 secs] 
4.569: [GC (Allocation Failure) 4.569: [ParNew: 0K->0K(3072K), 0.0002496 secs]4.569: [CMS: 5044K->948K(6848K), 0.0025960 secs] 5044K->948K(9920K), [Metaspace: 3664K->3664K(1056768K)], 0.0029477 secs] [Times: user=0.00 sys=0.00, real=0.00 secs] 
4.572: [GC (CMS Initial Mark) [1 CMS-initial-mark: 5044K(6848K)] 5044K(9920K), 0.0001200 secs] [Times: user=0.00 sys=0.00, real=0.00 secs] 
4.573: [CMS-concurrent-mark-start]
4.573: [GC (Allocation Failure) 4.573: [ParNew: 0K->0K(3072K), 0.0002441 secs]4.573: [CMS4.580: [CMS-concurrent-mark: 0.002/0.008 secs] [Times: user=0.00 sys=0.00, real=0.01 secs] 
 (concurrent mode failure): 5044K->948K(6848K), 0.0101288 secs] 5044K->948K(9920K), [Metaspace: 3664K->3664K(1056768K)], 0.0104758 secs] [Times: user=0.02 sys=0.00, real=0.01 secs] 
4.584: [GC (Allocation Failure) 4.584: [ParNew: 0K->0K(3072K), 0.0002389 secs]4.584: [CMS: 5044K->948K(6848K), 0.0025218 secs] 5044K->948K(9920K), [Metaspace: 3664K->3664K(1056768K)], 0.0028447 secs] [Times: user=0.00 sys=0.00, real=0.00 secs] 
4.587: [GC (CMS Initial Mark) [1 CMS-initial-mark: 5044K(6848K)] 5044K(9920K), 0.0001930 secs] [Times: user=0.00 sys=0.00, real=0.00 secs] 
4.587: [CMS-concurrent-mark-start]
4.587: [GC (Allocation Failure) 4.587: [ParNew: 0K->0K(3072K), 0.0002717 secs]4.587: [CMS4.595: [CMS-concurrent-mark: 0.002/0.008 secs] [Times: user=0.00 sys=0.00, real=0.01 secs] 
 (concurrent mode failure): 5044K->948K(6848K), 0.0106477 secs] 5044K->948K(9920K), [Metaspace: 3664K->3664K(1056768K)], 0.0110206 secs] [Times: user=0.00 sys=0.00, real=0.01 secs] 
4.598: [GC (Allocation Failure) 4.598: [ParNew: 0K->0K(3072K), 0.0002409 secs]4.599: [CMS: 5044K->948K(6848K), 0.0025190 secs] 5044K->948K(9920K), [Metaspace: 3664K->3664K(1056768K)], 0.0028571 secs] [Times: user=0.01 sys=0.00, real=0.00 secs] 
4.602: [GC (CMS Initial Mark) [1 CMS-initial-mark: 5044K(6848K)] 5044K(9920K), 0.0001101 secs] [Times: user=0.00 sys=0.00, real=0.00 secs] 
4.602: [CMS-concurrent-mark-start]
4.602: [GC (Allocation Failure) 4.602: [ParNew: 0K->0K(3072K), 0.0002169 secs]4.602: [CMS4.611: [CMS-concurrent-mark: 0.002/0.009 secs] [Times: user=0.00 sys=0.00, real=0.01 secs] 
 (concurrent mode failure): 5044K->948K(6848K), 0.0111331 secs] 5044K->948K(9920K), [Metaspace: 3664K->3664K(1056768K)], 0.0114260 secs] [Times: user=0.00 sys=0.00, real=0.01 secs] 
4.614: [GC (Allocation Failure) 4.614: [ParNew: 0K->0K(3072K), 0.0002339 secs]4.614: [CMS: 5044K->948K(6848K), 0.0024171 secs] 5044K->948K(9920K), [Metaspace: 3664K->3664K(1056768K)], 0.0027450 secs] [Times: user=0.02 sys=0.00, real=0.00 secs] 
4.617: [GC (CMS Initial Mark) [1 CMS-initial-mark: 5044K(6848K)] 5044K(9920K), 0.0000824 secs] [Times: user=0.00 sys=0.00, real=0.00 secs] 
4.617: [CMS-concurrent-mark-start]
4.617: [GC (Allocation Failure) 4.617: [ParNew: 0K->0K(3072K), 0.0002660 secs]4.617: [CMS4.627: [CMS-concurrent-mark: 0.002/0.010 secs] [Times: user=0.00 sys=0.00, real=0.01 secs] 
 (concurrent mode failure): 5044K->948K(6848K), 0.0124890 secs] 5044K->948K(9920K), [Metaspace: 3664K->3664K(1056768K)], 0.0128301 secs] [Times: user=0.00 sys=0.00, real=0.01 secs] 
4.630: [GC (Allocation Failure) 4.630: [ParNew: 0K->0K(3072K), 0.0002490 secs]4.630: [CMS: 5044K->948K(6848K), 0.0025095 secs] 5044K->948K(9920K), [Metaspace: 3664K->3664K(1056768K)], 0.0028326 secs] [Times: user=0.00 sys=0.02, real=0.00 secs] 
4.633: [GC (CMS Initial Mark) [1 CMS-initial-mark: 5044K(6848K)] 5044K(9920K), 0.0001469 secs] [Times: user=0.00 sys=0.00, real=0.00 secs] 
4.633: [CMS-concurrent-mark-start]
4.634: [GC (Allocation Failure) 4.634: [ParNew: 0K->0K(3072K), 0.0002113 secs]4.634: [CMS4.643: [CMS-concurrent-mark: 0.002/0.009 secs] [Times: user=0.00 sys=0.00, real=0.01 secs] 
 (concurrent mode failure): 5044K->948K(6848K), 0.0126601 secs] 5044K->948K(9920K), [Metaspace: 3664K->3664K(1056768K)], 0.0129562 secs] [Times: user=0.02 sys=0.00, real=0.01 secs] 
4.647: [GC (Allocation Failure) 4.647: [ParNew: 0K->0K(3072K), 0.0002306 secs]4.647: [CMS: 5044K->948K(6848K), 0.0030897 secs] 5044K->948K(9920K), [Metaspace: 3664K->3664K(1056768K)], 0.0034162 secs] [Times: user=0.00 sys=0.00, real=0.00 secs] 
4.651: [GC (CMS Initial Mark) [1 CMS-initial-mark: 5044K(6848K)] 5044K(9920K), 0.0001156 secs] [Times: user=0.00 sys=0.00, real=0.00 secs] 
4.651: [CMS-concurrent-mark-start]
4.651: [GC (Allocation Failure) 4.651: [ParNew: 0K->0K(3072K), 0.0002249 secs]4.651: [CMS4.659: [CMS-concurrent-mark: 0.002/0.008 secs] [Times: user=0.00 sys=0.00, real=0.01 secs] 
 (concurrent mode failure): 5044K->948K(6848K), 0.0112031 secs] 5044K->948K(9920K), [Metaspace: 3664K->3664K(1056768K)], 0.0115053 secs] [Times: user=0.02 sys=0.00, real=0.01 secs] 
4.663: [GC (Allocation Failure) 4.663: [ParNew: 0K->0K(3072K), 0.0002606 secs]4.663: [CMS: 5044K->948K(6848K), 0.0019860 secs] 5044K->948K(9920K), [Metaspace: 3664K->3664K(1056768K)], 0.0023337 secs] [Times: user=0.00 sys=0.00, real=0.00 secs] 
4.665: [GC (CMS Initial Mark) [1 CMS-initial-mark: 5044K(6848K)] 5044K(9920K), 0.0000942 secs] [Times: user=0.00 sys=0.00, real=0.00 secs] 
4.666: [CMS-concurrent-mark-start]
4.666: [GC (Allocation Failure) 4.666: [ParNew: 0K->0K(3072K), 0.0002454 secs]4.666: [CMS4.674: [CMS-concurrent-mark: 0.002/0.008 secs] [Times: user=0.00 sys=0.00, real=0.01 secs] 
 (concurrent mode failure): 5044K->948K(6848K), 0.0104894 secs] 5044K->948K(9920K), [Metaspace: 3664K->3664K(1056768K)], 0.0108497 secs] [Times: user=0.00 sys=0.00, real=0.01 secs] 
4.677: [GC (Allocation Failure) 4.677: [ParNew: 0K->0K(3072K), 0.0003388 secs]4.677: [CMS: 5044K->948K(6848K), 0.0021827 secs] 5044K->948K(9920K), [Metaspace: 3664K->3664K(1056768K)], 0.0025985 secs] [Times: user=0.00 sys=0.00, real=0.00 secs] 
4.680: [GC (CMS Initial Mark) [1 CMS-initial-mark: 5044K(6848K)] 5044K(9920K), 0.0000755 secs] [Times: user=0.00 sys=0.00, real=0.00 secs] 
4.680: [CMS-concurrent-mark-start]
4.680: [GC (Allocation Failure) 4.680: [ParNew: 0K->0K(3072K), 0.0002079 secs]4.680: [CMS4.690: [CMS-concurrent-mark: 0.002/0.010 secs] [Times: user=0.00 sys=0.00, real=0.01 secs] 
 (concurrent mode failure): 5044K->948K(6848K), 0.0116236 secs] 5044K->948K(9920K), [Metaspace: 3664K->3664K(1056768K)], 0.0118993 secs] [Times: user=0.00 sys=0.00, real=0.01 secs] 
4.692: [GC (Allocation Failure) 4.692: [ParNew: 0K->0K(3072K), 0.0002897 secs]4.693: [CMS: 5044K->948K(6848K), 0.0030734 secs] 5044K->948K(9920K), [Metaspace: 3664K->3664K(1056768K)], 0.0034502 secs] [Times: user=0.00 sys=0.00, real=0.00 secs] 
4.696: [GC (CMS Initial Mark) [1 CMS-initial-mark: 5044K(6848K)] 5044K(9920K), 0.0001327 secs] [Times: user=0.00 sys=0.00, real=0.00 secs] 
4.696: [CMS-concurrent-mark-start]
4.696: [GC (Allocation Failure) 4.696: [ParNew: 0K->0K(3072K), 0.0002786 secs]4.697: [CMS4.705: [CMS-concurrent-mark: 0.002/0.009 secs] [Times: user=0.00 sys=0.00, real=0.01 secs] 
 (concurrent mode failure): 5044K->948K(6848K), 0.0106587 secs] 5044K->948K(9920K), [Metaspace: 3664K->3664K(1056768K)], 0.0110150 secs] [Times: user=0.00 sys=0.00, real=0.01 secs] 
4.708: [GC (Allocation Failure) 4.708: [ParNew: 0K->0K(3072K), 0.0002143 secs]4.708: [CMS: 5044K->948K(6848K), 0.0025953 secs] 5044K->948K(9920K), [Metaspace: 3664K->3664K(1056768K)], 0.0028964 secs] [Times: user=0.02 sys=0.00, real=0.00 secs] 
4.711: [GC (CMS Initial Mark) [1 CMS-initial-mark: 5044K(6848K)] 5044K(9920K), 0.0001130 secs] [Times: user=0.00 sys=0.00, real=0.00 secs] 
4.711: [CMS-concurrent-mark-start]
4.711: [GC (Allocation Failure) 4.711: [ParNew: 0K->0K(3072K), 0.0002293 secs]4.711: [CMS4.720: [CMS-concurrent-mark: 0.002/0.009 secs] [Times: user=0.00 sys=0.00, real=0.01 secs] 
 (concurrent mode failure): 5044K->948K(6848K), 0.0115031 secs] 5044K->948K(9920K), [Metaspace: 3664K->3664K(1056768K)], 0.0117980 secs] [Times: user=0.00 sys=0.00, real=0.01 secs] 
4.723: [GC (Allocation Failure) 4.723: [ParNew: 0K->0K(3072K), 0.0001795 secs]4.723: [CMS: 5044K->948K(6848K), 0.0019276 secs] 5044K->948K(9920K), [Metaspace: 3664K->3664K(1056768K)], 0.0021791 secs] [Times: user=0.01 sys=0.00, real=0.00 secs] 
4.726: [GC (CMS Initial Mark) [1 CMS-initial-mark: 5044K(6848K)] 5044K(9920K), 0.0001201 secs] [Times: user=0.00 sys=0.00, real=0.00 secs] 
4.726: [CMS-concurrent-mark-start]
4.726: [GC (Allocation Failure) 4.726: [ParNew: 0K->0K(3072K), 0.0003125 secs]4.726: [CMS4.735: [CMS-concurrent-mark: 0.002/0.009 secs] [Times: user=0.00 sys=0.00, real=0.01 secs] 
 (concurrent mode failure): 5044K->948K(6848K), 0.0113774 secs] 5044K->948K(9920K), [Metaspace: 3664K->3664K(1056768K)], 0.0117857 secs] [Times: user=0.00 sys=0.00, real=0.01 secs] 
4.738: [GC (Allocation Failure) 4.738: [ParNew: 0K->0K(3072K), 0.0002892 secs]4.738: [CMS: 5044K->948K(6848K), 0.0021978 secs] 5044K->948K(9920K), [Metaspace: 3664K->3664K(1056768K)], 0.0025614 secs] [Times: user=0.02 sys=0.00, real=0.00 secs] 
4.741: [GC (CMS Initial Mark) [1 CMS-initial-mark: 5044K(6848K)] 5044K(9920K), 0.0001311 secs] [Times: user=0.00 sys=0.00, real=0.00 secs] 
4.741: [CMS-concurrent-mark-start]
4.741: [GC (Allocation Failure) 4.741: [ParNew: 0K->0K(3072K), 0.0002142 secs]4.742: [CMS4.751: [CMS-concurrent-mark: 0.002/0.009 secs] [Times: user=0.00 sys=0.00, real=0.01 secs] 
 (concurrent mode failure): 5044K->948K(6848K), 0.0115014 secs] 5044K->948K(9920K), [Metaspace: 3664K->3664K(1056768K)], 0.0118038 secs] [Times: user=0.00 sys=0.00, real=0.01 secs] 
4.754: [GC (Allocation Failure) 4.754: [ParNew: 0K->0K(3072K), 0.0002417 secs]4.754: [CMS: 5044K->948K(6848K), 0.0023215 secs] 5044K->948K(9920K), [Metaspace: 3664K->3664K(1056768K)], 0.0026481 secs] [Times: user=0.01 sys=0.00, real=0.00 secs] 
4.756: [GC (CMS Initial Mark) [1 CMS-initial-mark: 5044K(6848K)] 5044K(9920K), 0.0001236 secs] [Times: user=0.00 sys=0.00, real=0.00 secs] 
4.757: [CMS-concurrent-mark-start]
4.757: [GC (Allocation Failure) 4.757: [ParNew: 0K->0K(3072K), 0.0002045 secs]4.757: [CMS4.766: [CMS-concurrent-mark: 0.001/0.010 secs] [Times: user=0.00 sys=0.00, real=0.01 secs] 
 (concurrent mode failure): 5044K->948K(6848K), 0.0117301 secs] 5044K->948K(9920K), [Metaspace: 3664K->3664K(1056768K)], 0.0120052 secs] [Times: user=0.00 sys=0.00, real=0.01 secs] 
4.769: [GC (Allocation Failure) 4.769: [ParNew: 0K->0K(3072K), 0.0002418 secs]4.769: [CMS: 5044K->948K(6848K), 0.0018874 secs] 5044K->948K(9920K), [Metaspace: 3664K->3664K(1056768K)], 0.0022022 secs] [Times: user=0.02 sys=0.00, real=0.00 secs] 
4.772: [GC (CMS Initial Mark) [1 CMS-initial-mark: 5044K(6848K)] 5044K(9920K), 0.0000756 secs] [Times: user=0.00 sys=0.00, real=0.00 secs] 
4.772: [CMS-concurrent-mark-start]
4.772: [GC (Allocation Failure) 4.772: [ParNew: 0K->0K(3072K), 0.0002149 secs]4.772: [CMS4.782: [CMS-concurrent-mark: 0.001/0.010 secs] [Times: user=0.00 sys=0.00, real=0.01 secs] 
 (concurrent mode failure): 5044K->948K(6848K), 0.0122928 secs] 5044K->948K(9920K), [Metaspace: 3664K->3664K(1056768K)], 0.0125821 secs] [Times: user=0.00 sys=0.00, real=0.01 secs] 
4.785: [GC (Allocation Failure) 4.785: [ParNew: 0K->0K(3072K), 0.0002255 secs]4.785: [CMS: 5044K->948K(6848K), 0.0031562 secs] 5044K->948K(9920K), [Metaspace: 3664K->3664K(1056768K)], 0.0034706 secs] [Times: user=0.02 sys=0.00, real=0.00 secs] 
4.788: [GC (CMS Initial Mark) [1 CMS-initial-mark: 5044K(6848K)] 5044K(9920K), 0.0001385 secs] [Times: user=0.00 sys=0.00, real=0.00 secs] 
4.789: [CMS-concurrent-mark-start]
4.789: [GC (Allocation Failure) 4.789: [ParNew: 0K->0K(3072K), 0.0002383 secs]4.789: [CMS4.798: [CMS-concurrent-mark: 0.002/0.009 secs] [Times: user=0.00 sys=0.00, real=0.01 secs] 
 (concurrent mode failure): 5044K->948K(6848K), 0.0108244 secs] 5044K->948K(9920K), [Metaspace: 3664K->3664K(1056768K)], 0.0111333 secs] [Times: user=0.00 sys=0.00, real=0.01 secs] 
4.800: [GC (Allocation Failure) 4.800: [ParNew: 0K->0K(3072K), 0.0002335 secs]4.800: [CMS: 5044K->948K(6848K), 0.0022095 secs] 5044K->948K(9920K), [Metaspace: 3664K->3664K(1056768K)], 0.0025283 secs] [Times: user=0.02 sys=0.00, real=0.00 secs] 
4.803: [GC (CMS Initial Mark) [1 CMS-initial-mark: 5044K(6848K)] 5044K(9920K), 0.0001252 secs] [Times: user=0.00 sys=0.00, real=0.00 secs] 
4.803: [CMS-concurrent-mark-start]
4.803: [GC (Allocation Failure) 4.803: [ParNew: 0K->0K(3072K), 0.0002428 secs]4.804: [CMS4.813: [CMS-concurrent-mark: 0.001/0.010 secs] [Times: user=0.00 sys=0.00, real=0.01 secs] 
 (concurrent mode failure): 5044K->948K(6848K), 0.0121278 secs] 5044K->948K(9920K), [Metaspace: 3664K->3664K(1056768K)], 0.0124504 secs] [Times: user=0.00 sys=0.00, real=0.01 secs] 
4.816: [GC (Allocation Failure) 4.816: [ParNew: 0K->0K(3072K), 0.0002493 secs]4.816: [CMS: 5044K->948K(6848K), 0.0020488 secs] 5044K->948K(9920K), [Metaspace: 3664K->3664K(1056768K)], 0.0023745 secs] [Times: user=0.02 sys=0.00, real=0.00 secs] 
4.819: [GC (CMS Initial Mark) [1 CMS-initial-mark: 5044K(6848K)] 5044K(9920K), 0.0001042 secs] [Times: user=0.00 sys=0.00, real=0.00 secs] 
4.819: [CMS-concurrent-mark-start]
4.819: [GC (Allocation Failure) 4.819: [ParNew: 0K->0K(3072K), 0.0002044 secs]4.819: [CMS4.830: [CMS-concurrent-mark: 0.002/0.011 secs] [Times: user=0.00 sys=0.00, real=0.01 secs] 
 (concurrent mode failure): 5044K->948K(6848K), 0.0125866 secs] 5044K->948K(9920K), [Metaspace: 3664K->3664K(1056768K)], 0.0128745 secs] [Times: user=0.00 sys=0.00, real=0.01 secs] 
4.832: [GC (Allocation Failure) 4.832: [ParNew: 0K->0K(3072K), 0.0002526 secs]4.833: [CMS: 5044K->948K(6848K), 0.0023341 secs] 5044K->948K(9920K), [Metaspace: 3664K->3664K(1056768K)], 0.0026649 secs] [Times: user=0.02 sys=0.00, real=0.00 secs] 
4.835: [GC (CMS Initial Mark) [1 CMS-initial-mark: 5044K(6848K)] 5044K(9920K), 0.0000807 secs] [Times: user=0.00 sys=0.00, real=0.00 secs] 
4.835: [CMS-concurrent-mark-start]
4.835: [GC (Allocation Failure) 4.835: [ParNew: 0K->0K(3072K), 0.0002106 secs]4.836: [CMS4.845: [CMS-concurrent-mark: 0.001/0.010 secs] [Times: user=0.00 sys=0.00, real=0.01 secs] 
 (concurrent mode failure): 5044K->948K(6848K), 0.0121053 secs] 5044K->948K(9920K), [Metaspace: 3664K->3664K(1056768K)], 0.0123984 secs] [Times: user=0.00 sys=0.00, real=0.01 secs] 
4.848: [GC (Allocation Failure) 4.848: [ParNew: 0K->0K(3072K), 0.0002697 secs]4.849: [CMS: 5044K->948K(6848K), 0.0033892 secs] 5044K->948K(9920K), [Metaspace: 3664K->3664K(1056768K)], 0.0037545 secs] [Times: user=0.01 sys=0.00, real=0.00 secs] 
4.852: [GC (CMS Initial Mark) [1 CMS-initial-mark: 5044K(6848K)] 5044K(9920K), 0.0000967 secs] [Times: user=0.00 sys=0.00, real=0.00 secs] 
4.852: [CMS-concurrent-mark-start]
4.852: [GC (Allocation Failure) 4.852: [ParNew: 0K->0K(3072K), 0.0002093 secs]4.853: [CMS4.861: [CMS-concurrent-mark: 0.002/0.008 secs] [Times: user=0.00 sys=0.00, real=0.01 secs] 
 (concurrent mode failure): 5044K->948K(6848K), 0.0101810 secs] 5044K->948K(9920K), [Metaspace: 3664K->3664K(1056768K)], 0.0104571 secs] [Times: user=0.00 sys=0.00, real=0.01 secs] 
4.863: [GC (Allocation Failure) 4.863: [ParNew: 0K->0K(3072K), 0.0002403 secs]4.864: [CMS: 5044K->948K(6848K), 0.0018691 secs] 5044K->948K(9920K), [Metaspace: 3664K->3664K(1056768K)], 0.0021676 secs] [Times: user=0.02 sys=0.00, real=0.00 secs] 
4.866: [GC (CMS Initial Mark) [1 CMS-initial-mark: 5044K(6848K)] 5044K(9920K), 0.0000769 secs] [Times: user=0.00 sys=0.00, real=0.00 secs] 
4.866: [CMS-concurrent-mark-start]
4.866: [GC (Allocation Failure) 4.866: [ParNew: 0K->0K(3072K), 0.0002022 secs]4.866: [CMS4.877: [CMS-concurrent-mark: 0.002/0.011 secs] [Times: user=0.00 sys=0.00, real=0.01 secs] 
 (concurrent mode failure): 5044K->948K(6848K), 0.0133892 secs] 5044K->948K(9920K), [Metaspace: 3664K->3664K(1056768K)], 0.0136623 secs] [Times: user=0.00 sys=0.00, real=0.01 secs] 
4.880: [GC (Allocation Failure) 4.880: [ParNew: 0K->0K(3072K), 0.0002521 secs]4.880: [CMS: 5044K->948K(6848K), 0.0020321 secs] 5044K->948K(9920K), [Metaspace: 3664K->3664K(1056768K)], 0.0023600 secs] [Times: user=0.00 sys=0.00, real=0.00 secs] 
4.883: [GC (CMS Initial Mark) [1 CMS-initial-mark: 5044K(6848K)] 5044K(9920K), 0.0000754 secs] [Times: user=0.00 sys=0.00, real=0.00 secs] 
4.883: [CMS-concurrent-mark-start]
4.883: [GC (Allocation Failure) 4.883: [ParNew: 0K->0K(3072K), 0.0002252 secs]4.883: [CMS4.892: [CMS-concurrent-mark: 0.002/0.009 secs] [Times: user=0.00 sys=0.00, real=0.01 secs] 
 (concurrent mode failure): 5044K->948K(6848K), 0.0121950 secs] 5044K->948K(9920K), [Metaspace: 3664K->3664K(1056768K)], 0.0124999 secs] [Times: user=0.02 sys=0.00, real=0.01 secs] 
4.896: [GC (Allocation Failure) 4.896: [ParNew: 0K->0K(3072K), 0.0002711 secs]4.896: [CMS: 5044K->948K(6848K), 0.0022129 secs] 5044K->948K(9920K), [Metaspace: 3664K->3664K(1056768K)], 0.0025631 secs] [Times: user=0.00 sys=0.00, real=0.00 secs] 
4.899: [GC (CMS Initial Mark) [1 CMS-initial-mark: 5044K(6848K)] 5044K(9920K), 0.0001141 secs] [Times: user=0.00 sys=0.00, real=0.00 secs] 
4.899: [CMS-concurrent-mark-start]
4.899: [GC (Allocation Failure) 4.899: [ParNew: 0K->0K(3072K), 0.0002611 secs]4.899: [CMS4.907: [CMS-concurrent-mark: 0.002/0.008 secs] [Times: user=0.00 sys=0.00, real=0.01 secs] 
 (concurrent mode failure): 5044K->948K(6848K), 0.0104408 secs] 5044K->948K(9920K), [Metaspace: 3664K->3664K(1056768K)], 0.0107762 secs] [Times: user=0.00 sys=0.00, real=0.01 secs] 
4.910: [GC (Allocation Failure) 4.910: [ParNew: 0K->0K(3072K), 0.0002412 secs]4.910: [CMS: 5044K->948K(6848K), 0.0021340 secs] 5044K->948K(9920K), [Metaspace: 3664K->3664K(1056768K)], 0.0024545 secs] [Times: user=0.02 sys=0.00, real=0.00 secs] 
4.913: [GC (CMS Initial Mark) [1 CMS-initial-mark: 5044K(6848K)] 5044K(9920K), 0.0001154 secs] [Times: user=0.00 sys=0.00, real=0.00 secs] 
4.913: [CMS-concurrent-mark-start]
4.913: [GC (Allocation Failure) 4.913: [ParNew: 0K->0K(3072K), 0.0003161 secs]4.913: [CMS4.923: [CMS-concurrent-mark: 0.002/0.010 secs] [Times: user=0.00 sys=0.00, real=0.01 secs] 
 (concurrent mode failure): 5044K->948K(6848K), 0.0126197 secs] 5044K->948K(9920K), [Metaspace: 3664K->3664K(1056768K)], 0.0130214 secs] [Times: user=0.00 sys=0.00, real=0.01 secs] 
4.927: [GC (Allocation Failure) 4.927: [ParNew: 0K->0K(3072K), 0.0003128 secs]4.927: [CMS: 5044K->948K(6848K), 0.0021730 secs] 5044K->948K(9920K), [Metaspace: 3664K->3664K(1056768K)], 0.0025945 secs] [Times: user=0.00 sys=0.00, real=0.00 secs] 
4.930: [GC (CMS Initial Mark) [1 CMS-initial-mark: 5044K(6848K)] 5044K(9920K), 0.0000727 secs] [Times: user=0.00 sys=0.00, real=0.00 secs] 
4.930: [CMS-concurrent-mark-start]
4.930: [GC (Allocation Failure) 4.930: [ParNew: 0K->0K(3072K), 0.0002051 secs]4.930: [CMS4.938: [CMS-concurrent-mark: 0.002/0.009 secs] [Times: user=0.00 sys=0.00, real=0.01 secs] 
 (concurrent mode failure): 5044K->948K(6848K), 0.0111842 secs] 5044K->948K(9920K), [Metaspace: 3664K->3664K(1056768K)], 0.0114742 secs] [Times: user=0.00 sys=0.00, real=0.01 secs] 
4.941: [GC (Allocation Failure) 4.942: [ParNew: 0K->0K(3072K), 0.0002348 secs]4.942: [CMS: 5044K->948K(6848K), 0.0027091 secs] 5044K->948K(9920K), [Metaspace: 3664K->3664K(1056768K)], 0.0030222 secs] [Times: user=0.02 sys=0.00, real=0.00 secs] 
4.945: [GC (CMS Initial Mark) [1 CMS-initial-mark: 5044K(6848K)] 5044K(9920K), 0.0000729 secs] [Times: user=0.00 sys=0.00, real=0.00 secs] 
4.945: [CMS-concurrent-mark-start]
4.945: [GC (Allocation Failure) 4.945: [ParNew: 0K->0K(3072K), 0.0001962 secs]4.945: [CMS4.955: [CMS-concurrent-mark: 0.002/0.010 secs] [Times: user=0.00 sys=0.00, real=0.01 secs] 
 (concurrent mode failure): 5044K->948K(6848K), 0.0117845 secs] 5044K->948K(9920K), [Metaspace: 3664K->3664K(1056768K)], 0.0120414 secs] [Times: user=0.00 sys=0.00, real=0.01 secs] 
4.957: [GC (Allocation Failure) 4.957: [ParNew: 0K->0K(3072K), 0.0002223 secs]4.958: [CMS: 5044K->948K(6848K), 0.0023069 secs] 5044K->948K(9920K), [Metaspace: 3664K->3664K(1056768K)], 0.0026251 secs] [Times: user=0.02 sys=0.00, real=0.00 secs] 
4.960: [GC (CMS Initial Mark) [1 CMS-initial-mark: 5044K(6848K)] 5044K(9920K), 0.0001522 secs] [Times: user=0.00 sys=0.00, real=0.00 secs] 
4.961: [CMS-concurrent-mark-start]
4.961: [GC (Allocation Failure) 4.961: [ParNew: 0K->0K(3072K), 0.0002072 secs]4.961: [CMS4.970: [CMS-concurrent-mark: 0.002/0.009 secs] [Times: user=0.00 sys=0.00, real=0.01 secs] 
 (concurrent mode failure): 5044K->948K(6848K), 0.0114406 secs] 5044K->948K(9920K), [Metaspace: 3664K->3664K(1056768K)], 0.0117252 secs] [Times: user=0.00 sys=0.00, real=0.01 secs] 
4.973: [GC (Allocation Failure) 4.973: [ParNew: 0K->0K(3072K), 0.0002968 secs]4.973: [CMS: 5044K->948K(6848K), 0.0020903 secs] 5044K->948K(9920K), [Metaspace: 3664K->3664K(1056768K)], 0.0024601 secs] [Times: user=0.01 sys=0.00, real=0.00 secs] 
4.976: [GC (CMS Initial Mark) [1 CMS-initial-mark: 5044K(6848K)] 5044K(9920K), 0.0001278 secs] [Times: user=0.00 sys=0.00, real=0.00 secs] 
4.976: [CMS-concurrent-mark-start]
4.976: [GC (Allocation Failure) 4.976: [ParNew: 0K->0K(3072K), 0.0002540 secs]4.976: [CMS4.986: [CMS-concurrent-mark: 0.002/0.010 secs] [Times: user=0.00 sys=0.00, real=0.01 secs] 
 (concurrent mode failure): 5044K->948K(6848K), 0.0123524 secs] 5044K->948K(9920K), [Metaspace: 3664K->3664K(1056768K)], 0.0126867 secs] [Times: user=0.00 sys=0.00, real=0.01 secs] 
4.989: [GC (Allocation Failure) 4.989: [ParNew: 0K->0K(3072K), 0.0004124 secs]4.989: [CMS: 5044K->948K(6848K), 0.0029627 secs] 5044K->948K(9920K), [Metaspace: 3664K->3664K(1056768K)], 0.0034916 secs] [Times: user=0.00 sys=0.00, real=0.00 secs] 
4.993: [GC (CMS Initial Mark) [1 CMS-initial-mark: 5044K(6848K)] 5044K(9920K), 0.0002185 secs] [Times: user=0.00 sys=0.00, real=0.00 secs] 
4.993: [CMS-concurrent-mark-start]
4.993: [GC (Allocation Failure) 4.993: [ParNew: 0K->0K(3072K), 0.0002546 secs]4.994: [CMS5.001: [CMS-concurrent-mark: 0.002/0.008 secs] [Times: user=0.00 sys=0.00, real=0.01 secs] 
 (concurrent mode failure): 5044K->948K(6848K), 0.0101705 secs] 5044K->948K(9920K), [Metaspace: 3664K->3664K(1056768K)], 0.0105568 secs] [Times: user=0.00 sys=0.00, real=0.01 secs] 
5.004: [GC (Allocation Failure) 5.004: [ParNew: 0K->0K(3072K), 0.0002752 secs]5.005: [CMS: 5044K->948K(6848K), 0.0020764 secs] 5044K->948K(9920K), [Metaspace: 3664K->3664K(1056768K)], 0.0024312 secs] [Times: user=0.00 sys=0.02, real=0.00 secs] 
5.007: [GC (CMS Initial Mark) [1 CMS-initial-mark: 5044K(6848K)] 5044K(9920K), 0.0001661 secs] [Times: user=0.00 sys=0.00, real=0.00 secs] 
5.007: [CMS-concurrent-mark-start]
5.007: [GC (Allocation Failure) 5.007: [ParNew: 0K->0K(3072K), 0.0002240 secs]5.008: [CMS5.017: [CMS-concurrent-mark: 0.002/0.009 secs] [Times: user=0.00 sys=0.00, real=0.01 secs] 
 (concurrent mode failure): 5044K->948K(6848K), 0.0113640 secs] 5044K->948K(9920K), [Metaspace: 3664K->3664K(1056768K)], 0.0116641 secs] [Times: user=0.00 sys=0.00, real=0.01 secs] 
5.019: [GC (Allocation Failure) 5.019: [ParNew: 0K->0K(3072K), 0.0002355 secs]5.020: [CMS: 5044K->948K(6848K), 0.0019491 secs] 5044K->948K(9920K), [Metaspace: 3664K->3664K(1056768K)], 0.0022527 secs] [Times: user=0.01 sys=0.00, real=0.00 secs] 
5.022: [GC (CMS Initial Mark) [1 CMS-initial-mark: 5044K(6848K)] 5044K(9920K), 0.0001689 secs] [Times: user=0.00 sys=0.00, real=0.00 secs] 
5.022: [CMS-concurrent-mark-start]
5.022: [GC (Allocation Failure) 5.022: [ParNew: 0K->0K(3072K), 0.0002025 secs]5.022: [CMS5.033: [CMS-concurrent-mark: 0.002/0.010 secs] [Times: user=0.00 sys=0.00, real=0.01 secs] 
 (concurrent mode failure): 5044K->948K(6848K), 0.0125855 secs] 5044K->948K(9920K), [Metaspace: 3664K->3664K(1056768K)], 0.0128571 secs] [Times: user=0.00 sys=0.00, real=0.01 secs] 
5.035: [GC (Allocation Failure) 5.035: [ParNew: 0K->0K(3072K), 0.0002456 secs]5.036: [CMS: 5044K->948K(6848K), 0.0019121 secs] 5044K->948K(9920K), [Metaspace: 3664K->3664K(1056768K)], 0.0022220 secs] [Times: user=0.02 sys=0.00, real=0.00 secs] 
5.038: [GC (CMS Initial Mark) [1 CMS-initial-mark: 5044K(6848K)] 5044K(9920K), 0.0000979 secs] [Times: user=0.00 sys=0.00, real=0.00 secs] 
5.038: [CMS-concurrent-mark-start]
5.038: [GC (Allocation Failure) 5.038: [ParNew: 0K->0K(3072K), 0.0001851 secs]5.038: [CMS5.048: [CMS-concurrent-mark: 0.001/0.010 secs] [Times: user=0.00 sys=0.00, real=0.01 secs] 
 (concurrent mode failure): 5044K->948K(6848K), 0.0117846 secs] 5044K->948K(9920K), [Metaspace: 3664K->3664K(1056768K)], 0.0120324 secs] [Times: user=0.00 sys=0.00, real=0.01 secs] 
5.050: [GC (Allocation Failure) 5.050: [ParNew: 0K->0K(3072K), 0.0002480 secs]5.051: [CMS: 5044K->948K(6848K), 0.0018808 secs] 5044K->948K(9920K), [Metaspace: 3664K->3664K(1056768K)], 0.0021939 secs] [Times: user=0.02 sys=0.00, real=0.00 secs] 
5.053: [GC (CMS Initial Mark) [1 CMS-initial-mark: 5044K(6848K)] 5044K(9920K), 0.0001069 secs] [Times: user=0.00 sys=0.00, real=0.00 secs] 
5.053: [CMS-concurrent-mark-start]
5.053: [GC (Allocation Failure) 5.053: [ParNew: 0K->0K(3072K), 0.0002845 secs]5.053: [CMS5.063: [CMS-concurrent-mark: 0.001/0.010 secs] [Times: user=0.00 sys=0.00, real=0.01 secs] 
 (concurrent mode failure): 5044K->948K(6848K), 0.0116897 secs] 5044K->948K(9920K), [Metaspace: 3664K->3664K(1056768K)], 0.0120533 secs] [Times: user=0.00 sys=0.00, real=0.01 secs] 
5.065: [GC (Allocation Failure) 5.065: [ParNew: 0K->0K(3072K), 0.0003026 secs]5.066: [CMS: 5044K->948K(6848K), 0.0020971 secs] 5044K->948K(9920K), [Metaspace: 3664K->3664K(1056768K)], 0.0024734 secs] [Times: user=0.02 sys=0.00, real=0.00 secs] 
5.068: [GC (CMS Initial Mark) [1 CMS-initial-mark: 5044K(6848K)] 5044K(9920K), 0.0002049 secs] [Times: user=0.00 sys=0.00, real=0.00 secs] 
5.068: [CMS-concurrent-mark-start]
5.069: [GC (Allocation Failure) 5.069: [ParNew: 0K->0K(3072K), 0.0003033 secs]5.069: [CMS5.078: [CMS-concurrent-mark: 0.001/0.010 secs] [Times: user=0.00 sys=0.00, real=0.01 secs] 
 (concurrent mode failure): 5044K->948K(6848K), 0.0114266 secs] 5044K->948K(9920K), [Metaspace: 3664K->3664K(1056768K)], 0.0117946 secs] [Times: user=0.00 sys=0.00, real=0.01 secs] 
5.081: [GC (Allocation Failure) 5.081: [ParNew: 0K->0K(3072K), 0.0003469 secs]5.081: [CMS: 5044K->948K(6848K), 0.0019532 secs] 5044K->948K(9920K), [Metaspace: 3664K->3664K(1056768K)], 0.0023660 secs] [Times: user=0.02 sys=0.00, real=0.00 secs] 
5.083: [GC (CMS Initial Mark) [1 CMS-initial-mark: 5044K(6848K)] 5044K(9920K), 0.0005302 secs] [Times: user=0.00 sys=0.00, real=0.00 secs] 
5.084: [CMS-concurrent-mark-start]
5.084: [GC (Allocation Failure) 5.084: [ParNew: 0K->0K(3072K), 0.0003881 secs]5.085: [CMS5.094: [CMS-concurrent-mark: 0.002/0.010 secs] [Times: user=0.00 sys=0.00, real=0.01 secs] 
 (concurrent mode failure): 5044K->948K(6848K), 0.0120096 secs] 5044K->948K(9920K), [Metaspace: 3664K->3664K(1056768K)], 0.0124715 secs] [Times: user=0.00 sys=0.00, real=0.01 secs] 
5.097: [GC (Allocation Failure) 5.097: [ParNew: 0K->0K(3072K), 0.0003083 secs]5.097: [CMS: 5044K->948K(6848K), 0.0020997 secs] 5044K->948K(9920K), [Metaspace: 3664K->3664K(1056768K)], 0.0024764 secs] [Times: user=0.02 sys=0.00, real=0.00 secs] 
5.100: [GC (CMS Initial Mark) [1 CMS-initial-mark: 5044K(6848K)] 5044K(9920K), 0.0002397 secs] [Times: user=0.00 sys=0.00, real=0.00 secs] 
5.100: [CMS-concurrent-mark-start]
5.100: [GC (Allocation Failure) 5.100: [ParNew: 0K->0K(3072K), 0.0003275 secs]5.101: [CMS5.109: [CMS-concurrent-mark: 0.001/0.009 secs] [Times: user=0.00 sys=0.00, real=0.01 secs] 
 (concurrent mode failure): 5044K->948K(6848K), 0.0115988 secs] 5044K->948K(9920K), [Metaspace: 3664K->3664K(1056768K)], 0.0120038 secs] [Times: user=0.00 sys=0.00, real=0.01 secs] 
5.113: [GC (Allocation Failure) 5.113: [ParNew: 0K->0K(3072K), 0.0003214 secs]5.113: [CMS: 5044K->948K(6848K), 0.0021226 secs] 5044K->948K(9920K), [Metaspace: 3664K->3664K(1056768K)], 0.0025128 secs] [Times: user=0.01 sys=0.00, real=0.00 secs] 
5.116: [GC (CMS Initial Mark) [1 CMS-initial-mark: 5044K(6848K)] 5044K(9920K), 0.0000997 secs] [Times: user=0.00 sys=0.00, real=0.00 secs] 
5.116: [CMS-concurrent-mark-start]
5.116: [GC (Allocation Failure) 5.116: [ParNew: 0K->0K(3072K), 0.0002392 secs]5.116: [CMS5.125: [CMS-concurrent-mark: 0.001/0.009 secs] [Times: user=0.00 sys=0.00, real=0.01 secs] 
 (concurrent mode failure): 5044K->948K(6848K), 0.0114308 secs] 5044K->948K(9920K), [Metaspace: 3664K->3664K(1056768K)], 0.0117466 secs] [Times: user=0.00 sys=0.00, real=0.01 secs] 
5.128: [GC (Allocation Failure) 5.128: [ParNew: 0K->0K(3072K), 0.0002329 secs]5.128: [CMS: 5044K->948K(6848K), 0.0019792 secs] 5044K->948K(9920K), [Metaspace: 3664K->3664K(1056768K)], 0.0022783 secs] [Times: user=0.00 sys=0.00, real=0.00 secs] 
5.130: [GC (CMS Initial Mark) [1 CMS-initial-mark: 5044K(6848K)] 5044K(9920K), 0.0000752 secs] [Times: user=0.00 sys=0.00, real=0.00 secs] 
5.130: [CMS-concurrent-mark-start]
5.131: [GC (Allocation Failure) 5.131: [ParNew: 0K->0K(3072K), 0.0002889 secs]5.131: [CMS5.141: [CMS-concurrent-mark: 0.002/0.010 secs] [Times: user=0.00 sys=0.00, real=0.01 secs] 
 (concurrent mode failure): 5044K->948K(6848K), 0.0131980 secs] 5044K->948K(9920K), [Metaspace: 3664K->3664K(1056768K)], 0.0135502 secs] [Times: user=0.00 sys=0.00, real=0.01 secs] 
5.144: [GC (Allocation Failure) 5.144: [ParNew: 0K->0K(3072K), 0.0002587 secs]5.145: [CMS: 5044K->948K(6848K), 0.0021073 secs] 5044K->948K(9920K), [Metaspace: 3664K->3664K(1056768K)], 0.0024349 secs] [Times: user=0.02 sys=0.00, real=0.00 secs] 
5.147: [GC (CMS Initial Mark) [1 CMS-initial-mark: 5044K(6848K)] 5044K(9920K), 0.0001061 secs] [Times: user=0.00 sys=0.00, real=0.00 secs] 
5.147: [CMS-concurrent-mark-start]
5.147: [GC (Allocation Failure) 5.147: [ParNew: 0K->0K(3072K), 0.0002608 secs]5.148: [CMS5.156: [CMS-concurrent-mark: 0.001/0.009 secs] [Times: user=0.00 sys=0.00, real=0.01 secs] 
 (concurrent mode failure): 5044K->948K(6848K), 0.0105749 secs] 5044K->948K(9920K), [Metaspace: 3664K->3664K(1056768K)], 0.0109030 secs] [Times: user=0.00 sys=0.00, real=0.01 secs] 
5.159: [GC (Allocation Failure) 5.159: [ParNew: 0K->0K(3072K), 0.0002870 secs]5.159: [CMS: 5044K->948K(6848K), 0.0026780 secs] 5044K->948K(9920K), [Metaspace: 3664K->3664K(1056768K)], 0.0030555 secs] [Times: user=0.01 sys=0.00, real=0.00 secs] 
5.162: [GC (CMS Initial Mark) [1 CMS-initial-mark: 5044K(6848K)] 5044K(9920K), 0.0004184 secs] [Times: user=0.00 sys=0.00, real=0.00 secs] 
5.162: [CMS-concurrent-mark-start]
5.163: [GC (Allocation Failure) 5.163: [ParNew: 0K->0K(3072K), 0.0002910 secs]5.163: [CMS5.172: [CMS-concurrent-mark: 0.002/0.010 secs] [Times: user=0.00 sys=0.00, real=0.01 secs] 
 (concurrent mode failure): 5044K->948K(6848K), 0.0117777 secs] 5044K->948K(9920K), [Metaspace: 3664K->3664K(1056768K)], 0.0121543 secs] [Times: user=0.00 sys=0.00, real=0.01 secs] 
5.175: [GC (Allocation Failure) 5.175: [ParNew: 0K->0K(3072K), 0.0002398 secs]5.175: [CMS: 5044K->948K(6848K), 0.0024739 secs] 5044K->948K(9920K), [Metaspace: 3664K->3664K(1056768K)], 0.0028164 secs] [Times: user=0.02 sys=0.00, real=0.00 secs] 
5.178: [GC (CMS Initial Mark) [1 CMS-initial-mark: 5044K(6848K)] 5044K(9920K), 0.0001798 secs] [Times: user=0.00 sys=0.00, real=0.00 secs] 
5.178: [CMS-concurrent-mark-start]
5.179: [GC (Allocation Failure) 5.179: [ParNew: 0K->0K(3072K), 0.0002538 secs]5.179: [CMS5.189: [CMS-concurrent-mark: 0.002/0.010 secs] [Times: user=0.00 sys=0.00, real=0.01 secs] 
 (concurrent mode failure): 5044K->948K(6848K), 0.0121205 secs] 5044K->948K(9920K), [Metaspace: 3664K->3664K(1056768K)], 0.0124412 secs] [Times: user=0.00 sys=0.00, real=0.01 secs] 
5.191: [GC (Allocation Failure) 5.191: [ParNew: 0K->0K(3072K), 0.0002503 secs]5.192: [CMS: 5044K->948K(6848K), 0.0025687 secs] 5044K->948K(9920K), [Metaspace: 3664K->3664K(1056768K)], 0.0028943 secs] [Times: user=0.02 sys=0.00, real=0.00 secs] 
5.194: [GC (CMS Initial Mark) [1 CMS-initial-mark: 5044K(6848K)] 5044K(9920K), 0.0002050 secs] [Times: user=0.00 sys=0.00, real=0.00 secs] 
5.195: [CMS-concurrent-mark-start]
5.195: [GC (Allocation Failure) 5.195: [ParNew: 0K->0K(3072K), 0.0003095 secs]5.195: [CMS5.204: [CMS-concurrent-mark: 0.002/0.009 secs] [Times: user=0.00 sys=0.00, real=0.01 secs] 
 (concurrent mode failure): 5044K->948K(6848K), 0.0109700 secs] 5044K->948K(9920K), [Metaspace: 3664K->3664K(1056768K)], 0.0113445 secs] [Times: user=0.00 sys=0.00, real=0.01 secs] 
5.207: [GC (Allocation Failure) 5.207: [ParNew: 0K->0K(3072K), 0.0003161 secs]5.207: [CMS: 5044K->948K(6848K), 0.0020979 secs] 5044K->948K(9920K), [Metaspace: 3664K->3664K(1056768K)], 0.0024910 secs] [Times: user=0.02 sys=0.00, real=0.00 secs] 
5.209: [GC (CMS Initial Mark) [1 CMS-initial-mark: 5044K(6848K)] 5044K(9920K), 0.0003457 secs] [Times: user=0.00 sys=0.00, real=0.00 secs] 
5.210: [CMS-concurrent-mark-start]
5.210: [GC (Allocation Failure) 5.210: [ParNew: 0K->0K(3072K), 0.0002322 secs]5.210: [CMS5.220: [CMS-concurrent-mark: 0.002/0.010 secs] [Times: user=0.00 sys=0.00, real=0.01 secs] 
 (concurrent mode failure): 5044K->948K(6848K), 0.0121552 secs] 5044K->948K(9920K), [Metaspace: 3664K->3664K(1056768K)], 0.0124595 secs] [Times: user=0.00 sys=0.00, real=0.01 secs] 
5.223: [GC (Allocation Failure) 5.223: [ParNew: 0K->0K(3072K), 0.0002836 secs]5.223: [CMS: 5044K->948K(6848K), 0.0020660 secs] 5044K->948K(9920K), [Metaspace: 3664K->3664K(1056768K)], 0.0024264 secs] [Times: user=0.02 sys=0.00, real=0.00 secs] 
5.226: [GC (CMS Initial Mark) [1 CMS-initial-mark: 5044K(6848K)] 5044K(9920K), 0.0002211 secs] [Times: user=0.00 sys=0.00, real=0.00 secs] 
5.226: [CMS-concurrent-mark-start]
5.226: [GC (Allocation Failure) 5.226: [ParNew: 0K->0K(3072K), 0.0002361 secs]5.226: [CMS5.235: [CMS-concurrent-mark: 0.002/0.009 secs] [Times: user=0.00 sys=0.00, real=0.01 secs] 
 (concurrent mode failure): 5044K->948K(6848K), 0.0115282 secs] 5044K->948K(9920K), [Metaspace: 3664K->3664K(1056768K)], 0.0118606 secs] [Times: user=0.00 sys=0.00, real=0.01 secs] 
5.238: [GC (Allocation Failure) 5.238: [ParNew: 0K->0K(3072K), 0.0005188 secs]5.239: [CMS: 5044K->948K(6848K), 0.0020190 secs] 5044K->948K(9920K), [Metaspace: 3664K->3664K(1056768K)], 0.0026199 secs] [Times: user=0.02 sys=0.00, real=0.00 secs] 
5.241: [GC (CMS Initial Mark) [1 CMS-initial-mark: 5044K(6848K)] 5044K(9920K), 0.0003354 secs] [Times: user=0.00 sys=0.00, real=0.00 secs] 
5.241: [CMS-concurrent-mark-start]
5.242: [GC (Allocation Failure) 5.242: [ParNew: 0K->0K(3072K), 0.0003344 secs]5.242: [CMS5.251: [CMS-concurrent-mark: 0.002/0.009 secs] [Times: user=0.00 sys=0.00, real=0.01 secs] 
 (concurrent mode failure): 5044K->948K(6848K), 0.0109811 secs] 5044K->948K(9920K), [Metaspace: 3664K->3664K(1056768K)], 0.0113856 secs] [Times: user=0.00 sys=0.00, real=0.01 secs] 
5.253: [GC (Allocation Failure) 5.253: [ParNew: 0K->0K(3072K), 0.0003124 secs]5.254: [CMS: 5044K->948K(6848K), 0.0019167 secs] 5044K->948K(9920K), [Metaspace: 3664K->3664K(1056768K)], 0.0022962 secs] [Times: user=0.01 sys=0.00, real=0.00 secs] 
5.256: [GC (CMS Initial Mark) [1 CMS-initial-mark: 5044K(6848K)] 5044K(9920K), 0.0001596 secs] [Times: user=0.00 sys=0.00, real=0.00 secs] 
5.256: [CMS-concurrent-mark-start]
5.256: [GC (Allocation Failure) 5.256: [ParNew: 0K->0K(3072K), 0.0002940 secs]5.257: [CMS5.266: [CMS-concurrent-mark: 0.002/0.010 secs] [Times: user=0.00 sys=0.00, real=0.01 secs] 
 (concurrent mode failure): 5044K->948K(6848K), 0.0122106 secs] 5044K->948K(9920K), [Metaspace: 3664K->3664K(1056768K)], 0.0125782 secs] [Times: user=0.00 sys=0.00, real=0.01 secs] 
5.269: [GC (Allocation Failure) 5.269: [ParNew: 0K->0K(3072K), 0.0002253 secs]5.269: [CMS: 5044K->948K(6848K), 0.0020053 secs] 5044K->948K(9920K), [Metaspace: 3664K->3664K(1056768K)], 0.0023063 secs] [Times: user=0.02 sys=0.00, real=0.00 secs] 
5.272: [GC (CMS Initial Mark) [1 CMS-initial-mark: 5044K(6848K)] 5044K(9920K), 0.0001701 secs] [Times: user=0.00 sys=0.00, real=0.00 secs] 
5.272: [CMS-concurrent-mark-start]
5.272: [GC (Allocation Failure) 5.272: [ParNew: 0K->0K(3072K), 0.0002712 secs]5.272: [CMS5.282: [CMS-concurrent-mark: 0.002/0.010 secs] [Times: user=0.00 sys=0.00, real=0.01 secs] 
 (concurrent mode failure): 5044K->948K(6848K), 0.0116777 secs] 5044K->948K(9920K), [Metaspace: 3664K->3664K(1056768K)], 0.0120161 secs] [Times: user=0.00 sys=0.00, real=0.01 secs] 
5.284: [GC (Allocation Failure) 5.284: [ParNew: 0K->0K(3072K), 0.0002212 secs]5.285: [CMS: 5044K->948K(6848K), 0.0019285 secs] 5044K->948K(9920K), [Metaspace: 3664K->3664K(1056768K)], 0.0022134 secs] [Times: user=0.01 sys=0.00, real=0.00 secs] 
5.287: [GC (CMS Initial Mark) [1 CMS-initial-mark: 5044K(6848K)] 5044K(9920K), 0.0000689 secs] [Times: user=0.00 sys=0.00, real=0.00 secs] 
5.287: [CMS-concurrent-mark-start]
5.287: [GC (Allocation Failure) 5.287: [ParNew: 0K->0K(3072K), 0.0001782 secs]5.287: [CMS5.298: [CMS-concurrent-mark: 0.001/0.011 secs] [Times: user=0.00 sys=0.00, real=0.01 secs] 
 (concurrent mode failure): 5044K->948K(6848K), 0.0126095 secs] 5044K->948K(9920K), [Metaspace: 3664K->3664K(1056768K)], 0.0128518 secs] [Times: user=0.00 sys=0.00, real=0.01 secs] 
5.300: [GC (Allocation Failure) 5.300: [ParNew: 0K->0K(3072K), 0.0002654 secs]5.301: [CMS: 5044K->948K(6848K), 0.0023429 secs] 5044K->948K(9920K), [Metaspace: 3664K->3664K(1056768K)], 0.0026923 secs] [Times: user=0.02 sys=0.00, real=0.00 secs] 
5.303: [GC (CMS Initial Mark) [1 CMS-initial-mark: 5044K(6848K)] 5044K(9920K), 0.0001374 secs] [Times: user=0.00 sys=0.00, real=0.00 secs] 
5.304: [CMS-concurrent-mark-start]
5.304: [GC (Allocation Failure) 5.304: [ParNew: 0K->0K(3072K), 0.0002624 secs]5.304: [CMS5.313: [CMS-concurrent-mark: 0.002/0.009 secs] [Times: user=0.00 sys=0.00, real=0.01 secs] 
 (concurrent mode failure): 5044K->948K(6848K), 0.0110669 secs] 5044K->948K(9920K), [Metaspace: 3664K->3664K(1056768K)], 0.0114165 secs] [Times: user=0.00 sys=0.00, real=0.01 secs] 
5.315: [GC (Allocation Failure) 5.315: [ParNew: 0K->0K(3072K), 0.0002428 secs]5.316: [CMS: 5044K->948K(6848K), 0.0020904 secs] 5044K->948K(9920K), [Metaspace: 3664K->3664K(1056768K)], 0.0024043 secs] [Times: user=0.02 sys=0.00, real=0.00 secs] 
5.318: [GC (CMS Initial Mark) [1 CMS-initial-mark: 5044K(6848K)] 5044K(9920K), 0.0000925 secs] [Times: user=0.00 sys=0.00, real=0.00 secs] 
5.318: [CMS-concurrent-mark-start]
5.318: [GC (Allocation Failure) 5.318: [ParNew: 0K->0K(3072K), 0.0002213 secs]5.319: [CMS5.328: [CMS-concurrent-mark: 0.002/0.009 secs] [Times: user=0.00 sys=0.00, real=0.01 secs] 
 (concurrent mode failure): 5044K->948K(6848K), 0.0118106 secs] 5044K->948K(9920K), [Metaspace: 3664K->3664K(1056768K)], 0.0121225 secs] [Times: user=0.00 sys=0.00, real=0.01 secs] 
5.331: [GC (Allocation Failure) 5.331: [ParNew: 0K->0K(3072K), 0.0002201 secs]5.331: [CMS: 5044K->948K(6848K), 0.0031841 secs] 5044K->948K(9920K), [Metaspace: 3664K->3664K(1056768K)], 0.0034983 secs] [Times: user=0.02 sys=0.00, real=0.00 secs] 
5.335: [GC (CMS Initial Mark) [1 CMS-initial-mark: 5044K(6848K)] 5044K(9920K), 0.0001202 secs] [Times: user=0.00 sys=0.00, real=0.00 secs] 
5.335: [CMS-concurrent-mark-start]
5.335: [GC (Allocation Failure) 5.335: [ParNew: 0K->0K(3072K), 0.0002908 secs]5.335: [CMS5.343: [CMS-concurrent-mark: 0.002/0.008 secs] [Times: user=0.00 sys=0.00, real=0.01 secs] 
 (concurrent mode failure): 5044K->948K(6848K), 0.0111575 secs] 5044K->948K(9920K), [Metaspace: 3664K->3664K(1056768K)], 0.0115242 secs] [Times: user=0.00 sys=0.00, real=0.01 secs] 
5.347: [GC (Allocation Failure) 5.347: [ParNew: 0K->0K(3072K), 0.0002513 secs]5.347: [CMS: 5044K->948K(6848K), 0.0023974 secs] 5044K->948K(9920K), [Metaspace: 3664K->3664K(1056768K)], 0.0027363 secs] [Times: user=0.02 sys=0.00, real=0.00 secs] 
5.350: [GC (CMS Initial Mark) [1 CMS-initial-mark: 5044K(6848K)] 5044K(9920K), 0.0001307 secs] [Times: user=0.00 sys=0.00, real=0.00 secs] 
5.350: [CMS-concurrent-mark-start]
5.350: [GC (Allocation Failure) 5.350: [ParNew: 0K->0K(3072K), 0.0002272 secs]5.350: [CMS5.359: [CMS-concurrent-mark: 0.001/0.009 secs] [Times: user=0.00 sys=0.00, real=0.01 secs] 
 (concurrent mode failure): 5044K->948K(6848K), 0.0115315 secs] 5044K->948K(9920K), [Metaspace: 3664K->3664K(1056768K)], 0.0118407 secs] [Times: user=0.00 sys=0.00, real=0.01 secs] 
5.362: [GC (Allocation Failure) 5.362: [ParNew: 0K->0K(3072K), 0.0002635 secs]5.363: [CMS: 5044K->948K(6848K), 0.0021629 secs] 5044K->948K(9920K), [Metaspace: 3664K->3664K(1056768K)], 0.0025080 secs] [Times: user=0.02 sys=0.00, real=0.00 secs] 
5.365: [GC (CMS Initial Mark) [1 CMS-initial-mark: 5044K(6848K)] 5044K(9920K), 0.0001145 secs] [Times: user=0.00 sys=0.00, real=0.00 secs] 
5.365: [CMS-concurrent-mark-start]
5.365: [GC (Allocation Failure) 5.365: [ParNew: 0K->0K(3072K), 0.0002072 secs]5.366: [CMS5.374: [CMS-concurrent-mark: 0.002/0.009 secs] [Times: user=0.00 sys=0.00, real=0.01 secs] 
 (concurrent mode failure): 5044K->948K(6848K), 0.0119782 secs] 5044K->948K(9920K), [Metaspace: 3664K->3664K(1056768K)], 0.0122546 secs] [Times: user=0.00 sys=0.00, real=0.01 secs] 
5.378: [GC (Allocation Failure) 5.378: [ParNew: 0K->0K(3072K), 0.0002593 secs]5.378: [CMS: 5044K->948K(6848K), 0.0025144 secs] 5044K->948K(9920K), [Metaspace: 3664K->3664K(1056768K)], 0.0028599 secs] [Times: user=0.01 sys=0.00, real=0.00 secs] 
5.381: [GC (CMS Initial Mark) [1 CMS-initial-mark: 5044K(6848K)] 5044K(9920K), 0.0001398 secs] [Times: user=0.00 sys=0.00, real=0.00 secs] 
5.382: [CMS-concurrent-mark-start]
5.382: [GC (Allocation Failure) 5.382: [ParNew: 0K->0K(3072K), 0.0002200 secs]5.382: [CMS5.389: [CMS-concurrent-mark: 0.001/0.008 secs] [Times: user=0.00 sys=0.00, real=0.01 secs] 
 (concurrent mode failure): 5044K->948K(6848K), 0.0097546 secs] 5044K->948K(9920K), [Metaspace: 3664K->3664K(1056768K)], 0.0100702 secs] [Times: user=0.00 sys=0.00, real=0.01 secs] 
5.392: [GC (Allocation Failure) 5.392: [ParNew: 0K->0K(3072K), 0.0002559 secs]5.392: [CMS: 5044K->948K(6848K), 0.0023631 secs] 5044K->948K(9920K), [Metaspace: 3664K->3664K(1056768K)], 0.0027035 secs] [Times: user=0.00 sys=0.00, real=0.00 secs] 
5.395: [GC (CMS Initial Mark) [1 CMS-initial-mark: 5044K(6848K)] 5044K(9920K), 0.0001094 secs] [Times: user=0.00 sys=0.00, real=0.00 secs] 
5.395: [CMS-concurrent-mark-start]
5.395: [GC (Allocation Failure) 5.395: [ParNew: 0K->0K(3072K), 0.0002022 secs]5.396: [CMS5.405: [CMS-concurrent-mark: 0.002/0.010 secs] [Times: user=0.00 sys=0.00, real=0.01 secs] 
 (concurrent mode failure): 5044K->948K(6848K), 0.0121825 secs] 5044K->948K(9920K), [Metaspace: 3664K->3664K(1056768K)], 0.0124572 secs] [Times: user=0.00 sys=0.00, real=0.01 secs] 
5.408: [GC (Allocation Failure) 5.408: [ParNew: 0K->0K(3072K), 0.0002985 secs]5.408: [CMS: 5044K->948K(6848K), 0.0029333 secs] 5044K->948K(9920K), [Metaspace: 3664K->3664K(1056768K)], 0.0033111 secs] [Times: user=0.02 sys=0.00, real=0.00 secs] 
5.412: [GC (CMS Initial Mark) [1 CMS-initial-mark: 5044K(6848K)] 5044K(9920K), 0.0001128 secs] [Times: user=0.00 sys=0.00, real=0.00 secs] 
5.412: [CMS-concurrent-mark-start]
5.412: [GC (Allocation Failure) 5.412: [ParNew: 0K->0K(3072K), 0.0002231 secs]5.412: [CMS5.420: [CMS-concurrent-mark: 0.001/0.008 secs] [Times: user=0.00 sys=0.00, real=0.01 secs] 
 (concurrent mode failure): 5044K->948K(6848K), 0.0101365 secs] 5044K->948K(9920K), [Metaspace: 3664K->3664K(1056768K)], 0.0104330 secs] [Times: user=0.00 sys=0.00, real=0.01 secs] 
5.423: [GC (Allocation Failure) 5.423: [ParNew: 0K->0K(3072K), 0.0002272 secs]5.423: [CMS: 5044K->948K(6848K), 0.0020381 secs] 5044K->948K(9920K), [Metaspace: 3664K->3664K(1056768K)], 0.0023472 secs] [Times: user=0.00 sys=0.00, real=0.00 secs] 
5.425: [GC (CMS Initial Mark) [1 CMS-initial-mark: 5044K(6848K)] 5044K(9920K), 0.0000977 secs] [Times: user=0.00 sys=0.00, real=0.00 secs] 
5.425: [CMS-concurrent-mark-start]
5.426: [GC (Allocation Failure) 5.426: [ParNew: 0K->0K(3072K), 0.0002429 secs]5.426: [CMS5.436: [CMS-concurrent-mark: 0.001/0.010 secs] [Times: user=0.00 sys=0.00, real=0.01 secs] 
 (concurrent mode failure): 5044K->948K(6848K), 0.0120463 secs] 5044K->948K(9920K), [Metaspace: 3664K->3664K(1056768K)], 0.0123565 secs] [Times: user=0.00 sys=0.00, real=0.01 secs] 
5.438: [GC (Allocation Failure) 5.438: [ParNew: 0K->0K(3072K), 0.0002147 secs]5.439: [CMS: 5044K->948K(6848K), 0.0019895 secs] 5044K->948K(9920K), [Metaspace: 3664K->3664K(1056768K)], 0.0022727 secs] [Times: user=0.00 sys=0.00, real=0.00 secs] 
5.441: [GC (CMS Initial Mark) [1 CMS-initial-mark: 5044K(6848K)] 5044K(9920K), 0.0000908 secs] [Times: user=0.00 sys=0.00, real=0.00 secs] 
5.441: [CMS-concurrent-mark-start]
5.441: [GC (Allocation Failure) 5.441: [ParNew: 0K->0K(3072K), 0.0002130 secs]5.441: [CMS5.451: [CMS-concurrent-mark: 0.001/0.010 secs] [Times: user=0.00 sys=0.00, real=0.01 secs] 
 (concurrent mode failure): 5044K->948K(6848K), 0.0129543 secs] 5044K->948K(9920K), [Metaspace: 3664K->3664K(1056768K)], 0.0132740 secs] [Times: user=0.00 sys=0.00, real=0.01 secs] 
5.455: [GC (Allocation Failure) 5.455: [ParNew: 0K->0K(3072K), 0.0003000 secs]5.455: [CMS: 5044K->948K(6848K), 0.0031586 secs] 5044K->948K(9920K), [Metaspace: 3664K->3664K(1056768K)], 0.0036235 secs] [Times: user=0.01 sys=0.00, real=0.00 secs] 
5.459: [GC (CMS Initial Mark) [1 CMS-initial-mark: 5044K(6848K)] 5044K(9920K), 0.0002722 secs] [Times: user=0.00 sys=0.00, real=0.00 secs] 
5.459: [CMS-concurrent-mark-start]
5.459: [GC (Allocation Failure) 5.459: [ParNew: 0K->0K(3072K), 0.0005630 secs]5.460: [CMS5.468: [CMS-concurrent-mark: 0.002/0.009 secs] [Times: user=0.00 sys=0.00, real=0.01 secs] 
 (concurrent mode failure): 5044K->948K(6848K), 0.0110153 secs] 5044K->948K(9920K), [Metaspace: 3664K->3664K(1056768K)], 0.0117559 secs] [Times: user=0.00 sys=0.00, real=0.01 secs] 
5.471: [GC (Allocation Failure) 5.471: [ParNew: 0K->0K(3072K), 0.0002485 secs]5.472: [CMS: 5044K->948K(6848K), 0.0025799 secs] 5044K->948K(9920K), [Metaspace: 3664K->3664K(1056768K)], 0.0029238 secs] [Times: user=0.02 sys=0.00, real=0.00 secs] 
5.475: [GC (CMS Initial Mark) [1 CMS-initial-mark: 5044K(6848K)] 5044K(9920K), 0.0001102 secs] [Times: user=0.00 sys=0.00, real=0.00 secs] 
5.475: [CMS-concurrent-mark-start]
5.475: [GC (Allocation Failure) 5.475: [ParNew: 0K->0K(3072K), 0.0003305 secs]5.475: [CMS5.483: [CMS-concurrent-mark: 0.002/0.008 secs] [Times: user=0.00 sys=0.00, real=0.01 secs] 
 (concurrent mode failure): 5044K->948K(6848K), 0.0099102 secs] 5044K->948K(9920K), [Metaspace: 3664K->3664K(1056768K)], 0.0103517 secs] [Times: user=0.00 sys=0.00, real=0.01 secs] 
5.486: [GC (Allocation Failure) 5.486: [ParNew: 0K->0K(3072K), 0.0002397 secs]5.486: [CMS: 5044K->948K(6848K), 0.0025357 secs] 5044K->948K(9920K), [Metaspace: 3664K->3664K(1056768K)], 0.0028772 secs] [Times: user=0.00 sys=0.00, real=0.00 secs] 
5.489: [GC (CMS Initial Mark) [1 CMS-initial-mark: 5044K(6848K)] 5044K(9920K), 0.0001331 secs] [Times: user=0.00 sys=0.00, real=0.00 secs] 
5.489: [CMS-concurrent-mark-start]
5.489: [GC (Allocation Failure) 5.489: [ParNew: 0K->0K(3072K), 0.0002211 secs]5.489: [CMS5.498: [CMS-concurrent-mark: 0.001/0.009 secs] [Times: user=0.00 sys=0.03, real=0.01 secs] 
 (concurrent mode failure): 5044K->948K(6848K), 0.0113063 secs] 5044K->948K(9920K), [Metaspace: 3664K->3664K(1056768K)], 0.0115994 secs] [Times: user=0.00 sys=0.00, real=0.01 secs] 
5.501: [GC (Allocation Failure) 5.501: [ParNew: 0K->0K(3072K), 0.0002711 secs]5.501: [CMS: 5044K->948K(6848K), 0.0022566 secs] 5044K->948K(9920K), [Metaspace: 3664K->3664K(1056768K)], 0.0026017 secs] [Times: user=0.00 sys=0.00, real=0.00 secs] 
5.504: [GC (CMS Initial Mark) [1 CMS-initial-mark: 5044K(6848K)] 5044K(9920K), 0.0000983 secs] [Times: user=0.00 sys=0.00, real=0.00 secs] 
5.504: [CMS-concurrent-mark-start]
5.504: [GC (Allocation Failure) 5.504: [ParNew: 0K->0K(3072K), 0.0002622 secs]5.504: [CMS5.513: [CMS-concurrent-mark: 0.001/0.009 secs] [Times: user=0.00 sys=0.00, real=0.01 secs] 
 (concurrent mode failure): 5044K->948K(6848K), 0.0111500 secs] 5044K->948K(9920K), [Metaspace: 3664K->3664K(1056768K)], 0.0114999 secs] [Times: user=0.00 sys=0.00, real=0.01 secs] 
5.516: [GC (Allocation Failure) 5.516: [ParNew: 0K->0K(3072K), 0.0002810 secs]5.516: [CMS: 5044K->948K(6848K), 0.0025391 secs] 5044K->948K(9920K), [Metaspace: 3664K->3664K(1056768K)], 0.0029039 secs] [Times: user=0.00 sys=0.00, real=0.00 secs] 
5.519: [GC (CMS Initial Mark) [1 CMS-initial-mark: 5044K(6848K)] 5044K(9920K), 0.0001036 secs] [Times: user=0.00 sys=0.00, real=0.00 secs] 
5.519: [CMS-concurrent-mark-start]
5.519: [GC (Allocation Failure) 5.519: [ParNew: 0K->0K(3072K), 0.0002433 secs]5.520: [CMS5.528: [CMS-concurrent-mark: 0.002/0.009 secs] [Times: user=0.00 sys=0.00, real=0.01 secs] 
 (concurrent mode failure): 5044K->948K(6848K), 0.0108517 secs] 5044K->948K(9920K), [Metaspace: 3664K->3664K(1056768K)], 0.0111799 secs] [Times: user=0.00 sys=0.00, real=0.01 secs] 
5.531: [GC (Allocation Failure) 5.531: [ParNew: 0K->0K(3072K), 0.0002371 secs]5.531: [CMS: 5044K->948K(6848K), 0.0023088 secs] 5044K->948K(9920K), [Metaspace: 3664K->3664K(1056768K)], 0.0026424 secs] [Times: user=0.00 sys=0.00, real=0.00 secs] 
5.534: [GC (CMS Initial Mark) [1 CMS-initial-mark: 5044K(6848K)] 5044K(9920K), 0.0001412 secs] [Times: user=0.00 sys=0.00, real=0.00 secs] 
5.534: [CMS-concurrent-mark-start]
5.534: [GC (Allocation Failure) 5.534: [ParNew: 0K->0K(3072K), 0.0002502 secs]5.534: [CMS5.543: [CMS-concurrent-mark: 0.002/0.009 secs] [Times: user=0.00 sys=0.00, real=0.01 secs] 
 (concurrent mode failure): 5044K->948K(6848K), 0.0120897 secs] 5044K->948K(9920K), [Metaspace: 3664K->3664K(1056768K)], 0.0124196 secs] [Times: user=0.00 sys=0.00, real=0.01 secs] 
5.547: [GC (Allocation Failure) 5.547: [ParNew: 0K->0K(3072K), 0.0002773 secs]5.547: [CMS: 5044K->948K(6848K), 0.0024335 secs] 5044K->948K(9920K), [Metaspace: 3664K->3664K(1056768K)], 0.0027900 secs] [Times: user=0.00 sys=0.00, real=0.00 secs] 
5.550: [GC (CMS Initial Mark) [1 CMS-initial-mark: 5044K(6848K)] 5044K(9920K), 0.0001020 secs] [Times: user=0.00 sys=0.00, real=0.00 secs] 
5.550: [CMS-concurrent-mark-start]
5.550: [GC (Allocation Failure) 5.550: [ParNew: 0K->0K(3072K), 0.0002294 secs]5.551: [CMS5.559: [CMS-concurrent-mark: 0.002/0.008 secs] [Times: user=0.00 sys=0.00, real=0.01 secs] 
 (concurrent mode failure): 5044K->948K(6848K), 0.0106409 secs] 5044K->948K(9920K), [Metaspace: 3664K->3664K(1056768K)], 0.0109523 secs] [Times: user=0.00 sys=0.00, real=0.01 secs] 
5.562: [GC (Allocation Failure) 5.562: [ParNew: 0K->0K(3072K), 0.0002220 secs]5.562: [CMS: 5044K->948K(6848K), 0.0021106 secs] 5044K->948K(9920K), [Metaspace: 3664K->3664K(1056768K)], 0.0024103 secs] [Times: user=0.00 sys=0.00, real=0.00 secs] 
5.564: [GC (CMS Initial Mark) [1 CMS-initial-mark: 5044K(6848K)] 5044K(9920K), 0.0000853 secs] [Times: user=0.00 sys=0.00, real=0.00 secs] 
5.564: [CMS-concurrent-mark-start]
5.564: [GC (Allocation Failure) 5.565: [ParNew: 0K->0K(3072K), 0.0002134 secs]5.565: [CMS5.574: [CMS-concurrent-mark: 0.001/0.009 secs] [Times: user=0.00 sys=0.00, real=0.01 secs] 
 (concurrent mode failure): 5044K->948K(6848K), 0.0129361 secs] 5044K->948K(9920K), [Metaspace: 3664K->3664K(1056768K)], 0.0132191 secs] [Times: user=0.00 sys=0.00, real=0.01 secs] 
5.578: [GC (Allocation Failure) 5.578: [ParNew: 0K->0K(3072K), 0.0002608 secs]5.578: [CMS: 5044K->948K(6848K), 0.0021892 secs] 5044K->948K(9920K), [Metaspace: 3664K->3664K(1056768K)], 0.0025286 secs] [Times: user=0.00 sys=0.00, real=0.00 secs] 
5.581: [GC (CMS Initial Mark) [1 CMS-initial-mark: 5044K(6848K)] 5044K(9920K), 0.0001068 secs] [Times: user=0.00 sys=0.00, real=0.00 secs] 
5.581: [CMS-concurrent-mark-start]
5.581: [GC (Allocation Failure) 5.581: [ParNew: 0K->0K(3072K), 0.0002507 secs]5.581: [CMS5.590: [CMS-concurrent-mark: 0.001/0.009 secs] [Times: user=0.00 sys=0.00, real=0.01 secs] 
 (concurrent mode failure): 5044K->948K(6848K), 0.0114763 secs] 5044K->948K(9920K), [Metaspace: 3664K->3664K(1056768K)], 0.0118145 secs] [Times: user=0.00 sys=0.00, real=0.01 secs] 
5.593: [GC (Allocation Failure) 5.593: [ParNew: 0K->0K(3072K), 0.0002638 secs]5.594: [CMS: 5044K->948K(6848K), 0.0027048 secs] 5044K->948K(9920K), [Metaspace: 3664K->3664K(1056768K)], 0.0030556 secs] [Times: user=0.00 sys=0.00, real=0.00 secs] 
5.597: [GC (CMS Initial Mark) [1 CMS-initial-mark: 5044K(6848K)] 5044K(9920K), 0.0001191 secs] [Times: user=0.00 sys=0.00, real=0.00 secs] 
5.597: [CMS-concurrent-mark-start]
5.597: [GC (Allocation Failure) 5.597: [ParNew: 0K->0K(3072K), 0.0002596 secs]5.597: [CMS5.606: [CMS-concurrent-mark: 0.001/0.009 secs] [Times: user=0.00 sys=0.00, real=0.01 secs] 
 (concurrent mode failure): 5044K->948K(6848K), 0.0114817 secs] 5044K->948K(9920K), [Metaspace: 3664K->3664K(1056768K)], 0.0118504 secs] [Times: user=0.00 sys=0.00, real=0.01 secs] 
5.610: [GC (Allocation Failure) 5.610: [ParNew: 0K->0K(3072K), 0.0003721 secs]5.610: [CMS: 5044K->948K(6848K), 0.0030555 secs] 5044K->948K(9920K), [Metaspace: 3664K->3664K(1056768K)], 0.0035588 secs] [Times: user=0.00 sys=0.00, real=0.00 secs] 
5.614: [GC (CMS Initial Mark) [1 CMS-initial-mark: 5044K(6848K)] 5044K(9920K), 0.0001256 secs] [Times: user=0.00 sys=0.00, real=0.00 secs] 
5.614: [CMS-concurrent-mark-start]
5.614: [GC (Allocation Failure) 5.614: [ParNew: 0K->0K(3072K), 0.0002666 secs]5.614: [CMS5.622: [CMS-concurrent-mark: 0.002/0.008 secs] [Times: user=0.00 sys=0.00, real=0.01 secs] 
 (concurrent mode failure): 5044K->948K(6848K), 0.0102641 secs] 5044K->948K(9920K), [Metaspace: 3664K->3664K(1056768K)], 0.0106211 secs] [Times: user=0.00 sys=0.00, real=0.01 secs] 
5.625: [GC (Allocation Failure) 5.625: [ParNew: 0K->0K(3072K), 0.0003013 secs]5.625: [CMS: 5044K->948K(6848K), 0.0034495 secs] 5044K->948K(9920K), [Metaspace: 3664K->3664K(1056768K)], 0.0038524 secs] [Times: user=0.00 sys=0.00, real=0.00 secs] 
5.629: [GC (CMS Initial Mark) [1 CMS-initial-mark: 5044K(6848K)] 5044K(9920K), 0.0001092 secs] [Times: user=0.00 sys=0.00, real=0.00 secs] 
5.629: [CMS-concurrent-mark-start]
5.629: [GC (Allocation Failure) 5.629: [ParNew: 0K->0K(3072K), 0.0002380 secs]5.629: [CMS5.637: [CMS-concurrent-mark: 0.002/0.008 secs] [Times: user=0.00 sys=0.00, real=0.01 secs] 
 (concurrent mode failure): 5044K->948K(6848K), 0.0112690 secs] 5044K->948K(9920K), [Metaspace: 3664K->3664K(1056768K)], 0.0115921 secs] [Times: user=0.00 sys=0.00, real=0.01 secs] 
5.641: [GC (Allocation Failure) 5.641: [ParNew: 0K->0K(3072K), 0.0002789 secs]5.641: [CMS: 5044K->948K(6848K), 0.0032374 secs] 5044K->948K(9920K), [Metaspace: 3664K->3664K(1056768K)], 0.0036121 secs] [Times: user=0.00 sys=0.00, real=0.00 secs] 
5.645: [GC (CMS Initial Mark) [1 CMS-initial-mark: 5044K(6848K)] 5044K(9920K), 0.0001447 secs] [Times: user=0.00 sys=0.00, real=0.00 secs] 
5.645: [CMS-concurrent-mark-start]
5.645: [GC (Allocation Failure) 5.645: [ParNew: 0K->0K(3072K), 0.0002659 secs]5.646: [CMS5.653: [CMS-concurrent-mark: 0.002/0.007 secs] [Times: user=0.00 sys=0.00, real=0.01 secs] 
 (concurrent mode failure): 5044K->948K(6848K), 0.0100154 secs] 5044K->948K(9920K), [Metaspace: 3664K->3664K(1056768K)], 0.0103593 secs] [Times: user=0.00 sys=0.00, real=0.01 secs] 
5.656: [GC (Allocation Failure) 5.656: [ParNew: 0K->0K(3072K), 0.0002704 secs]5.656: [CMS: 5044K->948K(6848K), 0.0029367 secs] 5044K->948K(9920K), [Metaspace: 3664K->3664K(1056768K)], 0.0033024 secs] [Times: user=0.00 sys=0.00, real=0.00 secs] 
5.660: [GC (CMS Initial Mark) [1 CMS-initial-mark: 5044K(6848K)] 5044K(9920K), 0.0002792 secs] [Times: user=0.00 sys=0.00, real=0.00 secs] 
5.660: [CMS-concurrent-mark-start]
5.660: [GC (Allocation Failure) 5.660: [ParNew: 0K->0K(3072K), 0.0002665 secs]5.660: [CMS5.669: [CMS-concurrent-mark: 0.002/0.009 secs] [Times: user=0.00 sys=0.00, real=0.01 secs] 
 (concurrent mode failure): 5044K->948K(6848K), 0.0112004 secs] 5044K->948K(9920K), [Metaspace: 3664K->3664K(1056768K)], 0.0115740 secs] [Times: user=0.00 sys=0.00, real=0.01 secs] 
5.672: [GC (Allocation Failure) 5.672: [ParNew: 0K->0K(3072K), 0.0002611 secs]5.672: [CMS: 5044K->948K(6848K), 0.0033662 secs] 5044K->948K(9920K), [Metaspace: 3664K->3664K(1056768K)], 0.0037485 secs] [Times: user=0.00 sys=0.00, real=0.00 secs] 
5.677: [GC (CMS Initial Mark) [1 CMS-initial-mark: 5044K(6848K)] 5044K(9920K), 0.0002844 secs] [Times: user=0.02 sys=0.00, real=0.00 secs] 
5.677: [CMS-concurrent-mark-start]
5.677: [GC (Allocation Failure) 5.677: [ParNew: 0K->0K(3072K), 0.0003115 secs]5.677: [CMS5.685: [CMS-concurrent-mark: 0.002/0.008 secs] [Times: user=0.00 sys=0.00, real=0.01 secs] 
 (concurrent mode failure): 5044K->948K(6848K), 0.0099185 secs] 5044K->948K(9920K), [Metaspace: 3664K->3664K(1056768K)], 0.0103210 secs] [Times: user=0.00 sys=0.00, real=0.01 secs] 
5.688: [GC (Allocation Failure) 5.688: [ParNew: 0K->0K(3072K), 0.0002483 secs]5.688: [CMS: 5044K->948K(6848K), 0.0024368 secs] 5044K->948K(9920K), [Metaspace: 3664K->3664K(1056768K)], 0.0027780 secs] [Times: user=0.00 sys=0.00, real=0.00 secs] 
5.691: [GC (CMS Initial Mark) [1 CMS-initial-mark: 5044K(6848K)] 5044K(9920K), 0.0001668 secs] [Times: user=0.00 sys=0.00, real=0.00 secs] 
5.691: [CMS-concurrent-mark-start]
5.691: [GC (Allocation Failure) 5.691: [ParNew: 0K->0K(3072K), 0.0003059 secs]5.692: [CMS5.701: [CMS-concurrent-mark: 0.002/0.010 secs] [Times: user=0.00 sys=0.00, real=0.01 secs] 
 (concurrent mode failure): 5044K->948K(6848K), 0.0127705 secs] 5044K->948K(9920K), [Metaspace: 3664K->3664K(1056768K)], 0.0132010 secs] [Times: user=0.00 sys=0.00, real=0.01 secs] 
5.705: [GC (Allocation Failure) 5.705: [ParNew: 0K->0K(3072K), 0.0003135 secs]5.705: [CMS: 5044K->948K(6848K), 0.0026470 secs] 5044K->948K(9920K), [Metaspace: 3664K->3664K(1056768K)], 0.0030809 secs] [Times: user=0.02 sys=0.00, real=0.00 secs] 
5.709: [GC (CMS Initial Mark) [1 CMS-initial-mark: 5044K(6848K)] 5044K(9920K), 0.0001633 secs] [Times: user=0.00 sys=0.00, real=0.00 secs] 
5.709: [CMS-concurrent-mark-start]
5.709: [GC (Allocation Failure) 5.709: [ParNew: 0K->0K(3072K), 0.0003228 secs]5.709: [CMS5.716: [CMS-concurrent-mark: 0.002/0.007 secs] [Times: user=0.00 sys=0.00, real=0.01 secs] 
 (concurrent mode failure): 5044K->948K(6848K), 0.0105802 secs] 5044K->948K(9920K), [Metaspace: 3664K->3664K(1056768K)], 0.0110023 secs] [Times: user=0.00 sys=0.00, real=0.01 secs] 
5.720: [GC (Allocation Failure) 5.720: [ParNew: 0K->0K(3072K), 0.0003155 secs]5.721: [CMS: 5044K->948K(6848K), 0.0029423 secs] 5044K->948K(9920K), [Metaspace: 3664K->3664K(1056768K)], 0.0033590 secs] [Times: user=0.02 sys=0.00, real=0.00 secs] 
5.724: [GC (CMS Initial Mark) [1 CMS-initial-mark: 5044K(6848K)] 5044K(9920K), 0.0001361 secs] [Times: user=0.00 sys=0.00, real=0.00 secs] 
5.724: [CMS-concurrent-mark-start]
5.724: [GC (Allocation Failure) 5.724: [ParNew: 0K->0K(3072K), 0.0002740 secs]5.725: [CMS5.732: [CMS-concurrent-mark: 0.002/0.008 secs] [Times: user=0.00 sys=0.00, real=0.01 secs] 
 (concurrent mode failure): 5044K->948K(6848K), 0.0102319 secs] 5044K->948K(9920K), [Metaspace: 3664K->3664K(1056768K)], 0.0106195 secs] [Times: user=0.00 sys=0.00, real=0.01 secs] 
5.735: [GC (Allocation Failure) 5.735: [ParNew: 0K->0K(3072K), 0.0002941 secs]5.736: [CMS: 5044K->948K(6848K), 0.0029104 secs] 5044K->948K(9920K), [Metaspace: 3664K->3664K(1056768K)], 0.0032977 secs] [Times: user=0.00 sys=0.00, real=0.00 secs] 
5.739: [GC (CMS Initial Mark) [1 CMS-initial-mark: 5044K(6848K)] 5044K(9920K), 0.0002067 secs] [Times: user=0.00 sys=0.00, real=0.00 secs] 
5.739: [CMS-concurrent-mark-start]
5.739: [GC (Allocation Failure) 5.739: [ParNew: 0K->0K(3072K), 0.0002390 secs]5.740: [CMS5.747: [CMS-concurrent-mark: 0.002/0.008 secs] [Times: user=0.00 sys=0.00, real=0.01 secs] 
 (concurrent mode failure): 5044K->948K(6848K), 0.0115061 secs] 5044K->948K(9920K), [Metaspace: 3664K->3664K(1056768K)], 0.0118518 secs] [Times: user=0.00 sys=0.00, real=0.01 secs] 
5.752: [GC (Allocation Failure) 5.752: [ParNew: 0K->0K(3072K), 0.0002985 secs]5.752: [CMS: 5044K->948K(6848K), 0.0031647 secs] 5044K->948K(9920K), [Metaspace: 3664K->3664K(1056768K)], 0.0035921 secs] [Times: user=0.01 sys=0.00, real=0.00 secs] 
5.756: [GC (CMS Initial Mark) [1 CMS-initial-mark: 5044K(6848K)] 5044K(9920K), 0.0001784 secs] [Times: user=0.00 sys=0.00, real=0.00 secs] 
5.756: [CMS-concurrent-mark-start]
5.756: [GC (Allocation Failure) 5.756: [ParNew: 0K->0K(3072K), 0.0003356 secs]5.756: [CMS5.763: [CMS-concurrent-mark: 0.002/0.007 secs] [Times: user=0.00 sys=0.00, real=0.01 secs] 
 (concurrent mode failure): 5044K->948K(6848K), 0.0109148 secs] 5044K->948K(9920K), [Metaspace: 3664K->3664K(1056768K)], 0.0113657 secs] [Times: user=0.00 sys=0.00, real=0.01 secs] 
5.768: [GC (Allocation Failure) 5.768: [ParNew: 0K->0K(3072K), 0.0003709 secs]5.768: [CMS: 5044K->948K(6848K), 0.0031491 secs] 5044K->948K(9920K), [Metaspace: 3664K->3664K(1056768K)], 0.0036351 secs] [Times: user=0.02 sys=0.00, real=0.00 secs] 
5.772: [GC (CMS Initial Mark) [1 CMS-initial-mark: 5044K(6848K)] 5044K(9920K), 0.0001348 secs] [Times: user=0.00 sys=0.00, real=0.00 secs] 
5.772: [CMS-concurrent-mark-start]
5.772: [GC (Allocation Failure) 5.772: [ParNew: 0K->0K(3072K), 0.0003102 secs]5.773: [CMS5.779: [CMS-concurrent-mark: 0.002/0.007 secs] [Times: user=0.00 sys=0.00, real=0.01 secs] 
 (concurrent mode failure): 5044K->948K(6848K), 0.0109777 secs] 5044K->948K(9920K), [Metaspace: 3664K->3664K(1056768K)], 0.0113971 secs] [Times: user=0.00 sys=0.00, real=0.01 secs] 
5.784: [GC (Allocation Failure) 5.784: [ParNew: 0K->0K(3072K), 0.0003813 secs]5.784: [CMS: 5044K->948K(6848K), 0.0028078 secs] 5044K->948K(9920K), [Metaspace: 3664K->3664K(1056768K)], 0.0032867 secs] [Times: user=0.02 sys=0.00, real=0.00 secs] 
5.788: [GC (CMS Initial Mark) [1 CMS-initial-mark: 5044K(6848K)] 5044K(9920K), 0.0001620 secs] [Times: user=0.00 sys=0.00, real=0.00 secs] 
5.788: [CMS-concurrent-mark-start]
5.788: [GC (Allocation Failure) 5.788: [ParNew: 0K->0K(3072K), 0.0002742 secs]5.788: [CMS5.795: [CMS-concurrent-mark: 0.002/0.007 secs] [Times: user=0.00 sys=0.00, real=0.01 secs] 
 (concurrent mode failure): 5044K->948K(6848K), 0.0108919 secs] 5044K->948K(9920K), [Metaspace: 3664K->3664K(1056768K)], 0.0112664 secs] [Times: user=0.00 sys=0.00, real=0.01 secs] 
5.800: [GC (Allocation Failure) 5.800: [ParNew: 0K->0K(3072K), 0.0003732 secs]5.800: [CMS: 5044K->948K(6848K), 0.0029477 secs] 5044K->948K(9920K), [Metaspace: 3664K->3664K(1056768K)], 0.0034472 secs] [Times: user=0.02 sys=0.00, real=0.00 secs] 
5.804: [GC (CMS Initial Mark) [1 CMS-initial-mark: 5044K(6848K)] 5044K(9920K), 0.0001505 secs] [Times: user=0.00 sys=0.00, real=0.00 secs] 
5.804: [CMS-concurrent-mark-start]
5.804: [GC (Allocation Failure) 5.804: [ParNew: 0K->0K(3072K), 0.0003123 secs]5.804: [CMS5.810: [CMS-concurrent-mark: 0.002/0.006 secs] [Times: user=0.00 sys=0.00, real=0.01 secs] 
 (concurrent mode failure): 5044K->948K(6848K), 0.0099639 secs] 5044K->948K(9920K), [Metaspace: 3664K->3664K(1056768K)], 0.0103694 secs] [Times: user=0.00 sys=0.00, real=0.01 secs] 
5.815: [GC (Allocation Failure) 5.815: [ParNew: 0K->0K(3072K), 0.0002796 secs]5.815: [CMS: 5044K->948K(6848K), 0.0028641 secs] 5044K->948K(9920K), [Metaspace: 3664K->3664K(1056768K)], 0.0032605 secs] [Times: user=0.02 sys=0.00, real=0.00 secs] 
5.818: [GC (CMS Initial Mark) [1 CMS-initial-mark: 5044K(6848K)] 5044K(9920K), 0.0001037 secs] [Times: user=0.00 sys=0.00, real=0.00 secs] 
5.818: [CMS-concurrent-mark-start]
5.818: [GC (Allocation Failure) 5.818: [ParNew: 0K->0K(3072K), 0.0002395 secs]5.819: [CMS5.825: [CMS-concurrent-mark: 0.002/0.007 secs] [Times: user=0.00 sys=0.00, real=0.01 secs] 
 (concurrent mode failure): 5044K->948K(6848K), 0.0110490 secs] 5044K->948K(9920K), [Metaspace: 3664K->3664K(1056768K)], 0.0113739 secs] [Times: user=0.00 sys=0.00, real=0.01 secs] 
5.830: [GC (Allocation Failure) 5.830: [ParNew: 0K->0K(3072K), 0.0002782 secs]5.831: [CMS: 5044K->948K(6848K), 0.0038780 secs] 5044K->948K(9920K), [Metaspace: 3664K->3664K(1056768K)], 0.0042494 secs] [Times: user=0.02 sys=0.00, real=0.00 secs] 
5.835: [GC (CMS Initial Mark) [1 CMS-initial-mark: 5044K(6848K)] 5044K(9920K), 0.0001108 secs] [Times: user=0.00 sys=0.00, real=0.00 secs] 
5.835: [CMS-concurrent-mark-start]
5.835: [GC (Allocation Failure) 5.835: [ParNew: 0K->0K(3072K), 0.0002881 secs]5.835: [CMS5.841: [CMS-concurrent-mark: 0.002/0.006 secs] [Times: user=0.00 sys=0.00, real=0.01 secs] 
 (concurrent mode failure): 5044K->948K(6848K), 0.0102495 secs] 5044K->948K(9920K), [Metaspace: 3664K->3664K(1056768K)], 0.0106329 secs] [Times: user=0.00 sys=0.00, real=0.01 secs] 
5.846: [GC (Allocation Failure) 5.846: [ParNew: 0K->0K(3072K), 0.0002917 secs]5.846: [CMS: 5044K->948K(6848K), 0.0033835 secs] 5044K->948K(9920K), [Metaspace: 3664K->3664K(1056768K)], 0.0037941 secs] [Times: user=0.01 sys=0.00, real=0.00 secs] 
5.850: [GC (CMS Initial Mark) [1 CMS-initial-mark: 5044K(6848K)] 5044K(9920K), 0.0001352 secs] [Times: user=0.00 sys=0.00, real=0.00 secs] 
5.851: [CMS-concurrent-mark-start]
5.851: [GC (Allocation Failure) 5.851: [ParNew: 0K->0K(3072K), 0.0002780 secs]5.851: [CMS5.856: [CMS-concurrent-mark: 0.002/0.005 secs] [Times: user=0.00 sys=0.00, real=0.00 secs] 
 (concurrent mode failure): 5044K->948K(6848K), 0.0074449 secs] 5044K->948K(9920K), [Metaspace: 3664K->3664K(1056768K)], 0.0078257 secs] [Times: user=0.00 sys=0.00, real=0.01 secs] 
5.859: [GC (Allocation Failure) 5.859: [ParNew: 0K->0K(3072K), 0.0005401 secs]5.860: [CMS: 5044K->948K(6848K), 0.0032580 secs] 5044K->948K(9920K), [Metaspace: 3664K->3664K(1056768K)], 0.0039122 secs] [Times: user=0.00 sys=0.00, real=0.00 secs] 
5.864: [GC (CMS Initial Mark) [1 CMS-initial-mark: 5044K(6848K)] 5044K(9920K), 0.0001048 secs] [Times: user=0.00 sys=0.00, real=0.00 secs] 
5.864: [CMS-concurrent-mark-start]
5.864: [GC (Allocation Failure) 5.864: [ParNew: 0K->0K(3072K), 0.0002261 secs]5.864: [CMS5.871: [CMS-concurrent-mark: 0.001/0.008 secs] [Times: user=0.11 sys=0.00, real=0.01 secs] 
 (concurrent mode failure): 5044K->948K(6848K), 0.0099587 secs] 5044K->948K(9920K), [Metaspace: 3664K->3664K(1056768K)], 0.0102639 secs] [Times: user=0.11 sys=0.00, real=0.01 secs] 
5.874: [GC (Allocation Failure) 5.874: [ParNew: 0K->0K(3072K), 0.0002811 secs]5.875: [CMS: 5044K->948K(6848K), 0.0033871 secs] 5044K->948K(9920K), [Metaspace: 3664K->3664K(1056768K)], 0.0037446 secs] [Times: user=0.00 sys=0.00, real=0.00 secs] 
5.878: [GC (CMS Initial Mark) [1 CMS-initial-mark: 5044K(6848K)] 5044K(9920K), 0.0000769 secs] [Times: user=0.00 sys=0.00, real=0.00 secs] 
5.879: [CMS-concurrent-mark-start]
5.879: [GC (Allocation Failure) 5.879: [ParNew: 0K->0K(3072K), 0.0002273 secs]5.879: [CMS5.887: [CMS-concurrent-mark: 0.002/0.009 secs] [Times: user=0.00 sys=0.00, real=0.01 secs] 
 (concurrent mode failure): 5044K->948K(6848K), 0.0107761 secs] 5044K->948K(9920K), [Metaspace: 3664K->3664K(1056768K)], 0.0110912 secs] [Times: user=0.00 sys=0.00, real=0.01 secs] 
5.890: [GC (Allocation Failure) 5.890: [ParNew: 0K->0K(3072K), 0.0002661 secs]5.890: [CMS: 5044K->948K(6848K), 0.0035885 secs] 5044K->948K(9920K), [Metaspace: 3664K->3664K(1056768K)], 0.0039569 secs] [Times: user=0.00 sys=0.00, real=0.00 secs] 
5.894: [GC (CMS Initial Mark) [1 CMS-initial-mark: 5044K(6848K)] 5044K(9920K), 0.0000953 secs] [Times: user=0.00 sys=0.00, real=0.00 secs] 
5.894: [CMS-concurrent-mark-start]
5.895: [GC (Allocation Failure) 5.895: [ParNew: 0K->0K(3072K), 0.0002056 secs]5.895: [CMS5.902: [CMS-concurrent-mark: 0.002/0.008 secs] [Times: user=0.00 sys=0.00, real=0.01 secs] 
 (concurrent mode failure): 5044K->948K(6848K), 0.0097654 secs] 5044K->948K(9920K), [Metaspace: 3664K->3664K(1056768K)], 0.0100404 secs] [Times: user=0.00 sys=0.00, real=0.01 secs] 
5.905: [GC (Allocation Failure) 5.905: [ParNew: 0K->0K(3072K), 0.0002272 secs]5.905: [CMS: 5044K->948K(6848K), 0.0021862 secs] 5044K->948K(9920K), [Metaspace: 3664K->3664K(1056768K)], 0.0024924 secs] [Times: user=0.00 sys=0.00, real=0.00 secs] 
5.908: [GC (CMS Initial Mark) [1 CMS-initial-mark: 5044K(6848K)] 5044K(9920K), 0.0000844 secs] [Times: user=0.00 sys=0.00, real=0.00 secs] 
5.908: [CMS-concurrent-mark-start]
5.908: [GC (Allocation Failure) 5.908: [ParNew: 0K->0K(3072K), 0.0003133 secs]5.908: [CMS5.919: [CMS-concurrent-mark: 0.002/0.011 secs] [Times: user=0.00 sys=0.00, real=0.01 secs] 
 (concurrent mode failure): 5044K->948K(6848K), 0.0126369 secs] 5044K->948K(9920K), [Metaspace: 3664K->3664K(1056768K)], 0.0130307 secs] [Times: user=0.00 sys=0.00, real=0.01 secs] 
5.921: [GC (Allocation Failure) 5.921: [ParNew: 0K->0K(3072K), 0.0001882 secs]5.922: [CMS: 5044K->948K(6848K), 0.0020359 secs] 5044K->948K(9920K), [Metaspace: 3664K->3664K(1056768K)], 0.0022891 secs] [Times: user=0.00 sys=0.00, real=0.00 secs] 
5.924: [GC (CMS Initial Mark) [1 CMS-initial-mark: 5044K(6848K)] 5044K(9920K), 0.0000834 secs] [Times: user=0.00 sys=0.00, real=0.00 secs] 
5.924: [CMS-concurrent-mark-start]
5.924: [GC (Allocation Failure) 5.924: [ParNew: 0K->0K(3072K), 0.0002035 secs]5.924: [CMS5.933: [CMS-concurrent-mark: 0.001/0.009 secs] [Times: user=0.00 sys=0.00, real=0.01 secs] 
 (concurrent mode failure): 5044K->948K(6848K), 0.0109641 secs] 5044K->948K(9920K), [Metaspace: 3664K->3664K(1056768K)], 0.0112364 secs] [Times: user=0.00 sys=0.00, real=0.01 secs] 
5.936: [GC (Allocation Failure) 5.936: [ParNew: 0K->0K(3072K), 0.0002670 secs]5.936: [CMS: 5044K->948K(6848K), 0.0020051 secs] 5044K->948K(9920K), [Metaspace: 3664K->3664K(1056768K)], 0.0023520 secs] [Times: user=0.00 sys=0.00, real=0.00 secs] 
5.938: [GC (CMS Initial Mark) [1 CMS-initial-mark: 5044K(6848K)] 5044K(9920K), 0.0002486 secs] [Times: user=0.00 sys=0.00, real=0.00 secs] 
5.939: [CMS-concurrent-mark-start]
5.939: [GC (Allocation Failure) 5.939: [ParNew: 0K->0K(3072K), 0.0002675 secs]5.939: [CMS5.949: [CMS-concurrent-mark: 0.002/0.010 secs] [Times: user=0.00 sys=0.00, real=0.01 secs] 
 (concurrent mode failure): 5044K->948K(6848K), 0.0118741 secs] 5044K->948K(9920K), [Metaspace: 3664K->3664K(1056768K)], 0.0122127 secs] [Times: user=0.00 sys=0.00, real=0.01 secs] 
5.951: [GC (Allocation Failure) 5.951: [ParNew: 0K->0K(3072K), 0.0003117 secs]5.952: [CMS: 5044K->948K(6848K), 0.0019287 secs] 5044K->948K(9920K), [Metaspace: 3664K->3664K(1056768K)], 0.0023035 secs] [Times: user=0.00 sys=0.00, real=0.00 secs] 
5.954: [GC (CMS Initial Mark) [1 CMS-initial-mark: 5044K(6848K)] 5044K(9920K), 0.0001791 secs] [Times: user=0.00 sys=0.00, real=0.00 secs] 
5.954: [CMS-concurrent-mark-start]
5.954: [GC (Allocation Failure) 5.954: [ParNew: 0K->0K(3072K), 0.0003169 secs]5.955: [CMS5.964: [CMS-concurrent-mark: 0.002/0.010 secs] [Times: user=0.00 sys=0.00, real=0.01 secs] 
 (concurrent mode failure): 5044K->948K(6848K), 0.0123646 secs] 5044K->948K(9920K), [Metaspace: 3664K->3664K(1056768K)], 0.0127622 secs] [Times: user=0.00 sys=0.00, real=0.01 secs] 
5.968: [GC (Allocation Failure) 5.968: [ParNew: 0K->0K(3072K), 0.0002886 secs]5.968: [CMS: 5044K->948K(6848K), 0.0025765 secs] 5044K->948K(9920K), [Metaspace: 3664K->3664K(1056768K)], 0.0029503 secs] [Times: user=0.00 sys=0.00, real=0.00 secs] 
5.971: [GC (CMS Initial Mark) [1 CMS-initial-mark: 5044K(6848K)] 5044K(9920K), 0.0001600 secs] [Times: user=0.00 sys=0.00, real=0.00 secs] 
5.971: [CMS-concurrent-mark-start]
5.971: [GC (Allocation Failure) 5.971: [ParNew: 0K->0K(3072K), 0.0003391 secs]5.971: [CMS5.980: [CMS-concurrent-mark: 0.001/0.009 secs] [Times: user=0.00 sys=0.00, real=0.01 secs] 
 (concurrent mode failure): 5044K->948K(6848K), 0.0106606 secs] 5044K->948K(9920K), [Metaspace: 3664K->3664K(1056768K)], 0.0110730 secs] [Times: user=0.00 sys=0.00, real=0.01 secs] 
5.983: [GC (Allocation Failure) 5.983: [ParNew: 0K->0K(3072K), 0.0004481 secs]5.983: [CMS: 5044K->948K(6848K), 0.0021521 secs] 5044K->948K(9920K), [Metaspace: 3664K->3664K(1056768K)], 0.0026653 secs] [Times: user=0.00 sys=0.00, real=0.00 secs] 
5.985: [GC (CMS Initial Mark) [1 CMS-initial-mark: 5044K(6848K)] 5044K(9920K), 0.0001986 secs] [Times: user=0.00 sys=0.00, real=0.00 secs] 
5.986: [CMS-concurrent-mark-start]
5.986: [GC (Allocation Failure) 5.986: [ParNew: 0K->0K(3072K), 0.0002684 secs]5.986: [CMS5.995: [CMS-concurrent-mark: 0.002/0.010 secs] [Times: user=0.00 sys=0.00, real=0.01 secs] 
 (concurrent mode failure): 5044K->948K(6848K), 0.0115703 secs] 5044K->948K(9920K), [Metaspace: 3664K->3664K(1056768K)], 0.0119071 secs] [Times: user=0.00 sys=0.00, real=0.01 secs] 
5.998: [GC (Allocation Failure) 5.998: [ParNew: 0K->0K(3072K), 0.0002950 secs]5.998: [CMS: 5044K->948K(6848K), 0.0020297 secs] 5044K->948K(9920K), [Metaspace: 3664K->3664K(1056768K)], 0.0023982 secs] [Times: user=0.00 sys=0.00, real=0.00 secs] 
6.001: [GC (CMS Initial Mark) [1 CMS-initial-mark: 5044K(6848K)] 5044K(9920K), 0.0001652 secs] [Times: user=0.00 sys=0.00, real=0.00 secs] 
6.001: [CMS-concurrent-mark-start]
6.001: [GC (Allocation Failure) 6.001: [ParNew: 0K->0K(3072K), 0.0004218 secs]6.002: [CMS6.011: [CMS-concurrent-mark: 0.002/0.010 secs] [Times: user=0.00 sys=0.00, real=0.01 secs] 
 (concurrent mode failure): 5044K->948K(6848K), 0.0126222 secs] 5044K->948K(9920K), [Metaspace: 3664K->3664K(1056768K)], 0.0131233 secs] [Times: user=0.00 sys=0.00, real=0.01 secs] 
6.015: [GC (Allocation Failure) 6.015: [ParNew: 0K->0K(3072K), 0.0004096 secs]6.015: [CMS: 5044K->948K(6848K), 0.0025470 secs] 5044K->948K(9920K), [Metaspace: 3664K->3664K(1056768K)], 0.0030486 secs] [Times: user=0.00 sys=0.00, real=0.00 secs] 
6.018: [GC (CMS Initial Mark) [1 CMS-initial-mark: 5044K(6848K)] 5044K(9920K), 0.0001537 secs] [Times: user=0.00 sys=0.00, real=0.00 secs] 
6.018: [CMS-concurrent-mark-start]
6.018: [GC (Allocation Failure) 6.018: [ParNew: 0K->0K(3072K), 0.0002844 secs]6.019: [CMS6.026: [CMS-concurrent-mark: 0.002/0.008 secs] [Times: user=0.00 sys=0.00, real=0.01 secs] 
 (concurrent mode failure): 5044K->948K(6848K), 0.0101888 secs] 5044K->948K(9920K), [Metaspace: 3664K->3664K(1056768K)], 0.0105551 secs] [Times: user=0.00 sys=0.00, real=0.01 secs] 
6.029: [GC (Allocation Failure) 6.029: [ParNew: 0K->0K(3072K), 0.0002396 secs]6.030: [CMS: 5044K->948K(6848K), 0.0025037 secs] 5044K->948K(9920K), [Metaspace: 3664K->3664K(1056768K)], 0.0028217 secs] [Times: user=0.00 sys=0.00, real=0.00 secs] 
6.033: [GC (CMS Initial Mark) [1 CMS-initial-mark: 5044K(6848K)] 5044K(9920K), 0.0000768 secs] [Times: user=0.00 sys=0.00, real=0.00 secs] 
6.033: [CMS-concurrent-mark-start]
6.033: [GC (Allocation Failure) 6.033: [ParNew: 0K->0K(3072K), 0.0002148 secs]6.033: [CMS6.042: [CMS-concurrent-mark: 0.002/0.009 secs] [Times: user=0.00 sys=0.00, real=0.01 secs] 
 (concurrent mode failure): 5044K->948K(6848K), 0.0156110 secs] 5044K->948K(9920K), [Metaspace: 3664K->3664K(1056768K)], 0.0159166 secs] [Times: user=0.00 sys=0.00, real=0.01 secs] 
6.049: [GC (Allocation Failure) 6.049: [ParNew: 0K->0K(3072K), 0.0003594 secs]6.050: [CMS: 5044K->948K(6848K), 0.0039200 secs] 5044K->948K(9920K), [Metaspace: 3664K->3664K(1056768K)], 0.0043925 secs] [Times: user=0.01 sys=0.00, real=0.00 secs] 
6.054: [GC (CMS Initial Mark) [1 CMS-initial-mark: 5044K(6848K)] 5044K(9920K), 0.0001573 secs] [Times: user=0.00 sys=0.00, real=0.00 secs] 
6.054: [CMS-concurrent-mark-start]
6.054: [GC (Allocation Failure) 6.054: [ParNew: 0K->0K(3072K), 0.0002980 secs]6.055: [CMS6.058: [CMS-concurrent-mark: 0.002/0.003 secs] [Times: user=0.00 sys=0.00, real=0.00 secs] 
 (concurrent mode failure): 5044K->948K(6848K), 0.0078778 secs] 5044K->948K(9920K), [Metaspace: 3664K->3664K(1056768K)], 0.0082869 secs] [Times: user=0.00 sys=0.00, real=0.01 secs] 
6.063: [GC (Allocation Failure) 6.063: [ParNew: 0K->0K(3072K), 0.0002985 secs]6.063: [CMS: 5044K->948K(6848K), 0.0038033 secs] 5044K->948K(9920K), [Metaspace: 3664K->3664K(1056768K)], 0.0041860 secs] [Times: user=0.00 sys=0.00, real=0.00 secs] 
6.068: [GC (CMS Initial Mark) [1 CMS-initial-mark: 5044K(6848K)] 5044K(9920K), 0.0003165 secs] [Times: user=0.00 sys=0.00, real=0.00 secs] 
6.068: [CMS-concurrent-mark-start]
6.068: [GC (Allocation Failure) 6.068: [ParNew: 0K->0K(3072K), 0.0002888 secs]6.068: [CMS6.073: [CMS-concurrent-mark: 0.002/0.005 secs] [Times: user=0.00 sys=0.00, real=0.01 secs] 
 (concurrent mode failure): 5044K->948K(6848K), 0.0090207 secs] 5044K->948K(9920K), [Metaspace: 3664K->3664K(1056768K)], 0.0094024 secs] [Times: user=0.00 sys=0.00, real=0.01 secs] 
6.078: [GC (Allocation Failure) 6.078: [ParNew: 0K->0K(3072K), 0.0002848 secs]6.078: [CMS: 5044K->948K(6848K), 0.0046033 secs] 5044K->948K(9920K), [Metaspace: 3664K->3664K(1056768K)], 0.0050068 secs] [Times: user=0.00 sys=0.00, real=0.00 secs] 
6.083: [GC (CMS Initial Mark) [1 CMS-initial-mark: 5044K(6848K)] 5044K(9920K), 0.0001412 secs] [Times: user=0.00 sys=0.00, real=0.00 secs] 
6.083: [CMS-concurrent-mark-start]
6.084: [GC (Allocation Failure) 6.084: [ParNew: 0K->0K(3072K), 0.0003000 secs]6.084: [CMS6.089: [CMS-concurrent-mark: 0.002/0.006 secs] [Times: user=0.00 sys=0.00, real=0.01 secs] 
 (concurrent mode failure): 5044K->948K(6848K), 0.0103805 secs] 5044K->948K(9920K), [Metaspace: 3664K->3664K(1056768K)], 0.0107970 secs] [Times: user=0.00 sys=0.00, real=0.01 secs] 
6.095: [GC (Allocation Failure) 6.095: [ParNew: 0K->0K(3072K), 0.0002893 secs]6.095: [CMS: 5044K->948K(6848K), 0.0038440 secs] 5044K->948K(9920K), [Metaspace: 3664K->3664K(1056768K)], 0.0042413 secs] [Times: user=0.01 sys=0.00, real=0.00 secs] 
6.099: [GC (CMS Initial Mark) [1 CMS-initial-mark: 5044K(6848K)] 5044K(9920K), 0.0002999 secs] [Times: user=0.00 sys=0.00, real=0.00 secs] 
6.100: [CMS-concurrent-mark-start]
6.100: [GC (Allocation Failure) 6.100: [ParNew: 0K->0K(3072K), 0.0004105 secs]6.100: [CMS6.104: [CMS-concurrent-mark: 0.002/0.004 secs] [Times: user=0.00 sys=0.00, real=0.00 secs] 
 (concurrent mode failure): 5044K->948K(6848K), 0.0066643 secs] 5044K->948K(9920K), [Metaspace: 3664K->3664K(1056768K)], 0.0071562 secs] [Times: user=0.00 sys=0.00, real=0.01 secs] 
6.107: [GC (Allocation Failure) 6.107: [ParNew: 0K->0K(3072K), 0.0003378 secs]6.108: [CMS: 5044K->948K(6848K), 0.0037051 secs] 5044K->948K(9920K), [Metaspace: 3664K->3664K(1056768K)], 0.0041292 secs] [Times: user=0.00 sys=0.00, real=0.00 secs] 
6.112: [GC (CMS Initial Mark) [1 CMS-initial-mark: 5044K(6848K)] 5044K(9920K), 0.0002442 secs] [Times: user=0.00 sys=0.00, real=0.00 secs] 
6.112: [CMS-concurrent-mark-start]
6.112: [GC (Allocation Failure) 6.112: [ParNew: 0K->0K(3072K), 0.0003246 secs]6.113: [CMS6.120: [CMS-concurrent-mark: 0.002/0.008 secs] [Times: user=0.00 sys=0.00, real=0.01 secs] 
 (concurrent mode failure): 5044K->948K(6848K), 0.0099025 secs] 5044K->948K(9920K), [Metaspace: 3664K->3664K(1056768K)], 0.0103002 secs] [Times: user=0.00 sys=0.00, real=0.01 secs] 
6.123: [GC (Allocation Failure) 6.123: [ParNew: 0K->0K(3072K), 0.0002187 secs]6.123: [CMS: 5044K->948K(6848K), 0.0020212 secs] 5044K->948K(9920K), [Metaspace: 3664K->3664K(1056768K)], 0.0023376 secs] [Times: user=0.00 sys=0.00, real=0.00 secs] 
6.126: [GC (CMS Initial Mark) [1 CMS-initial-mark: 5044K(6848K)] 5044K(9920K), 0.0002144 secs] [Times: user=0.00 sys=0.00, real=0.00 secs] 
6.126: [CMS-concurrent-mark-start]
6.126: [GC (Allocation Failure) 6.126: [ParNew: 0K->0K(3072K), 0.0004531 secs]6.127: [CMS6.136: [CMS-concurrent-mark: 0.002/0.010 secs] [Times: user=0.00 sys=0.00, real=0.01 secs] 
 (concurrent mode failure): 5044K->948K(6848K), 0.0119379 secs] 5044K->948K(9920K), [Metaspace: 3664K->3664K(1056768K)], 0.0124710 secs] [Times: user=0.00 sys=0.00, real=0.01 secs] 
6.139: [GC (Allocation Failure) 6.139: [ParNew: 0K->0K(3072K), 0.0003160 secs]6.139: [CMS: 5044K->948K(6848K), 0.0020638 secs] 5044K->948K(9920K), [Metaspace: 3664K->3664K(1056768K)], 0.0024595 secs] [Times: user=0.00 sys=0.00, real=0.00 secs] 
6.142: [GC (CMS Initial Mark) [1 CMS-initial-mark: 5044K(6848K)] 5044K(9920K), 0.0001869 secs] [Times: user=0.00 sys=0.00, real=0.00 secs] 
6.142: [CMS-concurrent-mark-start]
6.142: [GC (Allocation Failure) 6.142: [ParNew: 0K->0K(3072K), 0.0003366 secs]6.143: [CMS6.151: [CMS-concurrent-mark: 0.002/0.009 secs] [Times: user=0.00 sys=0.00, real=0.01 secs] 
 (concurrent mode failure): 5044K->948K(6848K), 0.0118707 secs] 5044K->948K(9920K), [Metaspace: 3664K->3664K(1056768K)], 0.0122979 secs] [Times: user=0.00 sys=0.00, real=0.01 secs] 
6.155: [GC (Allocation Failure) 6.155: [ParNew: 0K->0K(3072K), 0.0002142 secs]6.155: [CMS: 5044K->948K(6848K), 0.0019584 secs] 5044K->948K(9920K), [Metaspace: 3664K->3664K(1056768K)], 0.0022491 secs] [Times: user=0.00 sys=0.00, real=0.00 secs] 
6.157: [GC (CMS Initial Mark) [1 CMS-initial-mark: 5044K(6848K)] 5044K(9920K), 0.0001204 secs] [Times: user=0.00 sys=0.00, real=0.00 secs] 
6.158: [CMS-concurrent-mark-start]
6.158: [GC (Allocation Failure) 6.158: [ParNew: 0K->0K(3072K), 0.0002803 secs]6.158: [CMS6.166: [CMS-concurrent-mark: 0.002/0.009 secs] [Times: user=0.00 sys=0.00, real=0.01 secs] 
 (concurrent mode failure): 5044K->948K(6848K), 0.0104592 secs] 5044K->948K(9920K), [Metaspace: 3664K->3664K(1056768K)], 0.0108386 secs] [Times: user=0.00 sys=0.00, real=0.01 secs] 
6.169: [GC (Allocation Failure) 6.169: [ParNew: 0K->0K(3072K), 0.0002402 secs]6.169: [CMS: 5044K->948K(6848K), 0.0022082 secs] 5044K->948K(9920K), [Metaspace: 3664K->3664K(1056768K)], 0.0025148 secs] [Times: user=0.00 sys=0.00, real=0.00 secs] 
6.172: [GC (CMS Initial Mark) [1 CMS-initial-mark: 5044K(6848K)] 5044K(9920K), 0.0001251 secs] [Times: user=0.00 sys=0.00, real=0.00 secs] 
6.172: [CMS-concurrent-mark-start]
6.172: [GC (Allocation Failure) 6.172: [ParNew: 0K->0K(3072K), 0.0002280 secs]6.173: [CMS6.182: [CMS-concurrent-mark: 0.002/0.010 secs] [Times: user=0.00 sys=0.00, real=0.01 secs] 
 (concurrent mode failure): 5044K->948K(6848K), 0.0124307 secs] 5044K->948K(9920K), [Metaspace: 3664K->3664K(1056768K)], 0.0127494 secs] [Times: user=0.00 sys=0.00, real=0.01 secs] 
6.185: [GC (Allocation Failure) 6.185: [ParNew: 0K->0K(3072K), 0.0003158 secs]6.186: [CMS: 5044K->948K(6848K), 0.0027898 secs] 5044K->948K(9920K), [Metaspace: 3664K->3664K(1056768K)], 0.0031970 secs] [Times: user=0.00 sys=0.00, real=0.00 secs] 
6.189: [GC (CMS Initial Mark) [1 CMS-initial-mark: 5044K(6848K)] 5044K(9920K), 0.0002369 secs] [Times: user=0.00 sys=0.00, real=0.00 secs] 
6.189: [CMS-concurrent-mark-start]
6.189: [GC (Allocation Failure) 6.189: [ParNew: 0K->0K(3072K), 0.0002265 secs]6.190: [CMS6.198: [CMS-concurrent-mark: 0.002/0.009 secs] [Times: user=0.00 sys=0.00, real=0.01 secs] 
 (concurrent mode failure): 5044K->948K(6848K), 0.0107144 secs] 5044K->948K(9920K), [Metaspace: 3664K->3664K(1056768K)], 0.0110190 secs] [Times: user=0.00 sys=0.00, real=0.01 secs] 
6.201: [GC (Allocation Failure) 6.201: [ParNew: 0K->0K(3072K), 0.0002144 secs]6.201: [CMS: 5044K->948K(6848K), 0.0018646 secs] 5044K->948K(9920K), [Metaspace: 3664K->3664K(1056768K)], 0.0021362 secs] [Times: user=0.00 sys=0.00, real=0.00 secs] 
6.203: [GC (CMS Initial Mark) [1 CMS-initial-mark: 5044K(6848K)] 5044K(9920K), 0.0000768 secs] [Times: user=0.00 sys=0.00, real=0.00 secs] 
6.203: [CMS-concurrent-mark-start]
6.203: [GC (Allocation Failure) 6.203: [ParNew: 0K->0K(3072K), 0.0001849 secs]6.204: [CMS6.214: [CMS-concurrent-mark: 0.002/0.011 secs] [Times: user=0.00 sys=0.00, real=0.01 secs] 
 (concurrent mode failure): 5044K->948K(6848K), 0.0127383 secs] 5044K->948K(9920K), [Metaspace: 3664K->3664K(1056768K)], 0.0129900 secs] [Times: user=0.00 sys=0.00, real=0.01 secs] 
6.217: [GC (Allocation Failure) 6.217: [ParNew: 0K->0K(3072K), 0.0002107 secs]6.217: [CMS: 5044K->948K(6848K), 0.0017649 secs] 5044K->948K(9920K), [Metaspace: 3664K->3664K(1056768K)], 0.0020285 secs] [Times: user=0.00 sys=0.00, real=0.00 secs] 
6.219: [GC (CMS Initial Mark) [1 CMS-initial-mark: 5044K(6848K)] 5044K(9920K), 0.0001317 secs] [Times: user=0.00 sys=0.00, real=0.00 secs] 
6.219: [CMS-concurrent-mark-start]
6.219: [GC (Allocation Failure) 6.219: [ParNew: 0K->0K(3072K), 0.0001875 secs]6.219: [CMS6.230: [CMS-concurrent-mark: 0.001/0.011 secs] [Times: user=0.00 sys=0.00, real=0.01 secs] 
 (concurrent mode failure): 5044K->948K(6848K), 0.0126277 secs] 5044K->948K(9920K), [Metaspace: 3664K->3664K(1056768K)], 0.0128853 secs] [Times: user=0.00 sys=0.00, real=0.01 secs] 
6.232: [GC (Allocation Failure) 6.232: [ParNew: 0K->0K(3072K), 0.0002107 secs]6.233: [CMS: 5044K->948K(6848K), 0.0017876 secs] 5044K->948K(9920K), [Metaspace: 3664K->3664K(1056768K)], 0.0020624 secs] [Times: user=0.00 sys=0.00, real=0.00 secs] 
6.235: [GC (CMS Initial Mark) [1 CMS-initial-mark: 5044K(6848K)] 5044K(9920K), 0.0001136 secs] [Times: user=0.00 sys=0.00, real=0.00 secs] 
6.235: [CMS-concurrent-mark-start]
6.235: [GC (Allocation Failure) 6.235: [ParNew: 0K->0K(3072K), 0.0001906 secs]6.235: [CMS6.246: [CMS-concurrent-mark: 0.002/0.011 secs] [Times: user=0.00 sys=0.00, real=0.01 secs] 
 (concurrent mode failure): 5044K->948K(6848K), 0.0130215 secs] 5044K->948K(9920K), [Metaspace: 3664K->3664K(1056768K)], 0.0132777 secs] [Times: user=0.00 sys=0.00, real=0.01 secs] 
6.249: [GC (Allocation Failure) 6.249: [ParNew: 0K->0K(3072K), 0.0002216 secs]6.249: [CMS: 5044K->948K(6848K), 0.0017991 secs] 5044K->948K(9920K), [Metaspace: 3664K->3664K(1056768K)], 0.0020833 secs] [Times: user=0.00 sys=0.00, real=0.00 secs] 
6.251: [GC (CMS Initial Mark) [1 CMS-initial-mark: 5044K(6848K)] 5044K(9920K), 0.0001580 secs] [Times: user=0.00 sys=0.00, real=0.00 secs] 
6.251: [CMS-concurrent-mark-start]
6.251: [GC (Allocation Failure) 6.251: [ParNew: 0K->0K(3072K), 0.0002055 secs]6.251: [CMS6.261: [CMS-concurrent-mark: 0.001/0.010 secs] [Times: user=0.00 sys=0.00, real=0.01 secs] 
 (concurrent mode failure): 5044K->948K(6848K), 0.0118516 secs] 5044K->948K(9920K), [Metaspace: 3664K->3664K(1056768K)], 0.0121249 secs] [Times: user=0.00 sys=0.00, real=0.01 secs] 
6.264: [GC (Allocation Failure) 6.264: [ParNew: 0K->0K(3072K), 0.0002085 secs]6.264: [CMS: 5044K->948K(6848K), 0.0019661 secs] 5044K->948K(9920K), [Metaspace: 3664K->3664K(1056768K)], 0.0022500 secs] [Times: user=0.00 sys=0.00, real=0.00 secs] 
6.266: [GC (CMS Initial Mark) [1 CMS-initial-mark: 5044K(6848K)] 5044K(9920K), 0.0000832 secs] [Times: user=0.00 sys=0.00, real=0.00 secs] 
6.266: [CMS-concurrent-mark-start]
6.266: [GC (Allocation Failure) 6.266: [ParNew: 0K->0K(3072K), 0.0002111 secs]6.267: [CMS6.277: [CMS-concurrent-mark: 0.002/0.011 secs] [Times: user=0.00 sys=0.00, real=0.01 secs] 
 (concurrent mode failure): 5044K->948K(6848K), 0.0128397 secs] 5044K->948K(9920K), [Metaspace: 3664K->3664K(1056768K)], 0.0131316 secs] [Times: user=0.00 sys=0.00, real=0.01 secs] 
6.280: [GC (Allocation Failure) 6.280: [ParNew: 0K->0K(3072K), 0.0002036 secs]6.280: [CMS: 5044K->948K(6848K), 0.0021222 secs] 5044K->948K(9920K), [Metaspace: 3664K->3664K(1056768K)], 0.0023980 secs] [Times: user=0.00 sys=0.00, real=0.00 secs] 
6.283: [GC (CMS Initial Mark) [1 CMS-initial-mark: 5044K(6848K)] 5044K(9920K), 0.0000914 secs] [Times: user=0.00 sys=0.00, real=0.00 secs] 
6.283: [CMS-concurrent-mark-start]
6.283: [GC (Allocation Failure) 6.283: [ParNew: 0K->0K(3072K), 0.0002426 secs]6.283: [CMS6.293: [CMS-concurrent-mark: 0.001/0.010 secs] [Times: user=0.00 sys=0.00, real=0.01 secs] 
 (concurrent mode failure): 5044K->948K(6848K), 0.0123875 secs] 5044K->948K(9920K), [Metaspace: 3664K->3664K(1056768K)], 0.0127039 secs] [Times: user=0.00 sys=0.00, real=0.01 secs] 
6.296: [GC (Allocation Failure) 6.296: [ParNew: 0K->0K(3072K), 0.0002205 secs]6.296: [CMS: 5044K->948K(6848K), 0.0018719 secs] 5044K->948K(9920K), [Metaspace: 3664K->3664K(1056768K)], 0.0021527 secs] [Times: user=0.00 sys=0.00, real=0.00 secs] 
6.298: [GC (CMS Initial Mark) [1 CMS-initial-mark: 5044K(6848K)] 5044K(9920K), 0.0000891 secs] [Times: user=0.00 sys=0.00, real=0.00 secs] 
6.298: [CMS-concurrent-mark-start]
6.298: [GC (Allocation Failure) 6.298: [ParNew: 0K->0K(3072K), 0.0002028 secs]6.299: [CMS6.308: [CMS-concurrent-mark: 0.002/0.010 secs] [Times: user=0.00 sys=0.00, real=0.01 secs] 
 (concurrent mode failure): 5044K->948K(6848K), 0.0133821 secs] 5044K->948K(9920K), [Metaspace: 3664K->3664K(1056768K)], 0.0136656 secs] [Times: user=0.00 sys=0.00, real=0.01 secs] 
6.312: [GC (Allocation Failure) 6.313: [ParNew: 0K->0K(3072K), 0.0002510 secs]6.313: [CMS: 5044K->948K(6848K), 0.0022191 secs] 5044K->948K(9920K), [Metaspace: 3664K->3664K(1056768K)], 0.0025444 secs] [Times: user=0.00 sys=0.00, real=0.00 secs] 
6.315: [GC (CMS Initial Mark) [1 CMS-initial-mark: 5044K(6848K)] 5044K(9920K), 0.0000802 secs] [Times: user=0.00 sys=0.00, real=0.00 secs] 
6.315: [CMS-concurrent-mark-start]
6.316: [GC (Allocation Failure) 6.316: [ParNew: 0K->0K(3072K), 0.0002134 secs]6.316: [CMS6.324: [CMS-concurrent-mark: 0.001/0.009 secs] [Times: user=0.00 sys=0.00, real=0.01 secs] 
 (concurrent mode failure): 5044K->948K(6848K), 0.0112655 secs] 5044K->948K(9920K), [Metaspace: 3664K->3664K(1056768K)], 0.0115544 secs] [Times: user=0.00 sys=0.00, real=0.01 secs] 
6.327: [GC (Allocation Failure) 6.327: [ParNew: 0K->0K(3072K), 0.0002565 secs]6.328: [CMS: 5044K->948K(6848K), 0.0021338 secs] 5044K->948K(9920K), [Metaspace: 3664K->3664K(1056768K)], 0.0024642 secs] [Times: user=0.00 sys=0.00, real=0.00 secs] 
6.330: [GC (CMS Initial Mark) [1 CMS-initial-mark: 5044K(6848K)] 5044K(9920K), 0.0000811 secs] [Times: user=0.00 sys=0.00, real=0.00 secs] 
6.330: [CMS-concurrent-mark-start]
6.330: [GC (Allocation Failure) 6.330: [ParNew: 0K->0K(3072K), 0.0002114 secs]6.331: [CMS6.340: [CMS-concurrent-mark: 0.002/0.010 secs] [Times: user=0.00 sys=0.00, real=0.01 secs] 
 (concurrent mode failure): 5044K->948K(6848K), 0.0129979 secs] 5044K->948K(9920K), [Metaspace: 3664K->3664K(1056768K)], 0.0133026 secs] [Times: user=0.00 sys=0.00, real=0.01 secs] 
6.344: [GC (Allocation Failure) 6.344: [ParNew: 0K->0K(3072K), 0.0002809 secs]6.344: [CMS: 5044K->948K(6848K), 0.0031175 secs] 5044K->948K(9920K), [Metaspace: 3664K->3664K(1056768K)], 0.0034970 secs] [Times: user=0.00 sys=0.00, real=0.00 secs] 
6.348: [GC (CMS Initial Mark) [1 CMS-initial-mark: 5044K(6848K)] 5044K(9920K), 0.0001024 secs] [Times: user=0.00 sys=0.00, real=0.00 secs] 
6.348: [CMS-concurrent-mark-start]
6.348: [GC (Allocation Failure) 6.348: [ParNew: 0K->0K(3072K), 0.0002465 secs]6.348: [CMS6.356: [CMS-concurrent-mark: 0.002/0.008 secs] [Times: user=0.08 sys=0.00, real=0.01 secs] 
 (concurrent mode failure): 5044K->948K(6848K), 0.0106166 secs] 5044K->948K(9920K), [Metaspace: 3664K->3664K(1056768K)], 0.0109782 secs] [Times: user=0.08 sys=0.00, real=0.01 secs] 
6.360: [GC (Allocation Failure) 6.360: [ParNew: 0K->0K(3072K), 0.0003293 secs]6.360: [CMS: 5044K->948K(6848K), 0.0029289 secs] 5044K->948K(9920K), [Metaspace: 3664K->3664K(1056768K)], 0.0033785 secs] [Times: user=0.00 sys=0.00, real=0.00 secs] 
6.364: [GC (CMS Initial Mark) [1 CMS-initial-mark: 5044K(6848K)] 5044K(9920K), 0.0001371 secs] [Times: user=0.00 sys=0.00, real=0.00 secs] 
6.364: [CMS-concurrent-mark-start]
6.364: [GC (Allocation Failure) 6.364: [ParNew: 0K->0K(3072K), 0.0002463 secs]6.364: [CMS6.371: [CMS-concurrent-mark: 0.002/0.008 secs] [Times: user=0.00 sys=0.00, real=0.01 secs] 
 (concurrent mode failure): 5044K->948K(6848K), 0.0114327 secs] 5044K->948K(9920K), [Metaspace: 3664K->3664K(1056768K)], 0.0118183 secs] [Times: user=0.00 sys=0.00, real=0.01 secs] 
6.376: [GC (Allocation Failure) 6.377: [ParNew: 0K->0K(3072K), 0.0006157 secs]6.377: [CMS: 5044K->948K(6848K), 0.0045534 secs] 5044K->948K(9920K), [Metaspace: 3664K->3664K(1056768K)], 0.0055692 secs] [Times: user=0.02 sys=0.00, real=0.01 secs] 
6.387: [GC (CMS Initial Mark) [1 CMS-initial-mark: 5044K(6848K)] 5044K(9920K), 0.0003386 secs] [Times: user=0.00 sys=0.00, real=0.00 secs] 
6.388: [CMS-concurrent-mark-start]
6.388: [GC (Allocation Failure) 6.388: [ParNew: 0K->0K(3072K), 0.0003029 secs]6.388: [CMS6.403: [CMS-concurrent-mark: 0.002/0.016 secs] [Times: user=0.00 sys=0.00, real=0.02 secs] 
 (concurrent mode failure): 5044K->948K(6848K), 0.0197484 secs] 5044K->948K(9920K), [Metaspace: 3664K->3664K(1056768K)], 0.0201807 secs] [Times: user=0.00 sys=0.00, real=0.02 secs] 
6.409: [GC (Allocation Failure) 6.409: [ParNew: 0K->0K(3072K), 0.0009153 secs]6.410: [CMS: 5044K->948K(6848K), 0.0091051 secs] 5044K->948K(9920K), [Metaspace: 3664K->3664K(1056768K)], 0.0102146 secs] [Times: user=0.01 sys=0.00, real=0.01 secs] 
6.420: [GC (CMS Initial Mark) [1 CMS-initial-mark: 5044K(6848K)] 5044K(9920K), 0.0002179 secs] [Times: user=0.00 sys=0.00, real=0.00 secs] 
6.420: [CMS-concurrent-mark-start]
6.421: [GC (Allocation Failure) 6.421: [ParNew: 0K->0K(3072K), 0.0003046 secs]6.421: [CMS6.434: [CMS-concurrent-mark: 0.002/0.014 secs] [Times: user=0.00 sys=0.00, real=0.01 secs] 
 (concurrent mode failure): 5044K->948K(6848K), 0.0174070 secs] 5044K->948K(9920K), [Metaspace: 3664K->3664K(1056768K)], 0.0178453 secs] [Times: user=0.00 sys=0.00, real=0.02 secs] 
6.439: [GC (Allocation Failure) 6.439: [ParNew: 0K->0K(3072K), 0.0003362 secs]6.439: [CMS: 5044K->948K(6848K), 0.0055839 secs] 5044K->948K(9920K), [Metaspace: 3664K->3664K(1056768K)], 0.0060905 secs] [Times: user=0.02 sys=0.00, real=0.00 secs] 
6.446: [GC (CMS Initial Mark) [1 CMS-initial-mark: 5044K(6848K)] 5044K(9920K), 0.0002389 secs] [Times: user=0.00 sys=0.00, real=0.00 secs] 
6.446: [CMS-concurrent-mark-start]
6.446: [GC (Allocation Failure) 6.446: [ParNew: 0K->0K(3072K), 0.0004054 secs]6.447: [CMS6.450: [CMS-concurrent-mark: 0.002/0.004 secs] [Times: user=0.00 sys=0.00, real=0.00 secs] 
 (concurrent mode failure): 5044K->948K(6848K), 0.0069911 secs] 5044K->948K(9920K), [Metaspace: 3664K->3664K(1056768K)], 0.0075172 secs] [Times: user=0.00 sys=0.00, real=0.01 secs] 
6.454: [GC (Allocation Failure) 6.454: [ParNew: 0K->0K(3072K), 0.0003118 secs]6.455: [CMS: 5044K->948K(6848K), 0.0046082 secs] 5044K->948K(9920K), [Metaspace: 3664K->3664K(1056768K)], 0.0050558 secs] [Times: user=0.00 sys=0.00, real=0.00 secs] 
6.460: [GC (CMS Initial Mark) [1 CMS-initial-mark: 5044K(6848K)] 5044K(9920K), 0.0002476 secs] [Times: user=0.00 sys=0.00, real=0.00 secs] 
6.460: [CMS-concurrent-mark-start]
6.460: [GC (Allocation Failure) 6.460: [ParNew: 0K->0K(3072K), 0.0006634 secs]6.461: [CMS6.465: [CMS-concurrent-mark: 0.002/0.005 secs] [Times: user=0.00 sys=0.00, real=0.00 secs] 
 (concurrent mode failure): 5044K->948K(6848K), 0.0076212 secs] 5044K->948K(9920K), [Metaspace: 3664K->3664K(1056768K)], 0.0084837 secs] [Times: user=0.00 sys=0.00, real=0.01 secs] 
6.469: [GC (Allocation Failure) 6.469: [ParNew: 0K->0K(3072K), 0.0003235 secs]6.470: [CMS: 5044K->948K(6848K), 0.0045271 secs] 5044K->948K(9920K), [Metaspace: 3664K->3664K(1056768K)], 0.0049924 secs] [Times: user=0.02 sys=0.00, real=0.01 secs] 
6.475: [GC (CMS Initial Mark) [1 CMS-initial-mark: 5044K(6848K)] 5044K(9920K), 0.0002595 secs] [Times: user=0.00 sys=0.00, real=0.00 secs] 
6.476: [CMS-concurrent-mark-start]
6.478: [GC (Allocation Failure) 6.478: [ParNew: 0K->0K(3072K), 0.0003831 secs]6.479: [CMS6.494: [CMS-concurrent-mark: 0.002/0.018 secs] [Times: user=0.00 sys=0.00, real=0.02 secs] 
 (concurrent mode failure): 5044K->948K(6848K), 0.0201756 secs] 5044K->948K(9920K), [Metaspace: 3664K->3664K(1056768K)], 0.0207186 secs] [Times: user=0.00 sys=0.00, real=0.02 secs] 
6.499: [GC (Allocation Failure) 6.499: [ParNew: 0K->0K(3072K), 0.0002669 secs]6.500: [CMS: 5044K->948K(6848K), 0.0026124 secs] 5044K->948K(9920K), [Metaspace: 3664K->3664K(1056768K)], 0.0029833 secs] [Times: user=0.00 sys=0.00, real=0.00 secs] 
6.503: [GC (CMS Initial Mark) [1 CMS-initial-mark: 5044K(6848K)] 5044K(9920K), 0.0000998 secs] [Times: user=0.00 sys=0.00, real=0.00 secs] 
6.503: [CMS-concurrent-mark-start]
6.503: [GC (Allocation Failure) 6.503: [ParNew: 0K->0K(3072K), 0.0002616 secs]6.503: [CMS6.512: [CMS-concurrent-mark: 0.002/0.009 secs] [Times: user=0.00 sys=0.00, real=0.01 secs] 
 (concurrent mode failure): 5044K->948K(6848K), 0.0139115 secs] 5044K->948K(9920K), [Metaspace: 3664K->3664K(1056768K)], 0.0143254 secs] [Times: user=0.00 sys=0.00, real=0.01 secs] 
6.518: [GC (Allocation Failure) 6.518: [ParNew: 0K->0K(3072K), 0.0002978 secs]6.518: [CMS: 5044K->948K(6848K), 0.0040063 secs] 5044K->948K(9920K), [Metaspace: 3664K->3664K(1056768K)], 0.0044278 secs] [Times: user=0.02 sys=0.00, real=0.00 secs] 
6.523: [GC (CMS Initial Mark) [1 CMS-initial-mark: 5044K(6848K)] 5044K(9920K), 0.0001459 secs] [Times: user=0.00 sys=0.00, real=0.00 secs] 
6.523: [CMS-concurrent-mark-start]
6.523: [GC (Allocation Failure) 6.523: [ParNew: 0K->0K(3072K), 0.0002877 secs]6.523: [CMS6.527: [CMS-concurrent-mark: 0.002/0.004 secs] [Times: user=0.00 sys=0.00, real=0.00 secs] 
 (concurrent mode failure): 5044K->948K(6848K), 0.0086216 secs] 5044K->948K(9920K), [Metaspace: 3664K->3664K(1056768K)], 0.0090390 secs] [Times: user=0.00 sys=0.00, real=0.01 secs] 
6.532: [GC (Allocation Failure) 6.532: [ParNew: 0K->0K(3072K), 0.0003181 secs]6.533: [CMS: 5044K->948K(6848K), 0.0030848 secs] 5044K->948K(9920K), [Metaspace: 3664K->3664K(1056768K)], 0.0034994 secs] [Times: user=0.00 sys=0.00, real=0.00 secs] 
6.536: [GC (CMS Initial Mark) [1 CMS-initial-mark: 5044K(6848K)] 5044K(9920K), 0.0001096 secs] [Times: user=0.06 sys=0.01, real=0.00 secs] 
6.536: [CMS-concurrent-mark-start]
6.536: [GC (Allocation Failure) 6.536: [ParNew: 0K->0K(3072K), 0.0002167 secs]6.537: [CMS6.542: [CMS-concurrent-mark: 0.002/0.006 secs] [Times: user=0.00 sys=0.00, real=0.01 secs] 
 (concurrent mode failure): 5044K->948K(6848K), 0.0117983 secs] 5044K->948K(9920K), [Metaspace: 3664K->3664K(1056768K)], 0.0121244 secs] [Times: user=0.00 sys=0.00, real=0.01 secs] 
6.549: [GC (Allocation Failure) 6.549: [ParNew: 0K->0K(3072K), 0.0002914 secs]6.549: [CMS: 5044K->948K(6848K), 0.0027430 secs] 5044K->948K(9920K), [Metaspace: 3664K->3664K(1056768K)], 0.0031344 secs] [Times: user=0.01 sys=0.00, real=0.00 secs] 
6.552: [GC (CMS Initial Mark) [1 CMS-initial-mark: 5044K(6848K)] 5044K(9920K), 0.0000913 secs] [Times: user=0.00 sys=0.00, real=0.00 secs] 
6.553: [CMS-concurrent-mark-start]
6.553: [GC (Allocation Failure) 6.553: [ParNew: 0K->0K(3072K), 0.0002646 secs]6.553: [CMS6.557: [CMS-concurrent-mark: 0.002/0.004 secs] [Times: user=0.00 sys=0.00, real=0.01 secs] 
 (concurrent mode failure): 5044K->948K(6848K), 0.0095201 secs] 5044K->948K(9920K), [Metaspace: 3664K->3664K(1056768K)], 0.0099712 secs] [Times: user=0.00 sys=0.00, real=0.01 secs] 
6.563: [GC (Allocation Failure) 6.563: [ParNew: 0K->0K(3072K), 0.0003040 secs]6.563: [CMS: 5044K->948K(6848K), 0.0039235 secs] 5044K->948K(9920K), [Metaspace: 3664K->3664K(1056768K)], 0.0043350 secs] [Times: user=0.02 sys=0.00, real=0.01 secs] 
6.568: [GC (CMS Initial Mark) [1 CMS-initial-mark: 5044K(6848K)] 5044K(9920K), 0.0001428 secs] [Times: user=0.00 sys=0.00, real=0.00 secs] 
6.568: [CMS-concurrent-mark-start]
6.568: [GC (Allocation Failure) 6.568: [ParNew: 0K->0K(3072K), 0.0002710 secs]6.568: [CMS6.573: [CMS-concurrent-mark: 0.002/0.005 secs] [Times: user=0.00 sys=0.00, real=0.00 secs] 
 (concurrent mode failure): 5044K->948K(6848K), 0.0093510 secs] 5044K->948K(9920K), [Metaspace: 3664K->3664K(1056768K)], 0.0097253 secs] [Times: user=0.00 sys=0.00, real=0.01 secs] 
6.578: [GC (Allocation Failure) 6.578: [ParNew: 0K->0K(3072K), 0.0003705 secs]6.579: [CMS: 5044K->948K(6848K), 0.0081711 secs] 5044K->948K(9920K), [Metaspace: 3664K->3664K(1056768K)], 0.0087322 secs] [Times: user=0.02 sys=0.00, real=0.01 secs] 
6.588: [GC (CMS Initial Mark) [1 CMS-initial-mark: 5044K(6848K)] 5044K(9920K), 0.0001654 secs] [Times: user=0.00 sys=0.00, real=0.00 secs] 
6.588: [CMS-concurrent-mark-start]
6.588: [GC (Allocation Failure) 6.588: [ParNew: 0K->0K(3072K), 0.0003020 secs]6.588: [CMS6.605: [CMS-concurrent-mark: 0.002/0.017 secs] [Times: user=0.00 sys=0.00, real=0.02 secs] 
 (concurrent mode failure): 5044K->948K(6848K), 0.0194168 secs] 5044K->948K(9920K), [Metaspace: 3664K->3664K(1056768K)], 0.0198494 secs] [Times: user=0.00 sys=0.00, real=0.02 secs] 
6.608: [GC (Allocation Failure) 6.608: [ParNew: 0K->0K(3072K), 0.0003752 secs]6.609: [CMS: 5044K->948K(6848K), 0.0054017 secs] 5044K->948K(9920K), [Metaspace: 3664K->3664K(1056768K)], 0.0059241 secs] [Times: user=0.00 sys=0.00, real=0.01 secs] 
6.615: [GC (CMS Initial Mark) [1 CMS-initial-mark: 5044K(6848K)] 5044K(9920K), 0.0001473 secs] [Times: user=0.00 sys=0.00, real=0.00 secs] 
6.615: [CMS-concurrent-mark-start]
6.615: [GC (Allocation Failure) 6.615: [ParNew: 0K->0K(3072K), 0.0003010 secs]6.615: [CMS6.620: [CMS-concurrent-mark: 0.002/0.005 secs] [Times: user=0.00 sys=0.00, real=0.01 secs] 
 (concurrent mode failure): 5044K->948K(6848K), 0.0081611 secs] 5044K->948K(9920K), [Metaspace: 3664K->3664K(1056768K)], 0.0085687 secs] [Times: user=0.00 sys=0.00, real=0.01 secs] 
6.624: [GC (Allocation Failure) 6.624: [ParNew: 0K->0K(3072K), 0.0003209 secs]6.624: [CMS: 5044K->948K(6848K), 0.0056844 secs] 5044K->948K(9920K), [Metaspace: 3664K->3664K(1056768K)], 0.0061337 secs] [Times: user=0.00 sys=0.00, real=0.01 secs] 
6.630: [GC (CMS Initial Mark) [1 CMS-initial-mark: 5044K(6848K)] 5044K(9920K), 0.0001590 secs] [Times: user=0.00 sys=0.00, real=0.00 secs] 
6.631: [CMS-concurrent-mark-start]
6.631: [GC (Allocation Failure) 6.631: [ParNew: 0K->0K(3072K), 0.0003063 secs]6.631: [CMS6.635: [CMS-concurrent-mark: 0.002/0.004 secs] [Times: user=0.00 sys=0.00, real=0.00 secs] 
 (concurrent mode failure): 5044K->948K(6848K), 0.0075574 secs] 5044K->948K(9920K), [Metaspace: 3664K->3664K(1056768K)], 0.0079765 secs] [Times: user=0.00 sys=0.00, real=0.01 secs] 
6.639: [GC (Allocation Failure) 6.639: [ParNew: 0K->0K(3072K), 0.0003169 secs]6.640: [CMS: 5044K->948K(6848K), 0.0056172 secs] 5044K->948K(9920K), [Metaspace: 3664K->3664K(1056768K)], 0.0060853 secs] [Times: user=0.00 sys=0.00, real=0.01 secs] 
6.646: [GC (CMS Initial Mark) [1 CMS-initial-mark: 5044K(6848K)] 5044K(9920K), 0.0001514 secs] [Times: user=0.00 sys=0.00, real=0.00 secs] 
6.646: [CMS-concurrent-mark-start]
6.646: [GC (Allocation Failure) 6.646: [ParNew: 0K->0K(3072K), 0.0003603 secs]6.646: [CMS6.651: [CMS-concurrent-mark: 0.002/0.005 secs] [Times: user=0.00 sys=0.00, real=0.00 secs] 
 (concurrent mode failure): 5044K->948K(6848K), 0.0109067 secs] 5044K->948K(9920K), [Metaspace: 3664K->3664K(1056768K)], 0.0114218 secs] [Times: user=0.00 sys=0.00, real=0.01 secs] 
6.659: [GC (Allocation Failure) 6.659: [ParNew: 0K->0K(3072K), 0.0006234 secs]6.659: [CMS: 5044K->948K(6848K), 0.0074311 secs] 5044K->948K(9920K), [Metaspace: 3664K->3664K(1056768K)], 0.0082700 secs] [Times: user=0.02 sys=0.00, real=0.01 secs] 
6.668: [GC (CMS Initial Mark) [1 CMS-initial-mark: 5044K(6848K)] 5044K(9920K), 0.0002654 secs] [Times: user=0.00 sys=0.00, real=0.00 secs] 
6.668: [CMS-concurrent-mark-start]
6.668: [GC (Allocation Failure) 6.668: [ParNew: 0K->0K(3072K), 0.0004170 secs]6.669: [CMS6.681: [CMS-concurrent-mark: 0.002/0.013 secs] [Times: user=0.00 sys=0.00, real=0.01 secs] 
 (concurrent mode failure): 5044K->948K(6848K), 0.0162805 secs] 5044K->948K(9920K), [Metaspace: 3664K->3664K(1056768K)], 0.0168467 secs] [Times: user=0.00 sys=0.00, real=0.02 secs] 
6.685: [GC (Allocation Failure) 6.686: [ParNew: 0K->0K(3072K), 0.0002948 secs]6.686: [CMS: 5044K->948K(6848K), 0.0031121 secs] 5044K->948K(9920K), [Metaspace: 3664K->3664K(1056768K)], 0.0035219 secs] [Times: user=0.00 sys=0.00, real=0.00 secs] 
6.689: [GC (CMS Initial Mark) [1 CMS-initial-mark: 5044K(6848K)] 5044K(9920K), 0.0001334 secs] [Times: user=0.00 sys=0.00, real=0.00 secs] 
6.690: [CMS-concurrent-mark-start]
6.690: [GC (Allocation Failure) 6.690: [ParNew: 0K->0K(3072K), 0.0002656 secs]6.690: [CMS6.697: [CMS-concurrent-mark: 0.002/0.007 secs] [Times: user=0.00 sys=0.00, real=0.01 secs] 
 (concurrent mode failure): 5044K->948K(6848K), 0.0107430 secs] 5044K->948K(9920K), [Metaspace: 3664K->3664K(1056768K)], 0.0111105 secs] [Times: user=0.00 sys=0.00, real=0.01 secs] 
6.701: [GC (Allocation Failure) 6.701: [ParNew: 0K->0K(3072K), 0.0002833 secs]6.702: [CMS: 5044K->948K(6848K), 0.0033112 secs] 5044K->948K(9920K), [Metaspace: 3664K->3664K(1056768K)], 0.0036870 secs] [Times: user=0.00 sys=0.00, real=0.00 secs] 
6.705: [GC (CMS Initial Mark) [1 CMS-initial-mark: 5044K(6848K)] 5044K(9920K), 0.0001513 secs] [Times: user=0.00 sys=0.00, real=0.00 secs] 
6.706: [CMS-concurrent-mark-start]
6.706: [GC (Allocation Failure) 6.706: [ParNew: 0K->0K(3072K), 0.0002681 secs]6.706: [CMS6.712: [CMS-concurrent-mark: 0.002/0.007 secs] [Times: user=0.00 sys=0.00, real=0.01 secs] 
 (concurrent mode failure): 5044K->948K(6848K), 0.0107838 secs] 5044K->948K(9920K), [Metaspace: 3664K->3664K(1056768K)], 0.0111774 secs] [Times: user=0.00 sys=0.00, real=0.01 secs] 
6.718: [GC (Allocation Failure) 6.718: [ParNew: 0K->0K(3072K), 0.0002967 secs]6.718: [CMS: 5044K->948K(6848K), 0.0032955 secs] 5044K->948K(9920K), [Metaspace: 3664K->3664K(1056768K)], 0.0036902 secs] [Times: user=0.00 sys=0.00, real=0.00 secs] 
6.722: [GC (CMS Initial Mark) [1 CMS-initial-mark: 5044K(6848K)] 5044K(9920K), 0.0001123 secs] [Times: user=0.00 sys=0.00, real=0.00 secs] 
6.722: [CMS-concurrent-mark-start]
6.722: [GC (Allocation Failure) 6.722: [ParNew: 0K->0K(3072K), 0.0002485 secs]6.722: [CMS6.729: [CMS-concurrent-mark: 0.002/0.007 secs] [Times: user=0.00 sys=0.00, real=0.01 secs] 
 (concurrent mode failure): 5044K->948K(6848K), 0.0099607 secs] 5044K->948K(9920K), [Metaspace: 3664K->3664K(1056768K)], 0.0103052 secs] [Times: user=0.00 sys=0.00, real=0.01 secs] 
6.733: [GC (Allocation Failure) 6.733: [ParNew: 0K->0K(3072K), 0.0002703 secs]6.733: [CMS: 5044K->948K(6848K), 0.0035273 secs] 5044K->948K(9920K), [Metaspace: 3664K->3664K(1056768K)], 0.0039133 secs] [Times: user=0.00 sys=0.00, real=0.00 secs] 
6.737: [GC (CMS Initial Mark) [1 CMS-initial-mark: 5044K(6848K)] 5044K(9920K), 0.0001505 secs] [Times: user=0.00 sys=0.00, real=0.00 secs] 
6.737: [CMS-concurrent-mark-start]
6.737: [GC (Allocation Failure) 6.737: [ParNew: 0K->0K(3072K), 0.0002745 secs]6.737: [CMS6.744: [CMS-concurrent-mark: 0.002/0.007 secs] [Times: user=0.00 sys=0.00, real=0.01 secs] 
 (concurrent mode failure): 5044K->948K(6848K), 0.0107798 secs] 5044K->948K(9920K), [Metaspace: 3664K->3664K(1056768K)], 0.0111494 secs] [Times: user=0.00 sys=0.00, real=0.01 secs] 
6.749: [GC (Allocation Failure) 6.749: [ParNew: 0K->0K(3072K), 0.0003044 secs]6.749: [CMS: 5044K->948K(6848K), 0.0044456 secs] 5044K->948K(9920K), [Metaspace: 3664K->3664K(1056768K)], 0.0048532 secs] [Times: user=0.00 sys=0.00, real=0.00 secs] 
6.755: [GC (CMS Initial Mark) [1 CMS-initial-mark: 5044K(6848K)] 5044K(9920K), 0.0001940 secs] [Times: user=0.01 sys=0.00, real=0.00 secs] 
6.755: [CMS-concurrent-mark-start]
6.757: [GC (Allocation Failure) 6.757: [ParNew: 0K->0K(3072K), 0.0002926 secs]6.757: [CMS6.759: [CMS-concurrent-mark: 0.002/0.003 secs] [Times: user=0.00 sys=0.00, real=0.00 secs] 
 (concurrent mode failure): 5044K->948K(6848K), 0.0073126 secs] 5044K->948K(9920K), [Metaspace: 3664K->3664K(1056768K)], 0.0078177 secs] [Times: user=0.00 sys=0.00, real=0.01 secs] 
6.765: [GC (Allocation Failure) 6.765: [ParNew: 0K->0K(3072K), 0.0003634 secs]6.765: [CMS: 5044K->948K(6848K), 0.0041192 secs] 5044K->948K(9920K), [Metaspace: 3664K->3664K(1056768K)], 0.0046850 secs] [Times: user=0.00 sys=0.00, real=0.00 secs] 
6.770: [GC (CMS Initial Mark) [1 CMS-initial-mark: 5044K(6848K)] 5044K(9920K), 0.0001706 secs] [Times: user=0.00 sys=0.00, real=0.00 secs] 
6.770: [CMS-concurrent-mark-start]
6.770: [GC (Allocation Failure) 6.770: [ParNew: 0K->0K(3072K), 0.0002836 secs]6.771: [CMS6.775: [CMS-concurrent-mark: 0.002/0.005 secs] [Times: user=0.00 sys=0.00, real=0.00 secs] 
 (concurrent mode failure): 5044K->948K(6848K), 0.0093010 secs] 5044K->948K(9920K), [Metaspace: 3664K->3664K(1056768K)], 0.0097167 secs] [Times: user=0.00 sys=0.00, real=0.01 secs] 
6.781: [GC (Allocation Failure) 6.781: [ParNew: 0K->0K(3072K), 0.0002900 secs]6.781: [CMS: 5044K->948K(6848K), 0.0037623 secs] 5044K->948K(9920K), [Metaspace: 3664K->3664K(1056768K)], 0.0041575 secs] [Times: user=0.00 sys=0.00, real=0.00 secs] 
6.785: [GC (CMS Initial Mark) [1 CMS-initial-mark: 5044K(6848K)] 5044K(9920K), 0.0001229 secs] [Times: user=0.00 sys=0.00, real=0.00 secs] 
6.785: [CMS-concurrent-mark-start]
6.785: [GC (Allocation Failure) 6.785: [ParNew: 0K->0K(3072K), 0.0002815 secs]6.786: [CMS6.791: [CMS-concurrent-mark: 0.002/0.005 secs] [Times: user=0.00 sys=0.00, real=0.01 secs] 
 (concurrent mode failure): 5044K->948K(6848K), 0.0097230 secs] 5044K->948K(9920K), [Metaspace: 3664K->3664K(1056768K)], 0.0101030 secs] [Times: user=0.00 sys=0.00, real=0.01 secs] 
6.796: [GC (Allocation Failure) 6.796: [ParNew: 0K->0K(3072K), 0.0002902 secs]6.796: [CMS: 5044K->948K(6848K), 0.0033084 secs] 5044K->948K(9920K), [Metaspace: 3664K->3664K(1056768K)], 0.0036906 secs] [Times: user=0.00 sys=0.00, real=0.00 secs] 
6.800: [GC (CMS Initial Mark) [1 CMS-initial-mark: 5044K(6848K)] 5044K(9920K), 0.0001093 secs] [Times: user=0.00 sys=0.00, real=0.00 secs] 
6.800: [CMS-concurrent-mark-start]
6.800: [GC (Allocation Failure) 6.800: [ParNew: 0K->0K(3072K), 0.0002651 secs]6.800: [CMS6.806: [CMS-concurrent-mark: 0.002/0.006 secs] [Times: user=0.00 sys=0.00, real=0.01 secs] 
 (concurrent mode failure): 5044K->948K(6848K), 0.0100442 secs] 5044K->948K(9920K), [Metaspace: 3664K->3664K(1056768K)], 0.0104340 secs] [Times: user=0.00 sys=0.00, real=0.01 secs] 
6.811: [GC (Allocation Failure) 6.811: [ParNew: 0K->0K(3072K), 0.0002715 secs]6.812: [CMS: 5044K->948K(6848K), 0.0031596 secs] 5044K->948K(9920K), [Metaspace: 3664K->3664K(1056768K)], 0.0035371 secs] [Times: user=0.00 sys=0.00, real=0.00 secs] 
6.815: [GC (CMS Initial Mark) [1 CMS-initial-mark: 5044K(6848K)] 5044K(9920K), 0.0001137 secs] [Times: user=0.00 sys=0.00, real=0.00 secs] 
6.815: [CMS-concurrent-mark-start]
6.815: [GC (Allocation Failure) 6.815: [ParNew: 0K->0K(3072K), 0.0002703 secs]6.816: [CMS6.822: [CMS-concurrent-mark: 0.002/0.007 secs] [Times: user=0.00 sys=0.00, real=0.01 secs] 
 (concurrent mode failure): 5044K->948K(6848K), 0.0095456 secs] 5044K->948K(9920K), [Metaspace: 3664K->3664K(1056768K)], 0.0099344 secs] [Times: user=0.00 sys=0.00, real=0.01 secs] 
6.826: [GC (Allocation Failure) 6.826: [ParNew: 0K->0K(3072K), 0.0005730 secs]6.827: [CMS: 5044K->948K(6848K), 0.0032057 secs] 5044K->948K(9920K), [Metaspace: 3664K->3664K(1056768K)], 0.0039693 secs] [Times: user=0.00 sys=0.00, real=0.00 secs] 
6.830: [GC (CMS Initial Mark) [1 CMS-initial-mark: 5044K(6848K)] 5044K(9920K), 0.0001204 secs] [Times: user=0.00 sys=0.00, real=0.00 secs] 
6.830: [CMS-concurrent-mark-start]
6.830: [GC (Allocation Failure) 6.830: [ParNew: 0K->0K(3072K), 0.0002575 secs]6.831: [CMS6.838: [CMS-concurrent-mark: 0.002/0.007 secs] [Times: user=0.00 sys=0.00, real=0.01 secs] 
 (concurrent mode failure): 5044K->948K(6848K), 0.0097001 secs] 5044K->948K(9920K), [Metaspace: 3664K->3664K(1056768K)], 0.0100989 secs] [Times: user=0.00 sys=0.00, real=0.01 secs] 
6.841: [GC (Allocation Failure) 6.841: [ParNew: 0K->0K(3072K), 0.0003212 secs]6.841: [CMS: 5044K->948K(6848K), 0.0043701 secs] 5044K->948K(9920K), [Metaspace: 3664K->3664K(1056768K)], 0.0047921 secs] [Times: user=0.00 sys=0.00, real=0.01 secs] 
6.846: [GC (CMS Initial Mark) [1 CMS-initial-mark: 5044K(6848K)] 5044K(9920K), 0.0001432 secs] [Times: user=0.00 sys=0.00, real=0.00 secs] 
6.846: [CMS-concurrent-mark-start]
6.846: [GC (Allocation Failure) 6.846: [ParNew: 0K->0K(3072K), 0.0002508 secs]6.847: [CMS6.853: [CMS-concurrent-mark: 0.002/0.007 secs] [Times: user=0.00 sys=0.00, real=0.01 secs] 
 (concurrent mode failure): 5044K->948K(6848K), 0.0091077 secs] 5044K->948K(9920K), [Metaspace: 3664K->3664K(1056768K)], 0.0094490 secs] [Times: user=0.00 sys=0.00, real=0.01 secs] 
6.856: [GC (Allocation Failure) 6.856: [ParNew: 0K->0K(3072K), 0.0002790 secs]6.856: [CMS: 5044K->948K(6848K), 0.0044851 secs] 5044K->948K(9920K), [Metaspace: 3664K->3664K(1056768K)], 0.0048610 secs] [Times: user=0.00 sys=0.00, real=0.01 secs] 
6.861: [GC (CMS Initial Mark) [1 CMS-initial-mark: 5044K(6848K)] 5044K(9920K), 0.0001366 secs] [Times: user=0.00 sys=0.00, real=0.00 secs] 
6.862: [CMS-concurrent-mark-start]
6.862: [GC (Allocation Failure) 6.862: [ParNew: 0K->0K(3072K), 0.0002907 secs]6.862: [CMS6.869: [CMS-concurrent-mark: 0.002/0.007 secs] [Times: user=0.00 sys=0.00, real=0.01 secs] 
 (concurrent mode failure): 5044K->948K(6848K), 0.0102481 secs] 5044K->948K(9920K), [Metaspace: 3664K->3664K(1056768K)], 0.0106273 secs] [Times: user=0.00 sys=0.00, real=0.01 secs] 
6.873: [GC (Allocation Failure) 6.873: [ParNew: 0K->0K(3072K), 0.0002770 secs]6.873: [CMS: 5044K->948K(6848K), 0.0035251 secs] 5044K->948K(9920K), [Metaspace: 3664K->3664K(1056768K)], 0.0039154 secs] [Times: user=0.00 sys=0.00, real=0.00 secs] 
6.877: [GC (CMS Initial Mark) [1 CMS-initial-mark: 5044K(6848K)] 5044K(9920K), 0.0001802 secs] [Times: user=0.00 sys=0.00, real=0.00 secs] 
6.877: [CMS-concurrent-mark-start]
6.877: [GC (Allocation Failure) 6.877: [ParNew: 0K->0K(3072K), 0.0002957 secs]6.878: [CMS6.884: [CMS-concurrent-mark: 0.002/0.007 secs] [Times: user=0.00 sys=0.00, real=0.01 secs] 
 (concurrent mode failure): 5044K->948K(6848K), 0.0092498 secs] 5044K->948K(9920K), [Metaspace: 3664K->3664K(1056768K)], 0.0096999 secs] [Times: user=0.00 sys=0.00, real=0.01 secs] 
6.887: [GC (Allocation Failure) 6.888: [ParNew: 0K->0K(3072K), 0.0002525 secs]6.888: [CMS: 5044K->948K(6848K), 0.0025154 secs] 5044K->948K(9920K), [Metaspace: 3664K->3664K(1056768K)], 0.0028587 secs] [Times: user=0.00 sys=0.00, real=0.00 secs] 
6.891: [GC (CMS Initial Mark) [1 CMS-initial-mark: 5044K(6848K)] 5044K(9920K), 0.0000817 secs] [Times: user=0.00 sys=0.00, real=0.00 secs] 
6.891: [CMS-concurrent-mark-start]
6.891: [GC (Allocation Failure) 6.891: [ParNew: 0K->0K(3072K), 0.0002916 secs]6.891: [CMS6.900: [CMS-concurrent-mark: 0.002/0.009 secs] [Times: user=0.00 sys=0.00, real=0.01 secs] 
 (concurrent mode failure): 5044K->948K(6848K), 0.0110631 secs] 5044K->948K(9920K), [Metaspace: 3664K->3664K(1056768K)], 0.0114247 secs] [Times: user=0.00 sys=0.00, real=0.01 secs] 
6.903: [GC (Allocation Failure) 6.903: [ParNew: 0K->0K(3072K), 0.0002525 secs]6.903: [CMS: 5044K->948K(6848K), 0.0021609 secs] 5044K->948K(9920K), [Metaspace: 3664K->3664K(1056768K)], 0.0024839 secs] [Times: user=0.00 sys=0.00, real=0.00 secs] 
6.905: [GC (CMS Initial Mark) [1 CMS-initial-mark: 5044K(6848K)] 5044K(9920K), 0.0000789 secs] [Times: user=0.00 sys=0.00, real=0.00 secs] 
6.905: [CMS-concurrent-mark-start]
6.905: [GC (Allocation Failure) 6.905: [ParNew: 0K->0K(3072K), 0.0001822 secs]6.906: [CMS6.915: [CMS-concurrent-mark: 0.002/0.010 secs] [Times: user=0.00 sys=0.00, real=0.01 secs] 
 (concurrent mode failure): 5044K->948K(6848K), 0.0119919 secs] 5044K->948K(9920K), [Metaspace: 3664K->3664K(1056768K)], 0.0122406 secs] [Times: user=0.00 sys=0.00, real=0.01 secs] 
6.918: [GC (Allocation Failure) 6.918: [ParNew: 0K->0K(3072K), 0.0002358 secs]6.918: [CMS: 5044K->948K(6848K), 0.0020566 secs] 5044K->948K(9920K), [Metaspace: 3664K->3664K(1056768K)], 0.0024257 secs] [Times: user=0.00 sys=0.00, real=0.00 secs] 
6.921: [GC (CMS Initial Mark) [1 CMS-initial-mark: 5044K(6848K)] 5044K(9920K), 0.0000906 secs] [Times: user=0.00 sys=0.00, real=0.00 secs] 
6.921: [CMS-concurrent-mark-start]
6.921: [GC (Allocation Failure) 6.921: [ParNew: 0K->0K(3072K), 0.0001993 secs]6.921: [CMS6.932: [CMS-concurrent-mark: 0.002/0.011 secs] [Times: user=0.00 sys=0.00, real=0.01 secs] 
 (concurrent mode failure): 5044K->948K(6848K), 0.0126069 secs] 5044K->948K(9920K), [Metaspace: 3664K->3664K(1056768K)], 0.0128852 secs] [Times: user=0.00 sys=0.00, real=0.01 secs] 
6.934: [GC (Allocation Failure) 6.934: [ParNew: 0K->0K(3072K), 0.0002134 secs]6.934: [CMS: 5044K->948K(6848K), 0.0020203 secs] 5044K->948K(9920K), [Metaspace: 3664K->3664K(1056768K)], 0.0022999 secs] [Times: user=0.00 sys=0.00, real=0.00 secs] 
6.937: [GC (CMS Initial Mark) [1 CMS-initial-mark: 5044K(6848K)] 5044K(9920K), 0.0001026 secs] [Times: user=0.00 sys=0.00, real=0.00 secs] 
6.937: [CMS-concurrent-mark-start]
6.937: [GC (Allocation Failure) 6.937: [ParNew: 0K->0K(3072K), 0.0002256 secs]6.937: [CMS6.947: [CMS-concurrent-mark: 0.002/0.010 secs] [Times: user=0.00 sys=0.00, real=0.01 secs] 
 (concurrent mode failure): 5044K->948K(6848K), 0.0120109 secs] 5044K->948K(9920K), [Metaspace: 3664K->3664K(1056768K)], 0.0123028 secs] [Times: user=0.00 sys=0.00, real=0.01 secs] 
6.950: [GC (Allocation Failure) 6.950: [ParNew: 0K->0K(3072K), 0.0002122 secs]6.950: [CMS: 5044K->948K(6848K), 0.0019844 secs] 5044K->948K(9920K), [Metaspace: 3664K->3664K(1056768K)], 0.0022684 secs] [Times: user=0.00 sys=0.00, real=0.00 secs] 
6.952: [GC (CMS Initial Mark) [1 CMS-initial-mark: 5044K(6848K)] 5044K(9920K), 0.0000810 secs] [Times: user=0.00 sys=0.00, real=0.00 secs] 
6.952: [CMS-concurrent-mark-start]
6.952: [GC (Allocation Failure) 6.952: [ParNew: 0K->0K(3072K), 0.0002435 secs]6.953: [CMS6.963: [CMS-concurrent-mark: 0.002/0.010 secs] [Times: user=0.00 sys=0.00, real=0.01 secs] 
 (concurrent mode failure): 5044K->948K(6848K), 0.0124119 secs] 5044K->948K(9920K), [Metaspace: 3664K->3664K(1056768K)], 0.0127359 secs] [Times: user=0.00 sys=0.00, real=0.01 secs] 
6.965: [GC (Allocation Failure) 6.965: [ParNew: 0K->0K(3072K), 0.0002084 secs]6.966: [CMS: 5044K->948K(6848K), 0.0021179 secs] 5044K->948K(9920K), [Metaspace: 3664K->3664K(1056768K)], 0.0024128 secs] [Times: user=0.00 sys=0.00, real=0.00 secs] 
6.968: [GC (CMS Initial Mark) [1 CMS-initial-mark: 5044K(6848K)] 5044K(9920K), 0.0001186 secs] [Times: user=0.00 sys=0.00, real=0.00 secs] 
6.968: [CMS-concurrent-mark-start]
6.969: [GC (Allocation Failure) 6.969: [ParNew: 0K->0K(3072K), 0.0002112 secs]6.969: [CMS6.978: [CMS-concurrent-mark: 0.002/0.009 secs] [Times: user=0.00 sys=0.00, real=0.01 secs] 
 (concurrent mode failure): 5044K->948K(6848K), 0.0118089 secs] 5044K->948K(9920K), [Metaspace: 3664K->3664K(1056768K)], 0.0120987 secs] [Times: user=0.00 sys=0.00, real=0.01 secs] 
6.981: [GC (Allocation Failure) 6.981: [ParNew: 0K->0K(3072K), 0.0002114 secs]6.981: [CMS: 5044K->948K(6848K), 0.0021061 secs] 5044K->948K(9920K), [Metaspace: 3664K->3664K(1056768K)], 0.0023961 secs] [Times: user=0.00 sys=0.00, real=0.00 secs] 
6.984: [GC (CMS Initial Mark) [1 CMS-initial-mark: 5044K(6848K)] 5044K(9920K), 0.0001166 secs] [Times: user=0.00 sys=0.00, real=0.00 secs] 
6.984: [CMS-concurrent-mark-start]
6.984: [GC (Allocation Failure) 6.984: [ParNew: 0K->0K(3072K), 0.0002040 secs]6.984: [CMS6.994: [CMS-concurrent-mark: 0.002/0.010 secs] [Times: user=0.00 sys=0.00, real=0.01 secs] 
 (concurrent mode failure): 5044K->948K(6848K), 0.0125429 secs] 5044K->948K(9920K), [Metaspace: 3664K->3664K(1056768K)], 0.0128485 secs] [Times: user=0.00 sys=0.00, real=0.01 secs] 
6.997: [GC (Allocation Failure) 6.997: [ParNew: 0K->0K(3072K), 0.0002321 secs]6.997: [CMS: 5044K->948K(6848K), 0.0022019 secs] 5044K->948K(9920K), [Metaspace: 3664K->3664K(1056768K)], 0.0025129 secs] [Times: user=0.00 sys=0.00, real=0.00 secs] 
7.000: [GC (CMS Initial Mark) [1 CMS-initial-mark: 5044K(6848K)] 5044K(9920K), 0.0001435 secs] [Times: user=0.00 sys=0.00, real=0.00 secs] 
7.000: [CMS-concurrent-mark-start]
7.000: [GC (Allocation Failure) 7.000: [ParNew: 0K->0K(3072K), 0.0002512 secs]7.001: [CMS7.009: [CMS-concurrent-mark: 0.002/0.009 secs] [Times: user=0.00 sys=0.00, real=0.01 secs] 
 (concurrent mode failure): 5044K->948K(6848K), 0.0123718 secs] 5044K->948K(9920K), [Metaspace: 3664K->3664K(1056768K)], 0.0127177 secs] [Times: user=0.00 sys=0.00, real=0.01 secs] 
7.014: [GC (Allocation Failure) 7.014: [ParNew: 0K->0K(3072K), 0.0002336 secs]7.014: [CMS: 5044K->948K(6848K), 0.0019741 secs] 5044K->948K(9920K), [Metaspace: 3664K->3664K(1056768K)], 0.0022777 secs] [Times: user=0.00 sys=0.00, real=0.00 secs] 
7.016: [GC (CMS Initial Mark) [1 CMS-initial-mark: 5044K(6848K)] 5044K(9920K), 0.0000822 secs] [Times: user=0.00 sys=0.00, real=0.00 secs] 
7.016: [CMS-concurrent-mark-start]
7.016: [GC (Allocation Failure) 7.016: [ParNew: 0K->0K(3072K), 0.0001924 secs]7.017: [CMS7.024: [CMS-concurrent-mark: 0.002/0.008 secs] [Times: user=0.00 sys=0.00, real=0.01 secs] 
 (concurrent mode failure): 5044K->948K(6848K), 0.0113771 secs] 5044K->948K(9920K), [Metaspace: 3664K->3664K(1056768K)], 0.0116606 secs] [Times: user=0.00 sys=0.00, real=0.01 secs] 
7.028: [GC (Allocation Failure) 7.028: [ParNew: 0K->0K(3072K), 0.0002299 secs]7.029: [CMS: 5044K->948K(6848K), 0.0026057 secs] 5044K->948K(9920K), [Metaspace: 3664K->3664K(1056768K)], 0.0029145 secs] [Times: user=0.00 sys=0.00, real=0.00 secs] 
7.032: [GC (CMS Initial Mark) [1 CMS-initial-mark: 5044K(6848K)] 5044K(9920K), 0.0000868 secs] [Times: user=0.00 sys=0.00, real=0.00 secs] 
7.032: [CMS-concurrent-mark-start]
7.032: [GC (Allocation Failure) 7.032: [ParNew: 0K->0K(3072K), 0.0002364 secs]7.032: [CMS7.040: [CMS-concurrent-mark: 0.002/0.008 secs] [Times: user=0.00 sys=0.00, real=0.01 secs] 
 (concurrent mode failure): 5044K->948K(6848K), 0.0117032 secs] 5044K->948K(9920K), [Metaspace: 3664K->3664K(1056768K)], 0.0121160 secs] [Times: user=0.00 sys=0.00, real=0.01 secs] 
7.045: [GC (Allocation Failure) 7.045: [ParNew: 0K->0K(3072K), 0.0002138 secs]7.045: [CMS: 5044K->948K(6848K), 0.0022260 secs] 5044K->948K(9920K), [Metaspace: 3664K->3664K(1056768K)], 0.0025236 secs] [Times: user=0.00 sys=0.00, real=0.00 secs] 
7.048: [GC (CMS Initial Mark) [1 CMS-initial-mark: 5044K(6848K)] 5044K(9920K), 0.0001232 secs] [Times: user=0.00 sys=0.00, real=0.00 secs] 
7.048: [CMS-concurrent-mark-start]
7.048: [GC (Allocation Failure) 7.048: [ParNew: 0K->0K(3072K), 0.0002433 secs]7.048: [CMS7.056: [CMS-concurrent-mark: 0.002/0.008 secs] [Times: user=0.00 sys=0.00, real=0.01 secs] 
 (concurrent mode failure): 5044K->948K(6848K), 0.0105858 secs] 5044K->948K(9920K), [Metaspace: 3664K->3664K(1056768K)], 0.0109607 secs] [Times: user=0.00 sys=0.00, real=0.01 secs] 
7.059: [GC (Allocation Failure) 7.059: [ParNew: 0K->0K(3072K), 0.0004615 secs]7.060: [CMS: 5044K->948K(6848K), 0.0031749 secs] 5044K->948K(9920K), [Metaspace: 3664K->3664K(1056768K)], 0.0037674 secs] [Times: user=0.00 sys=0.00, real=0.00 secs] 
7.063: [GC (CMS Initial Mark) [1 CMS-initial-mark: 5044K(6848K)] 5044K(9920K), 0.0001499 secs] [Times: user=0.00 sys=0.00, real=0.00 secs] 
7.064: [CMS-concurrent-mark-start]
7.064: [GC (Allocation Failure) 7.064: [ParNew: 0K->0K(3072K), 0.0002353 secs]7.064: [CMS7.071: [CMS-concurrent-mark: 0.002/0.007 secs] [Times: user=0.00 sys=0.00, real=0.01 secs] 
 (concurrent mode failure): 5044K->948K(6848K), 0.0098885 secs] 5044K->948K(9920K), [Metaspace: 3664K->3664K(1056768K)], 0.0102192 secs] [Times: user=0.00 sys=0.00, real=0.01 secs] 
7.074: [GC (Allocation Failure) 7.074: [ParNew: 0K->0K(3072K), 0.0003392 secs]7.075: [CMS: 5044K->948K(6848K), 0.0038510 secs] 5044K->948K(9920K), [Metaspace: 3664K->3664K(1056768K)], 0.0042930 secs] [Times: user=0.00 sys=0.00, real=0.01 secs] 
7.079: [GC (CMS Initial Mark) [1 CMS-initial-mark: 5044K(6848K)] 5044K(9920K), 0.0001620 secs] [Times: user=0.00 sys=0.00, real=0.00 secs] 
7.079: [CMS-concurrent-mark-start]
7.079: [GC (Allocation Failure) 7.079: [ParNew: 0K->0K(3072K), 0.0002493 secs]7.080: [CMS7.086: [CMS-concurrent-mark: 0.002/0.007 secs] [Times: user=0.00 sys=0.00, real=0.01 secs] 
 (concurrent mode failure): 5044K->948K(6848K), 0.0094931 secs] 5044K->948K(9920K), [Metaspace: 3664K->3664K(1056768K)], 0.0098188 secs] [Times: user=0.00 sys=0.00, real=0.01 secs] 
7.089: [GC (Allocation Failure) 7.089: [ParNew: 0K->0K(3072K), 0.0002327 secs]7.090: [CMS: 5044K->948K(6848K), 0.0035816 secs] 5044K->948K(9920K), [Metaspace: 3664K->3664K(1056768K)], 0.0039017 secs] [Times: user=0.00 sys=0.00, real=0.00 secs] 
7.094: [GC (CMS Initial Mark) [1 CMS-initial-mark: 5044K(6848K)] 5044K(9920K), 0.0001845 secs] [Times: user=0.00 sys=0.00, real=0.00 secs] 
7.094: [CMS-concurrent-mark-start]
7.094: [GC (Allocation Failure) 7.094: [ParNew: 0K->0K(3072K), 0.0002579 secs]7.094: [CMS7.102: [CMS-concurrent-mark: 0.001/0.008 secs] [Times: user=0.00 sys=0.00, real=0.01 secs] 
 (concurrent mode failure): 5044K->948K(6848K), 0.0099958 secs] 5044K->948K(9920K), [Metaspace: 3664K->3664K(1056768K)], 0.0103488 secs] [Times: user=0.00 sys=0.00, real=0.01 secs] 
7.105: [GC (Allocation Failure) 7.105: [ParNew: 0K->0K(3072K), 0.0002743 secs]7.105: [CMS: 5044K->948K(6848K), 0.0021767 secs] 5044K->948K(9920K), [Metaspace: 3664K->3664K(1056768K)], 0.0025318 secs] [Times: user=0.00 sys=0.00, real=0.00 secs] 
7.108: [GC (CMS Initial Mark) [1 CMS-initial-mark: 5044K(6848K)] 5044K(9920K), 0.0001411 secs] [Times: user=0.00 sys=0.00, real=0.00 secs] 
7.108: [CMS-concurrent-mark-start]
7.108: [GC (Allocation Failure) 7.108: [ParNew: 0K->0K(3072K), 0.0002919 secs]7.108: [CMS7.117: [CMS-concurrent-mark: 0.002/0.010 secs] [Times: user=0.00 sys=0.00, real=0.01 secs] 
 (concurrent mode failure): 5044K->948K(6848K), 0.0117514 secs] 5044K->948K(9920K), [Metaspace: 3664K->3664K(1056768K)], 0.0121530 secs] [Times: user=0.00 sys=0.00, real=0.01 secs] 
7.121: [GC (Allocation Failure) 7.121: [ParNew: 0K->0K(3072K), 0.0002320 secs]7.121: [CMS: 5044K->948K(6848K), 0.0020622 secs] 5044K->948K(9920K), [Metaspace: 3664K->3664K(1056768K)], 0.0023743 secs] [Times: user=0.00 sys=0.00, real=0.00 secs] 
7.123: [GC (CMS Initial Mark) [1 CMS-initial-mark: 5044K(6848K)] 5044K(9920K), 0.0000876 secs] [Times: user=0.00 sys=0.00, real=0.00 secs] 
7.123: [CMS-concurrent-mark-start]
7.123: [GC (Allocation Failure) 7.124: [ParNew: 0K->0K(3072K), 0.0002484 secs]7.124: [CMS7.133: [CMS-concurrent-mark: 0.002/0.009 secs] [Times: user=0.00 sys=0.00, real=0.01 secs] 
 (concurrent mode failure): 5044K->948K(6848K), 0.0114583 secs] 5044K->948K(9920K), [Metaspace: 3664K->3664K(1056768K)], 0.0117851 secs] [Times: user=0.00 sys=0.00, real=0.01 secs] 
7.136: [GC (Allocation Failure) 7.136: [ParNew: 0K->0K(3072K), 0.0002599 secs]7.136: [CMS: 5044K->948K(6848K), 0.0021796 secs] 5044K->948K(9920K), [Metaspace: 3664K->3664K(1056768K)], 0.0025154 secs] [Times: user=0.00 sys=0.00, real=0.00 secs] 
7.138: [GC (CMS Initial Mark) [1 CMS-initial-mark: 5044K(6848K)] 5044K(9920K), 0.0000985 secs] [Times: user=0.00 sys=0.00, real=0.00 secs] 
7.139: [CMS-concurrent-mark-start]
7.139: [GC (Allocation Failure) 7.139: [ParNew: 0K->0K(3072K), 0.0002233 secs]7.139: [CMS7.148: [CMS-concurrent-mark: 0.002/0.009 secs] [Times: user=0.00 sys=0.00, real=0.01 secs] 
 (concurrent mode failure): 5044K->948K(6848K), 0.0110776 secs] 5044K->948K(9920K), [Metaspace: 3664K->3664K(1056768K)], 0.0113739 secs] [Times: user=0.00 sys=0.00, real=0.01 secs] 
7.150: [GC (Allocation Failure) 7.150: [ParNew: 0K->0K(3072K), 0.0002251 secs]7.151: [CMS: 5044K->948K(6848K), 0.0019116 secs] 5044K->948K(9920K), [Metaspace: 3664K->3664K(1056768K)], 0.0022150 secs] [Times: user=0.00 sys=0.00, real=0.00 secs] 
7.153: [GC (CMS Initial Mark) [1 CMS-initial-mark: 5044K(6848K)] 5044K(9920K), 0.0001501 secs] [Times: user=0.00 sys=0.00, real=0.00 secs] 
7.153: [CMS-concurrent-mark-start]
7.153: [GC (Allocation Failure) 7.153: [ParNew: 0K->0K(3072K), 0.0002075 secs]7.153: [CMS7.162: [CMS-concurrent-mark: 0.001/0.009 secs] [Times: user=0.00 sys=0.00, real=0.01 secs] 
 (concurrent mode failure): 5044K->948K(6848K), 0.0117448 secs] 5044K->948K(9920K), [Metaspace: 3664K->3664K(1056768K)], 0.0120412 secs] [Times: user=0.00 sys=0.00, real=0.01 secs] 
7.166: [GC (Allocation Failure) 7.166: [ParNew: 0K->0K(3072K), 0.0002148 secs]7.166: [CMS: 5044K->948K(6848K), 0.0023849 secs] 5044K->948K(9920K), [Metaspace: 3664K->3664K(1056768K)], 0.0026763 secs] [Times: user=0.00 sys=0.00, real=0.00 secs] 
7.169: [GC (CMS Initial Mark) [1 CMS-initial-mark: 5044K(6848K)] 5044K(9920K), 0.0001400 secs] [Times: user=0.00 sys=0.00, real=0.00 secs] 
7.169: [CMS-concurrent-mark-start]
7.169: [GC (Allocation Failure) 7.169: [ParNew: 0K->0K(3072K), 0.0002703 secs]7.169: [CMS7.178: [CMS-concurrent-mark: 0.002/0.009 secs] [Times: user=0.01 sys=0.00, real=0.01 secs] 
 (concurrent mode failure): 5044K->948K(6848K), 0.0192425 secs] 5044K->948K(9920K), [Metaspace: 3664K->3664K(1056768K)], 0.0196093 secs] [Times: user=0.01 sys=0.00, real=0.02 secs] 
7.190: [GC (Allocation Failure) 7.190: [ParNew: 0K->0K(3072K), 0.0003621 secs]7.191: [CMS: 5044K->948K(6848K), 0.0072380 secs] 5044K->948K(9920K), [Metaspace: 3664K->3664K(1056768K)], 0.0077190 secs] [Times: user=0.02 sys=0.00, real=0.01 secs] 
7.198: [GC (CMS Initial Mark) [1 CMS-initial-mark: 5044K(6848K)] 5044K(9920K), 0.0001624 secs] [Times: user=0.00 sys=0.00, real=0.00 secs] 
7.199: [CMS-concurrent-mark-start]
7.199: [GC (Allocation Failure) 7.199: [ParNew: 0K->0K(3072K), 0.0004057 secs]7.200: [CMS7.208: [CMS-concurrent-mark: 0.002/0.010 secs] [Times: user=0.02 sys=0.00, real=0.01 secs] 
 (concurrent mode failure): 5044K->948K(6848K), 0.0157644 secs] 5044K->948K(9920K), [Metaspace: 3664K->3664K(1056768K)], 0.0163072 secs] [Times: user=0.02 sys=0.00, real=0.02 secs] 
7.216: [GC (Allocation Failure) 7.216: [ParNew: 0K->0K(3072K), 0.0003307 secs]7.216: [CMS: 5044K->948K(6848K), 0.0049224 secs] 5044K->948K(9920K), [Metaspace: 3664K->3664K(1056768K)], 0.0053754 secs] [Times: user=0.00 sys=0.00, real=0.01 secs] 
7.222: [GC (CMS Initial Mark) [1 CMS-initial-mark: 5044K(6848K)] 5044K(9920K), 0.0001480 secs] [Times: user=0.00 sys=0.00, real=0.00 secs] 
7.222: [CMS-concurrent-mark-start]
7.222: [GC (Allocation Failure) 7.222: [ParNew: 0K->0K(3072K), 0.0002603 secs]7.222: [CMS7.240: [CMS-concurrent-mark: 0.002/0.018 secs] [Times: user=0.02 sys=0.00, real=0.02 secs] 
 (concurrent mode failure): 5044K->948K(6848K), 0.0237659 secs] 5044K->948K(9920K), [Metaspace: 3664K->3664K(1056768K)], 0.0241134 secs] [Times: user=0.02 sys=0.00, real=0.02 secs] 
7.247: [GC (Allocation Failure) 7.247: [ParNew: 0K->0K(3072K), 0.0003762 secs]7.247: [CMS: 5044K->948K(6848K), 0.0031718 secs] 5044K->948K(9920K), [Metaspace: 3664K->3664K(1056768K)], 0.0036628 secs] [Times: user=0.00 sys=0.00, real=0.00 secs] 
7.251: [GC (CMS Initial Mark) [1 CMS-initial-mark: 5044K(6848K)] 5044K(9920K), 0.0001545 secs] [Times: user=0.00 sys=0.00, real=0.00 secs] 
7.251: [CMS-concurrent-mark-start]
7.251: [GC (Allocation Failure) 7.251: [ParNew: 0K->0K(3072K), 0.0002605 secs]7.251: [CMS7.256: [CMS-concurrent-mark: 0.002/0.005 secs] [Times: user=0.03 sys=0.00, real=0.00 secs] 
 (concurrent mode failure): 5044K->948K(6848K), 0.0093505 secs] 5044K->948K(9920K), [Metaspace: 3664K->3664K(1056768K)], 0.0097118 secs] [Times: user=0.03 sys=0.00, real=0.01 secs] 
7.261: [GC (Allocation Failure) 7.261: [ParNew: 0K->0K(3072K), 0.0002399 secs]7.261: [CMS: 5044K->948K(6848K), 0.0035729 secs] 5044K->948K(9920K), [Metaspace: 3664K->3664K(1056768K)], 0.0039388 secs] [Times: user=0.00 sys=0.00, real=0.00 secs] 
7.265: [GC (CMS Initial Mark) [1 CMS-initial-mark: 5044K(6848K)] 5044K(9920K), 0.0001447 secs] [Times: user=0.00 sys=0.00, real=0.00 secs] 
7.266: [CMS-concurrent-mark-start]
7.266: [GC (Allocation Failure) 7.266: [ParNew: 0K->0K(3072K), 0.0002854 secs]7.266: [CMS7.271: [CMS-concurrent-mark: 0.002/0.005 secs] [Times: user=0.03 sys=0.00, real=0.01 secs] 
 (concurrent mode failure): 5044K->948K(6848K), 0.0075156 secs] 5044K->948K(9920K), [Metaspace: 3664K->3664K(1056768K)], 0.0078764 secs] [Times: user=0.03 sys=0.00, real=0.01 secs] 
7.274: [GC (Allocation Failure) 7.274: [ParNew: 0K->0K(3072K), 0.0002866 secs]7.274: [CMS: 5044K->948K(6848K), 0.0053197 secs] 5044K->948K(9920K), [Metaspace: 3664K->3664K(1056768K)], 0.0057001 secs] [Times: user=0.00 sys=0.00, real=0.01 secs] 
7.280: [GC (CMS Initial Mark) [1 CMS-initial-mark: 5044K(6848K)] 5044K(9920K), 0.0001629 secs] [Times: user=0.00 sys=0.00, real=0.00 secs] 
7.280: [CMS-concurrent-mark-start]
7.280: [GC (Allocation Failure) 7.280: [ParNew: 0K->0K(3072K), 0.0002724 secs]7.281: [CMS7.286: [CMS-concurrent-mark: 0.002/0.006 secs] [Times: user=0.03 sys=0.00, real=0.01 secs] 
 (concurrent mode failure): 5044K->948K(6848K), 0.0089503 secs] 5044K->948K(9920K), [Metaspace: 3664K->3664K(1056768K)], 0.0093101 secs] [Times: user=0.03 sys=0.00, real=0.01 secs] 
7.290: [GC (Allocation Failure) 7.290: [ParNew: 0K->0K(3072K), 0.0002929 secs]7.290: [CMS: 5044K->948K(6848K), 0.0047389 secs] 5044K->948K(9920K), [Metaspace: 3664K->3664K(1056768K)], 0.0051172 secs] [Times: user=0.00 sys=0.00, real=0.00 secs] 
7.295: [GC (CMS Initial Mark) [1 CMS-initial-mark: 5044K(6848K)] 5044K(9920K), 0.0001244 secs] [Times: user=0.00 sys=0.00, real=0.00 secs] 
7.296: [CMS-concurrent-mark-start]
7.296: [GC (Allocation Failure) 7.296: [ParNew: 0K->0K(3072K), 0.0001975 secs]7.296: [CMS7.301: [CMS-concurrent-mark: 0.001/0.006 secs] [Times: user=0.00 sys=0.00, real=0.01 secs] 
 (concurrent mode failure): 5044K->948K(6848K), 0.0080647 secs] 5044K->948K(9920K), [Metaspace: 3664K->3664K(1056768K)], 0.0083374 secs] [Times: user=0.02 sys=0.00, real=0.01 secs] 
7.304: [GC (Allocation Failure) 7.304: [ParNew: 0K->0K(3072K), 0.0002804 secs]7.305: [CMS: 5044K->948K(6848K), 0.0030608 secs] 5044K->948K(9920K), [Metaspace: 3664K->3664K(1056768K)], 0.0035004 secs] [Times: user=0.00 sys=0.00, real=0.00 secs] 
7.308: [GC (CMS Initial Mark) [1 CMS-initial-mark: 5044K(6848K)] 5044K(9920K), 0.0001290 secs] [Times: user=0.00 sys=0.00, real=0.00 secs] 
7.308: [CMS-concurrent-mark-start]
7.308: [GC (Allocation Failure) 7.308: [ParNew: 0K->0K(3072K), 0.0002497 secs]7.309: [CMS7.317: [CMS-concurrent-mark: 0.002/0.009 secs] [Times: user=0.00 sys=0.00, real=0.01 secs] 
 (concurrent mode failure): 5044K->948K(6848K), 0.0112779 secs] 5044K->948K(9920K), [Metaspace: 3664K->3664K(1056768K)], 0.0116295 secs] [Times: user=0.02 sys=0.00, real=0.01 secs] 
7.320: [GC (Allocation Failure) 7.320: [ParNew: 0K->0K(3072K), 0.0002886 secs]7.321: [CMS: 5044K->948K(6848K), 0.0022508 secs] 5044K->948K(9920K), [Metaspace: 3664K->3664K(1056768K)], 0.0026300 secs] [Times: user=0.00 sys=0.00, real=0.00 secs] 
7.323: [GC (CMS Initial Mark) [1 CMS-initial-mark: 5044K(6848K)] 5044K(9920K), 0.0000900 secs] [Times: user=0.00 sys=0.00, real=0.00 secs] 
7.324: [CMS-concurrent-mark-start]
7.324: [GC (Allocation Failure) 7.324: [ParNew: 0K->0K(3072K), 0.0002737 secs]7.324: [CMS7.332: [CMS-concurrent-mark: 0.002/0.009 secs] [Times: user=0.00 sys=0.00, real=0.01 secs] 
 (concurrent mode failure): 5044K->948K(6848K), 0.0111704 secs] 5044K->948K(9920K), [Metaspace: 3664K->3664K(1056768K)], 0.0115343 secs] [Times: user=0.02 sys=0.00, real=0.01 secs] 
7.336: [GC (Allocation Failure) 7.336: [ParNew: 0K->0K(3072K), 0.0002427 secs]7.336: [CMS: 5044K->948K(6848K), 0.0022077 secs] 5044K->948K(9920K), [Metaspace: 3664K->3664K(1056768K)], 0.0025312 secs] [Times: user=0.00 sys=0.00, real=0.00 secs] 
7.338: [GC (CMS Initial Mark) [1 CMS-initial-mark: 5044K(6848K)] 5044K(9920K), 0.0001089 secs] [Times: user=0.00 sys=0.00, real=0.00 secs] 
7.339: [CMS-concurrent-mark-start]
7.339: [GC (Allocation Failure) 7.339: [ParNew: 0K->0K(3072K), 0.0001937 secs]7.339: [CMS7.348: [CMS-concurrent-mark: 0.002/0.009 secs] [Times: user=0.00 sys=0.00, real=0.01 secs] 
 (concurrent mode failure): 5044K->948K(6848K), 0.0111840 secs] 5044K->948K(9920K), [Metaspace: 3664K->3664K(1056768K)], 0.0114512 secs] [Times: user=0.02 sys=0.00, real=0.01 secs] 
7.350: [GC (Allocation Failure) 7.350: [ParNew: 0K->0K(3072K), 0.0002421 secs]7.351: [CMS: 5044K->948K(6848K), 0.0020547 secs] 5044K->948K(9920K), [Metaspace: 3664K->3664K(1056768K)], 0.0023754 secs] [Times: user=0.00 sys=0.00, real=0.00 secs] 
7.353: [GC (CMS Initial Mark) [1 CMS-initial-mark: 5044K(6848K)] 5044K(9920K), 0.0000847 secs] [Times: user=0.00 sys=0.00, real=0.00 secs] 
7.353: [CMS-concurrent-mark-start]
7.353: [GC (Allocation Failure) 7.353: [ParNew: 0K->0K(3072K), 0.0002230 secs]7.354: [CMS7.363: [CMS-concurrent-mark: 0.001/0.009 secs] [Times: user=0.00 sys=0.00, real=0.01 secs] 
 (concurrent mode failure): 5044K->948K(6848K), 0.0114511 secs] 5044K->948K(9920K), [Metaspace: 3664K->3664K(1056768K)], 0.0117437 secs] [Times: user=0.01 sys=0.00, real=0.01 secs] 
7.365: [GC (Allocation Failure) 7.365: [ParNew: 0K->0K(3072K), 0.0002205 secs]7.366: [CMS: 5044K->948K(6848K), 0.0019028 secs] 5044K->948K(9920K), [Metaspace: 3664K->3664K(1056768K)], 0.0021880 secs] [Times: user=0.00 sys=0.00, real=0.00 secs] 
7.368: [GC (CMS Initial Mark) [1 CMS-initial-mark: 5044K(6848K)] 5044K(9920K), 0.0000747 secs] [Times: user=0.00 sys=0.00, real=0.00 secs] 
7.368: [CMS-concurrent-mark-start]
7.368: [GC (Allocation Failure) 7.368: [ParNew: 0K->0K(3072K), 0.0002489 secs]7.368: [CMS7.378: [CMS-concurrent-mark: 0.002/0.010 secs] [Times: user=0.00 sys=0.00, real=0.01 secs] 
 (concurrent mode failure): 5044K->948K(6848K), 0.0119724 secs] 5044K->948K(9920K), [Metaspace: 3664K->3664K(1056768K)], 0.0122897 secs] [Times: user=0.02 sys=0.00, real=0.01 secs] 
7.381: [GC (Allocation Failure) 7.381: [ParNew: 0K->0K(3072K), 0.0002226 secs]7.381: [CMS: 5044K->948K(6848K), 0.0017807 secs] 5044K->948K(9920K), [Metaspace: 3664K->3664K(1056768K)], 0.0020657 secs] [Times: user=0.00 sys=0.00, real=0.00 secs] 
7.383: [GC (CMS Initial Mark) [1 CMS-initial-mark: 5044K(6848K)] 5044K(9920K), 0.0001039 secs] [Times: user=0.00 sys=0.00, real=0.00 secs] 
7.383: [CMS-concurrent-mark-start]
7.383: [GC (Allocation Failure) 7.383: [ParNew: 0K->0K(3072K), 0.0002204 secs]7.384: [CMS7.394: [CMS-concurrent-mark: 0.002/0.011 secs] [Times: user=0.00 sys=0.00, real=0.01 secs] 
 (concurrent mode failure): 5044K->948K(6848K), 0.0138002 secs] 5044K->948K(9920K), [Metaspace: 3664K->3664K(1056768K)], 0.0141011 secs] [Times: user=0.01 sys=0.00, real=0.01 secs] 
7.398: [GC (Allocation Failure) 7.398: [ParNew: 0K->0K(3072K), 0.0003137 secs]7.398: [CMS: 5044K->948K(6848K), 0.0021155 secs] 5044K->948K(9920K), [Metaspace: 3664K->3664K(1056768K)], 0.0025053 secs] [Times: user=0.00 sys=0.00, real=0.00 secs] 
7.401: [GC (CMS Initial Mark) [1 CMS-initial-mark: 5044K(6848K)] 5044K(9920K), 0.0002404 secs] [Times: user=0.00 sys=0.00, real=0.00 secs] 
7.401: [CMS-concurrent-mark-start]
7.401: [GC (Allocation Failure) 7.401: [ParNew: 0K->0K(3072K), 0.0002874 secs]7.401: [CMS7.410: [CMS-concurrent-mark: 0.002/0.009 secs] [Times: user=0.00 sys=0.00, real=0.01 secs] 
 (concurrent mode failure): 5044K->948K(6848K), 0.0116136 secs] 5044K->948K(9920K), [Metaspace: 3664K->3664K(1056768K)], 0.0119753 secs] [Times: user=0.02 sys=0.00, real=0.01 secs] 
7.413: [GC (Allocation Failure) 7.413: [ParNew: 0K->0K(3072K), 0.0002763 secs]7.414: [CMS: 5044K->948K(6848K), 0.0024947 secs] 5044K->948K(9920K), [Metaspace: 3664K->3664K(1056768K)], 0.0028374 secs] [Times: user=0.00 sys=0.00, real=0.00 secs] 
7.417: [GC (CMS Initial Mark) [1 CMS-initial-mark: 5044K(6848K)] 5044K(9920K), 0.0001195 secs] [Times: user=0.00 sys=0.00, real=0.00 secs] 
7.417: [CMS-concurrent-mark-start]
7.417: [GC (Allocation Failure) 7.417: [ParNew: 0K->0K(3072K), 0.0002536 secs]7.417: [CMS7.426: [CMS-concurrent-mark: 0.001/0.009 secs] [Times: user=0.00 sys=0.00, real=0.01 secs] 
 (concurrent mode failure): 5044K->948K(6848K), 0.0110901 secs] 5044K->948K(9920K), [Metaspace: 3664K->3664K(1056768K)], 0.0114129 secs] [Times: user=0.02 sys=0.00, real=0.01 secs] 
7.429: [GC (Allocation Failure) 7.429: [ParNew: 0K->0K(3072K), 0.0002515 secs]7.429: [CMS: 5044K->948K(6848K), 0.0026338 secs] 5044K->948K(9920K), [Metaspace: 3664K->3664K(1056768K)], 0.0029498 secs] [Times: user=0.00 sys=0.00, real=0.00 secs] 
7.432: [GC (CMS Initial Mark) [1 CMS-initial-mark: 5044K(6848K)] 5044K(9920K), 0.0000859 secs] [Times: user=0.00 sys=0.00, real=0.00 secs] 
7.432: [CMS-concurrent-mark-start]
7.432: [GC (Allocation Failure) 7.432: [ParNew: 0K->0K(3072K), 0.0001950 secs]7.432: [CMS7.441: [CMS-concurrent-mark: 0.002/0.009 secs] [Times: user=0.00 sys=0.00, real=0.01 secs] 
 (concurrent mode failure): 5044K->948K(6848K), 0.0124452 secs] 5044K->948K(9920K), [Metaspace: 3664K->3664K(1056768K)], 0.0127121 secs] [Times: user=0.02 sys=0.00, real=0.01 secs] 
7.445: [GC (Allocation Failure) 7.445: [ParNew: 0K->0K(3072K), 0.0002403 secs]7.445: [CMS: 5044K->948K(6848K), 0.0019880 secs] 5044K->948K(9920K), [Metaspace: 3664K->3664K(1056768K)], 0.0022927 secs] [Times: user=0.00 sys=0.00, real=0.00 secs] 
7.448: [GC (CMS Initial Mark) [1 CMS-initial-mark: 5044K(6848K)] 5044K(9920K), 0.0001135 secs] [Times: user=0.00 sys=0.00, real=0.00 secs] 
7.448: [CMS-concurrent-mark-start]
7.448: [GC (Allocation Failure) 7.448: [ParNew: 0K->0K(3072K), 0.0002108 secs]7.448: [CMS7.457: [CMS-concurrent-mark: 0.001/0.009 secs] [Times: user=0.00 sys=0.00, real=0.01 secs] 
 (concurrent mode failure): 5044K->948K(6848K), 0.0129981 secs] 5044K->948K(9920K), [Metaspace: 3664K->3664K(1056768K)], 0.0132850 secs] [Times: user=0.02 sys=0.00, real=0.01 secs] 
7.462: [GC (Allocation Failure) 7.462: [ParNew: 0K->0K(3072K), 0.0002800 secs]7.462: [CMS: 5044K->948K(6848K), 0.0027407 secs] 5044K->948K(9920K), [Metaspace: 3664K->3664K(1056768K)], 0.0030971 secs] [Times: user=0.00 sys=0.00, real=0.00 secs] 
7.465: [GC (CMS Initial Mark) [1 CMS-initial-mark: 5044K(6848K)] 5044K(9920K), 0.0001935 secs] [Times: user=0.00 sys=0.00, real=0.00 secs] 
7.465: [CMS-concurrent-mark-start]
7.465: [GC (Allocation Failure) 7.465: [ParNew: 0K->0K(3072K), 0.0003254 secs]7.466: [CMS7.473: [CMS-concurrent-mark: 0.002/0.008 secs] [Times: user=0.03 sys=0.00, real=0.01 secs] 
 (concurrent mode failure): 5044K->948K(6848K), 0.0114863 secs] 5044K->948K(9920K), [Metaspace: 3664K->3664K(1056768K)], 0.0118940 secs] [Times: user=0.03 sys=0.00, real=0.01 secs] 
7.478: [GC (Allocation Failure) 7.478: [ParNew: 0K->0K(3072K), 0.0002780 secs]7.478: [CMS: 5044K->948K(6848K), 0.0021256 secs] 5044K->948K(9920K), [Metaspace: 3664K->3664K(1056768K)], 0.0024776 secs] [Times: user=0.00 sys=0.00, real=0.00 secs] 
7.480: [GC (CMS Initial Mark) [1 CMS-initial-mark: 5044K(6848K)] 5044K(9920K), 0.0002414 secs] [Times: user=0.00 sys=0.00, real=0.00 secs] 
7.481: [CMS-concurrent-mark-start]
7.481: [GC (Allocation Failure) 7.481: [ParNew: 0K->0K(3072K), 0.0003366 secs]7.481: [CMS7.489: [CMS-concurrent-mark: 0.001/0.008 secs] [Times: user=0.00 sys=0.00, real=0.01 secs] 
 (concurrent mode failure): 5044K->948K(6848K), 0.0109805 secs] 5044K->948K(9920K), [Metaspace: 3664K->3664K(1056768K)], 0.0114059 secs] [Times: user=0.02 sys=0.00, real=0.01 secs] 
7.493: [GC (Allocation Failure) 7.493: [ParNew: 0K->0K(3072K), 0.0002940 secs]7.493: [CMS: 5044K->948K(6848K), 0.0026999 secs] 5044K->948K(9920K), [Metaspace: 3664K->3664K(1056768K)], 0.0030806 secs] [Times: user=0.00 sys=0.00, real=0.00 secs] 
7.496: [GC (CMS Initial Mark) [1 CMS-initial-mark: 5044K(6848K)] 5044K(9920K), 0.0001041 secs] [Times: user=0.00 sys=0.00, real=0.00 secs] 
7.496: [CMS-concurrent-mark-start]
7.496: [GC (Allocation Failure) 7.496: [ParNew: 0K->0K(3072K), 0.0001843 secs]7.496: [CMS7.504: [CMS-concurrent-mark: 0.002/0.008 secs] [Times: user=0.00 sys=0.00, real=0.01 secs] 
 (concurrent mode failure): 5044K->948K(6848K), 0.0107585 secs] 5044K->948K(9920K), [Metaspace: 3664K->3664K(1056768K)], 0.0110384 secs] [Times: user=0.01 sys=0.00, real=0.01 secs] 
7.508: [GC (Allocation Failure) 7.508: [ParNew: 0K->0K(3072K), 0.0003132 secs]7.508: [CMS: 5044K->948K(6848K), 0.0029100 secs] 5044K->948K(9920K), [Metaspace: 3664K->3664K(1056768K)], 0.0033129 secs] [Times: user=0.00 sys=0.00, real=0.00 secs] 
7.511: [GC (CMS Initial Mark) [1 CMS-initial-mark: 5044K(6848K)] 5044K(9920K), 0.0001336 secs] [Times: user=0.00 sys=0.00, real=0.00 secs] 
7.512: [CMS-concurrent-mark-start]
7.512: [GC (Allocation Failure) 7.512: [ParNew: 0K->0K(3072K), 0.0002156 secs]7.512: [CMS7.519: [CMS-concurrent-mark: 0.001/0.008 secs] [Times: user=0.00 sys=0.00, real=0.01 secs] 
 (concurrent mode failure): 5044K->948K(6848K), 0.0094280 secs] 5044K->948K(9920K), [Metaspace: 3664K->3664K(1056768K)], 0.0097294 secs] [Times: user=0.02 sys=0.00, real=0.01 secs] 
7.522: [GC (Allocation Failure) 7.522: [ParNew: 0K->0K(3072K), 0.0002128 secs]7.522: [CMS: 5044K->948K(6848K), 0.0020989 secs] 5044K->948K(9920K), [Metaspace: 3664K->3664K(1056768K)], 0.0023925 secs] [Times: user=0.00 sys=0.00, real=0.00 secs] 
7.525: [GC (CMS Initial Mark) [1 CMS-initial-mark: 5044K(6848K)] 5044K(9920K), 0.0001718 secs] [Times: user=0.00 sys=0.00, real=0.00 secs] 
7.525: [CMS-concurrent-mark-start]
7.525: [GC (Allocation Failure) 7.525: [ParNew: 0K->0K(3072K), 0.0002827 secs]7.525: [CMS7.535: [CMS-concurrent-mark: 0.002/0.010 secs] [Times: user=0.00 sys=0.00, real=0.01 secs] 
 (concurrent mode failure): 5044K->948K(6848K), 0.0121180 secs] 5044K->948K(9920K), [Metaspace: 3664K->3664K(1056768K)], 0.0124905 secs] [Times: user=0.02 sys=0.00, real=0.01 secs] 
7.538: [GC (Allocation Failure) 7.538: [ParNew: 0K->0K(3072K), 0.0002335 secs]7.538: [CMS: 5044K->948K(6848K), 0.0019016 secs] 5044K->948K(9920K), [Metaspace: 3664K->3664K(1056768K)], 0.0021987 secs] [Times: user=0.00 sys=0.00, real=0.00 secs] 
7.540: [GC (CMS Initial Mark) [1 CMS-initial-mark: 5044K(6848K)] 5044K(9920K), 0.0001265 secs] [Times: user=0.00 sys=0.00, real=0.00 secs] 
7.540: [CMS-concurrent-mark-start]
7.540: [GC (Allocation Failure) 7.540: [ParNew: 0K->0K(3072K), 0.0002996 secs]7.541: [CMS7.555: [CMS-concurrent-mark: 0.006/0.015 secs] [Times: user=0.02 sys=0.00, real=0.01 secs] 
 (concurrent mode failure): 5044K->948K(6848K), 0.0258508 secs] 5044K->948K(9920K), [Metaspace: 3664K->3664K(1056768K)], 0.0263753 secs] [Times: user=0.02 sys=0.00, real=0.03 secs] 
7.568: [GC (Allocation Failure) 7.568: [ParNew: 0K->0K(3072K), 0.0009389 secs]7.569: [CMS: 5044K->948K(6848K), 0.0106294 secs] 5044K->948K(9920K), [Metaspace: 3664K->3664K(1056768K)], 0.0118732 secs] [Times: user=0.00 sys=0.00, real=0.01 secs] 
7.587: [GC (CMS Initial Mark) [1 CMS-initial-mark: 5044K(6848K)] 5044K(9920K), 0.0002497 secs] [Times: user=0.00 sys=0.00, real=0.00 secs] 
7.587: [CMS-concurrent-mark-start]
7.589: [GC (Allocation Failure) 7.589: [ParNew: 0K->0K(3072K), 0.0005455 secs]7.590: [CMS7.597: [CMS-concurrent-mark: 0.003/0.010 secs] [Times: user=0.00 sys=0.00, real=0.01 secs] 
 (concurrent mode failure): 5044K->948K(6848K), 0.0126832 secs] 5044K->948K(9920K), [Metaspace: 3664K->3664K(1056768K)], 0.0134296 secs] [Times: user=0.02 sys=0.00, real=0.01 secs] 
7.603: [GC (Allocation Failure) 7.603: [ParNew: 0K->0K(3072K), 0.0003462 secs]7.604: [CMS: 5044K->948K(6848K), 0.0043746 secs] 5044K->948K(9920K), [Metaspace: 3664K->3664K(1056768K)], 0.0048578 secs] [Times: user=0.00 sys=0.00, real=0.00 secs] 
7.608: [GC (CMS Initial Mark) [1 CMS-initial-mark: 5044K(6848K)] 5044K(9920K), 0.0001546 secs] [Times: user=0.00 sys=0.00, real=0.00 secs] 
7.609: [CMS-concurrent-mark-start]
7.609: [GC (Allocation Failure) 7.609: [ParNew: 0K->0K(3072K), 0.0002298 secs]7.609: [CMS7.611: [CMS-concurrent-mark: 0.002/0.002 secs] [Times: user=0.00 sys=0.00, real=0.00 secs] 
 (concurrent mode failure): 5044K->948K(6848K), 0.0062832 secs] 5044K->948K(9920K), [Metaspace: 3664K->3664K(1056768K)], 0.0066173 secs] [Times: user=0.02 sys=0.00, real=0.01 secs] 
7.616: [GC (Allocation Failure) 7.616: [ParNew: 0K->0K(3072K), 0.0002591 secs]7.616: [CMS: 5044K->948K(6848K), 0.0036620 secs] 5044K->948K(9920K), [Metaspace: 3664K->3664K(1056768K)], 0.0040328 secs] [Times: user=0.00 sys=0.00, real=0.00 secs] 
7.620: [GC (CMS Initial Mark) [1 CMS-initial-mark: 5044K(6848K)] 5044K(9920K), 0.0001072 secs] [Times: user=0.00 sys=0.00, real=0.00 secs] 
7.620: [CMS-concurrent-mark-start]
7.620: [GC (Allocation Failure) 7.620: [ParNew: 0K->0K(3072K), 0.0002460 secs]7.621: [CMS7.628: [CMS-concurrent-mark: 0.002/0.008 secs] [Times: user=0.00 sys=0.00, real=0.01 secs] 
 (concurrent mode failure): 5044K->948K(6848K), 0.0103866 secs] 5044K->948K(9920K), [Metaspace: 3664K->3664K(1056768K)], 0.0107274 secs] [Times: user=0.01 sys=0.00, real=0.01 secs] 
7.632: [GC (Allocation Failure) 7.632: [ParNew: 0K->0K(3072K), 0.0002061 secs]7.632: [CMS: 5044K->948K(6848K), 0.0028385 secs] 5044K->948K(9920K), [Metaspace: 3664K->3664K(1056768K)], 0.0031215 secs] [Times: user=0.00 sys=0.00, real=0.00 secs] 
7.635: [GC (CMS Initial Mark) [1 CMS-initial-mark: 5044K(6848K)] 5044K(9920K), 0.0001204 secs] [Times: user=0.00 sys=0.00, real=0.00 secs] 
7.635: [CMS-concurrent-mark-start]
7.635: [GC (Allocation Failure) 7.635: [ParNew: 0K->0K(3072K), 0.0002522 secs]7.635: [CMS7.645: [CMS-concurrent-mark: 0.002/0.009 secs] [Times: user=0.00 sys=0.00, real=0.01 secs] 
 (concurrent mode failure): 5044K->948K(6848K), 0.0126529 secs] 5044K->948K(9920K), [Metaspace: 3664K->3664K(1056768K)], 0.0129814 secs] [Times: user=0.02 sys=0.00, real=0.01 secs] 
7.649: [GC (Allocation Failure) 7.649: [ParNew: 0K->0K(3072K), 0.0003684 secs]7.649: [CMS: 5044K->948K(6848K), 0.0018456 secs] 5044K->948K(9920K), [Metaspace: 3664K->3664K(1056768K)], 0.0022908 secs] [Times: user=0.00 sys=0.00, real=0.00 secs] 
7.651: [GC (CMS Initial Mark) [1 CMS-initial-mark: 5044K(6848K)] 5044K(9920K), 0.0001050 secs] [Times: user=0.00 sys=0.00, real=0.00 secs] 
7.651: [CMS-concurrent-mark-start]
7.651: [GC (Allocation Failure) 7.651: [ParNew: 0K->0K(3072K), 0.0001973 secs]7.652: [CMS7.660: [CMS-concurrent-mark: 0.002/0.009 secs] [Times: user=0.00 sys=0.00, real=0.01 secs] 
 (concurrent mode failure): 5044K->948K(6848K), 0.0116265 secs] 5044K->948K(9920K), [Metaspace: 3664K->3664K(1056768K)], 0.0118946 secs] [Times: user=0.01 sys=0.00, real=0.01 secs] 
7.664: [GC (Allocation Failure) 7.664: [ParNew: 0K->0K(3072K), 0.0002307 secs]7.664: [CMS: 5044K->948K(6848K), 0.0019225 secs] 5044K->948K(9920K), [Metaspace: 3664K->3664K(1056768K)], 0.0022266 secs] [Times: user=0.00 sys=0.00, real=0.00 secs] 
7.666: [GC (CMS Initial Mark) [1 CMS-initial-mark: 5044K(6848K)] 5044K(9920K), 0.0001008 secs] [Times: user=0.00 sys=0.00, real=0.00 secs] 
7.666: [CMS-concurrent-mark-start]
7.666: [GC (Allocation Failure) 7.666: [ParNew: 0K->0K(3072K), 0.0002790 secs]7.667: [CMS7.676: [CMS-concurrent-mark: 0.002/0.009 secs] [Times: user=0.00 sys=0.00, real=0.01 secs] 
 (concurrent mode failure): 5044K->948K(6848K), 0.0115614 secs] 5044K->948K(9920K), [Metaspace: 3664K->3664K(1056768K)], 0.0119113 secs] [Times: user=0.02 sys=0.00, real=0.01 secs] 
7.679: [GC (Allocation Failure) 7.679: [ParNew: 0K->0K(3072K), 0.0002034 secs]7.679: [CMS: 5044K->948K(6848K), 0.0018203 secs] 5044K->948K(9920K), [Metaspace: 3664K->3664K(1056768K)], 0.0020851 secs] [Times: user=0.00 sys=0.00, real=0.00 secs] 
7.681: [GC (CMS Initial Mark) [1 CMS-initial-mark: 5044K(6848K)] 5044K(9920K), 0.0001057 secs] [Times: user=0.00 sys=0.00, real=0.00 secs] 
7.681: [CMS-concurrent-mark-start]
7.681: [GC (Allocation Failure) 7.681: [ParNew: 0K->0K(3072K), 0.0002111 secs]7.681: [CMS7.692: [CMS-concurrent-mark: 0.002/0.011 secs] [Times: user=0.00 sys=0.00, real=0.01 secs] 
 (concurrent mode failure): 5044K->948K(6848K), 0.0131274 secs] 5044K->948K(9920K), [Metaspace: 3664K->3664K(1056768K)], 0.0134075 secs] [Times: user=0.02 sys=0.00, real=0.01 secs] 
7.695: [GC (Allocation Failure) 7.695: [ParNew: 0K->0K(3072K), 0.0002111 secs]7.695: [CMS: 5044K->948K(6848K), 0.0018153 secs] 5044K->948K(9920K), [Metaspace: 3664K->3664K(1056768K)], 0.0021012 secs] [Times: user=0.00 sys=0.00, real=0.00 secs] 
7.697: [GC (CMS Initial Mark) [1 CMS-initial-mark: 5044K(6848K)] 5044K(9920K), 0.0001390 secs] [Times: user=0.00 sys=0.00, real=0.00 secs] 
7.697: [CMS-concurrent-mark-start]
7.698: [GC (Allocation Failure) 7.698: [ParNew: 0K->0K(3072K), 0.0002199 secs]7.698: [CMS7.707: [CMS-concurrent-mark: 0.002/0.009 secs] [Times: user=0.00 sys=0.00, real=0.01 secs] 
 (concurrent mode failure): 5044K->948K(6848K), 0.0118829 secs] 5044K->948K(9920K), [Metaspace: 3664K->3664K(1056768K)], 0.0121841 secs] [Times: user=0.02 sys=0.00, real=0.01 secs] 
7.710: [GC (Allocation Failure) 7.710: [ParNew: 0K->0K(3072K), 0.0002432 secs]7.710: [CMS: 5044K->948K(6848K), 0.0019907 secs] 5044K->948K(9920K), [Metaspace: 3664K->3664K(1056768K)], 0.0022942 secs] [Times: user=0.00 sys=0.00, real=0.00 secs] 
7.713: [GC (CMS Initial Mark) [1 CMS-initial-mark: 5044K(6848K)] 5044K(9920K), 0.0001865 secs] [Times: user=0.00 sys=0.00, real=0.00 secs] 
7.713: [CMS-concurrent-mark-start]
7.713: [GC (Allocation Failure) 7.713: [ParNew: 0K->0K(3072K), 0.0002042 secs]7.713: [CMS7.722: [CMS-concurrent-mark: 0.002/0.009 secs] [Times: user=0.00 sys=0.00, real=0.01 secs] 
 (concurrent mode failure): 5044K->948K(6848K), 0.0132570 secs] 5044K->948K(9920K), [Metaspace: 3664K->3664K(1056768K)], 0.0135403 secs] [Times: user=0.02 sys=0.00, real=0.01 secs] 
7.727: [GC (Allocation Failure) 7.727: [ParNew: 0K->0K(3072K), 0.0002270 secs]7.727: [CMS: 5044K->948K(6848K), 0.0020316 secs] 5044K->948K(9920K), [Metaspace: 3664K->3664K(1056768K)], 0.0023268 secs] [Times: user=0.00 sys=0.00, real=0.00 secs] 
7.730: [GC (CMS Initial Mark) [1 CMS-initial-mark: 5044K(6848K)] 5044K(9920K), 0.0001173 secs] [Times: user=0.00 sys=0.00, real=0.00 secs] 
7.730: [CMS-concurrent-mark-start]
7.730: [GC (Allocation Failure) 7.730: [ParNew: 0K->0K(3072K), 0.0002284 secs]7.730: [CMS7.739: [CMS-concurrent-mark: 0.002/0.009 secs] [Times: user=0.00 sys=0.00, real=0.01 secs] 
 (concurrent mode failure): 5044K->948K(6848K), 0.0109913 secs] 5044K->948K(9920K), [Metaspace: 3664K->3664K(1056768K)], 0.0113224 secs] [Times: user=0.02 sys=0.00, real=0.01 secs] 
7.742: [GC (Allocation Failure) 7.742: [ParNew: 0K->0K(3072K), 0.0003469 secs]7.742: [CMS: 5044K->948K(6848K), 0.0031302 secs] 5044K->948K(9920K), [Metaspace: 3664K->3664K(1056768K)], 0.0036072 secs] [Times: user=0.00 sys=0.00, real=0.00 secs] 
7.746: [GC (CMS Initial Mark) [1 CMS-initial-mark: 5044K(6848K)] 5044K(9920K), 0.0001270 secs] [Times: user=0.00 sys=0.00, real=0.00 secs] 
7.746: [CMS-concurrent-mark-start]
7.746: [GC (Allocation Failure) 7.746: [ParNew: 0K->0K(3072K), 0.0003097 secs]7.746: [CMS7.754: [CMS-concurrent-mark: 0.002/0.009 secs] [Times: user=0.00 sys=0.00, real=0.01 secs] 
 (concurrent mode failure): 5044K->948K(6848K), 0.0109132 secs] 5044K->948K(9920K), [Metaspace: 3664K->3664K(1056768K)], 0.0113196 secs] [Times: user=0.01 sys=0.00, real=0.01 secs] 
7.758: [GC (Allocation Failure) 7.758: [ParNew: 0K->0K(3072K), 0.0002754 secs]7.758: [CMS: 5044K->948K(6848K), 0.0026006 secs] 5044K->948K(9920K), [Metaspace: 3664K->3664K(1056768K)], 0.0029520 secs] [Times: user=0.00 sys=0.00, real=0.00 secs] 
7.761: [GC (CMS Initial Mark) [1 CMS-initial-mark: 5044K(6848K)] 5044K(9920K), 0.0001274 secs] [Times: user=0.00 sys=0.00, real=0.00 secs] 
7.761: [CMS-concurrent-mark-start]
7.761: [GC (Allocation Failure) 7.761: [ParNew: 0K->0K(3072K), 0.0002632 secs]7.762: [CMS7.770: [CMS-concurrent-mark: 0.001/0.008 secs] [Times: user=0.00 sys=0.00, real=0.01 secs] 
 (concurrent mode failure): 5044K->948K(6848K), 0.0101846 secs] 5044K->948K(9920K), [Metaspace: 3664K->3664K(1056768K)], 0.0105158 secs] [Times: user=0.02 sys=0.00, real=0.01 secs] 
7.772: [GC (Allocation Failure) 7.772: [ParNew: 0K->0K(3072K), 0.0003250 secs]7.773: [CMS: 5044K->948K(6848K), 0.0024062 secs] 5044K->948K(9920K), [Metaspace: 3664K->3664K(1056768K)], 0.0028216 secs] [Times: user=0.00 sys=0.00, real=0.00 secs] 
7.775: [GC (CMS Initial Mark) [1 CMS-initial-mark: 5044K(6848K)] 5044K(9920K), 0.0001830 secs] [Times: user=0.00 sys=0.00, real=0.00 secs] 
7.776: [CMS-concurrent-mark-start]
7.776: [GC (Allocation Failure) 7.776: [ParNew: 0K->0K(3072K), 0.0002662 secs]7.776: [CMS7.785: [CMS-concurrent-mark: 0.002/0.009 secs] [Times: user=0.00 sys=0.00, real=0.01 secs] 
 (concurrent mode failure): 5044K->948K(6848K), 0.0113862 secs] 5044K->948K(9920K), [Metaspace: 3664K->3664K(1056768K)], 0.0117335 secs] [Times: user=0.01 sys=0.00, real=0.01 secs] 
7.788: [GC (Allocation Failure) 7.788: [ParNew: 0K->0K(3072K), 0.0002228 secs]7.788: [CMS: 5044K->948K(6848K), 0.0019771 secs] 5044K->948K(9920K), [Metaspace: 3664K->3664K(1056768K)], 0.0022797 secs] [Times: user=0.00 sys=0.00, real=0.00 secs] 
7.791: [GC (CMS Initial Mark) [1 CMS-initial-mark: 5044K(6848K)] 5044K(9920K), 0.0001968 secs] [Times: user=0.00 sys=0.00, real=0.00 secs] 
7.791: [CMS-concurrent-mark-start]
7.791: [GC (Allocation Failure) 7.791: [ParNew: 0K->0K(3072K), 0.0003319 secs]7.791: [CMS7.801: [CMS-concurrent-mark: 0.002/0.010 secs] [Times: user=0.00 sys=0.00, real=0.01 secs] 
 (concurrent mode failure): 5044K->948K(6848K), 0.0123772 secs] 5044K->948K(9920K), [Metaspace: 3664K->3664K(1056768K)], 0.0127887 secs] [Times: user=0.02 sys=0.00, real=0.01 secs] 
7.804: [GC (Allocation Failure) 7.804: [ParNew: 0K->0K(3072K), 0.0002275 secs]7.804: [CMS: 5044K->948K(6848K), 0.0020148 secs] 5044K->948K(9920K), [Metaspace: 3664K->3664K(1056768K)], 0.0023055 secs] [Times: user=0.00 sys=0.00, real=0.00 secs] 
7.807: [GC (CMS Initial Mark) [1 CMS-initial-mark: 5044K(6848K)] 5044K(9920K), 0.0001102 secs] [Times: user=0.00 sys=0.00, real=0.00 secs] 
7.807: [CMS-concurrent-mark-start]
7.807: [GC (Allocation Failure) 7.807: [ParNew: 0K->0K(3072K), 0.0002278 secs]7.807: [CMS7.816: [CMS-concurrent-mark: 0.002/0.010 secs] [Times: user=0.00 sys=0.00, real=0.01 secs] 
 (concurrent mode failure): 5044K->948K(6848K), 0.0114497 secs] 5044K->948K(9920K), [Metaspace: 3664K->3664K(1056768K)], 0.0117494 secs] [Times: user=0.02 sys=0.00, real=0.01 secs] 
7.819: [GC (Allocation Failure) 7.819: [ParNew: 0K->0K(3072K), 0.0002426 secs]7.819: [CMS: 5044K->948K(6848K), 0.0019818 secs] 5044K->948K(9920K), [Metaspace: 3664K->3664K(1056768K)], 0.0022929 secs] [Times: user=0.00 sys=0.00, real=0.00 secs] 
7.822: [GC (CMS Initial Mark) [1 CMS-initial-mark: 5044K(6848K)] 5044K(9920K), 0.0001255 secs] [Times: user=0.00 sys=0.00, real=0.00 secs] 
7.822: [CMS-concurrent-mark-start]
7.822: [GC (Allocation Failure) 7.822: [ParNew: 0K->0K(3072K), 0.0002218 secs]7.822: [CMS7.832: [CMS-concurrent-mark: 0.002/0.010 secs] [Times: user=0.00 sys=0.00, real=0.01 secs] 
 (concurrent mode failure): 5044K->948K(6848K), 0.0117967 secs] 5044K->948K(9920K), [Metaspace: 3664K->3664K(1056768K)], 0.0120911 secs] [Times: user=0.02 sys=0.00, real=0.01 secs] 
7.834: [GC (Allocation Failure) 7.834: [ParNew: 0K->0K(3072K), 0.0002108 secs]7.835: [CMS: 5044K->948K(6848K), 0.0018623 secs] 5044K->948K(9920K), [Metaspace: 3664K->3664K(1056768K)], 0.0021430 secs] [Times: user=0.00 sys=0.00, real=0.00 secs] 
7.837: [GC (CMS Initial Mark) [1 CMS-initial-mark: 5044K(6848K)] 5044K(9920K), 0.0000903 secs] [Times: user=0.00 sys=0.00, real=0.00 secs] 
7.837: [CMS-concurrent-mark-start]
7.837: [GC (Allocation Failure) 7.837: [ParNew: 0K->0K(3072K), 0.0001856 secs]7.837: [CMS7.847: [CMS-concurrent-mark: 0.002/0.010 secs] [Times: user=0.00 sys=0.00, real=0.01 secs] 
 (concurrent mode failure): 5044K->948K(6848K), 0.0116663 secs] 5044K->948K(9920K), [Metaspace: 3664K->3664K(1056768K)], 0.0119315 secs] [Times: user=0.02 sys=0.00, real=0.01 secs] 
7.849: [GC (Allocation Failure) 7.849: [ParNew: 0K->0K(3072K), 0.0002058 secs]7.850: [CMS: 5044K->948K(6848K), 0.0019959 secs] 5044K->948K(9920K), [Metaspace: 3664K->3664K(1056768K)], 0.0022665 secs] [Times: user=0.00 sys=0.00, real=0.00 secs] 
7.852: [GC (CMS Initial Mark) [1 CMS-initial-mark: 5044K(6848K)] 5044K(9920K), 0.0001152 secs] [Times: user=0.00 sys=0.00, real=0.00 secs] 
7.852: [CMS-concurrent-mark-start]
7.852: [GC (Allocation Failure) 7.852: [ParNew: 0K->0K(3072K), 0.0001980 secs]7.852: [CMS7.862: [CMS-concurrent-mark: 0.002/0.010 secs] [Times: user=0.00 sys=0.00, real=0.01 secs] 
 (concurrent mode failure): 5044K->948K(6848K), 0.0124422 secs] 5044K->948K(9920K), [Metaspace: 3664K->3664K(1056768K)], 0.0127120 secs] [Times: user=0.02 sys=0.00, real=0.01 secs] 
7.865: [GC (Allocation Failure) 7.865: [ParNew: 0K->0K(3072K), 0.0002382 secs]7.865: [CMS: 5044K->948K(6848K), 0.0019397 secs] 5044K->948K(9920K), [Metaspace: 3664K->3664K(1056768K)], 0.0022455 secs] [Times: user=0.00 sys=0.00, real=0.00 secs] 
7.868: [GC (CMS Initial Mark) [1 CMS-initial-mark: 5044K(6848K)] 5044K(9920K), 0.0001290 secs] [Times: user=0.00 sys=0.00, real=0.00 secs] 
7.868: [CMS-concurrent-mark-start]
7.868: [GC (Allocation Failure) 7.868: [ParNew: 0K->0K(3072K), 0.0002123 secs]7.868: [CMS7.878: [CMS-concurrent-mark: 0.002/0.011 secs] [Times: user=0.00 sys=0.00, real=0.01 secs] 
 (concurrent mode failure): 5044K->948K(6848K), 0.0124461 secs] 5044K->948K(9920K), [Metaspace: 3664K->3664K(1056768K)], 0.0127265 secs] [Times: user=0.01 sys=0.00, real=0.01 secs] 
7.881: [GC (Allocation Failure) 7.881: [ParNew: 0K->0K(3072K), 0.0002291 secs]7.881: [CMS: 5044K->948K(6848K), 0.0017840 secs] 5044K->948K(9920K), [Metaspace: 3664K->3664K(1056768K)], 0.0020701 secs] [Times: user=0.00 sys=0.00, real=0.00 secs] 
7.883: [GC (CMS Initial Mark) [1 CMS-initial-mark: 5044K(6848K)] 5044K(9920K), 0.0001083 secs] [Times: user=0.00 sys=0.00, real=0.00 secs] 
7.883: [CMS-concurrent-mark-start]
7.884: [GC (Allocation Failure) 7.884: [ParNew: 0K->0K(3072K), 0.0001779 secs]7.884: [CMS7.893: [CMS-concurrent-mark: 0.002/0.010 secs] [Times: user=0.00 sys=0.00, real=0.01 secs] 
 (concurrent mode failure): 5044K->948K(6848K), 0.0120426 secs] 5044K->948K(9920K), [Metaspace: 3664K->3664K(1056768K)], 0.0123032 secs] [Times: user=0.02 sys=0.00, real=0.01 secs] 
7.896: [GC (Allocation Failure) 7.896: [ParNew: 0K->0K(3072K), 0.0002093 secs]7.896: [CMS: 5044K->948K(6848K), 0.0019230 secs] 5044K->948K(9920K), [Metaspace: 3664K->3664K(1056768K)], 0.0021933 secs] [Times: user=0.00 sys=0.00, real=0.00 secs] 
7.899: [GC (CMS Initial Mark) [1 CMS-initial-mark: 5044K(6848K)] 5044K(9920K), 0.0001184 secs] [Times: user=0.00 sys=0.00, real=0.00 secs] 
7.899: [CMS-concurrent-mark-start]
7.899: [GC (Allocation Failure) 7.899: [ParNew: 0K->0K(3072K), 0.0001969 secs]7.899: [CMS7.909: [CMS-concurrent-mark: 0.002/0.010 secs] [Times: user=0.00 sys=0.00, real=0.01 secs] 
 (concurrent mode failure): 5044K->948K(6848K), 0.0127764 secs] 5044K->948K(9920K), [Metaspace: 3664K->3664K(1056768K)], 0.0130486 secs] [Times: user=0.01 sys=0.00, real=0.01 secs] 
7.912: [GC (Allocation Failure) 7.912: [ParNew: 0K->0K(3072K), 0.0003215 secs]7.913: [CMS: 5044K->948K(6848K), 0.0020571 secs] 5044K->948K(9920K), [Metaspace: 3664K->3664K(1056768K)], 0.0024565 secs] [Times: user=0.00 sys=0.00, real=0.00 secs] 
7.915: [GC (CMS Initial Mark) [1 CMS-initial-mark: 5044K(6848K)] 5044K(9920K), 0.0001201 secs] [Times: user=0.00 sys=0.00, real=0.00 secs] 
7.915: [CMS-concurrent-mark-start]
7.915: [GC (Allocation Failure) 7.915: [ParNew: 0K->0K(3072K), 0.0003061 secs]7.916: [CMS7.925: [CMS-concurrent-mark: 0.002/0.009 secs] [Times: user=0.00 sys=0.00, real=0.01 secs] 
 (concurrent mode failure): 5044K->948K(6848K), 0.0117451 secs] 5044K->948K(9920K), [Metaspace: 3664K->3664K(1056768K)], 0.0121373 secs] [Times: user=0.02 sys=0.00, real=0.01 secs] 
7.928: [GC (Allocation Failure) 7.928: [ParNew: 0K->0K(3072K), 0.0002537 secs]7.928: [CMS: 5044K->948K(6848K), 0.0020043 secs] 5044K->948K(9920K), [Metaspace: 3664K->3664K(1056768K)], 0.0023197 secs] [Times: user=0.00 sys=0.00, real=0.00 secs] 
7.931: [GC (CMS Initial Mark) [1 CMS-initial-mark: 5044K(6848K)] 5044K(9920K), 0.0002004 secs] [Times: user=0.00 sys=0.00, real=0.00 secs] 
7.931: [CMS-concurrent-mark-start]
7.931: [GC (Allocation Failure) 7.931: [ParNew: 0K->0K(3072K), 0.0003372 secs]7.931: [CMS7.940: [CMS-concurrent-mark: 0.002/0.010 secs] [Times: user=0.00 sys=0.00, real=0.01 secs] 
 (concurrent mode failure): 5044K->948K(6848K), 0.0122624 secs] 5044K->948K(9920K), [Metaspace: 3664K->3664K(1056768K)], 0.0126775 secs] [Times: user=0.02 sys=0.00, real=0.01 secs] 
7.944: [GC (Allocation Failure) 7.944: [ParNew: 0K->0K(3072K), 0.0002806 secs]7.944: [CMS: 5044K->948K(6848K), 0.0019188 secs] 5044K->948K(9920K), [Metaspace: 3664K->3664K(1056768K)], 0.0022684 secs] [Times: user=0.00 sys=0.00, real=0.00 secs] 
7.947: [GC (CMS Initial Mark) [1 CMS-initial-mark: 5044K(6848K)] 5044K(9920K), 0.0001390 secs] [Times: user=0.00 sys=0.00, real=0.00 secs] 
7.947: [CMS-concurrent-mark-start]
7.947: [GC (Allocation Failure) 7.947: [ParNew: 0K->0K(3072K), 0.0002060 secs]7.947: [CMS7.956: [CMS-concurrent-mark: 0.002/0.009 secs] [Times: user=0.00 sys=0.00, real=0.01 secs] 
 (concurrent mode failure): 5044K->948K(6848K), 0.0124287 secs] 5044K->948K(9920K), [Metaspace: 3664K->3664K(1056768K)], 0.0127285 secs] [Times: user=0.02 sys=0.00, real=0.01 secs] 
7.960: [GC (Allocation Failure) 7.960: [ParNew: 0K->0K(3072K), 0.0002852 secs]7.960: [CMS: 5044K->948K(6848K), 0.0031151 secs] 5044K->948K(9920K), [Metaspace: 3664K->3664K(1056768K)], 0.0034958 secs] [Times: user=0.00 sys=0.00, real=0.00 secs] 
7.964: [GC (CMS Initial Mark) [1 CMS-initial-mark: 5044K(6848K)] 5044K(9920K), 0.0001113 secs] [Times: user=0.00 sys=0.00, real=0.00 secs] 
7.964: [CMS-concurrent-mark-start]
7.964: [GC (Allocation Failure) 7.964: [ParNew: 0K->0K(3072K), 0.0002448 secs]7.964: [CMS7.972: [CMS-concurrent-mark: 0.002/0.008 secs] [Times: user=0.00 sys=0.00, real=0.01 secs] 
 (concurrent mode failure): 5044K->948K(6848K), 0.0105190 secs] 5044K->948K(9920K), [Metaspace: 3664K->3664K(1056768K)], 0.0108662 secs] [Times: user=0.02 sys=0.00, real=0.01 secs] 
7.975: [GC (Allocation Failure) 7.975: [ParNew: 0K->0K(3072K), 0.0004163 secs]7.976: [CMS: 5044K->948K(6848K), 0.0024037 secs] 5044K->948K(9920K), [Metaspace: 3664K->3664K(1056768K)], 0.0029094 secs] [Times: user=0.00 sys=0.00, real=0.00 secs] 
7.979: [GC (CMS Initial Mark) [1 CMS-initial-mark: 5044K(6848K)] 5044K(9920K), 0.0001511 secs] [Times: user=0.00 sys=0.00, real=0.00 secs] 
7.979: [CMS-concurrent-mark-start]
7.979: [GC (Allocation Failure) 7.979: [ParNew: 0K->0K(3072K), 0.0002336 secs]7.979: [CMS7.987: [CMS-concurrent-mark: 0.001/0.008 secs] [Times: user=0.00 sys=0.00, real=0.01 secs] 
 (concurrent mode failure): 5044K->948K(6848K), 0.0102516 secs] 5044K->948K(9920K), [Metaspace: 3664K->3664K(1056768K)], 0.0105566 secs] [Times: user=0.02 sys=0.00, real=0.01 secs] 
7.990: [GC (Allocation Failure) 7.990: [ParNew: 0K->0K(3072K), 0.0002636 secs]7.990: [CMS: 5044K->948K(6848K), 0.0038655 secs] 5044K->948K(9920K), [Metaspace: 3664K->3664K(1056768K)], 0.0042224 secs] [Times: user=0.00 sys=0.00, real=0.00 secs] 
7.995: [GC (CMS Initial Mark) [1 CMS-initial-mark: 5044K(6848K)] 5044K(9920K), 0.0001930 secs] [Times: user=0.00 sys=0.00, real=0.00 secs] 
7.995: [CMS-concurrent-mark-start]
7.995: [GC (Allocation Failure) 7.995: [ParNew: 0K->0K(3072K), 0.0003479 secs]7.995: [CMS8.002: [CMS-concurrent-mark: 0.002/0.007 secs] [Times: user=0.00 sys=0.00, real=0.01 secs] 
 (concurrent mode failure): 5044K->948K(6848K), 0.0096698 secs] 5044K->948K(9920K), [Metaspace: 3664K->3664K(1056768K)], 0.0101198 secs] [Times: user=0.01 sys=0.00, real=0.01 secs] 
8.006: [GC (Allocation Failure) 8.006: [ParNew: 0K->0K(3072K), 0.0003584 secs]8.006: [CMS: 5044K->948K(6848K), 0.0039844 secs] 5044K->948K(9920K), [Metaspace: 3664K->3664K(1056768K)], 0.0044509 secs] [Times: user=0.00 sys=0.00, real=0.01 secs] 
8.011: [GC (CMS Initial Mark) [1 CMS-initial-mark: 5044K(6848K)] 5044K(9920K), 0.0001762 secs] [Times: user=0.00 sys=0.00, real=0.00 secs] 
8.011: [CMS-concurrent-mark-start]
8.011: [GC (Allocation Failure) 8.011: [ParNew: 0K->0K(3072K), 0.0005193 secs]8.012: [CMS8.019: [CMS-concurrent-mark: 0.002/0.008 secs] [Times: user=0.00 sys=0.00, real=0.01 secs] 
 (concurrent mode failure): 5044K->948K(6848K), 0.0091674 secs] 5044K->948K(9920K), [Metaspace: 3664K->3664K(1056768K)], 0.0097709 secs] [Times: user=0.02 sys=0.00, real=0.01 secs] 
8.021: [GC (Allocation Failure) 8.021: [ParNew: 0K->0K(3072K), 0.0002440 secs]8.021: [CMS: 5044K->948K(6848K), 0.0019664 secs] 5044K->948K(9920K), [Metaspace: 3664K->3664K(1056768K)], 0.0022801 secs] [Times: user=0.00 sys=0.00, real=0.00 secs] 
8.024: [GC (CMS Initial Mark) [1 CMS-initial-mark: 5044K(6848K)] 5044K(9920K), 0.0001417 secs] [Times: user=0.00 sys=0.00, real=0.00 secs] 
8.024: [CMS-concurrent-mark-start]
8.024: [GC (Allocation Failure) 8.024: [ParNew: 0K->0K(3072K), 0.0002687 secs]8.024: [CMS8.034: [CMS-concurrent-mark: 0.001/0.010 secs] [Times: user=0.00 sys=0.00, real=0.01 secs] 
 (concurrent mode failure): 5044K->948K(6848K), 0.0116759 secs] 5044K->948K(9920K), [Metaspace: 3664K->3664K(1056768K)], 0.0120314 secs] [Times: user=0.00 sys=0.00, real=0.01 secs] 
8.036: [GC (Allocation Failure) 8.036: [ParNew: 0K->0K(3072K), 0.0002600 secs]8.037: [CMS: 5044K->948K(6848K), 0.0026102 secs] 5044K->948K(9920K), [Metaspace: 3664K->3664K(1056768K)], 0.0029650 secs] [Times: user=0.13 sys=0.00, real=0.00 secs] 
8.040: [GC (CMS Initial Mark) [1 CMS-initial-mark: 5044K(6848K)] 5044K(9920K), 0.0002526 secs] [Times: user=0.00 sys=0.00, real=0.00 secs] 
8.040: [CMS-concurrent-mark-start]
8.040: [GC (Allocation Failure) 8.040: [ParNew: 0K->0K(3072K), 0.0003281 secs]8.040: [CMS8.050: [CMS-concurrent-mark: 0.002/0.010 secs] [Times: user=0.00 sys=0.00, real=0.01 secs] 
 (concurrent mode failure): 5044K->948K(6848K), 0.0131539 secs] 5044K->948K(9920K), [Metaspace: 3664K->3664K(1056768K)], 0.0135784 secs] [Times: user=0.01 sys=0.00, real=0.01 secs] 
8.054: [GC (Allocation Failure) 8.054: [ParNew: 0K->0K(3072K), 0.0002278 secs]8.054: [CMS: 5044K->948K(6848K), 0.0042503 secs] 5044K->948K(9920K), [Metaspace: 3664K->3664K(1056768K)], 0.0045756 secs] [Times: user=0.00 sys=0.00, real=0.00 secs] 
8.059: [GC (CMS Initial Mark) [1 CMS-initial-mark: 5044K(6848K)] 5044K(9920K), 0.0006719 secs] [Times: user=0.00 sys=0.00, real=0.00 secs] 
8.060: [CMS-concurrent-mark-start]
8.060: [GC (Allocation Failure) 8.060: [ParNew: 0K->0K(3072K), 0.0002868 secs]8.060: [CMS8.066: [CMS-concurrent-mark: 0.002/0.006 secs] [Times: user=0.00 sys=0.00, real=0.00 secs] 
 (concurrent mode failure): 5044K->948K(6848K), 0.0079073 secs] 5044K->948K(9920K), [Metaspace: 3664K->3664K(1056768K)], 0.0082786 secs] [Times: user=0.02 sys=0.00, real=0.01 secs] 
8.069: [GC (Allocation Failure) 8.069: [ParNew: 0K->0K(3072K), 0.0002566 secs]8.069: [CMS: 5044K->948K(6848K), 0.0026009 secs] 5044K->948K(9920K), [Metaspace: 3664K->3664K(1056768K)], 0.0029287 secs] [Times: user=0.00 sys=0.00, real=0.00 secs] 
8.072: [GC (CMS Initial Mark) [1 CMS-initial-mark: 5044K(6848K)] 5044K(9920K), 0.0001329 secs] [Times: user=0.00 sys=0.00, real=0.00 secs] 
8.072: [CMS-concurrent-mark-start]
8.072: [GC (Allocation Failure) 8.072: [ParNew: 0K->0K(3072K), 0.0002699 secs]8.073: [CMS8.081: [CMS-concurrent-mark: 0.001/0.009 secs] [Times: user=0.00 sys=0.00, real=0.01 secs] 
 (concurrent mode failure): 5044K->948K(6848K), 0.0107172 secs] 5044K->948K(9920K), [Metaspace: 3664K->3664K(1056768K)], 0.0110647 secs] [Times: user=0.00 sys=0.00, real=0.01 secs] 
8.084: [GC (Allocation Failure) 8.084: [ParNew: 0K->0K(3072K), 0.0002239 secs]8.084: [CMS: 5044K->948K(6848K), 0.0019019 secs] 5044K->948K(9920K), [Metaspace: 3664K->3664K(1056768K)], 0.0021880 secs] [Times: user=0.00 sys=0.00, real=0.00 secs] 
8.086: [GC (CMS Initial Mark) [1 CMS-initial-mark: 5044K(6848K)] 5044K(9920K), 0.0001238 secs] [Times: user=0.00 sys=0.00, real=0.00 secs] 
8.086: [CMS-concurrent-mark-start]
8.087: [GC (Allocation Failure) 8.087: [ParNew: 0K->0K(3072K), 0.0002043 secs]8.087: [CMS8.097: [CMS-concurrent-mark: 0.002/0.010 secs] [Times: user=0.00 sys=0.00, real=0.01 secs] 
 (concurrent mode failure): 5044K->948K(6848K), 0.0132410 secs] 5044K->948K(9920K), [Metaspace: 3664K->3664K(1056768K)], 0.0135230 secs] [Times: user=0.02 sys=0.00, real=0.01 secs] 
8.100: [GC (Allocation Failure) 8.101: [ParNew: 0K->0K(3072K), 0.0003129 secs]8.101: [CMS: 5044K->948K(6848K), 0.0029481 secs] 5044K->948K(9920K), [Metaspace: 3664K->3664K(1056768K)], 0.0033495 secs] [Times: user=0.00 sys=0.00, real=0.00 secs] 
8.104: [GC (CMS Initial Mark) [1 CMS-initial-mark: 5044K(6848K)] 5044K(9920K), 0.0001478 secs] [Times: user=0.00 sys=0.00, real=0.00 secs] 
8.104: [CMS-concurrent-mark-start]
8.104: [GC (Allocation Failure) 8.104: [ParNew: 0K->0K(3072K), 0.0002361 secs]8.105: [CMS8.112: [CMS-concurrent-mark: 0.001/0.007 secs] [Times: user=0.00 sys=0.00, real=0.01 secs] 
 (concurrent mode failure): 5044K->948K(6848K), 0.0090816 secs] 5044K->948K(9920K), [Metaspace: 3664K->3664K(1056768K)], 0.0094130 secs] [Times: user=0.02 sys=0.00, real=0.01 secs] 
8.114: [GC (Allocation Failure) 8.114: [ParNew: 0K->0K(3072K), 0.0002190 secs]8.114: [CMS: 5044K->948K(6848K), 0.0019695 secs] 5044K->948K(9920K), [Metaspace: 3664K->3664K(1056768K)], 0.0022617 secs] [Times: user=0.00 sys=0.00, real=0.00 secs] 
8.117: [GC (CMS Initial Mark) [1 CMS-initial-mark: 5044K(6848K)] 5044K(9920K), 0.0001362 secs] [Times: user=0.00 sys=0.00, real=0.00 secs] 
8.117: [CMS-concurrent-mark-start]
8.117: [GC (Allocation Failure) 8.117: [ParNew: 0K->0K(3072K), 0.0002329 secs]8.117: [CMS8.127: [CMS-concurrent-mark: 0.002/0.010 secs] [Times: user=0.00 sys=0.00, real=0.01 secs] 
 (concurrent mode failure): 5044K->948K(6848K), 0.0124457 secs] 5044K->948K(9920K), [Metaspace: 3664K->3664K(1056768K)], 0.0127552 secs] [Times: user=0.02 sys=0.00, real=0.01 secs] 
8.130: [GC (Allocation Failure) 8.130: [ParNew: 0K->0K(3072K), 0.0002868 secs]8.131: [CMS: 5044K->948K(6848K), 0.0035450 secs] 5044K->948K(9920K), [Metaspace: 3664K->3664K(1056768K)], 0.0039169 secs] [Times: user=0.00 sys=0.00, real=0.00 secs] 
8.135: [GC (CMS Initial Mark) [1 CMS-initial-mark: 5044K(6848K)] 5044K(9920K), 0.0001485 secs] [Times: user=0.00 sys=0.00, real=0.00 secs] 
8.135: [CMS-concurrent-mark-start]
8.135: [GC (Allocation Failure) 8.135: [ParNew: 0K->0K(3072K), 0.0002792 secs]8.135: [CMS8.143: [CMS-concurrent-mark: 0.002/0.008 secs] [Times: user=0.00 sys=0.00, real=0.01 secs] 
 (concurrent mode failure): 5044K->948K(6848K), 0.0105296 secs] 5044K->948K(9920K), [Metaspace: 3664K->3664K(1056768K)], 0.0108912 secs] [Times: user=0.01 sys=0.00, real=0.01 secs] 
8.146: [GC (Allocation Failure) 8.146: [ParNew: 0K->0K(3072K), 0.0002427 secs]8.147: [CMS: 5044K->948K(6848K), 0.0035863 secs] 5044K->948K(9920K), [Metaspace: 3664K->3664K(1056768K)], 0.0039183 secs] [Times: user=0.00 sys=0.00, real=0.00 secs] 
8.151: [GC (CMS Initial Mark) [1 CMS-initial-mark: 5044K(6848K)] 5044K(9920K), 0.0001687 secs] [Times: user=0.00 sys=0.00, real=0.00 secs] 
8.151: [CMS-concurrent-mark-start]
8.151: [GC (Allocation Failure) 8.151: [ParNew: 0K->0K(3072K), 0.0002285 secs]8.151: [CMS8.159: [CMS-concurrent-mark: 0.002/0.008 secs] [Times: user=0.00 sys=0.00, real=0.01 secs] 
 (concurrent mode failure): 5044K->948K(6848K), 0.0106301 secs] 5044K->948K(9920K), [Metaspace: 3664K->3664K(1056768K)], 0.0109462 secs] [Times: user=0.02 sys=0.00, real=0.01 secs] 
8.162: [GC (Allocation Failure) 8.162: [ParNew: 0K->0K(3072K), 0.0002606 secs]8.162: [CMS: 5044K->948K(6848K), 0.0026902 secs] 5044K->948K(9920K), [Metaspace: 3664K->3664K(1056768K)], 0.0030405 secs] [Times: user=0.00 sys=0.00, real=0.00 secs] 
8.166: [GC (CMS Initial Mark) [1 CMS-initial-mark: 5044K(6848K)] 5044K(9920K), 0.0001876 secs] [Times: user=0.00 sys=0.00, real=0.00 secs] 
8.166: [CMS-concurrent-mark-start]
8.166: [GC (Allocation Failure) 8.166: [ParNew: 0K->0K(3072K), 0.0002416 secs]8.166: [CMS8.175: [CMS-concurrent-mark: 0.002/0.009 secs] [Times: user=0.00 sys=0.00, real=0.01 secs] 
 (concurrent mode failure): 5044K->948K(6848K), 0.0132875 secs] 5044K->948K(9920K), [Metaspace: 3664K->3664K(1056768K)], 0.0136043 secs] [Times: user=0.01 sys=0.00, real=0.01 secs] 
8.180: [GC (Allocation Failure) 8.180: [ParNew: 0K->0K(3072K), 0.0003156 secs]8.180: [CMS: 5044K->948K(6848K), 0.0035648 secs] 5044K->948K(9920K), [Metaspace: 3664K->3664K(1056768K)], 0.0039878 secs] [Times: user=0.00 sys=0.00, real=0.00 secs] 
8.184: [GC (CMS Initial Mark) [1 CMS-initial-mark: 5044K(6848K)] 5044K(9920K), 0.0002302 secs] [Times: user=0.00 sys=0.00, real=0.00 secs] 
8.185: [CMS-concurrent-mark-start]
8.185: [GC (Allocation Failure) 8.185: [ParNew: 0K->0K(3072K), 0.0003233 secs]8.185: [CMS8.189: [CMS-concurrent-mark: 0.001/0.004 secs] [Times: user=0.00 sys=0.00, real=0.01 secs] 
 (concurrent mode failure): 5044K->948K(6848K), 0.0069647 secs] 5044K->948K(9920K), [Metaspace: 3664K->3664K(1056768K)], 0.0073670 secs] [Times: user=0.02 sys=0.00, real=0.01 secs] 
8.193: [GC (Allocation Failure) 8.193: [ParNew: 0K->0K(3072K), 0.0002575 secs]8.193: [CMS: 5044K->948K(6848K), 0.0022985 secs] 5044K->948K(9920K), [Metaspace: 3664K->3664K(1056768K)], 0.0026384 secs] [Times: user=0.00 sys=0.00, real=0.00 secs] 
8.196: [GC (CMS Initial Mark) [1 CMS-initial-mark: 5044K(6848K)] 5044K(9920K), 0.0001087 secs] [Times: user=0.00 sys=0.00, real=0.00 secs] 
8.196: [CMS-concurrent-mark-start]
8.196: [GC (Allocation Failure) 8.196: [ParNew: 0K->0K(3072K), 0.0002722 secs]8.196: [CMS8.204: [CMS-concurrent-mark: 0.002/0.009 secs] [Times: user=0.00 sys=0.00, real=0.01 secs] 
 (concurrent mode failure): 5044K->948K(6848K), 0.0117363 secs] 5044K->948K(9920K), [Metaspace: 3664K->3664K(1056768K)], 0.0121374 secs] [Times: user=0.00 sys=0.02, real=0.01 secs] 
8.208: [GC (Allocation Failure) 8.208: [ParNew: 0K->0K(3072K), 0.0002942 secs]8.209: [CMS: 5044K->948K(6848K), 0.0028403 secs] 5044K->948K(9920K), [Metaspace: 3664K->3664K(1056768K)], 0.0032192 secs] [Times: user=0.00 sys=0.00, real=0.00 secs] 
8.212: [GC (CMS Initial Mark) [1 CMS-initial-mark: 5044K(6848K)] 5044K(9920K), 0.0001142 secs] [Times: user=0.00 sys=0.00, real=0.00 secs] 
8.212: [CMS-concurrent-mark-start]
8.212: [GC (Allocation Failure) 8.212: [ParNew: 0K->0K(3072K), 0.0003363 secs]8.212: [CMS8.219: [CMS-concurrent-mark: 0.001/0.007 secs] [Times: user=0.00 sys=0.00, real=0.01 secs] 
 (concurrent mode failure): 5044K->948K(6848K), 0.0097519 secs] 5044K->948K(9920K), [Metaspace: 3664K->3664K(1056768K)], 0.0101768 secs] [Times: user=0.00 sys=0.00, real=0.01 secs] 
8.223: [GC (Allocation Failure) 8.223: [ParNew: 0K->0K(3072K), 0.0005030 secs]8.223: [CMS: 5044K->948K(6848K), 0.0046253 secs] 5044K->948K(9920K), [Metaspace: 3664K->3664K(1056768K)], 0.0052271 secs] [Times: user=0.00 sys=0.02, real=0.01 secs] 
8.228: [GC (CMS Initial Mark) [1 CMS-initial-mark: 5044K(6848K)] 5044K(9920K), 0.0000881 secs] [Times: user=0.00 sys=0.00, real=0.00 secs] 
8.228: [CMS-concurrent-mark-start]
8.228: [GC (Allocation Failure) 8.228: [ParNew: 0K->0K(3072K), 0.0002196 secs]8.229: [CMS8.235: [CMS-concurrent-mark: 0.002/0.006 secs] [Times: user=0.00 sys=0.00, real=0.01 secs] 
 (concurrent mode failure): 5044K->948K(6848K), 0.0079396 secs] 5044K->948K(9920K), [Metaspace: 3664K->3664K(1056768K)], 0.0082329 secs] [Times: user=0.00 sys=0.00, real=0.01 secs] 
8.237: [GC (Allocation Failure) 8.237: [ParNew: 0K->0K(3072K), 0.0002642 secs]8.237: [CMS: 5044K->948K(6848K), 0.0026816 secs] 5044K->948K(9920K), [Metaspace: 3664K->3664K(1056768K)], 0.0030326 secs] [Times: user=0.02 sys=0.00, real=0.00 secs] 
8.240: [GC (CMS Initial Mark) [1 CMS-initial-mark: 5044K(6848K)] 5044K(9920K), 0.0001423 secs] [Times: user=0.00 sys=0.00, real=0.00 secs] 
8.241: [CMS-concurrent-mark-start]
8.241: [GC (Allocation Failure) 8.241: [ParNew: 0K->0K(3072K), 0.0002813 secs]8.241: [CMS8.250: [CMS-concurrent-mark: 0.002/0.010 secs] [Times: user=0.00 sys=0.00, real=0.01 secs] 
 (concurrent mode failure): 5044K->948K(6848K), 0.0116055 secs] 5044K->948K(9920K), [Metaspace: 3664K->3664K(1056768K)], 0.0119803 secs] [Times: user=0.00 sys=0.00, real=0.01 secs] 
8.253: [GC (Allocation Failure) 8.253: [ParNew: 0K->0K(3072K), 0.0002943 secs]8.253: [CMS: 5044K->948K(6848K), 0.0035751 secs] 5044K->948K(9920K), [Metaspace: 3664K->3664K(1056768K)], 0.0039529 secs] [Times: user=0.02 sys=0.00, real=0.00 secs] 
8.258: [GC (CMS Initial Mark) [1 CMS-initial-mark: 5044K(6848K)] 5044K(9920K), 0.0001812 secs] [Times: user=0.00 sys=0.00, real=0.00 secs] 
8.258: [CMS-concurrent-mark-start]
8.258: [GC (Allocation Failure) 8.258: [ParNew: 0K->0K(3072K), 0.0005389 secs]8.259: [CMS8.265: [CMS-concurrent-mark: 0.001/0.007 secs] [Times: user=0.00 sys=0.00, real=0.01 secs] 
 (concurrent mode failure): 5044K->948K(6848K), 0.0089281 secs] 5044K->948K(9920K), [Metaspace: 3664K->3664K(1056768K)], 0.0095791 secs] [Times: user=0.00 sys=0.00, real=0.01 secs] 
8.268: [GC (Allocation Failure) 8.268: [ParNew: 0K->0K(3072K), 0.0002235 secs]8.268: [CMS: 5044K->948K(6848K), 0.0020115 secs] 5044K->948K(9920K), [Metaspace: 3664K->3664K(1056768K)], 0.0023016 secs] [Times: user=0.02 sys=0.00, real=0.00 secs] 
8.271: [GC (CMS Initial Mark) [1 CMS-initial-mark: 5044K(6848K)] 5044K(9920K), 0.0002876 secs] [Times: user=0.00 sys=0.00, real=0.00 secs] 
8.271: [CMS-concurrent-mark-start]
8.271: [GC (Allocation Failure) 8.271: [ParNew: 0K->0K(3072K), 0.0002967 secs]8.271: [CMS8.281: [CMS-concurrent-mark: 0.001/0.010 secs] [Times: user=0.00 sys=0.00, real=0.01 secs] 
 (concurrent mode failure): 5044K->948K(6848K), 0.0120910 secs] 5044K->948K(9920K), [Metaspace: 3664K->3664K(1056768K)], 0.0124720 secs] [Times: user=0.00 sys=0.00, real=0.01 secs] 
8.284: [GC (Allocation Failure) 8.284: [ParNew: 0K->0K(3072K), 0.0002547 secs]8.284: [CMS: 5044K->948K(6848K), 0.0024343 secs] 5044K->948K(9920K), [Metaspace: 3664K->3664K(1056768K)], 0.0027876 secs] [Times: user=0.02 sys=0.00, real=0.00 secs] 
8.287: [GC (CMS Initial Mark) [1 CMS-initial-mark: 5044K(6848K)] 5044K(9920K), 0.0001362 secs] [Times: user=0.00 sys=0.00, real=0.00 secs] 
8.287: [CMS-concurrent-mark-start]
8.287: [GC (Allocation Failure) 8.287: [ParNew: 0K->0K(3072K), 0.0002468 secs]8.288: [CMS8.297: [CMS-concurrent-mark: 0.001/0.010 secs] [Times: user=0.00 sys=0.00, real=0.01 secs] 
 (concurrent mode failure): 5044K->948K(6848K), 0.0122538 secs] 5044K->948K(9920K), [Metaspace: 3664K->3664K(1056768K)], 0.0125867 secs] [Times: user=0.00 sys=0.00, real=0.01 secs] 
8.300: [GC (Allocation Failure) 8.300: [ParNew: 0K->0K(3072K), 0.0002553 secs]8.301: [CMS: 5044K->948K(6848K), 0.0040793 secs] 5044K->948K(9920K), [Metaspace: 3664K->3664K(1056768K)], 0.0044130 secs] [Times: user=0.01 sys=0.00, real=0.00 secs] 
8.305: [GC (CMS Initial Mark) [1 CMS-initial-mark: 5044K(6848K)] 5044K(9920K), 0.0001521 secs] [Times: user=0.00 sys=0.00, real=0.00 secs] 
8.306: [CMS-concurrent-mark-start]
8.307: [GC (Allocation Failure) 8.307: [ParNew: 0K->0K(3072K), 0.0013537 secs]8.309: [CMS8.312: [CMS-concurrent-mark: 0.002/0.006 secs] [Times: user=0.00 sys=0.00, real=0.01 secs] 
 (concurrent mode failure): 5044K->948K(6848K), 0.0066115 secs] 5044K->948K(9920K), [Metaspace: 3664K->3664K(1056768K)], 0.0080861 secs] [Times: user=0.00 sys=0.00, real=0.01 secs] 
8.316: [GC (Allocation Failure) 8.316: [ParNew: 0K->0K(3072K), 0.0002937 secs]8.316: [CMS: 5044K->948K(6848K), 0.0021000 secs] 5044K->948K(9920K), [Metaspace: 3664K->3664K(1056768K)], 0.0024674 secs] [Times: user=0.02 sys=0.00, real=0.00 secs] 
8.318: [GC (CMS Initial Mark) [1 CMS-initial-mark: 5044K(6848K)] 5044K(9920K), 0.0002041 secs] [Times: user=0.00 sys=0.00, real=0.00 secs] 
8.319: [CMS-concurrent-mark-start]
8.319: [GC (Allocation Failure) 8.319: [ParNew: 0K->0K(3072K), 0.0003171 secs]8.319: [CMS8.329: [CMS-concurrent-mark: 0.002/0.010 secs] [Times: user=0.00 sys=0.00, real=0.01 secs] 
 (concurrent mode failure): 5044K->948K(6848K), 0.0125328 secs] 5044K->948K(9920K), [Metaspace: 3664K->3664K(1056768K)], 0.0129272 secs] [Times: user=0.00 sys=0.00, real=0.01 secs] 
8.332: [GC (Allocation Failure) 8.332: [ParNew: 0K->0K(3072K), 0.0002467 secs]8.332: [CMS: 5044K->948K(6848K), 0.0019091 secs] 5044K->948K(9920K), [Metaspace: 3664K->3664K(1056768K)], 0.0022290 secs] [Times: user=0.01 sys=0.00, real=0.00 secs] 
8.335: [GC (CMS Initial Mark) [1 CMS-initial-mark: 5044K(6848K)] 5044K(9920K), 0.0000840 secs] [Times: user=0.00 sys=0.00, real=0.00 secs] 
8.335: [CMS-concurrent-mark-start]
8.335: [GC (Allocation Failure) 8.335: [ParNew: 0K->0K(3072K), 0.0002454 secs]8.335: [CMS8.344: [CMS-concurrent-mark: 0.001/0.009 secs] [Times: user=0.00 sys=0.00, real=0.01 secs] 
 (concurrent mode failure): 5044K->948K(6848K), 0.0109612 secs] 5044K->948K(9920K), [Metaspace: 3664K->3664K(1056768K)], 0.0112738 secs] [Times: user=0.00 sys=0.00, real=0.01 secs] 
8.346: [GC (Allocation Failure) 8.346: [ParNew: 0K->0K(3072K), 0.0002860 secs]8.347: [CMS: 5044K->948K(6848K), 0.0018556 secs] 5044K->948K(9920K), [Metaspace: 3664K->3664K(1056768K)], 0.0022032 secs] [Times: user=0.02 sys=0.00, real=0.00 secs] 
8.349: [GC (CMS Initial Mark) [1 CMS-initial-mark: 5044K(6848K)] 5044K(9920K), 0.0001094 secs] [Times: user=0.00 sys=0.00, real=0.00 secs] 
8.349: [CMS-concurrent-mark-start]
8.349: [GC (Allocation Failure) 8.349: [ParNew: 0K->0K(3072K), 0.0002460 secs]8.350: [CMS8.360: [CMS-concurrent-mark: 0.002/0.011 secs] [Times: user=0.00 sys=0.00, real=0.01 secs] 
 (concurrent mode failure): 5044K->948K(6848K), 0.0131316 secs] 5044K->948K(9920K), [Metaspace: 3664K->3664K(1056768K)], 0.0134702 secs] [Times: user=0.00 sys=0.00, real=0.01 secs] 
8.363: [GC (Allocation Failure) 8.363: [ParNew: 0K->0K(3072K), 0.0002663 secs]8.363: [CMS: 5044K->948K(6848K), 0.0029683 secs] 5044K->948K(9920K), [Metaspace: 3664K->3664K(1056768K)], 0.0033181 secs] [Times: user=0.02 sys=0.00, real=0.00 secs] 
8.367: [GC (CMS Initial Mark) [1 CMS-initial-mark: 5044K(6848K)] 5044K(9920K), 0.0001398 secs] [Times: user=0.00 sys=0.00, real=0.00 secs] 
8.367: [CMS-concurrent-mark-start]
8.367: [GC (Allocation Failure) 8.367: [ParNew: 0K->0K(3072K), 0.0004189 secs]8.368: [CMS8.377: [CMS-concurrent-mark: 0.002/0.010 secs] [Times: user=0.00 sys=0.00, real=0.01 secs] 
 (concurrent mode failure): 5044K->948K(6848K), 0.0111820 secs] 5044K->948K(9920K), [Metaspace: 3664K->3664K(1056768K)], 0.0117000 secs] [Times: user=0.00 sys=0.00, real=0.01 secs] 
8.379: [GC (Allocation Failure) 8.379: [ParNew: 0K->0K(3072K), 0.0002754 secs]8.380: [CMS: 5044K->948K(6848K), 0.0023840 secs] 5044K->948K(9920K), [Metaspace: 3664K->3664K(1056768K)], 0.0027276 secs] [Times: user=0.00 sys=0.02, real=0.00 secs] 
8.383: [GC (CMS Initial Mark) [1 CMS-initial-mark: 5044K(6848K)] 5044K(9920K), 0.0001493 secs] [Times: user=0.00 sys=0.00, real=0.00 secs] 
8.383: [CMS-concurrent-mark-start]
8.383: [GC (Allocation Failure) 8.383: [ParNew: 0K->0K(3072K), 0.0002499 secs]8.383: [CMS8.392: [CMS-concurrent-mark: 0.002/0.009 secs] [Times: user=0.00 sys=0.00, real=0.01 secs] 
 (concurrent mode failure): 5044K->948K(6848K), 0.0117613 secs] 5044K->948K(9920K), [Metaspace: 3664K->3664K(1056768K)], 0.0120890 secs] [Times: user=0.00 sys=0.00, real=0.01 secs] 
8.395: [GC (Allocation Failure) 8.395: [ParNew: 0K->0K(3072K), 0.0002865 secs]8.396: [CMS: 5044K->948K(6848K), 0.0020436 secs] 5044K->948K(9920K), [Metaspace: 3664K->3664K(1056768K)], 0.0024010 secs] [Times: user=0.00 sys=0.00, real=0.00 secs] 
8.398: [GC (CMS Initial Mark) [1 CMS-initial-mark: 5044K(6848K)] 5044K(9920K), 0.0001211 secs] [Times: user=0.00 sys=0.00, real=0.00 secs] 
8.398: [CMS-concurrent-mark-start]
8.398: [GC (Allocation Failure) 8.398: [ParNew: 0K->0K(3072K), 0.0001731 secs]8.399: [CMS8.407: [CMS-concurrent-mark: 0.001/0.008 secs] [Times: user=0.00 sys=0.00, real=0.01 secs] 
 (concurrent mode failure): 5044K->948K(6848K), 0.0110505 secs] 5044K->948K(9920K), [Metaspace: 3664K->3664K(1056768K)], 0.0113000 secs] [Times: user=0.00 sys=0.00, real=0.01 secs] 
8.410: [GC (Allocation Failure) 8.410: [ParNew: 0K->0K(3072K), 0.0002085 secs]8.410: [CMS: 5044K->948K(6848K), 0.0018021 secs] 5044K->948K(9920K), [Metaspace: 3664K->3664K(1056768K)], 0.0020694 secs] [Times: user=0.02 sys=0.00, real=0.00 secs] 
8.412: [GC (CMS Initial Mark) [1 CMS-initial-mark: 5044K(6848K)] 5044K(9920K), 0.0001138 secs] [Times: user=0.00 sys=0.00, real=0.00 secs] 
8.413: [CMS-concurrent-mark-start]
8.413: [GC (Allocation Failure) 8.413: [ParNew: 0K->0K(3072K), 0.0002332 secs]8.413: [CMS8.422: [CMS-concurrent-mark: 0.001/0.010 secs] [Times: user=0.00 sys=0.00, real=0.01 secs] 
 (concurrent mode failure): 5044K->948K(6848K), 0.0123199 secs] 5044K->948K(9920K), [Metaspace: 3664K->3664K(1056768K)], 0.0126282 secs] [Times: user=0.00 sys=0.00, real=0.01 secs] 
8.426: [GC (Allocation Failure) 8.426: [ParNew: 0K->0K(3072K), 0.0002146 secs]8.426: [CMS: 5044K->948K(6848K), 0.0019032 secs] 5044K->948K(9920K), [Metaspace: 3664K->3664K(1056768K)], 0.0021785 secs] [Times: user=0.02 sys=0.00, real=0.00 secs] 
8.428: [GC (CMS Initial Mark) [1 CMS-initial-mark: 5044K(6848K)] 5044K(9920K), 0.0000798 secs] [Times: user=0.00 sys=0.00, real=0.00 secs] 
8.428: [CMS-concurrent-mark-start]
8.428: [GC (Allocation Failure) 8.428: [ParNew: 0K->0K(3072K), 0.0001954 secs]8.429: [CMS8.442: [CMS-concurrent-mark: 0.005/0.014 secs] [Times: user=0.03 sys=0.00, real=0.01 secs] 
 (concurrent mode failure): 5044K->948K(6848K), 0.0166284 secs] 5044K->948K(9920K), [Metaspace: 3664K->3664K(1056768K)], 0.0169158 secs] [Times: user=0.03 sys=0.00, real=0.02 secs] 
8.446: [GC (Allocation Failure) 8.446: [ParNew: 0K->0K(3072K), 0.0002122 secs]8.446: [CMS: 5044K->948K(6848K), 0.0018598 secs] 5044K->948K(9920K), [Metaspace: 3664K->3664K(1056768K)], 0.0021342 secs] [Times: user=0.00 sys=0.00, real=0.00 secs] 
8.448: [GC (CMS Initial Mark) [1 CMS-initial-mark: 5044K(6848K)] 5044K(9920K), 0.0000792 secs] [Times: user=0.00 sys=0.00, real=0.00 secs] 
8.448: [CMS-concurrent-mark-start]
8.448: [GC (Allocation Failure) 8.448: [ParNew: 0K->0K(3072K), 0.0001804 secs]8.448: [CMS8.454: [CMS-concurrent-mark: 0.001/0.006 secs] [Times: user=0.00 sys=0.00, real=0.00 secs] 
 (concurrent mode failure): 5044K->948K(6848K), 0.0076460 secs] 5044K->948K(9920K), [Metaspace: 3664K->3664K(1056768K)], 0.0078890 secs] [Times: user=0.00 sys=0.00, real=0.01 secs] 
8.456: [GC (Allocation Failure) 8.456: [ParNew: 0K->0K(3072K), 0.0002244 secs]8.457: [CMS: 5044K->948K(6848K), 0.0026179 secs] 5044K->948K(9920K), [Metaspace: 3664K->3664K(1056768K)], 0.0029205 secs] [Times: user=0.01 sys=0.00, real=0.00 secs] 
8.460: [GC (CMS Initial Mark) [1 CMS-initial-mark: 5044K(6848K)] 5044K(9920K), 0.0000853 secs] [Times: user=0.00 sys=0.00, real=0.00 secs] 
8.460: [CMS-concurrent-mark-start]
8.460: [GC (Allocation Failure) 8.460: [ParNew: 0K->0K(3072K), 0.0001985 secs]8.460: [CMS8.469: [CMS-concurrent-mark: 0.002/0.009 secs] [Times: user=0.00 sys=0.00, real=0.01 secs] 
 (concurrent mode failure): 5044K->948K(6848K), 0.0110904 secs] 5044K->948K(9920K), [Metaspace: 3664K->3664K(1056768K)], 0.0113604 secs] [Times: user=0.00 sys=0.00, real=0.01 secs] 
8.472: [GC (Allocation Failure) 8.472: [ParNew: 0K->0K(3072K), 0.0002180 secs]8.472: [CMS: 5044K->948K(6848K), 0.0021365 secs] 5044K->948K(9920K), [Metaspace: 3664K->3664K(1056768K)], 0.0024404 secs] [Times: user=0.02 sys=0.00, real=0.00 secs] 
8.474: [GC (CMS Initial Mark) [1 CMS-initial-mark: 5044K(6848K)] 5044K(9920K), 0.0002066 secs] [Times: user=0.00 sys=0.00, real=0.00 secs] 
8.475: [CMS-concurrent-mark-start]
8.475: [GC (Allocation Failure) 8.475: [ParNew: 0K->0K(3072K), 0.0007005 secs]8.476: [CMS8.484: [CMS-concurrent-mark: 0.002/0.010 secs] [Times: user=0.00 sys=0.00, real=0.01 secs] 
 (concurrent mode failure): 5044K->948K(6848K), 0.0110790 secs] 5044K->948K(9920K), [Metaspace: 3664K->3664K(1056768K)], 0.0118872 secs] [Times: user=0.00 sys=0.00, real=0.01 secs] 
8.487: [GC (Allocation Failure) 8.487: [ParNew: 0K->0K(3072K), 0.0002378 secs]8.487: [CMS: 5044K->948K(6848K), 0.0020283 secs] 5044K->948K(9920K), [Metaspace: 3664K->3664K(1056768K)], 0.0023401 secs] [Times: user=0.02 sys=0.00, real=0.00 secs] 
8.490: [GC (CMS Initial Mark) [1 CMS-initial-mark: 5044K(6848K)] 5044K(9920K), 0.0001581 secs] [Times: user=0.00 sys=0.00, real=0.00 secs] 
8.490: [CMS-concurrent-mark-start]
8.490: [GC (Allocation Failure) 8.490: [ParNew: 0K->0K(3072K), 0.0003229 secs]8.491: [CMS8.505: [CMS-concurrent-mark: 0.006/0.015 secs] [Times: user=0.00 sys=0.00, real=0.01 secs] 
 (concurrent mode failure): 5044K->948K(6848K), 0.0264875 secs] 5044K->948K(9920K), [Metaspace: 3664K->3664K(1056768K)], 0.0269874 secs] [Times: user=0.02 sys=0.00, real=0.03 secs] 
8.518: [GC (Allocation Failure) 8.518: [ParNew: 0K->0K(3072K), 0.0007364 secs]8.519: [CMS: 5044K->948K(6848K), 0.0049864 secs] 5044K->948K(9920K), [Metaspace: 3664K->3664K(1056768K)], 0.0059279 secs] [Times: user=0.02 sys=0.00, real=0.01 secs] 
8.525: [GC (CMS Initial Mark) [1 CMS-initial-mark: 5044K(6848K)] 5044K(9920K), 0.0002401 secs] [Times: user=0.00 sys=0.00, real=0.00 secs] 
8.525: [CMS-concurrent-mark-start]
8.525: [GC (Allocation Failure) 8.525: [ParNew: 0K->0K(3072K), 0.0007899 secs]8.526: [CMS8.532: [CMS-concurrent-mark: 0.003/0.007 secs] [Times: user=0.00 sys=0.00, real=0.01 secs] 
 (concurrent mode failure): 5044K->948K(6848K), 0.0078879 secs] 5044K->948K(9920K), [Metaspace: 3664K->3664K(1056768K)], 0.0088073 secs] [Times: user=0.00 sys=0.00, real=0.01 secs] 
8.534: [GC (Allocation Failure) 8.534: [ParNew: 0K->0K(3072K), 0.0002207 secs]8.535: [CMS: 5044K->948K(6848K), 0.0018617 secs] 5044K->948K(9920K), [Metaspace: 3664K->3664K(1056768K)], 0.0021443 secs] [Times: user=0.02 sys=0.00, real=0.00 secs] 
8.537: [GC (CMS Initial Mark) [1 CMS-initial-mark: 5044K(6848K)] 5044K(9920K), 0.0001436 secs] [Times: user=0.00 sys=0.00, real=0.00 secs] 
8.537: [CMS-concurrent-mark-start]
8.537: [GC (Allocation Failure) 8.537: [ParNew: 0K->0K(3072K), 0.0001919 secs]8.537: [CMS8.547: [CMS-concurrent-mark: 0.002/0.010 secs] [Times: user=0.00 sys=0.00, real=0.01 secs] 
 (concurrent mode failure): 5044K->948K(6848K), 0.0119172 secs] 5044K->948K(9920K), [Metaspace: 3664K->3664K(1056768K)], 0.0121750 secs] [Times: user=0.00 sys=0.00, real=0.01 secs] 
8.550: [GC (Allocation Failure) 8.550: [ParNew: 0K->0K(3072K), 0.0002169 secs]8.550: [CMS: 5044K->948K(6848K), 0.0019294 secs] 5044K->948K(9920K), [Metaspace: 3664K->3664K(1056768K)], 0.0022073 secs] [Times: user=0.00 sys=0.00, real=0.00 secs] 
8.552: [GC (CMS Initial Mark) [1 CMS-initial-mark: 5044K(6848K)] 5044K(9920K), 0.0001223 secs] [Times: user=0.00 sys=0.00, real=0.00 secs] 
8.552: [CMS-concurrent-mark-start]
8.552: [GC (Allocation Failure) 8.552: [ParNew: 0K->0K(3072K), 0.0002273 secs]8.553: [CMS8.562: [CMS-concurrent-mark: 0.002/0.009 secs] [Times: user=0.00 sys=0.00, real=0.01 secs] 
 (concurrent mode failure): 5044K->948K(6848K), 0.0116725 secs] 5044K->948K(9920K), [Metaspace: 3664K->3664K(1056768K)], 0.0119810 secs] [Times: user=0.00 sys=0.00, real=0.01 secs] 
8.565: [GC (Allocation Failure) 8.565: [ParNew: 0K->0K(3072K), 0.0002057 secs]8.565: [CMS: 5044K->948K(6848K), 0.0019675 secs] 5044K->948K(9920K), [Metaspace: 3664K->3664K(1056768K)], 0.0022371 secs] [Times: user=0.00 sys=0.00, real=0.00 secs] 
8.567: [GC (CMS Initial Mark) [1 CMS-initial-mark: 5044K(6848K)] 5044K(9920K), 0.0000881 secs] [Times: user=0.00 sys=0.00, real=0.00 secs] 
8.567: [CMS-concurrent-mark-start]
8.567: [GC (Allocation Failure) 8.567: [ParNew: 0K->0K(3072K), 0.0001887 secs]8.568: [CMS8.577: [CMS-concurrent-mark: 0.002/0.009 secs] [Times: user=0.00 sys=0.00, real=0.01 secs] 
 (concurrent mode failure): 5044K->948K(6848K), 0.0112967 secs] 5044K->948K(9920K), [Metaspace: 3664K->3664K(1056768K)], 0.0115642 secs] [Times: user=0.00 sys=0.00, real=0.01 secs] 
8.579: [GC (Allocation Failure) 8.579: [ParNew: 0K->0K(3072K), 0.0002155 secs]8.580: [CMS: 5044K->948K(6848K), 0.0019041 secs] 5044K->948K(9920K), [Metaspace: 3664K->3664K(1056768K)], 0.0021841 secs] [Times: user=0.00 sys=0.00, real=0.00 secs] 
8.582: [GC (CMS Initial Mark) [1 CMS-initial-mark: 5044K(6848K)] 5044K(9920K), 0.0001336 secs] [Times: user=0.00 sys=0.00, real=0.00 secs] 
8.582: [CMS-concurrent-mark-start]
8.582: [GC (Allocation Failure) 8.582: [ParNew: 0K->0K(3072K), 0.0001940 secs]8.582: [CMS8.592: [CMS-concurrent-mark: 0.002/0.010 secs] [Times: user=0.00 sys=0.00, real=0.01 secs] 
 (concurrent mode failure): 5044K->948K(6848K), 0.0127537 secs] 5044K->948K(9920K), [Metaspace: 3664K->3664K(1056768K)], 0.0130267 secs] [Times: user=0.00 sys=0.00, real=0.01 secs] 
8.595: [GC (Allocation Failure) 8.595: [ParNew: 0K->0K(3072K), 0.0002517 secs]8.596: [CMS: 5044K->948K(6848K), 0.0019796 secs] 5044K->948K(9920K), [Metaspace: 3664K->3664K(1056768K)], 0.0023013 secs] [Times: user=0.00 sys=0.00, real=0.00 secs] 
8.598: [GC (CMS Initial Mark) [1 CMS-initial-mark: 5044K(6848K)] 5044K(9920K), 0.0001311 secs] [Times: user=0.00 sys=0.02, real=0.00 secs] 
8.598: [CMS-concurrent-mark-start]
8.599: [GC (Allocation Failure) 8.599: [ParNew: 0K->0K(3072K), 0.0002141 secs]8.599: [CMS8.608: [CMS-concurrent-mark: 0.002/0.010 secs] [Times: user=0.00 sys=0.00, real=0.01 secs] 
 (concurrent mode failure): 5044K->948K(6848K), 0.0128166 secs] 5044K->948K(9920K), [Metaspace: 3664K->3664K(1056768K)], 0.0131049 secs] [Times: user=0.00 sys=0.00, real=0.01 secs] 
8.612: [GC (Allocation Failure) 8.612: [ParNew: 0K->0K(3072K), 0.0002321 secs]8.612: [CMS: 5044K->948K(6848K), 0.0022466 secs] 5044K->948K(9920K), [Metaspace: 3664K->3664K(1056768K)], 0.0025613 secs] [Times: user=0.02 sys=0.00, real=0.00 secs] 
8.615: [GC (CMS Initial Mark) [1 CMS-initial-mark: 5044K(6848K)] 5044K(9920K), 0.0001196 secs] [Times: user=0.00 sys=0.00, real=0.00 secs] 
8.615: [CMS-concurrent-mark-start]
8.615: [GC (Allocation Failure) 8.615: [ParNew: 0K->0K(3072K), 0.0002376 secs]8.616: [CMS8.624: [CMS-concurrent-mark: 0.002/0.008 secs] [Times: user=0.00 sys=0.00, real=0.01 secs] 
 (concurrent mode failure): 5044K->948K(6848K), 0.0109047 secs] 5044K->948K(9920K), [Metaspace: 3664K->3664K(1056768K)], 0.0112194 secs] [Times: user=0.00 sys=0.00, real=0.01 secs] 
8.627: [GC (Allocation Failure) 8.627: [ParNew: 0K->0K(3072K), 0.0002790 secs]8.627: [CMS: 5044K->948K(6848K), 0.0019946 secs] 5044K->948K(9920K), [Metaspace: 3664K->3664K(1056768K)], 0.0023498 secs] [Times: user=0.00 sys=0.00, real=0.00 secs] 
8.629: [GC (CMS Initial Mark) [1 CMS-initial-mark: 5044K(6848K)] 5044K(9920K), 0.0000992 secs] [Times: user=0.00 sys=0.00, real=0.00 secs] 
8.630: [CMS-concurrent-mark-start]
8.630: [GC (Allocation Failure) 8.630: [ParNew: 0K->0K(3072K), 0.0002252 secs]8.630: [CMS8.638: [CMS-concurrent-mark: 0.001/0.009 secs] [Times: user=0.06 sys=0.02, real=0.01 secs] 
 (concurrent mode failure): 5044K->948K(6848K), 0.0109331 secs] 5044K->948K(9920K), [Metaspace: 3664K->3664K(1056768K)], 0.0112509 secs] [Times: user=0.06 sys=0.02, real=0.01 secs] 
8.641: [GC (Allocation Failure) 8.641: [ParNew: 0K->0K(3072K), 0.0002715 secs]8.642: [CMS: 5044K->948K(6848K), 0.0021797 secs] 5044K->948K(9920K), [Metaspace: 3664K->3664K(1056768K)], 0.0025223 secs] [Times: user=0.00 sys=0.00, real=0.00 secs] 
8.644: [GC (CMS Initial Mark) [1 CMS-initial-mark: 5044K(6848K)] 5044K(9920K), 0.0001102 secs] [Times: user=0.00 sys=0.00, real=0.00 secs] 
8.644: [CMS-concurrent-mark-start]
8.644: [GC (Allocation Failure) 8.644: [ParNew: 0K->0K(3072K), 0.0001819 secs]8.645: [CMS8.654: [CMS-concurrent-mark: 0.001/0.010 secs] [Times: user=0.00 sys=0.00, real=0.01 secs] 
 (concurrent mode failure): 5044K->948K(6848K), 0.0118945 secs] 5044K->948K(9920K), [Metaspace: 3664K->3664K(1056768K)], 0.0121381 secs] [Times: user=0.00 sys=0.00, real=0.01 secs] 
8.657: [GC (Allocation Failure) 8.657: [ParNew: 0K->0K(3072K), 0.0002598 secs]8.657: [CMS: 5044K->948K(6848K), 0.0035451 secs] 5044K->948K(9920K), [Metaspace: 3664K->3664K(1056768K)], 0.0039146 secs] [Times: user=0.02 sys=0.00, real=0.00 secs] 
8.661: [GC (CMS Initial Mark) [1 CMS-initial-mark: 5044K(6848K)] 5044K(9920K), 0.0001232 secs] [Times: user=0.00 sys=0.00, real=0.00 secs] 
8.661: [CMS-concurrent-mark-start]
8.661: [GC (Allocation Failure) 8.661: [ParNew: 0K->0K(3072K), 0.0003120 secs]8.662: [CMS8.670: [CMS-concurrent-mark: 0.002/0.009 secs] [Times: user=0.00 sys=0.00, real=0.01 secs] 
 (concurrent mode failure): 5044K->948K(6848K), 0.0106957 secs] 5044K->948K(9920K), [Metaspace: 3664K->3664K(1056768K)], 0.0110826 secs] [Times: user=0.00 sys=0.00, real=0.01 secs] 
8.673: [GC (Allocation Failure) 8.673: [ParNew: 0K->0K(3072K), 0.0003038 secs]8.673: [CMS: 5044K->948K(6848K), 0.0034616 secs] 5044K->948K(9920K), [Metaspace: 3664K->3664K(1056768K)], 0.0038415 secs] [Times: user=0.00 sys=0.00, real=0.00 secs] 
8.677: [GC (CMS Initial Mark) [1 CMS-initial-mark: 5044K(6848K)] 5044K(9920K), 0.0000879 secs] [Times: user=0.00 sys=0.01, real=0.00 secs] 
8.677: [CMS-concurrent-mark-start]
8.677: [GC (Allocation Failure) 8.677: [ParNew: 0K->0K(3072K), 0.0001722 secs]8.677: [CMS8.685: [CMS-concurrent-mark: 0.002/0.007 secs] [Times: user=0.00 sys=0.00, real=0.01 secs] 
 (concurrent mode failure): 5044K->948K(6848K), 0.0094974 secs] 5044K->948K(9920K), [Metaspace: 3664K->3664K(1056768K)], 0.0097453 secs] [Times: user=0.00 sys=0.00, real=0.01 secs] 
8.687: [GC (Allocation Failure) 8.687: [ParNew: 0K->0K(3072K), 0.0002231 secs]8.688: [CMS: 5044K->948K(6848K), 0.0018610 secs] 5044K->948K(9920K), [Metaspace: 3664K->3664K(1056768K)], 0.0021457 secs] [Times: user=0.00 sys=0.00, real=0.00 secs] 
8.690: [GC (CMS Initial Mark) [1 CMS-initial-mark: 5044K(6848K)] 5044K(9920K), 0.0001283 secs] [Times: user=0.00 sys=0.00, real=0.00 secs] 
8.690: [CMS-concurrent-mark-start]
8.690: [GC (Allocation Failure) 8.690: [ParNew: 0K->0K(3072K), 0.0002935 secs]8.690: [CMS8.700: [CMS-concurrent-mark: 0.002/0.010 secs] [Times: user=0.00 sys=0.00, real=0.01 secs] 
 (concurrent mode failure): 5044K->948K(6848K), 0.0122627 secs] 5044K->948K(9920K), [Metaspace: 3664K->3664K(1056768K)], 0.0126403 secs] [Times: user=0.00 sys=0.00, real=0.01 secs] 
8.703: [GC (Allocation Failure) 8.703: [ParNew: 0K->0K(3072K), 0.0002093 secs]8.703: [CMS: 5044K->948K(6848K), 0.0020348 secs] 5044K->948K(9920K), [Metaspace: 3664K->3664K(1056768K)], 0.0023061 secs] [Times: user=0.00 sys=0.00, real=0.00 secs] 
8.706: [GC (CMS Initial Mark) [1 CMS-initial-mark: 5044K(6848K)] 5044K(9920K), 0.0001217 secs] [Times: user=0.00 sys=0.00, real=0.00 secs] 
8.706: [CMS-concurrent-mark-start]
8.706: [GC (Allocation Failure) 8.706: [ParNew: 0K->0K(3072K), 0.0001894 secs]8.706: [CMS8.716: [CMS-concurrent-mark: 0.002/0.010 secs] [Times: user=0.00 sys=0.00, real=0.01 secs] 
 (concurrent mode failure): 5044K->948K(6848K), 0.0117908 secs] 5044K->948K(9920K), [Metaspace: 3664K->3664K(1056768K)], 0.0120596 secs] [Times: user=0.00 sys=0.00, real=0.01 secs] 
8.718: [GC (Allocation Failure) 8.718: [ParNew: 0K->0K(3072K), 0.0002025 secs]8.719: [CMS: 5044K->948K(6848K), 0.0020403 secs] 5044K->948K(9920K), [Metaspace: 3664K->3664K(1056768K)], 0.0023112 secs] [Times: user=0.00 sys=0.00, real=0.00 secs] 
8.721: [GC (CMS Initial Mark) [1 CMS-initial-mark: 5044K(6848K)] 5044K(9920K), 0.0000927 secs] [Times: user=0.00 sys=0.00, real=0.00 secs] 
8.721: [CMS-concurrent-mark-start]
8.721: [GC (Allocation Failure) 8.721: [ParNew: 0K->0K(3072K), 0.0001921 secs]8.721: [CMS8.731: [CMS-concurrent-mark: 0.002/0.010 secs] [Times: user=0.00 sys=0.00, real=0.01 secs] 
 (concurrent mode failure): 5044K->948K(6848K), 0.0126002 secs] 5044K->948K(9920K), [Metaspace: 3664K->3664K(1056768K)], 0.0128658 secs] [Times: user=0.00 sys=0.00, real=0.01 secs] 
8.734: [GC (Allocation Failure) 8.734: [ParNew: 0K->0K(3072K), 0.0002249 secs]8.735: [CMS: 5044K->948K(6848K), 0.0019173 secs] 5044K->948K(9920K), [Metaspace: 3664K->3664K(1056768K)], 0.0022108 secs] [Times: user=0.00 sys=0.00, real=0.00 secs] 
8.737: [GC (CMS Initial Mark) [1 CMS-initial-mark: 5044K(6848K)] 5044K(9920K), 0.0001215 secs] [Times: user=0.00 sys=0.00, real=0.00 secs] 
8.737: [CMS-concurrent-mark-start]
8.737: [GC (Allocation Failure) 8.737: [ParNew: 0K->0K(3072K), 0.0002018 secs]8.737: [CMS8.748: [CMS-concurrent-mark: 0.002/0.010 secs] [Times: user=0.00 sys=0.00, real=0.01 secs] 
 (concurrent mode failure): 5044K->948K(6848K), 0.0123746 secs] 5044K->948K(9920K), [Metaspace: 3664K->3664K(1056768K)], 0.0126530 secs] [Times: user=0.00 sys=0.00, real=0.01 secs] 
8.750: [GC (Allocation Failure) 8.750: [ParNew: 0K->0K(3072K), 0.0002227 secs]8.750: [CMS: 5044K->948K(6848K), 0.0019816 secs] 5044K->948K(9920K), [Metaspace: 3664K->3664K(1056768K)], 0.0023041 secs] [Times: user=0.00 sys=0.00, real=0.00 secs] 
8.753: [GC (CMS Initial Mark) [1 CMS-initial-mark: 5044K(6848K)] 5044K(9920K), 0.0001223 secs] [Times: user=0.00 sys=0.00, real=0.00 secs] 
8.753: [CMS-concurrent-mark-start]
8.753: [GC (Allocation Failure) 8.753: [ParNew: 0K->0K(3072K), 0.0002288 secs]8.753: [CMS8.762: [CMS-concurrent-mark: 0.002/0.009 secs] [Times: user=0.00 sys=0.00, real=0.01 secs] 
 (concurrent mode failure): 5044K->948K(6848K), 0.0111255 secs] 5044K->948K(9920K), [Metaspace: 3664K->3664K(1056768K)], 0.0114266 secs] [Times: user=0.00 sys=0.00, real=0.01 secs] 
8.765: [GC (Allocation Failure) 8.765: [ParNew: 0K->0K(3072K), 0.0002507 secs]8.765: [CMS: 5044K->948K(6848K), 0.0019809 secs] 5044K->948K(9920K), [Metaspace: 3664K->3664K(1056768K)], 0.0022976 secs] [Times: user=0.00 sys=0.00, real=0.00 secs] 
8.768: [GC (CMS Initial Mark) [1 CMS-initial-mark: 5044K(6848K)] 5044K(9920K), 0.0002054 secs] [Times: user=0.00 sys=0.00, real=0.00 secs] 
8.768: [CMS-concurrent-mark-start]
8.768: [GC (Allocation Failure) 8.768: [ParNew: 0K->0K(3072K), 0.0001834 secs]8.768: [CMS8.777: [CMS-concurrent-mark: 0.001/0.009 secs] [Times: user=0.00 sys=0.00, real=0.01 secs] 
 (concurrent mode failure): 5044K->948K(6848K), 0.0107511 secs] 5044K->948K(9920K), [Metaspace: 3664K->3664K(1056768K)], 0.0110095 secs] [Times: user=0.00 sys=0.00, real=0.01 secs] 
8.779: [GC (Allocation Failure) 8.779: [ParNew: 0K->0K(3072K), 0.0002084 secs]8.780: [CMS: 5044K->948K(6848K), 0.0018710 secs] 5044K->948K(9920K), [Metaspace: 3664K->3664K(1056768K)], 0.0021376 secs] [Times: user=0.00 sys=0.00, real=0.00 secs] 
8.782: [GC (CMS Initial Mark) [1 CMS-initial-mark: 5044K(6848K)] 5044K(9920K), 0.0001233 secs] [Times: user=0.00 sys=0.00, real=0.00 secs] 
8.782: [CMS-concurrent-mark-start]
8.782: [GC (Allocation Failure) 8.782: [ParNew: 0K->0K(3072K), 0.0002012 secs]8.782: [CMS8.793: [CMS-concurrent-mark: 0.002/0.011 secs] [Times: user=0.00 sys=0.00, real=0.01 secs] 
 (concurrent mode failure): 5044K->948K(6848K), 0.0141947 secs] 5044K->948K(9920K), [Metaspace: 3664K->3664K(1056768K)], 0.0144709 secs] [Times: user=0.00 sys=0.00, real=0.01 secs] 
8.797: [GC (Allocation Failure) 8.797: [ParNew: 0K->0K(3072K), 0.0002483 secs]8.797: [CMS: 5044K->948K(6848K), 0.0019768 secs] 5044K->948K(9920K), [Metaspace: 3664K->3664K(1056768K)], 0.0023012 secs] [Times: user=0.00 sys=0.00, real=0.00 secs] 
8.800: [GC (CMS Initial Mark) [1 CMS-initial-mark: 5044K(6848K)] 5044K(9920K), 0.0001179 secs] [Times: user=0.00 sys=0.00, real=0.00 secs] 
8.800: [CMS-concurrent-mark-start]
8.800: [GC (Allocation Failure) 8.800: [ParNew: 0K->0K(3072K), 0.0002142 secs]8.800: [CMS8.808: [CMS-concurrent-mark: 0.002/0.008 secs] [Times: user=0.00 sys=0.00, real=0.01 secs] 
 (concurrent mode failure): 5044K->948K(6848K), 0.0111354 secs] 5044K->948K(9920K), [Metaspace: 3664K->3664K(1056768K)], 0.0114290 secs] [Times: user=0.00 sys=0.00, real=0.01 secs] 
8.812: [GC (Allocation Failure) 8.812: [ParNew: 0K->0K(3072K), 0.0002448 secs]8.812: [CMS: 5044K->948K(6848K), 0.0022130 secs] 5044K->948K(9920K), [Metaspace: 3664K->3664K(1056768K)], 0.0025425 secs] [Times: user=0.00 sys=0.00, real=0.00 secs] 
8.815: [GC (CMS Initial Mark) [1 CMS-initial-mark: 5044K(6848K)] 5044K(9920K), 0.0001343 secs] [Times: user=0.00 sys=0.00, real=0.00 secs] 
8.815: [CMS-concurrent-mark-start]
8.815: [GC (Allocation Failure) 8.815: [ParNew: 0K->0K(3072K), 0.0003071 secs]8.815: [CMS8.824: [CMS-concurrent-mark: 0.002/0.009 secs] [Times: user=0.00 sys=0.00, real=0.01 secs] 
 (concurrent mode failure): 5044K->948K(6848K), 0.0116261 secs] 5044K->948K(9920K), [Metaspace: 3664K->3664K(1056768K)], 0.0120127 secs] [Times: user=0.00 sys=0.00, real=0.01 secs] 
8.827: [GC (Allocation Failure) 8.828: [ParNew: 0K->0K(3072K), 0.0002773 secs]8.828: [CMS: 5044K->948K(6848K), 0.0018924 secs] 5044K->948K(9920K), [Metaspace: 3664K->3664K(1056768K)], 0.0022354 secs] [Times: user=0.00 sys=0.00, real=0.00 secs] 
8.830: [GC (CMS Initial Mark) [1 CMS-initial-mark: 5044K(6848K)] 5044K(9920K), 0.0001263 secs] [Times: user=0.00 sys=0.00, real=0.00 secs] 
8.830: [CMS-concurrent-mark-start]
8.830: [GC (Allocation Failure) 8.830: [ParNew: 0K->0K(3072K), 0.0001922 secs]8.831: [CMS8.840: [CMS-concurrent-mark: 0.002/0.010 secs] [Times: user=0.00 sys=0.00, real=0.01 secs] 
 (concurrent mode failure): 5044K->948K(6848K), 0.0123874 secs] 5044K->948K(9920K), [Metaspace: 3664K->3664K(1056768K)], 0.0126591 secs] [Times: user=0.00 sys=0.00, real=0.01 secs] 
8.843: [GC (Allocation Failure) 8.843: [ParNew: 0K->0K(3072K), 0.0002595 secs]8.844: [CMS: 5044K->948K(6848K), 0.0020866 secs] 5044K->948K(9920K), [Metaspace: 3664K->3664K(1056768K)], 0.0024145 secs] [Times: user=0.00 sys=0.00, real=0.00 secs] 
8.846: [GC (CMS Initial Mark) [1 CMS-initial-mark: 5044K(6848K)] 5044K(9920K), 0.0001766 secs] [Times: user=0.00 sys=0.00, real=0.00 secs] 
8.846: [CMS-concurrent-mark-start]
8.847: [GC (Allocation Failure) 8.847: [ParNew: 0K->0K(3072K), 0.0002430 secs]8.847: [CMS8.855: [CMS-concurrent-mark: 0.002/0.009 secs] [Times: user=0.00 sys=0.00, real=0.01 secs] 
 (concurrent mode failure): 5044K->948K(6848K), 0.0110479 secs] 5044K->948K(9920K), [Metaspace: 3664K->3664K(1056768K)], 0.0113704 secs] [Times: user=0.00 sys=0.00, real=0.01 secs] 
8.858: [GC (Allocation Failure) 8.858: [ParNew: 0K->0K(3072K), 0.0002610 secs]8.859: [CMS: 5044K->948K(6848K), 0.0022426 secs] 5044K->948K(9920K), [Metaspace: 3664K->3664K(1056768K)], 0.0025843 secs] [Times: user=0.00 sys=0.00, real=0.00 secs] 
8.861: [GC (CMS Initial Mark) [1 CMS-initial-mark: 5044K(6848K)] 5044K(9920K), 0.0001179 secs] [Times: user=0.00 sys=0.00, real=0.00 secs] 
8.861: [CMS-concurrent-mark-start]
8.862: [GC (Allocation Failure) 8.862: [ParNew: 0K->0K(3072K), 0.0002024 secs]8.862: [CMS8.871: [CMS-concurrent-mark: 0.002/0.009 secs] [Times: user=0.00 sys=0.00, real=0.01 secs] 
 (concurrent mode failure): 5044K->948K(6848K), 0.0117043 secs] 5044K->948K(9920K), [Metaspace: 3664K->3664K(1056768K)], 0.0120026 secs] [Times: user=0.00 sys=0.00, real=0.01 secs] 
8.874: [GC (Allocation Failure) 8.874: [ParNew: 0K->0K(3072K), 0.0003570 secs]8.874: [CMS: 5044K->948K(6848K), 0.0028795 secs] 5044K->948K(9920K), [Metaspace: 3664K->3664K(1056768K)], 0.0033360 secs] [Times: user=0.00 sys=0.00, real=0.00 secs] 
8.878: [GC (CMS Initial Mark) [1 CMS-initial-mark: 5044K(6848K)] 5044K(9920K), 0.0001249 secs] [Times: user=0.00 sys=0.00, real=0.00 secs] 
8.878: [CMS-concurrent-mark-start]
8.878: [GC (Allocation Failure) 8.878: [ParNew: 0K->0K(3072K), 0.0002272 secs]8.878: [CMS8.886: [CMS-concurrent-mark: 0.002/0.008 secs] [Times: user=0.00 sys=0.00, real=0.01 secs] 
 (concurrent mode failure): 5044K->948K(6848K), 0.0104036 secs] 5044K->948K(9920K), [Metaspace: 3664K->3664K(1056768K)], 0.0107204 secs] [Times: user=0.00 sys=0.00, real=0.01 secs] 
8.889: [GC (Allocation Failure) 8.889: [ParNew: 0K->0K(3072K), 0.0002258 secs]8.889: [CMS: 5044K->948K(6848K), 0.0027367 secs] 5044K->948K(9920K), [Metaspace: 3664K->3664K(1056768K)], 0.0030629 secs] [Times: user=0.00 sys=0.00, real=0.00 secs] 
8.893: [GC (CMS Initial Mark) [1 CMS-initial-mark: 5044K(6848K)] 5044K(9920K), 0.0001906 secs] [Times: user=0.00 sys=0.00, real=0.00 secs] 
8.893: [CMS-concurrent-mark-start]
8.893: [GC (Allocation Failure) 8.893: [ParNew: 0K->0K(3072K), 0.0002097 secs]8.893: [CMS8.901: [CMS-concurrent-mark: 0.001/0.009 secs] [Times: user=0.00 sys=0.00, real=0.01 secs] 
 (concurrent mode failure): 5044K->948K(6848K), 0.0109399 secs] 5044K->948K(9920K), [Metaspace: 3664K->3664K(1056768K)], 0.0112473 secs] [Times: user=0.00 sys=0.00, real=0.01 secs] 
8.904: [GC (Allocation Failure) 8.904: [ParNew: 0K->0K(3072K), 0.0002203 secs]8.905: [CMS: 5044K->948K(6848K), 0.0020553 secs] 5044K->948K(9920K), [Metaspace: 3664K->3664K(1056768K)], 0.0023789 secs] [Times: user=0.00 sys=0.00, real=0.00 secs] 
8.907: [GC (CMS Initial Mark) [1 CMS-initial-mark: 5044K(6848K)] 5044K(9920K), 0.0001654 secs] [Times: user=0.00 sys=0.00, real=0.00 secs] 
8.907: [CMS-concurrent-mark-start]
8.908: [GC (Allocation Failure) 8.908: [ParNew: 0K->0K(3072K), 0.0002781 secs]8.908: [CMS8.917: [CMS-concurrent-mark: 0.002/0.010 secs] [Times: user=0.00 sys=0.00, real=0.01 secs] 
 (concurrent mode failure): 5044K->948K(6848K), 0.0119716 secs] 5044K->948K(9920K), [Metaspace: 3664K->3664K(1056768K)], 0.0123427 secs] [Times: user=0.00 sys=0.00, real=0.01 secs] 
8.920: [GC (Allocation Failure) 8.920: [ParNew: 0K->0K(3072K), 0.0002266 secs]8.920: [CMS: 5044K->948K(6848K), 0.0019838 secs] 5044K->948K(9920K), [Metaspace: 3664K->3664K(1056768K)], 0.0022757 secs] [Times: user=0.00 sys=0.00, real=0.00 secs] 
8.923: [GC (CMS Initial Mark) [1 CMS-initial-mark: 5044K(6848K)] 5044K(9920K), 0.0001522 secs] [Times: user=0.00 sys=0.00, real=0.00 secs] 
8.923: [CMS-concurrent-mark-start]
8.923: [GC (Allocation Failure) 8.923: [ParNew: 0K->0K(3072K), 0.0003168 secs]8.924: [CMS8.933: [CMS-concurrent-mark: 0.001/0.010 secs] [Times: user=0.00 sys=0.00, real=0.01 secs] 
 (concurrent mode failure): 5044K->948K(6848K), 0.0140899 secs] 5044K->948K(9920K), [Metaspace: 3664K->3664K(1056768K)], 0.0145139 secs] [Times: user=0.00 sys=0.00, real=0.01 secs] 
8.938: [GC (Allocation Failure) 8.938: [ParNew: 0K->0K(3072K), 0.0002834 secs]8.938: [CMS: 5044K->948K(6848K), 0.0051268 secs] 5044K->948K(9920K), [Metaspace: 3664K->3664K(1056768K)], 0.0055174 secs] [Times: user=0.02 sys=0.00, real=0.00 secs] 
8.944: [GC (CMS Initial Mark) [1 CMS-initial-mark: 5044K(6848K)] 5044K(9920K), 0.0001781 secs] [Times: user=0.00 sys=0.00, real=0.00 secs] 
8.944: [CMS-concurrent-mark-start]
8.945: [GC (Allocation Failure) 8.945: [ParNew: 0K->0K(3072K), 0.0002781 secs]8.945: [CMS8.948: [CMS-concurrent-mark: 0.002/0.004 secs] [Times: user=0.00 sys=0.00, real=0.00 secs] 
 (concurrent mode failure): 5044K->948K(6848K), 0.0078043 secs] 5044K->948K(9920K), [Metaspace: 3664K->3664K(1056768K)], 0.0081794 secs] [Times: user=0.00 sys=0.00, real=0.01 secs] 
8.953: [GC (Allocation Failure) 8.953: [ParNew: 0K->0K(3072K), 0.0002662 secs]8.954: [CMS: 5044K->948K(6848K), 0.0044006 secs] 5044K->948K(9920K), [Metaspace: 3664K->3664K(1056768K)], 0.0048001 secs] [Times: user=0.01 sys=0.00, real=0.01 secs] 
8.959: [GC (CMS Initial Mark) [1 CMS-initial-mark: 5044K(6848K)] 5044K(9920K), 0.0002344 secs] [Times: user=0.00 sys=0.00, real=0.00 secs] 
8.959: [CMS-concurrent-mark-start]
8.959: [GC (Allocation Failure) 8.959: [ParNew: 0K->0K(3072K), 0.0002827 secs]8.959: [CMS8.964: [CMS-concurrent-mark: 0.002/0.006 secs] [Times: user=0.00 sys=0.00, real=0.01 secs] 
 (concurrent mode failure): 5044K->948K(6848K), 0.0091495 secs] 5044K->948K(9920K), [Metaspace: 3664K->3664K(1056768K)], 0.0095307 secs] [Times: user=0.00 sys=0.00, real=0.01 secs] 
8.969: [GC (Allocation Failure) 8.969: [ParNew: 0K->0K(3072K), 0.0003541 secs]8.969: [CMS: 5044K->948K(6848K), 0.0042398 secs] 5044K->948K(9920K), [Metaspace: 3664K->3664K(1056768K)], 0.0046963 secs] [Times: user=0.02 sys=0.00, real=0.00 secs] 
8.976: [GC (CMS Initial Mark) [1 CMS-initial-mark: 5044K(6848K)] 5044K(9920K), 0.0001920 secs] [Times: user=0.00 sys=0.00, real=0.00 secs] 
8.976: [CMS-concurrent-mark-start]
8.976: [GC (Allocation Failure) 8.976: [ParNew: 0K->0K(3072K), 0.0002451 secs]8.976: [CMS8.980: [CMS-concurrent-mark: 0.002/0.004 secs] [Times: user=0.00 sys=0.00, real=0.00 secs] 
 (concurrent mode failure): 5044K->948K(6848K), 0.0074119 secs] 5044K->948K(9920K), [Metaspace: 3664K->3664K(1056768K)], 0.0077692 secs] [Times: user=0.00 sys=0.00, real=0.01 secs] 
8.984: [GC (Allocation Failure) 8.984: [ParNew: 0K->0K(3072K), 0.0003176 secs]8.985: [CMS: 5044K->948K(6848K), 0.0042065 secs] 5044K->948K(9920K), [Metaspace: 3664K->3664K(1056768K)], 0.0046275 secs] [Times: user=0.01 sys=0.00, real=0.00 secs] 
8.990: [GC (CMS Initial Mark) [1 CMS-initial-mark: 5044K(6848K)] 5044K(9920K), 0.0002382 secs] [Times: user=0.00 sys=0.00, real=0.00 secs] 
8.990: [CMS-concurrent-mark-start]
8.991: [GC (Allocation Failure) 8.991: [ParNew: 0K->0K(3072K), 0.0004178 secs]8.991: [CMS8.995: [CMS-concurrent-mark: 0.002/0.005 secs] [Times: user=0.00 sys=0.00, real=0.01 secs] 
 (concurrent mode failure): 5044K->948K(6848K), 0.0082301 secs] 5044K->948K(9920K), [Metaspace: 3664K->3664K(1056768K)], 0.0087853 secs] [Times: user=0.00 sys=0.00, real=0.01 secs] 
9.000: [GC (Allocation Failure) 9.000: [ParNew: 0K->0K(3072K), 0.0002973 secs]9.000: [CMS: 5044K->948K(6848K), 0.0044500 secs] 5044K->948K(9920K), [Metaspace: 3664K->3664K(1056768K)], 0.0048648 secs] [Times: user=0.02 sys=0.00, real=0.00 secs] 
9.005: [GC (CMS Initial Mark) [1 CMS-initial-mark: 5044K(6848K)] 5044K(9920K), 0.0001477 secs] [Times: user=0.00 sys=0.00, real=0.00 secs] 
9.005: [CMS-concurrent-mark-start]
9.006: [GC (Allocation Failure) 9.006: [ParNew: 0K->0K(3072K), 0.0002506 secs]9.006: [CMS9.011: [CMS-concurrent-mark: 0.002/0.006 secs] [Times: user=0.00 sys=0.00, real=0.01 secs] 
 (concurrent mode failure): 5044K->948K(6848K), 0.0098967 secs] 5044K->948K(9920K), [Metaspace: 3664K->3664K(1056768K)], 0.0102680 secs] [Times: user=0.00 sys=0.00, real=0.01 secs] 
9.016: [GC (Allocation Failure) 9.016: [ParNew: 0K->0K(3072K), 0.0003152 secs]9.017: [CMS: 5044K->948K(6848K), 0.0043104 secs] 5044K->948K(9920K), [Metaspace: 3664K->3664K(1056768K)], 0.0047407 secs] [Times: user=0.02 sys=0.00, real=0.01 secs] 
9.021: [GC (CMS Initial Mark) [1 CMS-initial-mark: 5044K(6848K)] 5044K(9920K), 0.0001812 secs] [Times: user=0.00 sys=0.00, real=0.00 secs] 
9.022: [CMS-concurrent-mark-start]
9.022: [GC (Allocation Failure) 9.022: [ParNew: 0K->0K(3072K), 0.0002586 secs]9.022: [CMS9.027: [CMS-concurrent-mark: 0.001/0.005 secs] [Times: user=0.00 sys=0.00, real=0.01 secs] 
 (concurrent mode failure): 5044K->948K(6848K), 0.0077882 secs] 5044K->948K(9920K), [Metaspace: 3664K->3664K(1056768K)], 0.0081703 secs] [Times: user=0.00 sys=0.00, real=0.01 secs] 
9.030: [GC (Allocation Failure) 9.030: [ParNew: 0K->0K(3072K), 0.0002613 secs]9.031: [CMS: 5044K->931K(6848K), 0.0036303 secs] 5044K->931K(9920K), [Metaspace: 3664K->3664K(1056768K)], 0.0039803 secs] [Times: user=0.00 sys=0.00, real=0.00 secs] 
9.035: [GC (CMS Initial Mark) [1 CMS-initial-mark: 5027K(6848K)] 5027K(9920K), 0.0001506 secs] [Times: user=0.00 sys=0.00, real=0.00 secs] 
9.035: [CMS-concurrent-mark-start]
9.035: [GC (Allocation Failure) 9.035: [ParNew: 0K->0K(3072K), 0.0002679 secs]9.035: [CMS9.043: [CMS-concurrent-mark: 0.002/0.008 secs] [Times: user=0.00 sys=0.00, real=0.01 secs] 
 (concurrent mode failure): 5027K->931K(6848K), 0.0113472 secs] 5027K->931K(9920K), [Metaspace: 3664K->3664K(1056768K)], 0.0116926 secs] [Times: user=0.00 sys=0.00, real=0.01 secs] 
9.047: [GC (Allocation Failure) 9.047: [ParNew: 0K->0K(3072K), 0.0002424 secs]9.047: [CMS: 5027K->931K(6848K), 0.0032265 secs] 5027K->931K(9920K), [Metaspace: 3664K->3664K(1056768K)], 0.0035586 secs] [Times: user=0.00 sys=0.00, real=0.00 secs] 
9.051: [GC (CMS Initial Mark) [1 CMS-initial-mark: 5027K(6848K)] 5027K(9920K), 0.0001593 secs] [Times: user=0.00 sys=0.00, real=0.00 secs] 
9.051: [CMS-concurrent-mark-start]
9.051: [GC (Allocation Failure) 9.051: [ParNew: 0K->0K(3072K), 0.0002551 secs]9.052: [CMS9.058: [CMS-concurrent-mark: 0.001/0.007 secs] [Times: user=0.02 sys=0.00, real=0.01 secs] 
 (concurrent mode failure): 5027K->931K(6848K), 0.0093655 secs] 5027K->931K(9920K), [Metaspace: 3664K->3664K(1056768K)], 0.0097189 secs] [Times: user=0.00 sys=0.00, real=0.01 secs] 
9.062: [GC (Allocation Failure) 9.062: [ParNew: 0K->0K(3072K), 0.0002998 secs]9.062: [CMS: 5027K->931K(6848K), 0.0033161 secs] 5027K->931K(9920K), [Metaspace: 3664K->3664K(1056768K)], 0.0037084 secs] [Times: user=0.00 sys=0.00, real=0.00 secs] 
9.066: [GC (CMS Initial Mark) [1 CMS-initial-mark: 5027K(6848K)] 5027K(9920K), 0.0001190 secs] [Times: user=0.00 sys=0.00, real=0.00 secs] 
9.066: [CMS-concurrent-mark-start]
9.066: [GC (Allocation Failure) 9.066: [ParNew: 0K->0K(3072K), 0.0001669 secs]9.066: [CMS9.074: [CMS-concurrent-mark: 0.001/0.008 secs] [Times: user=0.00 sys=0.00, real=0.01 secs] 
 (concurrent mode failure): 5027K->931K(6848K), 0.0122966 secs] 5027K->931K(9920K), [Metaspace: 3664K->3664K(1056768K)], 0.0125539 secs] [Times: user=0.00 sys=0.00, real=0.01 secs] 
9.079: [GC (Allocation Failure) 9.079: [ParNew: 0K->0K(3072K), 0.0002555 secs]9.079: [CMS: 5027K->931K(6848K), 0.0020343 secs] 5027K->931K(9920K), [Metaspace: 3664K->3664K(1056768K)], 0.0023668 secs] [Times: user=0.00 sys=0.00, real=0.00 secs] 
9.082: [GC (CMS Initial Mark) [1 CMS-initial-mark: 5027K(6848K)] 5027K(9920K), 0.0000916 secs] [Times: user=0.00 sys=0.00, real=0.00 secs] 
9.082: [CMS-concurrent-mark-start]
9.082: [GC (Allocation Failure) 9.082: [ParNew: 0K->0K(3072K), 0.0002397 secs]9.082: [CMS9.089: [CMS-concurrent-mark: 0.002/0.008 secs] [Times: user=0.00 sys=0.00, real=0.01 secs] 
 (concurrent mode failure): 5027K->931K(6848K), 0.0109989 secs] 5027K->931K(9920K), [Metaspace: 3664K->3664K(1056768K)], 0.0113156 secs] [Times: user=0.00 sys=0.00, real=0.01 secs] 
9.093: [GC (Allocation Failure) 9.093: [ParNew: 0K->0K(3072K), 0.0001944 secs]9.094: [CMS: 5027K->931K(6848K), 0.0027979 secs] 5027K->931K(9920K), [Metaspace: 3664K->3664K(1056768K)], 0.0030741 secs] [Times: user=0.00 sys=0.00, real=0.00 secs] 
9.097: [GC (CMS Initial Mark) [1 CMS-initial-mark: 5027K(6848K)] 5027K(9920K), 0.0001323 secs] [Times: user=0.00 sys=0.00, real=0.00 secs] 
9.097: [CMS-concurrent-mark-start]
9.097: [GC (Allocation Failure) 9.097: [ParNew: 0K->0K(3072K), 0.0002505 secs]9.097: [CMS9.104: [CMS-concurrent-mark: 0.002/0.007 secs] [Times: user=0.00 sys=0.00, real=0.01 secs] 
 (concurrent mode failure): 5027K->931K(6848K), 0.0091967 secs] 5027K->931K(9920K), [Metaspace: 3664K->3664K(1056768K)], 0.0095515 secs] [Times: user=0.00 sys=0.00, real=0.01 secs] 
9.107: [GC (Allocation Failure) 9.107: [ParNew: 0K->0K(3072K), 0.0002528 secs]9.107: [CMS: 5027K->931K(6848K), 0.0032906 secs] 5027K->931K(9920K), [Metaspace: 3664K->3664K(1056768K)], 0.0036283 secs] [Times: user=0.00 sys=0.00, real=0.00 secs] 
9.111: [GC (CMS Initial Mark) [1 CMS-initial-mark: 5027K(6848K)] 5027K(9920K), 0.0002118 secs] [Times: user=0.00 sys=0.00, real=0.00 secs] 
9.111: [CMS-concurrent-mark-start]
9.111: [GC (Allocation Failure) 9.111: [ParNew: 0K->0K(3072K), 0.0002421 secs]9.112: [CMS9.120: [CMS-concurrent-mark: 0.002/0.009 secs] [Times: user=0.00 sys=0.00, real=0.01 secs] 
 (concurrent mode failure): 5027K->931K(6848K), 0.0121533 secs] 5027K->931K(9920K), [Metaspace: 3664K->3664K(1056768K)], 0.0124792 secs] [Times: user=0.00 sys=0.00, real=0.01 secs] 
9.126: [GC (Allocation Failure) 9.126: [ParNew: 0K->0K(3072K), 0.0003656 secs]9.126: [CMS: 5027K->931K(6848K), 0.0039343 secs] 5027K->931K(9920K), [Metaspace: 3664K->3664K(1056768K)], 0.0044400 secs] [Times: user=0.02 sys=0.00, real=0.00 secs] 
9.130: [GC (CMS Initial Mark) [1 CMS-initial-mark: 5027K(6848K)] 5027K(9920K), 0.0001402 secs] [Times: user=0.00 sys=0.00, real=0.00 secs] 
9.131: [CMS-concurrent-mark-start]
9.131: [GC (Allocation Failure) 9.131: [ParNew: 0K->0K(3072K), 0.0002385 secs]9.131: [CMS9.135: [CMS-concurrent-mark: 0.002/0.004 secs] [Times: user=0.00 sys=0.00, real=0.00 secs] 
 (concurrent mode failure): 5027K->931K(6848K), 0.0080008 secs] 5027K->931K(9920K), [Metaspace: 3664K->3664K(1056768K)], 0.0083270 secs] [Times: user=0.00 sys=0.00, real=0.01 secs] 
9.139: [GC (Allocation Failure) 9.139: [ParNew: 0K->0K(3072K), 0.0002644 secs]9.140: [CMS: 5027K->931K(6848K), 0.0037871 secs] 5027K->931K(9920K), [Metaspace: 3664K->3664K(1056768K)], 0.0041373 secs] [Times: user=0.00 sys=0.00, real=0.00 secs] 
9.144: [GC (CMS Initial Mark) [1 CMS-initial-mark: 5027K(6848K)] 5027K(9920K), 0.0001251 secs] [Times: user=0.00 sys=0.00, real=0.00 secs] 
9.144: [CMS-concurrent-mark-start]
9.144: [GC (Allocation Failure) 9.144: [ParNew: 0K->0K(3072K), 0.0001939 secs]9.144: [CMS9.151: [CMS-concurrent-mark: 0.002/0.007 secs] [Times: user=0.00 sys=0.00, real=0.01 secs] 
 (concurrent mode failure): 5027K->931K(6848K), 0.0090124 secs] 5027K->931K(9920K), [Metaspace: 3664K->3664K(1056768K)], 0.0092899 secs] [Times: user=0.00 sys=0.00, real=0.01 secs] 
9.154: [GC (Allocation Failure) 9.154: [ParNew: 0K->0K(3072K), 0.0002403 secs]9.154: [CMS: 5027K->931K(6848K), 0.0029301 secs] 5027K->931K(9920K), [Metaspace: 3664K->3664K(1056768K)], 0.0032656 secs] [Times: user=0.00 sys=0.00, real=0.00 secs] 
9.158: [GC (CMS Initial Mark) [1 CMS-initial-mark: 5027K(6848K)] 5027K(9920K), 0.0003083 secs] [Times: user=0.00 sys=0.00, real=0.00 secs] 
9.158: [CMS-concurrent-mark-start]
9.158: [GC (Allocation Failure) 9.158: [ParNew: 0K->0K(3072K), 0.0002856 secs]9.158: [CMS9.166: [CMS-concurrent-mark: 0.002/0.008 secs] [Times: user=0.00 sys=0.00, real=0.01 secs] 
 (concurrent mode failure): 5027K->931K(6848K), 0.0095456 secs] 5027K->931K(9920K), [Metaspace: 3664K->3664K(1056768K)], 0.0099196 secs] [Times: user=0.00 sys=0.00, real=0.01 secs] 
9.168: [GC (Allocation Failure) 9.168: [ParNew: 0K->0K(3072K), 0.0002117 secs]9.169: [CMS: 5027K->931K(6848K), 0.0018688 secs] 5027K->931K(9920K), [Metaspace: 3664K->3664K(1056768K)], 0.0021478 secs] [Times: user=0.00 sys=0.00, real=0.00 secs] 
9.171: [GC (CMS Initial Mark) [1 CMS-initial-mark: 5027K(6848K)] 5027K(9920K), 0.0000933 secs] [Times: user=0.00 sys=0.00, real=0.00 secs] 
9.171: [CMS-concurrent-mark-start]
9.171: [GC (Allocation Failure) 9.171: [ParNew: 0K->0K(3072K), 0.0001930 secs]9.171: [CMS9.182: [CMS-concurrent-mark: 0.002/0.011 secs] [Times: user=0.00 sys=0.00, real=0.01 secs] 
 (concurrent mode failure): 5027K->931K(6848K), 0.0132457 secs] 5027K->931K(9920K), [Metaspace: 3664K->3664K(1056768K)], 0.0135032 secs] [Times: user=0.00 sys=0.00, real=0.01 secs] 
9.185: [GC (Allocation Failure) 9.185: [ParNew: 0K->0K(3072K), 0.0002245 secs]9.185: [CMS: 5027K->931K(6848K), 0.0020249 secs] 5027K->931K(9920K), [Metaspace: 3664K->3664K(1056768K)], 0.0023334 secs] [Times: user=0.00 sys=0.00, real=0.00 secs] 
9.188: [GC (CMS Initial Mark) [1 CMS-initial-mark: 5027K(6848K)] 5027K(9920K), 0.0000971 secs] [Times: user=0.00 sys=0.00, real=0.00 secs] 
9.188: [CMS-concurrent-mark-start]
9.188: [GC (Allocation Failure) 9.188: [ParNew: 0K->0K(3072K), 0.0001989 secs]9.188: [CMS9.197: [CMS-concurrent-mark: 0.002/0.009 secs] [Times: user=0.00 sys=0.00, real=0.01 secs] 
 (concurrent mode failure): 5027K->931K(6848K), 0.0114004 secs] 5027K->931K(9920K), [Metaspace: 3664K->3664K(1056768K)], 0.0116693 secs] [Times: user=0.00 sys=0.00, real=0.01 secs] 
9.200: [GC (Allocation Failure) 9.200: [ParNew: 0K->0K(3072K), 0.0002320 secs]9.200: [CMS: 5027K->931K(6848K), 0.0019210 secs] 5027K->931K(9920K), [Metaspace: 3664K->3664K(1056768K)], 0.0022159 secs] [Times: user=0.00 sys=0.00, real=0.00 secs] 
9.202: [GC (CMS Initial Mark) [1 CMS-initial-mark: 5027K(6848K)] 5027K(9920K), 0.0000736 secs] [Times: user=0.00 sys=0.00, real=0.00 secs] 
9.202: [CMS-concurrent-mark-start]
9.202: [GC (Allocation Failure) 9.202: [ParNew: 0K->0K(3072K), 0.0002241 secs]9.203: [CMS9.212: [CMS-concurrent-mark: 0.001/0.010 secs] [Times: user=0.00 sys=0.00, real=0.01 secs] 
 (concurrent mode failure): 5027K->931K(6848K), 0.0118641 secs] 5027K->931K(9920K), [Metaspace: 3664K->3664K(1056768K)], 0.0121555 secs] [Times: user=0.00 sys=0.00, real=0.01 secs] 
9.215: [GC (Allocation Failure) 9.215: [ParNew: 0K->0K(3072K), 0.0002082 secs]9.215: [CMS: 5027K->931K(6848K), 0.0019507 secs] 5027K->931K(9920K), [Metaspace: 3664K->3664K(1056768K)], 0.0022288 secs] [Times: user=0.00 sys=0.00, real=0.00 secs] 
9.217: [GC (CMS Initial Mark) [1 CMS-initial-mark: 5027K(6848K)] 5027K(9920K), 0.0001144 secs] [Times: user=0.00 sys=0.00, real=0.00 secs] 
9.218: [CMS-concurrent-mark-start]
9.218: [GC (Allocation Failure) 9.218: [ParNew: 0K->0K(3072K), 0.0002014 secs]9.218: [CMS9.228: [CMS-concurrent-mark: 0.002/0.011 secs] [Times: user=0.00 sys=0.00, real=0.01 secs] 
 (concurrent mode failure): 5027K->931K(6848K), 0.0127355 secs] 5027K->931K(9920K), [Metaspace: 3664K->3664K(1056768K)], 0.0130078 secs] [Times: user=0.00 sys=0.00, real=0.01 secs] 
9.231: [GC (Allocation Failure) 9.231: [ParNew: 0K->0K(3072K), 0.0002276 secs]9.231: [CMS: 5027K->931K(6848K), 0.0021200 secs] 5027K->931K(9920K), [Metaspace: 3664K->3664K(1056768K)], 0.0024200 secs] [Times: user=0.00 sys=0.00, real=0.00 secs] 
9.234: [GC (CMS Initial Mark) [1 CMS-initial-mark: 5027K(6848K)] 5027K(9920K), 0.0002202 secs] [Times: user=0.00 sys=0.00, real=0.00 secs] 
9.234: [CMS-concurrent-mark-start]
9.234: [GC (Allocation Failure) 9.234: [ParNew: 0K->0K(3072K), 0.0002736 secs]9.234: [CMS9.244: [CMS-concurrent-mark: 0.002/0.010 secs] [Times: user=0.00 sys=0.00, real=0.01 secs] 
 (concurrent mode failure): 5027K->931K(6848K), 0.0119633 secs] 5027K->931K(9920K), [Metaspace: 3664K->3664K(1056768K)], 0.0123048 secs] [Times: user=0.00 sys=0.00, real=0.01 secs] 
9.247: [GC (Allocation Failure) 9.247: [ParNew: 0K->0K(3072K), 0.0002070 secs]9.247: [CMS: 5027K->931K(6848K), 0.0019558 secs] 5027K->931K(9920K), [Metaspace: 3664K->3664K(1056768K)], 0.0022308 secs] [Times: user=0.00 sys=0.00, real=0.00 secs] 
9.249: [GC (CMS Initial Mark) [1 CMS-initial-mark: 5027K(6848K)] 5027K(9920K), 0.0001329 secs] [Times: user=0.00 sys=0.00, real=0.00 secs] 
9.250: [CMS-concurrent-mark-start]
9.250: [GC (Allocation Failure) 9.250: [ParNew: 0K->0K(3072K), 0.0002709 secs]9.250: [CMS9.260: [CMS-concurrent-mark: 0.001/0.010 secs] [Times: user=0.00 sys=0.00, real=0.01 secs] 
 (concurrent mode failure): 5027K->931K(6848K), 0.0122422 secs] 5027K->931K(9920K), [Metaspace: 3664K->3664K(1056768K)], 0.0125912 secs] [Times: user=0.00 sys=0.00, real=0.01 secs] 
9.263: [GC (Allocation Failure) 9.263: [ParNew: 0K->0K(3072K), 0.0002584 secs]9.263: [CMS: 5027K->931K(6848K), 0.0018297 secs] 5027K->931K(9920K), [Metaspace: 3664K->3664K(1056768K)], 0.0021509 secs] [Times: user=0.00 sys=0.00, real=0.00 secs] 
9.265: [GC (CMS Initial Mark) [1 CMS-initial-mark: 5027K(6848K)] 5027K(9920K), 0.0001174 secs] [Times: user=0.00 sys=0.00, real=0.00 secs] 
9.265: [CMS-concurrent-mark-start]
9.265: [GC (Allocation Failure) 9.265: [ParNew: 0K->0K(3072K), 0.0001969 secs]9.266: [CMS9.276: [CMS-concurrent-mark: 0.002/0.010 secs] [Times: user=0.00 sys=0.00, real=0.01 secs] 
 (concurrent mode failure): 5027K->931K(6848K), 0.0129169 secs] 5027K->931K(9920K), [Metaspace: 3664K->3664K(1056768K)], 0.0132047 secs] [Times: user=0.00 sys=0.00, real=0.01 secs] 
9.279: [GC (Allocation Failure) 9.279: [ParNew: 0K->0K(3072K), 0.0002253 secs]9.279: [CMS: 5027K->931K(6848K), 0.0019372 secs] 5027K->931K(9920K), [Metaspace: 3664K->3664K(1056768K)], 0.0022408 secs] [Times: user=0.00 sys=0.00, real=0.00 secs] 
9.282: [GC (CMS Initial Mark) [1 CMS-initial-mark: 5027K(6848K)] 5027K(9920K), 0.0001484 secs] [Times: user=0.00 sys=0.00, real=0.00 secs] 
9.282: [CMS-concurrent-mark-start]
9.282: [GC (Allocation Failure) 9.282: [ParNew: 0K->0K(3072K), 0.0003881 secs]9.282: [CMS9.291: [CMS-concurrent-mark: 0.002/0.009 secs] [Times: user=0.00 sys=0.00, real=0.01 secs] 
 (concurrent mode failure): 5027K->931K(6848K), 0.0117061 secs] 5027K->931K(9920K), [Metaspace: 3664K->3664K(1056768K)], 0.0121711 secs] [Times: user=0.00 sys=0.00, real=0.01 secs] 
9.294: [GC (Allocation Failure) 9.294: [ParNew: 0K->0K(3072K), 0.0003801 secs]9.295: [CMS: 5027K->931K(6848K), 0.0019610 secs] 5027K->931K(9920K), [Metaspace: 3664K->3664K(1056768K)], 0.0024078 secs] [Times: user=0.00 sys=0.00, real=0.00 secs] 
9.297: [GC (CMS Initial Mark) [1 CMS-initial-mark: 5027K(6848K)] 5027K(9920K), 0.0001519 secs] [Times: user=0.00 sys=0.00, real=0.00 secs] 
9.297: [CMS-concurrent-mark-start]
9.298: [GC (Allocation Failure) 9.298: [ParNew: 0K->0K(3072K), 0.0002194 secs]9.298: [CMS9.307: [CMS-concurrent-mark: 0.002/0.009 secs] [Times: user=0.00 sys=0.00, real=0.01 secs] 
 (concurrent mode failure): 5027K->931K(6848K), 0.0121141 secs] 5027K->931K(9920K), [Metaspace: 3664K->3664K(1056768K)], 0.0124158 secs] [Times: user=0.00 sys=0.00, real=0.01 secs] 
9.310: [GC (Allocation Failure) 9.310: [ParNew: 0K->0K(3072K), 0.0002466 secs]9.311: [CMS: 5027K->931K(6848K), 0.0018898 secs] 5027K->931K(9920K), [Metaspace: 3664K->3664K(1056768K)], 0.0022046 secs] [Times: user=0.00 sys=0.00, real=0.00 secs] 
9.313: [GC (CMS Initial Mark) [1 CMS-initial-mark: 5027K(6848K)] 5027K(9920K), 0.0001282 secs] [Times: user=0.00 sys=0.00, real=0.00 secs] 
9.313: [CMS-concurrent-mark-start]
9.313: [GC (Allocation Failure) 9.313: [ParNew: 0K->0K(3072K), 0.0002166 secs]9.313: [CMS9.322: [CMS-concurrent-mark: 0.002/0.009 secs] [Times: user=0.00 sys=0.00, real=0.01 secs] 
 (concurrent mode failure): 5027K->931K(6848K), 0.0118693 secs] 5027K->931K(9920K), [Metaspace: 3664K->3664K(1056768K)], 0.0121686 secs] [Times: user=0.00 sys=0.00, real=0.01 secs] 
9.326: [GC (Allocation Failure) 9.326: [ParNew: 0K->0K(3072K), 0.0002644 secs]9.326: [CMS: 5027K->931K(6848K), 0.0022754 secs] 5027K->931K(9920K), [Metaspace: 3664K->3664K(1056768K)], 0.0026166 secs] [Times: user=0.00 sys=0.00, real=0.00 secs] 
9.329: [GC (CMS Initial Mark) [1 CMS-initial-mark: 5027K(6848K)] 5027K(9920K), 0.0001297 secs] [Times: user=0.00 sys=0.00, real=0.00 secs] 
9.329: [CMS-concurrent-mark-start]
9.329: [GC (Allocation Failure) 9.329: [ParNew: 0K->0K(3072K), 0.0003087 secs]9.329: [CMS9.337: [CMS-concurrent-mark: 0.002/0.008 secs] [Times: user=0.00 sys=0.00, real=0.01 secs] 
 (concurrent mode failure): 5027K->931K(6848K), 0.0102988 secs] 5027K->931K(9920K), [Metaspace: 3664K->3664K(1056768K)], 0.0106959 secs] [Times: user=0.00 sys=0.00, real=0.01 secs] 
9.340: [GC (Allocation Failure) 9.340: [ParNew: 0K->0K(3072K), 0.0002968 secs]9.340: [CMS: 5027K->931K(6848K), 0.0035752 secs] 5027K->931K(9920K), [Metaspace: 3664K->3664K(1056768K)], 0.0039684 secs] [Times: user=0.00 sys=0.00, real=0.00 secs] 
9.344: [GC (CMS Initial Mark) [1 CMS-initial-mark: 5027K(6848K)] 5027K(9920K), 0.0001172 secs] [Times: user=0.00 sys=0.00, real=0.00 secs] 
9.345: [CMS-concurrent-mark-start]
9.345: [GC (Allocation Failure) 9.345: [ParNew: 0K->0K(3072K), 0.0002437 secs]9.345: [CMS9.353: [CMS-concurrent-mark: 0.002/0.008 secs] [Times: user=0.00 sys=0.00, real=0.01 secs] 
 (concurrent mode failure): 5027K->931K(6848K), 0.0102122 secs] 5027K->931K(9920K), [Metaspace: 3664K->3664K(1056768K)], 0.0105253 secs] [Times: user=0.00 sys=0.00, real=0.01 secs] 
9.356: [GC (Allocation Failure) 9.356: [ParNew: 0K->0K(3072K), 0.0002227 secs]9.356: [CMS: 5027K->931K(6848K), 0.0029000 secs] 5027K->931K(9920K), [Metaspace: 3664K->3664K(1056768K)], 0.0032012 secs] [Times: user=0.00 sys=0.00, real=0.00 secs] 
9.359: [GC (CMS Initial Mark) [1 CMS-initial-mark: 5027K(6848K)] 5027K(9920K), 0.0001724 secs] [Times: user=0.00 sys=0.00, real=0.00 secs] 
9.360: [CMS-concurrent-mark-start]
9.360: [GC (Allocation Failure) 9.360: [ParNew: 0K->0K(3072K), 0.0002278 secs]9.360: [CMS9.368: [CMS-concurrent-mark: 0.001/0.009 secs] [Times: user=0.00 sys=0.00, real=0.01 secs] 
 (concurrent mode failure): 5027K->931K(6848K), 0.0107325 secs] 5027K->931K(9920K), [Metaspace: 3664K->3664K(1056768K)], 0.0110290 secs] [Times: user=0.00 sys=0.00, real=0.01 secs] 
9.371: [GC (Allocation Failure) 9.371: [ParNew: 0K->0K(3072K), 0.0003309 secs]9.371: [CMS: 5027K->931K(6848K), 0.0019245 secs] 5027K->931K(9920K), [Metaspace: 3664K->3664K(1056768K)], 0.0023591 secs] [Times: user=0.00 sys=0.00, real=0.00 secs] 
9.374: [GC (CMS Initial Mark) [1 CMS-initial-mark: 5027K(6848K)] 5027K(9920K), 0.0002022 secs] [Times: user=0.00 sys=0.00, real=0.00 secs] 
9.374: [CMS-concurrent-mark-start]
9.374: [GC (Allocation Failure) 9.374: [ParNew: 0K->0K(3072K), 0.0003468 secs]9.375: [CMS9.384: [CMS-concurrent-mark: 0.002/0.010 secs] [Times: user=0.00 sys=0.00, real=0.01 secs] 
 (concurrent mode failure): 5027K->931K(6848K), 0.0118935 secs] 5027K->931K(9920K), [Metaspace: 3664K->3664K(1056768K)], 0.0123254 secs] [Times: user=0.00 sys=0.00, real=0.01 secs] 
9.387: [GC (Allocation Failure) 9.387: [ParNew: 0K->0K(3072K), 0.0003044 secs]9.387: [CMS: 5027K->931K(6848K), 0.0020198 secs] 5027K->931K(9920K), [Metaspace: 3664K->3664K(1056768K)], 0.0023923 secs] [Times: user=0.00 sys=0.00, real=0.00 secs] 
9.390: [GC (CMS Initial Mark) [1 CMS-initial-mark: 5027K(6848K)] 5027K(9920K), 0.0001121 secs] [Times: user=0.00 sys=0.00, real=0.00 secs] 
9.390: [CMS-concurrent-mark-start]
9.390: [GC (Allocation Failure) 9.390: [ParNew: 0K->0K(3072K), 0.0003375 secs]9.390: [CMS9.400: [CMS-concurrent-mark: 0.002/0.010 secs] [Times: user=0.00 sys=0.00, real=0.01 secs] 
 (concurrent mode failure): 5027K->931K(6848K), 0.0118678 secs] 5027K->931K(9920K), [Metaspace: 3664K->3664K(1056768K)], 0.0122870 secs] [Times: user=0.00 sys=0.00, real=0.01 secs] 
9.403: [GC (Allocation Failure) 9.403: [ParNew: 0K->0K(3072K), 0.0002882 secs]9.403: [CMS: 5027K->931K(6848K), 0.0020209 secs] 5027K->931K(9920K), [Metaspace: 3664K->3664K(1056768K)], 0.0023788 secs] [Times: user=0.00 sys=0.00, real=0.00 secs] 
9.405: [GC (CMS Initial Mark) [1 CMS-initial-mark: 5027K(6848K)] 5027K(9920K), 0.0001186 secs] [Times: user=0.00 sys=0.00, real=0.00 secs] 
9.406: [CMS-concurrent-mark-start]
9.406: [GC (Allocation Failure) 9.406: [ParNew: 0K->0K(3072K), 0.0002046 secs]9.406: [CMS9.416: [CMS-concurrent-mark: 0.001/0.010 secs] [Times: user=0.00 sys=0.00, real=0.01 secs] 
 (concurrent mode failure): 5027K->931K(6848K), 0.0124830 secs] 5027K->931K(9920K), [Metaspace: 3664K->3664K(1056768K)], 0.0127649 secs] [Times: user=0.00 sys=0.00, real=0.01 secs] 
9.419: [GC (Allocation Failure) 9.419: [ParNew: 0K->0K(3072K), 0.0002265 secs]9.419: [CMS: 5027K->931K(6848K), 0.0019815 secs] 5027K->931K(9920K), [Metaspace: 3664K->3664K(1056768K)], 0.0022892 secs] [Times: user=0.00 sys=0.00, real=0.00 secs] 
9.421: [GC (CMS Initial Mark) [1 CMS-initial-mark: 5027K(6848K)] 5027K(9920K), 0.0000912 secs] [Times: user=0.00 sys=0.00, real=0.00 secs] 
9.422: [CMS-concurrent-mark-start]
9.422: [GC (Allocation Failure) 9.422: [ParNew: 0K->0K(3072K), 0.0002456 secs]9.422: [CMS9.431: [CMS-concurrent-mark: 0.002/0.010 secs] [Times: user=0.00 sys=0.00, real=0.01 secs] 
 (concurrent mode failure): 5027K->931K(6848K), 0.0118782 secs] 5027K->931K(9920K), [Metaspace: 3664K->3664K(1056768K)], 0.0122001 secs] [Times: user=0.00 sys=0.00, real=0.01 secs] 
9.434: [GC (Allocation Failure) 9.434: [ParNew: 0K->0K(3072K), 0.0002858 secs]9.435: [CMS: 5027K->931K(6848K), 0.0019939 secs] 5027K->931K(9920K), [Metaspace: 3664K->3664K(1056768K)], 0.0023556 secs] [Times: user=0.00 sys=0.00, real=0.00 secs] 
9.437: [GC (CMS Initial Mark) [1 CMS-initial-mark: 5027K(6848K)] 5027K(9920K), 0.0001286 secs] [Times: user=0.00 sys=0.00, real=0.00 secs] 
9.437: [CMS-concurrent-mark-start]
9.437: [GC (Allocation Failure) 9.437: [ParNew: 0K->0K(3072K), 0.0002875 secs]9.438: [CMS9.447: [CMS-concurrent-mark: 0.002/0.010 secs] [Times: user=0.00 sys=0.00, real=0.01 secs] 
 (concurrent mode failure): 5027K->931K(6848K), 0.0122631 secs] 5027K->931K(9920K), [Metaspace: 3664K->3664K(1056768K)], 0.0126238 secs] [Times: user=0.00 sys=0.00, real=0.01 secs] 
9.450: [GC (Allocation Failure) 9.450: [ParNew: 0K->0K(3072K), 0.0002828 secs]9.451: [CMS: 5027K->931K(6848K), 0.0035412 secs] 5027K->931K(9920K), [Metaspace: 3664K->3664K(1056768K)], 0.0039393 secs] [Times: user=0.00 sys=0.00, real=0.00 secs] 
9.455: [GC (CMS Initial Mark) [1 CMS-initial-mark: 5027K(6848K)] 5027K(9920K), 0.0001439 secs] [Times: user=0.00 sys=0.00, real=0.00 secs] 
9.455: [CMS-concurrent-mark-start]
9.455: [GC (Allocation Failure) 9.455: [ParNew: 0K->0K(3072K), 0.0002659 secs]9.455: [CMS9.462: [CMS-concurrent-mark: 0.002/0.008 secs] [Times: user=0.00 sys=0.00, real=0.01 secs] 
 (concurrent mode failure): 5027K->931K(6848K), 0.0112388 secs] 5027K->931K(9920K), [Metaspace: 3664K->3664K(1056768K)], 0.0116019 secs] [Times: user=0.00 sys=0.00, real=0.01 secs] 
9.467: [GC (Allocation Failure) 9.467: [ParNew: 0K->0K(3072K), 0.0003947 secs]9.467: [CMS: 5027K->931K(6848K), 0.0025267 secs] 5027K->931K(9920K), [Metaspace: 3664K->3664K(1056768K)], 0.0030298 secs] [Times: user=0.00 sys=0.00, real=0.00 secs] 
9.470: [GC (CMS Initial Mark) [1 CMS-initial-mark: 5027K(6848K)] 5027K(9920K), 0.0001765 secs] [Times: user=0.00 sys=0.00, real=0.00 secs] 
9.471: [CMS-concurrent-mark-start]
9.471: [GC (Allocation Failure) 9.471: [ParNew: 0K->0K(3072K), 0.0003177 secs]9.471: [CMS9.478: [CMS-concurrent-mark: 0.002/0.007 secs] [Times: user=0.00 sys=0.00, real=0.01 secs] 
 (concurrent mode failure): 5027K->931K(6848K), 0.0105039 secs] 5027K->931K(9920K), [Metaspace: 3664K->3664K(1056768K)], 0.0109434 secs] [Times: user=0.00 sys=0.00, real=0.01 secs] 
9.482: [GC (Allocation Failure) 9.482: [ParNew: 0K->0K(3072K), 0.0004827 secs]9.483: [CMS: 5027K->931K(6848K), 0.0039414 secs] 5027K->931K(9920K), [Metaspace: 3664K->3664K(1056768K)], 0.0045481 secs] [Times: user=0.00 sys=0.00, real=0.01 secs] 
9.487: [GC (CMS Initial Mark) [1 CMS-initial-mark: 5027K(6848K)] 5027K(9920K), 0.0002166 secs] [Times: user=0.00 sys=0.00, real=0.00 secs] 
9.487: [CMS-concurrent-mark-start]
9.488: [GC (Allocation Failure) 9.488: [ParNew: 0K->0K(3072K), 0.0004237 secs]9.488: [CMS9.492: [CMS-concurrent-mark: 0.002/0.005 secs] [Times: user=0.00 sys=0.00, real=0.00 secs] 
 (concurrent mode failure): 5027K->931K(6848K), 0.0087057 secs] 5027K->931K(9920K), [Metaspace: 3664K->3664K(1056768K)], 0.0092303 secs] [Times: user=0.00 sys=0.00, real=0.01 secs] 
9.497: [GC (Allocation Failure) 9.497: [ParNew: 0K->0K(3072K), 0.0003363 secs]9.498: [CMS: 5027K->931K(6848K), 0.0030623 secs] 5027K->931K(9920K), [Metaspace: 3664K->3664K(1056768K)], 0.0035038 secs] [Times: user=0.00 sys=0.00, real=0.00 secs] 
9.501: [GC (CMS Initial Mark) [1 CMS-initial-mark: 5027K(6848K)] 5027K(9920K), 0.0001808 secs] [Times: user=0.00 sys=0.00, real=0.00 secs] 
9.501: [CMS-concurrent-mark-start]
9.502: [GC (Allocation Failure) 9.502: [ParNew: 0K->0K(3072K), 0.0002833 secs]9.502: [CMS9.508: [CMS-concurrent-mark: 0.002/0.006 secs] [Times: user=0.00 sys=0.00, real=0.01 secs] 
 (concurrent mode failure): 5027K->931K(6848K), 0.0104516 secs] 5027K->931K(9920K), [Metaspace: 3664K->3664K(1056768K)], 0.0108306 secs] [Times: user=0.00 sys=0.00, real=0.01 secs] 
9.513: [GC (Allocation Failure) 9.513: [ParNew: 0K->0K(3072K), 0.0002747 secs]9.513: [CMS: 5027K->931K(6848K), 0.0028250 secs] 5027K->931K(9920K), [Metaspace: 3664K->3664K(1056768K)], 0.0031922 secs] [Times: user=0.00 sys=0.00, real=0.00 secs] 
9.516: [GC (CMS Initial Mark) [1 CMS-initial-mark: 5027K(6848K)] 5027K(9920K), 0.0001498 secs] [Times: user=0.00 sys=0.00, real=0.00 secs] 
9.517: [CMS-concurrent-mark-start]
9.517: [GC (Allocation Failure) 9.517: [ParNew: 0K->0K(3072K), 0.0002814 secs]9.517: [CMS9.523: [CMS-concurrent-mark: 0.002/0.006 secs] [Times: user=0.00 sys=0.00, real=0.01 secs] 
 (concurrent mode failure): 5027K->931K(6848K), 0.0107253 secs] 5027K->931K(9920K), [Metaspace: 3664K->3664K(1056768K)], 0.0111219 secs] [Times: user=0.00 sys=0.00, real=0.01 secs] 
9.528: [GC (Allocation Failure) 9.528: [ParNew: 0K->0K(3072K), 0.0002597 secs]9.529: [CMS: 5027K->931K(6848K), 0.0031237 secs] 5027K->931K(9920K), [Metaspace: 3664K->3664K(1056768K)], 0.0034857 secs] [Times: user=0.00 sys=0.00, real=0.00 secs] 
9.532: [GC (CMS Initial Mark) [1 CMS-initial-mark: 5027K(6848K)] 5027K(9920K), 0.0001602 secs] [Times: user=0.00 sys=0.00, real=0.00 secs] 
9.532: [CMS-concurrent-mark-start]
9.532: [GC (Allocation Failure) 9.532: [ParNew: 0K->0K(3072K), 0.0002222 secs]9.533: [CMS9.538: [CMS-concurrent-mark: 0.002/0.006 secs] [Times: user=0.00 sys=0.00, real=0.01 secs] 
 (concurrent mode failure): 5027K->931K(6848K), 0.0114596 secs] 5027K->931K(9920K), [Metaspace: 3664K->3664K(1056768K)], 0.0117645 secs] [Times: user=0.00 sys=0.00, real=0.01 secs] 
9.545: [GC (Allocation Failure) 9.545: [ParNew: 0K->0K(3072K), 0.0002778 secs]9.545: [CMS: 5027K->931K(6848K), 0.0029353 secs] 5027K->931K(9920K), [Metaspace: 3664K->3664K(1056768K)], 0.0033300 secs] [Times: user=0.00 sys=0.00, real=0.00 secs] 
9.548: [GC (CMS Initial Mark) [1 CMS-initial-mark: 5027K(6848K)] 5027K(9920K), 0.0001994 secs] [Times: user=0.00 sys=0.00, real=0.00 secs] 
9.549: [CMS-concurrent-mark-start]
9.549: [GC (Allocation Failure) 9.549: [ParNew: 0K->0K(3072K), 0.0002663 secs]9.549: [CMS9.553: [CMS-concurrent-mark: 0.001/0.004 secs] [Times: user=0.00 sys=0.00, real=0.00 secs] 
 (concurrent mode failure): 5027K->931K(6848K), 0.0060277 secs] 5027K->931K(9920K), [Metaspace: 3664K->3664K(1056768K)], 0.0063738 secs] [Times: user=0.00 sys=0.00, real=0.01 secs] 
9.555: [GC (Allocation Failure) 9.555: [ParNew: 0K->0K(3072K), 0.0002465 secs]9.556: [CMS: 5027K->931K(6848K), 0.0024948 secs] 5027K->931K(9920K), [Metaspace: 3664K->3664K(1056768K)], 0.0028197 secs] [Times: user=0.00 sys=0.00, real=0.00 secs] 
9.558: [GC (CMS Initial Mark) [1 CMS-initial-mark: 5027K(6848K)] 5027K(9920K), 0.0000901 secs] [Times: user=0.00 sys=0.00, real=0.00 secs] 
9.559: [CMS-concurrent-mark-start]
9.559: [GC (Allocation Failure) 9.559: [ParNew: 0K->0K(3072K), 0.0001797 secs]9.559: [CMS9.568: [CMS-concurrent-mark: 0.001/0.009 secs] [Times: user=0.03 sys=0.00, real=0.01 secs] 
 (concurrent mode failure): 5027K->931K(6848K), 0.0112060 secs] 5027K->931K(9920K), [Metaspace: 3664K->3664K(1056768K)], 0.0114516 secs] [Times: user=0.03 sys=0.00, real=0.01 secs] 
9.571: [GC (Allocation Failure) 9.571: [ParNew: 0K->0K(3072K), 0.0004696 secs]9.571: [CMS: 5027K->931K(6848K), 0.0020936 secs] 5027K->931K(9920K), [Metaspace: 3664K->3664K(1056768K)], 0.0026599 secs] [Times: user=0.00 sys=0.00, real=0.00 secs] 
9.574: [GC (CMS Initial Mark) [1 CMS-initial-mark: 5027K(6848K)] 5027K(9920K), 0.0001996 secs] [Times: user=0.00 sys=0.00, real=0.00 secs] 
9.574: [CMS-concurrent-mark-start]
9.574: [GC (Allocation Failure) 9.574: [ParNew: 0K->0K(3072K), 0.0002972 secs]9.574: [CMS9.583: [CMS-concurrent-mark: 0.002/0.010 secs] [Times: user=0.03 sys=0.00, real=0.01 secs] 
 (concurrent mode failure): 5027K->931K(6848K), 0.0113215 secs] 5027K->931K(9920K), [Metaspace: 3664K->3664K(1056768K)], 0.0116897 secs] [Times: user=0.03 sys=0.00, real=0.01 secs] 
9.586: [GC (Allocation Failure) 9.586: [ParNew: 0K->0K(3072K), 0.0002118 secs]9.586: [CMS: 5027K->931K(6848K), 0.0019744 secs] 5027K->931K(9920K), [Metaspace: 3664K->3664K(1056768K)], 0.0022516 secs] [Times: user=0.00 sys=0.00, real=0.00 secs] 
9.589: [GC (CMS Initial Mark) [1 CMS-initial-mark: 5027K(6848K)] 5027K(9920K), 0.0000897 secs] [Times: user=0.00 sys=0.00, real=0.00 secs] 
9.589: [CMS-concurrent-mark-start]
9.589: [GC (Allocation Failure) 9.589: [ParNew: 0K->0K(3072K), 0.0002073 secs]9.589: [CMS9.599: [CMS-concurrent-mark: 0.002/0.010 secs] [Times: user=0.03 sys=0.00, real=0.01 secs] 
 (concurrent mode failure): 5027K->931K(6848K), 0.0122448 secs] 5027K->931K(9920K), [Metaspace: 3664K->3664K(1056768K)], 0.0125313 secs] [Times: user=0.03 sys=0.00, real=0.01 secs] 
9.602: [GC (Allocation Failure) 9.602: [ParNew: 0K->0K(3072K), 0.0002279 secs]9.602: [CMS: 5027K->931K(6848K), 0.0019541 secs] 5027K->931K(9920K), [Metaspace: 3664K->3664K(1056768K)], 0.0022613 secs] [Times: user=0.00 sys=0.00, real=0.00 secs] 
9.604: [GC (CMS Initial Mark) [1 CMS-initial-mark: 5027K(6848K)] 5027K(9920K), 0.0001460 secs] [Times: user=0.00 sys=0.00, real=0.00 secs] 
9.604: [CMS-concurrent-mark-start]
9.604: [GC (Allocation Failure) 9.604: [ParNew: 0K->0K(3072K), 0.0001890 secs]9.605: [CMS9.614: [CMS-concurrent-mark: 0.002/0.010 secs] [Times: user=0.03 sys=0.00, real=0.01 secs] 
 (concurrent mode failure): 5027K->931K(6848K), 0.0120979 secs] 5027K->931K(9920K), [Metaspace: 3664K->3664K(1056768K)], 0.0123582 secs] [Times: user=0.03 sys=0.00, real=0.01 secs] 
9.617: [GC (Allocation Failure) 9.617: [ParNew: 0K->0K(3072K), 0.0002679 secs]9.618: [CMS: 5027K->931K(6848K), 0.0025412 secs] 5027K->931K(9920K), [Metaspace: 3664K->3664K(1056768K)], 0.0028968 secs] [Times: user=0.00 sys=0.00, real=0.00 secs] 
9.621: [GC (CMS Initial Mark) [1 CMS-initial-mark: 5027K(6848K)] 5027K(9920K), 0.0004000 secs] [Times: user=0.00 sys=0.00, real=0.00 secs] 
9.621: [CMS-concurrent-mark-start]
9.621: [GC (Allocation Failure) 9.621: [ParNew: 0K->0K(3072K), 0.0002776 secs]9.622: [CMS9.629: [CMS-concurrent-mark: 0.001/0.008 secs] [Times: user=0.00 sys=0.00, real=0.01 secs] 
 (concurrent mode failure): 5027K->931K(6848K), 0.0105852 secs] 5027K->931K(9920K), [Metaspace: 3664K->3664K(1056768K)], 0.0109569 secs] [Times: user=0.02 sys=0.00, real=0.01 secs] 
9.633: [GC (Allocation Failure) 9.633: [ParNew: 0K->0K(3072K), 0.0002616 secs]9.633: [CMS: 5027K->931K(6848K), 0.0028661 secs] 5027K->931K(9920K), [Metaspace: 3664K->3664K(1056768K)], 0.0032135 secs] [Times: user=0.00 sys=0.00, real=0.00 secs] 
9.636: [GC (CMS Initial Mark) [1 CMS-initial-mark: 5027K(6848K)] 5027K(9920K), 0.0000947 secs] [Times: user=0.00 sys=0.00, real=0.00 secs] 
9.636: [CMS-concurrent-mark-start]
9.636: [GC (Allocation Failure) 9.636: [ParNew: 0K->0K(3072K), 0.0002146 secs]9.637: [CMS9.644: [CMS-concurrent-mark: 0.002/0.008 secs] [Times: user=0.00 sys=0.00, real=0.01 secs] 
 (concurrent mode failure): 5027K->931K(6848K), 0.0096680 secs] 5027K->931K(9920K), [Metaspace: 3664K->3664K(1056768K)], 0.0099547 secs] [Times: user=0.01 sys=0.00, real=0.01 secs] 
9.647: [GC (Allocation Failure) 9.647: [ParNew: 0K->0K(3072K), 0.0002818 secs]9.647: [CMS: 5027K->931K(6848K), 0.0023798 secs] 5027K->931K(9920K), [Metaspace: 3664K->3664K(1056768K)], 0.0027381 secs] [Times: user=0.00 sys=0.00, real=0.00 secs] 
9.650: [GC (CMS Initial Mark) [1 CMS-initial-mark: 5027K(6848K)] 5027K(9920K), 0.0001468 secs] [Times: user=0.00 sys=0.00, real=0.00 secs] 
9.650: [CMS-concurrent-mark-start]
9.650: [GC (Allocation Failure) 9.650: [ParNew: 0K->0K(3072K), 0.0002510 secs]9.650: [CMS9.660: [CMS-concurrent-mark: 0.002/0.010 secs] [Times: user=0.00 sys=0.00, real=0.01 secs] 
 (concurrent mode failure): 5027K->931K(6848K), 0.0117236 secs] 5027K->931K(9920K), [Metaspace: 3664K->3664K(1056768K)], 0.0120590 secs] [Times: user=0.02 sys=0.00, real=0.01 secs] 
9.662: [GC (Allocation Failure) 9.662: [ParNew: 0K->0K(3072K), 0.0002515 secs]9.663: [CMS: 5027K->931K(6848K), 0.0022224 secs] 5027K->931K(9920K), [Metaspace: 3664K->3664K(1056768K)], 0.0025460 secs] [Times: user=0.00 sys=0.00, real=0.00 secs] 
9.665: [GC (CMS Initial Mark) [1 CMS-initial-mark: 5027K(6848K)] 5027K(9920K), 0.0000847 secs] [Times: user=0.00 sys=0.00, real=0.00 secs] 
9.665: [CMS-concurrent-mark-start]
9.665: [GC (Allocation Failure) 9.665: [ParNew: 0K->0K(3072K), 0.0001896 secs]9.666: [CMS9.675: [CMS-concurrent-mark: 0.002/0.010 secs] [Times: user=0.00 sys=0.00, real=0.01 secs] 
 (concurrent mode failure): 5027K->931K(6848K), 0.0143132 secs] 5027K->931K(9920K), [Metaspace: 3664K->3664K(1056768K)], 0.0145945 secs] [Times: user=0.01 sys=0.00, real=0.01 secs] 
9.680: [GC (Allocation Failure) 9.680: [ParNew: 0K->0K(3072K), 0.0002834 secs]9.681: [CMS: 5027K->931K(6848K), 0.0034673 secs] 5027K->931K(9920K), [Metaspace: 3664K->3664K(1056768K)], 0.0038487 secs] [Times: user=0.00 sys=0.00, real=0.00 secs] 
9.685: [GC (CMS Initial Mark) [1 CMS-initial-mark: 5027K(6848K)] 5027K(9920K), 0.0001342 secs] [Times: user=0.00 sys=0.00, real=0.00 secs] 
9.685: [CMS-concurrent-mark-start]
9.685: [GC (Allocation Failure) 9.685: [ParNew: 0K->0K(3072K), 0.0002363 secs]9.685: [CMS9.691: [CMS-concurrent-mark: 0.002/0.006 secs] [Times: user=0.00 sys=0.00, real=0.01 secs] 
 (concurrent mode failure): 5027K->931K(6848K), 0.0097696 secs] 5027K->931K(9920K), [Metaspace: 3664K->3664K(1056768K)], 0.0101009 secs] [Times: user=0.02 sys=0.00, real=0.01 secs] 
9.695: [GC (Allocation Failure) 9.695: [ParNew: 0K->0K(3072K), 0.0003056 secs]9.696: [CMS: 5027K->931K(6848K), 0.0025461 secs] 5027K->931K(9920K), [Metaspace: 3664K->3664K(1056768K)], 0.0029381 secs] [Times: user=0.00 sys=0.00, real=0.00 secs] 
9.699: [GC (CMS Initial Mark) [1 CMS-initial-mark: 5027K(6848K)] 5027K(9920K), 0.0001573 secs] [Times: user=0.00 sys=0.00, real=0.00 secs] 
9.699: [CMS-concurrent-mark-start]
9.699: [GC (Allocation Failure) 9.699: [ParNew: 0K->0K(3072K), 0.0003144 secs]9.699: [CMS9.706: [CMS-concurrent-mark: 0.002/0.008 secs] [Times: user=0.00 sys=0.00, real=0.01 secs] 
 (concurrent mode failure): 5027K->931K(6848K), 0.0103364 secs] 5027K->931K(9920K), [Metaspace: 3664K->3664K(1056768K)], 0.0107408 secs] [Times: user=0.02 sys=0.00, real=0.01 secs] 
9.710: [GC (Allocation Failure) 9.710: [ParNew: 0K->0K(3072K), 0.0002392 secs]9.710: [CMS: 5027K->931K(6848K), 0.0018926 secs] 5027K->931K(9920K), [Metaspace: 3664K->3664K(1056768K)], 0.0021955 secs] [Times: user=0.00 sys=0.00, real=0.00 secs] 
9.713: [GC (CMS Initial Mark) [1 CMS-initial-mark: 5027K(6848K)] 5027K(9920K), 0.0001659 secs] [Times: user=0.00 sys=0.00, real=0.00 secs] 
9.713: [CMS-concurrent-mark-start]
9.713: [GC (Allocation Failure) 9.713: [ParNew: 0K->0K(3072K), 0.0002645 secs]9.713: [CMS9.722: [CMS-concurrent-mark: 0.002/0.009 secs] [Times: user=0.00 sys=0.00, real=0.01 secs] 
 (concurrent mode failure): 5027K->931K(6848K), 0.0121319 secs] 5027K->931K(9920K), [Metaspace: 3664K->3664K(1056768K)], 0.0124760 secs] [Times: user=0.02 sys=0.00, real=0.01 secs] 
9.726: [GC (Allocation Failure) 9.726: [ParNew: 0K->0K(3072K), 0.0002317 secs]9.726: [CMS: 5027K->931K(6848K), 0.0019585 secs] 5027K->931K(9920K), [Metaspace: 3664K->3664K(1056768K)], 0.0022669 secs] [Times: user=0.00 sys=0.00, real=0.00 secs] 
9.728: [GC (CMS Initial Mark) [1 CMS-initial-mark: 5027K(6848K)] 5027K(9920K), 0.0000773 secs] [Times: user=0.00 sys=0.00, real=0.00 secs] 
9.728: [CMS-concurrent-mark-start]
9.728: [GC (Allocation Failure) 9.728: [ParNew: 0K->0K(3072K), 0.0001997 secs]9.729: [CMS9.738: [CMS-concurrent-mark: 0.002/0.009 secs] [Times: user=0.00 sys=0.00, real=0.01 secs] 
 (concurrent mode failure): 5027K->931K(6848K), 0.0116022 secs] 5027K->931K(9920K), [Metaspace: 3664K->3664K(1056768K)], 0.0118805 secs] [Times: user=0.02 sys=0.00, real=0.01 secs] 
9.741: [GC (Allocation Failure) 9.741: [ParNew: 0K->0K(3072K), 0.0002335 secs]9.741: [CMS: 5027K->931K(6848K), 0.0022948 secs] 5027K->931K(9920K), [Metaspace: 3664K->3664K(1056768K)], 0.0026000 secs] [Times: user=0.00 sys=0.00, real=0.00 secs] 
9.744: [GC (CMS Initial Mark) [1 CMS-initial-mark: 5027K(6848K)] 5027K(9920K), 0.0001240 secs] [Times: user=0.00 sys=0.00, real=0.00 secs] 
9.744: [CMS-concurrent-mark-start]
9.744: [GC (Allocation Failure) 9.744: [ParNew: 0K->0K(3072K), 0.0002342 secs]9.744: [CMS9.753: [CMS-concurrent-mark: 0.002/0.009 secs] [Times: user=0.00 sys=0.00, real=0.01 secs] 
 (concurrent mode failure): 5027K->931K(6848K), 0.0111160 secs] 5027K->931K(9920K), [Metaspace: 3664K->3664K(1056768K)], 0.0114311 secs] [Times: user=0.02 sys=0.00, real=0.01 secs] 
9.756: [GC (Allocation Failure) 9.756: [ParNew: 0K->0K(3072K), 0.0002041 secs]9.756: [CMS: 5027K->931K(6848K), 0.0024114 secs] 5027K->931K(9920K), [Metaspace: 3664K->3664K(1056768K)], 0.0027007 secs] [Times: user=0.00 sys=0.00, real=0.00 secs] 
9.759: [GC (CMS Initial Mark) [1 CMS-initial-mark: 5027K(6848K)] 5027K(9920K), 0.0001020 secs] [Times: user=0.00 sys=0.00, real=0.00 secs] 
9.759: [CMS-concurrent-mark-start]
9.759: [GC (Allocation Failure) 9.759: [ParNew: 0K->0K(3072K), 0.0002073 secs]9.759: [CMS9.771: [CMS-concurrent-mark: 0.004/0.012 secs] [Times: user=0.00 sys=0.02, real=0.01 secs] 
 (concurrent mode failure): 5027K->931K(6848K), 0.0145121 secs] 5027K->931K(9920K), [Metaspace: 3664K->3664K(1056768K)], 0.0148186 secs] [Times: user=0.00 sys=0.02, real=0.01 secs] 
9.774: [GC (Allocation Failure) 9.774: [ParNew: 0K->0K(3072K), 0.0004473 secs]9.775: [CMS: 5027K->931K(6848K), 0.0020633 secs] 5027K->931K(9920K), [Metaspace: 3664K->3664K(1056768K)], 0.0025921 secs] [Times: user=0.00 sys=0.00, real=0.00 secs] 
9.777: [GC (CMS Initial Mark) [1 CMS-initial-mark: 5027K(6848K)] 5027K(9920K), 0.0001191 secs] [Times: user=0.00 sys=0.00, real=0.00 secs] 
9.777: [CMS-concurrent-mark-start]
9.777: [GC (Allocation Failure) 9.777: [ParNew: 0K->0K(3072K), 0.0002016 secs]9.777: [CMS9.785: [CMS-concurrent-mark: 0.002/0.008 secs] [Times: user=0.00 sys=0.00, real=0.01 secs] 
 (concurrent mode failure): 5027K->931K(6848K), 0.0094704 secs] 5027K->931K(9920K), [Metaspace: 3664K->3664K(1056768K)], 0.0097637 secs] [Times: user=0.01 sys=0.00, real=0.01 secs] 
9.787: [GC (Allocation Failure) 9.787: [ParNew: 0K->0K(3072K), 0.0002482 secs]9.788: [CMS: 5027K->931K(6848K), 0.0019184 secs] 5027K->931K(9920K), [Metaspace: 3664K->3664K(1056768K)], 0.0022283 secs] [Times: user=0.00 sys=0.00, real=0.00 secs] 
9.790: [GC (CMS Initial Mark) [1 CMS-initial-mark: 5027K(6848K)] 5027K(9920K), 0.0001436 secs] [Times: user=0.00 sys=0.00, real=0.00 secs] 
9.790: [CMS-concurrent-mark-start]
9.790: [GC (Allocation Failure) 9.790: [ParNew: 0K->0K(3072K), 0.0003131 secs]9.791: [CMS9.801: [CMS-concurrent-mark: 0.002/0.011 secs] [Times: user=0.00 sys=0.00, real=0.01 secs] 
 (concurrent mode failure): 5027K->931K(6848K), 0.0135313 secs] 5027K->931K(9920K), [Metaspace: 3664K->3664K(1056768K)], 0.0139449 secs] [Times: user=0.02 sys=0.00, real=0.01 secs] 
9.805: [GC (Allocation Failure) 9.805: [ParNew: 0K->0K(3072K), 0.0002215 secs]9.805: [CMS: 5027K->931K(6848K), 0.0021895 secs] 5027K->931K(9920K), [Metaspace: 3664K->3664K(1056768K)], 0.0025089 secs] [Times: user=0.00 sys=0.00, real=0.00 secs] 
9.807: [GC (CMS Initial Mark) [1 CMS-initial-mark: 5027K(6848K)] 5027K(9920K), 0.0001343 secs] [Times: user=0.00 sys=0.00, real=0.00 secs] 
9.808: [CMS-concurrent-mark-start]
9.808: [GC (Allocation Failure) 9.808: [ParNew: 0K->0K(3072K), 0.0003693 secs]9.808: [CMS9.816: [CMS-concurrent-mark: 0.002/0.008 secs] [Times: user=0.00 sys=0.00, real=0.01 secs] 
 (concurrent mode failure): 5027K->931K(6848K), 0.0103955 secs] 5027K->931K(9920K), [Metaspace: 3664K->3664K(1056768K)], 0.0108550 secs] [Times: user=0.01 sys=0.00, real=0.01 secs] 
9.819: [GC (Allocation Failure) 9.819: [ParNew: 0K->0K(3072K), 0.0002891 secs]9.819: [CMS: 5027K->931K(6848K), 0.0032066 secs] 5027K->931K(9920K), [Metaspace: 3664K->3664K(1056768K)], 0.0036042 secs] [Times: user=0.00 sys=0.00, real=0.00 secs] 
9.823: [GC (CMS Initial Mark) [1 CMS-initial-mark: 5027K(6848K)] 5027K(9920K), 0.0001911 secs] [Times: user=0.00 sys=0.00, real=0.00 secs] 
9.823: [CMS-concurrent-mark-start]
9.823: [GC (Allocation Failure) 9.823: [ParNew: 0K->0K(3072K), 0.0003092 secs]9.824: [CMS9.831: [CMS-concurrent-mark: 0.002/0.008 secs] [Times: user=0.00 sys=0.00, real=0.01 secs] 
 (concurrent mode failure): 5027K->931K(6848K), 0.0098021 secs] 5027K->931K(9920K), [Metaspace: 3664K->3664K(1056768K)], 0.0102046 secs] [Times: user=0.02 sys=0.00, real=0.01 secs] 
9.834: [GC (Allocation Failure) 9.834: [ParNew: 0K->0K(3072K), 0.0002175 secs]9.834: [CMS: 5027K->931K(6848K), 0.0019601 secs] 5027K->931K(9920K), [Metaspace: 3664K->3664K(1056768K)], 0.0022411 secs] [Times: user=0.00 sys=0.00, real=0.00 secs] 
9.837: [GC (CMS Initial Mark) [1 CMS-initial-mark: 5027K(6848K)] 5027K(9920K), 0.0000973 secs] [Times: user=0.00 sys=0.00, real=0.00 secs] 
9.837: [CMS-concurrent-mark-start]
9.837: [GC (Allocation Failure) 9.837: [ParNew: 0K->0K(3072K), 0.0002219 secs]9.837: [CMS9.847: [CMS-concurrent-mark: 0.002/0.010 secs] [Times: user=0.00 sys=0.00, real=0.01 secs] 
 (concurrent mode failure): 5027K->931K(6848K), 0.0127326 secs] 5027K->931K(9920K), [Metaspace: 3664K->3664K(1056768K)], 0.0130438 secs] [Times: user=0.02 sys=0.00, real=0.01 secs] 
9.850: [GC (Allocation Failure) 9.850: [ParNew: 0K->0K(3072K), 0.0003014 secs]9.851: [CMS: 5027K->931K(6848K), 0.0032115 secs] 5027K->931K(9920K), [Metaspace: 3664K->3664K(1056768K)], 0.0036018 secs] [Times: user=0.00 sys=0.00, real=0.00 secs] 
9.854: [GC (CMS Initial Mark) [1 CMS-initial-mark: 5027K(6848K)] 5027K(9920K), 0.0001478 secs] [Times: user=0.00 sys=0.00, real=0.00 secs] 
9.855: [CMS-concurrent-mark-start]
9.855: [GC (Allocation Failure) 9.855: [ParNew: 0K->0K(3072K), 0.0003478 secs]9.855: [CMS9.862: [CMS-concurrent-mark: 0.001/0.007 secs] [Times: user=0.00 sys=0.00, real=0.01 secs] 
 (concurrent mode failure): 5027K->931K(6848K), 0.0092560 secs] 5027K->931K(9920K), [Metaspace: 3664K->3664K(1056768K)], 0.0096932 secs] [Times: user=0.02 sys=0.00, real=0.01 secs] 
9.865: [GC (Allocation Failure) 9.865: [ParNew: 0K->0K(3072K), 0.0003291 secs]9.865: [CMS: 5027K->931K(6848K), 0.0021391 secs] 5027K->931K(9920K), [Metaspace: 3664K->3664K(1056768K)], 0.0025395 secs] [Times: user=0.00 sys=0.00, real=0.00 secs] 
9.868: [GC (CMS Initial Mark) [1 CMS-initial-mark: 5027K(6848K)] 5027K(9920K), 0.0001524 secs] [Times: user=0.00 sys=0.00, real=0.00 secs] 
9.868: [CMS-concurrent-mark-start]
9.868: [GC (Allocation Failure) 9.868: [ParNew: 0K->0K(3072K), 0.0003471 secs]9.868: [CMS9.878: [CMS-concurrent-mark: 0.002/0.010 secs] [Times: user=0.00 sys=0.00, real=0.01 secs] 
 (concurrent mode failure): 5027K->931K(6848K), 0.0130176 secs] 5027K->931K(9920K), [Metaspace: 3664K->3664K(1056768K)], 0.0134472 secs] [Times: user=0.02 sys=0.00, real=0.01 secs] 
9.882: [GC (Allocation Failure) 9.882: [ParNew: 0K->0K(3072K), 0.0002717 secs]9.882: [CMS: 5027K->931K(6848K), 0.0029425 secs] 5027K->931K(9920K), [Metaspace: 3664K->3664K(1056768K)], 0.0032997 secs] [Times: user=0.00 sys=0.00, real=0.00 secs] 
9.886: [GC (CMS Initial Mark) [1 CMS-initial-mark: 5027K(6848K)] 5027K(9920K), 0.0001794 secs] [Times: user=0.00 sys=0.00, real=0.00 secs] 
9.886: [CMS-concurrent-mark-start]
9.886: [GC (Allocation Failure) 9.886: [ParNew: 0K->0K(3072K), 0.0002342 secs]9.886: [CMS9.892: [CMS-concurrent-mark: 0.002/0.006 secs] [Times: user=0.00 sys=0.00, real=0.01 secs] 
 (concurrent mode failure): 5027K->931K(6848K), 0.0091174 secs] 5027K->931K(9920K), [Metaspace: 3664K->3664K(1056768K)], 0.0094287 secs] [Times: user=0.00 sys=0.00, real=0.01 secs] 
9.896: [GC (Allocation Failure) 9.896: [ParNew: 0K->0K(3072K), 0.0002284 secs]9.896: [CMS: 5027K->931K(6848K), 0.0019648 secs] 5027K->931K(9920K), [Metaspace: 3664K->3664K(1056768K)], 0.0022658 secs] [Times: user=0.00 sys=0.00, real=0.00 secs] 
9.898: [GC (CMS Initial Mark) [1 CMS-initial-mark: 5027K(6848K)] 5027K(9920K), 0.0001264 secs] [Times: user=0.00 sys=0.00, real=0.00 secs] 
9.899: [CMS-concurrent-mark-start]
9.899: [GC (Allocation Failure) 9.899: [ParNew: 0K->0K(3072K), 0.0002831 secs]9.899: [CMS9.908: [CMS-concurrent-mark: 0.002/0.009 secs] [Times: user=0.00 sys=0.00, real=0.01 secs] 
 (concurrent mode failure): 5027K->931K(6848K), 0.0113043 secs] 5027K->931K(9920K), [Metaspace: 3664K->3664K(1056768K)], 0.0116652 secs] [Times: user=0.00 sys=0.00, real=0.01 secs] 
9.911: [GC (Allocation Failure) 9.911: [ParNew: 0K->0K(3072K), 0.0002130 secs]9.911: [CMS: 5027K->931K(6848K), 0.0020022 secs] 5027K->931K(9920K), [Metaspace: 3664K->3664K(1056768K)], 0.0022989 secs] [Times: user=0.00 sys=0.00, real=0.00 secs] 
9.913: [GC (CMS Initial Mark) [1 CMS-initial-mark: 5027K(6848K)] 5027K(9920K), 0.0001361 secs] [Times: user=0.00 sys=0.00, real=0.00 secs] 
9.914: [CMS-concurrent-mark-start]
9.914: [GC (Allocation Failure) 9.914: [ParNew: 0K->0K(3072K), 0.0002243 secs]9.914: [CMS9.924: [CMS-concurrent-mark: 0.002/0.010 secs] [Times: user=0.00 sys=0.00, real=0.01 secs] 
 (concurrent mode failure): 5027K->931K(6848K), 0.0128057 secs] 5027K->931K(9920K), [Metaspace: 3664K->3664K(1056768K)], 0.0131159 secs] [Times: user=0.02 sys=0.00, real=0.01 secs] 
9.927: [GC (Allocation Failure) 9.927: [ParNew: 0K->0K(3072K), 0.0002369 secs]9.927: [CMS: 5027K->931K(6848K), 0.0019854 secs] 5027K->931K(9920K), [Metaspace: 3664K->3664K(1056768K)], 0.0022851 secs] [Times: user=0.00 sys=0.00, real=0.00 secs] 
9.930: [GC (CMS Initial Mark) [1 CMS-initial-mark: 5027K(6848K)] 5027K(9920K), 0.0001138 secs] [Times: user=0.00 sys=0.00, real=0.00 secs] 
9.930: [CMS-concurrent-mark-start]
9.930: [GC (Allocation Failure) 9.930: [ParNew: 0K->0K(3072K), 0.0001931 secs]9.930: [CMS9.938: [CMS-concurrent-mark: 0.002/0.008 secs] [Times: user=0.00 sys=0.00, real=0.01 secs] 
 (concurrent mode failure): 5027K->931K(6848K), 0.0112060 secs] 5027K->931K(9920K), [Metaspace: 3664K->3664K(1056768K)], 0.0114941 secs] [Times: user=0.00 sys=0.00, real=0.01 secs] 
9.942: [GC (Allocation Failure) 9.942: [ParNew: 0K->0K(3072K), 0.0002495 secs]9.942: [CMS: 5027K->931K(6848K), 0.0020399 secs] 5027K->931K(9920K), [Metaspace: 3664K->3664K(1056768K)], 0.0023633 secs] [Times: user=0.01 sys=0.00, real=0.00 secs] 
9.945: [GC (CMS Initial Mark) [1 CMS-initial-mark: 5027K(6848K)] 5027K(9920K), 0.0001285 secs] [Times: user=0.00 sys=0.00, real=0.00 secs] 
9.945: [CMS-concurrent-mark-start]
9.945: [GC (Allocation Failure) 9.945: [ParNew: 0K->0K(3072K), 0.0002358 secs]9.945: [CMS9.953: [CMS-concurrent-mark: 0.002/0.009 secs] [Times: user=0.00 sys=0.00, real=0.01 secs] 
 (concurrent mode failure): 5027K->931K(6848K), 0.0108380 secs] 5027K->931K(9920K), [Metaspace: 3664K->3664K(1056768K)], 0.0111536 secs] [Times: user=0.00 sys=0.00, real=0.01 secs] 
9.956: [GC (Allocation Failure) 9.956: [ParNew: 0K->0K(3072K), 0.0002772 secs]9.957: [CMS: 5027K->931K(6848K), 0.0025410 secs] 5027K->931K(9920K), [Metaspace: 3664K->3664K(1056768K)], 0.0029094 secs] [Times: user=0.02 sys=0.00, real=0.00 secs] 
9.960: [GC (CMS Initial Mark) [1 CMS-initial-mark: 5027K(6848K)] 5027K(9920K), 0.0001429 secs] [Times: user=0.00 sys=0.00, real=0.00 secs] 
9.960: [CMS-concurrent-mark-start]
9.960: [GC (Allocation Failure) 9.960: [ParNew: 0K->0K(3072K), 0.0003759 secs]9.960: [CMS9.969: [CMS-concurrent-mark: 0.001/0.010 secs] [Times: user=0.00 sys=0.00, real=0.01 secs] 
 (concurrent mode failure): 5027K->931K(6848K), 0.0117898 secs] 5027K->931K(9920K), [Metaspace: 3664K->3664K(1056768K)], 0.0122556 secs] [Times: user=0.00 sys=0.00, real=0.01 secs] 
9.973: [GC (Allocation Failure) 9.973: [ParNew: 0K->0K(3072K), 0.0003652 secs]9.973: [CMS: 5027K->931K(6848K), 0.0035421 secs] 5027K->931K(9920K), [Metaspace: 3664K->3664K(1056768K)], 0.0040135 secs] [Times: user=0.02 sys=0.00, real=0.00 secs] 
9.977: [GC (CMS Initial Mark) [1 CMS-initial-mark: 5027K(6848K)] 5027K(9920K), 0.0001339 secs] [Times: user=0.00 sys=0.00, real=0.00 secs] 
9.977: [CMS-concurrent-mark-start]
9.977: [GC (Allocation Failure) 9.977: [ParNew: 0K->0K(3072K), 0.0002451 secs]9.978: [CMS9.985: [CMS-concurrent-mark: 0.001/0.008 secs] [Times: user=0.00 sys=0.00, real=0.01 secs] 
 (concurrent mode failure): 5027K->931K(6848K), 0.0108937 secs] 5027K->931K(9920K), [Metaspace: 3664K->3664K(1056768K)], 0.0112245 secs] [Times: user=0.00 sys=0.00, real=0.01 secs] 
9.989: [GC (Allocation Failure) 9.989: [ParNew: 0K->0K(3072K), 0.0003566 secs]9.989: [CMS: 5027K->931K(6848K), 0.0042385 secs] 5027K->931K(9920K), [Metaspace: 3664K->3664K(1056768K)], 0.0046942 secs] [Times: user=0.00 sys=0.00, real=0.01 secs] 
9.994: [GC (CMS Initial Mark) [1 CMS-initial-mark: 5027K(6848K)] 5027K(9920K), 0.0001687 secs] [Times: user=0.00 sys=0.00, real=0.00 secs] 
9.994: [CMS-concurrent-mark-start]
9.994: [GC (Allocation Failure) 9.994: [ParNew: 0K->0K(3072K), 0.0004035 secs]9.995: [CMS10.001: [CMS-concurrent-mark: 0.001/0.007 secs] [Times: user=0.00 sys=0.00, real=0.01 secs] 
 (concurrent mode failure): 5027K->931K(6848K), 0.0083950 secs] 5027K->931K(9920K), [Metaspace: 3664K->3664K(1056768K)], 0.0088807 secs] [Times: user=0.00 sys=0.00, real=0.01 secs] 
10.004: [GC (Allocation Failure) 10.004: [ParNew: 0K->0K(3072K), 0.0002733 secs]10.004: [CMS: 5027K->931K(6848K), 0.0017893 secs] 5027K->931K(9920K), [Metaspace: 3664K->3664K(1056768K)], 0.0021237 secs] [Times: user=0.02 sys=0.00, real=0.00 secs] 
10.006: [GC (CMS Initial Mark) [1 CMS-initial-mark: 5027K(6848K)] 5027K(9920K), 0.0001174 secs] [Times: user=0.00 sys=0.00, real=0.00 secs] 
10.006: [CMS-concurrent-mark-start]
10.007: [GC (Allocation Failure) 10.007: [ParNew: 0K->0K(3072K), 0.0003353 secs]10.007: [CMS10.016: [CMS-concurrent-mark: 0.002/0.010 secs] [Times: user=0.00 sys=0.00, real=0.01 secs] 
 (concurrent mode failure): 5027K->931K(6848K), 0.0111904 secs] 5027K->931K(9920K), [Metaspace: 3664K->3664K(1056768K)], 0.0116151 secs] [Times: user=0.00 sys=0.00, real=0.01 secs] 
10.019: [GC (Allocation Failure) 10.019: [ParNew: 0K->0K(3072K), 0.0002480 secs]10.019: [CMS: 5027K->931K(6848K), 0.0022050 secs] 5027K->931K(9920K), [Metaspace: 3664K->3664K(1056768K)], 0.0025382 secs] [Times: user=0.02 sys=0.00, real=0.00 secs] 
10.021: [GC (CMS Initial Mark) [1 CMS-initial-mark: 5027K(6848K)] 5027K(9920K), 0.0001564 secs] [Times: user=0.00 sys=0.00, real=0.00 secs] 
10.022: [CMS-concurrent-mark-start]
10.022: [GC (Allocation Failure) 10.022: [ParNew: 0K->0K(3072K), 0.0002705 secs]10.022: [CMS10.031: [CMS-concurrent-mark: 0.002/0.009 secs] [Times: user=0.00 sys=0.00, real=0.01 secs] 
 (concurrent mode failure): 5027K->931K(6848K), 0.0113009 secs] 5027K->931K(9920K), [Metaspace: 3664K->3664K(1056768K)], 0.0116579 secs] [Times: user=0.00 sys=0.00, real=0.01 secs] 
10.034: [GC (Allocation Failure) 10.034: [ParNew: 0K->0K(3072K), 0.0002784 secs]10.034: [CMS: 5027K->931K(6848K), 0.0039679 secs] 5027K->931K(9920K), [Metaspace: 3664K->3664K(1056768K)], 0.0043481 secs] [Times: user=0.01 sys=0.00, real=0.00 secs] 
10.039: [GC (CMS Initial Mark) [1 CMS-initial-mark: 5027K(6848K)] 5027K(9920K), 0.0001751 secs] [Times: user=0.00 sys=0.00, real=0.00 secs] 
10.039: [CMS-concurrent-mark-start]
10.039: [GC (Allocation Failure) 10.039: [ParNew: 0K->0K(3072K), 0.0003373 secs]10.039: [CMS10.047: [CMS-concurrent-mark: 0.002/0.008 secs] [Times: user=0.00 sys=0.00, real=0.01 secs] 
 (concurrent mode failure): 5027K->931K(6848K), 0.0118742 secs] 5027K->931K(9920K), [Metaspace: 3664K->3664K(1056768K)], 0.0123048 secs] [Times: user=0.00 sys=0.00, real=0.01 secs] 
10.052: [GC (Allocation Failure) 10.052: [ParNew: 0K->0K(3072K), 0.0002997 secs]10.052: [CMS: 5027K->931K(6848K), 0.0031687 secs] 5027K->931K(9920K), [Metaspace: 3664K->3664K(1056768K)], 0.0035547 secs] [Times: user=0.00 sys=0.00, real=0.00 secs] 
10.056: [GC (CMS Initial Mark) [1 CMS-initial-mark: 5027K(6848K)] 5027K(9920K), 0.0001404 secs] [Times: user=0.00 sys=0.00, real=0.00 secs] 
10.056: [CMS-concurrent-mark-start]
10.056: [GC (Allocation Failure) 10.056: [ParNew: 0K->0K(3072K), 0.0003384 secs]10.056: [CMS10.062: [CMS-concurrent-mark: 0.002/0.006 secs] [Times: user=0.00 sys=0.00, real=0.01 secs] 
 (concurrent mode failure): 5027K->931K(6848K), 0.0081623 secs] 5027K->931K(9920K), [Metaspace: 3664K->3664K(1056768K)], 0.0085938 secs] [Times: user=0.00 sys=0.00, real=0.01 secs] 
10.065: [GC (Allocation Failure) 10.065: [ParNew: 0K->0K(3072K), 0.0002041 secs]10.065: [CMS: 5027K->931K(6848K), 0.0018282 secs] 5027K->931K(9920K), [Metaspace: 3664K->3664K(1056768K)], 0.0020943 secs] [Times: user=0.00 sys=0.00, real=0.00 secs] 
10.067: [GC (CMS Initial Mark) [1 CMS-initial-mark: 5027K(6848K)] 5027K(9920K), 0.0001037 secs] [Times: user=0.00 sys=0.00, real=0.00 secs] 
10.068: [CMS-concurrent-mark-start]
10.068: [GC (Allocation Failure) 10.068: [ParNew: 0K->0K(3072K), 0.0002979 secs]10.068: [CMS10.077: [CMS-concurrent-mark: 0.001/0.009 secs] [Times: user=0.00 sys=0.00, real=0.01 secs] 
 (concurrent mode failure): 5027K->931K(6848K), 0.0118425 secs] 5027K->931K(9920K), [Metaspace: 3664K->3664K(1056768K)], 0.0122398 secs] [Times: user=0.00 sys=0.00, real=0.01 secs] 
10.080: [GC (Allocation Failure) 10.080: [ParNew: 0K->0K(3072K), 0.0002832 secs]10.081: [CMS: 5027K->931K(6848K), 0.0020304 secs] 5027K->931K(9920K), [Metaspace: 3664K->3664K(1056768K)], 0.0023802 secs] [Times: user=0.02 sys=0.00, real=0.00 secs] 
10.083: [GC (CMS Initial Mark) [1 CMS-initial-mark: 5027K(6848K)] 5027K(9920K), 0.0001151 secs] [Times: user=0.00 sys=0.00, real=0.00 secs] 
10.083: [CMS-concurrent-mark-start]
10.083: [GC (Allocation Failure) 10.083: [ParNew: 0K->0K(3072K), 0.0002317 secs]10.083: [CMS10.092: [CMS-concurrent-mark: 0.002/0.009 secs] [Times: user=0.00 sys=0.00, real=0.01 secs] 
 (concurrent mode failure): 5027K->931K(6848K), 0.0113143 secs] 5027K->931K(9920K), [Metaspace: 3664K->3664K(1056768K)], 0.0116357 secs] [Times: user=0.00 sys=0.00, real=0.01 secs] 
10.095: [GC (Allocation Failure) 10.095: [ParNew: 0K->0K(3072K), 0.0002317 secs]10.096: [CMS: 5027K->931K(6848K), 0.0025082 secs] 5027K->931K(9920K), [Metaspace: 3664K->3664K(1056768K)], 0.0028273 secs] [Times: user=0.00 sys=0.00, real=0.00 secs] 
10.098: [GC (CMS Initial Mark) [1 CMS-initial-mark: 5027K(6848K)] 5027K(9920K), 0.0002199 secs] [Times: user=0.00 sys=0.01, real=0.00 secs] 
10.099: [CMS-concurrent-mark-start]
10.099: [GC (Allocation Failure) 10.099: [ParNew: 0K->0K(3072K), 0.0003068 secs]10.099: [CMS10.108: [CMS-concurrent-mark: 0.002/0.009 secs] [Times: user=0.00 sys=0.00, real=0.01 secs] 
 (concurrent mode failure): 5027K->931K(6848K), 0.0120862 secs] 5027K->931K(9920K), [Metaspace: 3664K->3664K(1056768K)], 0.0124676 secs] [Times: user=0.00 sys=0.00, real=0.01 secs] 
10.112: [GC (Allocation Failure) 10.112: [ParNew: 0K->0K(3072K), 0.0002258 secs]10.112: [CMS: 5027K->931K(6848K), 0.0021372 secs] 5027K->931K(9920K), [Metaspace: 3664K->3664K(1056768K)], 0.0024373 secs] [Times: user=0.02 sys=0.00, real=0.00 secs] 
10.114: [GC (CMS Initial Mark) [1 CMS-initial-mark: 5027K(6848K)] 5027K(9920K), 0.0001175 secs] [Times: user=0.00 sys=0.00, real=0.00 secs] 
10.114: [CMS-concurrent-mark-start]
10.115: [GC (Allocation Failure) 10.115: [ParNew: 0K->0K(3072K), 0.0002090 secs]10.115: [CMS10.123: [CMS-concurrent-mark: 0.001/0.008 secs] [Times: user=0.00 sys=0.00, real=0.01 secs] 
 (concurrent mode failure): 5027K->931K(6848K), 0.0108949 secs] 5027K->931K(9920K), [Metaspace: 3664K->3664K(1056768K)], 0.0111883 secs] [Times: user=0.00 sys=0.00, real=0.01 secs] 
10.126: [GC (Allocation Failure) 10.126: [ParNew: 0K->0K(3072K), 0.0002323 secs]10.126: [CMS: 5027K->931K(6848K), 0.0019830 secs] 5027K->931K(9920K), [Metaspace: 3664K->3664K(1056768K)], 0.0022846 secs] [Times: user=0.00 sys=0.00, real=0.00 secs] 
10.129: [GC (CMS Initial Mark) [1 CMS-initial-mark: 5027K(6848K)] 5027K(9920K), 0.0001071 secs] [Times: user=0.00 sys=0.00, real=0.00 secs] 
10.129: [CMS-concurrent-mark-start]
10.129: [GC (Allocation Failure) 10.129: [ParNew: 0K->0K(3072K), 0.0002184 secs]10.129: [CMS10.139: [CMS-concurrent-mark: 0.002/0.010 secs] [Times: user=0.00 sys=0.00, real=0.01 secs] 
 (concurrent mode failure): 5027K->931K(6848K), 0.0125993 secs] 5027K->931K(9920K), [Metaspace: 3664K->3664K(1056768K)], 0.0129107 secs] [Times: user=0.00 sys=0.00, real=0.01 secs] 
10.142: [GC (Allocation Failure) 10.142: [ParNew: 0K->0K(3072K), 0.0002120 secs]10.142: [CMS: 5027K->931K(6848K), 0.0019075 secs] 5027K->931K(9920K), [Metaspace: 3664K->3664K(1056768K)], 0.0021808 secs] [Times: user=0.00 sys=0.00, real=0.00 secs] 
10.145: [GC (CMS Initial Mark) [1 CMS-initial-mark: 5027K(6848K)] 5027K(9920K), 0.0001094 secs] [Times: user=0.00 sys=0.00, real=0.00 secs] 
10.145: [CMS-concurrent-mark-start]
10.145: [GC (Allocation Failure) 10.145: [ParNew: 0K->0K(3072K), 0.0002200 secs]10.145: [CMS10.155: [CMS-concurrent-mark: 0.002/0.010 secs] [Times: user=0.13 sys=0.00, real=0.01 secs] 
 (concurrent mode failure): 5027K->931K(6848K), 0.0122040 secs] 5027K->931K(9920K), [Metaspace: 3664K->3664K(1056768K)], 0.0125098 secs] [Times: user=0.13 sys=0.00, real=0.01 secs] 
10.158: [GC (Allocation Failure) 10.158: [ParNew: 0K->0K(3072K), 0.0001998 secs]10.158: [CMS: 5027K->931K(6848K), 0.0021337 secs] 5027K->931K(9920K), [Metaspace: 3664K->3664K(1056768K)], 0.0024171 secs] [Times: user=0.00 sys=0.00, real=0.00 secs] 
10.161: [GC (CMS Initial Mark) [1 CMS-initial-mark: 5027K(6848K)] 5027K(9920K), 0.0001148 secs] [Times: user=0.00 sys=0.02, real=0.00 secs] 
10.161: [CMS-concurrent-mark-start]
10.161: [GC (Allocation Failure) 10.161: [ParNew: 0K->0K(3072K), 0.0002137 secs]10.161: [CMS10.174: [CMS-concurrent-mark: 0.005/0.013 secs] [Times: user=0.00 sys=0.00, real=0.01 secs] 
 (concurrent mode failure): 5027K->931K(6848K), 0.0166579 secs] 5027K->931K(9920K), [Metaspace: 3664K->3664K(1056768K)], 0.0169497 secs] [Times: user=0.02 sys=0.00, real=0.02 secs] 
10.178: [GC (Allocation Failure) 10.178: [ParNew: 0K->0K(3072K), 0.0003393 secs]10.178: [CMS: 5027K->931K(6848K), 0.0027191 secs] 5027K->931K(9920K), [Metaspace: 3664K->3664K(1056768K)], 0.0031400 secs] [Times: user=0.00 sys=0.00, real=0.00 secs] 
10.182: [GC (CMS Initial Mark) [1 CMS-initial-mark: 5027K(6848K)] 5027K(9920K), 0.0002370 secs] [Times: user=0.00 sys=0.00, real=0.00 secs] 
10.182: [CMS-concurrent-mark-start]
10.182: [GC (Allocation Failure) 10.182: [ParNew: 0K->0K(3072K), 0.0003580 secs]10.182: [CMS10.187: [CMS-concurrent-mark: 0.002/0.005 secs] [Times: user=0.00 sys=0.00, real=0.00 secs] 
 (concurrent mode failure): 5027K->931K(6848K), 0.0066193 secs] 5027K->931K(9920K), [Metaspace: 3664K->3664K(1056768K)], 0.0070600 secs] [Times: user=0.00 sys=0.00, real=0.01 secs] 
10.189: [GC (Allocation Failure) 10.189: [ParNew: 0K->0K(3072K), 0.0002592 secs]10.190: [CMS: 5027K->931K(6848K), 0.0031662 secs] 5027K->931K(9920K), [Metaspace: 3664K->3664K(1056768K)], 0.0035171 secs] [Times: user=0.02 sys=0.00, real=0.00 secs] 
10.193: [GC (CMS Initial Mark) [1 CMS-initial-mark: 5027K(6848K)] 5027K(9920K), 0.0002593 secs] [Times: user=0.00 sys=0.00, real=0.00 secs] 
10.194: [CMS-concurrent-mark-start]
10.194: [GC (Allocation Failure) 10.194: [ParNew: 0K->0K(3072K), 0.0002831 secs]10.194: [CMS10.202: [CMS-concurrent-mark: 0.001/0.008 secs] [Times: user=0.00 sys=0.00, real=0.01 secs] 
 (concurrent mode failure): 5027K->931K(6848K), 0.0106936 secs] 5027K->931K(9920K), [Metaspace: 3664K->3664K(1056768K)], 0.0110585 secs] [Times: user=0.00 sys=0.00, real=0.01 secs] 
10.205: [GC (Allocation Failure) 10.205: [ParNew: 0K->0K(3072K), 0.0002701 secs]10.205: [CMS: 5027K->931K(6848K), 0.0030666 secs] 5027K->931K(9920K), [Metaspace: 3664K->3664K(1056768K)], 0.0034113 secs] [Times: user=0.02 sys=0.00, real=0.00 secs] 
10.209: [GC (CMS Initial Mark) [1 CMS-initial-mark: 5027K(6848K)] 5027K(9920K), 0.0001697 secs] [Times: user=0.00 sys=0.00, real=0.00 secs] 
10.209: [CMS-concurrent-mark-start]
10.209: [GC (Allocation Failure) 10.209: [ParNew: 0K->0K(3072K), 0.0002774 secs]10.210: [CMS10.217: [CMS-concurrent-mark: 0.001/0.007 secs] [Times: user=0.00 sys=0.00, real=0.01 secs] 
 (concurrent mode failure): 5027K->931K(6848K), 0.0090773 secs] 5027K->931K(9920K), [Metaspace: 3664K->3664K(1056768K)], 0.0094411 secs] [Times: user=0.00 sys=0.00, real=0.01 secs] 
10.219: [GC (Allocation Failure) 10.219: [ParNew: 0K->0K(3072K), 0.0002488 secs]10.219: [CMS: 5027K->931K(6848K), 0.0018103 secs] 5027K->931K(9920K), [Metaspace: 3664K->3664K(1056768K)], 0.0021223 secs] [Times: user=0.00 sys=0.00, real=0.00 secs] 
10.221: [GC (CMS Initial Mark) [1 CMS-initial-mark: 5027K(6848K)] 5027K(9920K), 0.0002691 secs] [Times: user=0.00 sys=0.00, real=0.00 secs] 
10.222: [CMS-concurrent-mark-start]
10.222: [GC (Allocation Failure) 10.222: [ParNew: 0K->0K(3072K), 0.0002443 secs]10.222: [CMS10.232: [CMS-concurrent-mark: 0.002/0.011 secs] [Times: user=0.00 sys=0.00, real=0.01 secs] 
 (concurrent mode failure): 5027K->931K(6848K), 0.0127194 secs] 5027K->931K(9920K), [Metaspace: 3664K->3664K(1056768K)], 0.0130375 secs] [Times: user=0.00 sys=0.00, real=0.01 secs] 
10.235: [GC (Allocation Failure) 10.235: [ParNew: 0K->0K(3072K), 0.0002314 secs]10.235: [CMS: 5027K->931K(6848K), 0.0027018 secs] 5027K->931K(9920K), [Metaspace: 3664K->3664K(1056768K)], 0.0030124 secs] [Times: user=0.00 sys=0.00, real=0.00 secs] 
10.239: [GC (CMS Initial Mark) [1 CMS-initial-mark: 5027K(6848K)] 5027K(9920K), 0.0000931 secs] [Times: user=0.00 sys=0.00, real=0.00 secs] 
10.239: [CMS-concurrent-mark-start]
10.239: [GC (Allocation Failure) 10.239: [ParNew: 0K->0K(3072K), 0.0002237 secs]10.239: [CMS10.248: [CMS-concurrent-mark: 0.002/0.009 secs] [Times: user=0.00 sys=0.02, real=0.01 secs] 
 (concurrent mode failure): 5027K->931K(6848K), 0.0120163 secs] 5027K->931K(9920K), [Metaspace: 3664K->3664K(1056768K)], 0.0123268 secs] [Times: user=0.00 sys=0.02, real=0.01 secs] 
10.251: [GC (Allocation Failure) 10.251: [ParNew: 0K->0K(3072K), 0.0002429 secs]10.252: [CMS: 5027K->931K(6848K), 0.0025376 secs] 5027K->931K(9920K), [Metaspace: 3664K->3664K(1056768K)], 0.0028734 secs] [Times: user=0.00 sys=0.00, real=0.00 secs] 
10.255: [GC (CMS Initial Mark) [1 CMS-initial-mark: 5027K(6848K)] 5027K(9920K), 0.0001193 secs] [Times: user=0.03 sys=0.00, real=0.00 secs] 
10.255: [CMS-concurrent-mark-start]
10.255: [GC (Allocation Failure) 10.255: [ParNew: 0K->0K(3072K), 0.0002261 secs]10.255: [CMS10.263: [CMS-concurrent-mark: 0.002/0.009 secs] [Times: user=0.00 sys=0.00, real=0.01 secs] 
 (concurrent mode failure): 5027K->931K(6848K), 0.0105684 secs] 5027K->931K(9920K), [Metaspace: 3664K->3664K(1056768K)], 0.0108624 secs] [Times: user=0.00 sys=0.00, real=0.01 secs] 
10.266: [GC (Allocation Failure) 10.266: [ParNew: 0K->0K(3072K), 0.0001899 secs]10.266: [CMS: 5027K->931K(6848K), 0.0017069 secs] 5027K->931K(9920K), [Metaspace: 3664K->3664K(1056768K)], 0.0019592 secs] [Times: user=0.00 sys=0.00, real=0.00 secs] 
10.268: [GC (CMS Initial Mark) [1 CMS-initial-mark: 5027K(6848K)] 5027K(9920K), 0.0000854 secs] [Times: user=0.00 sys=0.00, real=0.00 secs] 
10.268: [CMS-concurrent-mark-start]
10.268: [GC (Allocation Failure) 10.269: [ParNew: 0K->0K(3072K), 0.0001979 secs]10.269: [CMS10.279: [CMS-concurrent-mark: 0.001/0.010 secs] [Times: user=0.00 sys=0.00, real=0.01 secs] 
 (concurrent mode failure): 5027K->931K(6848K), 0.0128111 secs] 5027K->931K(9920K), [Metaspace: 3664K->3664K(1056768K)], 0.0130930 secs] [Times: user=0.00 sys=0.00, real=0.01 secs] 
10.282: [GC (Allocation Failure) 10.282: [ParNew: 0K->0K(3072K), 0.0002699 secs]10.282: [CMS: 5027K->931K(6848K), 0.0022682 secs] 5027K->931K(9920K), [Metaspace: 3664K->3664K(1056768K)], 0.0026095 secs] [Times: user=0.00 sys=0.00, real=0.00 secs] 
10.285: [GC (CMS Initial Mark) [1 CMS-initial-mark: 5027K(6848K)] 5027K(9920K), 0.0002110 secs] [Times: user=0.00 sys=0.00, real=0.00 secs] 
10.285: [CMS-concurrent-mark-start]
10.285: [GC (Allocation Failure) 10.285: [ParNew: 0K->0K(3072K), 0.0002971 secs]10.286: [CMS10.294: [CMS-concurrent-mark: 0.002/0.009 secs] [Times: user=0.00 sys=0.00, real=0.01 secs] 
 (concurrent mode failure): 5027K->931K(6848K), 0.0112328 secs] 5027K->931K(9920K), [Metaspace: 3664K->3664K(1056768K)], 0.0116301 secs] [Times: user=0.00 sys=0.00, real=0.01 secs] 
10.297: [GC (Allocation Failure) 10.297: [ParNew: 0K->0K(3072K), 0.0003352 secs]10.298: [CMS: 5027K->931K(6848K), 0.0022147 secs] 5027K->931K(9920K), [Metaspace: 3664K->3664K(1056768K)], 0.0026361 secs] [Times: user=0.00 sys=0.00, real=0.00 secs] 
10.300: [GC (CMS Initial Mark) [1 CMS-initial-mark: 5027K(6848K)] 5027K(9920K), 0.0001443 secs] [Times: user=0.00 sys=0.00, real=0.00 secs] 
10.301: [CMS-concurrent-mark-start]
10.301: [GC (Allocation Failure) 10.301: [ParNew: 0K->0K(3072K), 0.0003015 secs]10.301: [CMS10.310: [CMS-concurrent-mark: 0.003/0.010 secs] [Times: user=0.00 sys=0.00, real=0.01 secs] 
 (concurrent mode failure): 5027K->931K(6848K), 0.0138931 secs] 5027K->931K(9920K), [Metaspace: 3664K->3664K(1056768K)], 0.0142768 secs] [Times: user=0.00 sys=0.00, real=0.01 secs] 
10.315: [GC (Allocation Failure) 10.315: [ParNew: 0K->0K(3072K), 0.0002928 secs]10.316: [CMS: 5027K->931K(6848K), 0.0034272 secs] 5027K->931K(9920K), [Metaspace: 3664K->3664K(1056768K)], 0.0038121 secs] [Times: user=0.01 sys=0.00, real=0.00 secs] 
10.320: [GC (CMS Initial Mark) [1 CMS-initial-mark: 5027K(6848K)] 5027K(9920K), 0.0002101 secs] [Times: user=0.00 sys=0.00, real=0.00 secs] 
10.320: [CMS-concurrent-mark-start]
10.320: [GC (Allocation Failure) 10.320: [ParNew: 0K->0K(3072K), 0.0002754 secs]10.321: [CMS10.326: [CMS-concurrent-mark: 0.002/0.006 secs] [Times: user=0.00 sys=0.00, real=0.00 secs] 
 (concurrent mode failure): 5027K->931K(6848K), 0.0087602 secs] 5027K->931K(9920K), [Metaspace: 3664K->3664K(1056768K)], 0.0091318 secs] [Times: user=0.00 sys=0.00, real=0.01 secs] 
10.330: [GC (Allocation Failure) 10.330: [ParNew: 0K->0K(3072K), 0.0002781 secs]10.330: [CMS: 5027K->931K(6848K), 0.0021753 secs] 5027K->931K(9920K), [Metaspace: 3664K->3664K(1056768K)], 0.0025151 secs] [Times: user=0.00 sys=0.00, real=0.00 secs] 
10.333: [GC (CMS Initial Mark) [1 CMS-initial-mark: 5027K(6848K)] 5027K(9920K), 0.0002746 secs] [Times: user=0.00 sys=0.00, real=0.00 secs] 
10.333: [CMS-concurrent-mark-start]
10.333: [GC (Allocation Failure) 10.333: [ParNew: 0K->0K(3072K), 0.0002582 secs]10.334: [CMS10.341: [CMS-concurrent-mark: 0.002/0.008 secs] [Times: user=0.11 sys=0.00, real=0.01 secs] 
 (concurrent mode failure): 5027K->931K(6848K), 0.0111353 secs] 5027K->931K(9920K), [Metaspace: 3664K->3664K(1056768K)], 0.0114672 secs] [Times: user=0.11 sys=0.00, real=0.01 secs] 
10.345: [GC (Allocation Failure) 10.345: [ParNew: 0K->0K(3072K), 0.0002351 secs]10.345: [CMS: 5027K->931K(6848K), 0.0019057 secs] 5027K->931K(9920K), [Metaspace: 3664K->3664K(1056768K)], 0.0022060 secs] [Times: user=0.00 sys=0.00, real=0.00 secs] 
10.348: [GC (CMS Initial Mark) [1 CMS-initial-mark: 5027K(6848K)] 5027K(9920K), 0.0002415 secs] [Times: user=0.00 sys=0.00, real=0.00 secs] 
10.348: [CMS-concurrent-mark-start]
10.348: [GC (Allocation Failure) 10.348: [ParNew: 0K->0K(3072K), 0.0003099 secs]10.348: [CMS10.357: [CMS-concurrent-mark: 0.002/0.009 secs] [Times: user=0.00 sys=0.00, real=0.01 secs] 
 (concurrent mode failure): 5027K->931K(6848K), 0.0114191 secs] 5027K->931K(9920K), [Metaspace: 3664K->3664K(1056768K)], 0.0118138 secs] [Times: user=0.00 sys=0.00, real=0.01 secs] 
10.360: [GC (Allocation Failure) 10.360: [ParNew: 0K->0K(3072K), 0.0003928 secs]10.361: [CMS: 5027K->931K(6848K), 0.0022889 secs] 5027K->931K(9920K), [Metaspace: 3664K->3664K(1056768K)], 0.0027951 secs] [Times: user=0.00 sys=0.00, real=0.00 secs] 
10.364: [GC (CMS Initial Mark) [1 CMS-initial-mark: 5027K(6848K)] 5027K(9920K), 0.0001319 secs] [Times: user=0.00 sys=0.00, real=0.00 secs] 
10.364: [CMS-concurrent-mark-start]
10.364: [GC (Allocation Failure) 10.364: [ParNew: 0K->0K(3072K), 0.0002460 secs]10.364: [CMS10.373: [CMS-concurrent-mark: 0.002/0.009 secs] [Times: user=0.00 sys=0.00, real=0.01 secs] 
 (concurrent mode failure): 5027K->931K(6848K), 0.0118602 secs] 5027K->931K(9920K), [Metaspace: 3664K->3664K(1056768K)], 0.0121796 secs] [Times: user=0.00 sys=0.00, real=0.01 secs] 
10.376: [GC (Allocation Failure) 10.376: [ParNew: 0K->0K(3072K), 0.0002796 secs]10.377: [CMS: 5027K->931K(6848K), 0.0019934 secs] 5027K->931K(9920K), [Metaspace: 3664K->3664K(1056768K)], 0.0023627 secs] [Times: user=0.00 sys=0.00, real=0.00 secs] 
10.379: [GC (CMS Initial Mark) [1 CMS-initial-mark: 5027K(6848K)] 5027K(9920K), 0.0002065 secs] [Times: user=0.00 sys=0.00, real=0.00 secs] 
10.379: [CMS-concurrent-mark-start]
10.379: [GC (Allocation Failure) 10.379: [ParNew: 0K->0K(3072K), 0.0002776 secs]10.380: [CMS10.388: [CMS-concurrent-mark: 0.001/0.009 secs] [Times: user=0.01 sys=0.00, real=0.01 secs] 
 (concurrent mode failure): 5027K->931K(6848K), 0.0117682 secs] 5027K->931K(9920K), [Metaspace: 3664K->3664K(1056768K)], 0.0121186 secs] [Times: user=0.01 sys=0.00, real=0.01 secs] 
10.392: [GC (Allocation Failure) 10.392: [ParNew: 0K->0K(3072K), 0.0003540 secs]10.393: [CMS: 5027K->931K(6848K), 0.0031576 secs] 5027K->931K(9920K), [Metaspace: 3664K->3664K(1056768K)], 0.0036331 secs] [Times: user=0.02 sys=0.00, real=0.00 secs] 
10.396: [GC (CMS Initial Mark) [1 CMS-initial-mark: 5027K(6848K)] 5027K(9920K), 0.0001167 secs] [Times: user=0.00 sys=0.00, real=0.00 secs] 
10.396: [CMS-concurrent-mark-start]
10.397: [GC (Allocation Failure) 10.397: [ParNew: 0K->0K(3072K), 0.0003876 secs]10.397: [CMS10.404: [CMS-concurrent-mark: 0.002/0.007 secs] [Times: user=0.00 sys=0.00, real=0.01 secs] 
 (concurrent mode failure): 5027K->931K(6848K), 0.0106130 secs] 5027K->931K(9920K), [Metaspace: 3664K->3664K(1056768K)], 0.0111098 secs] [Times: user=0.00 sys=0.00, real=0.01 secs] 
10.408: [GC (Allocation Failure) 10.408: [ParNew: 0K->0K(3072K), 0.0004598 secs]10.409: [CMS: 5027K->931K(6848K), 0.0022674 secs] 5027K->931K(9920K), [Metaspace: 3664K->3664K(1056768K)], 0.0028149 secs] [Times: user=0.00 sys=0.00, real=0.00 secs] 
10.411: [GC (CMS Initial Mark) [1 CMS-initial-mark: 5027K(6848K)] 5027K(9920K), 0.0001519 secs] [Times: user=0.00 sys=0.00, real=0.00 secs] 
10.411: [CMS-concurrent-mark-start]
10.412: [GC (Allocation Failure) 10.412: [ParNew: 0K->0K(3072K), 0.0002199 secs]10.412: [CMS10.419: [CMS-concurrent-mark: 0.001/0.008 secs] [Times: user=0.00 sys=0.00, real=0.01 secs] 
 (concurrent mode failure): 5027K->931K(6848K), 0.0093778 secs] 5027K->931K(9920K), [Metaspace: 3664K->3664K(1056768K)], 0.0096645 secs] [Times: user=0.00 sys=0.00, real=0.01 secs] 
10.422: [GC (Allocation Failure) 10.422: [ParNew: 0K->0K(3072K), 0.0001968 secs]10.422: [CMS: 5027K->931K(6848K), 0.0030281 secs] 5027K->931K(9920K), [Metaspace: 3664K->3664K(1056768K)], 0.0033207 secs] [Times: user=0.00 sys=0.00, real=0.00 secs] 
10.425: [GC (CMS Initial Mark) [1 CMS-initial-mark: 5027K(6848K)] 5027K(9920K), 0.0002062 secs] [Times: user=0.00 sys=0.00, real=0.00 secs] 
10.426: [CMS-concurrent-mark-start]
10.426: [GC (Allocation Failure) 10.426: [ParNew: 0K->0K(3072K), 0.0003098 secs]10.426: [CMS10.435: [CMS-concurrent-mark: 0.002/0.009 secs] [Times: user=0.00 sys=0.00, real=0.01 secs] 
 (concurrent mode failure): 5027K->931K(6848K), 0.0113125 secs] 5027K->931K(9920K), [Metaspace: 3664K->3664K(1056768K)], 0.0116997 secs] [Times: user=0.00 sys=0.00, real=0.01 secs] 
10.438: [GC (Allocation Failure) 10.438: [ParNew: 0K->0K(3072K), 0.0002505 secs]10.438: [CMS: 5027K->931K(6848K), 0.0028821 secs] 5027K->931K(9920K), [Metaspace: 3664K->3664K(1056768K)], 0.0033584 secs] [Times: user=0.00 sys=0.00, real=0.00 secs] 
10.442: [GC (CMS Initial Mark) [1 CMS-initial-mark: 5027K(6848K)] 5027K(9920K), 0.0001175 secs] [Times: user=0.00 sys=0.00, real=0.00 secs] 
10.442: [CMS-concurrent-mark-start]
10.442: [GC (Allocation Failure) 10.442: [ParNew: 0K->0K(3072K), 0.0002596 secs]10.442: [CMS10.451: [CMS-concurrent-mark: 0.001/0.009 secs] [Times: user=0.05 sys=0.02, real=0.01 secs] 
 (concurrent mode failure): 5027K->931K(6848K), 0.0110132 secs] 5027K->931K(9920K), [Metaspace: 3664K->3664K(1056768K)], 0.0113530 secs] [Times: user=0.05 sys=0.02, real=0.01 secs] 
10.454: [GC (Allocation Failure) 10.454: [ParNew: 0K->0K(3072K), 0.0002146 secs]10.454: [CMS: 5027K->931K(6848K), 0.0020699 secs] 5027K->931K(9920K), [Metaspace: 3664K->3664K(1056768K)], 0.0023688 secs] [Times: user=0.00 sys=0.00, real=0.00 secs] 
10.457: [GC (CMS Initial Mark) [1 CMS-initial-mark: 5027K(6848K)] 5027K(9920K), 0.0002001 secs] [Times: user=0.00 sys=0.00, real=0.00 secs] 
10.457: [CMS-concurrent-mark-start]
10.457: [GC (Allocation Failure) 10.457: [ParNew: 0K->0K(3072K), 0.0002882 secs]10.457: [CMS10.467: [CMS-concurrent-mark: 0.002/0.010 secs] [Times: user=0.00 sys=0.00, real=0.01 secs] 
 (concurrent mode failure): 5027K->931K(6848K), 0.0117797 secs] 5027K->931K(9920K), [Metaspace: 3664K->3664K(1056768K)], 0.0121920 secs] [Times: user=0.00 sys=0.00, real=0.01 secs] 
10.469: [GC (Allocation Failure) 10.470: [ParNew: 0K->0K(3072K), 0.0002649 secs]10.470: [CMS: 5027K->931K(6848K), 0.0020658 secs] 5027K->931K(9920K), [Metaspace: 3664K->3664K(1056768K)], 0.0023960 secs] [Times: user=0.00 sys=0.00, real=0.00 secs] 
10.472: [GC (CMS Initial Mark) [1 CMS-initial-mark: 5027K(6848K)] 5027K(9920K), 0.0001151 secs] [Times: user=0.00 sys=0.00, real=0.00 secs] 
10.472: [CMS-concurrent-mark-start]
10.472: [GC (Allocation Failure) 10.472: [ParNew: 0K->0K(3072K), 0.0003115 secs]10.473: [CMS10.482: [CMS-concurrent-mark: 0.002/0.010 secs] [Times: user=0.00 sys=0.00, real=0.01 secs] 
 (concurrent mode failure): 5027K->931K(6848K), 0.0118160 secs] 5027K->931K(9920K), [Metaspace: 3664K->3664K(1056768K)], 0.0122046 secs] [Times: user=0.00 sys=0.00, real=0.01 secs] 
10.485: [GC (Allocation Failure) 10.485: [ParNew: 0K->0K(3072K), 0.0002392 secs]10.485: [CMS: 5027K->931K(6848K), 0.0021169 secs] 5027K->931K(9920K), [Metaspace: 3664K->3664K(1056768K)], 0.0024313 secs] [Times: user=0.00 sys=0.00, real=0.00 secs] 
10.488: [GC (CMS Initial Mark) [1 CMS-initial-mark: 5027K(6848K)] 5027K(9920K), 0.0001361 secs] [Times: user=0.00 sys=0.00, real=0.00 secs] 
10.488: [CMS-concurrent-mark-start]
10.488: [GC (Allocation Failure) 10.488: [ParNew: 0K->0K(3072K), 0.0002243 secs]10.488: [CMS10.498: [CMS-concurrent-mark: 0.002/0.010 secs] [Times: user=0.00 sys=0.00, real=0.01 secs] 
 (concurrent mode failure): 5027K->931K(6848K), 0.0125856 secs] 5027K->931K(9920K), [Metaspace: 3664K->3664K(1056768K)], 0.0129097 secs] [Times: user=0.00 sys=0.00, real=0.01 secs] 
10.501: [GC (Allocation Failure) 10.501: [ParNew: 0K->0K(3072K), 0.0002465 secs]10.502: [CMS: 5027K->931K(6848K), 0.0027636 secs] 5027K->931K(9920K), [Metaspace: 3664K->3664K(1056768K)], 0.0031250 secs] [Times: user=0.00 sys=0.00, real=0.00 secs] 
10.505: [GC (CMS Initial Mark) [1 CMS-initial-mark: 5027K(6848K)] 5027K(9920K), 0.0001254 secs] [Times: user=0.00 sys=0.00, real=0.00 secs] 
10.505: [CMS-concurrent-mark-start]
10.505: [GC (Allocation Failure) 10.505: [ParNew: 0K->0K(3072K), 0.0002768 secs]10.506: [CMS10.514: [CMS-concurrent-mark: 0.002/0.009 secs] [Times: user=0.00 sys=0.00, real=0.01 secs] 
 (concurrent mode failure): 5027K->931K(6848K), 0.0109930 secs] 5027K->931K(9920K), [Metaspace: 3664K->3664K(1056768K)], 0.0113519 secs] [Times: user=0.00 sys=0.00, real=0.01 secs] 
10.517: [GC (Allocation Failure) 10.517: [ParNew: 0K->0K(3072K), 0.0002652 secs]10.517: [CMS: 5027K->931K(6848K), 0.0022027 secs] 5027K->931K(9920K), [Metaspace: 3664K->3664K(1056768K)], 0.0025391 secs] [Times: user=0.00 sys=0.00, real=0.00 secs] 
10.520: [GC (CMS Initial Mark) [1 CMS-initial-mark: 5027K(6848K)] 5027K(9920K), 0.0002744 secs] [Times: user=0.00 sys=0.00, real=0.00 secs] 
10.520: [CMS-concurrent-mark-start]
10.520: [GC (Allocation Failure) 10.520: [ParNew: 0K->0K(3072K), 0.0002881 secs]10.521: [CMS10.531: [CMS-concurrent-mark: 0.002/0.010 secs] [Times: user=0.00 sys=0.02, real=0.01 secs] 
 (concurrent mode failure): 5027K->931K(6848K), 0.0125607 secs] 5027K->931K(9920K), [Metaspace: 3664K->3664K(1056768K)], 0.0129243 secs] [Times: user=0.00 sys=0.02, real=0.01 secs] 
10.534: [GC (Allocation Failure) 10.534: [ParNew: 0K->0K(3072K), 0.0002097 secs]10.534: [CMS: 5027K->931K(6848K), 0.0017504 secs] 5027K->931K(9920K), [Metaspace: 3664K->3664K(1056768K)], 0.0020163 secs] [Times: user=0.00 sys=0.00, real=0.00 secs] 
10.536: [GC (CMS Initial Mark) [1 CMS-initial-mark: 5027K(6848K)] 5027K(9920K), 0.0002931 secs] [Times: user=0.00 sys=0.00, real=0.00 secs] 
10.536: [CMS-concurrent-mark-start]
10.537: [GC (Allocation Failure) 10.537: [ParNew: 0K->0K(3072K), 0.0002947 secs]10.537: [CMS10.546: [CMS-concurrent-mark: 0.002/0.010 secs] [Times: user=0.00 sys=0.00, real=0.01 secs] 
 (concurrent mode failure): 5027K->931K(6848K), 0.0127943 secs] 5027K->931K(9920K), [Metaspace: 3664K->3664K(1056768K)], 0.0131517 secs] [Times: user=0.00 sys=0.00, real=0.01 secs] 
10.550: [GC (Allocation Failure) 10.550: [ParNew: 0K->0K(3072K), 0.0002712 secs]10.550: [CMS: 5027K->931K(6848K), 0.0024641 secs] 5027K->931K(9920K), [Metaspace: 3664K->3664K(1056768K)], 0.0028080 secs] [Times: user=0.01 sys=0.00, real=0.00 secs] 
10.553: [GC (CMS Initial Mark) [1 CMS-initial-mark: 5027K(6848K)] 5027K(9920K), 0.0001296 secs] [Times: user=0.00 sys=0.00, real=0.00 secs] 
10.553: [CMS-concurrent-mark-start]
10.554: [GC (Allocation Failure) 10.554: [ParNew: 0K->0K(3072K), 0.0002440 secs]10.554: [CMS10.561: [CMS-concurrent-mark: 0.001/0.008 secs] [Times: user=0.00 sys=0.00, real=0.01 secs] 
 (concurrent mode failure): 5027K->931K(6848K), 0.0094410 secs] 5027K->931K(9920K), [Metaspace: 3664K->3664K(1056768K)], 0.0097668 secs] [Times: user=0.00 sys=0.00, real=0.01 secs] 
10.564: [GC (Allocation Failure) 10.564: [ParNew: 0K->0K(3072K), 0.0002725 secs]10.564: [CMS: 5027K->931K(6848K), 0.0027231 secs] 5027K->931K(9920K), [Metaspace: 3664K->3664K(1056768K)], 0.0030759 secs] [Times: user=0.00 sys=0.00, real=0.00 secs] 
10.567: [GC (CMS Initial Mark) [1 CMS-initial-mark: 5027K(6848K)] 5027K(9920K), 0.0001272 secs] [Times: user=0.00 sys=0.00, real=0.00 secs] 
10.567: [CMS-concurrent-mark-start]
10.567: [GC (Allocation Failure) 10.567: [ParNew: 0K->0K(3072K), 0.0002275 secs]10.568: [CMS10.577: [CMS-concurrent-mark: 0.002/0.010 secs] [Times: user=0.00 sys=0.02, real=0.01 secs] 
 (concurrent mode failure): 5027K->931K(6848K), 0.0118150 secs] 5027K->931K(9920K), [Metaspace: 3664K->3664K(1056768K)], 0.0121112 secs] [Times: user=0.00 sys=0.02, real=0.01 secs] 
10.580: [GC (Allocation Failure) 10.580: [ParNew: 0K->0K(3072K), 0.0002795 secs]10.580: [CMS: 5027K->931K(6848K), 0.0027424 secs] 5027K->931K(9920K), [Metaspace: 3664K->3664K(1056768K)], 0.0030960 secs] [Times: user=0.02 sys=0.00, real=0.00 secs] 
10.583: [GC (CMS Initial Mark) [1 CMS-initial-mark: 5027K(6848K)] 5027K(9920K), 0.0001208 secs] [Times: user=0.00 sys=0.00, real=0.00 secs] 
10.583: [CMS-concurrent-mark-start]
10.583: [GC (Allocation Failure) 10.583: [ParNew: 0K->0K(3072K), 0.0002398 secs]10.584: [CMS10.593: [CMS-concurrent-mark: 0.002/0.010 secs] [Times: user=0.00 sys=0.00, real=0.01 secs] 
 (concurrent mode failure): 5027K->931K(6848K), 0.0127609 secs] 5027K->931K(9920K), [Metaspace: 3664K->3664K(1056768K)], 0.0130814 secs] [Times: user=0.00 sys=0.00, real=0.01 secs] 
10.597: [GC (Allocation Failure) 10.597: [ParNew: 0K->0K(3072K), 0.0002415 secs]10.597: [CMS: 5027K->931K(6848K), 0.0029596 secs] 5027K->931K(9920K), [Metaspace: 3664K->3664K(1056768K)], 0.0032936 secs] [Times: user=0.02 sys=0.00, real=0.00 secs] 
10.601: [GC (CMS Initial Mark) [1 CMS-initial-mark: 5027K(6848K)] 5027K(9920K), 0.0001541 secs] [Times: user=0.00 sys=0.00, real=0.00 secs] 
10.601: [CMS-concurrent-mark-start]
10.601: [GC (Allocation Failure) 10.601: [ParNew: 0K->0K(3072K), 0.0002721 secs]10.601: [CMS10.609: [CMS-concurrent-mark: 0.002/0.008 secs] [Times: user=0.00 sys=0.00, real=0.01 secs] 
 (concurrent mode failure): 5027K->931K(6848K), 0.0105382 secs] 5027K->931K(9920K), [Metaspace: 3664K->3664K(1056768K)], 0.0108865 secs] [Times: user=0.00 sys=0.00, real=0.01 secs] 
10.612: [GC (Allocation Failure) 10.612: [ParNew: 0K->0K(3072K), 0.0002828 secs]10.613: [CMS: 5027K->931K(6848K), 0.0019994 secs] 5027K->931K(9920K), [Metaspace: 3664K->3664K(1056768K)], 0.0023633 secs] [Times: user=0.02 sys=0.00, real=0.00 secs] 
10.615: [GC (CMS Initial Mark) [1 CMS-initial-mark: 5027K(6848K)] 5027K(9920K), 0.0001821 secs] [Times: user=0.00 sys=0.00, real=0.00 secs] 
10.615: [CMS-concurrent-mark-start]
10.615: [GC (Allocation Failure) 10.615: [ParNew: 0K->0K(3072K), 0.0002617 secs]10.616: [CMS10.625: [CMS-concurrent-mark: 0.002/0.010 secs] [Times: user=0.00 sys=0.00, real=0.01 secs] 
 (concurrent mode failure): 5027K->931K(6848K), 0.0136763 secs] 5027K->931K(9920K), [Metaspace: 3664K->3664K(1056768K)], 0.0140360 secs] [Times: user=0.00 sys=0.00, real=0.01 secs] 
10.630: [GC (Allocation Failure) 10.630: [ParNew: 0K->0K(3072K), 0.0002450 secs]10.630: [CMS: 5027K->931K(6848K), 0.0022906 secs] 5027K->931K(9920K), [Metaspace: 3664K->3664K(1056768K)], 0.0026127 secs] [Times: user=0.09 sys=0.01, real=0.00 secs] 
10.633: [GC (CMS Initial Mark) [1 CMS-initial-mark: 5027K(6848K)] 5027K(9920K), 0.0001537 secs] [Times: user=0.00 sys=0.00, real=0.00 secs] 
10.633: [CMS-concurrent-mark-start]
10.633: [GC (Allocation Failure) 10.633: [ParNew: 0K->0K(3072K), 0.0002764 secs]10.634: [CMS10.640: [CMS-concurrent-mark: 0.002/0.007 secs] [Times: user=0.00 sys=0.00, real=0.01 secs] 
 (concurrent mode failure): 5027K->931K(6848K), 0.0110313 secs] 5027K->931K(9920K), [Metaspace: 3664K->3664K(1056768K)], 0.0113878 secs] [Times: user=0.00 sys=0.00, real=0.01 secs] 
10.645: [GC (Allocation Failure) 10.645: [ParNew: 0K->0K(3072K), 0.0002219 secs]10.645: [CMS: 5027K->931K(6848K), 0.0020491 secs] 5027K->931K(9920K), [Metaspace: 3664K->3664K(1056768K)], 0.0023456 secs] [Times: user=0.02 sys=0.00, real=0.00 secs] 
10.648: [GC (CMS Initial Mark) [1 CMS-initial-mark: 5027K(6848K)] 5027K(9920K), 0.0001579 secs] [Times: user=0.00 sys=0.00, real=0.00 secs] 
10.648: [CMS-concurrent-mark-start]
10.648: [GC (Allocation Failure) 10.648: [ParNew: 0K->0K(3072K), 0.0002743 secs]10.648: [CMS10.656: [CMS-concurrent-mark: 0.002/0.008 secs] [Times: user=0.00 sys=0.00, real=0.01 secs] 
 (concurrent mode failure): 5027K->931K(6848K), 0.0114475 secs] 5027K->931K(9920K), [Metaspace: 3664K->3664K(1056768K)], 0.0117978 secs] [Times: user=0.00 sys=0.00, real=0.01 secs] 
10.660: [GC (Allocation Failure) 10.660: [ParNew: 0K->0K(3072K), 0.0002675 secs]10.660: [CMS: 5027K->931K(6848K), 0.0027477 secs] 5027K->931K(9920K), [Metaspace: 3664K->3664K(1056768K)], 0.0030909 secs] [Times: user=0.02 sys=0.00, real=0.00 secs] 
10.664: [GC (CMS Initial Mark) [1 CMS-initial-mark: 5027K(6848K)] 5027K(9920K), 0.0001626 secs] [Times: user=0.00 sys=0.00, real=0.00 secs] 
10.664: [CMS-concurrent-mark-start]
10.664: [GC (Allocation Failure) 10.664: [ParNew: 0K->0K(3072K), 0.0002539 secs]10.664: [CMS10.672: [CMS-concurrent-mark: 0.001/0.008 secs] [Times: user=0.00 sys=0.00, real=0.01 secs] 
 (concurrent mode failure): 5027K->931K(6848K), 0.0110850 secs] 5027K->931K(9920K), [Metaspace: 3664K->3664K(1056768K)], 0.0114176 secs] [Times: user=0.00 sys=0.00, real=0.01 secs] 
10.676: [GC (Allocation Failure) 10.676: [ParNew: 0K->0K(3072K), 0.0002590 secs]10.676: [CMS: 5027K->931K(6848K), 0.0031755 secs] 5027K->931K(9920K), [Metaspace: 3664K->3664K(1056768K)], 0.0035201 secs] [Times: user=0.02 sys=0.00, real=0.00 secs] 
10.680: [GC (CMS Initial Mark) [1 CMS-initial-mark: 5027K(6848K)] 5027K(9920K), 0.0001654 secs] [Times: user=0.00 sys=0.00, real=0.00 secs] 
10.680: [CMS-concurrent-mark-start]
10.680: [GC (Allocation Failure) 10.680: [ParNew: 0K->0K(3072K), 0.0002615 secs]10.680: [CMS10.688: [CMS-concurrent-mark: 0.002/0.008 secs] [Times: user=0.00 sys=0.00, real=0.01 secs] 
 (concurrent mode failure): 5027K->931K(6848K), 0.0101720 secs] 5027K->931K(9920K), [Metaspace: 3664K->3664K(1056768K)], 0.0105515 secs] [Times: user=0.00 sys=0.00, real=0.01 secs] 
10.691: [GC (Allocation Failure) 10.691: [ParNew: 0K->0K(3072K), 0.0004089 secs]10.692: [CMS: 5027K->931K(6848K), 0.0020675 secs] 5027K->931K(9920K), [Metaspace: 3664K->3664K(1056768K)], 0.0025734 secs] [Times: user=0.02 sys=0.00, real=0.00 secs] 
10.694: [GC (CMS Initial Mark) [1 CMS-initial-mark: 5027K(6848K)] 5027K(9920K), 0.0001163 secs] [Times: user=0.00 sys=0.00, real=0.00 secs] 
10.694: [CMS-concurrent-mark-start]
10.695: [GC (Allocation Failure) 10.695: [ParNew: 0K->0K(3072K), 0.0002586 secs]10.695: [CMS10.702: [CMS-concurrent-mark: 0.002/0.008 secs] [Times: user=0.00 sys=0.00, real=0.01 secs] 
 (concurrent mode failure): 5027K->931K(6848K), 0.0103552 secs] 5027K->931K(9920K), [Metaspace: 3664K->3664K(1056768K)], 0.0107613 secs] [Times: user=0.00 sys=0.00, real=0.01 secs] 
10.706: [GC (Allocation Failure) 10.706: [ParNew: 0K->0K(3072K), 0.0002973 secs]10.706: [CMS: 5027K->931K(6848K), 0.0040873 secs] 5027K->931K(9920K), [Metaspace: 3664K->3664K(1056768K)], 0.0044898 secs] [Times: user=0.01 sys=0.00, real=0.00 secs] 
10.711: [GC (CMS Initial Mark) [1 CMS-initial-mark: 5027K(6848K)] 5027K(9920K), 0.0001577 secs] [Times: user=0.00 sys=0.00, real=0.00 secs] 
10.711: [CMS-concurrent-mark-start]
10.711: [GC (Allocation Failure) 10.711: [ParNew: 0K->0K(3072K), 0.0003060 secs]10.711: [CMS10.717: [CMS-concurrent-mark: 0.001/0.007 secs] [Times: user=0.00 sys=0.00, real=0.01 secs] 
 (concurrent mode failure): 5027K->931K(6848K), 0.0082688 secs] 5027K->931K(9920K), [Metaspace: 3664K->3664K(1056768K)], 0.0086419 secs] [Times: user=0.00 sys=0.00, real=0.01 secs] 
10.720: [GC (Allocation Failure) 10.720: [ParNew: 0K->0K(3072K), 0.0002422 secs]10.720: [CMS: 5027K->931K(6848K), 0.0017192 secs] 5027K->931K(9920K), [Metaspace: 3664K->3664K(1056768K)], 0.0020175 secs] [Times: user=0.00 sys=0.00, real=0.00 secs] 
10.722: [GC (CMS Initial Mark) [1 CMS-initial-mark: 5027K(6848K)] 5027K(9920K), 0.0000889 secs] [Times: user=0.00 sys=0.00, real=0.00 secs] 
10.722: [CMS-concurrent-mark-start]
10.722: [GC (Allocation Failure) 10.722: [ParNew: 0K->0K(3072K), 0.0002370 secs]10.723: [CMS10.734: [CMS-concurrent-mark: 0.002/0.011 secs] [Times: user=0.00 sys=0.00, real=0.01 secs] 
 (concurrent mode failure): 5027K->931K(6848K), 0.0141798 secs] 5027K->931K(9920K), [Metaspace: 3664K->3664K(1056768K)], 0.0144933 secs] [Times: user=0.00 sys=0.00, real=0.01 secs] 
10.737: [GC (Allocation Failure) 10.737: [ParNew: 0K->0K(3072K), 0.0002759 secs]10.738: [CMS: 5027K->931K(6848K), 0.0046123 secs] 5027K->931K(9920K), [Metaspace: 3664K->3664K(1056768K)], 0.0049876 secs] [Times: user=0.02 sys=0.00, real=0.00 secs] 
10.743: [GC (CMS Initial Mark) [1 CMS-initial-mark: 5027K(6848K)] 5027K(9920K), 0.0001564 secs] [Times: user=0.00 sys=0.00, real=0.00 secs] 
10.743: [CMS-concurrent-mark-start]
10.743: [GC (Allocation Failure) 10.743: [ParNew: 0K->0K(3072K), 0.0002406 secs]10.743: [CMS10.749: [CMS-concurrent-mark: 0.002/0.006 secs] [Times: user=0.00 sys=0.00, real=0.01 secs] 
 (concurrent mode failure): 5027K->931K(6848K), 0.0082243 secs] 5027K->931K(9920K), [Metaspace: 3664K->3664K(1056768K)], 0.0085675 secs] [Times: user=0.00 sys=0.00, real=0.01 secs] 
10.752: [GC (Allocation Failure) 10.752: [ParNew: 0K->0K(3072K), 0.0003335 secs]10.752: [CMS: 5027K->931K(6848K), 0.0028584 secs] 5027K->931K(9920K), [Metaspace: 3664K->3664K(1056768K)], 0.0032911 secs] [Times: user=0.01 sys=0.00, real=0.00 secs] 
10.756: [GC (CMS Initial Mark) [1 CMS-initial-mark: 5027K(6848K)] 5027K(9920K), 0.0001405 secs] [Times: user=0.00 sys=0.00, real=0.00 secs] 
10.756: [CMS-concurrent-mark-start]
10.756: [GC (Allocation Failure) 10.756: [ParNew: 0K->0K(3072K), 0.0003605 secs]10.757: [CMS10.764: [CMS-concurrent-mark: 0.002/0.008 secs] [Times: user=0.00 sys=0.00, real=0.01 secs] 
 (concurrent mode failure): 5027K->931K(6848K), 0.0099761 secs] 5027K->931K(9920K), [Metaspace: 3664K->3664K(1056768K)], 0.0104508 secs] [Times: user=0.00 sys=0.00, real=0.01 secs] 
10.767: [GC (Allocation Failure) 10.767: [ParNew: 0K->0K(3072K), 0.0002556 secs]10.767: [CMS: 5027K->931K(6848K), 0.0030325 secs] 5027K->931K(9920K), [Metaspace: 3664K->3664K(1056768K)], 0.0033690 secs] [Times: user=0.00 sys=0.00, real=0.00 secs] 
10.771: [GC (CMS Initial Mark) [1 CMS-initial-mark: 5027K(6848K)] 5027K(9920K), 0.0000994 secs] [Times: user=0.00 sys=0.00, real=0.00 secs] 
10.771: [CMS-concurrent-mark-start]
10.771: [GC (Allocation Failure) 10.771: [ParNew: 0K->0K(3072K), 0.0002409 secs]10.771: [CMS10.779: [CMS-concurrent-mark: 0.002/0.008 secs] [Times: user=0.00 sys=0.00, real=0.01 secs] 
 (concurrent mode failure): 5027K->931K(6848K), 0.0111518 secs] 5027K->931K(9920K), [Metaspace: 3664K->3664K(1056768K)], 0.0114638 secs] [Times: user=0.00 sys=0.00, real=0.01 secs] 
10.783: [GC (Allocation Failure) 10.783: [ParNew: 0K->0K(3072K), 0.0003242 secs]10.783: [CMS: 5027K->931K(6848K), 0.0035406 secs] 5027K->931K(9920K), [Metaspace: 3664K->3664K(1056768K)], 0.0039434 secs] [Times: user=0.02 sys=0.00, real=0.00 secs] 
10.787: [GC (CMS Initial Mark) [1 CMS-initial-mark: 5027K(6848K)] 5027K(9920K), 0.0002018 secs] [Times: user=0.00 sys=0.00, real=0.00 secs] 
10.788: [CMS-concurrent-mark-start]
10.788: [GC (Allocation Failure) 10.788: [ParNew: 0K->0K(3072K), 0.0002270 secs]10.788: [CMS10.794: [CMS-concurrent-mark: 0.001/0.006 secs] [Times: user=0.00 sys=0.00, real=0.01 secs] 
 (concurrent mode failure): 5027K->931K(6848K), 0.0084999 secs] 5027K->931K(9920K), [Metaspace: 3664K->3664K(1056768K)], 0.0088099 secs] [Times: user=0.00 sys=0.00, real=0.01 secs] 
10.797: [GC (Allocation Failure) 10.797: [ParNew: 0K->0K(3072K), 0.0003011 secs]10.797: [CMS: 5027K->931K(6848K), 0.0023522 secs] 5027K->931K(9920K), [Metaspace: 3664K->3664K(1056768K)], 0.0027251 secs] [Times: user=0.00 sys=0.00, real=0.00 secs] 
10.800: [GC (CMS Initial Mark) [1 CMS-initial-mark: 5027K(6848K)] 5027K(9920K), 0.0001641 secs] [Times: user=0.00 sys=0.00, real=0.00 secs] 
10.800: [CMS-concurrent-mark-start]
10.800: [GC (Allocation Failure) 10.800: [ParNew: 0K->0K(3072K), 0.0002168 secs]10.801: [CMS10.810: [CMS-concurrent-mark: 0.002/0.009 secs] [Times: user=0.00 sys=0.00, real=0.01 secs] 
 (concurrent mode failure): 5027K->931K(6848K), 0.0116895 secs] 5027K->931K(9920K), [Metaspace: 3664K->3664K(1056768K)], 0.0119820 secs] [Times: user=0.00 sys=0.00, real=0.01 secs] 
10.813: [GC (Allocation Failure) 10.813: [ParNew: 0K->0K(3072K), 0.0002515 secs]10.813: [CMS: 5027K->931K(6848K), 0.0018549 secs] 5027K->931K(9920K), [Metaspace: 3664K->3664K(1056768K)], 0.0021678 secs] [Times: user=0.00 sys=0.00, real=0.00 secs] 
10.815: [GC (CMS Initial Mark) [1 CMS-initial-mark: 5027K(6848K)] 5027K(9920K), 0.0002165 secs] [Times: user=0.00 sys=0.00, real=0.00 secs] 
10.815: [CMS-concurrent-mark-start]
10.815: [GC (Allocation Failure) 10.815: [ParNew: 0K->0K(3072K), 0.0002045 secs]10.816: [CMS10.825: [CMS-concurrent-mark: 0.002/0.010 secs] [Times: user=0.00 sys=0.00, real=0.01 secs] 
 (concurrent mode failure): 5027K->931K(6848K), 0.0119371 secs] 5027K->931K(9920K), [Metaspace: 3664K->3664K(1056768K)], 0.0122187 secs] [Times: user=0.00 sys=0.00, real=0.01 secs] 
10.828: [GC (Allocation Failure) 10.828: [ParNew: 0K->0K(3072K), 0.0002299 secs]10.828: [CMS: 5027K->931K(6848K), 0.0017544 secs] 5027K->931K(9920K), [Metaspace: 3664K->3664K(1056768K)], 0.0020407 secs] [Times: user=0.00 sys=0.00, real=0.00 secs] 
10.830: [GC (CMS Initial Mark) [1 CMS-initial-mark: 5027K(6848K)] 5027K(9920K), 0.0000749 secs] [Times: user=0.00 sys=0.00, real=0.00 secs] 
10.831: [CMS-concurrent-mark-start]
10.831: [GC (Allocation Failure) 10.831: [ParNew: 0K->0K(3072K), 0.0001880 secs]10.831: [CMS10.846: [CMS-concurrent-mark: 0.007/0.015 secs] [Times: user=0.00 sys=0.00, real=0.01 secs] 
 (concurrent mode failure): 5027K->931K(6848K), 0.0257967 secs] 5027K->931K(9920K), [Metaspace: 3664K->3664K(1056768K)], 0.0262077 secs] [Times: user=0.02 sys=0.00, real=0.03 secs] 
10.858: [GC (Allocation Failure) 10.859: [ParNew: 0K->0K(3072K), 0.0013711 secs]10.860: [CMS: 5027K->931K(6848K), 0.0094030 secs] 5027K->931K(9920K), [Metaspace: 3664K->3664K(1056768K)], 0.0113275 secs] [Times: user=0.02 sys=0.00, real=0.01 secs] 
10.870: [GC (CMS Initial Mark) [1 CMS-initial-mark: 5027K(6848K)] 5027K(9920K), 0.0004308 secs] [Times: user=0.00 sys=0.00, real=0.00 secs] 
10.871: [CMS-concurrent-mark-start]
10.871: [GC (Allocation Failure) 10.871: [ParNew: 0K->0K(3072K), 0.0008761 secs]10.872: [CMS10.887: [CMS-concurrent-mark: 0.002/0.016 secs] [Times: user=0.00 sys=0.00, real=0.02 secs] 
 (concurrent mode failure): 5027K->931K(6848K), 0.0178133 secs] 5027K->931K(9920K), [Metaspace: 3664K->3664K(1056768K)], 0.0188689 secs] [Times: user=0.00 sys=0.00, real=0.02 secs] 
10.890: [GC (Allocation Failure) 10.890: [ParNew: 0K->0K(3072K), 0.0005269 secs]10.891: [CMS: 5027K->931K(6848K), 0.0028473 secs] 5027K->931K(9920K), [Metaspace: 3664K->3664K(1056768K)], 0.0034671 secs] [Times: user=0.00 sys=0.00, real=0.00 secs] 
10.894: [GC (CMS Initial Mark) [1 CMS-initial-mark: 5027K(6848K)] 5027K(9920K), 0.0001270 secs] [Times: user=0.00 sys=0.00, real=0.00 secs] 
10.894: [CMS-concurrent-mark-start]
10.894: [GC (Allocation Failure) 10.894: [ParNew: 0K->0K(3072K), 0.0002175 secs]10.895: [CMS10.903: [CMS-concurrent-mark: 0.002/0.009 secs] [Times: user=0.00 sys=0.00, real=0.01 secs] 
 (concurrent mode failure): 5027K->931K(6848K), 0.0110345 secs] 5027K->931K(9920K), [Metaspace: 3664K->3664K(1056768K)], 0.0113377 secs] [Times: user=0.00 sys=0.00, real=0.01 secs] 
10.906: [GC (Allocation Failure) 10.906: [ParNew: 0K->0K(3072K), 0.0002919 secs]10.907: [CMS: 5027K->931K(6848K), 0.0029010 secs] 5027K->931K(9920K), [Metaspace: 3664K->3664K(1056768K)], 0.0032806 secs] [Times: user=0.00 sys=0.00, real=0.00 secs] 
10.910: [GC (CMS Initial Mark) [1 CMS-initial-mark: 5027K(6848K)] 5027K(9920K), 0.0001653 secs] [Times: user=0.00 sys=0.00, real=0.00 secs] 
10.910: [CMS-concurrent-mark-start]
10.910: [GC (Allocation Failure) 10.910: [ParNew: 0K->0K(3072K), 0.0002683 secs]10.911: [CMS10.919: [CMS-concurrent-mark: 0.002/0.009 secs] [Times: user=0.00 sys=0.00, real=0.01 secs] 
 (concurrent mode failure): 5027K->931K(6848K), 0.0108898 secs] 5027K->931K(9920K), [Metaspace: 3664K->3664K(1056768K)], 0.0112282 secs] [Times: user=0.00 sys=0.00, real=0.01 secs] 
10.922: [GC (Allocation Failure) 10.922: [ParNew: 0K->0K(3072K), 0.0002510 secs]10.922: [CMS: 5027K->931K(6848K), 0.0031231 secs] 5027K->931K(9920K), [Metaspace: 3664K->3664K(1056768K)], 0.0034540 secs] [Times: user=0.00 sys=0.00, real=0.00 secs] 
10.926: [GC (CMS Initial Mark) [1 CMS-initial-mark: 5027K(6848K)] 5027K(9920K), 0.0000857 secs] [Times: user=0.00 sys=0.00, real=0.00 secs] 
10.926: [CMS-concurrent-mark-start]
10.926: [GC (Allocation Failure) 10.926: [ParNew: 0K->0K(3072K), 0.0002253 secs]10.926: [CMS10.934: [CMS-concurrent-mark: 0.001/0.009 secs] [Times: user=0.00 sys=0.00, real=0.01 secs] 
 (concurrent mode failure): 5027K->931K(6848K), 0.0104866 secs] 5027K->931K(9920K), [Metaspace: 3664K->3664K(1056768K)], 0.0107780 secs] [Times: user=0.00 sys=0.00, real=0.01 secs] 
10.937: [GC (Allocation Failure) 10.937: [ParNew: 0K->0K(3072K), 0.0002311 secs]10.937: [CMS: 5027K->931K(6848K), 0.0018927 secs] 5027K->931K(9920K), [Metaspace: 3664K->3664K(1056768K)], 0.0021985 secs] [Times: user=0.00 sys=0.00, real=0.00 secs] 
10.940: [GC (CMS Initial Mark) [1 CMS-initial-mark: 5027K(6848K)] 5027K(9920K), 0.0001559 secs] [Times: user=0.00 sys=0.00, real=0.00 secs] 
10.940: [CMS-concurrent-mark-start]
10.940: [GC (Allocation Failure) 10.940: [ParNew: 0K->0K(3072K), 0.0002969 secs]10.940: [CMS10.950: [CMS-concurrent-mark: 0.002/0.010 secs] [Times: user=0.00 sys=0.00, real=0.01 secs] 
 (concurrent mode failure): 5027K->931K(6848K), 0.0120317 secs] 5027K->931K(9920K), [Metaspace: 3664K->3664K(1056768K)], 0.0124199 secs] [Times: user=0.00 sys=0.00, real=0.01 secs] 
10.953: [GC (Allocation Failure) 10.953: [ParNew: 0K->0K(3072K), 0.0002842 secs]10.953: [CMS: 5027K->931K(6848K), 0.0020284 secs] 5027K->931K(9920K), [Metaspace: 3664K->3664K(1056768K)], 0.0024005 secs] [Times: user=0.00 sys=0.00, real=0.00 secs] 
10.955: [GC (CMS Initial Mark) [1 CMS-initial-mark: 5027K(6848K)] 5027K(9920K), 0.0001698 secs] [Times: user=0.00 sys=0.00, real=0.00 secs] 
10.955: [CMS-concurrent-mark-start]
10.956: [GC (Allocation Failure) 10.956: [ParNew: 0K->0K(3072K), 0.0002984 secs]10.956: [CMS10.965: [CMS-concurrent-mark: 0.002/0.009 secs] [Times: user=0.00 sys=0.00, real=0.01 secs] 
 (concurrent mode failure): 5027K->931K(6848K), 0.0115623 secs] 5027K->931K(9920K), [Metaspace: 3664K->3664K(1056768K)], 0.0119381 secs] [Times: user=0.00 sys=0.00, real=0.01 secs] 
10.968: [GC (Allocation Failure) 10.968: [ParNew: 0K->0K(3072K), 0.0003392 secs]10.968: [CMS: 5027K->931K(6848K), 0.0025038 secs] 5027K->931K(9920K), [Metaspace: 3664K->3664K(1056768K)], 0.0029377 secs] [Times: user=0.00 sys=0.00, real=0.00 secs] 
10.971: [GC (CMS Initial Mark) [1 CMS-initial-mark: 5027K(6848K)] 5027K(9920K), 0.0001276 secs] [Times: user=0.00 sys=0.00, real=0.00 secs] 
10.971: [CMS-concurrent-mark-start]
10.971: [GC (Allocation Failure) 10.971: [ParNew: 0K->0K(3072K), 0.0002196 secs]10.972: [CMS10.980: [CMS-concurrent-mark: 0.001/0.009 secs] [Times: user=0.00 sys=0.00, real=0.01 secs] 
 (concurrent mode failure): 5027K->931K(6848K), 0.0107943 secs] 5027K->931K(9920K), [Metaspace: 3664K->3664K(1056768K)], 0.0110828 secs] [Times: user=0.00 sys=0.00, real=0.01 secs] 
10.983: [GC (Allocation Failure) 10.983: [ParNew: 0K->0K(3072K), 0.0002431 secs]10.983: [CMS: 5027K->931K(6848K), 0.0018641 secs] 5027K->931K(9920K), [Metaspace: 3664K->3664K(1056768K)], 0.0021883 secs] [Times: user=0.00 sys=0.00, real=0.00 secs] 
10.985: [GC (CMS Initial Mark) [1 CMS-initial-mark: 5027K(6848K)] 5027K(9920K), 0.0001361 secs] [Times: user=0.00 sys=0.00, real=0.00 secs] 
10.985: [CMS-concurrent-mark-start]
10.986: [GC (Allocation Failure) 10.986: [ParNew: 0K->0K(3072K), 0.0002186 secs]10.986: [CMS10.996: [CMS-concurrent-mark: 0.002/0.011 secs] [Times: user=0.00 sys=0.00, real=0.01 secs] 
 (concurrent mode failure): 5027K->931K(6848K), 0.0130349 secs] 5027K->931K(9920K), [Metaspace: 3664K->3664K(1056768K)], 0.0133262 secs] [Times: user=0.00 sys=0.00, real=0.01 secs] 
10.999: [GC (Allocation Failure) 10.999: [ParNew: 0K->0K(3072K), 0.0002311 secs]10.999: [CMS: 5027K->931K(6848K), 0.0019032 secs] 5027K->931K(9920K), [Metaspace: 3664K->3664K(1056768K)], 0.0022167 secs] [Times: user=0.00 sys=0.00, real=0.00 secs] 
11.002: [GC (CMS Initial Mark) [1 CMS-initial-mark: 5027K(6848K)] 5027K(9920K), 0.0001384 secs] [Times: user=0.00 sys=0.00, real=0.00 secs] 
11.002: [CMS-concurrent-mark-start]
11.002: [GC (Allocation Failure) 11.002: [ParNew: 0K->0K(3072K), 0.0002172 secs]11.002: [CMS11.012: [CMS-concurrent-mark: 0.002/0.010 secs] [Times: user=0.00 sys=0.00, real=0.01 secs] 
 (concurrent mode failure): 5027K->931K(6848K), 0.0116335 secs] 5027K->931K(9920K), [Metaspace: 3664K->3664K(1056768K)], 0.0119239 secs] [Times: user=0.00 sys=0.00, real=0.01 secs] 
11.014: [GC (Allocation Failure) 11.014: [ParNew: 0K->0K(3072K), 0.0002305 secs]11.015: [CMS: 5027K->931K(6848K), 0.0018499 secs] 5027K->931K(9920K), [Metaspace: 3664K->3664K(1056768K)], 0.0021493 secs] [Times: user=0.00 sys=0.00, real=0.00 secs] 
11.017: [GC (CMS Initial Mark) [1 CMS-initial-mark: 5027K(6848K)] 5027K(9920K), 0.0001899 secs] [Times: user=0.00 sys=0.00, real=0.00 secs] 
11.017: [CMS-concurrent-mark-start]
11.017: [GC (Allocation Failure) 11.017: [ParNew: 0K->0K(3072K), 0.0003489 secs]11.018: [CMS11.027: [CMS-concurrent-mark: 0.001/0.010 secs] [Times: user=0.00 sys=0.00, real=0.01 secs] 
 (concurrent mode failure): 5027K->931K(6848K), 0.0117376 secs] 5027K->931K(9920K), [Metaspace: 3664K->3664K(1056768K)], 0.0121594 secs] [Times: user=0.00 sys=0.00, real=0.01 secs] 
11.030: [GC (Allocation Failure) 11.030: [ParNew: 0K->0K(3072K), 0.0002317 secs]11.030: [CMS: 5027K->931K(6848K), 0.0018713 secs] 5027K->931K(9920K), [Metaspace: 3664K->3664K(1056768K)], 0.0021673 secs] [Times: user=0.00 sys=0.00, real=0.00 secs] 
11.032: [GC (CMS Initial Mark) [1 CMS-initial-mark: 5027K(6848K)] 5027K(9920K), 0.0001289 secs] [Times: user=0.00 sys=0.00, real=0.00 secs] 
11.032: [CMS-concurrent-mark-start]
11.033: [GC (Allocation Failure) 11.033: [ParNew: 0K->0K(3072K), 0.0002809 secs]11.033: [CMS11.043: [CMS-concurrent-mark: 0.002/0.011 secs] [Times: user=0.00 sys=0.00, real=0.01 secs] 
 (concurrent mode failure): 5027K->931K(6848K), 0.0125418 secs] 5027K->931K(9920K), [Metaspace: 3664K->3664K(1056768K)], 0.0128995 secs] [Times: user=0.00 sys=0.00, real=0.01 secs] 
11.046: [GC (Allocation Failure) 11.046: [ParNew: 0K->0K(3072K), 0.0002530 secs]11.046: [CMS: 5027K->931K(6848K), 0.0019951 secs] 5027K->931K(9920K), [Metaspace: 3664K->3664K(1056768K)], 0.0023191 secs] [Times: user=0.00 sys=0.00, real=0.00 secs] 
11.048: [GC (CMS Initial Mark) [1 CMS-initial-mark: 5027K(6848K)] 5027K(9920K), 0.0000897 secs] [Times: user=0.00 sys=0.00, real=0.00 secs] 
11.049: [CMS-concurrent-mark-start]
11.049: [GC (Allocation Failure) 11.049: [ParNew: 0K->0K(3072K), 0.0002162 secs]11.049: [CMS11.059: [CMS-concurrent-mark: 0.002/0.010 secs] [Times: user=0.00 sys=0.00, real=0.01 secs] 
 (concurrent mode failure): 5027K->931K(6848K), 0.0125794 secs] 5027K->931K(9920K), [Metaspace: 3664K->3664K(1056768K)], 0.0128843 secs] [Times: user=0.00 sys=0.00, real=0.01 secs] 
11.062: [GC (Allocation Failure) 11.062: [ParNew: 0K->0K(3072K), 0.0002599 secs]11.062: [CMS: 5027K->931K(6848K), 0.0019520 secs] 5027K->931K(9920K), [Metaspace: 3664K->3664K(1056768K)], 0.0022826 secs] [Times: user=0.00 sys=0.00, real=0.00 secs] 
11.064: [GC (CMS Initial Mark) [1 CMS-initial-mark: 5027K(6848K)] 5027K(9920K), 0.0001220 secs] [Times: user=0.00 sys=0.00, real=0.00 secs] 
11.065: [CMS-concurrent-mark-start]
11.065: [GC (Allocation Failure) 11.065: [ParNew: 0K->0K(3072K), 0.0002658 secs]11.065: [CMS11.075: [CMS-concurrent-mark: 0.002/0.010 secs] [Times: user=0.00 sys=0.00, real=0.01 secs] 
 (concurrent mode failure): 5027K->931K(6848K), 0.0137064 secs] 5027K->931K(9920K), [Metaspace: 3664K->3664K(1056768K)], 0.0140507 secs] [Times: user=0.00 sys=0.00, real=0.01 secs] 
11.079: [GC (Allocation Failure) 11.079: [ParNew: 0K->0K(3072K), 0.0002488 secs]11.079: [CMS: 5027K->931K(6848K), 0.0021396 secs] 5027K->931K(9920K), [Metaspace: 3664K->3664K(1056768K)], 0.0024606 secs] [Times: user=0.00 sys=0.00, real=0.00 secs] 
11.082: [GC (CMS Initial Mark) [1 CMS-initial-mark: 5027K(6848K)] 5027K(9920K), 0.0002196 secs] [Times: user=0.00 sys=0.00, real=0.00 secs] 
11.082: [CMS-concurrent-mark-start]
11.082: [GC (Allocation Failure) 11.082: [ParNew: 0K->0K(3072K), 0.0003168 secs]11.083: [CMS11.091: [CMS-concurrent-mark: 0.002/0.009 secs] [Times: user=0.00 sys=0.00, real=0.01 secs] 
 (concurrent mode failure): 5027K->931K(6848K), 0.0107349 secs] 5027K->931K(9920K), [Metaspace: 3664K->3664K(1056768K)], 0.0111307 secs] [Times: user=0.00 sys=0.00, real=0.01 secs] 
11.094: [GC (Allocation Failure) 11.094: [ParNew: 0K->0K(3072K), 0.0002340 secs]11.094: [CMS: 5027K->931K(6848K), 0.0019097 secs] 5027K->931K(9920K), [Metaspace: 3664K->3664K(1056768K)], 0.0022199 secs] [Times: user=0.00 sys=0.00, real=0.00 secs] 
11.096: [GC (CMS Initial Mark) [1 CMS-initial-mark: 5027K(6848K)] 5027K(9920K), 0.0000966 secs] [Times: user=0.00 sys=0.00, real=0.00 secs] 
11.096: [CMS-concurrent-mark-start]
11.096: [GC (Allocation Failure) 11.096: [ParNew: 0K->0K(3072K), 0.0001927 secs]11.097: [CMS11.107: [CMS-concurrent-mark: 0.002/0.010 secs] [Times: user=0.00 sys=0.00, real=0.01 secs] 
 (concurrent mode failure): 5027K->931K(6848K), 0.0139130 secs] 5027K->931K(9920K), [Metaspace: 3664K->3664K(1056768K)], 0.0141881 secs] [Times: user=0.00 sys=0.00, real=0.01 secs] 
11.111: [GC (Allocation Failure) 11.111: [ParNew: 0K->0K(3072K), 0.0002525 secs]11.111: [CMS: 5027K->931K(6848K), 0.0020024 secs] 5027K->931K(9920K), [Metaspace: 3664K->3664K(1056768K)], 0.0023352 secs] [Times: user=0.00 sys=0.00, real=0.00 secs] 
11.114: [GC (CMS Initial Mark) [1 CMS-initial-mark: 5027K(6848K)] 5027K(9920K), 0.0001588 secs] [Times: user=0.00 sys=0.00, real=0.00 secs] 
11.114: [CMS-concurrent-mark-start]
11.114: [GC (Allocation Failure) 11.114: [ParNew: 0K->0K(3072K), 0.0002138 secs]11.114: [CMS11.122: [CMS-concurrent-mark: 0.002/0.009 secs] [Times: user=0.00 sys=0.00, real=0.01 secs] 
 (concurrent mode failure): 5027K->931K(6848K), 0.0113342 secs] 5027K->931K(9920K), [Metaspace: 3664K->3664K(1056768K)], 0.0116250 secs] [Times: user=0.00 sys=0.00, real=0.01 secs] 
11.126: [GC (Allocation Failure) 11.126: [ParNew: 0K->0K(3072K), 0.0002373 secs]11.126: [CMS: 5027K->931K(6848K), 0.0019641 secs] 5027K->931K(9920K), [Metaspace: 3664K->3664K(1056768K)], 0.0022662 secs] [Times: user=0.00 sys=0.00, real=0.00 secs] 
11.129: [GC (CMS Initial Mark) [1 CMS-initial-mark: 5027K(6848K)] 5027K(9920K), 0.0001305 secs] [Times: user=0.00 sys=0.00, real=0.00 secs] 
11.129: [CMS-concurrent-mark-start]
11.129: [GC (Allocation Failure) 11.129: [ParNew: 0K->0K(3072K), 0.0002131 secs]11.129: [CMS11.138: [CMS-concurrent-mark: 0.002/0.009 secs] [Times: user=0.00 sys=0.00, real=0.01 secs] 
 (concurrent mode failure): 5027K->931K(6848K), 0.0124016 secs] 5027K->931K(9920K), [Metaspace: 3664K->3664K(1056768K)], 0.0127034 secs] [Times: user=0.00 sys=0.00, real=0.01 secs] 
11.142: [GC (Allocation Failure) 11.142: [ParNew: 0K->0K(3072K), 0.0002435 secs]11.142: [CMS: 5027K->931K(6848K), 0.0020955 secs] 5027K->931K(9920K), [Metaspace: 3664K->3664K(1056768K)], 0.0024041 secs] [Times: user=0.00 sys=0.00, real=0.00 secs] 
11.145: [GC (CMS Initial Mark) [1 CMS-initial-mark: 5027K(6848K)] 5027K(9920K), 0.0001756 secs] [Times: user=0.00 sys=0.00, real=0.00 secs] 
11.145: [CMS-concurrent-mark-start]
11.145: [GC (Allocation Failure) 11.145: [ParNew: 0K->0K(3072K), 0.0002719 secs]11.145: [CMS11.154: [CMS-concurrent-mark: 0.002/0.009 secs] [Times: user=0.00 sys=0.00, real=0.01 secs] 
 (concurrent mode failure): 5027K->931K(6848K), 0.0110843 secs] 5027K->931K(9920K), [Metaspace: 3664K->3664K(1056768K)], 0.0114623 secs] [Times: user=0.00 sys=0.00, real=0.01 secs] 
11.157: [GC (Allocation Failure) 11.157: [ParNew: 0K->0K(3072K), 0.0002960 secs]11.157: [CMS: 5027K->931K(6848K), 0.0023193 secs] 5027K->931K(9920K), [Metaspace: 3664K->3664K(1056768K)], 0.0027089 secs] [Times: user=0.00 sys=0.00, real=0.00 secs] 
11.160: [GC (CMS Initial Mark) [1 CMS-initial-mark: 5027K(6848K)] 5027K(9920K), 0.0001392 secs] [Times: user=0.00 sys=0.00, real=0.00 secs] 
11.160: [CMS-concurrent-mark-start]
11.161: [GC (Allocation Failure) 11.161: [ParNew: 0K->0K(3072K), 0.0002414 secs]11.161: [CMS11.169: [CMS-concurrent-mark: 0.002/0.009 secs] [Times: user=0.00 sys=0.01, real=0.01 secs] 
 (concurrent mode failure): 5027K->931K(6848K), 0.0108487 secs] 5027K->931K(9920K), [Metaspace: 3664K->3664K(1056768K)], 0.0111619 secs] [Times: user=0.00 sys=0.01, real=0.01 secs] 
11.172: [GC (Allocation Failure) 11.172: [ParNew: 0K->0K(3072K), 0.0002830 secs]11.172: [CMS: 5027K->931K(6848K), 0.0025187 secs] 5027K->931K(9920K), [Metaspace: 3664K->3664K(1056768K)], 0.0028819 secs] [Times: user=0.00 sys=0.00, real=0.00 secs] 
11.175: [GC (CMS Initial Mark) [1 CMS-initial-mark: 5027K(6848K)] 5027K(9920K), 0.0001229 secs] [Times: user=0.00 sys=0.00, real=0.00 secs] 
11.175: [CMS-concurrent-mark-start]
11.176: [GC (Allocation Failure) 11.176: [ParNew: 0K->0K(3072K), 0.0002050 secs]11.176: [CMS11.189: [CMS-concurrent-mark: 0.006/0.014 secs] [Times: user=0.00 sys=0.00, real=0.01 secs] 
 (concurrent mode failure): 5027K->931K(6848K), 0.0219011 secs] 5027K->931K(9920K), [Metaspace: 3664K->3664K(1056768K)], 0.0222343 secs] [Times: user=0.02 sys=0.00, real=0.02 secs] 
11.199: [GC (Allocation Failure) 11.199: [ParNew: 0K->0K(3072K), 0.0010111 secs]11.200: [CMS: 5027K->931K(6848K), 0.0043718 secs] 5027K->931K(9920K), [Metaspace: 3664K->3664K(1056768K)], 0.0055516 secs] [Times: user=0.00 sys=0.00, real=0.01 secs] 
11.205: [GC (CMS Initial Mark) [1 CMS-initial-mark: 5027K(6848K)] 5027K(9920K), 0.0001248 secs] [Times: user=0.00 sys=0.00, real=0.00 secs] 
11.205: [CMS-concurrent-mark-start]
11.205: [GC (Allocation Failure) 11.205: [ParNew: 0K->0K(3072K), 0.0002656 secs]11.205: [CMS11.215: [CMS-concurrent-mark: 0.002/0.010 secs] [Times: user=0.00 sys=0.00, real=0.01 secs] 
 (concurrent mode failure): 5027K->931K(6848K), 0.0124674 secs] 5027K->931K(9920K), [Metaspace: 3664K->3664K(1056768K)], 0.0128152 secs] [Times: user=0.00 sys=0.00, real=0.01 secs] 
11.218: [GC (Allocation Failure) 11.218: [ParNew: 0K->0K(3072K), 0.0002637 secs]11.218: [CMS: 5027K->897K(6848K), 0.0020038 secs] 5027K->897K(9920K), [Metaspace: 3664K->3664K(1056768K)], 0.0023357 secs] [Times: user=0.00 sys=0.00, real=0.00 secs] 
11.221: [GC (CMS Initial Mark) [1 CMS-initial-mark: 4993K(6848K)] 4993K(9920K), 0.0001407 secs] [Times: user=0.00 sys=0.00, real=0.00 secs] 
11.221: [CMS-concurrent-mark-start]
11.221: [GC (Allocation Failure) 11.221: [ParNew: 0K->0K(3072K), 0.0002813 secs]11.221: [CMS11.231: [CMS-concurrent-mark: 0.002/0.010 secs] [Times: user=0.00 sys=0.00, real=0.01 secs] 
 (concurrent mode failure): 4993K->897K(6848K), 0.0122630 secs] 4993K->897K(9920K), [Metaspace: 3664K->3664K(1056768K)], 0.0126125 secs] [Times: user=0.00 sys=0.00, real=0.01 secs] 
11.234: [GC (Allocation Failure) 11.234: [ParNew: 0K->0K(3072K), 0.0002208 secs]11.234: [CMS: 4993K->897K(6848K), 0.0019268 secs] 4993K->897K(9920K), [Metaspace: 3664K->3664K(1056768K)], 0.0022313 secs] [Times: user=0.00 sys=0.00, real=0.00 secs] 
11.236: [GC (CMS Initial Mark) [1 CMS-initial-mark: 4993K(6848K)] 4993K(9920K), 0.0001196 secs] [Times: user=0.00 sys=0.00, real=0.00 secs] 
11.237: [CMS-concurrent-mark-start]
11.237: [GC (Allocation Failure) 11.237: [ParNew: 0K->0K(3072K), 0.0002166 secs]11.237: [CMS11.246: [CMS-concurrent-mark: 0.001/0.010 secs] [Times: user=0.00 sys=0.00, real=0.01 secs] 
 (concurrent mode failure): 4993K->897K(6848K), 0.0113849 secs] 4993K->897K(9920K), [Metaspace: 3664K->3664K(1056768K)], 0.0116748 secs] [Times: user=0.00 sys=0.00, real=0.01 secs] 
11.249: [GC (Allocation Failure) 11.249: [ParNew: 0K->0K(3072K), 0.0002678 secs]11.249: [CMS: 4993K->897K(6848K), 0.0019116 secs] 4993K->897K(9920K), [Metaspace: 3664K->3664K(1056768K)], 0.0022618 secs] [Times: user=0.00 sys=0.00, real=0.00 secs] 
11.251: [GC (CMS Initial Mark) [1 CMS-initial-mark: 4993K(6848K)] 4993K(9920K), 0.0000885 secs] [Times: user=0.00 sys=0.00, real=0.00 secs] 
11.252: [CMS-concurrent-mark-start]
11.252: [GC (Allocation Failure) 11.252: [ParNew: 0K->0K(3072K), 0.0002318 secs]11.252: [CMS11.261: [CMS-concurrent-mark: 0.001/0.010 secs] [Times: user=0.00 sys=0.00, real=0.01 secs] 
 (concurrent mode failure): 4993K->897K(6848K), 0.0118823 secs] 4993K->897K(9920K), [Metaspace: 3664K->3664K(1056768K)], 0.0121989 secs] [Times: user=0.00 sys=0.00, real=0.01 secs] 
11.264: [GC (Allocation Failure) 11.264: [ParNew: 0K->0K(3072K), 0.0002116 secs]11.264: [CMS: 4993K->897K(6848K), 0.0018799 secs] 4993K->897K(9920K), [Metaspace: 3664K->3664K(1056768K)], 0.0021605 secs] [Times: user=0.00 sys=0.00, real=0.00 secs] 
11.267: [GC (CMS Initial Mark) [1 CMS-initial-mark: 4993K(6848K)] 4993K(9920K), 0.0000796 secs] [Times: user=0.00 sys=0.00, real=0.00 secs] 
11.267: [CMS-concurrent-mark-start]
11.267: [GC (Allocation Failure) 11.267: [ParNew: 0K->0K(3072K), 0.0002700 secs]11.267: [CMS11.278: [CMS-concurrent-mark: 0.002/0.011 secs] [Times: user=0.00 sys=0.00, real=0.01 secs] 
 (concurrent mode failure): 4993K->897K(6848K), 0.0127506 secs] 4993K->897K(9920K), [Metaspace: 3664K->3664K(1056768K)], 0.0130914 secs] [Times: user=0.00 sys=0.00, real=0.01 secs] 
11.280: [GC (Allocation Failure) 11.280: [ParNew: 0K->0K(3072K), 0.0002786 secs]11.281: [CMS: 4993K->897K(6848K), 0.0018529 secs] 4993K->897K(9920K), [Metaspace: 3664K->3664K(1056768K)], 0.0022013 secs] [Times: user=0.00 sys=0.00, real=0.00 secs] 
11.283: [GC (CMS Initial Mark) [1 CMS-initial-mark: 4993K(6848K)] 4993K(9920K), 0.0001135 secs] [Times: user=0.00 sys=0.00, real=0.00 secs] 
11.283: [CMS-concurrent-mark-start]
11.283: [GC (Allocation Failure) 11.283: [ParNew: 0K->0K(3072K), 0.0002152 secs]11.283: [CMS11.293: [CMS-concurrent-mark: 0.001/0.010 secs] [Times: user=0.00 sys=0.00, real=0.01 secs] 
 (concurrent mode failure): 4993K->897K(6848K), 0.0125692 secs] 4993K->897K(9920K), [Metaspace: 3664K->3664K(1056768K)], 0.0128587 secs] [Times: user=0.00 sys=0.00, real=0.01 secs] 
11.296: [GC (Allocation Failure) 11.296: [ParNew: 0K->0K(3072K), 0.0002723 secs]11.297: [CMS: 4993K->897K(6848K), 0.0018744 secs] 4993K->897K(9920K), [Metaspace: 3664K->3664K(1056768K)], 0.0022173 secs] [Times: user=0.00 sys=0.00, real=0.00 secs] 
11.299: [GC (CMS Initial Mark) [1 CMS-initial-mark: 4993K(6848K)] 4993K(9920K), 0.0001611 secs] [Times: user=0.00 sys=0.00, real=0.00 secs] 
11.299: [CMS-concurrent-mark-start]
11.299: [GC (Allocation Failure) 11.299: [ParNew: 0K->0K(3072K), 0.0002988 secs]11.300: [CMS11.309: [CMS-concurrent-mark: 0.001/0.010 secs] [Times: user=0.00 sys=0.00, real=0.01 secs] 
 (concurrent mode failure): 4993K->897K(6848K), 0.0119394 secs] 4993K->897K(9920K), [Metaspace: 3664K->3664K(1056768K)], 0.0123253 secs] [Times: user=0.00 sys=0.00, real=0.01 secs] 
11.312: [GC (Allocation Failure) 11.312: [ParNew: 0K->0K(3072K), 0.0003031 secs]11.312: [CMS: 4993K->897K(6848K), 0.0018262 secs] 4993K->897K(9920K), [Metaspace: 3664K->3664K(1056768K)], 0.0021940 secs] [Times: user=0.00 sys=0.00, real=0.00 secs] 
11.314: [GC (CMS Initial Mark) [1 CMS-initial-mark: 4993K(6848K)] 4993K(9920K), 0.0000921 secs] [Times: user=0.00 sys=0.00, real=0.00 secs] 
11.315: [CMS-concurrent-mark-start]
11.315: [GC (Allocation Failure) 11.315: [ParNew: 0K->0K(3072K), 0.0001921 secs]11.315: [CMS11.325: [CMS-concurrent-mark: 0.002/0.011 secs] [Times: user=0.00 sys=0.00, real=0.01 secs] 
 (concurrent mode failure): 4993K->897K(6848K), 0.0123103 secs] 4993K->897K(9920K), [Metaspace: 3664K->3664K(1056768K)], 0.0125717 secs] [Times: user=0.00 sys=0.00, real=0.01 secs] 
11.328: [GC (Allocation Failure) 11.328: [ParNew: 0K->0K(3072K), 0.0003917 secs]11.328: [CMS: 4993K->897K(6848K), 0.0017729 secs] 4993K->897K(9920K), [Metaspace: 3664K->3664K(1056768K)], 0.0022315 secs] [Times: user=0.00 sys=0.00, real=0.00 secs] 
11.330: [GC (CMS Initial Mark) [1 CMS-initial-mark: 4993K(6848K)] 4993K(9920K), 0.0001987 secs] [Times: user=0.00 sys=0.00, real=0.00 secs] 
11.330: [CMS-concurrent-mark-start]
11.330: [GC (Allocation Failure) 11.330: [ParNew: 0K->0K(3072K), 0.0003090 secs]11.331: [CMS11.340: [CMS-concurrent-mark: 0.001/0.010 secs] [Times: user=0.00 sys=0.00, real=0.01 secs] 
 (concurrent mode failure): 4993K->897K(6848K), 0.0121677 secs] 4993K->897K(9920K), [Metaspace: 3664K->3664K(1056768K)], 0.0125454 secs] [Times: user=0.00 sys=0.00, real=0.01 secs] 
11.343: [GC (Allocation Failure) 11.343: [ParNew: 0K->0K(3072K), 0.0002562 secs]11.344: [CMS: 4993K->897K(6848K), 0.0025513 secs] 4993K->897K(9920K), [Metaspace: 3664K->3664K(1056768K)], 0.0028860 secs] [Times: user=0.00 sys=0.00, real=0.00 secs] 
11.347: [GC (CMS Initial Mark) [1 CMS-initial-mark: 4993K(6848K)] 4993K(9920K), 0.0001769 secs] [Times: user=0.00 sys=0.00, real=0.00 secs] 
11.347: [CMS-concurrent-mark-start]
11.347: [GC (Allocation Failure) 11.347: [ParNew: 0K->0K(3072K), 0.0002328 secs]11.347: [CMS11.356: [CMS-concurrent-mark: 0.001/0.009 secs] [Times: user=0.00 sys=0.00, real=0.01 secs] 
 (concurrent mode failure): 4993K->897K(6848K), 0.0117696 secs] 4993K->897K(9920K), [Metaspace: 3664K->3664K(1056768K)], 0.0120812 secs] [Times: user=0.00 sys=0.00, real=0.01 secs] 
11.360: [GC (Allocation Failure) 11.360: [ParNew: 0K->0K(3072K), 0.0003010 secs]11.360: [CMS: 4993K->897K(6848K), 0.0031352 secs] 4993K->897K(9920K), [Metaspace: 3664K->3664K(1056768K)], 0.0035399 secs] [Times: user=0.00 sys=0.00, real=0.00 secs] 
11.363: [GC (CMS Initial Mark) [1 CMS-initial-mark: 4993K(6848K)] 4993K(9920K), 0.0001326 secs] [Times: user=0.00 sys=0.00, real=0.00 secs] 
11.364: [CMS-concurrent-mark-start]
11.364: [GC (Allocation Failure) 11.364: [ParNew: 0K->0K(3072K), 0.0002763 secs]11.364: [CMS11.372: [CMS-concurrent-mark: 0.001/0.008 secs] [Times: user=0.00 sys=0.00, real=0.01 secs] 
 (concurrent mode failure): 4993K->897K(6848K), 0.0122382 secs] 4993K->897K(9920K), [Metaspace: 3664K->3664K(1056768K)], 0.0126187 secs] [Times: user=0.00 sys=0.00, real=0.01 secs] 
11.377: [GC (Allocation Failure) 11.377: [ParNew: 0K->0K(3072K), 0.0003890 secs]11.378: [CMS: 4993K->897K(6848K), 0.0038308 secs] 4993K->897K(9920K), [Metaspace: 3664K->3664K(1056768K)], 0.0043390 secs] [Times: user=0.01 sys=0.00, real=0.01 secs] 
11.382: [GC (CMS Initial Mark) [1 CMS-initial-mark: 4993K(6848K)] 4993K(9920K), 0.0001219 secs] [Times: user=0.00 sys=0.00, real=0.00 secs] 
11.382: [CMS-concurrent-mark-start]
11.382: [GC (Allocation Failure) 11.382: [ParNew: 0K->0K(3072K), 0.0004176 secs]11.383: [CMS11.387: [CMS-concurrent-mark: 0.002/0.005 secs] [Times: user=0.00 sys=0.00, real=0.00 secs] 
 (concurrent mode failure): 4993K->897K(6848K), 0.0082169 secs] 4993K->897K(9920K), [Metaspace: 3664K->3664K(1056768K)], 0.0087415 secs] [Times: user=0.00 sys=0.00, real=0.01 secs] 
11.392: [GC (Allocation Failure) 11.392: [ParNew: 0K->0K(3072K), 0.0003031 secs]11.392: [CMS: 4993K->897K(6848K), 0.0038404 secs] 4993K->897K(9920K), [Metaspace: 3664K->3664K(1056768K)], 0.0042982 secs] [Times: user=0.02 sys=0.00, real=0.00 secs] 
11.397: [GC (CMS Initial Mark) [1 CMS-initial-mark: 4993K(6848K)] 4993K(9920K), 0.0001673 secs] [Times: user=0.00 sys=0.00, real=0.00 secs] 
11.397: [CMS-concurrent-mark-start]
11.397: [GC (Allocation Failure) 11.397: [ParNew: 0K->0K(3072K), 0.0002955 secs]11.398: [CMS11.403: [CMS-concurrent-mark: 0.002/0.006 secs] [Times: user=0.00 sys=0.00, real=0.01 secs] 
 (concurrent mode failure): 4993K->897K(6848K), 0.0092791 secs] 4993K->897K(9920K), [Metaspace: 3664K->3664K(1056768K)], 0.0096794 secs] [Times: user=0.00 sys=0.00, real=0.01 secs] 
11.408: [GC (Allocation Failure) 11.408: [ParNew: 0K->0K(3072K), 0.0003893 secs]11.409: [CMS: 4993K->897K(6848K), 0.0033601 secs] 4993K->897K(9920K), [Metaspace: 3664K->3664K(1056768K)], 0.0038538 secs] [Times: user=0.01 sys=0.00, real=0.00 secs] 
11.412: [GC (CMS Initial Mark) [1 CMS-initial-mark: 4993K(6848K)] 4993K(9920K), 0.0001396 secs] [Times: user=0.00 sys=0.00, real=0.00 secs] 
11.413: [CMS-concurrent-mark-start]
11.413: [GC (Allocation Failure) 11.413: [ParNew: 0K->0K(3072K), 0.0003605 secs]11.413: [CMS11.419: [CMS-concurrent-mark: 0.002/0.006 secs] [Times: user=0.00 sys=0.00, real=0.01 secs] 
 (concurrent mode failure): 4993K->897K(6848K), 0.0083820 secs] 4993K->897K(9920K), [Metaspace: 3664K->3664K(1056768K)], 0.0088301 secs] [Times: user=0.00 sys=0.00, real=0.01 secs] 
11.422: [GC (Allocation Failure) 11.422: [ParNew: 0K->0K(3072K), 0.0002811 secs]11.422: [CMS: 4993K->897K(6848K), 0.0034013 secs] 4993K->897K(9920K), [Metaspace: 3664K->3664K(1056768K)], 0.0037683 secs] [Times: user=0.00 sys=0.00, real=0.00 secs] 
11.426: [GC (CMS Initial Mark) [1 CMS-initial-mark: 4993K(6848K)] 4993K(9920K), 0.0001716 secs] [Times: user=0.00 sys=0.00, real=0.00 secs] 
11.426: [CMS-concurrent-mark-start]
11.426: [GC (Allocation Failure) 11.426: [ParNew: 0K->0K(3072K), 0.0002599 secs]11.427: [CMS11.434: [CMS-concurrent-mark: 0.002/0.007 secs] [Times: user=0.00 sys=0.00, real=0.01 secs] 
 (concurrent mode failure): 4993K->897K(6848K), 0.0093408 secs] 4993K->897K(9920K), [Metaspace: 3664K->3664K(1056768K)], 0.0096827 secs] [Times: user=0.00 sys=0.00, real=0.01 secs] 
11.436: [GC (Allocation Failure) 11.436: [ParNew: 0K->0K(3072K), 0.0002295 secs]11.437: [CMS: 4993K->897K(6848K), 0.0018852 secs] 4993K->897K(9920K), [Metaspace: 3664K->3664K(1056768K)], 0.0021829 secs] [Times: user=0.00 sys=0.00, real=0.00 secs] 
11.439: [GC (CMS Initial Mark) [1 CMS-initial-mark: 4993K(6848K)] 4993K(9920K), 0.0003909 secs] [Times: user=0.00 sys=0.00, real=0.00 secs] 
11.439: [CMS-concurrent-mark-start]
11.440: [GC (Allocation Failure) 11.440: [ParNew: 0K->0K(3072K), 0.0003555 secs]11.440: [CMS11.449: [CMS-concurrent-mark: 0.001/0.010 secs] [Times: user=0.00 sys=0.00, real=0.01 secs] 
 (concurrent mode failure): 4993K->897K(6848K), 0.0117103 secs] 4993K->897K(9920K), [Metaspace: 3664K->3664K(1056768K)], 0.0121575 secs] [Times: user=0.00 sys=0.00, real=0.01 secs] 
11.452: [GC (Allocation Failure) 11.452: [ParNew: 0K->0K(3072K), 0.0002239 secs]11.452: [CMS: 4993K->897K(6848K), 0.0019282 secs] 4993K->897K(9920K), [Metaspace: 3664K->3664K(1056768K)], 0.0022304 secs] [Times: user=0.00 sys=0.00, real=0.00 secs] 
11.455: [GC (CMS Initial Mark) [1 CMS-initial-mark: 4993K(6848K)] 4993K(9920K), 0.0001198 secs] [Times: user=0.00 sys=0.00, real=0.00 secs] 
11.455: [CMS-concurrent-mark-start]
11.455: [GC (Allocation Failure) 11.455: [ParNew: 0K->0K(3072K), 0.0002279 secs]11.455: [CMS11.464: [CMS-concurrent-mark: 0.002/0.010 secs] [Times: user=0.00 sys=0.00, real=0.01 secs] 
 (concurrent mode failure): 4993K->897K(6848K), 0.0118455 secs] 4993K->897K(9920K), [Metaspace: 3664K->3664K(1056768K)], 0.0121455 secs] [Times: user=0.00 sys=0.00, real=0.01 secs] 
11.467: [GC (Allocation Failure) 11.467: [ParNew: 0K->0K(3072K), 0.0002237 secs]11.468: [CMS: 4993K->897K(6848K), 0.0018974 secs] 4993K->897K(9920K), [Metaspace: 3664K->3664K(1056768K)], 0.0021888 secs] [Times: user=0.00 sys=0.00, real=0.00 secs] 
11.470: [GC (CMS Initial Mark) [1 CMS-initial-mark: 4993K(6848K)] 4993K(9920K), 0.0001505 secs] [Times: user=0.00 sys=0.00, real=0.00 secs] 
11.470: [CMS-concurrent-mark-start]
11.470: [GC (Allocation Failure) 11.470: [ParNew: 0K->0K(3072K), 0.0002979 secs]11.470: [CMS11.480: [CMS-concurrent-mark: 0.002/0.010 secs] [Times: user=0.00 sys=0.00, real=0.01 secs] 
 (concurrent mode failure): 4993K->897K(6848K), 0.0120601 secs] 4993K->897K(9920K), [Metaspace: 3664K->3664K(1056768K)], 0.0124403 secs] [Times: user=0.00 sys=0.00, real=0.01 secs] 
11.483: [GC (Allocation Failure) 11.483: [ParNew: 0K->0K(3072K), 0.0002912 secs]11.483: [CMS: 4993K->897K(6848K), 0.0020129 secs] 4993K->897K(9920K), [Metaspace: 3664K->3664K(1056768K)], 0.0023895 secs] [Times: user=0.00 sys=0.00, real=0.00 secs] 
11.486: [GC (CMS Initial Mark) [1 CMS-initial-mark: 4993K(6848K)] 4993K(9920K), 0.0001361 secs] [Times: user=0.00 sys=0.00, real=0.00 secs] 
11.486: [CMS-concurrent-mark-start]
11.486: [GC (Allocation Failure) 11.486: [ParNew: 0K->0K(3072K), 0.0002395 secs]11.486: [CMS11.495: [CMS-concurrent-mark: 0.002/0.009 secs] [Times: user=0.00 sys=0.00, real=0.01 secs] 
 (concurrent mode failure): 4993K->897K(6848K), 0.0109460 secs] 4993K->897K(9920K), [Metaspace: 3664K->3664K(1056768K)], 0.0112651 secs] [Times: user=0.00 sys=0.00, real=0.01 secs] 
11.498: [GC (Allocation Failure) 11.498: [ParNew: 0K->0K(3072K), 0.0002226 secs]11.498: [CMS: 4993K->897K(6848K), 0.0018620 secs] 4993K->897K(9920K), [Metaspace: 3664K->3664K(1056768K)], 0.0021687 secs] [Times: user=0.00 sys=0.00, real=0.00 secs] 
11.500: [GC (CMS Initial Mark) [1 CMS-initial-mark: 4993K(6848K)] 4993K(9920K), 0.0000979 secs] [Times: user=0.00 sys=0.00, real=0.00 secs] 
11.500: [CMS-concurrent-mark-start]
11.500: [GC (Allocation Failure) 11.500: [ParNew: 0K->0K(3072K), 0.0002057 secs]11.501: [CMS11.510: [CMS-concurrent-mark: 0.001/0.010 secs] [Times: user=0.00 sys=0.00, real=0.01 secs] 
 (concurrent mode failure): 4993K->897K(6848K), 0.0117468 secs] 4993K->897K(9920K), [Metaspace: 3664K->3664K(1056768K)], 0.0120230 secs] [Times: user=0.00 sys=0.00, real=0.01 secs] 
11.513: [GC (Allocation Failure) 11.513: [ParNew: 0K->0K(3072K), 0.0003251 secs]11.513: [CMS: 4993K->897K(6848K), 0.0020097 secs] 4993K->897K(9920K), [Metaspace: 3664K->3664K(1056768K)], 0.0024187 secs] [Times: user=0.00 sys=0.00, real=0.00 secs] 
11.515: [GC (CMS Initial Mark) [1 CMS-initial-mark: 4993K(6848K)] 4993K(9920K), 0.0000925 secs] [Times: user=0.00 sys=0.00, real=0.00 secs] 
11.516: [CMS-concurrent-mark-start]
11.516: [GC (Allocation Failure) 11.516: [ParNew: 0K->0K(3072K), 0.0002191 secs]11.516: [CMS11.526: [CMS-concurrent-mark: 0.002/0.010 secs] [Times: user=0.00 sys=0.00, real=0.01 secs] 
 (concurrent mode failure): 4993K->897K(6848K), 0.0121481 secs] 4993K->897K(9920K), [Metaspace: 3664K->3664K(1056768K)], 0.0124386 secs] [Times: user=0.00 sys=0.00, real=0.01 secs] 
11.528: [GC (Allocation Failure) 11.528: [ParNew: 0K->0K(3072K), 0.0002153 secs]11.529: [CMS: 4993K->897K(6848K), 0.0021215 secs] 4993K->897K(9920K), [Metaspace: 3664K->3664K(1056768K)], 0.0024172 secs] [Times: user=0.00 sys=0.00, real=0.00 secs] 
11.531: [GC (CMS Initial Mark) [1 CMS-initial-mark: 4993K(6848K)] 4993K(9920K), 0.0001595 secs] [Times: user=0.00 sys=0.00, real=0.00 secs] 
11.531: [CMS-concurrent-mark-start]
11.531: [GC (Allocation Failure) 11.531: [ParNew: 0K->0K(3072K), 0.0002996 secs]11.532: [CMS11.541: [CMS-concurrent-mark: 0.002/0.010 secs] [Times: user=0.00 sys=0.00, real=0.01 secs] 
 (concurrent mode failure): 4993K->897K(6848K), 0.0117647 secs] 4993K->897K(9920K), [Metaspace: 3664K->3664K(1056768K)], 0.0121550 secs] [Times: user=0.00 sys=0.00, real=0.01 secs] 
11.544: [GC (Allocation Failure) 11.544: [ParNew: 0K->0K(3072K), 0.0003221 secs]11.544: [CMS: 4993K->897K(6848K), 0.0020809 secs] 4993K->897K(9920K), [Metaspace: 3664K->3664K(1056768K)], 0.0024806 secs] [Times: user=0.00 sys=0.00, real=0.00 secs] 
11.547: [GC (CMS Initial Mark) [1 CMS-initial-mark: 4993K(6848K)] 4993K(9920K), 0.0002479 secs] [Times: user=0.00 sys=0.00, real=0.00 secs] 
11.547: [CMS-concurrent-mark-start]
11.547: [GC (Allocation Failure) 11.547: [ParNew: 0K->0K(3072K), 0.0002161 secs]11.547: [CMS11.556: [CMS-concurrent-mark: 0.002/0.009 secs] [Times: user=0.00 sys=0.00, real=0.01 secs] 
 (concurrent mode failure): 4993K->897K(6848K), 0.0120309 secs] 4993K->897K(9920K), [Metaspace: 3664K->3664K(1056768K)], 0.0123201 secs] [Times: user=0.00 sys=0.00, real=0.01 secs] 
11.560: [GC (Allocation Failure) 11.560: [ParNew: 0K->0K(3072K), 0.0003070 secs]11.560: [CMS: 4993K->897K(6848K), 0.0023116 secs] 4993K->897K(9920K), [Metaspace: 3664K->3664K(1056768K)], 0.0026964 secs] [Times: user=0.00 sys=0.00, real=0.00 secs] 
11.563: [GC (CMS Initial Mark) [1 CMS-initial-mark: 4993K(6848K)] 4993K(9920K), 0.0001141 secs] [Times: user=0.00 sys=0.00, real=0.00 secs] 
11.563: [CMS-concurrent-mark-start]
11.563: [GC (Allocation Failure) 11.563: [ParNew: 0K->0K(3072K), 0.0001799 secs]11.563: [CMS11.572: [CMS-concurrent-mark: 0.002/0.009 secs] [Times: user=0.00 sys=0.00, real=0.01 secs] 
 (concurrent mode failure): 4993K->897K(6848K), 0.0119025 secs] 4993K->897K(9920K), [Metaspace: 3664K->3664K(1056768K)], 0.0121667 secs] [Times: user=0.00 sys=0.00, real=0.01 secs] 
11.576: [GC (Allocation Failure) 11.576: [ParNew: 0K->0K(3072K), 0.0002624 secs]11.576: [CMS: 4993K->897K(6848K), 0.0018407 secs] 4993K->897K(9920K), [Metaspace: 3664K->3664K(1056768K)], 0.0021770 secs] [Times: user=0.00 sys=0.00, real=0.00 secs] 
11.578: [GC (CMS Initial Mark) [1 CMS-initial-mark: 4993K(6848K)] 4993K(9920K), 0.0001224 secs] [Times: user=0.00 sys=0.00, real=0.00 secs] 
11.578: [CMS-concurrent-mark-start]
11.578: [GC (Allocation Failure) 11.578: [ParNew: 0K->0K(3072K), 0.0001847 secs]11.579: [CMS11.592: [CMS-concurrent-mark: 0.006/0.014 secs] [Times: user=0.00 sys=0.00, real=0.02 secs] 
 (concurrent mode failure): 4993K->897K(6848K), 0.0205550 secs] 4993K->897K(9920K), [Metaspace: 3664K->3664K(1056768K)], 0.0208425 secs] [Times: user=0.02 sys=0.00, real=0.02 secs] 
11.600: [GC (Allocation Failure) 11.600: [ParNew: 0K->0K(3072K), 0.0006570 secs]11.601: [CMS: 4993K->897K(6848K), 0.0041689 secs] 4993K->897K(9920K), [Metaspace: 3664K->3664K(1056768K)], 0.0049745 secs] [Times: user=0.00 sys=0.00, real=0.01 secs] 
11.605: [GC (CMS Initial Mark) [1 CMS-initial-mark: 4993K(6848K)] 4993K(9920K), 0.0002605 secs] [Times: user=0.00 sys=0.00, real=0.00 secs] 
11.606: [CMS-concurrent-mark-start]
11.606: [GC (Allocation Failure) 11.606: [ParNew: 0K->0K(3072K), 0.0003758 secs]11.606: [CMS11.619: [CMS-concurrent-mark: 0.002/0.013 secs] [Times: user=0.00 sys=0.00, real=0.01 secs] 
 (concurrent mode failure): 4993K->897K(6848K), 0.0151240 secs] 4993K->897K(9920K), [Metaspace: 3664K->3664K(1056768K)], 0.0155914 secs] [Times: user=0.00 sys=0.00, real=0.02 secs] 
11.622: [GC (Allocation Failure) 11.622: [ParNew: 0K->0K(3072K), 0.0003123 secs]11.622: [CMS: 4993K->897K(6848K), 0.0027551 secs] 4993K->897K(9920K), [Metaspace: 3664K->3664K(1056768K)], 0.0031469 secs] [Times: user=0.00 sys=0.00, real=0.00 secs] 
11.625: [GC (CMS Initial Mark) [1 CMS-initial-mark: 4993K(6848K)] 4993K(9920K), 0.0001191 secs] [Times: user=0.00 sys=0.00, real=0.00 secs] 
11.625: [CMS-concurrent-mark-start]
11.625: [GC (Allocation Failure) 11.625: [ParNew: 0K->0K(3072K), 0.0002213 secs]11.626: [CMS11.635: [CMS-concurrent-mark: 0.002/0.010 secs] [Times: user=0.00 sys=0.00, real=0.01 secs] 
 (concurrent mode failure): 4993K->897K(6848K), 0.0124204 secs] 4993K->897K(9920K), [Metaspace: 3664K->3664K(1056768K)], 0.0127157 secs] [Times: user=0.00 sys=0.00, real=0.01 secs] 
11.639: [GC (Allocation Failure) 11.639: [ParNew: 0K->0K(3072K), 0.0003379 secs]11.639: [CMS: 4993K->897K(6848K), 0.0033074 secs] 4993K->897K(9920K), [Metaspace: 3664K->3664K(1056768K)], 0.0037375 secs] [Times: user=0.00 sys=0.00, real=0.00 secs] 
11.643: [GC (CMS Initial Mark) [1 CMS-initial-mark: 4993K(6848K)] 4993K(9920K), 0.0001966 secs] [Times: user=0.00 sys=0.00, real=0.00 secs] 
11.643: [CMS-concurrent-mark-start]
11.643: [GC (Allocation Failure) 11.643: [ParNew: 0K->0K(3072K), 0.0003004 secs]11.643: [CMS11.650: [CMS-concurrent-mark: 0.001/0.007 secs] [Times: user=0.00 sys=0.00, real=0.01 secs] 
 (concurrent mode failure): 4993K->897K(6848K), 0.0088847 secs] 4993K->897K(9920K), [Metaspace: 3664K->3664K(1056768K)], 0.0092603 secs] [Times: user=0.00 sys=0.00, real=0.01 secs] 
11.653: [GC (Allocation Failure) 11.653: [ParNew: 0K->0K(3072K), 0.0002624 secs]11.653: [CMS: 4993K->897K(6848K), 0.0019850 secs] 4993K->897K(9920K), [Metaspace: 3664K->3664K(1056768K)], 0.0023197 secs] [Times: user=0.00 sys=0.00, real=0.00 secs] 
11.655: [GC (CMS Initial Mark) [1 CMS-initial-mark: 4993K(6848K)] 4993K(9920K), 0.0001178 secs] [Times: user=0.00 sys=0.00, real=0.00 secs] 
11.656: [CMS-concurrent-mark-start]
11.656: [GC (Allocation Failure) 11.656: [ParNew: 0K->0K(3072K), 0.0002873 secs]11.656: [CMS11.666: [CMS-concurrent-mark: 0.002/0.010 secs] [Times: user=0.00 sys=0.00, real=0.01 secs] 
 (concurrent mode failure): 4993K->897K(6848K), 0.0119974 secs] 4993K->897K(9920K), [Metaspace: 3664K->3664K(1056768K)], 0.0123683 secs] [Times: user=0.00 sys=0.00, real=0.01 secs] 
11.668: [GC (Allocation Failure) 11.668: [ParNew: 0K->0K(3072K), 0.0001998 secs]11.669: [CMS: 4993K->897K(6848K), 0.0019584 secs] 4993K->897K(9920K), [Metaspace: 3664K->3664K(1056768K)], 0.0022349 secs] [Times: user=0.00 sys=0.00, real=0.00 secs] 
11.671: [GC (CMS Initial Mark) [1 CMS-initial-mark: 4993K(6848K)] 4993K(9920K), 0.0001544 secs] [Times: user=0.00 sys=0.00, real=0.00 secs] 
11.671: [CMS-concurrent-mark-start]
11.671: [GC (Allocation Failure) 11.671: [ParNew: 0K->0K(3072K), 0.0002572 secs]11.671: [CMS11.681: [CMS-concurrent-mark: 0.001/0.010 secs] [Times: user=0.00 sys=0.00, real=0.01 secs] 
 (concurrent mode failure): 4993K->897K(6848K), 0.0117401 secs] 4993K->897K(9920K), [Metaspace: 3664K->3664K(1056768K)], 0.0120679 secs] [Times: user=0.00 sys=0.00, real=0.01 secs] 
11.684: [GC (Allocation Failure) 11.684: [ParNew: 0K->0K(3072K), 0.0002331 secs]11.684: [CMS: 4993K->897K(6848K), 0.0018267 secs] 4993K->897K(9920K), [Metaspace: 3664K->3664K(1056768K)], 0.0021198 secs] [Times: user=0.00 sys=0.00, real=0.00 secs] 
11.686: [GC (CMS Initial Mark) [1 CMS-initial-mark: 4993K(6848K)] 4993K(9920K), 0.0001885 secs] [Times: user=0.00 sys=0.00, real=0.00 secs] 
11.686: [CMS-concurrent-mark-start]
11.686: [GC (Allocation Failure) 11.686: [ParNew: 0K->0K(3072K), 0.0002210 secs]11.687: [CMS11.696: [CMS-concurrent-mark: 0.002/0.010 secs] [Times: user=0.00 sys=0.00, real=0.01 secs] 
 (concurrent mode failure): 4993K->897K(6848K), 0.0121494 secs] 4993K->897K(9920K), [Metaspace: 3664K->3664K(1056768K)], 0.0124582 secs] [Times: user=0.00 sys=0.00, real=0.01 secs] 
11.699: [GC (Allocation Failure) 11.699: [ParNew: 0K->0K(3072K), 0.0002235 secs]11.699: [CMS: 4993K->897K(6848K), 0.0018903 secs] 4993K->897K(9920K), [Metaspace: 3664K->3664K(1056768K)], 0.0021793 secs] [Times: user=0.00 sys=0.00, real=0.00 secs] 
11.702: [GC (CMS Initial Mark) [1 CMS-initial-mark: 4993K(6848K)] 4993K(9920K), 0.0001043 secs] [Times: user=0.00 sys=0.00, real=0.00 secs] 
11.702: [CMS-concurrent-mark-start]
11.702: [GC (Allocation Failure) 11.702: [ParNew: 0K->0K(3072K), 0.0001957 secs]11.702: [CMS11.712: [CMS-concurrent-mark: 0.001/0.010 secs] [Times: user=0.00 sys=0.00, real=0.01 secs] 
 (concurrent mode failure): 4993K->897K(6848K), 0.0118565 secs] 4993K->897K(9920K), [Metaspace: 3664K->3664K(1056768K)], 0.0121308 secs] [Times: user=0.00 sys=0.00, real=0.01 secs] 
11.714: [GC (Allocation Failure) 11.714: [ParNew: 0K->0K(3072K), 0.0002730 secs]11.715: [CMS: 4993K->897K(6848K), 0.0019491 secs] 4993K->897K(9920K), [Metaspace: 3664K->3664K(1056768K)], 0.0022972 secs] [Times: user=0.00 sys=0.00, real=0.00 secs] 
11.717: [GC (CMS Initial Mark) [1 CMS-initial-mark: 4993K(6848K)] 4993K(9920K), 0.0000920 secs] [Times: user=0.00 sys=0.00, real=0.00 secs] 
11.717: [CMS-concurrent-mark-start]
11.717: [GC (Allocation Failure) 11.717: [ParNew: 0K->0K(3072K), 0.0001875 secs]11.717: [CMS11.728: [CMS-concurrent-mark: 0.002/0.010 secs] [Times: user=0.00 sys=0.00, real=0.01 secs] 
 (concurrent mode failure): 4993K->897K(6848K), 0.0124411 secs] 4993K->897K(9920K), [Metaspace: 3664K->3664K(1056768K)], 0.0126945 secs] [Times: user=0.00 sys=0.00, real=0.01 secs] 
11.730: [GC (Allocation Failure) 11.730: [ParNew: 0K->0K(3072K), 0.0002317 secs]11.731: [CMS: 4993K->897K(6848K), 0.0018131 secs] 4993K->897K(9920K), [Metaspace: 3664K->3664K(1056768K)], 0.0021106 secs] [Times: user=0.00 sys=0.00, real=0.00 secs] 
11.733: [GC (CMS Initial Mark) [1 CMS-initial-mark: 4993K(6848K)] 4993K(9920K), 0.0001312 secs] [Times: user=0.00 sys=0.00, real=0.00 secs] 
11.733: [CMS-concurrent-mark-start]
11.733: [GC (Allocation Failure) 11.733: [ParNew: 0K->0K(3072K), 0.0002440 secs]11.733: [CMS11.743: [CMS-concurrent-mark: 0.002/0.010 secs] [Times: user=0.00 sys=0.00, real=0.01 secs] 
 (concurrent mode failure): 4993K->897K(6848K), 0.0123299 secs] 4993K->897K(9920K), [Metaspace: 3664K->3664K(1056768K)], 0.0126462 secs] [Times: user=0.00 sys=0.00, real=0.01 secs] 
11.746: [GC (Allocation Failure) 11.746: [ParNew: 0K->0K(3072K), 0.0002067 secs]11.746: [CMS: 4993K->897K(6848K), 0.0019211 secs] 4993K->897K(9920K), [Metaspace: 3664K->3664K(1056768K)], 0.0021967 secs] [Times: user=0.00 sys=0.00, real=0.00 secs] 
11.748: [GC (CMS Initial Mark) [1 CMS-initial-mark: 4993K(6848K)] 4993K(9920K), 0.0001069 secs] [Times: user=0.00 sys=0.00, real=0.00 secs] 
11.749: [CMS-concurrent-mark-start]
11.749: [GC (Allocation Failure) 11.749: [ParNew: 0K->0K(3072K), 0.0002081 secs]11.749: [CMS11.759: [CMS-concurrent-mark: 0.001/0.010 secs] [Times: user=0.00 sys=0.00, real=0.01 secs] 
 (concurrent mode failure): 4993K->897K(6848K), 0.0119582 secs] 4993K->897K(9920K), [Metaspace: 3664K->3664K(1056768K)], 0.0122343 secs] [Times: user=0.00 sys=0.00, real=0.01 secs] 
11.761: [GC (Allocation Failure) 11.761: [ParNew: 0K->0K(3072K), 0.0002183 secs]11.761: [CMS: 4993K->897K(6848K), 0.0019296 secs] 4993K->897K(9920K), [Metaspace: 3664K->3664K(1056768K)], 0.0022169 secs] [Times: user=0.00 sys=0.00, real=0.00 secs] 
11.764: [GC (CMS Initial Mark) [1 CMS-initial-mark: 4993K(6848K)] 4993K(9920K), 0.0001099 secs] [Times: user=0.00 sys=0.00, real=0.00 secs] 
11.764: [CMS-concurrent-mark-start]
11.764: [GC (Allocation Failure) 11.764: [ParNew: 0K->0K(3072K), 0.0002021 secs]11.764: [CMS11.774: [CMS-concurrent-mark: 0.002/0.011 secs] [Times: user=0.00 sys=0.00, real=0.01 secs] 
 (concurrent mode failure): 4993K->897K(6848K), 0.0126313 secs] 4993K->897K(9920K), [Metaspace: 3664K->3664K(1056768K)], 0.0129095 secs] [Times: user=0.00 sys=0.00, real=0.01 secs] 
11.777: [GC (Allocation Failure) 11.777: [ParNew: 0K->0K(3072K), 0.0002919 secs]11.778: [CMS: 4993K->897K(6848K), 0.0017800 secs] 4993K->897K(9920K), [Metaspace: 3664K->3664K(1056768K)], 0.0021361 secs] [Times: user=0.00 sys=0.00, real=0.00 secs] 
11.780: [GC (CMS Initial Mark) [1 CMS-initial-mark: 4993K(6848K)] 4993K(9920K), 0.0001147 secs] [Times: user=0.00 sys=0.00, real=0.00 secs] 
11.780: [CMS-concurrent-mark-start]
11.780: [GC (Allocation Failure) 11.780: [ParNew: 0K->0K(3072K), 0.0002013 secs]11.780: [CMS11.790: [CMS-concurrent-mark: 0.002/0.010 secs] [Times: user=0.00 sys=0.00, real=0.01 secs] 
 (concurrent mode failure): 4993K->897K(6848K), 0.0125531 secs] 4993K->897K(9920K), [Metaspace: 3664K->3664K(1056768K)], 0.0128861 secs] [Times: user=0.00 sys=0.00, real=0.01 secs] 
11.793: [GC (Allocation Failure) 11.793: [ParNew: 0K->0K(3072K), 0.0002434 secs]11.794: [CMS: 4993K->897K(6848K), 0.0020048 secs] 4993K->897K(9920K), [Metaspace: 3664K->3664K(1056768K)], 0.0023238 secs] [Times: user=0.00 sys=0.00, real=0.00 secs] 
11.796: [GC (CMS Initial Mark) [1 CMS-initial-mark: 4993K(6848K)] 4993K(9920K), 0.0000774 secs] [Times: user=0.00 sys=0.00, real=0.00 secs] 
11.796: [CMS-concurrent-mark-start]
11.796: [GC (Allocation Failure) 11.796: [ParNew: 0K->0K(3072K), 0.0001921 secs]11.796: [CMS11.804: [CMS-concurrent-mark: 0.001/0.008 secs] [Times: user=0.00 sys=0.00, real=0.01 secs] 
 (concurrent mode failure): 4993K->897K(6848K), 0.0105741 secs] 4993K->897K(9920K), [Metaspace: 3664K->3664K(1056768K)], 0.0108641 secs] [Times: user=0.00 sys=0.00, real=0.01 secs] 
11.807: [GC (Allocation Failure) 11.807: [ParNew: 0K->0K(3072K), 0.0002202 secs]11.808: [CMS: 4993K->897K(6848K), 0.0019101 secs] 4993K->897K(9920K), [Metaspace: 3664K->3664K(1056768K)], 0.0021860 secs] [Times: user=0.00 sys=0.00, real=0.00 secs] 
11.810: [GC (CMS Initial Mark) [1 CMS-initial-mark: 4993K(6848K)] 4993K(9920K), 0.0001138 secs] [Times: user=0.00 sys=0.00, real=0.00 secs] 
11.810: [CMS-concurrent-mark-start]
11.810: [GC (Allocation Failure) 11.810: [ParNew: 0K->0K(3072K), 0.0002249 secs]11.811: [CMS11.820: [CMS-concurrent-mark: 0.002/0.010 secs] [Times: user=0.00 sys=0.00, real=0.01 secs] 
 (concurrent mode failure): 4993K->897K(6848K), 0.0117493 secs] 4993K->897K(9920K), [Metaspace: 3664K->3664K(1056768K)], 0.0120652 secs] [Times: user=0.00 sys=0.00, real=0.01 secs] 
11.823: [GC (Allocation Failure) 11.823: [ParNew: 0K->0K(3072K), 0.0003372 secs]11.823: [CMS: 4993K->897K(6848K), 0.0024396 secs] 4993K->897K(9920K), [Metaspace: 3664K->3664K(1056768K)], 0.0028805 secs] [Times: user=0.00 sys=0.00, real=0.00 secs] 
11.826: [GC (CMS Initial Mark) [1 CMS-initial-mark: 4993K(6848K)] 4993K(9920K), 0.0000873 secs] [Times: user=0.00 sys=0.00, real=0.00 secs] 
11.826: [CMS-concurrent-mark-start]
11.826: [GC (Allocation Failure) 11.826: [ParNew: 0K->0K(3072K), 0.0002022 secs]11.827: [CMS11.835: [CMS-concurrent-mark: 0.002/0.008 secs] [Times: user=0.00 sys=0.00, real=0.01 secs] 
 (concurrent mode failure): 4993K->897K(6848K), 0.0110768 secs] 4993K->897K(9920K), [Metaspace: 3664K->3664K(1056768K)], 0.0113622 secs] [Times: user=0.00 sys=0.00, real=0.01 secs] 
11.838: [GC (Allocation Failure) 11.838: [ParNew: 0K->0K(3072K), 0.0002128 secs]11.838: [CMS: 4993K->897K(6848K), 0.0026786 secs] 4993K->897K(9920K), [Metaspace: 3664K->3664K(1056768K)], 0.0029655 secs] [Times: user=0.00 sys=0.00, real=0.00 secs] 
11.841: [GC (CMS Initial Mark) [1 CMS-initial-mark: 4993K(6848K)] 4993K(9920K), 0.0001162 secs] [Times: user=0.00 sys=0.00, real=0.00 secs] 
11.842: [CMS-concurrent-mark-start]
11.842: [GC (Allocation Failure) 11.842: [ParNew: 0K->0K(3072K), 0.0002110 secs]11.842: [CMS11.855: [CMS-concurrent-mark: 0.006/0.013 secs] [Times: user=0.00 sys=0.00, real=0.01 secs] 
 (concurrent mode failure): 4993K->897K(6848K), 0.0201343 secs] 4993K->897K(9920K), [Metaspace: 3664K->3664K(1056768K)], 0.0204565 secs] [Times: user=0.00 sys=0.00, real=0.02 secs] 
11.863: [GC (Allocation Failure) 11.863: [ParNew: 0K->0K(3072K), 0.0005707 secs]11.863: [CMS: 4993K->897K(6848K), 0.0047419 secs] 4993K->897K(9920K), [Metaspace: 3664K->3664K(1056768K)], 0.0054734 secs] [Times: user=0.02 sys=0.00, real=0.01 secs] 
11.869: [GC (CMS Initial Mark) [1 CMS-initial-mark: 4993K(6848K)] 4993K(9920K), 0.0002909 secs] [Times: user=0.00 sys=0.00, real=0.00 secs] 
11.869: [CMS-concurrent-mark-start]
11.869: [GC (Allocation Failure) 11.869: [ParNew: 0K->0K(3072K), 0.0002377 secs]11.870: [CMS11.881: [CMS-concurrent-mark: 0.001/0.012 secs] [Times: user=0.00 sys=0.00, real=0.01 secs] 
 (concurrent mode failure): 4993K->897K(6848K), 0.0136890 secs] 4993K->897K(9920K), [Metaspace: 3664K->3664K(1056768K)], 0.0140008 secs] [Times: user=0.00 sys=0.00, real=0.01 secs] 
11.884: [GC (Allocation Failure) 11.884: [ParNew: 0K->0K(3072K), 0.0002488 secs]11.884: [CMS: 4993K->897K(6848K), 0.0018952 secs] 4993K->897K(9920K), [Metaspace: 3664K->3664K(1056768K)], 0.0022153 secs] [Times: user=0.00 sys=0.00, real=0.00 secs] 
11.886: [GC (CMS Initial Mark) [1 CMS-initial-mark: 4993K(6848K)] 4993K(9920K), 0.0000965 secs] [Times: user=0.00 sys=0.00, real=0.00 secs] 
11.886: [CMS-concurrent-mark-start]
11.886: [GC (Allocation Failure) 11.886: [ParNew: 0K->0K(3072K), 0.0002235 secs]11.887: [CMS11.897: [CMS-concurrent-mark: 0.002/0.010 secs] [Times: user=0.00 sys=0.00, real=0.01 secs] 
 (concurrent mode failure): 4993K->897K(6848K), 0.0125690 secs] 4993K->897K(9920K), [Metaspace: 3664K->3664K(1056768K)], 0.0128716 secs] [Times: user=0.00 sys=0.00, real=0.01 secs] 
11.900: [GC (Allocation Failure) 11.900: [ParNew: 0K->0K(3072K), 0.0002574 secs]11.900: [CMS: 4993K->897K(6848K), 0.0018566 secs] 4993K->897K(9920K), [Metaspace: 3664K->3664K(1056768K)], 0.0021807 secs] [Times: user=0.00 sys=0.00, real=0.00 secs] 
11.902: [GC (CMS Initial Mark) [1 CMS-initial-mark: 4993K(6848K)] 4993K(9920K), 0.0001152 secs] [Times: user=0.00 sys=0.00, real=0.00 secs] 
11.902: [CMS-concurrent-mark-start]
11.902: [GC (Allocation Failure) 11.902: [ParNew: 0K->0K(3072K), 0.0003007 secs]11.903: [CMS11.912: [CMS-concurrent-mark: 0.002/0.010 secs] [Times: user=0.00 sys=0.00, real=0.01 secs] 
 (concurrent mode failure): 4993K->897K(6848K), 0.0121027 secs] 4993K->897K(9920K), [Metaspace: 3664K->3664K(1056768K)], 0.0124771 secs] [Times: user=0.00 sys=0.00, real=0.01 secs] 
11.915: [GC (Allocation Failure) 11.915: [ParNew: 0K->0K(3072K), 0.0002313 secs]11.915: [CMS: 4993K->897K(6848K), 0.0019118 secs] 4993K->897K(9920K), [Metaspace: 3664K->3664K(1056768K)], 0.0022098 secs] [Times: user=0.00 sys=0.00, real=0.00 secs] 
11.918: [GC (CMS Initial Mark) [1 CMS-initial-mark: 4993K(6848K)] 4993K(9920K), 0.0001340 secs] [Times: user=0.00 sys=0.00, real=0.00 secs] 
11.918: [CMS-concurrent-mark-start]
11.918: [GC (Allocation Failure) 11.918: [ParNew: 0K->0K(3072K), 0.0003246 secs]11.918: [CMS11.928: [CMS-concurrent-mark: 0.002/0.010 secs] [Times: user=0.03 sys=0.00, real=0.01 secs] 
 (concurrent mode failure): 4993K->897K(6848K), 0.0114583 secs] 4993K->897K(9920K), [Metaspace: 3664K->3664K(1056768K)], 0.0118667 secs] [Times: user=0.03 sys=0.00, real=0.01 secs] 
11.930: [GC (Allocation Failure) 11.930: [ParNew: 0K->0K(3072K), 0.0002474 secs]11.931: [CMS: 4993K->897K(6848K), 0.0021351 secs] 4993K->897K(9920K), [Metaspace: 3664K->3664K(1056768K)], 0.0024613 secs] [Times: user=0.00 sys=0.00, real=0.00 secs] 
11.933: [GC (CMS Initial Mark) [1 CMS-initial-mark: 4993K(6848K)] 4993K(9920K), 0.0001165 secs] [Times: user=0.00 sys=0.00, real=0.00 secs] 
11.933: [CMS-concurrent-mark-start]
11.933: [GC (Allocation Failure) 11.933: [ParNew: 0K->0K(3072K), 0.0002357 secs]11.934: [CMS11.943: [CMS-concurrent-mark: 0.002/0.010 secs] [Times: user=0.03 sys=0.00, real=0.01 secs] 
 (concurrent mode failure): 4993K->897K(6848K), 0.0119576 secs] 4993K->897K(9920K), [Metaspace: 3664K->3664K(1056768K)], 0.0122754 secs] [Times: user=0.03 sys=0.00, real=0.01 secs] 
11.946: [GC (Allocation Failure) 11.946: [ParNew: 0K->0K(3072K), 0.0002488 secs]11.946: [CMS: 4993K->897K(6848K), 0.0018451 secs] 4993K->897K(9920K), [Metaspace: 3664K->3664K(1056768K)], 0.0021617 secs] [Times: user=0.00 sys=0.00, real=0.00 secs] 
11.949: [GC (CMS Initial Mark) [1 CMS-initial-mark: 4993K(6848K)] 4993K(9920K), 0.0000823 secs] [Times: user=0.00 sys=0.00, real=0.00 secs] 
11.949: [CMS-concurrent-mark-start]
11.949: [GC (Allocation Failure) 11.949: [ParNew: 0K->0K(3072K), 0.0002439 secs]11.949: [CMS11.958: [CMS-concurrent-mark: 0.001/0.010 secs] [Times: user=0.03 sys=0.00, real=0.01 secs] 
 (concurrent mode failure): 4993K->897K(6848K), 0.0114740 secs] 4993K->897K(9920K), [Metaspace: 3664K->3664K(1056768K)], 0.0117815 secs] [Times: user=0.03 sys=0.00, real=0.01 secs] 
11.961: [GC (Allocation Failure) 11.961: [ParNew: 0K->0K(3072K), 0.0002804 secs]11.961: [CMS: 4993K->897K(6848K), 0.0020062 secs] 4993K->897K(9920K), [Metaspace: 3664K->3664K(1056768K)], 0.0023588 secs] [Times: user=0.00 sys=0.00, real=0.00 secs] 
11.964: [GC (CMS Initial Mark) [1 CMS-initial-mark: 4993K(6848K)] 4993K(9920K), 0.0001213 secs] [Times: user=0.00 sys=0.00, real=0.00 secs] 
11.964: [CMS-concurrent-mark-start]
11.964: [GC (Allocation Failure) 11.964: [ParNew: 0K->0K(3072K), 0.0002215 secs]11.964: [CMS11.974: [CMS-concurrent-mark: 0.002/0.010 secs] [Times: user=0.03 sys=0.00, real=0.01 secs] 
 (concurrent mode failure): 4993K->897K(6848K), 0.0126947 secs] 4993K->897K(9920K), [Metaspace: 3664K->3664K(1056768K)], 0.0130049 secs] [Times: user=0.03 sys=0.00, real=0.01 secs] 
11.977: [GC (Allocation Failure) 11.977: [ParNew: 0K->0K(3072K), 0.0002520 secs]11.977: [CMS: 4993K->897K(6848K), 0.0018041 secs] 4993K->897K(9920K), [Metaspace: 3664K->3664K(1056768K)], 0.0021225 secs] [Times: user=0.00 sys=0.00, real=0.00 secs] 
11.980: [GC (CMS Initial Mark) [1 CMS-initial-mark: 4993K(6848K)] 4993K(9920K), 0.0001078 secs] [Times: user=0.00 sys=0.00, real=0.00 secs] 
11.980: [CMS-concurrent-mark-start]
11.980: [GC (Allocation Failure) 11.980: [ParNew: 0K->0K(3072K), 0.0002695 secs]11.980: [CMS11.989: [CMS-concurrent-mark: 0.001/0.009 secs] [Times: user=0.00 sys=0.00, real=0.01 secs] 
 (concurrent mode failure): 4993K->897K(6848K), 0.0113628 secs] 4993K->897K(9920K), [Metaspace: 3664K->3664K(1056768K)], 0.0117118 secs] [Times: user=0.02 sys=0.00, real=0.01 secs] 
11.992: [GC (Allocation Failure) 11.992: [ParNew: 0K->0K(3072K), 0.0002527 secs]11.992: [CMS: 4993K->897K(6848K), 0.0019090 secs] 4993K->897K(9920K), [Metaspace: 3664K->3664K(1056768K)], 0.0022308 secs] [Times: user=0.00 sys=0.00, real=0.00 secs] 
11.995: [GC (CMS Initial Mark) [1 CMS-initial-mark: 4993K(6848K)] 4993K(9920K), 0.0001426 secs] [Times: user=0.00 sys=0.00, real=0.00 secs] 
11.995: [CMS-concurrent-mark-start]
11.995: [GC (Allocation Failure) 11.995: [ParNew: 0K->0K(3072K), 0.0002492 secs]11.995: [CMS12.005: [CMS-concurrent-mark: 0.002/0.010 secs] [Times: user=0.03 sys=0.00, real=0.01 secs] 
 (concurrent mode failure): 4993K->897K(6848K), 0.0134150 secs] 4993K->897K(9920K), [Metaspace: 3664K->3664K(1056768K)], 0.0137596 secs] [Times: user=0.03 sys=0.00, real=0.01 secs] 
12.009: [GC (Allocation Failure) 12.009: [ParNew: 0K->0K(3072K), 0.0002934 secs]12.009: [CMS: 4993K->897K(6848K), 0.0027278 secs] 4993K->897K(9920K), [Metaspace: 3664K->3664K(1056768K)], 0.0031090 secs] [Times: user=0.00 sys=0.00, real=0.00 secs] 
12.013: [GC (CMS Initial Mark) [1 CMS-initial-mark: 4993K(6848K)] 4993K(9920K), 0.0002025 secs] [Times: user=0.00 sys=0.00, real=0.00 secs] 
12.013: [CMS-concurrent-mark-start]
12.013: [GC (Allocation Failure) 12.013: [ParNew: 0K->0K(3072K), 0.0002357 secs]12.013: [CMS12.020: [CMS-concurrent-mark: 0.001/0.007 secs] [Times: user=0.00 sys=0.00, real=0.01 secs] 
 (concurrent mode failure): 4993K->897K(6848K), 0.0087114 secs] 4993K->897K(9920K), [Metaspace: 3664K->3664K(1056768K)], 0.0090479 secs] [Times: user=0.01 sys=0.00, real=0.01 secs] 
12.022: [GC (Allocation Failure) 12.022: [ParNew: 0K->0K(3072K), 0.0003221 secs]12.023: [CMS: 4993K->897K(6848K), 0.0022635 secs] 4993K->897K(9920K), [Metaspace: 3664K->3664K(1056768K)], 0.0026691 secs] [Times: user=0.00 sys=0.00, real=0.00 secs] 
12.025: [GC (CMS Initial Mark) [1 CMS-initial-mark: 4993K(6848K)] 4993K(9920K), 0.0001263 secs] [Times: user=0.00 sys=0.00, real=0.00 secs] 
12.026: [CMS-concurrent-mark-start]
12.026: [GC (Allocation Failure) 12.026: [ParNew: 0K->0K(3072K), 0.0002463 secs]12.026: [CMS12.036: [CMS-concurrent-mark: 0.002/0.010 secs] [Times: user=0.00 sys=0.00, real=0.01 secs] 
 (concurrent mode failure): 4993K->897K(6848K), 0.0123422 secs] 4993K->897K(9920K), [Metaspace: 3664K->3664K(1056768K)], 0.0126832 secs] [Times: user=0.02 sys=0.00, real=0.01 secs] 
12.039: [GC (Allocation Failure) 12.039: [ParNew: 0K->0K(3072K), 0.0003452 secs]12.039: [CMS: 4993K->897K(6848K), 0.0025337 secs] 4993K->897K(9920K), [Metaspace: 3664K->3664K(1056768K)], 0.0029668 secs] [Times: user=0.00 sys=0.00, real=0.00 secs] 
12.042: [GC (CMS Initial Mark) [1 CMS-initial-mark: 4993K(6848K)] 4993K(9920K), 0.0001203 secs] [Times: user=0.00 sys=0.00, real=0.00 secs] 
12.042: [CMS-concurrent-mark-start]
12.042: [GC (Allocation Failure) 12.042: [ParNew: 0K->0K(3072K), 0.0003227 secs]12.043: [CMS12.051: [CMS-concurrent-mark: 0.002/0.008 secs] [Times: user=0.00 sys=0.00, real=0.01 secs] 
 (concurrent mode failure): 4993K->897K(6848K), 0.0104747 secs] 4993K->897K(9920K), [Metaspace: 3664K->3664K(1056768K)], 0.0108768 secs] [Times: user=0.01 sys=0.00, real=0.01 secs] 
12.054: [GC (Allocation Failure) 12.054: [ParNew: 0K->0K(3072K), 0.0002606 secs]12.054: [CMS: 4993K->897K(6848K), 0.0024968 secs] 4993K->897K(9920K), [Metaspace: 3664K->3664K(1056768K)], 0.0028731 secs] [Times: user=0.00 sys=0.00, real=0.00 secs] 
12.057: [GC (CMS Initial Mark) [1 CMS-initial-mark: 4993K(6848K)] 4993K(9920K), 0.0001349 secs] [Times: user=0.00 sys=0.00, real=0.00 secs] 
12.057: [CMS-concurrent-mark-start]
12.057: [GC (Allocation Failure) 12.058: [ParNew: 0K->0K(3072K), 0.0002365 secs]12.058: [CMS12.067: [CMS-concurrent-mark: 0.002/0.009 secs] [Times: user=0.00 sys=0.00, real=0.01 secs] 
 (concurrent mode failure): 4993K->897K(6848K), 0.0112521 secs] 4993K->897K(9920K), [Metaspace: 3664K->3664K(1056768K)], 0.0115621 secs] [Times: user=0.02 sys=0.00, real=0.01 secs] 
12.069: [GC (Allocation Failure) 12.069: [ParNew: 0K->0K(3072K), 0.0002627 secs]12.070: [CMS: 4993K->897K(6848K), 0.0021177 secs] 4993K->897K(9920K), [Metaspace: 3664K->3664K(1056768K)], 0.0024584 secs] [Times: user=0.00 sys=0.00, real=0.00 secs] 
12.072: [GC (CMS Initial Mark) [1 CMS-initial-mark: 4993K(6848K)] 4993K(9920K), 0.0001851 secs] [Times: user=0.00 sys=0.00, real=0.00 secs] 
12.073: [CMS-concurrent-mark-start]
12.073: [GC (Allocation Failure) 12.073: [ParNew: 0K->0K(3072K), 0.0004000 secs]12.073: [CMS12.083: [CMS-concurrent-mark: 0.002/0.010 secs] [Times: user=0.02 sys=0.00, real=0.01 secs] 
 (concurrent mode failure): 4993K->897K(6848K), 0.0125211 secs] 4993K->897K(9920K), [Metaspace: 3664K->3664K(1056768K)], 0.0130179 secs] [Times: user=0.02 sys=0.00, real=0.01 secs] 
12.086: [GC (Allocation Failure) 12.086: [ParNew: 0K->0K(3072K), 0.0002937 secs]12.086: [CMS: 4993K->897K(6848K), 0.0025826 secs] 4993K->897K(9920K), [Metaspace: 3664K->3664K(1056768K)], 0.0029801 secs] [Times: user=0.00 sys=0.00, real=0.00 secs] 
12.090: [GC (CMS Initial Mark) [1 CMS-initial-mark: 4993K(6848K)] 4993K(9920K), 0.0002251 secs] [Times: user=0.00 sys=0.00, real=0.00 secs] 
12.090: [CMS-concurrent-mark-start]
12.090: [GC (Allocation Failure) 12.090: [ParNew: 0K->0K(3072K), 0.0003190 secs]12.090: [CMS12.098: [CMS-concurrent-mark: 0.001/0.008 secs] [Times: user=0.00 sys=0.00, real=0.01 secs] 
 (concurrent mode failure): 4993K->897K(6848K), 0.0094841 secs] 4993K->897K(9920K), [Metaspace: 3664K->3664K(1056768K)], 0.0099060 secs] [Times: user=0.02 sys=0.00, real=0.01 secs] 
12.100: [GC (Allocation Failure) 12.100: [ParNew: 0K->0K(3072K), 0.0002314 secs]12.101: [CMS: 4993K->897K(6848K), 0.0018256 secs] 4993K->897K(9920K), [Metaspace: 3664K->3664K(1056768K)], 0.0021189 secs] [Times: user=0.00 sys=0.00, real=0.00 secs] 
12.103: [GC (CMS Initial Mark) [1 CMS-initial-mark: 4993K(6848K)] 4993K(9920K), 0.0002436 secs] [Times: user=0.00 sys=0.00, real=0.00 secs] 
12.103: [CMS-concurrent-mark-start]
12.103: [GC (Allocation Failure) 12.103: [ParNew: 0K->0K(3072K), 0.0002394 secs]12.103: [CMS12.113: [CMS-concurrent-mark: 0.002/0.010 secs] [Times: user=0.00 sys=0.00, real=0.01 secs] 
 (concurrent mode failure): 4993K->897K(6848K), 0.0118273 secs] 4993K->897K(9920K), [Metaspace: 3664K->3664K(1056768K)], 0.0121461 secs] [Times: user=0.02 sys=0.00, real=0.01 secs] 
12.116: [GC (Allocation Failure) 12.116: [ParNew: 0K->0K(3072K), 0.0002106 secs]12.116: [CMS: 4993K->897K(6848K), 0.0016609 secs] 4993K->897K(9920K), [Metaspace: 3664K->3664K(1056768K)], 0.0019336 secs] [Times: user=0.00 sys=0.00, real=0.00 secs] 
12.118: [GC (CMS Initial Mark) [1 CMS-initial-mark: 4993K(6848K)] 4993K(9920K), 0.0000683 secs] [Times: user=0.00 sys=0.00, real=0.00 secs] 
12.118: [CMS-concurrent-mark-start]
12.118: [GC (Allocation Failure) 12.118: [ParNew: 0K->0K(3072K), 0.0002185 secs]12.118: [CMS12.128: [CMS-concurrent-mark: 0.001/0.010 secs] [Times: user=0.00 sys=0.00, real=0.01 secs] 
 (concurrent mode failure): 4993K->897K(6848K), 0.0117634 secs] 4993K->897K(9920K), [Metaspace: 3664K->3664K(1056768K)], 0.0120469 secs] [Times: user=0.02 sys=0.00, real=0.01 secs] 
12.130: [GC (Allocation Failure) 12.130: [ParNew: 0K->0K(3072K), 0.0002030 secs]12.131: [CMS: 4993K->897K(6848K), 0.0017224 secs] 4993K->897K(9920K), [Metaspace: 3664K->3664K(1056768K)], 0.0019890 secs] [Times: user=0.00 sys=0.00, real=0.00 secs] 
12.133: [GC (CMS Initial Mark) [1 CMS-initial-mark: 4993K(6848K)] 4993K(9920K), 0.0000742 secs] [Times: user=0.00 sys=0.00, real=0.00 secs] 
12.133: [CMS-concurrent-mark-start]
12.133: [GC (Allocation Failure) 12.133: [ParNew: 0K->0K(3072K), 0.0002025 secs]12.133: [CMS12.144: [CMS-concurrent-mark: 0.002/0.011 secs] [Times: user=0.00 sys=0.00, real=0.01 secs] 
 (concurrent mode failure): 4993K->897K(6848K), 0.0129661 secs] 4993K->897K(9920K), [Metaspace: 3664K->3664K(1056768K)], 0.0132334 secs] [Times: user=0.01 sys=0.00, real=0.01 secs] 
12.146: [GC (Allocation Failure) 12.147: [ParNew: 0K->0K(3072K), 0.0002471 secs]12.147: [CMS: 4993K->897K(6848K), 0.0018964 secs] 4993K->897K(9920K), [Metaspace: 3664K->3664K(1056768K)], 0.0022145 secs] [Times: user=0.00 sys=0.00, real=0.00 secs] 
12.149: [GC (CMS Initial Mark) [1 CMS-initial-mark: 4993K(6848K)] 4993K(9920K), 0.0000856 secs] [Times: user=0.00 sys=0.00, real=0.00 secs] 
12.149: [CMS-concurrent-mark-start]
12.149: [GC (Allocation Failure) 12.149: [ParNew: 0K->0K(3072K), 0.0002538 secs]12.150: [CMS12.159: [CMS-concurrent-mark: 0.001/0.009 secs] [Times: user=0.00 sys=0.00, real=0.01 secs] 
 (concurrent mode failure): 4993K->897K(6848K), 0.0113300 secs] 4993K->897K(9920K), [Metaspace: 3664K->3664K(1056768K)], 0.0116525 secs] [Times: user=0.00 sys=0.00, real=0.01 secs] 
12.161: [GC (Allocation Failure) 12.161: [ParNew: 0K->0K(3072K), 0.0002457 secs]12.162: [CMS: 4993K->897K(6848K), 0.0020803 secs] 4993K->897K(9920K), [Metaspace: 3664K->3664K(1056768K)], 0.0023989 secs] [Times: user=0.00 sys=0.00, real=0.00 secs] 
12.164: [GC (CMS Initial Mark) [1 CMS-initial-mark: 4993K(6848K)] 4993K(9920K), 0.0001109 secs] [Times: user=0.00 sys=0.00, real=0.00 secs] 
12.164: [CMS-concurrent-mark-start]
12.164: [GC (Allocation Failure) 12.164: [ParNew: 0K->0K(3072K), 0.0001818 secs]12.164: [CMS12.174: [CMS-concurrent-mark: 0.002/0.010 secs] [Times: user=0.00 sys=0.00, real=0.01 secs] 
 (concurrent mode failure): 4993K->897K(6848K), 0.0121738 secs] 4993K->897K(9920K), [Metaspace: 3664K->3664K(1056768K)], 0.0124242 secs] [Times: user=0.02 sys=0.00, real=0.01 secs] 
12.177: [GC (Allocation Failure) 12.177: [ParNew: 0K->0K(3072K), 0.0002232 secs]12.177: [CMS: 4993K->897K(6848K), 0.0020021 secs] 4993K->897K(9920K), [Metaspace: 3664K->3664K(1056768K)], 0.0023011 secs] [Times: user=0.00 sys=0.00, real=0.00 secs] 
12.180: [GC (CMS Initial Mark) [1 CMS-initial-mark: 4993K(6848K)] 4993K(9920K), 0.0001641 secs] [Times: user=0.00 sys=0.00, real=0.00 secs] 
12.180: [CMS-concurrent-mark-start]
12.180: [GC (Allocation Failure) 12.180: [ParNew: 0K->0K(3072K), 0.0002232 secs]12.180: [CMS12.190: [CMS-concurrent-mark: 0.002/0.010 secs] [Times: user=0.00 sys=0.00, real=0.01 secs] 
 (concurrent mode failure): 4993K->897K(6848K), 0.0129327 secs] 4993K->897K(9920K), [Metaspace: 3664K->3664K(1056768K)], 0.0132352 secs] [Times: user=0.01 sys=0.00, real=0.01 secs] 
12.193: [GC (Allocation Failure) 12.193: [ParNew: 0K->0K(3072K), 0.0003084 secs]12.194: [CMS: 4993K->897K(6848K), 0.0017767 secs] 4993K->897K(9920K), [Metaspace: 3664K->3664K(1056768K)], 0.0021463 secs] [Times: user=0.00 sys=0.00, real=0.00 secs] 
12.196: [GC (CMS Initial Mark) [1 CMS-initial-mark: 4993K(6848K)] 4993K(9920K), 0.0001041 secs] [Times: user=0.00 sys=0.00, real=0.00 secs] 
12.196: [CMS-concurrent-mark-start]
12.196: [GC (Allocation Failure) 12.196: [ParNew: 0K->0K(3072K), 0.0002376 secs]12.196: [CMS12.206: [CMS-concurrent-mark: 0.002/0.010 secs] [Times: user=0.00 sys=0.00, real=0.01 secs] 
 (concurrent mode failure): 4993K->897K(6848K), 0.0128403 secs] 4993K->897K(9920K), [Metaspace: 3664K->3664K(1056768K)], 0.0131524 secs] [Times: user=0.02 sys=0.00, real=0.01 secs] 
12.210: [GC (Allocation Failure) 12.210: [ParNew: 0K->0K(3072K), 0.0002371 secs]12.210: [CMS: 4993K->897K(6848K), 0.0017301 secs] 4993K->897K(9920K), [Metaspace: 3664K->3664K(1056768K)], 0.0020293 secs] [Times: user=0.00 sys=0.00, real=0.00 secs] 
12.212: [GC (CMS Initial Mark) [1 CMS-initial-mark: 4993K(6848K)] 4993K(9920K), 0.0000956 secs] [Times: user=0.00 sys=0.00, real=0.00 secs] 
12.212: [CMS-concurrent-mark-start]
12.212: [GC (Allocation Failure) 12.212: [ParNew: 0K->0K(3072K), 0.0001955 secs]12.212: [CMS12.222: [CMS-concurrent-mark: 0.002/0.010 secs] [Times: user=0.00 sys=0.00, real=0.01 secs] 
 (concurrent mode failure): 4993K->897K(6848K), 0.0130677 secs] 4993K->897K(9920K), [Metaspace: 3664K->3664K(1056768K)], 0.0133389 secs] [Times: user=0.02 sys=0.00, real=0.01 secs] 
12.226: [GC (Allocation Failure) 12.226: [ParNew: 0K->0K(3072K), 0.0002340 secs]12.226: [CMS: 4993K->897K(6848K), 0.0018681 secs] 4993K->897K(9920K), [Metaspace: 3664K->3664K(1056768K)], 0.0021638 secs] [Times: user=0.00 sys=0.00, real=0.00 secs] 
12.228: [GC (CMS Initial Mark) [1 CMS-initial-mark: 4993K(6848K)] 4993K(9920K), 0.0000770 secs] [Times: user=0.00 sys=0.00, real=0.00 secs] 
12.228: [CMS-concurrent-mark-start]
12.228: [GC (Allocation Failure) 12.228: [ParNew: 0K->0K(3072K), 0.0001854 secs]12.229: [CMS12.237: [CMS-concurrent-mark: 0.001/0.009 secs] [Times: user=0.00 sys=0.00, real=0.01 secs] 
 (concurrent mode failure): 4993K->897K(6848K), 0.0113452 secs] 4993K->897K(9920K), [Metaspace: 3664K->3664K(1056768K)], 0.0116632 secs] [Times: user=0.02 sys=0.00, real=0.01 secs] 
12.240: [GC (Allocation Failure) 12.240: [ParNew: 0K->0K(3072K), 0.0002582 secs]12.241: [CMS: 4993K->897K(6848K), 0.0021215 secs] 4993K->897K(9920K), [Metaspace: 3664K->3664K(1056768K)], 0.0024438 secs] [Times: user=0.00 sys=0.00, real=0.00 secs] 
12.243: [GC (CMS Initial Mark) [1 CMS-initial-mark: 4993K(6848K)] 4993K(9920K), 0.0001210 secs] [Times: user=0.00 sys=0.00, real=0.00 secs] 
12.243: [CMS-concurrent-mark-start]
12.244: [GC (Allocation Failure) 12.244: [ParNew: 0K->0K(3072K), 0.0003273 secs]12.244: [CMS12.252: [CMS-concurrent-mark: 0.002/0.009 secs] [Times: user=0.00 sys=0.00, real=0.01 secs] 
 (concurrent mode failure): 4993K->897K(6848K), 0.0112120 secs] 4993K->897K(9920K), [Metaspace: 3664K->3664K(1056768K)], 0.0116393 secs] [Times: user=0.02 sys=0.00, real=0.01 secs] 
12.256: [GC (Allocation Failure) 12.256: [ParNew: 0K->0K(3072K), 0.0003160 secs]12.256: [CMS: 4993K->897K(6848K), 0.0023818 secs] 4993K->897K(9920K), [Metaspace: 3664K->3664K(1056768K)], 0.0027884 secs] [Times: user=0.00 sys=0.00, real=0.00 secs] 
12.259: [GC (CMS Initial Mark) [1 CMS-initial-mark: 4993K(6848K)] 4993K(9920K), 0.0001310 secs] [Times: user=0.00 sys=0.00, real=0.00 secs] 
12.259: [CMS-concurrent-mark-start]
12.259: [GC (Allocation Failure) 12.259: [ParNew: 0K->0K(3072K), 0.0002112 secs]12.259: [CMS12.268: [CMS-concurrent-mark: 0.002/0.009 secs] [Times: user=0.00 sys=0.00, real=0.01 secs] 
 (concurrent mode failure): 4993K->897K(6848K), 0.0110871 secs] 4993K->897K(9920K), [Metaspace: 3664K->3664K(1056768K)], 0.0113679 secs] [Times: user=0.00 sys=0.00, real=0.01 secs] 
12.271: [GC (Allocation Failure) 12.271: [ParNew: 0K->0K(3072K), 0.0002292 secs]12.271: [CMS: 4993K->897K(6848K), 0.0027110 secs] 4993K->897K(9920K), [Metaspace: 3664K->3664K(1056768K)], 0.0030157 secs] [Times: user=0.00 sys=0.00, real=0.00 secs] 
12.274: [GC (CMS Initial Mark) [1 CMS-initial-mark: 4993K(6848K)] 4993K(9920K), 0.0001851 secs] [Times: user=0.00 sys=0.00, real=0.00 secs] 
12.275: [CMS-concurrent-mark-start]
12.275: [GC (Allocation Failure) 12.275: [ParNew: 0K->0K(3072K), 0.0002280 secs]12.275: [CMS12.284: [CMS-concurrent-mark: 0.002/0.009 secs] [Times: user=0.00 sys=0.00, real=0.01 secs] 
 (concurrent mode failure): 4993K->897K(6848K), 0.0117130 secs] 4993K->897K(9920K), [Metaspace: 3664K->3664K(1056768K)], 0.0120195 secs] [Times: user=0.01 sys=0.00, real=0.01 secs] 
12.287: [GC (Allocation Failure) 12.287: [ParNew: 0K->0K(3072K), 0.0002576 secs]12.287: [CMS: 4993K->897K(6848K), 0.0026685 secs] 4993K->897K(9920K), [Metaspace: 3664K->3664K(1056768K)], 0.0030038 secs] [Times: user=0.00 sys=0.00, real=0.00 secs] 
12.291: [GC (CMS Initial Mark) [1 CMS-initial-mark: 4993K(6848K)] 4993K(9920K), 0.0003201 secs] [Times: user=0.00 sys=0.00, real=0.00 secs] 
12.291: [CMS-concurrent-mark-start]
12.291: [GC (Allocation Failure) 12.291: [ParNew: 0K->0K(3072K), 0.0002540 secs]12.292: [CMS12.299: [CMS-concurrent-mark: 0.001/0.008 secs] [Times: user=0.00 sys=0.00, real=0.01 secs] 
 (concurrent mode failure): 4993K->897K(6848K), 0.0093920 secs] 4993K->897K(9920K), [Metaspace: 3664K->3664K(1056768K)], 0.0097308 secs] [Times: user=0.00 sys=0.00, real=0.01 secs] 
12.301: [GC (Allocation Failure) 12.301: [ParNew: 0K->0K(3072K), 0.0002225 secs]12.302: [CMS: 4993K->897K(6848K), 0.0019905 secs] 4993K->897K(9920K), [Metaspace: 3664K->3664K(1056768K)], 0.0022874 secs] [Times: user=0.13 sys=0.00, real=0.00 secs] 
12.304: [GC (CMS Initial Mark) [1 CMS-initial-mark: 4993K(6848K)] 4993K(9920K), 0.0001338 secs] [Times: user=0.00 sys=0.00, real=0.00 secs] 
12.304: [CMS-concurrent-mark-start]
12.304: [GC (Allocation Failure) 12.304: [ParNew: 0K->0K(3072K), 0.0004147 secs]12.305: [CMS12.315: [CMS-concurrent-mark: 0.002/0.010 secs] [Times: user=0.00 sys=0.00, real=0.01 secs] 
 (concurrent mode failure): 4993K->897K(6848K), 0.0123791 secs] 4993K->897K(9920K), [Metaspace: 3664K->3664K(1056768K)], 0.0128723 secs] [Times: user=0.00 sys=0.00, real=0.01 secs] 
12.317: [GC (Allocation Failure) 12.317: [ParNew: 0K->0K(3072K), 0.0002709 secs]12.318: [CMS: 4993K->897K(6848K), 0.0022982 secs] 4993K->897K(9920K), [Metaspace: 3664K->3664K(1056768K)], 0.0026438 secs] [Times: user=0.02 sys=0.00, real=0.00 secs] 
12.320: [GC (CMS Initial Mark) [1 CMS-initial-mark: 4993K(6848K)] 4993K(9920K), 0.0001162 secs] [Times: user=0.00 sys=0.00, real=0.00 secs] 
12.321: [CMS-concurrent-mark-start]
12.321: [GC (Allocation Failure) 12.321: [ParNew: 0K->0K(3072K), 0.0002070 secs]12.321: [CMS12.330: [CMS-concurrent-mark: 0.001/0.009 secs] [Times: user=0.00 sys=0.00, real=0.01 secs] 
 (concurrent mode failure): 4993K->897K(6848K), 0.0114416 secs] 4993K->897K(9920K), [Metaspace: 3664K->3664K(1056768K)], 0.0117179 secs] [Times: user=0.00 sys=0.00, real=0.01 secs] 
12.333: [GC (Allocation Failure) 12.333: [ParNew: 0K->0K(3072K), 0.0002927 secs]12.333: [CMS: 4993K->897K(6848K), 0.0018047 secs] 4993K->897K(9920K), [Metaspace: 3664K->3664K(1056768K)], 0.0021732 secs] [Times: user=0.01 sys=0.00, real=0.00 secs] 
12.335: [GC (CMS Initial Mark) [1 CMS-initial-mark: 4993K(6848K)] 4993K(9920K), 0.0001109 secs] [Times: user=0.00 sys=0.00, real=0.00 secs] 
12.335: [CMS-concurrent-mark-start]
12.335: [GC (Allocation Failure) 12.335: [ParNew: 0K->0K(3072K), 0.0002182 secs]12.336: [CMS12.346: [CMS-concurrent-mark: 0.001/0.011 secs] [Times: user=0.00 sys=0.00, real=0.01 secs] 
 (concurrent mode failure): 4993K->897K(6848K), 0.0122494 secs] 4993K->897K(9920K), [Metaspace: 3664K->3664K(1056768K)], 0.0125313 secs] [Times: user=0.00 sys=0.00, real=0.01 secs] 
12.348: [GC (Allocation Failure) 12.348: [ParNew: 0K->0K(3072K), 0.0002334 secs]12.349: [CMS: 4993K->897K(6848K), 0.0016680 secs] 4993K->897K(9920K), [Metaspace: 3664K->3664K(1056768K)], 0.0019634 secs] [Times: user=0.02 sys=0.02, real=0.00 secs] 
12.351: [GC (CMS Initial Mark) [1 CMS-initial-mark: 4993K(6848K)] 4993K(9920K), 0.0001572 secs] [Times: user=0.00 sys=0.00, real=0.00 secs] 
12.351: [CMS-concurrent-mark-start]
12.351: [GC (Allocation Failure) 12.351: [ParNew: 0K->0K(3072K), 0.0002063 secs]12.351: [CMS12.361: [CMS-concurrent-mark: 0.001/0.010 secs] [Times: user=0.00 sys=0.00, real=0.01 secs] 
 (concurrent mode failure): 4993K->897K(6848K), 0.0123729 secs] 4993K->897K(9920K), [Metaspace: 3664K->3664K(1056768K)], 0.0126516 secs] [Times: user=0.00 sys=0.00, real=0.01 secs] 
12.364: [GC (Allocation Failure) 12.364: [ParNew: 0K->0K(3072K), 0.0002203 secs]12.364: [CMS: 4993K->897K(6848K), 0.0017260 secs] 4993K->897K(9920K), [Metaspace: 3664K->3664K(1056768K)], 0.0020140 secs] [Times: user=0.00 sys=0.02, real=0.00 secs] 
12.366: [GC (CMS Initial Mark) [1 CMS-initial-mark: 4993K(6848K)] 4993K(9920K), 0.0001003 secs] [Times: user=0.00 sys=0.00, real=0.00 secs] 
12.366: [CMS-concurrent-mark-start]
12.366: [GC (Allocation Failure) 12.366: [ParNew: 0K->0K(3072K), 0.0002134 secs]12.367: [CMS12.377: [CMS-concurrent-mark: 0.001/0.011 secs] [Times: user=0.00 sys=0.00, real=0.01 secs] 
 (concurrent mode failure): 4993K->897K(6848K), 0.0123948 secs] 4993K->897K(9920K), [Metaspace: 3664K->3664K(1056768K)], 0.0126734 secs] [Times: user=0.00 sys=0.00, real=0.01 secs] 
12.380: [GC (Allocation Failure) 12.380: [ParNew: 0K->0K(3072K), 0.0002399 secs]12.380: [CMS: 4993K->897K(6848K), 0.0016956 secs] 4993K->897K(9920K), [Metaspace: 3664K->3664K(1056768K)], 0.0020005 secs] [Times: user=0.02 sys=0.00, real=0.00 secs] 
12.382: [GC (CMS Initial Mark) [1 CMS-initial-mark: 4993K(6848K)] 4993K(9920K), 0.0001274 secs] [Times: user=0.00 sys=0.00, real=0.00 secs] 
12.382: [CMS-concurrent-mark-start]
12.382: [GC (Allocation Failure) 12.382: [ParNew: 0K->0K(3072K), 0.0002283 secs]12.383: [CMS12.393: [CMS-concurrent-mark: 0.002/0.011 secs] [Times: user=0.00 sys=0.00, real=0.01 secs] 
 (concurrent mode failure): 4993K->897K(6848K), 0.0124610 secs] 4993K->897K(9920K), [Metaspace: 3664K->3664K(1056768K)], 0.0127621 secs] [Times: user=0.00 sys=0.00, real=0.01 secs] 
12.395: [GC (Allocation Failure) 12.395: [ParNew: 0K->0K(3072K), 0.0002175 secs]12.396: [CMS: 4993K->897K(6848K), 0.0018759 secs] 4993K->897K(9920K), [Metaspace: 3664K->3664K(1056768K)], 0.0021573 secs] [Times: user=0.00 sys=0.00, real=0.00 secs] 
12.398: [GC (CMS Initial Mark) [1 CMS-initial-mark: 4993K(6848K)] 4993K(9920K), 0.0000837 secs] [Times: user=0.00 sys=0.00, real=0.00 secs] 
12.398: [CMS-concurrent-mark-start]
12.398: [GC (Allocation Failure) 12.398: [ParNew: 0K->0K(3072K), 0.0002290 secs]12.398: [CMS12.409: [CMS-concurrent-mark: 0.002/0.011 secs] [Times: user=0.00 sys=0.00, real=0.01 secs] 
 (concurrent mode failure): 4993K->897K(6848K), 0.0124689 secs] 4993K->897K(9920K), [Metaspace: 3664K->3664K(1056768K)], 0.0127805 secs] [Times: user=0.00 sys=0.00, real=0.01 secs] 
12.411: [GC (Allocation Failure) 12.411: [ParNew: 0K->0K(3072K), 0.0002180 secs]12.411: [CMS: 4993K->897K(6848K), 0.0018094 secs] 4993K->897K(9920K), [Metaspace: 3664K->3664K(1056768K)], 0.0020861 secs] [Times: user=0.00 sys=0.00, real=0.00 secs] 
12.414: [GC (CMS Initial Mark) [1 CMS-initial-mark: 4993K(6848K)] 4993K(9920K), 0.0001112 secs] [Times: user=0.00 sys=0.00, real=0.00 secs] 
12.414: [CMS-concurrent-mark-start]
12.414: [GC (Allocation Failure) 12.414: [ParNew: 0K->0K(3072K), 0.0001920 secs]12.414: [CMS12.424: [CMS-concurrent-mark: 0.002/0.011 secs] [Times: user=0.00 sys=0.00, real=0.01 secs] 
 (concurrent mode failure): 4993K->897K(6848K), 0.0126318 secs] 4993K->897K(9920K), [Metaspace: 3664K->3664K(1056768K)], 0.0128975 secs] [Times: user=0.02 sys=0.00, real=0.01 secs] 
12.427: [GC (Allocation Failure) 12.427: [ParNew: 0K->0K(3072K), 0.0002088 secs]12.427: [CMS: 4993K->897K(6848K), 0.0017956 secs] 4993K->897K(9920K), [Metaspace: 3664K->3664K(1056768K)], 0.0020733 secs] [Times: user=0.00 sys=0.00, real=0.00 secs] 
12.430: [GC (CMS Initial Mark) [1 CMS-initial-mark: 4993K(6848K)] 4993K(9920K), 0.0001086 secs] [Times: user=0.00 sys=0.00, real=0.00 secs] 
12.430: [CMS-concurrent-mark-start]
12.430: [GC (Allocation Failure) 12.430: [ParNew: 0K->0K(3072K), 0.0002041 secs]12.430: [CMS12.440: [CMS-concurrent-mark: 0.002/0.010 secs] [Times: user=0.00 sys=0.00, real=0.01 secs] 
 (concurrent mode failure): 4993K->897K(6848K), 0.0127362 secs] 4993K->897K(9920K), [Metaspace: 3664K->3664K(1056768K)], 0.0130296 secs] [Times: user=0.02 sys=0.00, real=0.01 secs] 
12.443: [GC (Allocation Failure) 12.443: [ParNew: 0K->0K(3072K), 0.0002418 secs]12.444: [CMS: 4993K->897K(6848K), 0.0018377 secs] 4993K->897K(9920K), [Metaspace: 3664K->3664K(1056768K)], 0.0021404 secs] [Times: user=0.00 sys=0.00, real=0.00 secs] 
12.446: [GC (CMS Initial Mark) [1 CMS-initial-mark: 4993K(6848K)] 4993K(9920K), 0.0002285 secs] [Times: user=0.00 sys=0.00, real=0.00 secs] 
12.446: [CMS-concurrent-mark-start]
12.446: [GC (Allocation Failure) 12.446: [ParNew: 0K->0K(3072K), 0.0002113 secs]12.446: [CMS12.455: [CMS-concurrent-mark: 0.002/0.009 secs] [Times: user=0.00 sys=0.00, real=0.01 secs] 
 (concurrent mode failure): 4993K->897K(6848K), 0.0117855 secs] 4993K->897K(9920K), [Metaspace: 3664K->3664K(1056768K)], 0.0120807 secs] [Times: user=0.02 sys=0.00, real=0.01 secs] 
12.459: [GC (Allocation Failure) 12.459: [ParNew: 0K->0K(3072K), 0.0002175 secs]12.459: [CMS: 4993K->897K(6848K), 0.0020987 secs] 4993K->897K(9920K), [Metaspace: 3664K->3664K(1056768K)], 0.0023864 secs] [Times: user=0.00 sys=0.00, real=0.00 secs] 
12.461: [GC (CMS Initial Mark) [1 CMS-initial-mark: 4993K(6848K)] 4993K(9920K), 0.0000936 secs] [Times: user=0.00 sys=0.00, real=0.00 secs] 
12.461: [CMS-concurrent-mark-start]
12.461: [GC (Allocation Failure) 12.461: [ParNew: 0K->0K(3072K), 0.0001915 secs]12.462: [CMS12.471: [CMS-concurrent-mark: 0.001/0.010 secs] [Times: user=0.00 sys=0.00, real=0.01 secs] 
 (concurrent mode failure): 4993K->897K(6848K), 0.0124749 secs] 4993K->897K(9920K), [Metaspace: 3664K->3664K(1056768K)], 0.0127554 secs] [Times: user=0.01 sys=0.00, real=0.01 secs] 
12.475: [GC (Allocation Failure) 12.475: [ParNew: 0K->0K(3072K), 0.0002539 secs]12.475: [CMS: 4993K->897K(6848K), 0.0025413 secs] 4993K->897K(9920K), [Metaspace: 3664K->3664K(1056768K)], 0.0028706 secs] [Times: user=0.00 sys=0.00, real=0.00 secs] 
12.478: [GC (CMS Initial Mark) [1 CMS-initial-mark: 4993K(6848K)] 4993K(9920K), 0.0001033 secs] [Times: user=0.00 sys=0.00, real=0.00 secs] 
12.478: [CMS-concurrent-mark-start]
12.478: [GC (Allocation Failure) 12.478: [ParNew: 0K->0K(3072K), 0.0001664 secs]12.478: [CMS12.486: [CMS-concurrent-mark: 0.002/0.008 secs] [Times: user=0.00 sys=0.00, real=0.01 secs] 
 (concurrent mode failure): 4993K->897K(6848K), 0.0105648 secs] 4993K->897K(9920K), [Metaspace: 3664K->3664K(1056768K)], 0.0108092 secs] [Times: user=0.02 sys=0.00, real=0.01 secs] 
12.489: [GC (Allocation Failure) 12.489: [ParNew: 0K->0K(3072K), 0.0003848 secs]12.490: [CMS: 4993K->897K(6848K), 0.0023947 secs] 4993K->897K(9920K), [Metaspace: 3664K->3664K(1056768K)], 0.0028797 secs] [Times: user=0.00 sys=0.00, real=0.00 secs] 
12.493: [GC (CMS Initial Mark) [1 CMS-initial-mark: 4993K(6848K)] 4993K(9920K), 0.0001135 secs] [Times: user=0.00 sys=0.00, real=0.00 secs] 
12.493: [CMS-concurrent-mark-start]
12.493: [GC (Allocation Failure) 12.493: [ParNew: 0K->0K(3072K), 0.0001956 secs]12.493: [CMS12.502: [CMS-concurrent-mark: 0.002/0.009 secs] [Times: user=0.00 sys=0.00, real=0.01 secs] 
 (concurrent mode failure): 4993K->897K(6848K), 0.0113390 secs] 4993K->897K(9920K), [Metaspace: 3664K->3664K(1056768K)], 0.0116021 secs] [Times: user=0.00 sys=0.00, real=0.01 secs] 
12.505: [GC (Allocation Failure) 12.505: [ParNew: 0K->0K(3072K), 0.0003355 secs]12.505: [CMS: 4993K->897K(6848K), 0.0033888 secs] 4993K->897K(9920K), [Metaspace: 3664K->3664K(1056768K)], 0.0038372 secs] [Times: user=0.00 sys=0.00, real=0.00 secs] 
12.509: [GC (CMS Initial Mark) [1 CMS-initial-mark: 4993K(6848K)] 4993K(9920K), 0.0001152 secs] [Times: user=0.00 sys=0.00, real=0.00 secs] 
12.509: [CMS-concurrent-mark-start]
12.509: [GC (Allocation Failure) 12.509: [ParNew: 0K->0K(3072K), 0.0002043 secs]12.509: [CMS12.517: [CMS-concurrent-mark: 0.002/0.008 secs] [Times: user=0.00 sys=0.00, real=0.01 secs] 
 (concurrent mode failure): 4993K->897K(6848K), 0.0104348 secs] 4993K->897K(9920K), [Metaspace: 3664K->3664K(1056768K)], 0.0107089 secs] [Times: user=0.00 sys=0.00, real=0.01 secs] 
12.520: [GC (Allocation Failure) 12.520: [ParNew: 0K->0K(3072K), 0.0002592 secs]12.521: [CMS: 4993K->897K(6848K), 0.0023191 secs] 4993K->897K(9920K), [Metaspace: 3664K->3664K(1056768K)], 0.0026771 secs] [Times: user=0.09 sys=0.02, real=0.00 secs] 
12.523: [GC (CMS Initial Mark) [1 CMS-initial-mark: 4993K(6848K)] 4993K(9920K), 0.0002861 secs] [Times: user=0.00 sys=0.00, real=0.00 secs] 
12.524: [CMS-concurrent-mark-start]
12.524: [GC (Allocation Failure) 12.524: [ParNew: 0K->0K(3072K), 0.0001857 secs]12.524: [CMS12.532: [CMS-concurrent-mark: 0.001/0.008 secs] [Times: user=0.00 sys=0.00, real=0.01 secs] 
 (concurrent mode failure): 4993K->897K(6848K), 0.0099691 secs] 4993K->897K(9920K), [Metaspace: 3664K->3664K(1056768K)], 0.0102259 secs] [Times: user=0.00 sys=0.00, real=0.01 secs] 
12.535: [GC (Allocation Failure) 12.535: [ParNew: 0K->0K(3072K), 0.0002107 secs]12.535: [CMS: 4993K->897K(6848K), 0.0020203 secs] 4993K->897K(9920K), [Metaspace: 3664K->3664K(1056768K)], 0.0023145 secs] [Times: user=0.01 sys=0.00, real=0.00 secs] 
12.537: [GC (CMS Initial Mark) [1 CMS-initial-mark: 4993K(6848K)] 4993K(9920K), 0.0000804 secs] [Times: user=0.00 sys=0.00, real=0.00 secs] 
12.537: [CMS-concurrent-mark-start]
12.537: [GC (Allocation Failure) 12.537: [ParNew: 0K->0K(3072K), 0.0002130 secs]12.538: [CMS12.547: [CMS-concurrent-mark: 0.002/0.010 secs] [Times: user=0.00 sys=0.00, real=0.01 secs] 
 (concurrent mode failure): 4993K->897K(6848K), 0.0117321 secs] 4993K->897K(9920K), [Metaspace: 3664K->3664K(1056768K)], 0.0120091 secs] [Times: user=0.00 sys=0.00, real=0.01 secs] 
12.550: [GC (Allocation Failure) 12.550: [ParNew: 0K->0K(3072K), 0.0002179 secs]12.550: [CMS: 4993K->897K(6848K), 0.0017784 secs] 4993K->897K(9920K), [Metaspace: 3664K->3664K(1056768K)], 0.0020593 secs] [Times: user=0.02 sys=0.00, real=0.00 secs] 
12.552: [GC (CMS Initial Mark) [1 CMS-initial-mark: 4993K(6848K)] 4993K(9920K), 0.0001179 secs] [Times: user=0.00 sys=0.00, real=0.00 secs] 
12.552: [CMS-concurrent-mark-start]
12.552: [GC (Allocation Failure) 12.552: [ParNew: 0K->0K(3072K), 0.0003452 secs]12.553: [CMS12.563: [CMS-concurrent-mark: 0.001/0.011 secs] [Times: user=0.00 sys=0.00, real=0.01 secs] 
 (concurrent mode failure): 4993K->897K(6848K), 0.0126192 secs] 4993K->897K(9920K), [Metaspace: 3664K->3664K(1056768K)], 0.0130374 secs] [Times: user=0.00 sys=0.00, real=0.01 secs] 
12.566: [GC (Allocation Failure) 12.566: [ParNew: 0K->0K(3072K), 0.0002157 secs]12.566: [CMS: 4993K->897K(6848K), 0.0017808 secs] 4993K->897K(9920K), [Metaspace: 3664K->3664K(1056768K)], 0.0020625 secs] [Times: user=0.01 sys=0.00, real=0.00 secs] 
12.568: [GC (CMS Initial Mark) [1 CMS-initial-mark: 4993K(6848K)] 4993K(9920K), 0.0000805 secs] [Times: user=0.00 sys=0.00, real=0.00 secs] 
12.568: [CMS-concurrent-mark-start]
12.568: [GC (Allocation Failure) 12.568: [ParNew: 0K->0K(3072K), 0.0002062 secs]12.569: [CMS12.578: [CMS-concurrent-mark: 0.001/0.010 secs] [Times: user=0.00 sys=0.00, real=0.01 secs] 
 (concurrent mode failure): 4993K->897K(6848K), 0.0117696 secs] 4993K->897K(9920K), [Metaspace: 3664K->3664K(1056768K)], 0.0120453 secs] [Times: user=0.00 sys=0.00, real=0.01 secs] 
12.581: [GC (Allocation Failure) 12.581: [ParNew: 0K->0K(3072K), 0.0002220 secs]12.581: [CMS: 4993K->897K(6848K), 0.0017728 secs] 4993K->897K(9920K), [Metaspace: 3664K->3664K(1056768K)], 0.0020584 secs] [Times: user=0.02 sys=0.00, real=0.00 secs] 
12.583: [GC (CMS Initial Mark) [1 CMS-initial-mark: 4993K(6848K)] 4993K(9920K), 0.0001276 secs] [Times: user=0.00 sys=0.00, real=0.00 secs] 
12.583: [CMS-concurrent-mark-start]
12.583: [GC (Allocation Failure) 12.583: [ParNew: 0K->0K(3072K), 0.0002582 secs]12.584: [CMS12.593: [CMS-concurrent-mark: 0.002/0.010 secs] [Times: user=0.00 sys=0.00, real=0.01 secs] 
 (concurrent mode failure): 4993K->897K(6848K), 0.0116485 secs] 4993K->897K(9920K), [Metaspace: 3664K->3664K(1056768K)], 0.0119835 secs] [Times: user=0.00 sys=0.00, real=0.01 secs] 
12.596: [GC (Allocation Failure) 12.596: [ParNew: 0K->0K(3072K), 0.0003161 secs]12.596: [CMS: 4993K->897K(6848K), 0.0019954 secs] 4993K->897K(9920K), [Metaspace: 3664K->3664K(1056768K)], 0.0023799 secs] [Times: user=0.00 sys=0.00, real=0.00 secs] 
12.598: [GC (CMS Initial Mark) [1 CMS-initial-mark: 4993K(6848K)] 4993K(9920K), 0.0001249 secs] [Times: user=0.00 sys=0.00, real=0.00 secs] 
12.599: [CMS-concurrent-mark-start]
12.599: [GC (Allocation Failure) 12.599: [ParNew: 0K->0K(3072K), 0.0002230 secs]12.599: [CMS12.608: [CMS-concurrent-mark: 0.001/0.010 secs] [Times: user=0.00 sys=0.00, real=0.01 secs] 
 (concurrent mode failure): 4993K->897K(6848K), 0.0115037 secs] 4993K->897K(9920K), [Metaspace: 3664K->3664K(1056768K)], 0.0118108 secs] [Times: user=0.00 sys=0.00, real=0.01 secs] 
12.611: [GC (Allocation Failure) 12.611: [ParNew: 0K->0K(3072K), 0.0001784 secs]12.611: [CMS: 4993K->897K(6848K), 0.0017475 secs] 4993K->897K(9920K), [Metaspace: 3664K->3664K(1056768K)], 0.0020193 secs] [Times: user=0.00 sys=0.00, real=0.00 secs] 
12.613: [GC (CMS Initial Mark) [1 CMS-initial-mark: 4993K(6848K)] 4993K(9920K), 0.0001785 secs] [Times: user=0.00 sys=0.00, real=0.00 secs] 
12.613: [CMS-concurrent-mark-start]
12.613: [GC (Allocation Failure) 12.613: [ParNew: 0K->0K(3072K), 0.0002023 secs]12.614: [CMS12.623: [CMS-concurrent-mark: 0.002/0.010 secs] [Times: user=0.00 sys=0.00, real=0.01 secs] 
 (concurrent mode failure): 4993K->897K(6848K), 0.0124746 secs] 4993K->897K(9920K), [Metaspace: 3664K->3664K(1056768K)], 0.0127485 secs] [Times: user=0.00 sys=0.00, real=0.01 secs] 
12.627: [GC (Allocation Failure) 12.627: [ParNew: 0K->0K(3072K), 0.0002987 secs]12.627: [CMS: 4993K->897K(6848K), 0.0019008 secs] 4993K->897K(9920K), [Metaspace: 3664K->3664K(1056768K)], 0.0022660 secs] [Times: user=0.00 sys=0.00, real=0.00 secs] 
12.629: [GC (CMS Initial Mark) [1 CMS-initial-mark: 4993K(6848K)] 4993K(9920K), 0.0002601 secs] [Times: user=0.00 sys=0.00, real=0.00 secs] 
12.630: [CMS-concurrent-mark-start]
12.630: [GC (Allocation Failure) 12.630: [ParNew: 0K->0K(3072K), 0.0002381 secs]12.630: [CMS12.638: [CMS-concurrent-mark: 0.002/0.009 secs] [Times: user=0.00 sys=0.00, real=0.01 secs] 
 (concurrent mode failure): 4993K->897K(6848K), 0.0122891 secs] 4993K->897K(9920K), [Metaspace: 3664K->3664K(1056768K)], 0.0126168 secs] [Times: user=0.00 sys=0.00, real=0.01 secs] 
12.643: [GC (Allocation Failure) 12.643: [ParNew: 0K->0K(3072K), 0.0003700 secs]12.643: [CMS: 4993K->897K(6848K), 0.0028874 secs] 4993K->897K(9920K), [Metaspace: 3664K->3664K(1056768K)], 0.0033595 secs] [Times: user=0.02 sys=0.00, real=0.00 secs] 
12.647: [GC (CMS Initial Mark) [1 CMS-initial-mark: 4993K(6848K)] 4993K(9920K), 0.0003624 secs] [Times: user=0.00 sys=0.00, real=0.00 secs] 
12.647: [CMS-concurrent-mark-start]
12.647: [GC (Allocation Failure) 12.647: [ParNew: 0K->0K(3072K), 0.0002402 secs]12.647: [CMS12.653: [CMS-concurrent-mark: 0.001/0.006 secs] [Times: user=0.00 sys=0.00, real=0.01 secs] 
 (concurrent mode failure): 4993K->897K(6848K), 0.0094838 secs] 4993K->897K(9920K), [Metaspace: 3664K->3664K(1056768K)], 0.0098101 secs] [Times: user=0.00 sys=0.00, real=0.01 secs] 
12.657: [GC (Allocation Failure) 12.657: [ParNew: 0K->0K(3072K), 0.0002555 secs]12.658: [CMS: 4993K->897K(6848K), 0.0021964 secs] 4993K->897K(9920K), [Metaspace: 3664K->3664K(1056768K)], 0.0025364 secs] [Times: user=0.00 sys=0.00, real=0.00 secs] 
12.660: [GC (CMS Initial Mark) [1 CMS-initial-mark: 4993K(6848K)] 4993K(9920K), 0.0001285 secs] [Times: user=0.00 sys=0.00, real=0.00 secs] 
12.660: [CMS-concurrent-mark-start]
12.660: [GC (Allocation Failure) 12.660: [ParNew: 0K->0K(3072K), 0.0002398 secs]12.661: [CMS12.669: [CMS-concurrent-mark: 0.001/0.009 secs] [Times: user=0.00 sys=0.00, real=0.01 secs] 
 (concurrent mode failure): 4993K->897K(6848K), 0.0104039 secs] 4993K->897K(9920K), [Metaspace: 3664K->3664K(1056768K)], 0.0107130 secs] [Times: user=0.00 sys=0.00, real=0.01 secs] 
12.672: [GC (Allocation Failure) 12.672: [ParNew: 0K->0K(3072K), 0.0003589 secs]12.672: [CMS: 4993K->897K(6848K), 0.0031170 secs] 4993K->897K(9920K), [Metaspace: 3664K->3664K(1056768K)], 0.0035863 secs] [Times: user=0.00 sys=0.00, real=0.00 secs] 
12.675: [GC (CMS Initial Mark) [1 CMS-initial-mark: 4993K(6848K)] 4993K(9920K), 0.0001474 secs] [Times: user=0.00 sys=0.00, real=0.00 secs] 
12.676: [CMS-concurrent-mark-start]
12.676: [GC (Allocation Failure) 12.676: [ParNew: 0K->0K(3072K), 0.0002561 secs]12.676: [CMS12.685: [CMS-concurrent-mark: 0.002/0.009 secs] [Times: user=0.00 sys=0.00, real=0.01 secs] 
 (concurrent mode failure): 4993K->897K(6848K), 0.0108371 secs] 4993K->897K(9920K), [Metaspace: 3664K->3664K(1056768K)], 0.0111655 secs] [Times: user=0.00 sys=0.00, real=0.01 secs] 
12.687: [GC (Allocation Failure) 12.687: [ParNew: 0K->0K(3072K), 0.0002094 secs]12.688: [CMS: 4993K->897K(6848K), 0.0026850 secs] 4993K->897K(9920K), [Metaspace: 3664K->3664K(1056768K)], 0.0029745 secs] [Times: user=0.00 sys=0.00, real=0.00 secs] 
12.691: [GC (CMS Initial Mark) [1 CMS-initial-mark: 4993K(6848K)] 4993K(9920K), 0.0001460 secs] [Times: user=0.00 sys=0.00, real=0.00 secs] 
12.691: [CMS-concurrent-mark-start]
12.691: [GC (Allocation Failure) 12.691: [ParNew: 0K->0K(3072K), 0.0004359 secs]12.692: [CMS12.700: [CMS-concurrent-mark: 0.002/0.009 secs] [Times: user=0.00 sys=0.00, real=0.01 secs] 
 (concurrent mode failure): 4993K->897K(6848K), 0.0117160 secs] 4993K->897K(9920K), [Metaspace: 3664K->3664K(1056768K)], 0.0122557 secs] [Times: user=0.00 sys=0.00, real=0.01 secs] 
12.704: [GC (Allocation Failure) 12.704: [ParNew: 0K->0K(3072K), 0.0002530 secs]12.704: [CMS: 4993K->897K(6848K), 0.0022958 secs] 4993K->897K(9920K), [Metaspace: 3664K->3664K(1056768K)], 0.0026377 secs] [Times: user=0.00 sys=0.00, real=0.00 secs] 
12.707: [GC (CMS Initial Mark) [1 CMS-initial-mark: 4993K(6848K)] 4993K(9920K), 0.0002017 secs] [Times: user=0.00 sys=0.00, real=0.00 secs] 
12.707: [CMS-concurrent-mark-start]
12.708: [GC (Allocation Failure) 12.708: [ParNew: 0K->0K(3072K), 0.0001888 secs]12.708: [CMS12.715: [CMS-concurrent-mark: 0.001/0.008 secs] [Times: user=0.00 sys=0.00, real=0.01 secs] 
 (concurrent mode failure): 4993K->897K(6848K), 0.0096356 secs] 4993K->897K(9920K), [Metaspace: 3664K->3664K(1056768K)], 0.0098972 secs] [Times: user=0.00 sys=0.00, real=0.01 secs] 
12.718: [GC (Allocation Failure) 12.718: [ParNew: 0K->0K(3072K), 0.0002085 secs]12.718: [CMS: 4993K->897K(6848K), 0.0017197 secs] 4993K->897K(9920K), [Metaspace: 3664K->3664K(1056768K)], 0.0019843 secs] [Times: user=0.00 sys=0.00, real=0.00 secs] 
12.720: [GC (CMS Initial Mark) [1 CMS-initial-mark: 4993K(6848K)] 4993K(9920K), 0.0000771 secs] [Times: user=0.00 sys=0.00, real=0.00 secs] 
12.720: [CMS-concurrent-mark-start]
12.720: [GC (Allocation Failure) 12.720: [ParNew: 0K->0K(3072K), 0.0001975 secs]12.720: [CMS12.732: [CMS-concurrent-mark: 0.002/0.012 secs] [Times: user=0.00 sys=0.00, real=0.01 secs] 
 (concurrent mode failure): 4993K->897K(6848K), 0.0138893 secs] 4993K->897K(9920K), [Metaspace: 3664K->3664K(1056768K)], 0.0141726 secs] [Times: user=0.00 sys=0.00, real=0.01 secs] 
12.735: [GC (Allocation Failure) 12.735: [ParNew: 0K->0K(3072K), 0.0003341 secs]12.735: [CMS: 4993K->897K(6848K), 0.0018562 secs] 4993K->897K(9920K), [Metaspace: 3664K->3664K(1056768K)], 0.0022545 secs] [Times: user=0.00 sys=0.00, real=0.00 secs] 
12.737: [GC (CMS Initial Mark) [1 CMS-initial-mark: 4993K(6848K)] 4993K(9920K), 0.0001634 secs] [Times: user=0.00 sys=0.00, real=0.00 secs] 
12.738: [CMS-concurrent-mark-start]
12.738: [GC (Allocation Failure) 12.738: [ParNew: 0K->0K(3072K), 0.0003290 secs]12.738: [CMS12.748: [CMS-concurrent-mark: 0.002/0.010 secs] [Times: user=0.00 sys=0.00, real=0.01 secs] 
 (concurrent mode failure): 4993K->897K(6848K), 0.0119898 secs] 4993K->897K(9920K), [Metaspace: 3664K->3664K(1056768K)], 0.0123935 secs] [Times: user=0.00 sys=0.00, real=0.01 secs] 
12.750: [GC (Allocation Failure) 12.750: [ParNew: 0K->0K(3072K), 0.0002251 secs]12.751: [CMS: 4993K->897K(6848K), 0.0017914 secs] 4993K->897K(9920K), [Metaspace: 3664K->3664K(1056768K)], 0.0020758 secs] [Times: user=0.00 sys=0.00, real=0.00 secs] 
12.753: [GC (CMS Initial Mark) [1 CMS-initial-mark: 4993K(6848K)] 4993K(9920K), 0.0000985 secs] [Times: user=0.00 sys=0.00, real=0.00 secs] 
12.753: [CMS-concurrent-mark-start]
12.753: [GC (Allocation Failure) 12.753: [ParNew: 0K->0K(3072K), 0.0003538 secs]12.753: [CMS12.763: [CMS-concurrent-mark: 0.001/0.010 secs] [Times: user=0.00 sys=0.00, real=0.01 secs] 
 (concurrent mode failure): 4993K->897K(6848K), 0.0120803 secs] 4993K->897K(9920K), [Metaspace: 3664K->3664K(1056768K)], 0.0125036 secs] [Times: user=0.00 sys=0.00, real=0.01 secs] 
12.766: [GC (Allocation Failure) 12.766: [ParNew: 0K->0K(3072K), 0.0002628 secs]12.766: [CMS: 4993K->897K(6848K), 0.0017651 secs] 4993K->897K(9920K), [Metaspace: 3664K->3664K(1056768K)], 0.0021046 secs] [Times: user=0.00 sys=0.00, real=0.00 secs] 
12.768: [GC (CMS Initial Mark) [1 CMS-initial-mark: 4993K(6848K)] 4993K(9920K), 0.0001112 secs] [Times: user=0.00 sys=0.00, real=0.00 secs] 
12.768: [CMS-concurrent-mark-start]
12.769: [GC (Allocation Failure) 12.769: [ParNew: 0K->0K(3072K), 0.0002177 secs]12.769: [CMS12.779: [CMS-concurrent-mark: 0.002/0.010 secs] [Times: user=0.00 sys=0.00, real=0.01 secs] 
 (concurrent mode failure): 4993K->897K(6848K), 0.0118411 secs] 4993K->897K(9920K), [Metaspace: 3664K->3664K(1056768K)], 0.0121274 secs] [Times: user=0.00 sys=0.00, real=0.01 secs] 
12.781: [GC (Allocation Failure) 12.781: [ParNew: 0K->0K(3072K), 0.0002240 secs]12.781: [CMS: 4993K->897K(6848K), 0.0017551 secs] 4993K->897K(9920K), [Metaspace: 3664K->3664K(1056768K)], 0.0020431 secs] [Times: user=0.00 sys=0.00, real=0.00 secs] 
12.783: [GC (CMS Initial Mark) [1 CMS-initial-mark: 4993K(6848K)] 4993K(9920K), 0.0001501 secs] [Times: user=0.00 sys=0.00, real=0.00 secs] 
12.784: [CMS-concurrent-mark-start]
12.784: [GC (Allocation Failure) 12.784: [ParNew: 0K->0K(3072K), 0.0002072 secs]12.784: [CMS12.794: [CMS-concurrent-mark: 0.002/0.010 secs] [Times: user=0.00 sys=0.00, real=0.01 secs] 
 (concurrent mode failure): 4993K->897K(6848K), 0.0118188 secs] 4993K->897K(9920K), [Metaspace: 3664K->3664K(1056768K)], 0.0120948 secs] [Times: user=0.00 sys=0.00, real=0.01 secs] 
12.796: [GC (Allocation Failure) 12.796: [ParNew: 0K->0K(3072K), 0.0001942 secs]12.796: [CMS: 4993K->897K(6848K), 0.0018267 secs] 4993K->897K(9920K), [Metaspace: 3664K->3664K(1056768K)], 0.0020969 secs] [Times: user=0.00 sys=0.00, real=0.00 secs] 
12.799: [GC (CMS Initial Mark) [1 CMS-initial-mark: 4993K(6848K)] 4993K(9920K), 0.0000895 secs] [Times: user=0.00 sys=0.00, real=0.00 secs] 
12.799: [CMS-concurrent-mark-start]
12.799: [GC (Allocation Failure) 12.799: [ParNew: 0K->0K(3072K), 0.0001760 secs]12.799: [CMS12.808: [CMS-concurrent-mark: 0.001/0.010 secs] [Times: user=0.00 sys=0.00, real=0.01 secs] 
 (concurrent mode failure): 4993K->897K(6848K), 0.0114709 secs] 4993K->897K(9920K), [Metaspace: 3664K->3664K(1056768K)], 0.0117076 secs] [Times: user=0.00 sys=0.00, real=0.01 secs] 
12.811: [GC (Allocation Failure) 12.811: [ParNew: 0K->0K(3072K), 0.0002103 secs]12.811: [CMS: 4993K->897K(6848K), 0.0016164 secs] 4993K->897K(9920K), [Metaspace: 3664K->3664K(1056768K)], 0.0018818 secs] [Times: user=0.00 sys=0.00, real=0.00 secs] 
12.813: [GC (CMS Initial Mark) [1 CMS-initial-mark: 4993K(6848K)] 4993K(9920K), 0.0001152 secs] [Times: user=0.00 sys=0.00, real=0.00 secs] 
12.813: [CMS-concurrent-mark-start]
12.813: [GC (Allocation Failure) 12.813: [ParNew: 0K->0K(3072K), 0.0001815 secs]12.813: [CMS12.824: [CMS-concurrent-mark: 0.002/0.011 secs] [Times: user=0.00 sys=0.00, real=0.01 secs] 
 (concurrent mode failure): 4993K->897K(6848K), 0.0135512 secs] 4993K->897K(9920K), [Metaspace: 3664K->3664K(1056768K)], 0.0138071 secs] [Times: user=0.00 sys=0.00, real=0.01 secs] 
12.827: [GC (Allocation Failure) 12.827: [ParNew: 0K->0K(3072K), 0.0002502 secs]12.828: [CMS: 4993K->897K(6848K), 0.0018254 secs] 4993K->897K(9920K), [Metaspace: 3664K->3664K(1056768K)], 0.0021386 secs] [Times: user=0.00 sys=0.00, real=0.00 secs] 
12.830: [GC (CMS Initial Mark) [1 CMS-initial-mark: 4993K(6848K)] 4993K(9920K), 0.0001899 secs] [Times: user=0.00 sys=0.00, real=0.00 secs] 
12.830: [CMS-concurrent-mark-start]
12.830: [GC (Allocation Failure) 12.830: [ParNew: 0K->0K(3072K), 0.0002176 secs]12.830: [CMS12.840: [CMS-concurrent-mark: 0.002/0.010 secs] [Times: user=0.00 sys=0.00, real=0.01 secs] 
 (concurrent mode failure): 4993K->897K(6848K), 0.0122601 secs] 4993K->897K(9920K), [Metaspace: 3664K->3664K(1056768K)], 0.0125524 secs] [Times: user=0.00 sys=0.00, real=0.01 secs] 
12.843: [GC (Allocation Failure) 12.843: [ParNew: 0K->0K(3072K), 0.0002980 secs]12.843: [CMS: 4993K->897K(6848K), 0.0019266 secs] 4993K->897K(9920K), [Metaspace: 3664K->3664K(1056768K)], 0.0023017 secs] [Times: user=0.00 sys=0.00, real=0.00 secs] 
12.846: [GC (CMS Initial Mark) [1 CMS-initial-mark: 4993K(6848K)] 4993K(9920K), 0.0001185 secs] [Times: user=0.00 sys=0.00, real=0.00 secs] 
12.846: [CMS-concurrent-mark-start]
12.846: [GC (Allocation Failure) 12.846: [ParNew: 0K->0K(3072K), 0.0002297 secs]12.846: [CMS12.855: [CMS-concurrent-mark: 0.002/0.009 secs] [Times: user=0.00 sys=0.00, real=0.01 secs] 
 (concurrent mode failure): 4993K->897K(6848K), 0.0118915 secs] 4993K->897K(9920K), [Metaspace: 3664K->3664K(1056768K)], 0.0122065 secs] [Times: user=0.00 sys=0.00, real=0.01 secs] 
12.859: [GC (Allocation Failure) 12.859: [ParNew: 0K->0K(3072K), 0.0002530 secs]12.859: [CMS: 4993K->897K(6848K), 0.0022351 secs] 4993K->897K(9920K), [Metaspace: 3664K->3664K(1056768K)], 0.0025614 secs] [Times: user=0.00 sys=0.00, real=0.00 secs] 
12.861: [GC (CMS Initial Mark) [1 CMS-initial-mark: 4993K(6848K)] 4993K(9920K), 0.0002366 secs] [Times: user=0.00 sys=0.00, real=0.00 secs] 
12.862: [CMS-concurrent-mark-start]
12.862: [GC (Allocation Failure) 12.862: [ParNew: 0K->0K(3072K), 0.0002095 secs]12.862: [CMS12.870: [CMS-concurrent-mark: 0.002/0.009 secs] [Times: user=0.00 sys=0.00, real=0.01 secs] 
 (concurrent mode failure): 4993K->897K(6848K), 0.0117520 secs] 4993K->897K(9920K), [Metaspace: 3664K->3664K(1056768K)], 0.0120511 secs] [Times: user=0.00 sys=0.00, real=0.01 secs] 
12.874: [GC (Allocation Failure) 12.874: [ParNew: 0K->0K(3072K), 0.0002212 secs]12.875: [CMS: 4993K->897K(6848K), 0.0018404 secs] 4993K->897K(9920K), [Metaspace: 3664K->3664K(1056768K)], 0.0021181 secs] [Times: user=0.00 sys=0.00, real=0.00 secs] 
12.877: [GC (CMS Initial Mark) [1 CMS-initial-mark: 4993K(6848K)] 4993K(9920K), 0.0001304 secs] [Times: user=0.00 sys=0.00, real=0.00 secs] 
12.877: [CMS-concurrent-mark-start]
12.877: [GC (Allocation Failure) 12.877: [ParNew: 0K->0K(3072K), 0.0001769 secs]12.877: [CMS12.886: [CMS-concurrent-mark: 0.001/0.009 secs] [Times: user=0.00 sys=0.00, real=0.01 secs] 
 (concurrent mode failure): 4993K->897K(6848K), 0.0114287 secs] 4993K->897K(9920K), [Metaspace: 3664K->3664K(1056768K)], 0.0116885 secs] [Times: user=0.00 sys=0.00, real=0.01 secs] 
12.889: [GC (Allocation Failure) 12.889: [ParNew: 0K->0K(3072K), 0.0003746 secs]12.890: [CMS: 4993K->897K(6848K), 0.0023427 secs] 4993K->897K(9920K), [Metaspace: 3664K->3664K(1056768K)], 0.0028064 secs] [Times: user=0.00 sys=0.00, real=0.00 secs] 
12.892: [GC (CMS Initial Mark) [1 CMS-initial-mark: 4993K(6848K)] 4993K(9920K), 0.0000840 secs] [Times: user=0.00 sys=0.00, real=0.00 secs] 
12.892: [CMS-concurrent-mark-start]
12.892: [GC (Allocation Failure) 12.892: [ParNew: 0K->0K(3072K), 0.0002223 secs]12.893: [CMS12.902: [CMS-concurrent-mark: 0.001/0.010 secs] [Times: user=0.00 sys=0.00, real=0.01 secs] 
 (concurrent mode failure): 4993K->897K(6848K), 0.0117986 secs] 4993K->897K(9920K), [Metaspace: 3664K->3664K(1056768K)], 0.0120967 secs] [Times: user=0.00 sys=0.00, real=0.01 secs] 
12.905: [GC (Allocation Failure) 12.905: [ParNew: 0K->0K(3072K), 0.0003034 secs]12.905: [CMS: 4993K->897K(6848K), 0.0030998 secs] 4993K->897K(9920K), [Metaspace: 3664K->3664K(1056768K)], 0.0034852 secs] [Times: user=0.00 sys=0.00, real=0.00 secs] 
12.909: [GC (CMS Initial Mark) [1 CMS-initial-mark: 4993K(6848K)] 4993K(9920K), 0.0001148 secs] [Times: user=0.00 sys=0.00, real=0.00 secs] 
12.909: [CMS-concurrent-mark-start]
12.909: [GC (Allocation Failure) 12.909: [ParNew: 0K->0K(3072K), 0.0002267 secs]12.909: [CMS12.918: [CMS-concurrent-mark: 0.002/0.009 secs] [Times: user=0.00 sys=0.00, real=0.01 secs] 
 (concurrent mode failure): 4993K->897K(6848K), 0.0109849 secs] 4993K->897K(9920K), [Metaspace: 3664K->3664K(1056768K)], 0.0113015 secs] [Times: user=0.00 sys=0.00, real=0.01 secs] 
12.921: [GC (Allocation Failure) 12.921: [ParNew: 0K->0K(3072K), 0.0002616 secs]12.921: [CMS: 4993K->897K(6848K), 0.0026272 secs] 4993K->897K(9920K), [Metaspace: 3664K->3664K(1056768K)], 0.0029769 secs] [Times: user=0.00 sys=0.00, real=0.00 secs] 
12.924: [GC (CMS Initial Mark) [1 CMS-initial-mark: 4993K(6848K)] 4993K(9920K), 0.0001194 secs] [Times: user=0.00 sys=0.00, real=0.00 secs] 
12.924: [CMS-concurrent-mark-start]
12.924: [GC (Allocation Failure) 12.924: [ParNew: 0K->0K(3072K), 0.0002218 secs]12.925: [CMS12.932: [CMS-concurrent-mark: 0.002/0.008 secs] [Times: user=0.00 sys=0.00, real=0.01 secs] 
 (concurrent mode failure): 4993K->897K(6848K), 0.0102862 secs] 4993K->897K(9920K), [Metaspace: 3664K->3664K(1056768K)], 0.0105798 secs] [Times: user=0.00 sys=0.00, real=0.01 secs] 
12.935: [GC (Allocation Failure) 12.935: [ParNew: 0K->0K(3072K), 0.0002556 secs]12.936: [CMS: 4993K->897K(6848K), 0.0020179 secs] 4993K->897K(9920K), [Metaspace: 3664K->3664K(1056768K)], 0.0023442 secs] [Times: user=0.00 sys=0.00, real=0.00 secs] 
12.938: [GC (CMS Initial Mark) [1 CMS-initial-mark: 4993K(6848K)] 4993K(9920K), 0.0001922 secs] [Times: user=0.00 sys=0.00, real=0.00 secs] 
12.938: [CMS-concurrent-mark-start]
12.938: [GC (Allocation Failure) 12.938: [ParNew: 0K->0K(3072K), 0.0002632 secs]12.939: [CMS12.947: [CMS-concurrent-mark: 0.002/0.009 secs] [Times: user=0.00 sys=0.00, real=0.01 secs] 
 (concurrent mode failure): 4993K->897K(6848K), 0.0108975 secs] 4993K->897K(9920K), [Metaspace: 3664K->3664K(1056768K)], 0.0112605 secs] [Times: user=0.00 sys=0.00, real=0.01 secs] 
12.950: [GC (Allocation Failure) 12.950: [ParNew: 0K->0K(3072K), 0.0002511 secs]12.950: [CMS: 4993K->897K(6848K), 0.0018816 secs] 4993K->897K(9920K), [Metaspace: 3664K->3664K(1056768K)], 0.0022007 secs] [Times: user=0.00 sys=0.00, real=0.00 secs] 
12.952: [GC (CMS Initial Mark) [1 CMS-initial-mark: 4993K(6848K)] 4993K(9920K), 0.0001958 secs] [Times: user=0.00 sys=0.00, real=0.00 secs] 
12.953: [CMS-concurrent-mark-start]
12.953: [GC (Allocation Failure) 12.953: [ParNew: 0K->0K(3072K), 0.0002280 secs]12.953: [CMS12.963: [CMS-concurrent-mark: 0.002/0.010 secs] [Times: user=0.00 sys=0.00, real=0.01 secs] 
 (concurrent mode failure): 4993K->897K(6848K), 0.0119099 secs] 4993K->897K(9920K), [Metaspace: 3664K->3664K(1056768K)], 0.0122075 secs] [Times: user=0.00 sys=0.00, real=0.01 secs] 
12.965: [GC (Allocation Failure) 12.965: [ParNew: 0K->0K(3072K), 0.0002271 secs]12.965: [CMS: 4993K->897K(6848K), 0.0018220 secs] 4993K->897K(9920K), [Metaspace: 3664K->3664K(1056768K)], 0.0021130 secs] [Times: user=0.00 sys=0.00, real=0.00 secs] 
12.968: [GC (CMS Initial Mark) [1 CMS-initial-mark: 4993K(6848K)] 4993K(9920K), 0.0001416 secs] [Times: user=0.00 sys=0.00, real=0.00 secs] 
12.968: [CMS-concurrent-mark-start]
12.968: [GC (Allocation Failure) 12.968: [ParNew: 0K->0K(3072K), 0.0002005 secs]12.968: [CMS12.979: [CMS-concurrent-mark: 0.002/0.011 secs] [Times: user=0.00 sys=0.00, real=0.01 secs] 
 (concurrent mode failure): 4993K->897K(6848K), 0.0127966 secs] 4993K->897K(9920K), [Metaspace: 3664K->3664K(1056768K)], 0.0130815 secs] [Times: user=0.00 sys=0.00, real=0.01 secs] 
12.981: [GC (Allocation Failure) 12.981: [ParNew: 0K->0K(3072K), 0.0002117 secs]12.981: [CMS: 4993K->897K(6848K), 0.0022214 secs] 4993K->897K(9920K), [Metaspace: 3664K->3664K(1056768K)], 0.0025137 secs] [Times: user=0.00 sys=0.00, real=0.00 secs] 
12.984: [GC (CMS Initial Mark) [1 CMS-initial-mark: 4993K(6848K)] 4993K(9920K), 0.0001193 secs] [Times: user=0.00 sys=0.00, real=0.00 secs] 
12.984: [CMS-concurrent-mark-start]
12.984: [GC (Allocation Failure) 12.984: [ParNew: 0K->0K(3072K), 0.0002307 secs]12.985: [CMS12.994: [CMS-concurrent-mark: 0.002/0.010 secs] [Times: user=0.00 sys=0.00, real=0.01 secs] 
 (concurrent mode failure): 4993K->897K(6848K), 0.0116915 secs] 4993K->897K(9920K), [Metaspace: 3664K->3664K(1056768K)], 0.0119886 secs] [Times: user=0.00 sys=0.00, real=0.01 secs] 
12.997: [GC (Allocation Failure) 12.997: [ParNew: 0K->0K(3072K), 0.0002342 secs]12.997: [CMS: 4993K->897K(6848K), 0.0018688 secs] 4993K->897K(9920K), [Metaspace: 3664K->3664K(1056768K)], 0.0021711 secs] [Times: user=0.00 sys=0.00, real=0.00 secs] 
12.999: [GC (CMS Initial Mark) [1 CMS-initial-mark: 4993K(6848K)] 4993K(9920K), 0.0001217 secs] [Times: user=0.00 sys=0.00, real=0.00 secs] 
12.999: [CMS-concurrent-mark-start]
13.000: [GC (Allocation Failure) 13.000: [ParNew: 0K->0K(3072K), 0.0002256 secs]13.000: [CMS13.009: [CMS-concurrent-mark: 0.002/0.010 secs] [Times: user=0.00 sys=0.00, real=0.01 secs] 
 (concurrent mode failure): 4993K->897K(6848K), 0.0115057 secs] 4993K->897K(9920K), [Metaspace: 3664K->3664K(1056768K)], 0.0118114 secs] [Times: user=0.00 sys=0.00, real=0.01 secs] 
13.012: [GC (Allocation Failure) 13.012: [ParNew: 0K->0K(3072K), 0.0002644 secs]13.012: [CMS: 4993K->897K(6848K), 0.0023901 secs] 4993K->897K(9920K), [Metaspace: 3664K->3664K(1056768K)], 0.0027416 secs] [Times: user=0.00 sys=0.00, real=0.00 secs] 
13.015: [GC (CMS Initial Mark) [1 CMS-initial-mark: 4993K(6848K)] 4993K(9920K), 0.0001129 secs] [Times: user=0.00 sys=0.00, real=0.00 secs] 
13.015: [CMS-concurrent-mark-start]
13.015: [GC (Allocation Failure) 13.015: [ParNew: 0K->0K(3072K), 0.0003595 secs]13.016: [CMS13.025: [CMS-concurrent-mark: 0.002/0.010 secs] [Times: user=0.00 sys=0.00, real=0.01 secs] 
 (concurrent mode failure): 4993K->897K(6848K), 0.0116240 secs] 4993K->897K(9920K), [Metaspace: 3664K->3664K(1056768K)], 0.0120703 secs] [Times: user=0.00 sys=0.00, real=0.01 secs] 
13.028: [GC (Allocation Failure) 13.028: [ParNew: 0K->0K(3072K), 0.0002343 secs]13.028: [CMS: 4993K->897K(6848K), 0.0019148 secs] 4993K->897K(9920K), [Metaspace: 3664K->3664K(1056768K)], 0.0022167 secs] [Times: user=0.00 sys=0.00, real=0.00 secs] 
13.030: [GC (CMS Initial Mark) [1 CMS-initial-mark: 4993K(6848K)] 4993K(9920K), 0.0001609 secs] [Times: user=0.00 sys=0.00, real=0.00 secs] 
13.030: [CMS-concurrent-mark-start]
13.031: [GC (Allocation Failure) 13.031: [ParNew: 0K->0K(3072K), 0.0002457 secs]13.031: [CMS13.041: [CMS-concurrent-mark: 0.002/0.010 secs] [Times: user=0.00 sys=0.00, real=0.01 secs] 
 (concurrent mode failure): 4993K->897K(6848K), 0.0130032 secs] 4993K->897K(9920K), [Metaspace: 3664K->3664K(1056768K)], 0.0133583 secs] [Times: user=0.00 sys=0.00, real=0.01 secs] 
13.044: [GC (Allocation Failure) 13.044: [ParNew: 0K->0K(3072K), 0.0003097 secs]13.045: [CMS: 4993K->897K(6848K), 0.0021045 secs] 4993K->897K(9920K), [Metaspace: 3664K->3664K(1056768K)], 0.0024959 secs] [Times: user=0.00 sys=0.00, real=0.00 secs] 
13.047: [GC (CMS Initial Mark) [1 CMS-initial-mark: 4993K(6848K)] 4993K(9920K), 0.0001132 secs] [Times: user=0.00 sys=0.00, real=0.00 secs] 
13.047: [CMS-concurrent-mark-start]
13.048: [GC (Allocation Failure) 13.048: [ParNew: 0K->0K(3072K), 0.0002813 secs]13.048: [CMS13.055: [CMS-concurrent-mark: 0.002/0.008 secs] [Times: user=0.00 sys=0.00, real=0.01 secs] 
 (concurrent mode failure): 4993K->897K(6848K), 0.0125949 secs] 4993K->897K(9920K), [Metaspace: 3664K->3664K(1056768K)], 0.0129516 secs] [Times: user=0.00 sys=0.00, real=0.01 secs] 
13.061: [GC (Allocation Failure) 13.061: [ParNew: 0K->0K(3072K), 0.0002480 secs]13.061: [CMS: 4993K->897K(6848K), 0.0023252 secs] 4993K->897K(9920K), [Metaspace: 3664K->3664K(1056768K)], 0.0026485 secs] [Times: user=0.00 sys=0.00, real=0.00 secs] 
13.064: [GC (CMS Initial Mark) [1 CMS-initial-mark: 4993K(6848K)] 4993K(9920K), 0.0001234 secs] [Times: user=0.00 sys=0.00, real=0.00 secs] 
13.064: [CMS-concurrent-mark-start]
13.064: [GC (Allocation Failure) 13.064: [ParNew: 0K->0K(3072K), 0.0002727 secs]13.065: [CMS13.071: [CMS-concurrent-mark: 0.001/0.007 secs] [Times: user=0.00 sys=0.00, real=0.01 secs] 
 (concurrent mode failure): 4993K->897K(6848K), 0.0119112 secs] 4993K->897K(9920K), [Metaspace: 3664K->3664K(1056768K)], 0.0122659 secs] [Times: user=0.00 sys=0.00, real=0.01 secs] 
13.077: [GC (Allocation Failure) 13.077: [ParNew: 0K->0K(3072K), 0.0002620 secs]13.077: [CMS: 4993K->897K(6848K), 0.0019275 secs] 4993K->897K(9920K), [Metaspace: 3664K->3664K(1056768K)], 0.0022546 secs] [Times: user=0.00 sys=0.00, real=0.00 secs] 
13.080: [GC (CMS Initial Mark) [1 CMS-initial-mark: 4993K(6848K)] 4993K(9920K), 0.0001800 secs] [Times: user=0.00 sys=0.00, real=0.00 secs] 
13.080: [CMS-concurrent-mark-start]
13.080: [GC (Allocation Failure) 13.080: [ParNew: 0K->0K(3072K), 0.0002280 secs]13.080: [CMS13.086: [CMS-concurrent-mark: 0.002/0.007 secs] [Times: user=0.00 sys=0.00, real=0.01 secs] 
 (concurrent mode failure): 4993K->897K(6848K), 0.0089826 secs] 4993K->897K(9920K), [Metaspace: 3664K->3664K(1056768K)], 0.0093116 secs] [Times: user=0.00 sys=0.00, real=0.01 secs] 
13.090: [GC (Allocation Failure) 13.090: [ParNew: 0K->0K(3072K), 0.0003095 secs]13.091: [CMS: 4993K->897K(6848K), 0.0024518 secs] 4993K->897K(9920K), [Metaspace: 3664K->3664K(1056768K)], 0.0028564 secs] [Times: user=0.00 sys=0.00, real=0.00 secs] 
13.093: [GC (CMS Initial Mark) [1 CMS-initial-mark: 4993K(6848K)] 4993K(9920K), 0.0001430 secs] [Times: user=0.00 sys=0.00, real=0.00 secs] 
13.094: [CMS-concurrent-mark-start]
13.094: [GC (Allocation Failure) 13.094: [ParNew: 0K->0K(3072K), 0.0004217 secs]13.094: [CMS13.102: [CMS-concurrent-mark: 0.001/0.008 secs] [Times: user=0.00 sys=0.00, real=0.01 secs] 
 (concurrent mode failure): 4993K->897K(6848K), 0.0098930 secs] 4993K->897K(9920K), [Metaspace: 3664K->3664K(1056768K)], 0.0103848 secs] [Times: user=0.00 sys=0.00, real=0.01 secs] 
13.104: [GC (Allocation Failure) 13.104: [ParNew: 0K->0K(3072K), 0.0002835 secs]13.105: [CMS: 4993K->897K(6848K), 0.0032301 secs] 4993K->897K(9920K), [Metaspace: 3664K->3664K(1056768K)], 0.0035890 secs] [Times: user=0.00 sys=0.00, real=0.00 secs] 
13.108: [GC (CMS Initial Mark) [1 CMS-initial-mark: 4993K(6848K)] 4993K(9920K), 0.0001230 secs] [Times: user=0.00 sys=0.00, real=0.00 secs] 
13.108: [CMS-concurrent-mark-start]
13.108: [GC (Allocation Failure) 13.108: [ParNew: 0K->0K(3072K), 0.0001794 secs]13.109: [CMS13.117: [CMS-concurrent-mark: 0.001/0.009 secs] [Times: user=0.00 sys=0.00, real=0.01 secs] 
 (concurrent mode failure): 4993K->897K(6848K), 0.0104572 secs] 4993K->897K(9920K), [Metaspace: 3664K->3664K(1056768K)], 0.0107074 secs] [Times: user=0.00 sys=0.00, real=0.01 secs] 
13.120: [GC (Allocation Failure) 13.120: [ParNew: 0K->0K(3072K), 0.0002080 secs]13.120: [CMS: 4993K->897K(6848K), 0.0019130 secs] 4993K->897K(9920K), [Metaspace: 3664K->3664K(1056768K)], 0.0022045 secs] [Times: user=0.00 sys=0.00, real=0.00 secs] 
13.122: [GC (CMS Initial Mark) [1 CMS-initial-mark: 4993K(6848K)] 4993K(9920K), 0.0001456 secs] [Times: user=0.00 sys=0.00, real=0.00 secs] 
13.122: [CMS-concurrent-mark-start]
13.122: [GC (Allocation Failure) 13.122: [ParNew: 0K->0K(3072K), 0.0002785 secs]13.123: [CMS13.132: [CMS-concurrent-mark: 0.002/0.010 secs] [Times: user=0.00 sys=0.00, real=0.01 secs] 
 (concurrent mode failure): 4993K->897K(6848K), 0.0119792 secs] 4993K->897K(9920K), [Metaspace: 3664K->3664K(1056768K)], 0.0123605 secs] [Times: user=0.00 sys=0.00, real=0.01 secs] 
13.135: [GC (Allocation Failure) 13.135: [ParNew: 0K->0K(3072K), 0.0002926 secs]13.135: [CMS: 4993K->897K(6848K), 0.0018838 secs] 4993K->897K(9920K), [Metaspace: 3664K->3664K(1056768K)], 0.0022493 secs] [Times: user=0.00 sys=0.00, real=0.00 secs] 
13.138: [GC (CMS Initial Mark) [1 CMS-initial-mark: 4993K(6848K)] 4993K(9920K), 0.0003033 secs] [Times: user=0.00 sys=0.00, real=0.00 secs] 
13.138: [CMS-concurrent-mark-start]
13.138: [GC (Allocation Failure) 13.138: [ParNew: 0K->0K(3072K), 0.0002797 secs]13.138: [CMS13.147: [CMS-concurrent-mark: 0.001/0.009 secs] [Times: user=0.00 sys=0.00, real=0.01 secs] 
 (concurrent mode failure): 4993K->897K(6848K), 0.0109684 secs] 4993K->897K(9920K), [Metaspace: 3664K->3664K(1056768K)], 0.0113361 secs] [Times: user=0.00 sys=0.00, real=0.01 secs] 
13.150: [GC (Allocation Failure) 13.150: [ParNew: 0K->0K(3072K), 0.0002173 secs]13.150: [CMS: 4993K->897K(6848K), 0.0018220 secs] 4993K->897K(9920K), [Metaspace: 3664K->3664K(1056768K)], 0.0021034 secs] [Times: user=0.00 sys=0.00, real=0.00 secs] 
13.152: [GC (CMS Initial Mark) [1 CMS-initial-mark: 4993K(6848K)] 4993K(9920K), 0.0001176 secs] [Times: user=0.00 sys=0.00, real=0.00 secs] 
13.152: [CMS-concurrent-mark-start]
13.152: [GC (Allocation Failure) 13.152: [ParNew: 0K->0K(3072K), 0.0002479 secs]13.153: [CMS13.163: [CMS-concurrent-mark: 0.002/0.010 secs] [Times: user=0.00 sys=0.00, real=0.01 secs] 
 (concurrent mode failure): 4993K->897K(6848K), 0.0125571 secs] 4993K->897K(9920K), [Metaspace: 3664K->3664K(1056768K)], 0.0128775 secs] [Times: user=0.00 sys=0.00, real=0.01 secs] 
13.166: [GC (Allocation Failure) 13.166: [ParNew: 0K->0K(3072K), 0.0003792 secs]13.166: [CMS: 4993K->897K(6848K), 0.0019483 secs] 4993K->897K(9920K), [Metaspace: 3664K->3664K(1056768K)], 0.0024052 secs] [Times: user=0.00 sys=0.00, real=0.00 secs] 
13.169: [GC (CMS Initial Mark) [1 CMS-initial-mark: 4993K(6848K)] 4993K(9920K), 0.0001181 secs] [Times: user=0.00 sys=0.00, real=0.00 secs] 
13.169: [CMS-concurrent-mark-start]
13.169: [GC (Allocation Failure) 13.169: [ParNew: 0K->0K(3072K), 0.0002215 secs]13.169: [CMS13.179: [CMS-concurrent-mark: 0.002/0.010 secs] [Times: user=0.00 sys=0.00, real=0.01 secs] 
 (concurrent mode failure): 4993K->897K(6848K), 0.0117483 secs] 4993K->897K(9920K), [Metaspace: 3664K->3664K(1056768K)], 0.0120406 secs] [Times: user=0.00 sys=0.00, real=0.01 secs] 
13.181: [GC (Allocation Failure) 13.181: [ParNew: 0K->0K(3072K), 0.0002260 secs]13.181: [CMS: 4993K->897K(6848K), 0.0018745 secs] 4993K->897K(9920K), [Metaspace: 3664K->3664K(1056768K)], 0.0021745 secs] [Times: user=0.00 sys=0.00, real=0.00 secs] 
13.184: [GC (CMS Initial Mark) [1 CMS-initial-mark: 4993K(6848K)] 4993K(9920K), 0.0001133 secs] [Times: user=0.00 sys=0.00, real=0.00 secs] 
13.184: [CMS-concurrent-mark-start]
13.184: [GC (Allocation Failure) 13.184: [ParNew: 0K->0K(3072K), 0.0002128 secs]13.184: [CMS13.194: [CMS-concurrent-mark: 0.002/0.011 secs] [Times: user=0.00 sys=0.00, real=0.01 secs] 
 (concurrent mode failure): 4993K->897K(6848K), 0.0125285 secs] 4993K->897K(9920K), [Metaspace: 3664K->3664K(1056768K)], 0.0128119 secs] [Times: user=0.00 sys=0.00, real=0.01 secs] 
13.197: [GC (Allocation Failure) 13.197: [ParNew: 0K->0K(3072K), 0.0002214 secs]13.197: [CMS: 4993K->897K(6848K), 0.0019815 secs] 4993K->897K(9920K), [Metaspace: 3664K->3664K(1056768K)], 0.0022685 secs] [Times: user=0.00 sys=0.00, real=0.00 secs] 
13.199: [GC (CMS Initial Mark) [1 CMS-initial-mark: 4993K(6848K)] 4993K(9920K), 0.0001072 secs] [Times: user=0.00 sys=0.00, real=0.00 secs] 
13.200: [CMS-concurrent-mark-start]
13.200: [GC (Allocation Failure) 13.200: [ParNew: 0K->0K(3072K), 0.0002151 secs]13.200: [CMS13.211: [CMS-concurrent-mark: 0.002/0.011 secs] [Times: user=0.00 sys=0.00, real=0.01 secs] 
 (concurrent mode failure): 4993K->897K(6848K), 0.0132250 secs] 4993K->897K(9920K), [Metaspace: 3664K->3664K(1056768K)], 0.0135081 secs] [Times: user=0.00 sys=0.00, real=0.01 secs] 
13.213: [GC (Allocation Failure) 13.214: [ParNew: 0K->0K(3072K), 0.0002270 secs]13.214: [CMS: 4993K->897K(6848K), 0.0019032 secs] 4993K->897K(9920K), [Metaspace: 3664K->3664K(1056768K)], 0.0022033 secs] [Times: user=0.00 sys=0.00, real=0.00 secs] 
13.216: [GC (CMS Initial Mark) [1 CMS-initial-mark: 4993K(6848K)] 4993K(9920K), 0.0000901 secs] [Times: user=0.00 sys=0.00, real=0.00 secs] 
13.216: [CMS-concurrent-mark-start]
13.216: [GC (Allocation Failure) 13.216: [ParNew: 0K->0K(3072K), 0.0002113 secs]13.217: [CMS13.227: [CMS-concurrent-mark: 0.002/0.010 secs] [Times: user=0.00 sys=0.00, real=0.01 secs] 
 (concurrent mode failure): 4993K->897K(6848K), 0.0125533 secs] 4993K->897K(9920K), [Metaspace: 3664K->3664K(1056768K)], 0.0128408 secs] [Times: user=0.00 sys=0.00, real=0.01 secs] 
13.229: [GC (Allocation Failure) 13.229: [ParNew: 0K->0K(3072K), 0.0002190 secs]13.230: [CMS: 4993K->897K(6848K), 0.0019023 secs] 4993K->897K(9920K), [Metaspace: 3664K->3664K(1056768K)], 0.0021903 secs] [Times: user=0.00 sys=0.00, real=0.00 secs] 
13.232: [GC (CMS Initial Mark) [1 CMS-initial-mark: 4993K(6848K)] 4993K(9920K), 0.0001220 secs] [Times: user=0.00 sys=0.00, real=0.00 secs] 
13.232: [CMS-concurrent-mark-start]
13.232: [GC (Allocation Failure) 13.232: [ParNew: 0K->0K(3072K), 0.0002763 secs]13.233: [CMS13.242: [CMS-concurrent-mark: 0.001/0.010 secs] [Times: user=0.00 sys=0.00, real=0.01 secs] 
 (concurrent mode failure): 4993K->897K(6848K), 0.0116948 secs] 4993K->897K(9920K), [Metaspace: 3664K->3664K(1056768K)], 0.0120431 secs] [Times: user=0.00 sys=0.00, real=0.01 secs] 
13.245: [GC (Allocation Failure) 13.245: [ParNew: 0K->0K(3072K), 0.0002501 secs]13.245: [CMS: 4993K->897K(6848K), 0.0019226 secs] 4993K->897K(9920K), [Metaspace: 3664K->3664K(1056768K)], 0.0022475 secs] [Times: user=0.00 sys=0.00, real=0.00 secs] 
13.247: [GC (CMS Initial Mark) [1 CMS-initial-mark: 4993K(6848K)] 4993K(9920K), 0.0001311 secs] [Times: user=0.00 sys=0.00, real=0.00 secs] 
13.247: [CMS-concurrent-mark-start]
13.247: [GC (Allocation Failure) 13.248: [ParNew: 0K->0K(3072K), 0.0002017 secs]13.248: [CMS13.257: [CMS-concurrent-mark: 0.002/0.010 secs] [Times: user=0.00 sys=0.00, real=0.01 secs] 
 (concurrent mode failure): 4993K->897K(6848K), 0.0129795 secs] 4993K->897K(9920K), [Metaspace: 3664K->3664K(1056768K)], 0.0132582 secs] [Times: user=0.00 sys=0.00, real=0.01 secs] 
13.261: [GC (Allocation Failure) 13.261: [ParNew: 0K->0K(3072K), 0.0002775 secs]13.262: [CMS: 4993K->897K(6848K), 0.0024907 secs] 4993K->897K(9920K), [Metaspace: 3664K->3664K(1056768K)], 0.0028603 secs] [Times: user=0.00 sys=0.00, real=0.00 secs] 
13.264: [GC (CMS Initial Mark) [1 CMS-initial-mark: 4993K(6848K)] 4993K(9920K), 0.0001206 secs] [Times: user=0.00 sys=0.00, real=0.00 secs] 
13.265: [CMS-concurrent-mark-start]
13.265: [GC (Allocation Failure) 13.265: [ParNew: 0K->0K(3072K), 0.0002087 secs]13.265: [CMS13.272: [CMS-concurrent-mark: 0.002/0.008 secs] [Times: user=0.00 sys=0.00, real=0.01 secs] 
 (concurrent mode failure): 4993K->897K(6848K), 0.0104536 secs] 4993K->897K(9920K), [Metaspace: 3664K->3664K(1056768K)], 0.0107533 secs] [Times: user=0.00 sys=0.00, real=0.01 secs] 
13.276: [GC (Allocation Failure) 13.276: [ParNew: 0K->0K(3072K), 0.0002381 secs]13.276: [CMS: 4993K->897K(6848K), 0.0018596 secs] 4993K->897K(9920K), [Metaspace: 3664K->3664K(1056768K)], 0.0021580 secs] [Times: user=0.00 sys=0.00, real=0.00 secs] 
13.278: [GC (CMS Initial Mark) [1 CMS-initial-mark: 4993K(6848K)] 4993K(9920K), 0.0001082 secs] [Times: user=0.00 sys=0.00, real=0.00 secs] 
13.278: [CMS-concurrent-mark-start]
13.279: [GC (Allocation Failure) 13.279: [ParNew: 0K->0K(3072K), 0.0002021 secs]13.279: [CMS13.288: [CMS-concurrent-mark: 0.002/0.009 secs] [Times: user=0.00 sys=0.00, real=0.01 secs] 
 (concurrent mode failure): 4993K->897K(6848K), 0.0116335 secs] 4993K->897K(9920K), [Metaspace: 3664K->3664K(1056768K)], 0.0119180 secs] [Times: user=0.00 sys=0.00, real=0.01 secs] 
13.291: [GC (Allocation Failure) 13.291: [ParNew: 0K->0K(3072K), 0.0003196 secs]13.291: [CMS: 4993K->897K(6848K), 0.0019794 secs] 4993K->897K(9920K), [Metaspace: 3664K->3664K(1056768K)], 0.0023709 secs] [Times: user=0.00 sys=0.00, real=0.00 secs] 
13.294: [GC (CMS Initial Mark) [1 CMS-initial-mark: 4993K(6848K)] 4993K(9920K), 0.0001254 secs] [Times: user=0.00 sys=0.00, real=0.00 secs] 
13.294: [CMS-concurrent-mark-start]
13.294: [GC (Allocation Failure) 13.294: [ParNew: 0K->0K(3072K), 0.0002203 secs]13.294: [CMS13.303: [CMS-concurrent-mark: 0.002/0.009 secs] [Times: user=0.00 sys=0.00, real=0.01 secs] 
 (concurrent mode failure): 4993K->897K(6848K), 0.0122835 secs] 4993K->897K(9920K), [Metaspace: 3664K->3664K(1056768K)], 0.0126302 secs] [Times: user=0.00 sys=0.00, real=0.01 secs] 
13.307: [GC (Allocation Failure) 13.307: [ParNew: 0K->0K(3072K), 0.0003480 secs]13.307: [CMS: 4993K->897K(6848K), 0.0018255 secs] 4993K->897K(9920K), [Metaspace: 3664K->3664K(1056768K)], 0.0022352 secs] [Times: user=0.00 sys=0.00, real=0.00 secs] 
13.310: [GC (CMS Initial Mark) [1 CMS-initial-mark: 4993K(6848K)] 4993K(9920K), 0.0001101 secs] [Times: user=0.00 sys=0.00, real=0.00 secs] 
13.310: [CMS-concurrent-mark-start]
13.310: [GC (Allocation Failure) 13.310: [ParNew: 0K->0K(3072K), 0.0002042 secs]13.310: [CMS13.319: [CMS-concurrent-mark: 0.002/0.010 secs] [Times: user=0.00 sys=0.00, real=0.01 secs] 
 (concurrent mode failure): 4993K->897K(6848K), 0.0118805 secs] 4993K->897K(9920K), [Metaspace: 3664K->3664K(1056768K)], 0.0121704 secs] [Times: user=0.00 sys=0.00, real=0.01 secs] 
13.323: [GC (Allocation Failure) 13.323: [ParNew: 0K->0K(3072K), 0.0004066 secs]13.323: [CMS: 4993K->897K(6848K), 0.0022869 secs] 4993K->897K(9920K), [Metaspace: 3664K->3664K(1056768K)], 0.0028695 secs] [Times: user=0.00 sys=0.00, real=0.00 secs] 
13.326: [GC (CMS Initial Mark) [1 CMS-initial-mark: 4993K(6848K)] 4993K(9920K), 0.0001217 secs] [Times: user=0.00 sys=0.00, real=0.00 secs] 
13.326: [CMS-concurrent-mark-start]
13.326: [GC (Allocation Failure) 13.326: [ParNew: 0K->0K(3072K), 0.0002700 secs]13.327: [CMS13.335: [CMS-concurrent-mark: 0.002/0.008 secs] [Times: user=0.00 sys=0.00, real=0.01 secs] 
 (concurrent mode failure): 4993K->897K(6848K), 0.0101930 secs] 4993K->897K(9920K), [Metaspace: 3664K->3664K(1056768K)], 0.0105333 secs] [Times: user=0.00 sys=0.00, real=0.01 secs] 
13.337: [GC (Allocation Failure) 13.337: [ParNew: 0K->0K(3072K), 0.0002484 secs]13.338: [CMS: 4993K->897K(6848K), 0.0025853 secs] 4993K->897K(9920K), [Metaspace: 3664K->3664K(1056768K)], 0.0029126 secs] [Times: user=0.00 sys=0.00, real=0.00 secs] 
13.341: [GC (CMS Initial Mark) [1 CMS-initial-mark: 4993K(6848K)] 4993K(9920K), 0.0001888 secs] [Times: user=0.00 sys=0.00, real=0.00 secs] 
13.341: [CMS-concurrent-mark-start]
13.341: [GC (Allocation Failure) 13.341: [ParNew: 0K->0K(3072K), 0.0002997 secs]13.341: [CMS13.350: [CMS-concurrent-mark: 0.001/0.009 secs] [Times: user=0.00 sys=0.00, real=0.01 secs] 
 (concurrent mode failure): 4993K->897K(6848K), 0.0112919 secs] 4993K->897K(9920K), [Metaspace: 3664K->3664K(1056768K)], 0.0116710 secs] [Times: user=0.00 sys=0.00, real=0.01 secs] 
13.353: [GC (Allocation Failure) 13.353: [ParNew: 0K->0K(3072K), 0.0002640 secs]13.353: [CMS: 4993K->897K(6848K), 0.0024402 secs] 4993K->897K(9920K), [Metaspace: 3664K->3664K(1056768K)], 0.0028293 secs] [Times: user=0.00 sys=0.00, real=0.00 secs] 
13.356: [GC (CMS Initial Mark) [1 CMS-initial-mark: 4993K(6848K)] 4993K(9920K), 0.0002528 secs] [Times: user=0.00 sys=0.00, real=0.00 secs] 
13.357: [CMS-concurrent-mark-start]
13.357: [GC (Allocation Failure) 13.357: [ParNew: 0K->0K(3072K), 0.0002696 secs]13.357: [CMS13.366: [CMS-concurrent-mark: 0.001/0.009 secs] [Times: user=0.00 sys=0.00, real=0.01 secs] 
 (concurrent mode failure): 4993K->897K(6848K), 0.0107833 secs] 4993K->897K(9920K), [Metaspace: 3664K->3664K(1056768K)], 0.0111293 secs] [Times: user=0.00 sys=0.00, real=0.01 secs] 
13.368: [GC (Allocation Failure) 13.368: [ParNew: 0K->0K(3072K), 0.0003146 secs]13.369: [CMS: 4993K->897K(6848K), 0.0017682 secs] 4993K->897K(9920K), [Metaspace: 3664K->3664K(1056768K)], 0.0021431 secs] [Times: user=0.00 sys=0.00, real=0.00 secs] 
13.371: [GC (CMS Initial Mark) [1 CMS-initial-mark: 4993K(6848K)] 4993K(9920K), 0.0001703 secs] [Times: user=0.00 sys=0.00, real=0.00 secs] 
13.371: [CMS-concurrent-mark-start]
13.371: [GC (Allocation Failure) 13.371: [ParNew: 0K->0K(3072K), 0.0002889 secs]13.371: [CMS13.381: [CMS-concurrent-mark: 0.001/0.010 secs] [Times: user=0.00 sys=0.00, real=0.01 secs] 
 (concurrent mode failure): 4993K->897K(6848K), 0.0122469 secs] 4993K->897K(9920K), [Metaspace: 3664K->3664K(1056768K)], 0.0126063 secs] [Times: user=0.00 sys=0.00, real=0.01 secs] 
13.384: [GC (Allocation Failure) 13.384: [ParNew: 0K->0K(3072K), 0.0002584 secs]13.384: [CMS: 4993K->897K(6848K), 0.0017733 secs] 4993K->897K(9920K), [Metaspace: 3664K->3664K(1056768K)], 0.0021095 secs] [Times: user=0.00 sys=0.00, real=0.00 secs] 
13.386: [GC (CMS Initial Mark) [1 CMS-initial-mark: 4993K(6848K)] 4993K(9920K), 0.0001786 secs] [Times: user=0.00 sys=0.00, real=0.00 secs] 
13.387: [CMS-concurrent-mark-start]
13.387: [GC (Allocation Failure) 13.387: [ParNew: 0K->0K(3072K), 0.0002313 secs]13.387: [CMS13.397: [CMS-concurrent-mark: 0.001/0.010 secs] [Times: user=0.00 sys=0.00, real=0.01 secs] 
 (concurrent mode failure): 4993K->897K(6848K), 0.0121989 secs] 4993K->897K(9920K), [Metaspace: 3664K->3664K(1056768K)], 0.0124979 secs] [Times: user=0.00 sys=0.00, real=0.01 secs] 
13.400: [GC (Allocation Failure) 13.400: [ParNew: 0K->0K(3072K), 0.0002281 secs]13.400: [CMS: 4993K->897K(6848K), 0.0016445 secs] 4993K->897K(9920K), [Metaspace: 3664K->3664K(1056768K)], 0.0019302 secs] [Times: user=0.00 sys=0.00, real=0.00 secs] 
13.402: [GC (CMS Initial Mark) [1 CMS-initial-mark: 4993K(6848K)] 4993K(9920K), 0.0000966 secs] [Times: user=0.00 sys=0.00, real=0.00 secs] 
13.402: [CMS-concurrent-mark-start]
13.402: [GC (Allocation Failure) 13.402: [ParNew: 0K->0K(3072K), 0.0001994 secs]13.402: [CMS13.413: [CMS-concurrent-mark: 0.001/0.011 secs] [Times: user=0.00 sys=0.00, real=0.01 secs] 
 (concurrent mode failure): 4993K->897K(6848K), 0.0129756 secs] 4993K->897K(9920K), [Metaspace: 3664K->3664K(1056768K)], 0.0132371 secs] [Times: user=0.00 sys=0.00, real=0.01 secs] 
13.416: [GC (Allocation Failure) 13.416: [ParNew: 0K->0K(3072K), 0.0002224 secs]13.416: [CMS: 4993K->897K(6848K), 0.0017316 secs] 4993K->897K(9920K), [Metaspace: 3664K->3664K(1056768K)], 0.0020160 secs] [Times: user=0.00 sys=0.00, real=0.00 secs] 
13.418: [GC (CMS Initial Mark) [1 CMS-initial-mark: 4993K(6848K)] 4993K(9920K), 0.0001053 secs] [Times: user=0.00 sys=0.00, real=0.00 secs] 
13.418: [CMS-concurrent-mark-start]
13.418: [GC (Allocation Failure) 13.418: [ParNew: 0K->0K(3072K), 0.0001807 secs]13.418: [CMS13.429: [CMS-concurrent-mark: 0.002/0.011 secs] [Times: user=0.00 sys=0.00, real=0.01 secs] 
 (concurrent mode failure): 4993K->897K(6848K), 0.0134670 secs] 4993K->897K(9920K), [Metaspace: 3664K->3664K(1056768K)], 0.0137505 secs] [Times: user=0.00 sys=0.00, real=0.01 secs] 
13.432: [GC (Allocation Failure) 13.432: [ParNew: 0K->0K(3072K), 0.0002838 secs]13.433: [CMS: 4993K->897K(6848K), 0.0020154 secs] 4993K->897K(9920K), [Metaspace: 3664K->3664K(1056768K)], 0.0023747 secs] [Times: user=0.00 sys=0.00, real=0.00 secs] 
13.435: [GC (CMS Initial Mark) [1 CMS-initial-mark: 4993K(6848K)] 4993K(9920K), 0.0001159 secs] [Times: user=0.00 sys=0.00, real=0.00 secs] 
13.435: [CMS-concurrent-mark-start]
13.435: [GC (Allocation Failure) 13.435: [ParNew: 0K->0K(3072K), 0.0002398 secs]13.436: [CMS13.444: [CMS-concurrent-mark: 0.001/0.009 secs] [Times: user=0.00 sys=0.00, real=0.01 secs] 
 (concurrent mode failure): 4993K->897K(6848K), 0.0111400 secs] 4993K->897K(9920K), [Metaspace: 3664K->3664K(1056768K)], 0.0115010 secs] [Times: user=0.00 sys=0.00, real=0.01 secs] 
13.447: [GC (Allocation Failure) 13.447: [ParNew: 0K->0K(3072K), 0.0002917 secs]13.448: [CMS: 4993K->897K(6848K), 0.0018608 secs] 4993K->897K(9920K), [Metaspace: 3664K->3664K(1056768K)], 0.0022325 secs] [Times: user=0.00 sys=0.00, real=0.00 secs] 
13.450: [GC (CMS Initial Mark) [1 CMS-initial-mark: 4993K(6848K)] 4993K(9920K), 0.0001588 secs] [Times: user=0.00 sys=0.00, real=0.00 secs] 
13.450: [CMS-concurrent-mark-start]
13.450: [GC (Allocation Failure) 13.450: [ParNew: 0K->0K(3072K), 0.0001929 secs]13.450: [CMS13.459: [CMS-concurrent-mark: 0.001/0.009 secs] [Times: user=0.00 sys=0.00, real=0.01 secs] 
 (concurrent mode failure): 4993K->897K(6848K), 0.0113916 secs] 4993K->897K(9920K), [Metaspace: 3664K->3664K(1056768K)], 0.0116660 secs] [Times: user=0.00 sys=0.00, real=0.01 secs] 
13.462: [GC (Allocation Failure) 13.462: [ParNew: 0K->0K(3072K), 0.0002089 secs]13.462: [CMS: 4993K->897K(6848K), 0.0021267 secs] 4993K->897K(9920K), [Metaspace: 3664K->3664K(1056768K)], 0.0024185 secs] [Times: user=0.00 sys=0.00, real=0.00 secs] 
13.465: [GC (CMS Initial Mark) [1 CMS-initial-mark: 4993K(6848K)] 4993K(9920K), 0.0001115 secs] [Times: user=0.00 sys=0.00, real=0.00 secs] 
13.465: [CMS-concurrent-mark-start]
13.465: [GC (Allocation Failure) 13.465: [ParNew: 0K->0K(3072K), 0.0001950 secs]13.465: [CMS13.475: [CMS-concurrent-mark: 0.002/0.011 secs] [Times: user=0.00 sys=0.00, real=0.01 secs] 
 (concurrent mode failure): 4993K->897K(6848K), 0.0133046 secs] 4993K->897K(9920K), [Metaspace: 3664K->3664K(1056768K)], 0.0135664 secs] [Times: user=0.00 sys=0.00, real=0.01 secs] 
13.479: [GC (Allocation Failure) 13.479: [ParNew: 0K->0K(3072K), 0.0002010 secs]13.479: [CMS: 4993K->897K(6848K), 0.0016918 secs] 4993K->897K(9920K), [Metaspace: 3664K->3664K(1056768K)], 0.0019510 secs] [Times: user=0.00 sys=0.00, real=0.00 secs] 
13.481: [GC (CMS Initial Mark) [1 CMS-initial-mark: 4993K(6848K)] 4993K(9920K), 0.0001122 secs] [Times: user=0.00 sys=0.00, real=0.00 secs] 
13.481: [CMS-concurrent-mark-start]
13.482: [GC (Allocation Failure) 13.482: [ParNew: 0K->0K(3072K), 0.0001923 secs]13.482: [CMS13.490: [CMS-concurrent-mark: 0.002/0.009 secs] [Times: user=0.00 sys=0.00, real=0.01 secs] 
 (concurrent mode failure): 4993K->897K(6848K), 0.0114977 secs] 4993K->897K(9920K), [Metaspace: 3664K->3664K(1056768K)], 0.0117710 secs] [Times: user=0.00 sys=0.00, real=0.01 secs] 
13.494: [GC (Allocation Failure) 13.494: [ParNew: 0K->0K(3072K), 0.0002456 secs]13.494: [CMS: 4993K->897K(6848K), 0.0017598 secs] 4993K->897K(9920K), [Metaspace: 3664K->3664K(1056768K)], 0.0020608 secs] [Times: user=0.00 sys=0.00, real=0.00 secs] 
13.496: [GC (CMS Initial Mark) [1 CMS-initial-mark: 4993K(6848K)] 4993K(9920K), 0.0001240 secs] [Times: user=0.00 sys=0.00, real=0.00 secs] 
13.496: [CMS-concurrent-mark-start]
13.496: [GC (Allocation Failure) 13.496: [ParNew: 0K->0K(3072K), 0.0002308 secs]13.497: [CMS13.507: [CMS-concurrent-mark: 0.002/0.010 secs] [Times: user=0.00 sys=0.00, real=0.01 secs] 
 (concurrent mode failure): 4993K->897K(6848K), 0.0130009 secs] 4993K->897K(9920K), [Metaspace: 3664K->3664K(1056768K)], 0.0133065 secs] [Times: user=0.00 sys=0.00, real=0.01 secs] 
13.510: [GC (Allocation Failure) 13.510: [ParNew: 0K->0K(3072K), 0.0002775 secs]13.510: [CMS: 4993K->897K(6848K), 0.0017714 secs] 4993K->897K(9920K), [Metaspace: 3664K->3664K(1056768K)], 0.0021128 secs] [Times: user=0.00 sys=0.00, real=0.00 secs] 
13.513: [GC (CMS Initial Mark) [1 CMS-initial-mark: 4993K(6848K)] 4993K(9920K), 0.0001130 secs] [Times: user=0.00 sys=0.00, real=0.00 secs] 
13.513: [CMS-concurrent-mark-start]
13.513: [GC (Allocation Failure) 13.513: [ParNew: 0K->0K(3072K), 0.0002337 secs]13.513: [CMS13.523: [CMS-concurrent-mark: 0.002/0.010 secs] [Times: user=0.00 sys=0.00, real=0.01 secs] 
 (concurrent mode failure): 4993K->897K(6848K), 0.0127737 secs] 4993K->897K(9920K), [Metaspace: 3664K->3664K(1056768K)], 0.0131084 secs] [Times: user=0.00 sys=0.00, real=0.01 secs] 
13.526: [GC (Allocation Failure) 13.526: [ParNew: 0K->0K(3072K), 0.0003486 secs]13.527: [CMS: 4993K->897K(6848K), 0.0021235 secs] 4993K->897K(9920K), [Metaspace: 3664K->3664K(1056768K)], 0.0025543 secs] [Times: user=0.00 sys=0.00, real=0.00 secs] 
13.529: [GC (CMS Initial Mark) [1 CMS-initial-mark: 4993K(6848K)] 4993K(9920K), 0.0002132 secs] [Times: user=0.00 sys=0.00, real=0.00 secs] 
13.530: [CMS-concurrent-mark-start]
13.530: [GC (Allocation Failure) 13.530: [ParNew: 0K->0K(3072K), 0.0002579 secs]13.530: [CMS13.538: [CMS-concurrent-mark: 0.002/0.009 secs] [Times: user=0.00 sys=0.00, real=0.01 secs] 
 (concurrent mode failure): 4993K->897K(6848K), 0.0112241 secs] 4993K->897K(9920K), [Metaspace: 3664K->3664K(1056768K)], 0.0115589 secs] [Times: user=0.00 sys=0.00, real=0.01 secs] 
13.542: [GC (Allocation Failure) 13.542: [ParNew: 0K->0K(3072K), 0.0002224 secs]13.542: [CMS: 4993K->897K(6848K), 0.0019228 secs] 4993K->897K(9920K), [Metaspace: 3664K->3664K(1056768K)], 0.0022158 secs] [Times: user=0.00 sys=0.00, real=0.00 secs] 
13.544: [GC (CMS Initial Mark) [1 CMS-initial-mark: 4993K(6848K)] 4993K(9920K), 0.0001243 secs] [Times: user=0.00 sys=0.00, real=0.00 secs] 
13.544: [CMS-concurrent-mark-start]
13.544: [GC (Allocation Failure) 13.544: [ParNew: 0K->0K(3072K), 0.0002233 secs]13.545: [CMS13.554: [CMS-concurrent-mark: 0.002/0.009 secs] [Times: user=0.00 sys=0.00, real=0.01 secs] 
 (concurrent mode failure): 4993K->897K(6848K), 0.0123171 secs] 4993K->897K(9920K), [Metaspace: 3664K->3664K(1056768K)], 0.0126147 secs] [Times: user=0.00 sys=0.00, real=0.01 secs] 
13.557: [GC (Allocation Failure) 13.557: [ParNew: 0K->0K(3072K), 0.0002232 secs]13.558: [CMS: 4993K->897K(6848K), 0.0019852 secs] 4993K->897K(9920K), [Metaspace: 3664K->3664K(1056768K)], 0.0022738 secs] [Times: user=0.00 sys=0.00, real=0.00 secs] 
13.560: [GC (CMS Initial Mark) [1 CMS-initial-mark: 4993K(6848K)] 4993K(9920K), 0.0001466 secs] [Times: user=0.00 sys=0.00, real=0.00 secs] 
13.560: [CMS-concurrent-mark-start]
13.560: [GC (Allocation Failure) 13.560: [ParNew: 0K->0K(3072K), 0.0002225 secs]13.560: [CMS13.569: [CMS-concurrent-mark: 0.002/0.009 secs] [Times: user=0.00 sys=0.00, real=0.01 secs] 
 (concurrent mode failure): 4993K->897K(6848K), 0.0117461 secs] 4993K->897K(9920K), [Metaspace: 3664K->3664K(1056768K)], 0.0121170 secs] [Times: user=0.00 sys=0.00, real=0.01 secs] 
13.573: [GC (Allocation Failure) 13.573: [ParNew: 0K->0K(3072K), 0.0003204 secs]13.573: [CMS: 4993K->897K(6848K), 0.0020573 secs] 4993K->897K(9920K), [Metaspace: 3664K->3664K(1056768K)], 0.0024622 secs] [Times: user=0.00 sys=0.00, real=0.00 secs] 
13.575: [GC (CMS Initial Mark) [1 CMS-initial-mark: 4993K(6848K)] 4993K(9920K), 0.0000942 secs] [Times: user=0.00 sys=0.00, real=0.00 secs] 
13.576: [CMS-concurrent-mark-start]
13.576: [GC (Allocation Failure) 13.576: [ParNew: 0K->0K(3072K), 0.0002836 secs]13.576: [CMS13.585: [CMS-concurrent-mark: 0.002/0.009 secs] [Times: user=0.00 sys=0.00, real=0.01 secs] 
 (concurrent mode failure): 4993K->897K(6848K), 0.0111246 secs] 4993K->897K(9920K), [Metaspace: 3664K->3664K(1056768K)], 0.0114761 secs] [Times: user=0.00 sys=0.00, real=0.01 secs] 
13.587: [GC (Allocation Failure) 13.587: [ParNew: 0K->0K(3072K), 0.0003387 secs]13.588: [CMS: 4993K->897K(6848K), 0.0025736 secs] 4993K->897K(9920K), [Metaspace: 3664K->3664K(1056768K)], 0.0030012 secs] [Times: user=0.00 sys=0.00, real=0.00 secs] 
13.591: [GC (CMS Initial Mark) [1 CMS-initial-mark: 4993K(6848K)] 4993K(9920K), 0.0001367 secs] [Times: user=0.00 sys=0.00, real=0.00 secs] 
13.591: [CMS-concurrent-mark-start]
13.591: [GC (Allocation Failure) 13.591: [ParNew: 0K->0K(3072K), 0.0002193 secs]13.591: [CMS13.600: [CMS-concurrent-mark: 0.002/0.009 secs] [Times: user=0.00 sys=0.00, real=0.01 secs] 
 (concurrent mode failure): 4993K->897K(6848K), 0.0109779 secs] 4993K->897K(9920K), [Metaspace: 3664K->3664K(1056768K)], 0.0112715 secs] [Times: user=0.00 sys=0.00, real=0.01 secs] 
13.603: [GC (Allocation Failure) 13.603: [ParNew: 0K->0K(3072K), 0.0002751 secs]13.603: [CMS: 4993K->897K(6848K), 0.0023554 secs] 4993K->897K(9920K), [Metaspace: 3664K->3664K(1056768K)], 0.0027358 secs] [Times: user=0.00 sys=0.00, real=0.00 secs] 
13.606: [GC (CMS Initial Mark) [1 CMS-initial-mark: 4993K(6848K)] 4993K(9920K), 0.0003697 secs] [Times: user=0.00 sys=0.00, real=0.00 secs] 
13.606: [CMS-concurrent-mark-start]
13.606: [GC (Allocation Failure) 13.606: [ParNew: 0K->0K(3072K), 0.0002246 secs]13.607: [CMS13.616: [CMS-concurrent-mark: 0.002/0.010 secs] [Times: user=0.00 sys=0.00, real=0.01 secs] 
 (concurrent mode failure): 4993K->897K(6848K), 0.0114899 secs] 4993K->897K(9920K), [Metaspace: 3664K->3664K(1056768K)], 0.0117850 secs] [Times: user=0.00 sys=0.00, real=0.01 secs] 
13.619: [GC (Allocation Failure) 13.619: [ParNew: 0K->0K(3072K), 0.0002209 secs]13.619: [CMS: 4993K->897K(6848K), 0.0018124 secs] 4993K->897K(9920K), [Metaspace: 3664K->3664K(1056768K)], 0.0021011 secs] [Times: user=0.00 sys=0.00, real=0.00 secs] 
13.621: [GC (CMS Initial Mark) [1 CMS-initial-mark: 4993K(6848K)] 4993K(9920K), 0.0001220 secs] [Times: user=0.00 sys=0.00, real=0.00 secs] 
13.621: [CMS-concurrent-mark-start]
13.621: [GC (Allocation Failure) 13.621: [ParNew: 0K->0K(3072K), 0.0002664 secs]13.622: [CMS13.632: [CMS-concurrent-mark: 0.002/0.010 secs] [Times: user=0.00 sys=0.00, real=0.01 secs] 
 (concurrent mode failure): 4993K->897K(6848K), 0.0122812 secs] 4993K->897K(9920K), [Metaspace: 3664K->3664K(1056768K)], 0.0126250 secs] [Times: user=0.00 sys=0.00, real=0.01 secs] 
13.634: [GC (Allocation Failure) 13.634: [ParNew: 0K->0K(3072K), 0.0002292 secs]13.635: [CMS: 4993K->897K(6848K), 0.0019808 secs] 4993K->897K(9920K), [Metaspace: 3664K->3664K(1056768K)], 0.0022781 secs] [Times: user=0.00 sys=0.00, real=0.00 secs] 
13.637: [GC (CMS Initial Mark) [1 CMS-initial-mark: 4993K(6848K)] 4993K(9920K), 0.0001608 secs] [Times: user=0.00 sys=0.00, real=0.00 secs] 
13.637: [CMS-concurrent-mark-start]
13.637: [GC (Allocation Failure) 13.637: [ParNew: 0K->0K(3072K), 0.0002929 secs]13.638: [CMS13.647: [CMS-concurrent-mark: 0.001/0.010 secs] [Times: user=0.00 sys=0.00, real=0.01 secs] 
 (concurrent mode failure): 4993K->897K(6848K), 0.0119959 secs] 4993K->897K(9920K), [Metaspace: 3664K->3664K(1056768K)], 0.0123611 secs] [Times: user=0.00 sys=0.00, real=0.01 secs] 
13.650: [GC (Allocation Failure) 13.650: [ParNew: 0K->0K(3072K), 0.0002315 secs]13.650: [CMS: 4993K->897K(6848K), 0.0019418 secs] 4993K->897K(9920K), [Metaspace: 3664K->3664K(1056768K)], 0.0022415 secs] [Times: user=0.00 sys=0.00, real=0.00 secs] 
13.653: [GC (CMS Initial Mark) [1 CMS-initial-mark: 4993K(6848K)] 4993K(9920K), 0.0001722 secs] [Times: user=0.00 sys=0.00, real=0.00 secs] 
13.653: [CMS-concurrent-mark-start]
13.653: [GC (Allocation Failure) 13.653: [ParNew: 0K->0K(3072K), 0.0002418 secs]13.653: [CMS13.663: [CMS-concurrent-mark: 0.002/0.011 secs] [Times: user=0.00 sys=0.00, real=0.01 secs] 
 (concurrent mode failure): 4993K->897K(6848K), 0.0126923 secs] 4993K->897K(9920K), [Metaspace: 3664K->3664K(1056768K)], 0.0130301 secs] [Times: user=0.00 sys=0.00, real=0.01 secs] 
13.666: [GC (Allocation Failure) 13.666: [ParNew: 0K->0K(3072K), 0.0002316 secs]13.666: [CMS: 4993K->897K(6848K), 0.0018906 secs] 4993K->897K(9920K), [Metaspace: 3664K->3664K(1056768K)], 0.0021956 secs] [Times: user=0.00 sys=0.00, real=0.00 secs] 
13.669: [GC (CMS Initial Mark) [1 CMS-initial-mark: 4993K(6848K)] 4993K(9920K), 0.0001189 secs] [Times: user=0.00 sys=0.00, real=0.00 secs] 
13.669: [CMS-concurrent-mark-start]
13.669: [GC (Allocation Failure) 13.669: [ParNew: 0K->0K(3072K), 0.0002096 secs]13.669: [CMS13.678: [CMS-concurrent-mark: 0.001/0.009 secs] [Times: user=0.00 sys=0.00, real=0.01 secs] 
 (concurrent mode failure): 4993K->897K(6848K), 0.0110826 secs] 4993K->897K(9920K), [Metaspace: 3664K->3664K(1056768K)], 0.0113613 secs] [Times: user=0.00 sys=0.00, real=0.01 secs] 
13.681: [GC (Allocation Failure) 13.681: [ParNew: 0K->0K(3072K), 0.0003563 secs]13.681: [CMS: 4993K->897K(6848K), 0.0017411 secs] 4993K->897K(9920K), [Metaspace: 3664K->3664K(1056768K)], 0.0021824 secs] [Times: user=0.00 sys=0.00, real=0.00 secs] 
13.683: [GC (CMS Initial Mark) [1 CMS-initial-mark: 4993K(6848K)] 4993K(9920K), 0.0001225 secs] [Times: user=0.00 sys=0.00, real=0.00 secs] 
13.683: [CMS-concurrent-mark-start]
13.683: [GC (Allocation Failure) 13.683: [ParNew: 0K->0K(3072K), 0.0002743 secs]13.684: [CMS13.693: [CMS-concurrent-mark: 0.001/0.010 secs] [Times: user=0.03 sys=0.00, real=0.01 secs] 
 (concurrent mode failure): 4993K->897K(6848K), 0.0112111 secs] 4993K->897K(9920K), [Metaspace: 3664K->3664K(1056768K)], 0.0115524 secs] [Times: user=0.03 sys=0.00, real=0.01 secs] 
13.695: [GC (Allocation Failure) 13.695: [ParNew: 0K->0K(3072K), 0.0003444 secs]13.696: [CMS: 4993K->897K(6848K), 0.0020134 secs] 4993K->897K(9920K), [Metaspace: 3664K->3664K(1056768K)], 0.0024426 secs] [Times: user=0.00 sys=0.00, real=0.00 secs] 
13.698: [GC (CMS Initial Mark) [1 CMS-initial-mark: 4993K(6848K)] 4993K(9920K), 0.0001197 secs] [Times: user=0.00 sys=0.00, real=0.00 secs] 
13.698: [CMS-concurrent-mark-start]
13.698: [GC (Allocation Failure) 13.699: [ParNew: 0K->0K(3072K), 0.0003983 secs]13.699: [CMS13.709: [CMS-concurrent-mark: 0.001/0.010 secs] [Times: user=0.03 sys=0.00, real=0.01 secs] 
 (concurrent mode failure): 4993K->897K(6848K), 0.0120271 secs] 4993K->897K(9920K), [Metaspace: 3664K->3664K(1056768K)], 0.0125207 secs] [Times: user=0.03 sys=0.00, real=0.01 secs] 
13.711: [GC (Allocation Failure) 13.711: [ParNew: 0K->0K(3072K), 0.0002080 secs]13.712: [CMS: 4993K->897K(6848K), 0.0018273 secs] 4993K->897K(9920K), [Metaspace: 3664K->3664K(1056768K)], 0.0021051 secs] [Times: user=0.00 sys=0.00, real=0.00 secs] 
13.714: [GC (CMS Initial Mark) [1 CMS-initial-mark: 4993K(6848K)] 4993K(9920K), 0.0001149 secs] [Times: user=0.00 sys=0.00, real=0.00 secs] 
13.714: [CMS-concurrent-mark-start]
13.714: [GC (Allocation Failure) 13.714: [ParNew: 0K->0K(3072K), 0.0002091 secs]13.714: [CMS13.724: [CMS-concurrent-mark: 0.002/0.010 secs] [Times: user=0.03 sys=0.00, real=0.01 secs] 
 (concurrent mode failure): 4993K->897K(6848K), 0.0119974 secs] 4993K->897K(9920K), [Metaspace: 3664K->3664K(1056768K)], 0.0122738 secs] [Times: user=0.03 sys=0.00, real=0.01 secs] 
13.727: [GC (Allocation Failure) 13.727: [ParNew: 0K->0K(3072K), 0.0002398 secs]13.727: [CMS: 4993K->897K(6848K), 0.0017663 secs] 4993K->897K(9920K), [Metaspace: 3664K->3664K(1056768K)], 0.0020729 secs] [Times: user=0.00 sys=0.00, real=0.00 secs] 
13.729: [GC (CMS Initial Mark) [1 CMS-initial-mark: 4993K(6848K)] 4993K(9920K), 0.0002238 secs] [Times: user=0.00 sys=0.00, real=0.00 secs] 
13.729: [CMS-concurrent-mark-start]
13.729: [GC (Allocation Failure) 13.729: [ParNew: 0K->0K(3072K), 0.0002812 secs]13.730: [CMS13.740: [CMS-concurrent-mark: 0.002/0.011 secs] [Times: user=0.03 sys=0.00, real=0.01 secs] 
 (concurrent mode failure): 4993K->897K(6848K), 0.0128250 secs] 4993K->897K(9920K), [Metaspace: 3664K->3664K(1056768K)], 0.0131778 secs] [Times: user=0.03 sys=0.00, real=0.01 secs] 
13.743: [GC (Allocation Failure) 13.743: [ParNew: 0K->0K(3072K), 0.0002884 secs]13.743: [CMS: 4993K->897K(6848K), 0.0018294 secs] 4993K->897K(9920K), [Metaspace: 3664K->3664K(1056768K)], 0.0021829 secs] [Times: user=0.00 sys=0.00, real=0.00 secs] 
13.745: [GC (CMS Initial Mark) [1 CMS-initial-mark: 4993K(6848K)] 4993K(9920K), 0.0001135 secs] [Times: user=0.00 sys=0.00, real=0.00 secs] 
13.746: [CMS-concurrent-mark-start]
13.746: [GC (Allocation Failure) 13.746: [ParNew: 0K->0K(3072K), 0.0002098 secs]13.746: [CMS13.756: [CMS-concurrent-mark: 0.002/0.010 secs] [Times: user=0.03 sys=0.00, real=0.01 secs] 
 (concurrent mode failure): 4993K->897K(6848K), 0.0121178 secs] 4993K->897K(9920K), [Metaspace: 3664K->3664K(1056768K)], 0.0124038 secs] [Times: user=0.03 sys=0.00, real=0.01 secs] 
13.758: [GC (Allocation Failure) 13.758: [ParNew: 0K->0K(3072K), 0.0002139 secs]13.759: [CMS: 4993K->897K(6848K), 0.0016598 secs] 4993K->897K(9920K), [Metaspace: 3664K->3664K(1056768K)], 0.0019264 secs] [Times: user=0.00 sys=0.00, real=0.00 secs] 
13.761: [GC (CMS Initial Mark) [1 CMS-initial-mark: 4993K(6848K)] 4993K(9920K), 0.0001055 secs] [Times: user=0.00 sys=0.00, real=0.00 secs] 
13.761: [CMS-concurrent-mark-start]
13.761: [GC (Allocation Failure) 13.761: [ParNew: 0K->0K(3072K), 0.0002007 secs]13.761: [CMS13.771: [CMS-concurrent-mark: 0.002/0.010 secs] [Times: user=0.03 sys=0.00, real=0.01 secs] 
 (concurrent mode failure): 4993K->897K(6848K), 0.0124559 secs] 4993K->897K(9920K), [Metaspace: 3664K->3664K(1056768K)], 0.0127399 secs] [Times: user=0.03 sys=0.00, real=0.01 secs] 
13.776: [GC (Allocation Failure) 13.776: [ParNew: 0K->0K(3072K), 0.0002677 secs]13.776: [CMS: 4993K->897K(6848K), 0.0039592 secs] 4993K->897K(9920K), [Metaspace: 3664K->3664K(1056768K)], 0.0043910 secs] [Times: user=0.00 sys=0.00, real=0.01 secs] 
13.795: [GC (CMS Initial Mark) [1 CMS-initial-mark: 4993K(6848K)] 4993K(9920K), 0.0001766 secs] [Times: user=0.00 sys=0.00, real=0.00 secs] 
13.795: [CMS-concurrent-mark-start]
13.796: [GC (Allocation Failure) 13.796: [ParNew: 0K->0K(3072K), 0.0002530 secs]13.796: [CMS13.801: [CMS-concurrent-mark: 0.001/0.005 secs] [Times: user=0.00 sys=0.00, real=0.01 secs] 
 (concurrent mode failure): 4993K->897K(6848K), 0.0075125 secs] 4993K->897K(9920K), [Metaspace: 3664K->3664K(1056768K)], 0.0078897 secs] [Times: user=0.01 sys=0.00, real=0.01 secs] 
13.805: [GC (Allocation Failure) 13.805: [ParNew: 0K->0K(3072K), 0.0003303 secs]13.805: [CMS: 4993K->897K(6848K), 0.0046407 secs] 4993K->897K(9920K), [Metaspace: 3664K->3664K(1056768K)], 0.0051058 secs] [Times: user=0.00 sys=0.00, real=0.01 secs] 
13.810: [GC (CMS Initial Mark) [1 CMS-initial-mark: 4993K(6848K)] 4993K(9920K), 0.0001381 secs] [Times: user=0.00 sys=0.00, real=0.00 secs] 
13.810: [CMS-concurrent-mark-start]
13.810: [GC (Allocation Failure) 13.810: [ParNew: 0K->0K(3072K), 0.0002815 secs]13.811: [CMS13.817: [CMS-concurrent-mark: 0.002/0.007 secs] [Times: user=0.00 sys=0.00, real=0.01 secs] 
 (concurrent mode failure): 4993K->897K(6848K), 0.0092698 secs] 4993K->897K(9920K), [Metaspace: 3664K->3664K(1056768K)], 0.0096284 secs] [Times: user=0.02 sys=0.00, real=0.01 secs] 
13.821: [GC (Allocation Failure) 13.821: [ParNew: 0K->0K(3072K), 0.0003201 secs]13.821: [CMS: 4993K->897K(6848K), 0.0050424 secs] 4993K->897K(9920K), [Metaspace: 3664K->3664K(1056768K)], 0.0054733 secs] [Times: user=0.00 sys=0.00, real=0.00 secs] 
13.827: [GC (CMS Initial Mark) [1 CMS-initial-mark: 4993K(6848K)] 4993K(9920K), 0.0001624 secs] [Times: user=0.00 sys=0.00, real=0.00 secs] 
13.827: [CMS-concurrent-mark-start]
13.827: [GC (Allocation Failure) 13.827: [ParNew: 0K->0K(3072K), 0.0002436 secs]13.827: [CMS13.832: [CMS-concurrent-mark: 0.002/0.005 secs] [Times: user=0.00 sys=0.00, real=0.00 secs] 
 (concurrent mode failure): 4993K->897K(6848K), 0.0073073 secs] 4993K->897K(9920K), [Metaspace: 3664K->3664K(1056768K)], 0.0076290 secs] [Times: user=0.02 sys=0.00, real=0.01 secs] 
13.835: [GC (Allocation Failure) 13.835: [ParNew: 0K->0K(3072K), 0.0002138 secs]13.835: [CMS: 4993K->897K(6848K), 0.0019081 secs] 4993K->897K(9920K), [Metaspace: 3664K->3664K(1056768K)], 0.0021883 secs] [Times: user=0.00 sys=0.00, real=0.00 secs] 
13.837: [GC (CMS Initial Mark) [1 CMS-initial-mark: 4993K(6848K)] 4993K(9920K), 0.0001427 secs] [Times: user=0.00 sys=0.00, real=0.00 secs] 
13.838: [CMS-concurrent-mark-start]
13.838: [GC (Allocation Failure) 13.838: [ParNew: 0K->0K(3072K), 0.0002277 secs]13.838: [CMS13.848: [CMS-concurrent-mark: 0.002/0.010 secs] [Times: user=0.00 sys=0.00, real=0.01 secs] 
 (concurrent mode failure): 4993K->897K(6848K), 0.0117878 secs] 4993K->897K(9920K), [Metaspace: 3664K->3664K(1056768K)], 0.0120985 secs] [Times: user=0.02 sys=0.00, real=0.01 secs] 
13.850: [GC (Allocation Failure) 13.850: [ParNew: 0K->0K(3072K), 0.0002525 secs]13.850: [CMS: 4993K->897K(6848K), 0.0018417 secs] 4993K->897K(9920K), [Metaspace: 3664K->3664K(1056768K)], 0.0021697 secs] [Times: user=0.00 sys=0.00, real=0.00 secs] 
13.853: [GC (CMS Initial Mark) [1 CMS-initial-mark: 4993K(6848K)] 4993K(9920K), 0.0001379 secs] [Times: user=0.00 sys=0.00, real=0.00 secs] 
13.853: [CMS-concurrent-mark-start]
13.853: [GC (Allocation Failure) 13.853: [ParNew: 0K->0K(3072K), 0.0002958 secs]13.853: [CMS13.862: [CMS-concurrent-mark: 0.002/0.009 secs] [Times: user=0.00 sys=0.00, real=0.01 secs] 
 (concurrent mode failure): 4993K->897K(6848K), 0.0112419 secs] 4993K->897K(9920K), [Metaspace: 3664K->3664K(1056768K)], 0.0116155 secs] [Times: user=0.02 sys=0.00, real=0.01 secs] 
13.865: [GC (Allocation Failure) 13.865: [ParNew: 0K->0K(3072K), 0.0002198 secs]13.865: [CMS: 4993K->897K(6848K), 0.0018641 secs] 4993K->897K(9920K), [Metaspace: 3664K->3664K(1056768K)], 0.0021512 secs] [Times: user=0.00 sys=0.00, real=0.00 secs] 
13.868: [GC (CMS Initial Mark) [1 CMS-initial-mark: 4993K(6848K)] 4993K(9920K), 0.0001188 secs] [Times: user=0.00 sys=0.00, real=0.00 secs] 
13.868: [CMS-concurrent-mark-start]
13.868: [GC (Allocation Failure) 13.868: [ParNew: 0K->0K(3072K), 0.0002240 secs]13.868: [CMS13.877: [CMS-concurrent-mark: 0.002/0.009 secs] [Times: user=0.00 sys=0.00, real=0.01 secs] 
 (concurrent mode failure): 4993K->897K(6848K), 0.0109918 secs] 4993K->897K(9920K), [Metaspace: 3664K->3664K(1056768K)], 0.0112880 secs] [Times: user=0.00 sys=0.00, real=0.01 secs] 
13.879: [GC (Allocation Failure) 13.879: [ParNew: 0K->0K(3072K), 0.0002186 secs]13.880: [CMS: 4993K->897K(6848K), 0.0017354 secs] 4993K->897K(9920K), [Metaspace: 3664K->3664K(1056768K)], 0.0020139 secs] [Times: user=0.03 sys=0.00, real=0.00 secs] 
13.882: [GC (CMS Initial Mark) [1 CMS-initial-mark: 4993K(6848K)] 4993K(9920K), 0.0001113 secs] [Times: user=0.00 sys=0.00, real=0.00 secs] 
13.882: [CMS-concurrent-mark-start]
13.882: [GC (Allocation Failure) 13.882: [ParNew: 0K->0K(3072K), 0.0002031 secs]13.882: [CMS13.892: [CMS-concurrent-mark: 0.001/0.010 secs] [Times: user=0.00 sys=0.00, real=0.01 secs] 
 (concurrent mode failure): 4993K->897K(6848K), 0.0124095 secs] 4993K->897K(9920K), [Metaspace: 3664K->3664K(1056768K)], 0.0126820 secs] [Times: user=0.00 sys=0.00, real=0.01 secs] 
13.895: [GC (Allocation Failure) 13.895: [ParNew: 0K->0K(3072K), 0.0002192 secs]13.895: [CMS: 4993K->897K(6848K), 0.0020174 secs] 4993K->897K(9920K), [Metaspace: 3664K->3664K(1056768K)], 0.0023150 secs] [Times: user=0.00 sys=0.02, real=0.00 secs] 
13.898: [GC (CMS Initial Mark) [1 CMS-initial-mark: 4993K(6848K)] 4993K(9920K), 0.0000859 secs] [Times: user=0.00 sys=0.00, real=0.00 secs] 
13.898: [CMS-concurrent-mark-start]
13.898: [GC (Allocation Failure) 13.898: [ParNew: 0K->0K(3072K), 0.0001957 secs]13.898: [CMS13.908: [CMS-concurrent-mark: 0.002/0.010 secs] [Times: user=0.00 sys=0.00, real=0.01 secs] 
 (concurrent mode failure): 4993K->897K(6848K), 0.0118508 secs] 4993K->897K(9920K), [Metaspace: 3664K->3664K(1056768K)], 0.0121308 secs] [Times: user=0.00 sys=0.00, real=0.01 secs] 
13.910: [GC (Allocation Failure) 13.910: [ParNew: 0K->0K(3072K), 0.0002502 secs]13.911: [CMS: 4993K->897K(6848K), 0.0019438 secs] 4993K->897K(9920K), [Metaspace: 3664K->3664K(1056768K)], 0.0022610 secs] [Times: user=0.02 sys=0.00, real=0.00 secs] 
13.913: [GC (CMS Initial Mark) [1 CMS-initial-mark: 4993K(6848K)] 4993K(9920K), 0.0001288 secs] [Times: user=0.00 sys=0.00, real=0.00 secs] 
13.913: [CMS-concurrent-mark-start]
13.913: [GC (Allocation Failure) 13.913: [ParNew: 0K->0K(3072K), 0.0001956 secs]13.913: [CMS13.923: [CMS-concurrent-mark: 0.002/0.010 secs] [Times: user=0.00 sys=0.00, real=0.01 secs] 
 (concurrent mode failure): 4993K->897K(6848K), 0.0138192 secs] 4993K->897K(9920K), [Metaspace: 3664K->3664K(1056768K)], 0.0140958 secs] [Times: user=0.01 sys=0.00, real=0.01 secs] 
13.928: [GC (Allocation Failure) 13.928: [ParNew: 0K->0K(3072K), 0.0003177 secs]13.928: [CMS: 4993K->897K(6848K), 0.0021150 secs] 4993K->897K(9920K), [Metaspace: 3664K->3664K(1056768K)], 0.0025072 secs] [Times: user=0.00 sys=0.00, real=0.00 secs] 
13.930: [GC (CMS Initial Mark) [1 CMS-initial-mark: 4993K(6848K)] 4993K(9920K), 0.0001345 secs] [Times: user=0.00 sys=0.00, real=0.00 secs] 
13.931: [CMS-concurrent-mark-start]
13.931: [GC (Allocation Failure) 13.931: [ParNew: 0K->0K(3072K), 0.0002323 secs]13.931: [CMS13.938: [CMS-concurrent-mark: 0.002/0.008 secs] [Times: user=0.00 sys=0.00, real=0.01 secs] 
 (concurrent mode failure): 4993K->897K(6848K), 0.0108098 secs] 4993K->897K(9920K), [Metaspace: 3664K->3664K(1056768K)], 0.0111354 secs] [Times: user=0.00 sys=0.00, real=0.01 secs] 
13.942: [GC (Allocation Failure) 13.942: [ParNew: 0K->0K(3072K), 0.0002388 secs]13.943: [CMS: 4993K->897K(6848K), 0.0025607 secs] 4993K->897K(9920K), [Metaspace: 3664K->3664K(1056768K)], 0.0028730 secs] [Times: user=0.00 sys=0.00, real=0.00 secs] 
13.946: [GC (CMS Initial Mark) [1 CMS-initial-mark: 4993K(6848K)] 4993K(9920K), 0.0001190 secs] [Times: user=0.00 sys=0.00, real=0.00 secs] 
13.946: [CMS-concurrent-mark-start]
13.946: [GC (Allocation Failure) 13.946: [ParNew: 0K->0K(3072K), 0.0002814 secs]13.946: [CMS13.953: [CMS-concurrent-mark: 0.001/0.008 secs] [Times: user=0.00 sys=0.00, real=0.01 secs] 
 (concurrent mode failure): 4993K->897K(6848K), 0.0106716 secs] 4993K->897K(9920K), [Metaspace: 3664K->3664K(1056768K)], 0.0110369 secs] [Times: user=0.00 sys=0.00, real=0.01 secs] 
13.957: [GC (Allocation Failure) 13.957: [ParNew: 0K->0K(3072K), 0.0002482 secs]13.957: [CMS: 4993K->897K(6848K), 0.0018529 secs] 4993K->897K(9920K), [Metaspace: 3664K->3664K(1056768K)], 0.0021668 secs] [Times: user=0.02 sys=0.00, real=0.00 secs] 
13.960: [GC (CMS Initial Mark) [1 CMS-initial-mark: 4993K(6848K)] 4993K(9920K), 0.0001305 secs] [Times: user=0.00 sys=0.00, real=0.00 secs] 
13.960: [CMS-concurrent-mark-start]
13.960: [GC (Allocation Failure) 13.960: [ParNew: 0K->0K(3072K), 0.0002221 secs]13.960: [CMS13.970: [CMS-concurrent-mark: 0.002/0.010 secs] [Times: user=0.00 sys=0.00, real=0.01 secs] 
 (concurrent mode failure): 4993K->897K(6848K), 0.0118582 secs] 4993K->897K(9920K), [Metaspace: 3664K->3664K(1056768K)], 0.0121617 secs] [Times: user=0.00 sys=0.00, real=0.01 secs] 
13.972: [GC (Allocation Failure) 13.972: [ParNew: 0K->0K(3072K), 0.0002682 secs]13.973: [CMS: 4993K->897K(6848K), 0.0030567 secs] 4993K->897K(9920K), [Metaspace: 3664K->3664K(1056768K)], 0.0034064 secs] [Times: user=0.02 sys=0.00, real=0.00 secs] 
13.976: [GC (CMS Initial Mark) [1 CMS-initial-mark: 4993K(6848K)] 4993K(9920K), 0.0001036 secs] [Times: user=0.00 sys=0.00, real=0.00 secs] 
13.976: [CMS-concurrent-mark-start]
13.976: [GC (Allocation Failure) 13.976: [ParNew: 0K->0K(3072K), 0.0003503 secs]13.977: [CMS13.985: [CMS-concurrent-mark: 0.002/0.009 secs] [Times: user=0.00 sys=0.00, real=0.01 secs] 
 (concurrent mode failure): 4993K->897K(6848K), 0.0110882 secs] 4993K->897K(9920K), [Metaspace: 3664K->3664K(1056768K)], 0.0115368 secs] [Times: user=0.00 sys=0.00, real=0.01 secs] 
13.988: [GC (Allocation Failure) 13.988: [ParNew: 0K->0K(3072K), 0.0002810 secs]13.989: [CMS: 4993K->897K(6848K), 0.0032854 secs] 4993K->897K(9920K), [Metaspace: 3664K->3664K(1056768K)], 0.0036657 secs] [Times: user=0.02 sys=0.00, real=0.00 secs] 
13.992: [GC (CMS Initial Mark) [1 CMS-initial-mark: 4993K(6848K)] 4993K(9920K), 0.0002391 secs] [Times: user=0.00 sys=0.00, real=0.00 secs] 
13.993: [CMS-concurrent-mark-start]
13.993: [GC (Allocation Failure) 13.993: [ParNew: 0K->0K(3072K), 0.0003466 secs]13.993: [CMS14.000: [CMS-concurrent-mark: 0.001/0.008 secs] [Times: user=0.00 sys=0.00, real=0.01 secs] 
 (concurrent mode failure): 4993K->897K(6848K), 0.0100068 secs] 4993K->897K(9920K), [Metaspace: 3664K->3664K(1056768K)], 0.0104268 secs] [Times: user=0.00 sys=0.00, real=0.01 secs] 
14.004: [GC (Allocation Failure) 14.004: [ParNew: 0K->0K(3072K), 0.0002618 secs]14.004: [CMS: 4993K->897K(6848K), 0.0057719 secs] 4993K->897K(9920K), [Metaspace: 3664K->3664K(1056768K)], 0.0061419 secs] [Times: user=0.02 sys=0.00, real=0.01 secs] 
14.010: [GC (CMS Initial Mark) [1 CMS-initial-mark: 4993K(6848K)] 4993K(9920K), 0.0001796 secs] [Times: user=0.00 sys=0.00, real=0.00 secs] 
14.011: [CMS-concurrent-mark-start]
14.011: [GC (Allocation Failure) 14.011: [ParNew: 0K->0K(3072K), 0.0003031 secs]14.011: [CMS14.016: [CMS-concurrent-mark: 0.002/0.006 secs] [Times: user=0.00 sys=0.00, real=0.01 secs] 
 (concurrent mode failure): 4993K->897K(6848K), 0.0079470 secs] 4993K->897K(9920K), [Metaspace: 3664K->3664K(1056768K)], 0.0083340 secs] [Times: user=0.00 sys=0.00, real=0.01 secs] 
14.019: [GC (Allocation Failure) 14.019: [ParNew: 0K->0K(3072K), 0.0003043 secs]14.020: [CMS: 4993K->897K(6848K), 0.0031871 secs] 4993K->897K(9920K), [Metaspace: 3664K->3664K(1056768K)], 0.0036453 secs] [Times: user=0.02 sys=0.00, real=0.00 secs] 
14.024: [GC (CMS Initial Mark) [1 CMS-initial-mark: 4993K(6848K)] 4993K(9920K), 0.0001499 secs] [Times: user=0.00 sys=0.00, real=0.00 secs] 
14.024: [CMS-concurrent-mark-start]
14.024: [GC (Allocation Failure) 14.024: [ParNew: 0K->0K(3072K), 0.0001946 secs]14.024: [CMS14.032: [CMS-concurrent-mark: 0.002/0.008 secs] [Times: user=0.00 sys=0.00, real=0.01 secs] 
 (concurrent mode failure): 4993K->897K(6848K), 0.0100709 secs] 4993K->897K(9920K), [Metaspace: 3664K->3664K(1056768K)], 0.0103843 secs] [Times: user=0.00 sys=0.00, real=0.01 secs] 
14.035: [GC (Allocation Failure) 14.035: [ParNew: 0K->0K(3072K), 0.0002833 secs]14.035: [CMS: 4993K->897K(6848K), 0.0019968 secs] 4993K->897K(9920K), [Metaspace: 3664K->3664K(1056768K)], 0.0023546 secs] [Times: user=0.01 sys=0.00, real=0.00 secs] 
14.037: [GC (CMS Initial Mark) [1 CMS-initial-mark: 4993K(6848K)] 4993K(9920K), 0.0001373 secs] [Times: user=0.00 sys=0.00, real=0.00 secs] 
14.038: [CMS-concurrent-mark-start]
14.038: [GC (Allocation Failure) 14.038: [ParNew: 0K->0K(3072K), 0.0003226 secs]14.038: [CMS14.047: [CMS-concurrent-mark: 0.002/0.010 secs] [Times: user=0.00 sys=0.00, real=0.01 secs] 
 (concurrent mode failure): 4993K->897K(6848K), 0.0120751 secs] 4993K->897K(9920K), [Metaspace: 3664K->3664K(1056768K)], 0.0125434 secs] [Times: user=0.00 sys=0.00, real=0.01 secs] 
14.051: [GC (Allocation Failure) 14.051: [ParNew: 0K->0K(3072K), 0.0002452 secs]14.051: [CMS: 4993K->897K(6848K), 0.0023447 secs] 4993K->897K(9920K), [Metaspace: 3664K->3664K(1056768K)], 0.0026890 secs] [Times: user=0.02 sys=0.00, real=0.00 secs] 
14.054: [GC (CMS Initial Mark) [1 CMS-initial-mark: 4993K(6848K)] 4993K(9920K), 0.0001399 secs] [Times: user=0.00 sys=0.00, real=0.00 secs] 
14.054: [CMS-concurrent-mark-start]
14.054: [GC (Allocation Failure) 14.054: [ParNew: 0K->0K(3072K), 0.0002868 secs]14.054: [CMS14.062: [CMS-concurrent-mark: 0.001/0.009 secs] [Times: user=0.00 sys=0.00, real=0.01 secs] 
 (concurrent mode failure): 4993K->897K(6848K), 0.0104014 secs] 4993K->897K(9920K), [Metaspace: 3664K->3664K(1056768K)], 0.0107745 secs] [Times: user=0.00 sys=0.00, real=0.01 secs] 
14.065: [GC (Allocation Failure) 14.065: [ParNew: 0K->0K(3072K), 0.0002903 secs]14.065: [CMS: 4993K->897K(6848K), 0.0020882 secs] 4993K->897K(9920K), [Metaspace: 3664K->3664K(1056768K)], 0.0024425 secs] [Times: user=0.01 sys=0.00, real=0.00 secs] 
14.068: [GC (CMS Initial Mark) [1 CMS-initial-mark: 4993K(6848K)] 4993K(9920K), 0.0002004 secs] [Times: user=0.00 sys=0.00, real=0.00 secs] 
14.068: [CMS-concurrent-mark-start]
14.068: [GC (Allocation Failure) 14.068: [ParNew: 0K->0K(3072K), 0.0002568 secs]14.068: [CMS14.078: [CMS-concurrent-mark: 0.002/0.010 secs] [Times: user=0.00 sys=0.00, real=0.01 secs] 
 (concurrent mode failure): 4993K->897K(6848K), 0.0119210 secs] 4993K->897K(9920K), [Metaspace: 3664K->3664K(1056768K)], 0.0122488 secs] [Times: user=0.00 sys=0.00, real=0.01 secs] 
14.081: [GC (Allocation Failure) 14.081: [ParNew: 0K->0K(3072K), 0.0002849 secs]14.081: [CMS: 4993K->897K(6848K), 0.0020028 secs] 4993K->897K(9920K), [Metaspace: 3664K->3664K(1056768K)], 0.0023706 secs] [Times: user=0.02 sys=0.00, real=0.00 secs] 
14.083: [GC (CMS Initial Mark) [1 CMS-initial-mark: 4993K(6848K)] 4993K(9920K), 0.0001666 secs] [Times: user=0.00 sys=0.00, real=0.00 secs] 
14.084: [CMS-concurrent-mark-start]
14.084: [GC (Allocation Failure) 14.084: [ParNew: 0K->0K(3072K), 0.0002659 secs]14.084: [CMS14.094: [CMS-concurrent-mark: 0.001/0.010 secs] [Times: user=0.00 sys=0.00, real=0.01 secs] 
 (concurrent mode failure): 4993K->897K(6848K), 0.0121840 secs] 4993K->897K(9920K), [Metaspace: 3664K->3664K(1056768K)], 0.0125245 secs] [Times: user=0.00 sys=0.00, real=0.01 secs] 
14.097: [GC (Allocation Failure) 14.097: [ParNew: 0K->0K(3072K), 0.0003034 secs]14.097: [CMS: 4993K->897K(6848K), 0.0025544 secs] 4993K->897K(9920K), [Metaspace: 3664K->3664K(1056768K)], 0.0029400 secs] [Times: user=0.02 sys=0.00, real=0.00 secs] 
14.100: [GC (CMS Initial Mark) [1 CMS-initial-mark: 4993K(6848K)] 4993K(9920K), 0.0000998 secs] [Times: user=0.00 sys=0.00, real=0.00 secs] 
14.100: [CMS-concurrent-mark-start]
14.100: [GC (Allocation Failure) 14.100: [ParNew: 0K->0K(3072K), 0.0002518 secs]14.100: [CMS14.109: [CMS-concurrent-mark: 0.001/0.009 secs] [Times: user=0.00 sys=0.00, real=0.01 secs] 
 (concurrent mode failure): 4993K->897K(6848K), 0.0109761 secs] 4993K->897K(9920K), [Metaspace: 3664K->3664K(1056768K)], 0.0113106 secs] [Times: user=0.00 sys=0.00, real=0.01 secs] 
14.112: [GC (Allocation Failure) 14.112: [ParNew: 0K->0K(3072K), 0.0003387 secs]14.112: [CMS: 4993K->897K(6848K), 0.0034923 secs] 4993K->897K(9920K), [Metaspace: 3664K->3664K(1056768K)], 0.0039430 secs] [Times: user=0.02 sys=0.00, real=0.00 secs] 
14.116: [GC (CMS Initial Mark) [1 CMS-initial-mark: 4993K(6848K)] 4993K(9920K), 0.0001314 secs] [Times: user=0.00 sys=0.00, real=0.00 secs] 
14.116: [CMS-concurrent-mark-start]
14.116: [GC (Allocation Failure) 14.117: [ParNew: 0K->0K(3072K), 0.0003143 secs]14.117: [CMS14.125: [CMS-concurrent-mark: 0.002/0.009 secs] [Times: user=0.00 sys=0.00, real=0.01 secs] 
 (concurrent mode failure): 4993K->897K(6848K), 0.0114378 secs] 4993K->897K(9920K), [Metaspace: 3664K->3664K(1056768K)], 0.0118639 secs] [Times: user=0.00 sys=0.00, real=0.01 secs] 
14.129: [GC (Allocation Failure) 14.129: [ParNew: 0K->0K(3072K), 0.0002446 secs]14.129: [CMS: 4993K->897K(6848K), 0.0029974 secs] 4993K->897K(9920K), [Metaspace: 3664K->3664K(1056768K)], 0.0033418 secs] [Times: user=0.02 sys=0.00, real=0.00 secs] 
14.132: [GC (CMS Initial Mark) [1 CMS-initial-mark: 4993K(6848K)] 4993K(9920K), 0.0001517 secs] [Times: user=0.00 sys=0.00, real=0.00 secs] 
14.133: [CMS-concurrent-mark-start]
14.133: [GC (Allocation Failure) 14.133: [ParNew: 0K->0K(3072K), 0.0002523 secs]14.133: [CMS14.141: [CMS-concurrent-mark: 0.001/0.008 secs] [Times: user=0.00 sys=0.00, real=0.01 secs] 
 (concurrent mode failure): 4993K->897K(6848K), 0.0105016 secs] 4993K->897K(9920K), [Metaspace: 3664K->3664K(1056768K)], 0.0108650 secs] [Times: user=0.00 sys=0.00, real=0.01 secs] 
14.144: [GC (Allocation Failure) 14.144: [ParNew: 0K->0K(3072K), 0.0002606 secs]14.144: [CMS: 4993K->897K(6848K), 0.0021228 secs] 4993K->897K(9920K), [Metaspace: 3664K->3664K(1056768K)], 0.0024514 secs] [Times: user=0.02 sys=0.00, real=0.00 secs] 
14.147: [GC (CMS Initial Mark) [1 CMS-initial-mark: 4993K(6848K)] 4993K(9920K), 0.0001190 secs] [Times: user=0.00 sys=0.00, real=0.00 secs] 
14.147: [CMS-concurrent-mark-start]
14.147: [GC (Allocation Failure) 14.147: [ParNew: 0K->0K(3072K), 0.0002359 secs]14.147: [CMS14.156: [CMS-concurrent-mark: 0.002/0.009 secs] [Times: user=0.00 sys=0.00, real=0.01 secs] 
 (concurrent mode failure): 4993K->897K(6848K), 0.0110045 secs] 4993K->897K(9920K), [Metaspace: 3664K->3664K(1056768K)], 0.0113197 secs] [Times: user=0.00 sys=0.00, real=0.01 secs] 
14.159: [GC (Allocation Failure) 14.159: [ParNew: 0K->0K(3072K), 0.0004080 secs]14.159: [CMS: 4993K->897K(6848K), 0.0018141 secs] 4993K->897K(9920K), [Metaspace: 3664K->3664K(1056768K)], 0.0022926 secs] [Times: user=0.01 sys=0.00, real=0.00 secs] 
14.161: [GC (CMS Initial Mark) [1 CMS-initial-mark: 4993K(6848K)] 4993K(9920K), 0.0001147 secs] [Times: user=0.00 sys=0.00, real=0.00 secs] 
14.162: [CMS-concurrent-mark-start]
14.162: [GC (Allocation Failure) 14.162: [ParNew: 0K->0K(3072K), 0.0002277 secs]14.162: [CMS14.171: [CMS-concurrent-mark: 0.002/0.009 secs] [Times: user=0.00 sys=0.00, real=0.01 secs] 
 (concurrent mode failure): 4993K->897K(6848K), 0.0119539 secs] 4993K->897K(9920K), [Metaspace: 3664K->3664K(1056768K)], 0.0122564 secs] [Times: user=0.00 sys=0.00, real=0.01 secs] 
14.174: [GC (Allocation Failure) 14.174: [ParNew: 0K->0K(3072K), 0.0002686 secs]14.175: [CMS: 4993K->897K(6848K), 0.0026539 secs] 4993K->897K(9920K), [Metaspace: 3664K->3664K(1056768K)], 0.0030083 secs] [Times: user=0.02 sys=0.00, real=0.00 secs] 
14.178: [GC (CMS Initial Mark) [1 CMS-initial-mark: 4993K(6848K)] 4993K(9920K), 0.0001490 secs] [Times: user=0.00 sys=0.00, real=0.00 secs] 
14.178: [CMS-concurrent-mark-start]
14.178: [GC (Allocation Failure) 14.178: [ParNew: 0K->0K(3072K), 0.0002177 secs]14.178: [CMS14.186: [CMS-concurrent-mark: 0.001/0.008 secs] [Times: user=0.00 sys=0.00, real=0.01 secs] 
 (concurrent mode failure): 4993K->897K(6848K), 0.0104588 secs] 4993K->897K(9920K), [Metaspace: 3664K->3664K(1056768K)], 0.0107572 secs] [Times: user=0.00 sys=0.00, real=0.01 secs] 
14.189: [GC (Allocation Failure) 14.189: [ParNew: 0K->0K(3072K), 0.0002808 secs]14.190: [CMS: 4993K->897K(6848K), 0.0023204 secs] 4993K->897K(9920K), [Metaspace: 3664K->3664K(1056768K)], 0.0026683 secs] [Times: user=0.00 sys=0.00, real=0.00 secs] 
14.192: [GC (CMS Initial Mark) [1 CMS-initial-mark: 4993K(6848K)] 4993K(9920K), 0.0001076 secs] [Times: user=0.00 sys=0.00, real=0.00 secs] 
14.192: [CMS-concurrent-mark-start]
14.192: [GC (Allocation Failure) 14.192: [ParNew: 0K->0K(3072K), 0.0002413 secs]14.193: [CMS14.202: [CMS-concurrent-mark: 0.001/0.009 secs] [Times: user=0.00 sys=0.00, real=0.01 secs] 
 (concurrent mode failure): 4993K->897K(6848K), 0.0128428 secs] 4993K->897K(9920K), [Metaspace: 3664K->3664K(1056768K)], 0.0131625 secs] [Times: user=0.00 sys=0.00, real=0.01 secs] 
14.206: [GC (Allocation Failure) 14.206: [ParNew: 0K->0K(3072K), 0.0003839 secs]14.207: [CMS: 4993K->897K(6848K), 0.0036760 secs] 4993K->897K(9920K), [Metaspace: 3664K->3664K(1056768K)], 0.0041968 secs] [Times: user=0.01 sys=0.00, real=0.00 secs] 
14.211: [GC (CMS Initial Mark) [1 CMS-initial-mark: 4993K(6848K)] 4993K(9920K), 0.0002265 secs] [Times: user=0.00 sys=0.00, real=0.00 secs] 
14.211: [CMS-concurrent-mark-start]
14.212: [GC (Allocation Failure) 14.212: [ParNew: 0K->0K(3072K), 0.0003523 secs]14.213: [CMS14.216: [CMS-concurrent-mark: 0.002/0.005 secs] [Times: user=0.00 sys=0.00, real=0.00 secs] 
 (concurrent mode failure): 4993K->897K(6848K), 0.0071505 secs] 4993K->897K(9920K), [Metaspace: 3664K->3664K(1056768K)], 0.0076114 secs] [Times: user=0.00 sys=0.00, real=0.01 secs] 
14.220: [GC (Allocation Failure) 14.220: [ParNew: 0K->0K(3072K), 0.0002466 secs]14.220: [CMS: 4993K->897K(6848K), 0.0033675 secs] 4993K->897K(9920K), [Metaspace: 3664K->3664K(1056768K)], 0.0037007 secs] [Times: user=0.02 sys=0.00, real=0.00 secs] 
14.224: [GC (CMS Initial Mark) [1 CMS-initial-mark: 4993K(6848K)] 4993K(9920K), 0.0002645 secs] [Times: user=0.00 sys=0.00, real=0.00 secs] 
14.225: [CMS-concurrent-mark-start]
14.225: [GC (Allocation Failure) 14.225: [ParNew: 0K->0K(3072K), 0.0004589 secs]14.225: [CMS14.232: [CMS-concurrent-mark: 0.001/0.007 secs] [Times: user=0.00 sys=0.00, real=0.01 secs] 
 (concurrent mode failure): 4993K->897K(6848K), 0.0092763 secs] 4993K->897K(9920K), [Metaspace: 3664K->3664K(1056768K)], 0.0098240 secs] [Times: user=0.00 sys=0.00, real=0.01 secs] 
14.235: [GC (Allocation Failure) 14.235: [ParNew: 0K->0K(3072K), 0.0002675 secs]14.235: [CMS: 4993K->897K(6848K), 0.0027376 secs] 4993K->897K(9920K), [Metaspace: 3664K->3664K(1056768K)], 0.0031079 secs] [Times: user=0.00 sys=0.00, real=0.00 secs] 
14.239: [GC (CMS Initial Mark) [1 CMS-initial-mark: 4993K(6848K)] 4993K(9920K), 0.0001915 secs] [Times: user=0.00 sys=0.00, real=0.00 secs] 
14.239: [CMS-concurrent-mark-start]
14.239: [GC (Allocation Failure) 14.239: [ParNew: 0K->0K(3072K), 0.0003081 secs]14.239: [CMS14.248: [CMS-concurrent-mark: 0.002/0.009 secs] [Times: user=0.00 sys=0.00, real=0.01 secs] 
 (concurrent mode failure): 4993K->897K(6848K), 0.0104254 secs] 4993K->897K(9920K), [Metaspace: 3664K->3664K(1056768K)], 0.0108169 secs] [Times: user=0.00 sys=0.00, real=0.01 secs] 
14.250: [GC (Allocation Failure) 14.250: [ParNew: 0K->0K(3072K), 0.0002824 secs]14.250: [CMS: 4993K->897K(6848K), 0.0019199 secs] 4993K->897K(9920K), [Metaspace: 3664K->3664K(1056768K)], 0.0022721 secs] [Times: user=0.00 sys=0.00, real=0.00 secs] 
14.253: [GC (CMS Initial Mark) [1 CMS-initial-mark: 4993K(6848K)] 4993K(9920K), 0.0003020 secs] [Times: user=0.00 sys=0.00, real=0.00 secs] 
14.253: [CMS-concurrent-mark-start]
14.253: [GC (Allocation Failure) 14.253: [ParNew: 0K->0K(3072K), 0.0002348 secs]14.253: [CMS14.264: [CMS-concurrent-mark: 0.002/0.011 secs] [Times: user=0.00 sys=0.00, real=0.01 secs] 
 (concurrent mode failure): 4993K->897K(6848K), 0.0135706 secs] 4993K->897K(9920K), [Metaspace: 3664K->3664K(1056768K)], 0.0138724 secs] [Times: user=0.00 sys=0.00, real=0.01 secs] 
14.267: [GC (Allocation Failure) 14.268: [ParNew: 0K->0K(3072K), 0.0002844 secs]14.268: [CMS: 4993K->897K(6848K), 0.0026854 secs] 4993K->897K(9920K), [Metaspace: 3664K->3664K(1056768K)], 0.0030696 secs] [Times: user=0.02 sys=0.00, real=0.00 secs] 
14.271: [GC (CMS Initial Mark) [1 CMS-initial-mark: 4993K(6848K)] 4993K(9920K), 0.0001627 secs] [Times: user=0.00 sys=0.00, real=0.00 secs] 
14.271: [CMS-concurrent-mark-start]
14.271: [GC (Allocation Failure) 14.271: [ParNew: 0K->0K(3072K), 0.0005426 secs]14.272: [CMS14.279: [CMS-concurrent-mark: 0.001/0.008 secs] [Times: user=0.00 sys=0.00, real=0.01 secs] 
 (concurrent mode failure): 4993K->897K(6848K), 0.0096130 secs] 4993K->897K(9920K), [Metaspace: 3664K->3664K(1056768K)], 0.0102502 secs] [Times: user=0.00 sys=0.00, real=0.01 secs] 
14.282: [GC (Allocation Failure) 14.282: [ParNew: 0K->0K(3072K), 0.0001843 secs]14.282: [CMS: 4993K->897K(6848K), 0.0019404 secs] 4993K->897K(9920K), [Metaspace: 3664K->3664K(1056768K)], 0.0021942 secs] [Times: user=0.00 sys=0.00, real=0.00 secs] 
14.284: [GC (CMS Initial Mark) [1 CMS-initial-mark: 4993K(6848K)] 4993K(9920K), 0.0001139 secs] [Times: user=0.00 sys=0.00, real=0.00 secs] 
14.285: [CMS-concurrent-mark-start]
14.285: [GC (Allocation Failure) 14.285: [ParNew: 0K->0K(3072K), 0.0002187 secs]14.285: [CMS14.295: [CMS-concurrent-mark: 0.002/0.010 secs] [Times: user=0.00 sys=0.00, real=0.01 secs] 
 (concurrent mode failure): 4993K->897K(6848K), 0.0127851 secs] 4993K->897K(9920K), [Metaspace: 3664K->3664K(1056768K)], 0.0130884 secs] [Times: user=0.00 sys=0.00, real=0.01 secs] 
14.298: [GC (Allocation Failure) 14.298: [ParNew: 0K->0K(3072K), 0.0002919 secs]14.299: [CMS: 4993K->897K(6848K), 0.0019508 secs] 4993K->897K(9920K), [Metaspace: 3664K->3664K(1056768K)], 0.0023161 secs] [Times: user=0.00 sys=0.00, real=0.00 secs] 
14.301: [GC (CMS Initial Mark) [1 CMS-initial-mark: 4993K(6848K)] 4993K(9920K), 0.0001229 secs] [Times: user=0.00 sys=0.00, real=0.00 secs] 
14.301: [CMS-concurrent-mark-start]
14.301: [GC (Allocation Failure) 14.301: [ParNew: 0K->0K(3072K), 0.0002126 secs]14.301: [CMS14.310: [CMS-concurrent-mark: 0.002/0.009 secs] [Times: user=0.00 sys=0.00, real=0.01 secs] 
 (concurrent mode failure): 4993K->897K(6848K), 0.0110522 secs] 4993K->897K(9920K), [Metaspace: 3664K->3664K(1056768K)], 0.0113370 secs] [Times: user=0.00 sys=0.00, real=0.01 secs] 
14.313: [GC (Allocation Failure) 14.313: [ParNew: 0K->0K(3072K), 0.0002854 secs]14.313: [CMS: 4993K->897K(6848K), 0.0019354 secs] 4993K->897K(9920K), [Metaspace: 3664K->3664K(1056768K)], 0.0022951 secs] [Times: user=0.00 sys=0.00, real=0.00 secs] 
14.315: [GC (CMS Initial Mark) [1 CMS-initial-mark: 4993K(6848K)] 4993K(9920K), 0.0001367 secs] [Times: user=0.00 sys=0.00, real=0.00 secs] 
14.316: [CMS-concurrent-mark-start]
14.316: [GC (Allocation Failure) 14.316: [ParNew: 0K->0K(3072K), 0.0002521 secs]14.316: [CMS14.326: [CMS-concurrent-mark: 0.001/0.010 secs] [Times: user=0.00 sys=0.00, real=0.01 secs] 
 (concurrent mode failure): 4993K->897K(6848K), 0.0121834 secs] 4993K->897K(9920K), [Metaspace: 3664K->3664K(1056768K)], 0.0125125 secs] [Times: user=0.00 sys=0.00, real=0.01 secs] 
14.328: [GC (Allocation Failure) 14.328: [ParNew: 0K->0K(3072K), 0.0002407 secs]14.329: [CMS: 4993K->897K(6848K), 0.0016987 secs] 4993K->897K(9920K), [Metaspace: 3664K->3664K(1056768K)], 0.0019964 secs] [Times: user=0.00 sys=0.00, real=0.00 secs] 
14.331: [GC (CMS Initial Mark) [1 CMS-initial-mark: 4993K(6848K)] 4993K(9920K), 0.0001748 secs] [Times: user=0.00 sys=0.00, real=0.00 secs] 
14.331: [CMS-concurrent-mark-start]
14.331: [GC (Allocation Failure) 14.331: [ParNew: 0K->0K(3072K), 0.0002483 secs]14.331: [CMS14.341: [CMS-concurrent-mark: 0.001/0.010 secs] [Times: user=0.00 sys=0.00, real=0.01 secs] 
 (concurrent mode failure): 4993K->897K(6848K), 0.0118930 secs] 4993K->897K(9920K), [Metaspace: 3664K->3664K(1056768K)], 0.0122110 secs] [Times: user=0.00 sys=0.00, real=0.01 secs] 
14.344: [GC (Allocation Failure) 14.344: [ParNew: 0K->0K(3072K), 0.0002745 secs]14.344: [CMS: 4993K->897K(6848K), 0.0025496 secs] 4993K->897K(9920K), [Metaspace: 3664K->3664K(1056768K)], 0.0028972 secs] [Times: user=0.00 sys=0.00, real=0.00 secs] 
14.347: [GC (CMS Initial Mark) [1 CMS-initial-mark: 4993K(6848K)] 4993K(9920K), 0.0001389 secs] [Times: user=0.00 sys=0.00, real=0.00 secs] 
14.347: [CMS-concurrent-mark-start]
14.347: [GC (Allocation Failure) 14.347: [ParNew: 0K->0K(3072K), 0.0002271 secs]14.348: [CMS14.356: [CMS-concurrent-mark: 0.002/0.009 secs] [Times: user=0.00 sys=0.00, real=0.01 secs] 
 (concurrent mode failure): 4993K->897K(6848K), 0.0109616 secs] 4993K->897K(9920K), [Metaspace: 3664K->3664K(1056768K)], 0.0112643 secs] [Times: user=0.00 sys=0.00, real=0.01 secs] 
14.359: [GC (Allocation Failure) 14.359: [ParNew: 0K->0K(3072K), 0.0002394 secs]14.359: [CMS: 4993K->897K(6848K), 0.0017057 secs] 4993K->897K(9920K), [Metaspace: 3664K->3664K(1056768K)], 0.0020057 secs] [Times: user=0.00 sys=0.00, real=0.00 secs] 
14.361: [GC (CMS Initial Mark) [1 CMS-initial-mark: 4993K(6848K)] 4993K(9920K), 0.0002142 secs] [Times: user=0.00 sys=0.00, real=0.00 secs] 
14.362: [CMS-concurrent-mark-start]
14.362: [GC (Allocation Failure) 14.362: [ParNew: 0K->0K(3072K), 0.0002421 secs]14.362: [CMS14.372: [CMS-concurrent-mark: 0.002/0.010 secs] [Times: user=0.00 sys=0.00, real=0.01 secs] 
 (concurrent mode failure): 4993K->897K(6848K), 0.0125722 secs] 4993K->897K(9920K), [Metaspace: 3664K->3664K(1056768K)], 0.0128902 secs] [Times: user=0.00 sys=0.00, real=0.01 secs] 
14.375: [GC (Allocation Failure) 14.375: [ParNew: 0K->0K(3072K), 0.0002736 secs]14.375: [CMS: 4993K->897K(6848K), 0.0017715 secs] 4993K->897K(9920K), [Metaspace: 3664K->3664K(1056768K)], 0.0021012 secs] [Times: user=0.00 sys=0.00, real=0.00 secs] 
14.378: [GC (CMS Initial Mark) [1 CMS-initial-mark: 4993K(6848K)] 4993K(9920K), 0.0001494 secs] [Times: user=0.00 sys=0.00, real=0.00 secs] 
14.378: [CMS-concurrent-mark-start]
14.378: [GC (Allocation Failure) 14.378: [ParNew: 0K->0K(3072K), 0.0002556 secs]14.378: [CMS14.388: [CMS-concurrent-mark: 0.002/0.010 secs] [Times: user=0.00 sys=0.00, real=0.01 secs] 
 (concurrent mode failure): 4993K->897K(6848K), 0.0130873 secs] 4993K->897K(9920K), [Metaspace: 3664K->3664K(1056768K)], 0.0134502 secs] [Times: user=0.00 sys=0.00, real=0.01 secs] 
14.392: [GC (Allocation Failure) 14.392: [ParNew: 0K->0K(3072K), 0.0003059 secs]14.392: [CMS: 4993K->897K(6848K), 0.0023697 secs] 4993K->897K(9920K), [Metaspace: 3664K->3664K(1056768K)], 0.0027629 secs] [Times: user=0.00 sys=0.00, real=0.00 secs] 
14.395: [GC (CMS Initial Mark) [1 CMS-initial-mark: 4993K(6848K)] 4993K(9920K), 0.0001314 secs] [Times: user=0.00 sys=0.00, real=0.00 secs] 
14.395: [CMS-concurrent-mark-start]
14.395: [GC (Allocation Failure) 14.395: [ParNew: 0K->0K(3072K), 0.0002632 secs]14.396: [CMS14.404: [CMS-concurrent-mark: 0.002/0.009 secs] [Times: user=0.00 sys=0.00, real=0.01 secs] 
 (concurrent mode failure): 4993K->897K(6848K), 0.0126178 secs] 4993K->897K(9920K), [Metaspace: 3664K->3664K(1056768K)], 0.0129513 secs] [Times: user=0.00 sys=0.00, real=0.01 secs] 
14.409: [GC (Allocation Failure) 14.409: [ParNew: 0K->0K(3072K), 0.0003401 secs]14.409: [CMS: 4993K->897K(6848K), 0.0019397 secs] 4993K->897K(9920K), [Metaspace: 3664K->3664K(1056768K)], 0.0023480 secs] [Times: user=0.00 sys=0.00, real=0.00 secs] 
14.411: [GC (CMS Initial Mark) [1 CMS-initial-mark: 4993K(6848K)] 4993K(9920K), 0.0001134 secs] [Times: user=0.00 sys=0.00, real=0.00 secs] 
14.412: [CMS-concurrent-mark-start]
14.412: [GC (Allocation Failure) 14.412: [ParNew: 0K->0K(3072K), 0.0002655 secs]14.412: [CMS14.419: [CMS-concurrent-mark: 0.002/0.008 secs] [Times: user=0.00 sys=0.00, real=0.01 secs] 
 (concurrent mode failure): 4993K->897K(6848K), 0.0105317 secs] 4993K->897K(9920K), [Metaspace: 3664K->3664K(1056768K)], 0.0108736 secs] [Times: user=0.00 sys=0.00, real=0.01 secs] 
14.423: [GC (Allocation Failure) 14.423: [ParNew: 0K->0K(3072K), 0.0002850 secs]14.423: [CMS: 4993K->897K(6848K), 0.0026411 secs] 4993K->897K(9920K), [Metaspace: 3664K->3664K(1056768K)], 0.0030078 secs] [Times: user=0.00 sys=0.00, real=0.00 secs] 
14.426: [GC (CMS Initial Mark) [1 CMS-initial-mark: 4993K(6848K)] 4993K(9920K), 0.0001512 secs] [Times: user=0.00 sys=0.00, real=0.00 secs] 
14.427: [CMS-concurrent-mark-start]
14.427: [GC (Allocation Failure) 14.427: [ParNew: 0K->0K(3072K), 0.0002603 secs]14.427: [CMS14.435: [CMS-concurrent-mark: 0.002/0.008 secs] [Times: user=0.08 sys=0.02, real=0.01 secs] 
 (concurrent mode failure): 4993K->897K(6848K), 0.0103700 secs] 4993K->897K(9920K), [Metaspace: 3664K->3664K(1056768K)], 0.0106994 secs] [Times: user=0.08 sys=0.02, real=0.01 secs] 
14.438: [GC (Allocation Failure) 14.438: [ParNew: 0K->0K(3072K), 0.0003039 secs]14.438: [CMS: 4993K->897K(6848K), 0.0027798 secs] 4993K->897K(9920K), [Metaspace: 3664K->3664K(1056768K)], 0.0031600 secs] [Times: user=0.00 sys=0.00, real=0.00 secs] 
14.441: [GC (CMS Initial Mark) [1 CMS-initial-mark: 4993K(6848K)] 4993K(9920K), 0.0001134 secs] [Times: user=0.00 sys=0.00, real=0.00 secs] 
14.441: [CMS-concurrent-mark-start]
14.441: [GC (Allocation Failure) 14.441: [ParNew: 0K->0K(3072K), 0.0002678 secs]14.442: [CMS14.450: [CMS-concurrent-mark: 0.002/0.009 secs] [Times: user=0.00 sys=0.00, real=0.01 secs] 
 (concurrent mode failure): 4993K->897K(6848K), 0.0107538 secs] 4993K->897K(9920K), [Metaspace: 3664K->3664K(1056768K)], 0.0110893 secs] [Times: user=0.00 sys=0.00, real=0.01 secs] 
14.453: [GC (Allocation Failure) 14.453: [ParNew: 0K->0K(3072K), 0.0002519 secs]14.453: [CMS: 4993K->897K(6848K), 0.0032963 secs] 4993K->897K(9920K), [Metaspace: 3664K->3664K(1056768K)], 0.0036285 secs] [Times: user=0.00 sys=0.00, real=0.00 secs] 
14.457: [GC (CMS Initial Mark) [1 CMS-initial-mark: 4993K(6848K)] 4993K(9920K), 0.0001851 secs] [Times: user=0.00 sys=0.00, real=0.00 secs] 
14.457: [CMS-concurrent-mark-start]
14.457: [GC (Allocation Failure) 14.457: [ParNew: 0K->0K(3072K), 0.0003232 secs]14.458: [CMS14.465: [CMS-concurrent-mark: 0.001/0.008 secs] [Times: user=0.06 sys=0.00, real=0.01 secs] 
 (concurrent mode failure): 4993K->897K(6848K), 0.0097550 secs] 4993K->897K(9920K), [Metaspace: 3664K->3664K(1056768K)], 0.0101408 secs] [Times: user=0.06 sys=0.00, real=0.01 secs] 
14.468: [GC (Allocation Failure) 14.468: [ParNew: 0K->0K(3072K), 0.0003095 secs]14.468: [CMS: 4993K->897K(6848K), 0.0023933 secs] 4993K->897K(9920K), [Metaspace: 3664K->3664K(1056768K)], 0.0027721 secs] [Times: user=0.00 sys=0.00, real=0.00 secs] 
14.471: [GC (CMS Initial Mark) [1 CMS-initial-mark: 4993K(6848K)] 4993K(9920K), 0.0001185 secs] [Times: user=0.00 sys=0.00, real=0.00 secs] 
14.471: [CMS-concurrent-mark-start]
14.471: [GC (Allocation Failure) 14.471: [ParNew: 0K->0K(3072K), 0.0003727 secs]14.472: [CMS14.481: [CMS-concurrent-mark: 0.002/0.010 secs] [Times: user=0.00 sys=0.00, real=0.01 secs] 
 (concurrent mode failure): 4993K->897K(6848K), 0.0111804 secs] 4993K->897K(9920K), [Metaspace: 3664K->3664K(1056768K)], 0.0116456 secs] [Times: user=0.00 sys=0.00, real=0.01 secs] 
14.483: [GC (Allocation Failure) 14.483: [ParNew: 0K->0K(3072K), 0.0002600 secs]14.484: [CMS: 4993K->897K(6848K), 0.0019104 secs] 4993K->897K(9920K), [Metaspace: 3664K->3664K(1056768K)], 0.0022366 secs] [Times: user=0.00 sys=0.00, real=0.00 secs] 
14.486: [GC (CMS Initial Mark) [1 CMS-initial-mark: 4993K(6848K)] 4993K(9920K), 0.0005971 secs] [Times: user=0.00 sys=0.00, real=0.00 secs] 
14.487: [CMS-concurrent-mark-start]
14.487: [GC (Allocation Failure) 14.487: [ParNew: 0K->0K(3072K), 0.0002131 secs]14.487: [CMS14.496: [CMS-concurrent-mark: 0.001/0.009 secs] [Times: user=0.00 sys=0.00, real=0.01 secs] 
 (concurrent mode failure): 4993K->897K(6848K), 0.0116254 secs] 4993K->897K(9920K), [Metaspace: 3664K->3664K(1056768K)], 0.0119176 secs] [Times: user=0.00 sys=0.00, real=0.01 secs] 
14.499: [GC (Allocation Failure) 14.499: [ParNew: 0K->0K(3072K), 0.0002737 secs]14.499: [CMS: 4993K->897K(6848K), 0.0028483 secs] 4993K->897K(9920K), [Metaspace: 3664K->3664K(1056768K)], 0.0031986 secs] [Times: user=0.00 sys=0.00, real=0.00 secs] 
14.503: [GC (CMS Initial Mark) [1 CMS-initial-mark: 4993K(6848K)] 4993K(9920K), 0.0001154 secs] [Times: user=0.00 sys=0.00, real=0.00 secs] 
14.503: [CMS-concurrent-mark-start]
14.503: [GC (Allocation Failure) 14.503: [ParNew: 0K->0K(3072K), 0.0002630 secs]14.503: [CMS14.512: [CMS-concurrent-mark: 0.001/0.009 secs] [Times: user=0.00 sys=0.00, real=0.01 secs] 
 (concurrent mode failure): 4993K->897K(6848K), 0.0108056 secs] 4993K->897K(9920K), [Metaspace: 3664K->3664K(1056768K)], 0.0111519 secs] [Times: user=0.00 sys=0.00, real=0.01 secs] 
14.514: [GC (Allocation Failure) 14.514: [ParNew: 0K->0K(3072K), 0.0002213 secs]14.515: [CMS: 4993K->897K(6848K), 0.0017357 secs] 4993K->897K(9920K), [Metaspace: 3664K->3664K(1056768K)], 0.0020150 secs] [Times: user=0.00 sys=0.00, real=0.00 secs] 
14.517: [GC (CMS Initial Mark) [1 CMS-initial-mark: 4993K(6848K)] 4993K(9920K), 0.0001550 secs] [Times: user=0.00 sys=0.00, real=0.00 secs] 
14.517: [CMS-concurrent-mark-start]
14.517: [GC (Allocation Failure) 14.517: [ParNew: 0K->0K(3072K), 0.0002830 secs]14.518: [CMS14.527: [CMS-concurrent-mark: 0.002/0.010 secs] [Times: user=0.00 sys=0.00, real=0.01 secs] 
 (concurrent mode failure): 4993K->897K(6848K), 0.0119419 secs] 4993K->897K(9920K), [Metaspace: 3664K->3664K(1056768K)], 0.0122859 secs] [Times: user=0.00 sys=0.00, real=0.01 secs] 
14.530: [GC (Allocation Failure) 14.530: [ParNew: 0K->0K(3072K), 0.0002055 secs]14.530: [CMS: 4993K->897K(6848K), 0.0017331 secs] 4993K->897K(9920K), [Metaspace: 3664K->3664K(1056768K)], 0.0020003 secs] [Times: user=0.00 sys=0.00, real=0.00 secs] 
14.532: [GC (CMS Initial Mark) [1 CMS-initial-mark: 4993K(6848K)] 4993K(9920K), 0.0001907 secs] [Times: user=0.00 sys=0.00, real=0.00 secs] 
14.532: [CMS-concurrent-mark-start]
14.532: [GC (Allocation Failure) 14.532: [ParNew: 0K->0K(3072K), 0.0002398 secs]14.533: [CMS14.543: [CMS-concurrent-mark: 0.001/0.011 secs] [Times: user=0.00 sys=0.00, real=0.01 secs] 
 (concurrent mode failure): 4993K->897K(6848K), 0.0124798 secs] 4993K->897K(9920K), [Metaspace: 3664K->3664K(1056768K)], 0.0127809 secs] [Times: user=0.00 sys=0.00, real=0.01 secs] 
14.546: [GC (Allocation Failure) 14.546: [ParNew: 0K->0K(3072K), 0.0003324 secs]14.546: [CMS: 4993K->897K(6848K), 0.0016625 secs] 4993K->897K(9920K), [Metaspace: 3664K->3664K(1056768K)], 0.0020512 secs] [Times: user=0.00 sys=0.00, real=0.00 secs] 
14.548: [GC (CMS Initial Mark) [1 CMS-initial-mark: 4993K(6848K)] 4993K(9920K), 0.0002558 secs] [Times: user=0.00 sys=0.00, real=0.00 secs] 
14.548: [CMS-concurrent-mark-start]
14.548: [GC (Allocation Failure) 14.548: [ParNew: 0K->0K(3072K), 0.0003198 secs]14.549: [CMS14.559: [CMS-concurrent-mark: 0.002/0.010 secs] [Times: user=0.00 sys=0.00, real=0.01 secs] 
 (concurrent mode failure): 4993K->897K(6848K), 0.0120908 secs] 4993K->897K(9920K), [Metaspace: 3664K->3664K(1056768K)], 0.0124941 secs] [Times: user=0.00 sys=0.00, real=0.01 secs] 
14.561: [GC (Allocation Failure) 14.561: [ParNew: 0K->0K(3072K), 0.0002401 secs]14.562: [CMS: 4993K->897K(6848K), 0.0018486 secs] 4993K->897K(9920K), [Metaspace: 3664K->3664K(1056768K)], 0.0021525 secs] [Times: user=0.00 sys=0.00, real=0.00 secs] 
14.564: [GC (CMS Initial Mark) [1 CMS-initial-mark: 4993K(6848K)] 4993K(9920K), 0.0002368 secs] [Times: user=0.00 sys=0.00, real=0.00 secs] 
14.564: [CMS-concurrent-mark-start]
14.564: [GC (Allocation Failure) 14.564: [ParNew: 0K->0K(3072K), 0.0002281 secs]14.565: [CMS14.574: [CMS-concurrent-mark: 0.001/0.010 secs] [Times: user=0.00 sys=0.00, real=0.01 secs] 
 (concurrent mode failure): 4993K->897K(6848K), 0.0114179 secs] 4993K->897K(9920K), [Metaspace: 3664K->3664K(1056768K)], 0.0117301 secs] [Times: user=0.00 sys=0.00, real=0.01 secs] 
14.576: [GC (Allocation Failure) 14.576: [ParNew: 0K->0K(3072K), 0.0002388 secs]14.577: [CMS: 4993K->897K(6848K), 0.0023980 secs] 4993K->897K(9920K), [Metaspace: 3664K->3664K(1056768K)], 0.0027058 secs] [Times: user=0.00 sys=0.00, real=0.00 secs] 
14.579: [GC (CMS Initial Mark) [1 CMS-initial-mark: 4993K(6848K)] 4993K(9920K), 0.0001562 secs] [Times: user=0.00 sys=0.00, real=0.00 secs] 
14.580: [CMS-concurrent-mark-start]
14.580: [GC (Allocation Failure) 14.580: [ParNew: 0K->0K(3072K), 0.0002534 secs]14.580: [CMS14.590: [CMS-concurrent-mark: 0.002/0.010 secs] [Times: user=0.00 sys=0.00, real=0.01 secs] 
 (concurrent mode failure): 4993K->897K(6848K), 0.0120212 secs] 4993K->897K(9920K), [Metaspace: 3664K->3664K(1056768K)], 0.0123401 secs] [Times: user=0.00 sys=0.00, real=0.01 secs] 
14.592: [GC (Allocation Failure) 14.592: [ParNew: 0K->0K(3072K), 0.0002377 secs]14.593: [CMS: 4993K->897K(6848K), 0.0017950 secs] 4993K->897K(9920K), [Metaspace: 3664K->3664K(1056768K)], 0.0020966 secs] [Times: user=0.00 sys=0.00, real=0.00 secs] 
14.595: [GC (CMS Initial Mark) [1 CMS-initial-mark: 4993K(6848K)] 4993K(9920K), 0.0000984 secs] [Times: user=0.00 sys=0.00, real=0.00 secs] 
14.595: [CMS-concurrent-mark-start]
14.595: [GC (Allocation Failure) 14.595: [ParNew: 0K->0K(3072K), 0.0002246 secs]14.595: [CMS14.605: [CMS-concurrent-mark: 0.001/0.010 secs] [Times: user=0.00 sys=0.00, real=0.01 secs] 
 (concurrent mode failure): 4993K->897K(6848K), 0.0133929 secs] 4993K->897K(9920K), [Metaspace: 3664K->3664K(1056768K)], 0.0136921 secs] [Times: user=0.00 sys=0.00, real=0.01 secs] 
14.609: [GC (Allocation Failure) 14.609: [ParNew: 0K->0K(3072K), 0.0002558 secs]14.609: [CMS: 4993K->897K(6848K), 0.0028639 secs] 4993K->897K(9920K), [Metaspace: 3664K->3664K(1056768K)], 0.0032062 secs] [Times: user=0.00 sys=0.00, real=0.00 secs] 
14.613: [GC (CMS Initial Mark) [1 CMS-initial-mark: 4993K(6848K)] 4993K(9920K), 0.0002265 secs] [Times: user=0.00 sys=0.00, real=0.00 secs] 
14.613: [CMS-concurrent-mark-start]
14.613: [GC (Allocation Failure) 14.613: [ParNew: 0K->0K(3072K), 0.0002230 secs]14.613: [CMS14.621: [CMS-concurrent-mark: 0.001/0.007 secs] [Times: user=0.00 sys=0.00, real=0.01 secs] 
 (concurrent mode failure): 4993K->897K(6848K), 0.0108418 secs] 4993K->897K(9920K), [Metaspace: 3664K->3664K(1056768K)], 0.0111433 secs] [Times: user=0.00 sys=0.00, real=0.01 secs] 
14.625: [GC (Allocation Failure) 14.625: [ParNew: 0K->0K(3072K), 0.0002796 secs]14.625: [CMS: 4993K->897K(6848K), 0.0023606 secs] 4993K->897K(9920K), [Metaspace: 3664K->3664K(1056768K)], 0.0027093 secs] [Times: user=0.00 sys=0.00, real=0.00 secs] 
14.628: [GC (CMS Initial Mark) [1 CMS-initial-mark: 4993K(6848K)] 4993K(9920K), 0.0001789 secs] [Times: user=0.00 sys=0.00, real=0.00 secs] 
14.628: [CMS-concurrent-mark-start]
14.628: [GC (Allocation Failure) 14.628: [ParNew: 0K->0K(3072K), 0.0003206 secs]14.628: [CMS14.637: [CMS-concurrent-mark: 0.001/0.009 secs] [Times: user=0.00 sys=0.00, real=0.01 secs] 
 (concurrent mode failure): 4993K->897K(6848K), 0.0118479 secs] 4993K->897K(9920K), [Metaspace: 3664K->3664K(1056768K)], 0.0122458 secs] [Times: user=0.00 sys=0.00, real=0.01 secs] 
14.641: [GC (Allocation Failure) 14.641: [ParNew: 0K->0K(3072K), 0.0002521 secs]14.641: [CMS: 4993K->897K(6848K), 0.0026098 secs] 4993K->897K(9920K), [Metaspace: 3664K->3664K(1056768K)], 0.0029433 secs] [Times: user=0.00 sys=0.00, real=0.00 secs] 
14.644: [GC (CMS Initial Mark) [1 CMS-initial-mark: 4993K(6848K)] 4993K(9920K), 0.0000901 secs] [Times: user=0.00 sys=0.00, real=0.00 secs] 
14.644: [CMS-concurrent-mark-start]
14.644: [GC (Allocation Failure) 14.644: [ParNew: 0K->0K(3072K), 0.0003126 secs]14.644: [CMS14.653: [CMS-concurrent-mark: 0.001/0.009 secs] [Times: user=0.00 sys=0.00, real=0.01 secs] 
 (concurrent mode failure): 4993K->897K(6848K), 0.0118873 secs] 4993K->897K(9920K), [Metaspace: 3664K->3664K(1056768K)], 0.0123063 secs] [Times: user=0.00 sys=0.00, real=0.01 secs] 
14.657: [GC (Allocation Failure) 14.657: [ParNew: 0K->0K(3072K), 0.0003392 secs]14.657: [CMS: 4993K->897K(6848K), 0.0038864 secs] 4993K->897K(9920K), [Metaspace: 3664K->3664K(1056768K)], 0.0043279 secs] [Times: user=0.02 sys=0.00, real=0.00 secs] 
14.662: [GC (CMS Initial Mark) [1 CMS-initial-mark: 4993K(6848K)] 4993K(9920K), 0.0001305 secs] [Times: user=0.00 sys=0.00, real=0.00 secs] 
14.662: [CMS-concurrent-mark-start]
14.662: [GC (Allocation Failure) 14.662: [ParNew: 0K->0K(3072K), 0.0002390 secs]14.662: [CMS14.668: [CMS-concurrent-mark: 0.001/0.007 secs] [Times: user=0.00 sys=0.00, real=0.01 secs] 
 (concurrent mode failure): 4993K->897K(6848K), 0.0116163 secs] 4993K->897K(9920K), [Metaspace: 3664K->3664K(1056768K)], 0.0119459 secs] [Times: user=0.00 sys=0.00, real=0.01 secs] 
14.674: [GC (Allocation Failure) 14.674: [ParNew: 0K->0K(3072K), 0.0003166 secs]14.675: [CMS: 4993K->897K(6848K), 0.0021611 secs] 4993K->897K(9920K), [Metaspace: 3664K->3664K(1056768K)], 0.0025497 secs] [Times: user=0.02 sys=0.00, real=0.00 secs] 
14.677: [GC (CMS Initial Mark) [1 CMS-initial-mark: 4993K(6848K)] 4993K(9920K), 0.0001742 secs] [Times: user=0.00 sys=0.00, real=0.00 secs] 
14.677: [CMS-concurrent-mark-start]
14.677: [GC (Allocation Failure) 14.677: [ParNew: 0K->0K(3072K), 0.0003547 secs]14.678: [CMS14.684: [CMS-concurrent-mark: 0.002/0.007 secs] [Times: user=0.00 sys=0.00, real=0.01 secs] 
 (concurrent mode failure): 4993K->897K(6848K), 0.0085611 secs] 4993K->897K(9920K), [Metaspace: 3664K->3664K(1056768K)], 0.0089943 secs] [Times: user=0.00 sys=0.00, real=0.01 secs] 
14.687: [GC (Allocation Failure) 14.687: [ParNew: 0K->0K(3072K), 0.0002957 secs]14.687: [CMS: 4993K->897K(6848K), 0.0027885 secs] 4993K->897K(9920K), [Metaspace: 3664K->3664K(1056768K)], 0.0031719 secs] [Times: user=0.00 sys=0.00, real=0.00 secs] 
14.690: [GC (CMS Initial Mark) [1 CMS-initial-mark: 4993K(6848K)] 4993K(9920K), 0.0001308 secs] [Times: user=0.00 sys=0.00, real=0.00 secs] 
14.691: [CMS-concurrent-mark-start]
14.691: [GC (Allocation Failure) 14.691: [ParNew: 0K->0K(3072K), 0.0002331 secs]14.691: [CMS14.699: [CMS-concurrent-mark: 0.001/0.008 secs] [Times: user=0.00 sys=0.00, real=0.01 secs] 
 (concurrent mode failure): 4993K->897K(6848K), 0.0100676 secs] 4993K->897K(9920K), [Metaspace: 3664K->3664K(1056768K)], 0.0103742 secs] [Times: user=0.00 sys=0.00, real=0.01 secs] 
14.701: [GC (Allocation Failure) 14.701: [ParNew: 0K->0K(3072K), 0.0002197 secs]14.702: [CMS: 4993K->897K(6848K), 0.0018769 secs] 4993K->897K(9920K), [Metaspace: 3664K->3664K(1056768K)], 0.0021706 secs] [Times: user=0.00 sys=0.00, real=0.00 secs] 
14.704: [GC (CMS Initial Mark) [1 CMS-initial-mark: 4993K(6848K)] 4993K(9920K), 0.0001106 secs] [Times: user=0.00 sys=0.00, real=0.00 secs] 
14.704: [CMS-concurrent-mark-start]
14.704: [GC (Allocation Failure) 14.704: [ParNew: 0K->0K(3072K), 0.0003197 secs]14.705: [CMS14.714: [CMS-concurrent-mark: 0.002/0.010 secs] [Times: user=0.00 sys=0.00, real=0.01 secs] 
 (concurrent mode failure): 4993K->897K(6848K), 0.0120343 secs] 4993K->897K(9920K), [Metaspace: 3664K->3664K(1056768K)], 0.0124436 secs] [Times: user=0.00 sys=0.00, real=0.01 secs] 
14.717: [GC (Allocation Failure) 14.717: [ParNew: 0K->0K(3072K), 0.0002779 secs]14.717: [CMS: 4993K->897K(6848K), 0.0019697 secs] 4993K->897K(9920K), [Metaspace: 3664K->3664K(1056768K)], 0.0023228 secs] [Times: user=0.00 sys=0.00, real=0.00 secs] 
14.720: [GC (CMS Initial Mark) [1 CMS-initial-mark: 4993K(6848K)] 4993K(9920K), 0.0001774 secs] [Times: user=0.00 sys=0.00, real=0.00 secs] 
14.720: [CMS-concurrent-mark-start]
14.720: [GC (Allocation Failure) 14.720: [ParNew: 0K->0K(3072K), 0.0002121 secs]14.720: [CMS14.730: [CMS-concurrent-mark: 0.002/0.010 secs] [Times: user=0.00 sys=0.00, real=0.01 secs] 
 (concurrent mode failure): 4993K->897K(6848K), 0.0116501 secs] 4993K->897K(9920K), [Metaspace: 3664K->3664K(1056768K)], 0.0119328 secs] [Times: user=0.00 sys=0.00, real=0.01 secs] 
14.732: [GC (Allocation Failure) 14.732: [ParNew: 0K->0K(3072K), 0.0002534 secs]14.733: [CMS: 4993K->897K(6848K), 0.0021158 secs] 4993K->897K(9920K), [Metaspace: 3664K->3664K(1056768K)], 0.0024437 secs] [Times: user=0.00 sys=0.00, real=0.00 secs] 
14.735: [GC (CMS Initial Mark) [1 CMS-initial-mark: 4993K(6848K)] 4993K(9920K), 0.0001236 secs] [Times: user=0.00 sys=0.00, real=0.00 secs] 
14.735: [CMS-concurrent-mark-start]
14.735: [GC (Allocation Failure) 14.735: [ParNew: 0K->0K(3072K), 0.0002727 secs]14.736: [CMS14.744: [CMS-concurrent-mark: 0.002/0.009 secs] [Times: user=0.00 sys=0.00, real=0.01 secs] 
 (concurrent mode failure): 4993K->897K(6848K), 0.0109886 secs] 4993K->897K(9920K), [Metaspace: 3664K->3664K(1056768K)], 0.0113456 secs] [Times: user=0.00 sys=0.00, real=0.01 secs] 
14.747: [GC (Allocation Failure) 14.747: [ParNew: 0K->0K(3072K), 0.0002228 secs]14.747: [CMS: 4993K->897K(6848K), 0.0017812 secs] 4993K->897K(9920K), [Metaspace: 3664K->3664K(1056768K)], 0.0020623 secs] [Times: user=0.00 sys=0.00, real=0.00 secs] 
14.750: [GC (CMS Initial Mark) [1 CMS-initial-mark: 4993K(6848K)] 4993K(9920K), 0.0001091 secs] [Times: user=0.00 sys=0.00, real=0.00 secs] 
14.750: [CMS-concurrent-mark-start]
14.750: [GC (Allocation Failure) 14.750: [ParNew: 0K->0K(3072K), 0.0002067 secs]14.750: [CMS14.760: [CMS-concurrent-mark: 0.001/0.010 secs] [Times: user=0.00 sys=0.00, real=0.01 secs] 
 (concurrent mode failure): 4993K->897K(6848K), 0.0127126 secs] 4993K->897K(9920K), [Metaspace: 3664K->3664K(1056768K)], 0.0130175 secs] [Times: user=0.00 sys=0.00, real=0.01 secs] 
14.763: [GC (Allocation Failure) 14.763: [ParNew: 0K->0K(3072K), 0.0002015 secs]14.764: [CMS: 4993K->897K(6848K), 0.0019595 secs] 4993K->897K(9920K), [Metaspace: 3664K->3664K(1056768K)], 0.0022302 secs] [Times: user=0.00 sys=0.00, real=0.00 secs] 
14.766: [GC (CMS Initial Mark) [1 CMS-initial-mark: 4993K(6848K)] 4993K(9920K), 0.0001240 secs] [Times: user=0.00 sys=0.00, real=0.00 secs] 
14.766: [CMS-concurrent-mark-start]
14.766: [GC (Allocation Failure) 14.766: [ParNew: 0K->0K(3072K), 0.0002114 secs]14.767: [CMS14.775: [CMS-concurrent-mark: 0.002/0.009 secs] [Times: user=0.00 sys=0.00, real=0.01 secs] 
 (concurrent mode failure): 4993K->897K(6848K), 0.0110617 secs] 4993K->897K(9920K), [Metaspace: 3664K->3664K(1056768K)], 0.0113392 secs] [Times: user=0.00 sys=0.00, real=0.01 secs] 
14.778: [GC (Allocation Failure) 14.778: [ParNew: 0K->0K(3072K), 0.0003654 secs]14.778: [CMS: 4993K->897K(6848K), 0.0017848 secs] 4993K->897K(9920K), [Metaspace: 3664K->3664K(1056768K)], 0.0022155 secs] [Times: user=0.00 sys=0.00, real=0.00 secs] 
14.781: [GC (CMS Initial Mark) [1 CMS-initial-mark: 4993K(6848K)] 4993K(9920K), 0.0001221 secs] [Times: user=0.00 sys=0.00, real=0.00 secs] 
14.781: [CMS-concurrent-mark-start]
14.781: [GC (Allocation Failure) 14.781: [ParNew: 0K->0K(3072K), 0.0002094 secs]14.781: [CMS14.790: [CMS-concurrent-mark: 0.002/0.010 secs] [Times: user=0.00 sys=0.00, real=0.01 secs] 
 (concurrent mode failure): 4993K->897K(6848K), 0.0117688 secs] 4993K->897K(9920K), [Metaspace: 3664K->3664K(1056768K)], 0.0120555 secs] [Times: user=0.00 sys=0.00, real=0.01 secs] 
14.793: [GC (Allocation Failure) 14.793: [ParNew: 0K->0K(3072K), 0.0002270 secs]14.794: [CMS: 4993K->897K(6848K), 0.0017491 secs] 4993K->897K(9920K), [Metaspace: 3664K->3664K(1056768K)], 0.0020358 secs] [Times: user=0.00 sys=0.00, real=0.00 secs] 
14.796: [GC (CMS Initial Mark) [1 CMS-initial-mark: 4993K(6848K)] 4993K(9920K), 0.0001036 secs] [Times: user=0.00 sys=0.00, real=0.00 secs] 
14.796: [CMS-concurrent-mark-start]
14.796: [GC (Allocation Failure) 14.796: [ParNew: 0K->0K(3072K), 0.0002432 secs]14.796: [CMS14.806: [CMS-concurrent-mark: 0.002/0.011 secs] [Times: user=0.00 sys=0.00, real=0.01 secs] 
 (concurrent mode failure): 4993K->897K(6848K), 0.0124225 secs] 4993K->897K(9920K), [Metaspace: 3664K->3664K(1056768K)], 0.0127367 secs] [Times: user=0.00 sys=0.00, real=0.01 secs] 
14.809: [GC (Allocation Failure) 14.809: [ParNew: 0K->0K(3072K), 0.0003479 secs]14.809: [CMS: 4993K->897K(6848K), 0.0018910 secs] 4993K->897K(9920K), [Metaspace: 3664K->3664K(1056768K)], 0.0023027 secs] [Times: user=0.00 sys=0.00, real=0.00 secs] 
14.812: [GC (CMS Initial Mark) [1 CMS-initial-mark: 4993K(6848K)] 4993K(9920K), 0.0001123 secs] [Times: user=0.00 sys=0.00, real=0.00 secs] 
14.812: [CMS-concurrent-mark-start]
14.812: [GC (Allocation Failure) 14.812: [ParNew: 0K->0K(3072K), 0.0002416 secs]14.812: [CMS14.822: [CMS-concurrent-mark: 0.002/0.010 secs] [Times: user=0.00 sys=0.00, real=0.01 secs] 
 (concurrent mode failure): 4993K->897K(6848K), 0.0128676 secs] 4993K->897K(9920K), [Metaspace: 3664K->3664K(1056768K)], 0.0131863 secs] [Times: user=0.00 sys=0.00, real=0.01 secs] 
14.825: [GC (Allocation Failure) 14.825: [ParNew: 0K->0K(3072K), 0.0002138 secs]14.826: [CMS: 4993K->897K(6848K), 0.0019354 secs] 4993K->897K(9920K), [Metaspace: 3664K->3664K(1056768K)], 0.0022086 secs] [Times: user=0.00 sys=0.00, real=0.00 secs] 
14.828: [GC (CMS Initial Mark) [1 CMS-initial-mark: 4993K(6848K)] 4993K(9920K), 0.0001271 secs] [Times: user=0.00 sys=0.00, real=0.00 secs] 
14.828: [CMS-concurrent-mark-start]
14.828: [GC (Allocation Failure) 14.828: [ParNew: 0K->0K(3072K), 0.0002172 secs]14.828: [CMS14.837: [CMS-concurrent-mark: 0.002/0.009 secs] [Times: user=0.00 sys=0.00, real=0.01 secs] 
 (concurrent mode failure): 4993K->897K(6848K), 0.0126130 secs] 4993K->897K(9920K), [Metaspace: 3664K->3664K(1056768K)], 0.0129076 secs] [Times: user=0.00 sys=0.00, real=0.01 secs] 
14.841: [GC (Allocation Failure) 14.841: [ParNew: 0K->0K(3072K), 0.0002748 secs]14.842: [CMS: 4993K->897K(6848K), 0.0020619 secs] 4993K->897K(9920K), [Metaspace: 3664K->3664K(1056768K)], 0.0024082 secs] [Times: user=0.00 sys=0.00, real=0.00 secs] 
14.844: [GC (CMS Initial Mark) [1 CMS-initial-mark: 4993K(6848K)] 4993K(9920K), 0.0001582 secs] [Times: user=0.00 sys=0.00, real=0.00 secs] 
14.844: [CMS-concurrent-mark-start]
14.844: [GC (Allocation Failure) 14.844: [ParNew: 0K->0K(3072K), 0.0002316 secs]14.845: [CMS14.853: [CMS-concurrent-mark: 0.001/0.009 secs] [Times: user=0.00 sys=0.00, real=0.01 secs] 
 (concurrent mode failure): 4993K->897K(6848K), 0.0117200 secs] 4993K->897K(9920K), [Metaspace: 3664K->3664K(1056768K)], 0.0120344 secs] [Times: user=0.00 sys=0.00, real=0.01 secs] 
14.857: [GC (Allocation Failure) 14.857: [ParNew: 0K->0K(3072K), 0.0003305 secs]14.857: [CMS: 4993K->897K(6848K), 0.0027999 secs] 4993K->897K(9920K), [Metaspace: 3664K->3664K(1056768K)], 0.0032086 secs] [Times: user=0.00 sys=0.00, real=0.00 secs] 
14.860: [GC (CMS Initial Mark) [1 CMS-initial-mark: 4993K(6848K)] 4993K(9920K), 0.0001062 secs] [Times: user=0.00 sys=0.00, real=0.00 secs] 
14.860: [CMS-concurrent-mark-start]
14.861: [GC (Allocation Failure) 14.861: [ParNew: 0K->0K(3072K), 0.0002081 secs]14.861: [CMS14.869: [CMS-concurrent-mark: 0.002/0.009 secs] [Times: user=0.00 sys=0.00, real=0.01 secs] 
 (concurrent mode failure): 4993K->897K(6848K), 0.0114879 secs] 4993K->897K(9920K), [Metaspace: 3664K->3664K(1056768K)], 0.0117858 secs] [Times: user=0.00 sys=0.00, real=0.01 secs] 
14.873: [GC (Allocation Failure) 14.873: [ParNew: 0K->0K(3072K), 0.0002925 secs]14.873: [CMS: 4993K->897K(6848K), 0.0019578 secs] 4993K->897K(9920K), [Metaspace: 3664K->3664K(1056768K)], 0.0023223 secs] [Times: user=0.00 sys=0.00, real=0.00 secs] 
14.875: [GC (CMS Initial Mark) [1 CMS-initial-mark: 4993K(6848K)] 4993K(9920K), 0.0001304 secs] [Times: user=0.00 sys=0.00, real=0.00 secs] 
14.876: [CMS-concurrent-mark-start]
14.876: [GC (Allocation Failure) 14.876: [ParNew: 0K->0K(3072K), 0.0002071 secs]14.876: [CMS14.884: [CMS-concurrent-mark: 0.002/0.009 secs] [Times: user=0.00 sys=0.00, real=0.01 secs] 
 (concurrent mode failure): 4993K->897K(6848K), 0.0108127 secs] 4993K->897K(9920K), [Metaspace: 3664K->3664K(1056768K)], 0.0111102 secs] [Times: user=0.00 sys=0.00, real=0.01 secs] 
14.887: [GC (Allocation Failure) 14.887: [ParNew: 0K->0K(3072K), 0.0002941 secs]14.888: [CMS: 4993K->897K(6848K), 0.0027444 secs] 4993K->897K(9920K), [Metaspace: 3664K->3664K(1056768K)], 0.0031317 secs] [Times: user=0.00 sys=0.00, real=0.00 secs] 
14.891: [GC (CMS Initial Mark) [1 CMS-initial-mark: 4993K(6848K)] 4993K(9920K), 0.0001816 secs] [Times: user=0.00 sys=0.00, real=0.00 secs] 
14.891: [CMS-concurrent-mark-start]
14.891: [GC (Allocation Failure) 14.891: [ParNew: 0K->0K(3072K), 0.0002275 secs]14.891: [CMS14.905: [CMS-concurrent-mark: 0.006/0.014 secs] [Times: user=0.00 sys=0.00, real=0.01 secs] 
 (concurrent mode failure): 4993K->897K(6848K), 0.0213648 secs] 4993K->897K(9920K), [Metaspace: 3664K->3664K(1056768K)], 0.0217220 secs] [Times: user=0.01 sys=0.00, real=0.02 secs] 
14.914: [GC (Allocation Failure) 14.914: [ParNew: 0K->0K(3072K), 0.0005463 secs]14.914: [CMS: 4993K->897K(6848K), 0.0041865 secs] 4993K->897K(9920K), [Metaspace: 3664K->3664K(1056768K)], 0.0048989 secs] [Times: user=0.00 sys=0.00, real=0.01 secs] 
14.919: [GC (CMS Initial Mark) [1 CMS-initial-mark: 4993K(6848K)] 4993K(9920K), 0.0002110 secs] [Times: user=0.00 sys=0.00, real=0.00 secs] 
14.919: [CMS-concurrent-mark-start]
14.919: [GC (Allocation Failure) 14.919: [ParNew: 0K->0K(3072K), 0.0004307 secs]14.920: [CMS14.932: [CMS-concurrent-mark: 0.002/0.013 secs] [Times: user=0.00 sys=0.00, real=0.01 secs] 
 (concurrent mode failure): 4993K->897K(6848K), 0.0144152 secs] 4993K->897K(9920K), [Metaspace: 3664K->3664K(1056768K)], 0.0149536 secs] [Times: user=0.00 sys=0.00, real=0.01 secs] 
14.935: [GC (Allocation Failure) 14.935: [ParNew: 0K->0K(3072K), 0.0002549 secs]14.935: [CMS: 4993K->897K(6848K), 0.0019785 secs] 4993K->897K(9920K), [Metaspace: 3664K->3664K(1056768K)], 0.0023025 secs] [Times: user=0.00 sys=0.00, real=0.00 secs] 
14.937: [GC (CMS Initial Mark) [1 CMS-initial-mark: 4993K(6848K)] 4993K(9920K), 0.0001815 secs] [Times: user=0.00 sys=0.00, real=0.00 secs] 
14.938: [CMS-concurrent-mark-start]
14.938: [GC (Allocation Failure) 14.938: [ParNew: 0K->0K(3072K), 0.0002936 secs]14.938: [CMS14.948: [CMS-concurrent-mark: 0.002/0.010 secs] [Times: user=0.00 sys=0.00, real=0.01 secs] 
 (concurrent mode failure): 4993K->897K(6848K), 0.0120620 secs] 4993K->897K(9920K), [Metaspace: 3664K->3664K(1056768K)], 0.0124466 secs] [Times: user=0.00 sys=0.00, real=0.01 secs] 
14.950: [GC (Allocation Failure) 14.950: [ParNew: 0K->0K(3072K), 0.0002095 secs]14.951: [CMS: 4993K->897K(6848K), 0.0019107 secs] 4993K->897K(9920K), [Metaspace: 3664K->3664K(1056768K)], 0.0021890 secs] [Times: user=0.00 sys=0.00, real=0.00 secs] 
14.953: [GC (CMS Initial Mark) [1 CMS-initial-mark: 4993K(6848K)] 4993K(9920K), 0.0001536 secs] [Times: user=0.00 sys=0.00, real=0.00 secs] 
14.953: [CMS-concurrent-mark-start]
14.953: [GC (Allocation Failure) 14.953: [ParNew: 0K->0K(3072K), 0.0002220 secs]14.954: [CMS14.963: [CMS-concurrent-mark: 0.002/0.010 secs] [Times: user=0.00 sys=0.00, real=0.01 secs] 
 (concurrent mode failure): 4993K->897K(6848K), 0.0130795 secs] 4993K->897K(9920K), [Metaspace: 3664K->3664K(1056768K)], 0.0133959 secs] [Times: user=0.00 sys=0.00, real=0.01 secs] 
14.967: [GC (Allocation Failure) 14.967: [ParNew: 0K->0K(3072K), 0.0003174 secs]14.967: [CMS: 4993K->897K(6848K), 0.0025915 secs] 4993K->897K(9920K), [Metaspace: 3664K->3664K(1056768K)], 0.0030015 secs] [Times: user=0.00 sys=0.00, real=0.00 secs] 
14.971: [GC (CMS Initial Mark) [1 CMS-initial-mark: 4993K(6848K)] 4993K(9920K), 0.0002171 secs] [Times: user=0.00 sys=0.00, real=0.00 secs] 
14.971: [CMS-concurrent-mark-start]
14.971: [GC (Allocation Failure) 14.971: [ParNew: 0K->0K(3072K), 0.0002540 secs]14.971: [CMS14.979: [CMS-concurrent-mark: 0.001/0.008 secs] [Times: user=0.00 sys=0.00, real=0.01 secs] 
 (concurrent mode failure): 4993K->897K(6848K), 0.0102386 secs] 4993K->897K(9920K), [Metaspace: 3664K->3664K(1056768K)], 0.0105843 secs] [Times: user=0.00 sys=0.00, real=0.01 secs] 
14.982: [GC (Allocation Failure) 14.982: [ParNew: 0K->0K(3072K), 0.0002272 secs]14.982: [CMS: 4993K->897K(6848K), 0.0020139 secs] 4993K->897K(9920K), [Metaspace: 3664K->3664K(1056768K)], 0.0023126 secs] [Times: user=0.00 sys=0.00, real=0.00 secs] 
14.985: [GC (CMS Initial Mark) [1 CMS-initial-mark: 4993K(6848K)] 4993K(9920K), 0.0001251 secs] [Times: user=0.00 sys=0.00, real=0.00 secs] 
14.985: [CMS-concurrent-mark-start]
14.985: [GC (Allocation Failure) 14.985: [ParNew: 0K->0K(3072K), 0.0002298 secs]14.985: [CMS14.995: [CMS-concurrent-mark: 0.002/0.010 secs] [Times: user=0.00 sys=0.00, real=0.01 secs] 
 (concurrent mode failure): 4993K->897K(6848K), 0.0119503 secs] 4993K->897K(9920K), [Metaspace: 3664K->3664K(1056768K)], 0.0122518 secs] [Times: user=0.00 sys=0.00, real=0.01 secs] 
14.997: [GC (Allocation Failure) 14.997: [ParNew: 0K->0K(3072K), 0.0002150 secs]14.998: [CMS: 4993K->897K(6848K), 0.0018668 secs] 4993K->897K(9920K), [Metaspace: 3664K->3664K(1056768K)], 0.0021471 secs] [Times: user=0.00 sys=0.00, real=0.00 secs] 
15.000: [GC (CMS Initial Mark) [1 CMS-initial-mark: 4993K(6848K)] 4993K(9920K), 0.0001279 secs] [Times: user=0.00 sys=0.00, real=0.00 secs] 
15.000: [CMS-concurrent-mark-start]
15.000: [GC (Allocation Failure) 15.000: [ParNew: 0K->0K(3072K), 0.0002147 secs]15.000: [CMS15.011: [CMS-concurrent-mark: 0.001/0.011 secs] [Times: user=0.00 sys=0.00, real=0.01 secs] 
 (concurrent mode failure): 4993K->897K(6848K), 0.0126434 secs] 4993K->897K(9920K), [Metaspace: 3664K->3664K(1056768K)], 0.0129212 secs] [Times: user=0.00 sys=0.00, real=0.01 secs] 
15.013: [GC (Allocation Failure) 15.013: [ParNew: 0K->0K(3072K), 0.0002161 secs]15.014: [CMS: 4993K->897K(6848K), 0.0018391 secs] 4993K->897K(9920K), [Metaspace: 3664K->3664K(1056768K)], 0.0021202 secs] [Times: user=0.00 sys=0.00, real=0.00 secs] 
15.016: [GC (CMS Initial Mark) [1 CMS-initial-mark: 4993K(6848K)] 4993K(9920K), 0.0000829 secs] [Times: user=0.00 sys=0.00, real=0.00 secs] 
15.016: [CMS-concurrent-mark-start]
15.016: [GC (Allocation Failure) 15.016: [ParNew: 0K->0K(3072K), 0.0002365 secs]15.016: [CMS15.026: [CMS-concurrent-mark: 0.001/0.010 secs] [Times: user=0.00 sys=0.00, real=0.01 secs] 
 (concurrent mode failure): 4993K->897K(6848K), 0.0118822 secs] 4993K->897K(9920K), [Metaspace: 3664K->3664K(1056768K)], 0.0121917 secs] [Times: user=0.00 sys=0.00, real=0.01 secs] 
15.029: [GC (Allocation Failure) 15.029: [ParNew: 0K->0K(3072K), 0.0002295 secs]15.029: [CMS: 4993K->897K(6848K), 0.0018041 secs] 4993K->897K(9920K), [Metaspace: 3664K->3664K(1056768K)], 0.0020997 secs] [Times: user=0.00 sys=0.00, real=0.00 secs] 
15.031: [GC (CMS Initial Mark) [1 CMS-initial-mark: 4993K(6848K)] 4993K(9920K), 0.0001390 secs] [Times: user=0.00 sys=0.00, real=0.00 secs] 
15.031: [CMS-concurrent-mark-start]
15.031: [GC (Allocation Failure) 15.031: [ParNew: 0K->0K(3072K), 0.0002074 secs]15.032: [CMS15.042: [CMS-concurrent-mark: 0.002/0.011 secs] [Times: user=0.00 sys=0.00, real=0.01 secs] 
 (concurrent mode failure): 4993K->897K(6848K), 0.0128819 secs] 4993K->897K(9920K), [Metaspace: 3664K->3664K(1056768K)], 0.0131677 secs] [Times: user=0.00 sys=0.00, real=0.01 secs] 
15.045: [GC (Allocation Failure) 15.045: [ParNew: 0K->0K(3072K), 0.0002265 secs]15.045: [CMS: 4993K->897K(6848K), 0.0018556 secs] 4993K->897K(9920K), [Metaspace: 3664K->3664K(1056768K)], 0.0021565 secs] [Times: user=0.00 sys=0.00, real=0.00 secs] 
15.047: [GC (CMS Initial Mark) [1 CMS-initial-mark: 4993K(6848K)] 4993K(9920K), 0.0001229 secs] [Times: user=0.00 sys=0.00, real=0.00 secs] 
15.048: [CMS-concurrent-mark-start]
15.048: [GC (Allocation Failure) 15.048: [ParNew: 0K->0K(3072K), 0.0002360 secs]15.048: [CMS15.058: [CMS-concurrent-mark: 0.001/0.010 secs] [Times: user=0.00 sys=0.00, real=0.01 secs] 
 (concurrent mode failure): 4993K->897K(6848K), 0.0119912 secs] 4993K->897K(9920K), [Metaspace: 3664K->3664K(1056768K)], 0.0123044 secs] [Times: user=0.00 sys=0.00, real=0.01 secs] 
15.060: [GC (Allocation Failure) 15.060: [ParNew: 0K->0K(3072K), 0.0002499 secs]15.061: [CMS: 4993K->897K(6848K), 0.0018095 secs] 4993K->897K(9920K), [Metaspace: 3664K->3664K(1056768K)], 0.0021248 secs] [Times: user=0.00 sys=0.00, real=0.00 secs] 
15.063: [GC (CMS Initial Mark) [1 CMS-initial-mark: 4993K(6848K)] 4993K(9920K), 0.0001091 secs] [Times: user=0.00 sys=0.00, real=0.00 secs] 
15.063: [CMS-concurrent-mark-start]
15.063: [GC (Allocation Failure) 15.063: [ParNew: 0K->0K(3072K), 0.0002135 secs]15.063: [CMS15.074: [CMS-concurrent-mark: 0.001/0.011 secs] [Times: user=0.00 sys=0.00, real=0.01 secs] 
 (concurrent mode failure): 4993K->897K(6848K), 0.0127835 secs] 4993K->897K(9920K), [Metaspace: 3664K->3664K(1056768K)], 0.0130705 secs] [Times: user=0.00 sys=0.00, real=0.01 secs] 
15.076: [GC (Allocation Failure) 15.076: [ParNew: 0K->0K(3072K), 0.0002339 secs]15.077: [CMS: 4993K->897K(6848K), 0.0016969 secs] 4993K->897K(9920K), [Metaspace: 3664K->3664K(1056768K)], 0.0019981 secs] [Times: user=0.00 sys=0.00, real=0.00 secs] 
15.079: [GC (CMS Initial Mark) [1 CMS-initial-mark: 4993K(6848K)] 4993K(9920K), 0.0001229 secs] [Times: user=0.00 sys=0.00, real=0.00 secs] 
15.079: [CMS-concurrent-mark-start]
15.079: [GC (Allocation Failure) 15.079: [ParNew: 0K->0K(3072K), 0.0001982 secs]15.079: [CMS15.090: [CMS-concurrent-mark: 0.002/0.011 secs] [Times: user=0.00 sys=0.00, real=0.01 secs] 
 (concurrent mode failure): 4993K->897K(6848K), 0.0132236 secs] 4993K->897K(9920K), [Metaspace: 3664K->3664K(1056768K)], 0.0135007 secs] [Times: user=0.00 sys=0.00, real=0.01 secs] 
15.093: [GC (Allocation Failure) 15.093: [ParNew: 0K->0K(3072K), 0.0002259 secs]15.093: [CMS: 4993K->897K(6848K), 0.0020506 secs] 4993K->897K(9920K), [Metaspace: 3664K->3664K(1056768K)], 0.0023436 secs] [Times: user=0.00 sys=0.00, real=0.00 secs] 
15.096: [GC (CMS Initial Mark) [1 CMS-initial-mark: 4993K(6848K)] 4993K(9920K), 0.0001572 secs] [Times: user=0.00 sys=0.00, real=0.00 secs] 
15.096: [CMS-concurrent-mark-start]
15.096: [GC (Allocation Failure) 15.096: [ParNew: 0K->0K(3072K), 0.0002023 secs]15.096: [CMS15.105: [CMS-concurrent-mark: 0.002/0.009 secs] [Times: user=0.00 sys=0.00, real=0.01 secs] 
 (concurrent mode failure): 4993K->897K(6848K), 0.0127886 secs] 4993K->897K(9920K), [Metaspace: 3664K->3664K(1056768K)], 0.0130644 secs] [Times: user=0.00 sys=0.00, real=0.01 secs] 
15.109: [GC (Allocation Failure) 15.109: [ParNew: 0K->0K(3072K), 0.0002358 secs]15.110: [CMS: 4993K->897K(6848K), 0.0018621 secs] 4993K->897K(9920K), [Metaspace: 3664K->3664K(1056768K)], 0.0021615 secs] [Times: user=0.00 sys=0.00, real=0.00 secs] 
15.112: [GC (CMS Initial Mark) [1 CMS-initial-mark: 4993K(6848K)] 4993K(9920K), 0.0001148 secs] [Times: user=0.00 sys=0.00, real=0.00 secs] 
15.112: [CMS-concurrent-mark-start]
15.112: [GC (Allocation Failure) 15.112: [ParNew: 0K->0K(3072K), 0.0002395 secs]15.112: [CMS15.121: [CMS-concurrent-mark: 0.002/0.009 secs] [Times: user=0.00 sys=0.00, real=0.01 secs] 
 (concurrent mode failure): 4993K->897K(6848K), 0.0115005 secs] 4993K->897K(9920K), [Metaspace: 3664K->3664K(1056768K)], 0.0118315 secs] [Times: user=0.00 sys=0.00, real=0.01 secs] 
15.124: [GC (Allocation Failure) 15.124: [ParNew: 0K->0K(3072K), 0.0002415 secs]15.125: [CMS: 4993K->897K(6848K), 0.0019160 secs] 4993K->897K(9920K), [Metaspace: 3664K->3664K(1056768K)], 0.0022236 secs] [Times: user=0.00 sys=0.00, real=0.00 secs] 
15.127: [GC (CMS Initial Mark) [1 CMS-initial-mark: 4993K(6848K)] 4993K(9920K), 0.0001460 secs] [Times: user=0.00 sys=0.00, real=0.00 secs] 
15.127: [CMS-concurrent-mark-start]
15.127: [GC (Allocation Failure) 15.127: [ParNew: 0K->0K(3072K), 0.0002171 secs]15.128: [CMS15.136: [CMS-concurrent-mark: 0.002/0.009 secs] [Times: user=0.00 sys=0.00, real=0.01 secs] 
 (concurrent mode failure): 4993K->897K(6848K), 0.0116956 secs] 4993K->897K(9920K), [Metaspace: 3664K->3664K(1056768K)], 0.0119891 secs] [Times: user=0.00 sys=0.00, real=0.01 secs] 
15.140: [GC (Allocation Failure) 15.140: [ParNew: 0K->0K(3072K), 0.0002729 secs]15.140: [CMS: 4993K->897K(6848K), 0.0019950 secs] 4993K->897K(9920K), [Metaspace: 3664K->3664K(1056768K)], 0.0023422 secs] [Times: user=0.00 sys=0.00, real=0.00 secs] 
15.142: [GC (CMS Initial Mark) [1 CMS-initial-mark: 4993K(6848K)] 4993K(9920K), 0.0001176 secs] [Times: user=0.00 sys=0.00, real=0.00 secs] 
15.143: [CMS-concurrent-mark-start]
15.143: [GC (Allocation Failure) 15.143: [ParNew: 0K->0K(3072K), 0.0002748 secs]15.143: [CMS15.152: [CMS-concurrent-mark: 0.001/0.010 secs] [Times: user=0.00 sys=0.00, real=0.01 secs] 
 (concurrent mode failure): 4993K->897K(6848K), 0.0118041 secs] 4993K->897K(9920K), [Metaspace: 3664K->3664K(1056768K)], 0.0121564 secs] [Times: user=0.00 sys=0.00, real=0.01 secs] 
15.155: [GC (Allocation Failure) 15.155: [ParNew: 0K->0K(3072K), 0.0002204 secs]15.156: [CMS: 4993K->897K(6848K), 0.0018484 secs] 4993K->897K(9920K), [Metaspace: 3664K->3664K(1056768K)], 0.0021363 secs] [Times: user=0.00 sys=0.00, real=0.00 secs] 
15.158: [GC (CMS Initial Mark) [1 CMS-initial-mark: 4993K(6848K)] 4993K(9920K), 0.0001288 secs] [Times: user=0.00 sys=0.00, real=0.00 secs] 
15.158: [CMS-concurrent-mark-start]
15.158: [GC (Allocation Failure) 15.158: [ParNew: 0K->0K(3072K), 0.0001883 secs]15.158: [CMS15.168: [CMS-concurrent-mark: 0.003/0.010 secs] [Times: user=0.00 sys=0.00, real=0.01 secs] 
 (concurrent mode failure): 4993K->897K(6848K), 0.0126865 secs] 4993K->897K(9920K), [Metaspace: 3664K->3664K(1056768K)], 0.0129521 secs] [Times: user=0.00 sys=0.00, real=0.01 secs] 
15.171: [GC (Allocation Failure) 15.171: [ParNew: 0K->0K(3072K), 0.0002754 secs]15.172: [CMS: 4993K->897K(6848K), 0.0022575 secs] 4993K->897K(9920K), [Metaspace: 3664K->3664K(1056768K)], 0.0026254 secs] [Times: user=0.00 sys=0.00, real=0.00 secs] 
15.174: [GC (CMS Initial Mark) [1 CMS-initial-mark: 4993K(6848K)] 4993K(9920K), 0.0001256 secs] [Times: user=0.00 sys=0.00, real=0.00 secs] 
15.175: [CMS-concurrent-mark-start]
15.175: [GC (Allocation Failure) 15.175: [ParNew: 0K->0K(3072K), 0.0003052 secs]15.175: [CMS15.182: [CMS-concurrent-mark: 0.001/0.007 secs] [Times: user=0.00 sys=0.00, real=0.01 secs] 
 (concurrent mode failure): 4993K->897K(6848K), 0.0089889 secs] 4993K->897K(9920K), [Metaspace: 3664K->3664K(1056768K)], 0.0093752 secs] [Times: user=0.00 sys=0.00, real=0.01 secs] 
15.184: [GC (Allocation Failure) 15.184: [ParNew: 0K->0K(3072K), 0.0002208 secs]15.185: [CMS: 4993K->897K(6848K), 0.0017835 secs] 4993K->897K(9920K), [Metaspace: 3664K->3664K(1056768K)], 0.0020689 secs] [Times: user=0.00 sys=0.00, real=0.00 secs] 
15.187: [GC (CMS Initial Mark) [1 CMS-initial-mark: 4993K(6848K)] 4993K(9920K), 0.0001084 secs] [Times: user=0.00 sys=0.00, real=0.00 secs] 
15.187: [CMS-concurrent-mark-start]
15.187: [GC (Allocation Failure) 15.187: [ParNew: 0K->0K(3072K), 0.0002167 secs]15.187: [CMS15.197: [CMS-concurrent-mark: 0.001/0.010 secs] [Times: user=0.00 sys=0.00, real=0.01 secs] 
 (concurrent mode failure): 4993K->897K(6848K), 0.0124760 secs] 4993K->897K(9920K), [Metaspace: 3664K->3664K(1056768K)], 0.0127647 secs] [Times: user=0.00 sys=0.00, real=0.01 secs] 
15.200: [GC (Allocation Failure) 15.200: [ParNew: 0K->0K(3072K), 0.0002438 secs]15.200: [CMS: 4993K->897K(6848K), 0.0020832 secs] 4993K->897K(9920K), [Metaspace: 3664K->3664K(1056768K)], 0.0024126 secs] [Times: user=0.00 sys=0.00, real=0.00 secs] 
15.203: [GC (CMS Initial Mark) [1 CMS-initial-mark: 4993K(6848K)] 4993K(9920K), 0.0002049 secs] [Times: user=0.00 sys=0.00, real=0.00 secs] 
15.203: [CMS-concurrent-mark-start]
15.203: [GC (Allocation Failure) 15.203: [ParNew: 0K->0K(3072K), 0.0002913 secs]15.204: [CMS15.214: [CMS-concurrent-mark: 0.002/0.010 secs] [Times: user=0.00 sys=0.00, real=0.01 secs] 
 (concurrent mode failure): 4993K->897K(6848K), 0.0121548 secs] 4993K->897K(9920K), [Metaspace: 3664K->3664K(1056768K)], 0.0125231 secs] [Times: user=0.00 sys=0.00, real=0.01 secs] 
15.216: [GC (Allocation Failure) 15.216: [ParNew: 0K->0K(3072K), 0.0003883 secs]15.216: [CMS: 4993K->897K(6848K), 0.0018183 secs] 4993K->897K(9920K), [Metaspace: 3664K->3664K(1056768K)], 0.0022690 secs] [Times: user=0.00 sys=0.00, real=0.00 secs] 
15.219: [GC (CMS Initial Mark) [1 CMS-initial-mark: 4993K(6848K)] 4993K(9920K), 0.0001191 secs] [Times: user=0.00 sys=0.00, real=0.00 secs] 
15.219: [CMS-concurrent-mark-start]
15.219: [GC (Allocation Failure) 15.219: [ParNew: 0K->0K(3072K), 0.0002748 secs]15.219: [CMS15.230: [CMS-concurrent-mark: 0.002/0.011 secs] [Times: user=0.00 sys=0.00, real=0.01 secs] 
 (concurrent mode failure): 4993K->897K(6848K), 0.0125516 secs] 4993K->897K(9920K), [Metaspace: 3664K->3664K(1056768K)], 0.0129186 secs] [Times: user=0.00 sys=0.00, real=0.01 secs] 
15.232: [GC (Allocation Failure) 15.232: [ParNew: 0K->0K(3072K), 0.0003108 secs]15.233: [CMS: 4993K->897K(6848K), 0.0021812 secs] 4993K->897K(9920K), [Metaspace: 3664K->3664K(1056768K)], 0.0025776 secs] [Times: user=0.00 sys=0.00, real=0.00 secs] 
15.235: [GC (CMS Initial Mark) [1 CMS-initial-mark: 4993K(6848K)] 4993K(9920K), 0.0001299 secs] [Times: user=0.00 sys=0.00, real=0.00 secs] 
15.235: [CMS-concurrent-mark-start]
15.235: [GC (Allocation Failure) 15.235: [ParNew: 0K->0K(3072K), 0.0003120 secs]15.236: [CMS15.244: [CMS-concurrent-mark: 0.001/0.009 secs] [Times: user=0.00 sys=0.00, real=0.01 secs] 
 (concurrent mode failure): 4993K->897K(6848K), 0.0105744 secs] 4993K->897K(9920K), [Metaspace: 3664K->3664K(1056768K)], 0.0109551 secs] [Times: user=0.00 sys=0.00, real=0.01 secs] 
15.247: [GC (Allocation Failure) 15.247: [ParNew: 0K->0K(3072K), 0.0002549 secs]15.247: [CMS: 4993K->897K(6848K), 0.0018573 secs] 4993K->897K(9920K), [Metaspace: 3664K->3664K(1056768K)], 0.0021759 secs] [Times: user=0.00 sys=0.00, real=0.00 secs] 
15.249: [GC (CMS Initial Mark) [1 CMS-initial-mark: 4993K(6848K)] 4993K(9920K), 0.0002289 secs] [Times: user=0.00 sys=0.00, real=0.00 secs] 
15.249: [CMS-concurrent-mark-start]
15.250: [GC (Allocation Failure) 15.250: [ParNew: 0K->0K(3072K), 0.0003038 secs]15.250: [CMS15.260: [CMS-concurrent-mark: 0.002/0.010 secs] [Times: user=0.00 sys=0.00, real=0.01 secs] 
 (concurrent mode failure): 4993K->897K(6848K), 0.0123421 secs] 4993K->897K(9920K), [Metaspace: 3664K->3664K(1056768K)], 0.0127281 secs] [Times: user=0.00 sys=0.00, real=0.01 secs] 
15.263: [GC (Allocation Failure) 15.263: [ParNew: 0K->0K(3072K), 0.0002619 secs]15.263: [CMS: 4993K->897K(6848K), 0.0020232 secs] 4993K->897K(9920K), [Metaspace: 3664K->3664K(1056768K)], 0.0023559 secs] [Times: user=0.00 sys=0.00, real=0.00 secs] 
15.265: [GC (CMS Initial Mark) [1 CMS-initial-mark: 4993K(6848K)] 4993K(9920K), 0.0001252 secs] [Times: user=0.00 sys=0.00, real=0.00 secs] 
15.265: [CMS-concurrent-mark-start]
15.266: [GC (Allocation Failure) 15.266: [ParNew: 0K->0K(3072K), 0.0001937 secs]15.266: [CMS15.275: [CMS-concurrent-mark: 0.002/0.009 secs] [Times: user=0.00 sys=0.00, real=0.01 secs] 
 (concurrent mode failure): 4993K->897K(6848K), 0.0113245 secs] 4993K->897K(9920K), [Metaspace: 3664K->3664K(1056768K)], 0.0115862 secs] [Times: user=0.00 sys=0.00, real=0.01 secs] 
15.277: [GC (Allocation Failure) 15.277: [ParNew: 0K->0K(3072K), 0.0001852 secs]15.278: [CMS: 4993K->897K(6848K), 0.0017176 secs] 4993K->897K(9920K), [Metaspace: 3664K->3664K(1056768K)], 0.0019677 secs] [Times: user=0.00 sys=0.00, real=0.00 secs] 
15.280: [GC (CMS Initial Mark) [1 CMS-initial-mark: 4993K(6848K)] 4993K(9920K), 0.0001067 secs] [Times: user=0.00 sys=0.00, real=0.00 secs] 
15.280: [CMS-concurrent-mark-start]
15.280: [GC (Allocation Failure) 15.280: [ParNew: 0K->0K(3072K), 0.0001862 secs]15.280: [CMS15.290: [CMS-concurrent-mark: 0.002/0.010 secs] [Times: user=0.00 sys=0.00, real=0.01 secs] 
 (concurrent mode failure): 4993K->897K(6848K), 0.0123705 secs] 4993K->897K(9920K), [Metaspace: 3664K->3664K(1056768K)], 0.0126225 secs] [Times: user=0.00 sys=0.00, real=0.01 secs] 
15.293: [GC (Allocation Failure) 15.293: [ParNew: 0K->0K(3072K), 0.0002141 secs]15.293: [CMS: 4993K->897K(6848K), 0.0017441 secs] 4993K->897K(9920K), [Metaspace: 3664K->3664K(1056768K)], 0.0020163 secs] [Times: user=0.00 sys=0.00, real=0.00 secs] 
15.295: [GC (CMS Initial Mark) [1 CMS-initial-mark: 4993K(6848K)] 4993K(9920K), 0.0000732 secs] [Times: user=0.00 sys=0.00, real=0.00 secs] 
15.295: [CMS-concurrent-mark-start]
15.295: [GC (Allocation Failure) 15.295: [ParNew: 0K->0K(3072K), 0.0002384 secs]15.296: [CMS15.304: [CMS-concurrent-mark: 0.001/0.009 secs] [Times: user=0.00 sys=0.00, real=0.01 secs] 
 (concurrent mode failure): 4993K->897K(6848K), 0.0116202 secs] 4993K->897K(9920K), [Metaspace: 3664K->3664K(1056768K)], 0.0119312 secs] [Times: user=0.00 sys=0.00, real=0.01 secs] 
15.308: [GC (Allocation Failure) 15.308: [ParNew: 0K->0K(3072K), 0.0002270 secs]15.308: [CMS: 4993K->897K(6848K), 0.0019810 secs] 4993K->897K(9920K), [Metaspace: 3664K->3664K(1056768K)], 0.0022736 secs] [Times: user=0.00 sys=0.00, real=0.00 secs] 
15.310: [GC (CMS Initial Mark) [1 CMS-initial-mark: 4993K(6848K)] 4993K(9920K), 0.0001313 secs] [Times: user=0.00 sys=0.00, real=0.00 secs] 
15.310: [CMS-concurrent-mark-start]
15.311: [GC (Allocation Failure) 15.311: [ParNew: 0K->0K(3072K), 0.0002542 secs]15.311: [CMS15.320: [CMS-concurrent-mark: 0.001/0.010 secs] [Times: user=0.00 sys=0.00, real=0.01 secs] 
 (concurrent mode failure): 4993K->897K(6848K), 0.0126497 secs] 4993K->897K(9920K), [Metaspace: 3664K->3664K(1056768K)], 0.0129793 secs] [Times: user=0.00 sys=0.00, real=0.01 secs] 
15.324: [GC (Allocation Failure) 15.324: [ParNew: 0K->0K(3072K), 0.0002093 secs]15.324: [CMS: 4993K->897K(6848K), 0.0020444 secs] 4993K->897K(9920K), [Metaspace: 3664K->3664K(1056768K)], 0.0023217 secs] [Times: user=0.00 sys=0.00, real=0.00 secs] 
15.326: [GC (CMS Initial Mark) [1 CMS-initial-mark: 4993K(6848K)] 4993K(9920K), 0.0000855 secs] [Times: user=0.00 sys=0.00, real=0.00 secs] 
15.327: [CMS-concurrent-mark-start]
15.327: [GC (Allocation Failure) 15.327: [ParNew: 0K->0K(3072K), 0.0002395 secs]15.327: [CMS15.336: [CMS-concurrent-mark: 0.002/0.009 secs] [Times: user=0.00 sys=0.00, real=0.01 secs] 
 (concurrent mode failure): 4993K->897K(6848K), 0.0116552 secs] 4993K->897K(9920K), [Metaspace: 3664K->3664K(1056768K)], 0.0119637 secs] [Times: user=0.00 sys=0.00, real=0.01 secs] 
15.339: [GC (Allocation Failure) 15.339: [ParNew: 0K->0K(3072K), 0.0002457 secs]15.339: [CMS: 4993K->897K(6848K), 0.0020258 secs] 4993K->897K(9920K), [Metaspace: 3664K->3664K(1056768K)], 0.0023460 secs] [Times: user=0.00 sys=0.00, real=0.00 secs] 
15.342: [GC (CMS Initial Mark) [1 CMS-initial-mark: 4993K(6848K)] 4993K(9920K), 0.0001209 secs] [Times: user=0.00 sys=0.00, real=0.00 secs] 
15.342: [CMS-concurrent-mark-start]
15.342: [GC (Allocation Failure) 15.342: [ParNew: 0K->0K(3072K), 0.0001883 secs]15.342: [CMS15.351: [CMS-concurrent-mark: 0.001/0.009 secs] [Times: user=0.00 sys=0.00, real=0.01 secs] 
 (concurrent mode failure): 4993K->897K(6848K), 0.0109475 secs] 4993K->897K(9920K), [Metaspace: 3664K->3664K(1056768K)], 0.0112137 secs] [Times: user=0.00 sys=0.00, real=0.01 secs] 
15.354: [GC (Allocation Failure) 15.354: [ParNew: 0K->0K(3072K), 0.0002521 secs]15.354: [CMS: 4993K->897K(6848K), 0.0031469 secs] 4993K->897K(9920K), [Metaspace: 3664K->3664K(1056768K)], 0.0034820 secs] [Times: user=0.00 sys=0.00, real=0.00 secs] 
15.357: [GC (CMS Initial Mark) [1 CMS-initial-mark: 4993K(6848K)] 4993K(9920K), 0.0001204 secs] [Times: user=0.00 sys=0.00, real=0.00 secs] 
15.358: [CMS-concurrent-mark-start]
15.358: [GC (Allocation Failure) 15.358: [ParNew: 0K->0K(3072K), 0.0002676 secs]15.358: [CMS15.367: [CMS-concurrent-mark: 0.002/0.010 secs] [Times: user=0.00 sys=0.00, real=0.01 secs] 
 (concurrent mode failure): 4993K->897K(6848K), 0.0117904 secs] 4993K->897K(9920K), [Metaspace: 3664K->3664K(1056768K)], 0.0121254 secs] [Times: user=0.00 sys=0.00, real=0.01 secs] 
15.370: [GC (Allocation Failure) 15.370: [ParNew: 0K->0K(3072K), 0.0002945 secs]15.370: [CMS: 4993K->897K(6848K), 0.0025318 secs] 4993K->897K(9920K), [Metaspace: 3664K->3664K(1056768K)], 0.0029047 secs] [Times: user=0.00 sys=0.00, real=0.00 secs] 
15.373: [GC (CMS Initial Mark) [1 CMS-initial-mark: 4993K(6848K)] 4993K(9920K), 0.0000761 secs] [Times: user=0.00 sys=0.00, real=0.00 secs] 
15.373: [CMS-concurrent-mark-start]
15.374: [GC (Allocation Failure) 15.374: [ParNew: 0K->0K(3072K), 0.0002143 secs]15.374: [CMS15.382: [CMS-concurrent-mark: 0.001/0.009 secs] [Times: user=0.00 sys=0.00, real=0.01 secs] 
 (concurrent mode failure): 4993K->897K(6848K), 0.0109028 secs] 4993K->897K(9920K), [Metaspace: 3664K->3664K(1056768K)], 0.0111989 secs] [Times: user=0.00 sys=0.00, real=0.01 secs] 
15.385: [GC (Allocation Failure) 15.385: [ParNew: 0K->0K(3072K), 0.0002374 secs]15.385: [CMS: 4993K->897K(6848K), 0.0020071 secs] 4993K->897K(9920K), [Metaspace: 3664K->3664K(1056768K)], 0.0023228 secs] [Times: user=0.00 sys=0.00, real=0.00 secs] 
15.388: [GC (CMS Initial Mark) [1 CMS-initial-mark: 4993K(6848K)] 4993K(9920K), 0.0001680 secs] [Times: user=0.00 sys=0.00, real=0.00 secs] 
15.388: [CMS-concurrent-mark-start]
15.388: [GC (Allocation Failure) 15.388: [ParNew: 0K->0K(3072K), 0.0003090 secs]15.388: [CMS15.398: [CMS-concurrent-mark: 0.002/0.010 secs] [Times: user=0.00 sys=0.00, real=0.01 secs] 
 (concurrent mode failure): 4993K->897K(6848K), 0.0122264 secs] 4993K->897K(9920K), [Metaspace: 3664K->3664K(1056768K)], 0.0126178 secs] [Times: user=0.00 sys=0.00, real=0.01 secs] 
15.401: [GC (Allocation Failure) 15.401: [ParNew: 0K->0K(3072K), 0.0002274 secs]15.401: [CMS: 4993K->897K(6848K), 0.0017772 secs] 4993K->897K(9920K), [Metaspace: 3664K->3664K(1056768K)], 0.0020656 secs] [Times: user=0.00 sys=0.00, real=0.00 secs] 
15.403: [GC (CMS Initial Mark) [1 CMS-initial-mark: 4993K(6848K)] 4993K(9920K), 0.0001196 secs] [Times: user=0.00 sys=0.00, real=0.00 secs] 
15.404: [CMS-concurrent-mark-start]
15.404: [GC (Allocation Failure) 15.404: [ParNew: 0K->0K(3072K), 0.0002710 secs]15.404: [CMS15.414: [CMS-concurrent-mark: 0.001/0.010 secs] [Times: user=0.00 sys=0.00, real=0.01 secs] 
 (concurrent mode failure): 4993K->897K(6848K), 0.0117563 secs] 4993K->897K(9920K), [Metaspace: 3664K->3664K(1056768K)], 0.0121058 secs] [Times: user=0.00 sys=0.00, real=0.01 secs] 
15.416: [GC (Allocation Failure) 15.416: [ParNew: 0K->0K(3072K), 0.0002655 secs]15.416: [CMS: 4993K->897K(6848K), 0.0016971 secs] 4993K->897K(9920K), [Metaspace: 3664K->3664K(1056768K)], 0.0020371 secs] [Times: user=0.00 sys=0.00, real=0.00 secs] 
15.419: [GC (CMS Initial Mark) [1 CMS-initial-mark: 4993K(6848K)] 4993K(9920K), 0.0001124 secs] [Times: user=0.00 sys=0.00, real=0.00 secs] 
15.419: [CMS-concurrent-mark-start]
15.419: [GC (Allocation Failure) 15.419: [ParNew: 0K->0K(3072K), 0.0002456 secs]15.419: [CMS15.429: [CMS-concurrent-mark: 0.002/0.011 secs] [Times: user=0.00 sys=0.00, real=0.01 secs] 
 (concurrent mode failure): 4993K->897K(6848K), 0.0130584 secs] 4993K->897K(9920K), [Metaspace: 3664K->3664K(1056768K)], 0.0133717 secs] [Times: user=0.00 sys=0.00, real=0.01 secs] 
15.432: [GC (Allocation Failure) 15.433: [ParNew: 0K->0K(3072K), 0.0002635 secs]15.433: [CMS: 4993K->897K(6848K), 0.0022191 secs] 4993K->897K(9920K), [Metaspace: 3664K->3664K(1056768K)], 0.0025577 secs] [Times: user=0.00 sys=0.00, real=0.00 secs] 
15.435: [GC (CMS Initial Mark) [1 CMS-initial-mark: 4993K(6848K)] 4993K(9920K), 0.0001541 secs] [Times: user=0.00 sys=0.00, real=0.00 secs] 
15.436: [CMS-concurrent-mark-start]
15.436: [GC (Allocation Failure) 15.436: [ParNew: 0K->0K(3072K), 0.0002016 secs]15.436: [CMS15.444: [CMS-concurrent-mark: 0.002/0.009 secs] [Times: user=0.00 sys=0.00, real=0.01 secs] 
 (concurrent mode failure): 4993K->897K(6848K), 0.0107334 secs] 4993K->897K(9920K), [Metaspace: 3664K->3664K(1056768K)], 0.0109973 secs] [Times: user=0.00 sys=0.00, real=0.01 secs] 
15.447: [GC (Allocation Failure) 15.447: [ParNew: 0K->0K(3072K), 0.0002192 secs]15.447: [CMS: 4993K->897K(6848K), 0.0020742 secs] 4993K->897K(9920K), [Metaspace: 3664K->3664K(1056768K)], 0.0023677 secs] [Times: user=0.00 sys=0.00, real=0.00 secs] 
15.450: [GC (CMS Initial Mark) [1 CMS-initial-mark: 4993K(6848K)] 4993K(9920K), 0.0001755 secs] [Times: user=0.00 sys=0.00, real=0.00 secs] 
15.450: [CMS-concurrent-mark-start]
15.450: [GC (Allocation Failure) 15.450: [ParNew: 0K->0K(3072K), 0.0002093 secs]15.450: [CMS15.460: [CMS-concurrent-mark: 0.001/0.010 secs] [Times: user=0.00 sys=0.00, real=0.01 secs] 
 (concurrent mode failure): 4993K->897K(6848K), 0.0120600 secs] 4993K->897K(9920K), [Metaspace: 3664K->3664K(1056768K)], 0.0123380 secs] [Times: user=0.00 sys=0.00, real=0.01 secs] 
15.463: [GC (Allocation Failure) 15.463: [ParNew: 0K->0K(3072K), 0.0002848 secs]15.463: [CMS: 4993K->897K(6848K), 0.0019366 secs] 4993K->897K(9920K), [Metaspace: 3664K->3664K(1056768K)], 0.0022955 secs] [Times: user=0.00 sys=0.00, real=0.00 secs] 
15.465: [GC (CMS Initial Mark) [1 CMS-initial-mark: 4993K(6848K)] 4993K(9920K), 0.0001054 secs] [Times: user=0.00 sys=0.00, real=0.00 secs] 
15.465: [CMS-concurrent-mark-start]
15.465: [GC (Allocation Failure) 15.465: [ParNew: 0K->0K(3072K), 0.0002201 secs]15.466: [CMS15.475: [CMS-concurrent-mark: 0.001/0.010 secs] [Times: user=0.00 sys=0.00, real=0.01 secs] 
 (concurrent mode failure): 4993K->897K(6848K), 0.0119209 secs] 4993K->897K(9920K), [Metaspace: 3664K->3664K(1056768K)], 0.0122127 secs] [Times: user=0.00 sys=0.00, real=0.01 secs] 
15.478: [GC (Allocation Failure) 15.478: [ParNew: 0K->0K(3072K), 0.0002895 secs]15.478: [CMS: 4993K->897K(6848K), 0.0019142 secs] 4993K->897K(9920K), [Metaspace: 3664K->3664K(1056768K)], 0.0022728 secs] [Times: user=0.00 sys=0.00, real=0.00 secs] 
15.481: [GC (CMS Initial Mark) [1 CMS-initial-mark: 4993K(6848K)] 4993K(9920K), 0.0001002 secs] [Times: user=0.00 sys=0.00, real=0.00 secs] 
15.481: [CMS-concurrent-mark-start]
15.481: [GC (Allocation Failure) 15.481: [ParNew: 0K->0K(3072K), 0.0002197 secs]15.481: [CMS15.491: [CMS-concurrent-mark: 0.001/0.010 secs] [Times: user=0.00 sys=0.00, real=0.01 secs] 
 (concurrent mode failure): 4993K->897K(6848K), 0.0122130 secs] 4993K->897K(9920K), [Metaspace: 3664K->3664K(1056768K)], 0.0125067 secs] [Times: user=0.00 sys=0.00, real=0.01 secs] 
15.494: [GC (Allocation Failure) 15.494: [ParNew: 0K->0K(3072K), 0.0002419 secs]15.494: [CMS: 4993K->897K(6848K), 0.0020647 secs] 4993K->897K(9920K), [Metaspace: 3664K->3664K(1056768K)], 0.0023883 secs] [Times: user=0.00 sys=0.00, real=0.00 secs] 
15.496: [GC (CMS Initial Mark) [1 CMS-initial-mark: 4993K(6848K)] 4993K(9920K), 0.0001768 secs] [Times: user=0.00 sys=0.00, real=0.00 secs] 
15.497: [CMS-concurrent-mark-start]
15.497: [GC (Allocation Failure) 15.497: [ParNew: 0K->0K(3072K), 0.0002190 secs]15.497: [CMS15.507: [CMS-concurrent-mark: 0.002/0.010 secs] [Times: user=0.00 sys=0.00, real=0.01 secs] 
 (concurrent mode failure): 4993K->897K(6848K), 0.0125048 secs] 4993K->897K(9920K), [Metaspace: 3664K->3664K(1056768K)], 0.0128117 secs] [Times: user=0.00 sys=0.00, real=0.01 secs] 
15.510: [GC (Allocation Failure) 15.510: [ParNew: 0K->0K(3072K), 0.0002989 secs]15.510: [CMS: 4993K->897K(6848K), 0.0022867 secs] 4993K->897K(9920K), [Metaspace: 3664K->3664K(1056768K)], 0.0026764 secs] [Times: user=0.00 sys=0.00, real=0.00 secs] 
15.513: [GC (CMS Initial Mark) [1 CMS-initial-mark: 4993K(6848K)] 4993K(9920K), 0.0002220 secs] [Times: user=0.00 sys=0.00, real=0.00 secs] 
15.513: [CMS-concurrent-mark-start]
15.513: [GC (Allocation Failure) 15.513: [ParNew: 0K->0K(3072K), 0.0002765 secs]15.514: [CMS15.522: [CMS-concurrent-mark: 0.002/0.009 secs] [Times: user=0.00 sys=0.00, real=0.01 secs] 
 (concurrent mode failure): 4993K->897K(6848K), 0.0124852 secs] 4993K->897K(9920K), [Metaspace: 3664K->3664K(1056768K)], 0.0128470 secs] [Times: user=0.00 sys=0.00, real=0.01 secs] 
15.527: [GC (Allocation Failure) 15.527: [ParNew: 0K->0K(3072K), 0.0003447 secs]15.527: [CMS: 4993K->897K(6848K), 0.0027712 secs] 4993K->897K(9920K), [Metaspace: 3664K->3664K(1056768K)], 0.0031944 secs] [Times: user=0.00 sys=0.00, real=0.00 secs] 
15.530: [GC (CMS Initial Mark) [1 CMS-initial-mark: 4993K(6848K)] 4993K(9920K), 0.0001793 secs] [Times: user=0.00 sys=0.00, real=0.00 secs] 
15.530: [CMS-concurrent-mark-start]
15.531: [GC (Allocation Failure) 15.531: [ParNew: 0K->0K(3072K), 0.0003313 secs]15.531: [CMS15.537: [CMS-concurrent-mark: 0.002/0.007 secs] [Times: user=0.00 sys=0.00, real=0.01 secs] 
 (concurrent mode failure): 4993K->897K(6848K), 0.0097530 secs] 4993K->897K(9920K), [Metaspace: 3664K->3664K(1056768K)], 0.0101586 secs] [Times: user=0.00 sys=0.00, real=0.01 secs] 
15.541: [GC (Allocation Failure) 15.541: [ParNew: 0K->0K(3072K), 0.0002196 secs]15.541: [CMS: 4993K->897K(6848K), 0.0017442 secs] 4993K->897K(9920K), [Metaspace: 3664K->3664K(1056768K)], 0.0020282 secs] [Times: user=0.00 sys=0.00, real=0.00 secs] 
15.543: [GC (CMS Initial Mark) [1 CMS-initial-mark: 4993K(6848K)] 4993K(9920K), 0.0001621 secs] [Times: user=0.00 sys=0.00, real=0.00 secs] 
15.544: [CMS-concurrent-mark-start]
15.544: [GC (Allocation Failure) 15.544: [ParNew: 0K->0K(3072K), 0.0002232 secs]15.544: [CMS15.553: [CMS-concurrent-mark: 0.001/0.009 secs] [Times: user=0.00 sys=0.00, real=0.01 secs] 
 (concurrent mode failure): 4993K->897K(6848K), 0.0120190 secs] 4993K->897K(9920K), [Metaspace: 3664K->3664K(1056768K)], 0.0123206 secs] [Times: user=0.00 sys=0.00, real=0.01 secs] 
15.556: [GC (Allocation Failure) 15.556: [ParNew: 0K->0K(3072K), 0.0002600 secs]15.557: [CMS: 4993K->897K(6848K), 0.0019548 secs] 4993K->897K(9920K), [Metaspace: 3664K->3664K(1056768K)], 0.0022909 secs] [Times: user=0.00 sys=0.00, real=0.00 secs] 
15.559: [GC (CMS Initial Mark) [1 CMS-initial-mark: 4993K(6848K)] 4993K(9920K), 0.0001165 secs] [Times: user=0.00 sys=0.00, real=0.00 secs] 
15.559: [CMS-concurrent-mark-start]
15.559: [GC (Allocation Failure) 15.559: [ParNew: 0K->0K(3072K), 0.0001844 secs]15.560: [CMS15.568: [CMS-concurrent-mark: 0.002/0.009 secs] [Times: user=0.03 sys=0.00, real=0.01 secs] 
 (concurrent mode failure): 4993K->897K(6848K), 0.0106788 secs] 4993K->897K(9920K), [Metaspace: 3664K->3664K(1056768K)], 0.0109493 secs] [Times: user=0.03 sys=0.00, real=0.01 secs] 
15.571: [GC (Allocation Failure) 15.571: [ParNew: 0K->0K(3072K), 0.0003345 secs]15.571: [CMS: 4993K->897K(6848K), 0.0026320 secs] 4993K->897K(9920K), [Metaspace: 3664K->3664K(1056768K)], 0.0030802 secs] [Times: user=0.00 sys=0.00, real=0.00 secs] 
15.574: [GC (CMS Initial Mark) [1 CMS-initial-mark: 4993K(6848K)] 4993K(9920K), 0.0001205 secs] [Times: user=0.00 sys=0.00, real=0.00 secs] 
15.574: [CMS-concurrent-mark-start]
15.574: [GC (Allocation Failure) 15.574: [ParNew: 0K->0K(3072K), 0.0003215 secs]15.575: [CMS15.583: [CMS-concurrent-mark: 0.002/0.009 secs] [Times: user=0.03 sys=0.00, real=0.01 secs] 
 (concurrent mode failure): 4993K->897K(6848K), 0.0112458 secs] 4993K->897K(9920K), [Metaspace: 3664K->3664K(1056768K)], 0.0116443 secs] [Times: user=0.03 sys=0.00, real=0.01 secs] 
15.587: [GC (Allocation Failure) 15.587: [ParNew: 0K->0K(3072K), 0.0003291 secs]15.587: [CMS: 4993K->897K(6848K), 0.0035665 secs] 4993K->897K(9920K), [Metaspace: 3664K->3664K(1056768K)], 0.0040063 secs] [Times: user=0.00 sys=0.00, real=0.00 secs] 
15.591: [GC (CMS Initial Mark) [1 CMS-initial-mark: 4993K(6848K)] 4993K(9920K), 0.0001688 secs] [Times: user=0.00 sys=0.00, real=0.00 secs] 
15.591: [CMS-concurrent-mark-start]
15.591: [GC (Allocation Failure) 15.591: [ParNew: 0K->0K(3072K), 0.0003987 secs]15.592: [CMS15.599: [CMS-concurrent-mark: 0.001/0.008 secs] [Times: user=0.00 sys=0.00, real=0.01 secs] 
 (concurrent mode failure): 4993K->897K(6848K), 0.0094869 secs] 4993K->897K(9920K), [Metaspace: 3664K->3664K(1056768K)], 0.0099586 secs] [Times: user=0.02 sys=0.00, real=0.01 secs] 
15.601: [GC (Allocation Failure) 15.601: [ParNew: 0K->0K(3072K), 0.0001988 secs]15.602: [CMS: 4993K->897K(6848K), 0.0024108 secs] 4993K->897K(9920K), [Metaspace: 3664K->3664K(1056768K)], 0.0027119 secs] [Times: user=0.00 sys=0.00, real=0.00 secs] 
15.605: [GC (CMS Initial Mark) [1 CMS-initial-mark: 4993K(6848K)] 4993K(9920K), 0.0001390 secs] [Times: user=0.00 sys=0.00, real=0.00 secs] 
15.605: [CMS-concurrent-mark-start]
15.605: [GC (Allocation Failure) 15.605: [ParNew: 0K->0K(3072K), 0.0003982 secs]15.605: [CMS15.614: [CMS-concurrent-mark: 0.002/0.010 secs] [Times: user=0.03 sys=0.00, real=0.01 secs] 
 (concurrent mode failure): 4993K->897K(6848K), 0.0112752 secs] 4993K->897K(9920K), [Metaspace: 3664K->3664K(1056768K)], 0.0117471 secs] [Times: user=0.03 sys=0.00, real=0.01 secs] 
15.617: [GC (Allocation Failure) 15.617: [ParNew: 0K->0K(3072K), 0.0003247 secs]15.617: [CMS: 4993K->897K(6848K), 0.0023496 secs] 4993K->897K(9920K), [Metaspace: 3664K->3664K(1056768K)], 0.0027670 secs] [Times: user=0.00 sys=0.00, real=0.00 secs] 
15.620: [GC (CMS Initial Mark) [1 CMS-initial-mark: 4993K(6848K)] 4993K(9920K), 0.0001511 secs] [Times: user=0.00 sys=0.00, real=0.00 secs] 
15.620: [CMS-concurrent-mark-start]
15.620: [GC (Allocation Failure) 15.620: [ParNew: 0K->0K(3072K), 0.0002893 secs]15.621: [CMS15.630: [CMS-concurrent-mark: 0.002/0.010 secs] [Times: user=0.03 sys=0.00, real=0.01 secs] 
 (concurrent mode failure): 4993K->897K(6848K), 0.0112301 secs] 4993K->897K(9920K), [Metaspace: 3664K->3664K(1056768K)], 0.0115950 secs] [Times: user=0.03 sys=0.00, real=0.01 secs] 
15.632: [GC (Allocation Failure) 15.632: [ParNew: 0K->0K(3072K), 0.0003083 secs]15.633: [CMS: 4993K->897K(6848K), 0.0017718 secs] 4993K->897K(9920K), [Metaspace: 3664K->3664K(1056768K)], 0.0021462 secs] [Times: user=0.00 sys=0.00, real=0.00 secs] 
15.635: [GC (CMS Initial Mark) [1 CMS-initial-mark: 4993K(6848K)] 4993K(9920K), 0.0001467 secs] [Times: user=0.00 sys=0.00, real=0.00 secs] 
15.635: [CMS-concurrent-mark-start]
15.635: [GC (Allocation Failure) 15.635: [ParNew: 0K->0K(3072K), 0.0001914 secs]15.635: [CMS15.645: [CMS-concurrent-mark: 0.002/0.010 secs] [Times: user=0.00 sys=0.00, real=0.01 secs] 
 (concurrent mode failure): 4993K->897K(6848K), 0.0124240 secs] 4993K->897K(9920K), [Metaspace: 3664K->3664K(1056768K)], 0.0126848 secs] [Times: user=0.01 sys=0.00, real=0.01 secs] 
15.648: [GC (Allocation Failure) 15.648: [ParNew: 0K->0K(3072K), 0.0001996 secs]15.648: [CMS: 4993K->897K(6848K), 0.0020480 secs] 4993K->897K(9920K), [Metaspace: 3664K->3664K(1056768K)], 0.0023167 secs] [Times: user=0.00 sys=0.00, real=0.00 secs] 
15.651: [GC (CMS Initial Mark) [1 CMS-initial-mark: 4993K(6848K)] 4993K(9920K), 0.0001261 secs] [Times: user=0.00 sys=0.00, real=0.00 secs] 
15.651: [CMS-concurrent-mark-start]
15.651: [GC (Allocation Failure) 15.651: [ParNew: 0K->0K(3072K), 0.0001970 secs]15.651: [CMS15.660: [CMS-concurrent-mark: 0.001/0.009 secs] [Times: user=0.00 sys=0.00, real=0.01 secs] 
 (concurrent mode failure): 4993K->897K(6848K), 0.0112136 secs] 4993K->897K(9920K), [Metaspace: 3664K->3664K(1056768K)], 0.0114853 secs] [Times: user=0.02 sys=0.00, real=0.01 secs] 
15.663: [GC (Allocation Failure) 15.663: [ParNew: 0K->0K(3072K), 0.0002794 secs]15.663: [CMS: 4993K->897K(6848K), 0.0020518 secs] 4993K->897K(9920K), [Metaspace: 3664K->3664K(1056768K)], 0.0024145 secs] [Times: user=0.00 sys=0.00, real=0.00 secs] 
15.666: [GC (CMS Initial Mark) [1 CMS-initial-mark: 4993K(6848K)] 4993K(9920K), 0.0000946 secs] [Times: user=0.00 sys=0.00, real=0.00 secs] 
15.666: [CMS-concurrent-mark-start]
15.666: [GC (Allocation Failure) 15.666: [ParNew: 0K->0K(3072K), 0.0003563 secs]15.666: [CMS15.676: [CMS-concurrent-mark: 0.001/0.010 secs] [Times: user=0.00 sys=0.00, real=0.01 secs] 
 (concurrent mode failure): 4993K->897K(6848K), 0.0118645 secs] 4993K->897K(9920K), [Metaspace: 3664K->3664K(1056768K)], 0.0122912 secs] [Times: user=0.02 sys=0.00, real=0.01 secs] 
15.678: [GC (Allocation Failure) 15.678: [ParNew: 0K->0K(3072K), 0.0002129 secs]15.679: [CMS: 4993K->897K(6848K), 0.0018906 secs] 4993K->897K(9920K), [Metaspace: 3664K->3664K(1056768K)], 0.0021663 secs] [Times: user=0.00 sys=0.00, real=0.00 secs] 
15.681: [GC (CMS Initial Mark) [1 CMS-initial-mark: 4993K(6848K)] 4993K(9920K), 0.0001326 secs] [Times: user=0.00 sys=0.00, real=0.00 secs] 
15.681: [CMS-concurrent-mark-start]
15.681: [GC (Allocation Failure) 15.681: [ParNew: 0K->0K(3072K), 0.0002041 secs]15.681: [CMS15.692: [CMS-concurrent-mark: 0.001/0.011 secs] [Times: user=0.00 sys=0.00, real=0.01 secs] 
 (concurrent mode failure): 4993K->897K(6848K), 0.0124249 secs] 4993K->897K(9920K), [Metaspace: 3664K->3664K(1056768K)], 0.0126983 secs] [Times: user=0.02 sys=0.00, real=0.01 secs] 
15.694: [GC (Allocation Failure) 15.694: [ParNew: 0K->0K(3072K), 0.0002234 secs]15.694: [CMS: 4993K->897K(6848K), 0.0019476 secs] 4993K->897K(9920K), [Metaspace: 3664K->3664K(1056768K)], 0.0022384 secs] [Times: user=0.00 sys=0.00, real=0.00 secs] 
15.697: [GC (CMS Initial Mark) [1 CMS-initial-mark: 4993K(6848K)] 4993K(9920K), 0.0001407 secs] [Times: user=0.00 sys=0.00, real=0.00 secs] 
15.697: [CMS-concurrent-mark-start]
15.697: [GC (Allocation Failure) 15.697: [ParNew: 0K->0K(3072K), 0.0002675 secs]15.697: [CMS15.708: [CMS-concurrent-mark: 0.002/0.011 secs] [Times: user=0.00 sys=0.00, real=0.01 secs] 
 (concurrent mode failure): 4993K->897K(6848K), 0.0126661 secs] 4993K->897K(9920K), [Metaspace: 3664K->3664K(1056768K)], 0.0130009 secs] [Times: user=0.02 sys=0.00, real=0.01 secs] 
15.710: [GC (Allocation Failure) 15.710: [ParNew: 0K->0K(3072K), 0.0002243 secs]15.711: [CMS: 4993K->897K(6848K), 0.0017692 secs] 4993K->897K(9920K), [Metaspace: 3664K->3664K(1056768K)], 0.0020631 secs] [Times: user=0.00 sys=0.00, real=0.00 secs] 
15.713: [GC (CMS Initial Mark) [1 CMS-initial-mark: 4993K(6848K)] 4993K(9920K), 0.0001178 secs] [Times: user=0.00 sys=0.00, real=0.00 secs] 
15.713: [CMS-concurrent-mark-start]
15.713: [GC (Allocation Failure) 15.713: [ParNew: 0K->0K(3072K), 0.0002210 secs]15.713: [CMS15.723: [CMS-concurrent-mark: 0.002/0.010 secs] [Times: user=0.00 sys=0.00, real=0.01 secs] 
 (concurrent mode failure): 4993K->897K(6848K), 0.0122227 secs] 4993K->897K(9920K), [Metaspace: 3664K->3664K(1056768K)], 0.0125083 secs] [Times: user=0.02 sys=0.00, real=0.01 secs] 
15.726: [GC (Allocation Failure) 15.726: [ParNew: 0K->0K(3072K), 0.0003409 secs]15.726: [CMS: 4993K->897K(6848K), 0.0018159 secs] 4993K->897K(9920K), [Metaspace: 3664K->3664K(1056768K)], 0.0022210 secs] [Times: user=0.00 sys=0.00, real=0.00 secs] 
15.728: [GC (CMS Initial Mark) [1 CMS-initial-mark: 4993K(6848K)] 4993K(9920K), 0.0001419 secs] [Times: user=0.00 sys=0.00, real=0.00 secs] 
15.728: [CMS-concurrent-mark-start]
15.729: [GC (Allocation Failure) 15.729: [ParNew: 0K->0K(3072K), 0.0001982 secs]15.729: [CMS15.738: [CMS-concurrent-mark: 0.002/0.010 secs] [Times: user=0.00 sys=0.00, real=0.01 secs] 
 (concurrent mode failure): 4993K->897K(6848K), 0.0121203 secs] 4993K->897K(9920K), [Metaspace: 3664K->3664K(1056768K)], 0.0123887 secs] [Times: user=0.01 sys=0.00, real=0.01 secs] 
15.741: [GC (Allocation Failure) 15.741: [ParNew: 0K->0K(3072K), 0.0001986 secs]15.742: [CMS: 4993K->897K(6848K), 0.0016988 secs] 4993K->897K(9920K), [Metaspace: 3664K->3664K(1056768K)], 0.0019591 secs] [Times: user=0.00 sys=0.00, real=0.00 secs] 
15.744: [GC (CMS Initial Mark) [1 CMS-initial-mark: 4993K(6848K)] 4993K(9920K), 0.0001182 secs] [Times: user=0.00 sys=0.00, real=0.00 secs] 
15.744: [CMS-concurrent-mark-start]
15.744: [GC (Allocation Failure) 15.744: [ParNew: 0K->0K(3072K), 0.0002097 secs]15.744: [CMS15.754: [CMS-concurrent-mark: 0.002/0.011 secs] [Times: user=0.00 sys=0.00, real=0.01 secs] 
 (concurrent mode failure): 4993K->897K(6848K), 0.0132579 secs] 4993K->897K(9920K), [Metaspace: 3664K->3664K(1056768K)], 0.0135416 secs] [Times: user=0.02 sys=0.00, real=0.01 secs] 
15.758: [GC (Allocation Failure) 15.758: [ParNew: 0K->0K(3072K), 0.0002186 secs]15.758: [CMS: 4993K->897K(6848K), 0.0017461 secs] 4993K->897K(9920K), [Metaspace: 3664K->3664K(1056768K)], 0.0020360 secs] [Times: user=0.00 sys=0.00, real=0.00 secs] 
15.760: [GC (CMS Initial Mark) [1 CMS-initial-mark: 4993K(6848K)] 4993K(9920K), 0.0001141 secs] [Times: user=0.00 sys=0.00, real=0.00 secs] 
15.760: [CMS-concurrent-mark-start]
15.761: [GC (Allocation Failure) 15.761: [ParNew: 0K->0K(3072K), 0.0001826 secs]15.761: [CMS15.770: [CMS-concurrent-mark: 0.001/0.009 secs] [Times: user=0.00 sys=0.00, real=0.01 secs] 
 (concurrent mode failure): 4993K->897K(6848K), 0.0116382 secs] 4993K->897K(9920K), [Metaspace: 3664K->3664K(1056768K)], 0.0119672 secs] [Times: user=0.01 sys=0.00, real=0.01 secs] 
15.773: [GC (Allocation Failure) 15.773: [ParNew: 0K->0K(3072K), 0.0002112 secs]15.773: [CMS: 4993K->897K(6848K), 0.0029536 secs] 4993K->897K(9920K), [Metaspace: 3664K->3664K(1056768K)], 0.0032433 secs] [Times: user=0.00 sys=0.00, real=0.00 secs] 
15.777: [GC (CMS Initial Mark) [1 CMS-initial-mark: 4993K(6848K)] 4993K(9920K), 0.0001228 secs] [Times: user=0.00 sys=0.00, real=0.00 secs] 
15.777: [CMS-concurrent-mark-start]
15.777: [GC (Allocation Failure) 15.777: [ParNew: 0K->0K(3072K), 0.0002418 secs]15.777: [CMS15.786: [CMS-concurrent-mark: 0.002/0.009 secs] [Times: user=0.00 sys=0.00, real=0.01 secs] 
 (concurrent mode failure): 4993K->897K(6848K), 0.0111289 secs] 4993K->897K(9920K), [Metaspace: 3664K->3664K(1056768K)], 0.0114533 secs] [Times: user=0.02 sys=0.00, real=0.01 secs] 
15.789: [GC (Allocation Failure) 15.789: [ParNew: 0K->0K(3072K), 0.0002734 secs]15.789: [CMS: 4993K->897K(6848K), 0.0025269 secs] 4993K->897K(9920K), [Metaspace: 3664K->3664K(1056768K)], 0.0029056 secs] [Times: user=0.00 sys=0.00, real=0.00 secs] 
15.792: [GC (CMS Initial Mark) [1 CMS-initial-mark: 4993K(6848K)] 4993K(9920K), 0.0002216 secs] [Times: user=0.00 sys=0.00, real=0.00 secs] 
15.792: [CMS-concurrent-mark-start]
15.792: [GC (Allocation Failure) 15.792: [ParNew: 0K->0K(3072K), 0.0002703 secs]15.793: [CMS15.802: [CMS-concurrent-mark: 0.001/0.009 secs] [Times: user=0.03 sys=0.00, real=0.01 secs] 
 (concurrent mode failure): 4993K->897K(6848K), 0.0129525 secs] 4993K->897K(9920K), [Metaspace: 3664K->3664K(1056768K)], 0.0133078 secs] [Times: user=0.03 sys=0.00, real=0.01 secs] 
15.806: [GC (Allocation Failure) 15.807: [ParNew: 0K->0K(3072K), 0.0003713 secs]15.807: [CMS: 4993K->897K(6848K), 0.0022041 secs] 4993K->897K(9920K), [Metaspace: 3664K->3664K(1056768K)], 0.0026666 secs] [Times: user=0.00 sys=0.00, real=0.00 secs] 
15.809: [GC (CMS Initial Mark) [1 CMS-initial-mark: 4993K(6848K)] 4993K(9920K), 0.0001118 secs] [Times: user=0.00 sys=0.00, real=0.00 secs] 
15.810: [CMS-concurrent-mark-start]
15.810: [GC (Allocation Failure) 15.810: [ParNew: 0K->0K(3072K), 0.0003064 secs]15.810: [CMS15.817: [CMS-concurrent-mark: 0.002/0.008 secs] [Times: user=0.00 sys=0.00, real=0.01 secs] 
 (concurrent mode failure): 4993K->897K(6848K), 0.0106723 secs] 4993K->897K(9920K), [Metaspace: 3664K->3664K(1056768K)], 0.0110735 secs] [Times: user=0.02 sys=0.00, real=0.01 secs] 
15.822: [GC (Allocation Failure) 15.823: [ParNew: 0K->0K(3072K), 0.0005198 secs]15.823: [CMS: 4993K->897K(6848K), 0.0026221 secs] 4993K->897K(9920K), [Metaspace: 3664K->3664K(1056768K)], 0.0033353 secs] [Times: user=0.00 sys=0.00, real=0.00 secs] 
15.826: [GC (CMS Initial Mark) [1 CMS-initial-mark: 4993K(6848K)] 4993K(9920K), 0.0002507 secs] [Times: user=0.00 sys=0.00, real=0.00 secs] 
15.827: [CMS-concurrent-mark-start]
15.827: [GC (Allocation Failure) 15.827: [ParNew: 0K->0K(3072K), 0.0003505 secs]15.827: [CMS15.832: [CMS-concurrent-mark: 0.002/0.006 secs] [Times: user=0.00 sys=0.00, real=0.01 secs] 
 (concurrent mode failure): 4993K->897K(6848K), 0.0077271 secs] 4993K->897K(9920K), [Metaspace: 3664K->3664K(1056768K)], 0.0081402 secs] [Times: user=0.02 sys=0.00, real=0.01 secs] 
15.835: [GC (Allocation Failure) 15.835: [ParNew: 0K->0K(3072K), 0.0002528 secs]15.835: [CMS: 4993K->897K(6848K), 0.0038163 secs] 4993K->897K(9920K), [Metaspace: 3664K->3664K(1056768K)], 0.0041582 secs] [Times: user=0.00 sys=0.00, real=0.00 secs] 
15.840: [GC (CMS Initial Mark) [1 CMS-initial-mark: 4993K(6848K)] 4993K(9920K), 0.0001269 secs] [Times: user=0.00 sys=0.00, real=0.00 secs] 
15.840: [CMS-concurrent-mark-start]
15.840: [GC (Allocation Failure) 15.840: [ParNew: 0K->0K(3072K), 0.0002886 secs]15.840: [CMS15.848: [CMS-concurrent-mark: 0.001/0.008 secs] [Times: user=0.00 sys=0.00, real=0.01 secs] 
 (concurrent mode failure): 4993K->897K(6848K), 0.0105857 secs] 4993K->897K(9920K), [Metaspace: 3664K->3664K(1056768K)], 0.0110132 secs] [Times: user=0.01 sys=0.00, real=0.01 secs] 
15.851: [GC (Allocation Failure) 15.851: [ParNew: 0K->0K(3072K), 0.0003475 secs]15.852: [CMS: 4993K->897K(6848K), 0.0043393 secs] 4993K->897K(9920K), [Metaspace: 3664K->3664K(1056768K)], 0.0048071 secs] [Times: user=0.00 sys=0.00, real=0.01 secs] 
15.857: [GC (CMS Initial Mark) [1 CMS-initial-mark: 4993K(6848K)] 4993K(9920K), 0.0002033 secs] [Times: user=0.00 sys=0.00, real=0.00 secs] 
15.857: [CMS-concurrent-mark-start]
15.857: [GC (Allocation Failure) 15.857: [ParNew: 0K->0K(3072K), 0.0003979 secs]15.857: [CMS15.864: [CMS-concurrent-mark: 0.002/0.007 secs] [Times: user=0.00 sys=0.00, real=0.01 secs] 
 (concurrent mode failure): 4993K->897K(6848K), 0.0083000 secs] 4993K->897K(9920K), [Metaspace: 3664K->3664K(1056768K)], 0.0087928 secs] [Times: user=0.02 sys=0.00, real=0.01 secs] 
15.866: [GC (Allocation Failure) 15.866: [ParNew: 0K->0K(3072K), 0.0002532 secs]15.867: [CMS: 4993K->897K(6848K), 0.0020667 secs] 4993K->897K(9920K), [Metaspace: 3664K->3664K(1056768K)], 0.0023934 secs] [Times: user=0.00 sys=0.00, real=0.00 secs] 
15.869: [GC (CMS Initial Mark) [1 CMS-initial-mark: 4993K(6848K)] 4993K(9920K), 0.0002279 secs] [Times: user=0.00 sys=0.00, real=0.00 secs] 
15.869: [CMS-concurrent-mark-start]
15.869: [GC (Allocation Failure) 15.869: [ParNew: 0K->0K(3072K), 0.0004060 secs]15.870: [CMS15.879: [CMS-concurrent-mark: 0.002/0.009 secs] [Times: user=0.00 sys=0.00, real=0.01 secs] 
 (concurrent mode failure): 4993K->897K(6848K), 0.0108249 secs] 4993K->897K(9920K), [Metaspace: 3664K->3664K(1056768K)], 0.0113009 secs] [Times: user=0.01 sys=0.00, real=0.01 secs] 
15.881: [GC (Allocation Failure) 15.881: [ParNew: 0K->0K(3072K), 0.0002195 secs]15.881: [CMS: 4993K->897K(6848K), 0.0020788 secs] 4993K->897K(9920K), [Metaspace: 3664K->3664K(1056768K)], 0.0023798 secs] [Times: user=0.00 sys=0.00, real=0.00 secs] 
15.884: [GC (CMS Initial Mark) [1 CMS-initial-mark: 4993K(6848K)] 4993K(9920K), 0.0001061 secs] [Times: user=0.00 sys=0.00, real=0.00 secs] 
15.884: [CMS-concurrent-mark-start]
15.884: [GC (Allocation Failure) 15.884: [ParNew: 0K->0K(3072K), 0.0001849 secs]15.884: [CMS15.894: [CMS-concurrent-mark: 0.002/0.010 secs] [Times: user=0.00 sys=0.00, real=0.01 secs] 
 (concurrent mode failure): 4993K->897K(6848K), 0.0122669 secs] 4993K->897K(9920K), [Metaspace: 3664K->3664K(1056768K)], 0.0125186 secs] [Times: user=0.02 sys=0.00, real=0.01 secs] 
15.897: [GC (Allocation Failure) 15.897: [ParNew: 0K->0K(3072K), 0.0003226 secs]15.897: [CMS: 4993K->897K(6848K), 0.0022250 secs] 4993K->897K(9920K), [Metaspace: 3664K->3664K(1056768K)], 0.0026394 secs] [Times: user=0.00 sys=0.00, real=0.00 secs] 
15.900: [GC (CMS Initial Mark) [1 CMS-initial-mark: 4993K(6848K)] 4993K(9920K), 0.0001272 secs] [Times: user=0.00 sys=0.00, real=0.00 secs] 
15.900: [CMS-concurrent-mark-start]
15.900: [GC (Allocation Failure) 15.900: [ParNew: 0K->0K(3072K), 0.0002221 secs]15.901: [CMS15.910: [CMS-concurrent-mark: 0.002/0.010 secs] [Times: user=0.00 sys=0.00, real=0.01 secs] 
 (concurrent mode failure): 4993K->897K(6848K), 0.0117841 secs] 4993K->897K(9920K), [Metaspace: 3664K->3664K(1056768K)], 0.0121664 secs] [Times: user=0.02 sys=0.00, real=0.01 secs] 
15.913: [GC (Allocation Failure) 15.913: [ParNew: 0K->0K(3072K), 0.0002288 secs]15.913: [CMS: 4993K->897K(6848K), 0.0018987 secs] 4993K->897K(9920K), [Metaspace: 3664K->3664K(1056768K)], 0.0021920 secs] [Times: user=0.00 sys=0.00, real=0.00 secs] 
15.915: [GC (CMS Initial Mark) [1 CMS-initial-mark: 4993K(6848K)] 4993K(9920K), 0.0001511 secs] [Times: user=0.00 sys=0.00, real=0.00 secs] 
15.916: [CMS-concurrent-mark-start]
15.916: [GC (Allocation Failure) 15.916: [ParNew: 0K->0K(3072K), 0.0002801 secs]15.916: [CMS15.925: [CMS-concurrent-mark: 0.002/0.010 secs] [Times: user=0.00 sys=0.00, real=0.01 secs] 
 (concurrent mode failure): 4993K->897K(6848K), 0.0121692 secs] 4993K->897K(9920K), [Metaspace: 3664K->3664K(1056768K)], 0.0125287 secs] [Times: user=0.02 sys=0.00, real=0.01 secs] 
15.929: [GC (Allocation Failure) 15.929: [ParNew: 0K->0K(3072K), 0.0003118 secs]15.929: [CMS: 4993K->897K(6848K), 0.0020565 secs] 4993K->897K(9920K), [Metaspace: 3664K->3664K(1056768K)], 0.0024573 secs] [Times: user=0.00 sys=0.00, real=0.00 secs] 
15.931: [GC (CMS Initial Mark) [1 CMS-initial-mark: 4993K(6848K)] 4993K(9920K), 0.0001017 secs] [Times: user=0.00 sys=0.00, real=0.00 secs] 
15.931: [CMS-concurrent-mark-start]
15.932: [GC (Allocation Failure) 15.932: [ParNew: 0K->0K(3072K), 0.0002222 secs]15.932: [CMS15.941: [CMS-concurrent-mark: 0.001/0.009 secs] [Times: user=0.00 sys=0.00, real=0.01 secs] 
 (concurrent mode failure): 4993K->897K(6848K), 0.0111434 secs] 4993K->897K(9920K), [Metaspace: 3664K->3664K(1056768K)], 0.0114430 secs] [Times: user=0.02 sys=0.00, real=0.01 secs] 
15.943: [GC (Allocation Failure) 15.943: [ParNew: 0K->0K(3072K), 0.0002333 secs]15.944: [CMS: 4993K->897K(6848K), 0.0018629 secs] 4993K->897K(9920K), [Metaspace: 3664K->3664K(1056768K)], 0.0021622 secs] [Times: user=0.00 sys=0.00, real=0.00 secs] 
15.946: [GC (CMS Initial Mark) [1 CMS-initial-mark: 4993K(6848K)] 4993K(9920K), 0.0001165 secs] [Times: user=0.00 sys=0.00, real=0.00 secs] 
15.946: [CMS-concurrent-mark-start]
15.946: [GC (Allocation Failure) 15.946: [ParNew: 0K->0K(3072K), 0.0002171 secs]15.946: [CMS15.957: [CMS-concurrent-mark: 0.002/0.011 secs] [Times: user=0.00 sys=0.00, real=0.01 secs] 
 (concurrent mode failure): 4993K->897K(6848K), 0.0129754 secs] 4993K->897K(9920K), [Metaspace: 3664K->3664K(1056768K)], 0.0132747 secs] [Times: user=0.02 sys=0.00, real=0.01 secs] 
15.960: [GC (Allocation Failure) 15.960: [ParNew: 0K->0K(3072K), 0.0002603 secs]15.960: [CMS: 4993K->897K(6848K), 0.0021556 secs] 4993K->897K(9920K), [Metaspace: 3664K->3664K(1056768K)], 0.0024952 secs] [Times: user=0.00 sys=0.00, real=0.00 secs] 
15.963: [GC (CMS Initial Mark) [1 CMS-initial-mark: 4993K(6848K)] 4993K(9920K), 0.0001148 secs] [Times: user=0.00 sys=0.00, real=0.00 secs] 
15.963: [CMS-concurrent-mark-start]
15.963: [GC (Allocation Failure) 15.963: [ParNew: 0K->0K(3072K), 0.0002255 secs]15.963: [CMS15.972: [CMS-concurrent-mark: 0.001/0.009 secs] [Times: user=0.00 sys=0.00, real=0.01 secs] 
 (concurrent mode failure): 4993K->897K(6848K), 0.0118918 secs] 4993K->897K(9920K), [Metaspace: 3664K->3664K(1056768K)], 0.0121957 secs] [Times: user=0.01 sys=0.00, real=0.01 secs] 
15.975: [GC (Allocation Failure) 15.975: [ParNew: 0K->0K(3072K), 0.0002552 secs]15.976: [CMS: 4993K->897K(6848K), 0.0029654 secs] 4993K->897K(9920K), [Metaspace: 3664K->3664K(1056768K)], 0.0033598 secs] [Times: user=0.00 sys=0.00, real=0.00 secs] 
15.979: [GC (CMS Initial Mark) [1 CMS-initial-mark: 4993K(6848K)] 4993K(9920K), 0.0001191 secs] [Times: user=0.00 sys=0.00, real=0.00 secs] 
15.979: [CMS-concurrent-mark-start]
15.979: [GC (Allocation Failure) 15.979: [ParNew: 0K->0K(3072K), 0.0002232 secs]15.980: [CMS15.988: [CMS-concurrent-mark: 0.001/0.008 secs] [Times: user=0.00 sys=0.00, real=0.01 secs] 
 (concurrent mode failure): 4993K->897K(6848K), 0.0121305 secs] 4993K->897K(9920K), [Metaspace: 3664K->3664K(1056768K)], 0.0124292 secs] [Times: user=0.02 sys=0.00, real=0.01 secs] 
15.992: [GC (Allocation Failure) 15.992: [ParNew: 0K->0K(3072K), 0.0003079 secs]15.993: [CMS: 4993K->897K(6848K), 0.0031021 secs] 4993K->897K(9920K), [Metaspace: 3664K->3664K(1056768K)], 0.0034979 secs] [Times: user=0.00 sys=0.00, real=0.00 secs] 
15.996: [GC (CMS Initial Mark) [1 CMS-initial-mark: 4993K(6848K)] 4993K(9920K), 0.0001019 secs] [Times: user=0.00 sys=0.00, real=0.00 secs] 
15.996: [CMS-concurrent-mark-start]
15.996: [GC (Allocation Failure) 15.996: [ParNew: 0K->0K(3072K), 0.0002471 secs]15.997: [CMS16.003: [CMS-concurrent-mark: 0.002/0.007 secs] [Times: user=0.00 sys=0.00, real=0.01 secs] 
 (concurrent mode failure): 4993K->897K(6848K), 0.0103504 secs] 4993K->897K(9920K), [Metaspace: 3664K->3664K(1056768K)], 0.0106654 secs] [Times: user=0.01 sys=0.00, real=0.01 secs] 
16.007: [GC (Allocation Failure) 16.007: [ParNew: 0K->0K(3072K), 0.0002724 secs]16.008: [CMS: 4993K->897K(6848K), 0.0025306 secs] 4993K->897K(9920K), [Metaspace: 3664K->3664K(1056768K)], 0.0028710 secs] [Times: user=0.00 sys=0.00, real=0.00 secs] 
16.011: [GC (CMS Initial Mark) [1 CMS-initial-mark: 4993K(6848K)] 4993K(9920K), 0.0001220 secs] [Times: user=0.00 sys=0.00, real=0.00 secs] 
16.011: [CMS-concurrent-mark-start]
16.011: [GC (Allocation Failure) 16.011: [ParNew: 0K->0K(3072K), 0.0003638 secs]16.011: [CMS16.019: [CMS-concurrent-mark: 0.001/0.008 secs] [Times: user=0.00 sys=0.00, real=0.01 secs] 
 (concurrent mode failure): 4993K->897K(6848K), 0.0100769 secs] 4993K->897K(9920K), [Metaspace: 3664K->3664K(1056768K)], 0.0105137 secs] [Times: user=0.02 sys=0.00, real=0.01 secs] 
16.022: [GC (Allocation Failure) 16.022: [ParNew: 0K->0K(3072K), 0.0003479 secs]16.022: [CMS: 4993K->897K(6848K), 0.0022167 secs] 4993K->897K(9920K), [Metaspace: 3664K->3664K(1056768K)], 0.0026254 secs] [Times: user=0.00 sys=0.00, real=0.00 secs] 
16.025: [GC (CMS Initial Mark) [1 CMS-initial-mark: 4993K(6848K)] 4993K(9920K), 0.0001574 secs] [Times: user=0.00 sys=0.00, real=0.00 secs] 
16.025: [CMS-concurrent-mark-start]
16.025: [GC (Allocation Failure) 16.025: [ParNew: 0K->0K(3072K), 0.0002812 secs]16.025: [CMS16.035: [CMS-concurrent-mark: 0.001/0.010 secs] [Times: user=0.00 sys=0.00, real=0.01 secs] 
 (concurrent mode failure): 4993K->897K(6848K), 0.0130826 secs] 4993K->897K(9920K), [Metaspace: 3664K->3664K(1056768K)], 0.0135174 secs] [Times: user=0.02 sys=0.00, real=0.01 secs] 
16.039: [GC (Allocation Failure) 16.039: [ParNew: 0K->0K(3072K), 0.0003404 secs]16.040: [CMS: 4993K->897K(6848K), 0.0026971 secs] 4993K->897K(9920K), [Metaspace: 3664K->3664K(1056768K)], 0.0031164 secs] [Times: user=0.00 sys=0.00, real=0.00 secs] 
16.043: [GC (CMS Initial Mark) [1 CMS-initial-mark: 4993K(6848K)] 4993K(9920K), 0.0001429 secs] [Times: user=0.00 sys=0.00, real=0.00 secs] 
16.043: [CMS-concurrent-mark-start]
16.043: [GC (Allocation Failure) 16.043: [ParNew: 0K->0K(3072K), 0.0002270 secs]16.043: [CMS16.050: [CMS-concurrent-mark: 0.002/0.007 secs] [Times: user=0.00 sys=0.00, real=0.01 secs] 
 (concurrent mode failure): 4993K->897K(6848K), 0.0100299 secs] 4993K->897K(9920K), [Metaspace: 3664K->3664K(1056768K)], 0.0103468 secs] [Times: user=0.02 sys=0.00, real=0.01 secs] 
16.054: [GC (Allocation Failure) 16.054: [ParNew: 0K->0K(3072K), 0.0003071 secs]16.054: [CMS: 4993K->897K(6848K), 0.0029659 secs] 4993K->897K(9920K), [Metaspace: 3664K->3664K(1056768K)], 0.0033644 secs] [Times: user=0.00 sys=0.00, real=0.00 secs] 
16.058: [GC (CMS Initial Mark) [1 CMS-initial-mark: 4993K(6848K)] 4993K(9920K), 0.0001102 secs] [Times: user=0.00 sys=0.00, real=0.00 secs] 
16.058: [CMS-concurrent-mark-start]
16.058: [GC (Allocation Failure) 16.058: [ParNew: 0K->0K(3072K), 0.0002773 secs]16.058: [CMS16.066: [CMS-concurrent-mark: 0.001/0.008 secs] [Times: user=0.00 sys=0.00, real=0.01 secs] 
 (concurrent mode failure): 4993K->897K(6848K), 0.0109230 secs] 4993K->897K(9920K), [Metaspace: 3664K->3664K(1056768K)], 0.0113489 secs] [Times: user=0.02 sys=0.00, real=0.01 secs] 
16.070: [GC (Allocation Failure) 16.070: [ParNew: 0K->0K(3072K), 0.0003534 secs]16.070: [CMS: 4993K->897K(6848K), 0.0052942 secs] 4993K->897K(9920K), [Metaspace: 3664K->3664K(1056768K)], 0.0057535 secs] [Times: user=0.00 sys=0.00, real=0.01 secs] 
16.076: [GC (CMS Initial Mark) [1 CMS-initial-mark: 4993K(6848K)] 4993K(9920K), 0.0001854 secs] [Times: user=0.00 sys=0.00, real=0.00 secs] 
16.076: [CMS-concurrent-mark-start]
16.076: [GC (Allocation Failure) 16.076: [ParNew: 0K->0K(3072K), 0.0002753 secs]16.077: [CMS16.082: [CMS-concurrent-mark: 0.002/0.006 secs] [Times: user=0.00 sys=0.00, real=0.01 secs] 
 (concurrent mode failure): 4993K->897K(6848K), 0.0083946 secs] 4993K->897K(9920K), [Metaspace: 3664K->3664K(1056768K)], 0.0087443 secs] [Times: user=0.02 sys=0.00, real=0.01 secs] 
16.085: [GC (Allocation Failure) 16.085: [ParNew: 0K->0K(3072K), 0.0003710 secs]16.086: [CMS: 4993K->897K(6848K), 0.0042727 secs] 4993K->897K(9920K), [Metaspace: 3664K->3664K(1056768K)], 0.0047125 secs] [Times: user=0.00 sys=0.00, real=0.01 secs] 
16.090: [GC (CMS Initial Mark) [1 CMS-initial-mark: 4993K(6848K)] 4993K(9920K), 0.0001735 secs] [Times: user=0.00 sys=0.00, real=0.00 secs] 
16.091: [CMS-concurrent-mark-start]
16.091: [GC (Allocation Failure) 16.091: [ParNew: 0K->0K(3072K), 0.0002929 secs]16.091: [CMS16.097: [CMS-concurrent-mark: 0.001/0.007 secs] [Times: user=0.00 sys=0.00, real=0.01 secs] 
 (concurrent mode failure): 4993K->897K(6848K), 0.0089065 secs] 4993K->897K(9920K), [Metaspace: 3664K->3664K(1056768K)], 0.0092666 secs] [Times: user=0.01 sys=0.00, real=0.01 secs] 
16.101: [GC (Allocation Failure) 16.101: [ParNew: 0K->0K(3072K), 0.0002268 secs]16.101: [CMS: 4993K->897K(6848K), 0.0016861 secs] 4993K->897K(9920K), [Metaspace: 3664K->3664K(1056768K)], 0.0019678 secs] [Times: user=0.00 sys=0.00, real=0.00 secs] 
16.103: [GC (CMS Initial Mark) [1 CMS-initial-mark: 4993K(6848K)] 4993K(9920K), 0.0001169 secs] [Times: user=0.00 sys=0.00, real=0.00 secs] 
16.103: [CMS-concurrent-mark-start]
16.103: [GC (Allocation Failure) 16.103: [ParNew: 0K->0K(3072K), 0.0002814 secs]16.103: [CMS16.112: [CMS-concurrent-mark: 0.001/0.009 secs] [Times: user=0.00 sys=0.00, real=0.01 secs] 
 (concurrent mode failure): 4993K->897K(6848K), 0.0110975 secs] 4993K->897K(9920K), [Metaspace: 3664K->3664K(1056768K)], 0.0114557 secs] [Times: user=0.02 sys=0.00, real=0.01 secs] 
16.115: [GC (Allocation Failure) 16.115: [ParNew: 0K->0K(3072K), 0.0002930 secs]16.115: [CMS: 4993K->897K(6848K), 0.0021432 secs] 4993K->897K(9920K), [Metaspace: 3664K->3664K(1056768K)], 0.0025095 secs] [Times: user=0.00 sys=0.00, real=0.00 secs] 
16.118: [GC (CMS Initial Mark) [1 CMS-initial-mark: 4993K(6848K)] 4993K(9920K), 0.0000980 secs] [Times: user=0.00 sys=0.00, real=0.00 secs] 
16.118: [CMS-concurrent-mark-start]
16.118: [GC (Allocation Failure) 16.118: [ParNew: 0K->0K(3072K), 0.0002730 secs]16.118: [CMS16.128: [CMS-concurrent-mark: 0.002/0.010 secs] [Times: user=0.00 sys=0.00, real=0.01 secs] 
 (concurrent mode failure): 4993K->897K(6848K), 0.0120030 secs] 4993K->897K(9920K), [Metaspace: 3664K->3664K(1056768K)], 0.0123448 secs] [Times: user=0.01 sys=0.00, real=0.01 secs] 
16.131: [GC (Allocation Failure) 16.131: [ParNew: 0K->0K(3072K), 0.0003529 secs]16.131: [CMS: 4993K->897K(6848K), 0.0025302 secs] 4993K->897K(9920K), [Metaspace: 3664K->3664K(1056768K)], 0.0029985 secs] [Times: user=0.00 sys=0.00, real=0.00 secs] 
16.134: [GC (CMS Initial Mark) [1 CMS-initial-mark: 4993K(6848K)] 4993K(9920K), 0.0002136 secs] [Times: user=0.00 sys=0.00, real=0.00 secs] 
16.134: [CMS-concurrent-mark-start]
16.134: [GC (Allocation Failure) 16.134: [ParNew: 0K->0K(3072K), 0.0003348 secs]16.135: [CMS16.143: [CMS-concurrent-mark: 0.002/0.009 secs] [Times: user=0.00 sys=0.00, real=0.01 secs] 
 (concurrent mode failure): 4993K->897K(6848K), 0.0112235 secs] 4993K->897K(9920K), [Metaspace: 3664K->3664K(1056768K)], 0.0116248 secs] [Times: user=0.02 sys=0.00, real=0.01 secs] 
16.146: [GC (Allocation Failure) 16.146: [ParNew: 0K->0K(3072K), 0.0002594 secs]16.147: [CMS: 4993K->897K(6848K), 0.0023343 secs] 4993K->897K(9920K), [Metaspace: 3664K->3664K(1056768K)], 0.0026648 secs] [Times: user=0.00 sys=0.00, real=0.00 secs] 
16.149: [GC (CMS Initial Mark) [1 CMS-initial-mark: 4993K(6848K)] 4993K(9920K), 0.0001668 secs] [Times: user=0.00 sys=0.00, real=0.00 secs] 
16.150: [CMS-concurrent-mark-start]
16.150: [GC (Allocation Failure) 16.150: [ParNew: 0K->0K(3072K), 0.0002784 secs]16.150: [CMS16.158: [CMS-concurrent-mark: 0.001/0.009 secs] [Times: user=0.00 sys=0.00, real=0.01 secs] 
 (concurrent mode failure): 4993K->897K(6848K), 0.0103800 secs] 4993K->897K(9920K), [Metaspace: 3664K->3664K(1056768K)], 0.0107320 secs] [Times: user=0.00 sys=0.00, real=0.01 secs] 
16.161: [GC (Allocation Failure) 16.161: [ParNew: 0K->0K(3072K), 0.0002416 secs]16.161: [CMS: 4993K->897K(6848K), 0.0017037 secs] 4993K->897K(9920K), [Metaspace: 3664K->3664K(1056768K)], 0.0020072 secs] [Times: user=0.00 sys=0.00, real=0.00 secs] 
16.163: [GC (CMS Initial Mark) [1 CMS-initial-mark: 4993K(6848K)] 4993K(9920K), 0.0001576 secs] [Times: user=0.00 sys=0.00, real=0.00 secs] 
16.163: [CMS-concurrent-mark-start]
16.163: [GC (Allocation Failure) 16.163: [ParNew: 0K->0K(3072K), 0.0002301 secs]16.164: [CMS16.174: [CMS-concurrent-mark: 0.002/0.011 secs] [Times: user=0.00 sys=0.00, real=0.01 secs] 
 (concurrent mode failure): 4993K->897K(6848K), 0.0132361 secs] 4993K->897K(9920K), [Metaspace: 3664K->3664K(1056768K)], 0.0135434 secs] [Times: user=0.02 sys=0.00, real=0.01 secs] 
16.177: [GC (Allocation Failure) 16.177: [ParNew: 0K->0K(3072K), 0.0002064 secs]16.178: [CMS: 4993K->897K(6848K), 0.0018789 secs] 4993K->897K(9920K), [Metaspace: 3664K->3664K(1056768K)], 0.0021723 secs] [Times: user=0.00 sys=0.00, real=0.00 secs] 
16.180: [GC (CMS Initial Mark) [1 CMS-initial-mark: 4993K(6848K)] 4993K(9920K), 0.0001781 secs] [Times: user=0.00 sys=0.00, real=0.00 secs] 
16.180: [CMS-concurrent-mark-start]
16.180: [GC (Allocation Failure) 16.180: [ParNew: 0K->0K(3072K), 0.0002271 secs]16.180: [CMS16.190: [CMS-concurrent-mark: 0.002/0.010 secs] [Times: user=0.00 sys=0.00, real=0.01 secs] 
 (concurrent mode failure): 4993K->897K(6848K), 0.0130665 secs] 4993K->897K(9920K), [Metaspace: 3664K->3664K(1056768K)], 0.0133812 secs] [Times: user=0.02 sys=0.00, real=0.01 secs] 
16.194: [GC (Allocation Failure) 16.194: [ParNew: 0K->0K(3072K), 0.0002765 secs]16.194: [CMS: 4993K->897K(6848K), 0.0027432 secs] 4993K->897K(9920K), [Metaspace: 3664K->3664K(1056768K)], 0.0031075 secs] [Times: user=0.00 sys=0.00, real=0.00 secs] 
16.197: [GC (CMS Initial Mark) [1 CMS-initial-mark: 4993K(6848K)] 4993K(9920K), 0.0001419 secs] [Times: user=0.00 sys=0.00, real=0.00 secs] 
16.198: [CMS-concurrent-mark-start]
16.198: [GC (Allocation Failure) 16.198: [ParNew: 0K->0K(3072K), 0.0002430 secs]16.198: [CMS16.205: [CMS-concurrent-mark: 0.001/0.007 secs] [Times: user=0.00 sys=0.00, real=0.01 secs] 
 (concurrent mode failure): 4993K->897K(6848K), 0.0099720 secs] 4993K->897K(9920K), [Metaspace: 3664K->3664K(1056768K)], 0.0102932 secs] [Times: user=0.00 sys=0.00, real=0.01 secs] 
16.208: [GC (Allocation Failure) 16.208: [ParNew: 0K->0K(3072K), 0.0002627 secs]16.209: [CMS: 4993K->897K(6848K), 0.0036692 secs] 4993K->897K(9920K), [Metaspace: 3664K->3664K(1056768K)], 0.0040129 secs] [Times: user=0.00 sys=0.00, real=0.00 secs] 
16.213: [GC (CMS Initial Mark) [1 CMS-initial-mark: 4993K(6848K)] 4993K(9920K), 0.0001554 secs] [Times: user=0.00 sys=0.00, real=0.00 secs] 
16.213: [CMS-concurrent-mark-start]
16.213: [GC (Allocation Failure) 16.213: [ParNew: 0K->0K(3072K), 0.0002830 secs]16.213: [CMS16.221: [CMS-concurrent-mark: 0.002/0.008 secs] [Times: user=0.00 sys=0.00, real=0.01 secs] 
 (concurrent mode failure): 4993K->897K(6848K), 0.0110246 secs] 4993K->897K(9920K), [Metaspace: 3664K->3664K(1056768K)], 0.0113978 secs] [Times: user=0.02 sys=0.00, real=0.01 secs] 
16.225: [GC (Allocation Failure) 16.225: [ParNew: 0K->0K(3072K), 0.0002436 secs]16.225: [CMS: 4993K->897K(6848K), 0.0020135 secs] 4993K->897K(9920K), [Metaspace: 3664K->3664K(1056768K)], 0.0023908 secs] [Times: user=0.00 sys=0.00, real=0.00 secs] 
16.228: [GC (CMS Initial Mark) [1 CMS-initial-mark: 4993K(6848K)] 4993K(9920K), 0.0002251 secs] [Times: user=0.00 sys=0.00, real=0.00 secs] 
16.228: [CMS-concurrent-mark-start]
16.228: [GC (Allocation Failure) 16.228: [ParNew: 0K->0K(3072K), 0.0002123 secs]16.228: [CMS16.237: [CMS-concurrent-mark: 0.002/0.009 secs] [Times: user=0.00 sys=0.00, real=0.01 secs] 
 (concurrent mode failure): 4993K->897K(6848K), 0.0120641 secs] 4993K->897K(9920K), [Metaspace: 3664K->3664K(1056768K)], 0.0123599 secs] [Times: user=0.01 sys=0.00, real=0.01 secs] 
16.241: [GC (Allocation Failure) 16.241: [ParNew: 0K->0K(3072K), 0.0003037 secs]16.241: [CMS: 4993K->897K(6848K), 0.0020393 secs] 4993K->897K(9920K), [Metaspace: 3664K->3664K(1056768K)], 0.0024206 secs] [Times: user=0.00 sys=0.00, real=0.00 secs] 
16.243: [GC (CMS Initial Mark) [1 CMS-initial-mark: 4993K(6848K)] 4993K(9920K), 0.0001229 secs] [Times: user=0.00 sys=0.00, real=0.00 secs] 
16.244: [CMS-concurrent-mark-start]
16.244: [GC (Allocation Failure) 16.244: [ParNew: 0K->0K(3072K), 0.0002455 secs]16.244: [CMS16.252: [CMS-concurrent-mark: 0.002/0.008 secs] [Times: user=0.00 sys=0.00, real=0.01 secs] 
 (concurrent mode failure): 4993K->897K(6848K), 0.0133440 secs] 4993K->897K(9920K), [Metaspace: 3664K->3664K(1056768K)], 0.0136777 secs] [Times: user=0.02 sys=0.00, real=0.01 secs] 
16.258: [GC (Allocation Failure) 16.258: [ParNew: 0K->0K(3072K), 0.0002774 secs]16.258: [CMS: 4993K->897K(6848K), 0.0031753 secs] 4993K->897K(9920K), [Metaspace: 3664K->3664K(1056768K)], 0.0035408 secs] [Times: user=0.00 sys=0.00, real=0.00 secs] 
16.262: [GC (CMS Initial Mark) [1 CMS-initial-mark: 4993K(6848K)] 4993K(9920K), 0.0001263 secs] [Times: user=0.00 sys=0.00, real=0.00 secs] 
16.262: [CMS-concurrent-mark-start]
16.262: [GC (Allocation Failure) 16.262: [ParNew: 0K->0K(3072K), 0.0002439 secs]16.262: [CMS16.267: [CMS-concurrent-mark: 0.001/0.006 secs] [Times: user=0.00 sys=0.00, real=0.01 secs] 
 (concurrent mode failure): 4993K->897K(6848K), 0.0080723 secs] 4993K->897K(9920K), [Metaspace: 3664K->3664K(1056768K)], 0.0084891 secs] [Times: user=0.01 sys=0.00, real=0.01 secs] 
16.271: [GC (Allocation Failure) 16.271: [ParNew: 0K->0K(3072K), 0.0003809 secs]16.272: [CMS: 4993K->897K(6848K), 0.0042640 secs] 4993K->897K(9920K), [Metaspace: 3664K->3664K(1056768K)], 0.0047857 secs] [Times: user=0.00 sys=0.00, real=0.00 secs] 
16.276: [GC (CMS Initial Mark) [1 CMS-initial-mark: 4993K(6848K)] 4993K(9920K), 0.0001298 secs] [Times: user=0.00 sys=0.00, real=0.00 secs] 
16.276: [CMS-concurrent-mark-start]
16.276: [GC (Allocation Failure) 16.276: [ParNew: 0K->0K(3072K), 0.0002576 secs]16.277: [CMS16.283: [CMS-concurrent-mark: 0.001/0.007 secs] [Times: user=0.00 sys=0.00, real=0.01 secs] 
 (concurrent mode failure): 4993K->897K(6848K), 0.0086887 secs] 4993K->897K(9920K), [Metaspace: 3664K->3664K(1056768K)], 0.0090130 secs] [Times: user=0.00 sys=0.00, real=0.01 secs] 
16.286: [GC (Allocation Failure) 16.286: [ParNew: 0K->0K(3072K), 0.0002720 secs]16.286: [CMS: 4993K->897K(6848K), 0.0032034 secs] 4993K->897K(9920K), [Metaspace: 3664K->3664K(1056768K)], 0.0035729 secs] [Times: user=0.02 sys=0.00, real=0.00 secs] 
16.290: [GC (CMS Initial Mark) [1 CMS-initial-mark: 4993K(6848K)] 4993K(9920K), 0.0001965 secs] [Times: user=0.00 sys=0.00, real=0.00 secs] 
16.290: [CMS-concurrent-mark-start]
16.290: [GC (Allocation Failure) 16.290: [ParNew: 0K->0K(3072K), 0.0002258 secs]16.290: [CMS16.298: [CMS-concurrent-mark: 0.001/0.008 secs] [Times: user=0.00 sys=0.00, real=0.01 secs] 
 (concurrent mode failure): 4993K->897K(6848K), 0.0104384 secs] 4993K->897K(9920K), [Metaspace: 3664K->3664K(1056768K)], 0.0107452 secs] [Times: user=0.00 sys=0.00, real=0.01 secs] 
16.301: [GC (Allocation Failure) 16.301: [ParNew: 0K->0K(3072K), 0.0002176 secs]16.301: [CMS: 4993K->897K(6848K), 0.0022758 secs] 4993K->897K(9920K), [Metaspace: 3664K->3664K(1056768K)], 0.0026054 secs] [Times: user=0.02 sys=0.00, real=0.00 secs] 
16.304: [GC (CMS Initial Mark) [1 CMS-initial-mark: 4993K(6848K)] 4993K(9920K), 0.0001929 secs] [Times: user=0.00 sys=0.00, real=0.00 secs] 
16.304: [CMS-concurrent-mark-start]
16.304: [GC (Allocation Failure) 16.304: [ParNew: 0K->0K(3072K), 0.0003083 secs]16.305: [CMS16.318: [CMS-concurrent-mark: 0.006/0.014 secs] [Times: user=0.03 sys=0.00, real=0.01 secs] 
 (concurrent mode failure): 4993K->897K(6848K), 0.0242093 secs] 4993K->897K(9920K), [Metaspace: 3664K->3664K(1056768K)], 0.0247225 secs] [Times: user=0.03 sys=0.00, real=0.03 secs] 
16.331: [GC (Allocation Failure) 16.331: [ParNew: 0K->0K(3072K), 0.0012847 secs]16.332: [CMS: 4993K->897K(6848K), 0.0103149 secs] 4993K->897K(9920K), [Metaspace: 3664K->3664K(1056768K)], 0.0119482 secs] [Times: user=0.02 sys=0.00, real=0.01 secs] 
16.345: [GC (CMS Initial Mark) [1 CMS-initial-mark: 4993K(6848K)] 4993K(9920K), 0.0005581 secs] [Times: user=0.00 sys=0.00, real=0.00 secs] 
16.345: [CMS-concurrent-mark-start]
16.346: [GC (Allocation Failure) 16.346: [ParNew: 0K->0K(3072K), 0.0011730 secs]16.347: [CMS16.361: [CMS-concurrent-mark: 0.003/0.015 secs] [Times: user=0.00 sys=0.00, real=0.02 secs] 
 (concurrent mode failure): 4993K->897K(6848K), 0.0174655 secs] 4993K->897K(9920K), [Metaspace: 3664K->3664K(1056768K)], 0.0189515 secs] [Times: user=0.01 sys=0.00, real=0.02 secs] 
16.366: [GC (Allocation Failure) 16.366: [ParNew: 0K->0K(3072K), 0.0004803 secs]16.366: [CMS: 4993K->897K(6848K), 0.0041731 secs] 4993K->897K(9920K), [Metaspace: 3664K->3664K(1056768K)], 0.0048008 secs] [Times: user=0.00 sys=0.00, real=0.00 secs] 
16.371: [GC (CMS Initial Mark) [1 CMS-initial-mark: 4993K(6848K)] 4993K(9920K), 0.0001894 secs] [Times: user=0.00 sys=0.00, real=0.00 secs] 
16.372: [CMS-concurrent-mark-start]
16.372: [GC (Allocation Failure) 16.372: [ParNew: 0K->0K(3072K), 0.0005359 secs]16.372: [CMS16.375: [CMS-concurrent-mark: 0.002/0.004 secs] [Times: user=0.00 sys=0.00, real=0.00 secs] 
 (concurrent mode failure): 4993K->897K(6848K), 0.0064480 secs] 4993K->897K(9920K), [Metaspace: 3664K->3664K(1056768K)], 0.0071084 secs] [Times: user=0.00 sys=0.00, real=0.01 secs] 
16.379: [GC (Allocation Failure) 16.379: [ParNew: 0K->0K(3072K), 0.0003294 secs]16.380: [CMS: 4993K->897K(6848K), 0.0024647 secs] 4993K->897K(9920K), [Metaspace: 3664K->3664K(1056768K)], 0.0028755 secs] [Times: user=0.02 sys=0.00, real=0.00 secs] 
16.382: [GC (CMS Initial Mark) [1 CMS-initial-mark: 4993K(6848K)] 4993K(9920K), 0.0002837 secs] [Times: user=0.00 sys=0.00, real=0.00 secs] 
16.383: [CMS-concurrent-mark-start]
16.383: [GC (Allocation Failure) 16.383: [ParNew: 0K->0K(3072K), 0.0003393 secs]16.383: [CMS16.391: [CMS-concurrent-mark: 0.002/0.008 secs] [Times: user=0.00 sys=0.00, real=0.01 secs] 
 (concurrent mode failure): 4993K->897K(6848K), 0.0100104 secs] 4993K->897K(9920K), [Metaspace: 3664K->3664K(1056768K)], 0.0104591 secs] [Times: user=0.00 sys=0.00, real=0.01 secs] 
16.394: [GC (Allocation Failure) 16.394: [ParNew: 0K->0K(3072K), 0.0002986 secs]16.394: [CMS: 4993K->897K(6848K), 0.0023409 secs] 4993K->897K(9920K), [Metaspace: 3664K->3664K(1056768K)], 0.0027398 secs] [Times: user=0.01 sys=0.00, real=0.00 secs] 
16.397: [GC (CMS Initial Mark) [1 CMS-initial-mark: 4993K(6848K)] 4993K(9920K), 0.0001466 secs] [Times: user=0.00 sys=0.00, real=0.00 secs] 
16.397: [CMS-concurrent-mark-start]
16.397: [GC (Allocation Failure) 16.397: [ParNew: 0K->0K(3072K), 0.0002347 secs]16.397: [CMS16.406: [CMS-concurrent-mark: 0.002/0.009 secs] [Times: user=0.00 sys=0.00, real=0.01 secs] 
 (concurrent mode failure): 4993K->897K(6848K), 0.0120617 secs] 4993K->897K(9920K), [Metaspace: 3664K->3664K(1056768K)], 0.0123707 secs] [Times: user=0.00 sys=0.00, real=0.01 secs] 
16.410: [GC (Allocation Failure) 16.410: [ParNew: 0K->0K(3072K), 0.0002398 secs]16.410: [CMS: 4993K->897K(6848K), 0.0017860 secs] 4993K->897K(9920K), [Metaspace: 3664K->3664K(1056768K)], 0.0020843 secs] [Times: user=0.02 sys=0.00, real=0.00 secs] 
16.412: [GC (CMS Initial Mark) [1 CMS-initial-mark: 4993K(6848K)] 4993K(9920K), 0.0001111 secs] [Times: user=0.00 sys=0.00, real=0.00 secs] 
16.413: [CMS-concurrent-mark-start]
16.413: [GC (Allocation Failure) 16.413: [ParNew: 0K->0K(3072K), 0.0002986 secs]16.413: [CMS16.421: [CMS-concurrent-mark: 0.002/0.009 secs] [Times: user=0.00 sys=0.00, real=0.01 secs] 
 (concurrent mode failure): 4993K->897K(6848K), 0.0115348 secs] 4993K->897K(9920K), [Metaspace: 3664K->3664K(1056768K)], 0.0119190 secs] [Times: user=0.00 sys=0.00, real=0.01 secs] 
16.425: [GC (Allocation Failure) 16.425: [ParNew: 0K->0K(3072K), 0.0003307 secs]16.425: [CMS: 4993K->897K(6848K), 0.0017437 secs] 4993K->897K(9920K), [Metaspace: 3664K->3664K(1056768K)], 0.0021387 secs] [Times: user=0.02 sys=0.00, real=0.00 secs] 
16.427: [GC (CMS Initial Mark) [1 CMS-initial-mark: 4993K(6848K)] 4993K(9920K), 0.0001810 secs] [Times: user=0.00 sys=0.00, real=0.00 secs] 
16.428: [CMS-concurrent-mark-start]
16.428: [GC (Allocation Failure) 16.428: [ParNew: 0K->0K(3072K), 0.0002298 secs]16.428: [CMS16.437: [CMS-concurrent-mark: 0.002/0.009 secs] [Times: user=0.00 sys=0.00, real=0.01 secs] 
 (concurrent mode failure): 4993K->897K(6848K), 0.0119069 secs] 4993K->897K(9920K), [Metaspace: 3664K->3664K(1056768K)], 0.0122061 secs] [Times: user=0.00 sys=0.00, real=0.01 secs] 
16.441: [GC (Allocation Failure) 16.441: [ParNew: 0K->0K(3072K), 0.0002298 secs]16.441: [CMS: 4993K->897K(6848K), 0.0019724 secs] 4993K->897K(9920K), [Metaspace: 3664K->3664K(1056768K)], 0.0022614 secs] [Times: user=0.02 sys=0.00, real=0.00 secs] 
16.443: [GC (CMS Initial Mark) [1 CMS-initial-mark: 4993K(6848K)] 4993K(9920K), 0.0002266 secs] [Times: user=0.00 sys=0.00, real=0.00 secs] 
16.443: [CMS-concurrent-mark-start]
16.444: [GC (Allocation Failure) 16.444: [ParNew: 0K->0K(3072K), 0.0003632 secs]16.444: [CMS16.452: [CMS-concurrent-mark: 0.002/0.008 secs] [Times: user=0.00 sys=0.00, real=0.01 secs] 
 (concurrent mode failure): 4993K->897K(6848K), 0.0104837 secs] 4993K->897K(9920K), [Metaspace: 3664K->3664K(1056768K)], 0.0109363 secs] [Times: user=0.00 sys=0.00, real=0.01 secs] 
16.455: [GC (Allocation Failure) 16.455: [ParNew: 0K->0K(3072K), 0.0002457 secs]16.455: [CMS: 4993K->897K(6848K), 0.0022022 secs] 4993K->897K(9920K), [Metaspace: 3664K->3664K(1056768K)], 0.0025192 secs] [Times: user=0.00 sys=0.00, real=0.00 secs] 
16.458: [GC (CMS Initial Mark) [1 CMS-initial-mark: 4993K(6848K)] 4993K(9920K), 0.0001982 secs] [Times: user=0.02 sys=0.00, real=0.00 secs] 
16.458: [CMS-concurrent-mark-start]
16.458: [GC (Allocation Failure) 16.458: [ParNew: 0K->0K(3072K), 0.0001946 secs]16.458: [CMS16.468: [CMS-concurrent-mark: 0.002/0.010 secs] [Times: user=0.00 sys=0.00, real=0.01 secs] 
 (concurrent mode failure): 4993K->897K(6848K), 0.0114062 secs] 4993K->897K(9920K), [Metaspace: 3664K->3664K(1056768K)], 0.0116836 secs] [Times: user=0.00 sys=0.00, real=0.01 secs] 
16.470: [GC (Allocation Failure) 16.470: [ParNew: 0K->0K(3072K), 0.0003162 secs]16.471: [CMS: 4993K->897K(6848K), 0.0027750 secs] 4993K->897K(9920K), [Metaspace: 3664K->3664K(1056768K)], 0.0031908 secs] [Times: user=0.00 sys=0.00, real=0.00 secs] 
16.474: [GC (CMS Initial Mark) [1 CMS-initial-mark: 4993K(6848K)] 4993K(9920K), 0.0001341 secs] [Times: user=0.00 sys=0.00, real=0.00 secs] 
16.474: [CMS-concurrent-mark-start]
16.474: [GC (Allocation Failure) 16.474: [ParNew: 0K->0K(3072K), 0.0002081 secs]16.474: [CMS16.482: [CMS-concurrent-mark: 0.001/0.008 secs] [Times: user=0.00 sys=0.00, real=0.01 secs] 
 (concurrent mode failure): 4993K->897K(6848K), 0.0100735 secs] 4993K->897K(9920K), [Metaspace: 3664K->3664K(1056768K)], 0.0103477 secs] [Times: user=0.00 sys=0.00, real=0.01 secs] 
16.485: [GC (Allocation Failure) 16.485: [ParNew: 0K->0K(3072K), 0.0002329 secs]16.485: [CMS: 4993K->897K(6848K), 0.0021259 secs] 4993K->897K(9920K), [Metaspace: 3664K->3664K(1056768K)], 0.0024570 secs] [Times: user=0.00 sys=0.00, real=0.00 secs] 
16.488: [GC (CMS Initial Mark) [1 CMS-initial-mark: 4993K(6848K)] 4993K(9920K), 0.0003195 secs] [Times: user=0.00 sys=0.00, real=0.00 secs] 
16.488: [CMS-concurrent-mark-start]
16.488: [GC (Allocation Failure) 16.488: [ParNew: 0K->0K(3072K), 0.0003056 secs]16.488: [CMS16.497: [CMS-concurrent-mark: 0.001/0.009 secs] [Times: user=0.00 sys=0.00, real=0.01 secs] 
 (concurrent mode failure): 4993K->897K(6848K), 0.0114623 secs] 4993K->897K(9920K), [Metaspace: 3664K->3664K(1056768K)], 0.0118516 secs] [Times: user=0.00 sys=0.00, real=0.01 secs] 
16.500: [GC (Allocation Failure) 16.500: [ParNew: 0K->0K(3072K), 0.0003813 secs]16.501: [CMS: 4993K->897K(6848K), 0.0023313 secs] 4993K->897K(9920K), [Metaspace: 3664K->3664K(1056768K)], 0.0028175 secs] [Times: user=0.00 sys=0.00, real=0.00 secs] 
16.503: [GC (CMS Initial Mark) [1 CMS-initial-mark: 4993K(6848K)] 4993K(9920K), 0.0001483 secs] [Times: user=0.00 sys=0.00, real=0.00 secs] 
16.504: [CMS-concurrent-mark-start]
16.504: [GC (Allocation Failure) 16.504: [ParNew: 0K->0K(3072K), 0.0003003 secs]16.504: [CMS16.513: [CMS-concurrent-mark: 0.002/0.010 secs] [Times: user=0.00 sys=0.00, real=0.01 secs] 
 (concurrent mode failure): 4993K->897K(6848K), 0.0121278 secs] 4993K->897K(9920K), [Metaspace: 3664K->3664K(1056768K)], 0.0125146 secs] [Times: user=0.00 sys=0.00, real=0.01 secs] 
16.517: [GC (Allocation Failure) 16.517: [ParNew: 0K->0K(3072K), 0.0003089 secs]16.517: [CMS: 4993K->897K(6848K), 0.0020098 secs] 4993K->897K(9920K), [Metaspace: 3664K->3664K(1056768K)], 0.0023992 secs] [Times: user=0.00 sys=0.00, real=0.00 secs] 
16.519: [GC (CMS Initial Mark) [1 CMS-initial-mark: 4993K(6848K)] 4993K(9920K), 0.0001283 secs] [Times: user=0.00 sys=0.00, real=0.00 secs] 
16.520: [CMS-concurrent-mark-start]
16.520: [GC (Allocation Failure) 16.520: [ParNew: 0K->0K(3072K), 0.0002584 secs]16.520: [CMS16.528: [CMS-concurrent-mark: 0.002/0.009 secs] [Times: user=0.00 sys=0.00, real=0.01 secs] 
 (concurrent mode failure): 4993K->897K(6848K), 0.0107387 secs] 4993K->897K(9920K), [Metaspace: 3664K->3664K(1056768K)], 0.0110791 secs] [Times: user=0.00 sys=0.00, real=0.01 secs] 
16.531: [GC (Allocation Failure) 16.531: [ParNew: 0K->0K(3072K), 0.0002316 secs]16.531: [CMS: 4993K->897K(6848K), 0.0019500 secs] 4993K->897K(9920K), [Metaspace: 3664K->3664K(1056768K)], 0.0022507 secs] [Times: user=0.00 sys=0.00, real=0.00 secs] 
16.534: [GC (CMS Initial Mark) [1 CMS-initial-mark: 4993K(6848K)] 4993K(9920K), 0.0001689 secs] [Times: user=0.00 sys=0.00, real=0.00 secs] 
16.534: [CMS-concurrent-mark-start]
16.534: [GC (Allocation Failure) 16.534: [ParNew: 0K->0K(3072K), 0.0002254 secs]16.534: [CMS16.544: [CMS-concurrent-mark: 0.002/0.010 secs] [Times: user=0.00 sys=0.00, real=0.01 secs] 
 (concurrent mode failure): 4993K->897K(6848K), 0.0121722 secs] 4993K->897K(9920K), [Metaspace: 3664K->3664K(1056768K)], 0.0124735 secs] [Times: user=0.00 sys=0.00, real=0.01 secs] 
16.547: [GC (Allocation Failure) 16.547: [ParNew: 0K->0K(3072K), 0.0002731 secs]16.547: [CMS: 4993K->897K(6848K), 0.0020065 secs] 4993K->897K(9920K), [Metaspace: 3664K->3664K(1056768K)], 0.0023484 secs] [Times: user=0.00 sys=0.00, real=0.00 secs] 
16.550: [GC (CMS Initial Mark) [1 CMS-initial-mark: 4993K(6848K)] 4993K(9920K), 0.0001589 secs] [Times: user=0.00 sys=0.00, real=0.00 secs] 
16.550: [CMS-concurrent-mark-start]
16.550: [GC (Allocation Failure) 16.550: [ParNew: 0K->0K(3072K), 0.0002086 secs]16.550: [CMS16.560: [CMS-concurrent-mark: 0.002/0.010 secs] [Times: user=0.00 sys=0.00, real=0.01 secs] 
 (concurrent mode failure): 4993K->897K(6848K), 0.0119219 secs] 4993K->897K(9920K), [Metaspace: 3664K->3664K(1056768K)], 0.0121970 secs] [Times: user=0.00 sys=0.00, real=0.01 secs] 
16.562: [GC (Allocation Failure) 16.562: [ParNew: 0K->0K(3072K), 0.0002528 secs]16.563: [CMS: 4993K->897K(6848K), 0.0018127 secs] 4993K->897K(9920K), [Metaspace: 3664K->3664K(1056768K)], 0.0021247 secs] [Times: user=0.00 sys=0.00, real=0.00 secs] 
16.565: [GC (CMS Initial Mark) [1 CMS-initial-mark: 4993K(6848K)] 4993K(9920K), 0.0000780 secs] [Times: user=0.00 sys=0.00, real=0.00 secs] 
16.565: [CMS-concurrent-mark-start]
16.565: [GC (Allocation Failure) 16.565: [ParNew: 0K->0K(3072K), 0.0001825 secs]16.565: [CMS16.575: [CMS-concurrent-mark: 0.001/0.010 secs] [Times: user=0.00 sys=0.00, real=0.01 secs] 
 (concurrent mode failure): 4993K->897K(6848K), 0.0119734 secs] 4993K->897K(9920K), [Metaspace: 3664K->3664K(1056768K)], 0.0122245 secs] [Times: user=0.00 sys=0.00, real=0.01 secs] 
16.578: [GC (Allocation Failure) 16.578: [ParNew: 0K->0K(3072K), 0.0002237 secs]16.578: [CMS: 4993K->897K(6848K), 0.0017927 secs] 4993K->897K(9920K), [Metaspace: 3664K->3664K(1056768K)], 0.0020733 secs] [Times: user=0.00 sys=0.00, real=0.00 secs] 
16.580: [GC (CMS Initial Mark) [1 CMS-initial-mark: 4993K(6848K)] 4993K(9920K), 0.0001161 secs] [Times: user=0.00 sys=0.00, real=0.00 secs] 
16.580: [CMS-concurrent-mark-start]
16.580: [GC (Allocation Failure) 16.580: [ParNew: 0K->0K(3072K), 0.0002258 secs]16.581: [CMS16.591: [CMS-concurrent-mark: 0.001/0.011 secs] [Times: user=0.00 sys=0.00, real=0.01 secs] 
 (concurrent mode failure): 4993K->897K(6848K), 0.0127791 secs] 4993K->897K(9920K), [Metaspace: 3664K->3664K(1056768K)], 0.0130789 secs] [Times: user=0.00 sys=0.00, real=0.01 secs] 
16.594: [GC (Allocation Failure) 16.594: [ParNew: 0K->0K(3072K), 0.0003048 secs]16.594: [CMS: 4993K->897K(6848K), 0.0019079 secs] 4993K->897K(9920K), [Metaspace: 3664K->3664K(1056768K)], 0.0022835 secs] [Times: user=0.00 sys=0.00, real=0.00 secs] 
16.596: [GC (CMS Initial Mark) [1 CMS-initial-mark: 4993K(6848K)] 4993K(9920K), 0.0001894 secs] [Times: user=0.00 sys=0.00, real=0.00 secs] 
16.597: [CMS-concurrent-mark-start]
16.597: [GC (Allocation Failure) 16.597: [ParNew: 0K->0K(3072K), 0.0002147 secs]16.597: [CMS16.607: [CMS-concurrent-mark: 0.001/0.010 secs] [Times: user=0.00 sys=0.00, real=0.01 secs] 
 (concurrent mode failure): 4993K->897K(6848K), 0.0122998 secs] 4993K->897K(9920K), [Metaspace: 3664K->3664K(1056768K)], 0.0125934 secs] [Times: user=0.00 sys=0.00, real=0.01 secs] 
16.610: [GC (Allocation Failure) 16.610: [ParNew: 0K->0K(3072K), 0.0002094 secs]16.610: [CMS: 4993K->897K(6848K), 0.0017500 secs] 4993K->897K(9920K), [Metaspace: 3664K->3664K(1056768K)], 0.0020183 secs] [Times: user=0.00 sys=0.00, real=0.00 secs] 
16.612: [GC (CMS Initial Mark) [1 CMS-initial-mark: 4993K(6848K)] 4993K(9920K), 0.0001161 secs] [Times: user=0.00 sys=0.00, real=0.00 secs] 
16.612: [CMS-concurrent-mark-start]
16.612: [GC (Allocation Failure) 16.612: [ParNew: 0K->0K(3072K), 0.0001587 secs]16.612: [CMS16.622: [CMS-concurrent-mark: 0.002/0.010 secs] [Times: user=0.00 sys=0.00, real=0.01 secs] 
 (concurrent mode failure): 4993K->897K(6848K), 0.0123074 secs] 4993K->897K(9920K), [Metaspace: 3664K->3664K(1056768K)], 0.0125298 secs] [Times: user=0.00 sys=0.00, real=0.01 secs] 
16.625: [GC (Allocation Failure) 16.625: [ParNew: 0K->0K(3072K), 0.0002137 secs]16.625: [CMS: 4993K->897K(6848K), 0.0017679 secs] 4993K->897K(9920K), [Metaspace: 3664K->3664K(1056768K)], 0.0020396 secs] [Times: user=0.00 sys=0.00, real=0.00 secs] 
16.627: [GC (CMS Initial Mark) [1 CMS-initial-mark: 4993K(6848K)] 4993K(9920K), 0.0001983 secs] [Times: user=0.00 sys=0.00, real=0.00 secs] 
16.628: [CMS-concurrent-mark-start]
16.628: [GC (Allocation Failure) 16.628: [ParNew: 0K->0K(3072K), 0.0002140 secs]16.628: [CMS16.638: [CMS-concurrent-mark: 0.002/0.010 secs] [Times: user=0.00 sys=0.00, real=0.01 secs] 
 (concurrent mode failure): 4993K->897K(6848K), 0.0127277 secs] 4993K->897K(9920K), [Metaspace: 3664K->3664K(1056768K)], 0.0130127 secs] [Times: user=0.00 sys=0.00, real=0.01 secs] 
16.641: [GC (Allocation Failure) 16.641: [ParNew: 0K->0K(3072K), 0.0002010 secs]16.641: [CMS: 4993K->897K(6848K), 0.0018691 secs] 4993K->897K(9920K), [Metaspace: 3664K->3664K(1056768K)], 0.0021301 secs] [Times: user=0.00 sys=0.00, real=0.00 secs] 
16.643: [GC (CMS Initial Mark) [1 CMS-initial-mark: 4993K(6848K)] 4993K(9920K), 0.0001229 secs] [Times: user=0.00 sys=0.00, real=0.00 secs] 
16.644: [CMS-concurrent-mark-start]
16.644: [GC (Allocation Failure) 16.644: [ParNew: 0K->0K(3072K), 0.0002002 secs]16.644: [CMS16.653: [CMS-concurrent-mark: 0.001/0.010 secs] [Times: user=0.00 sys=0.00, real=0.01 secs] 
 (concurrent mode failure): 4993K->897K(6848K), 0.0124091 secs] 4993K->897K(9920K), [Metaspace: 3664K->3664K(1056768K)], 0.0126884 secs] [Times: user=0.00 sys=0.00, real=0.01 secs] 
16.657: [GC (Allocation Failure) 16.657: [ParNew: 0K->0K(3072K), 0.0004608 secs]16.657: [CMS: 4993K->897K(6848K), 0.0025140 secs] 4993K->897K(9920K), [Metaspace: 3664K->3664K(1056768K)], 0.0031073 secs] [Times: user=0.00 sys=0.00, real=0.00 secs] 
16.660: [GC (CMS Initial Mark) [1 CMS-initial-mark: 4993K(6848K)] 4993K(9920K), 0.0001324 secs] [Times: user=0.00 sys=0.00, real=0.00 secs] 
16.660: [CMS-concurrent-mark-start]
16.660: [GC (Allocation Failure) 16.661: [ParNew: 0K->0K(3072K), 0.0002346 secs]16.661: [CMS16.669: [CMS-concurrent-mark: 0.002/0.008 secs] [Times: user=0.02 sys=0.00, real=0.01 secs] 
 (concurrent mode failure): 4993K->897K(6848K), 0.0109310 secs] 4993K->897K(9920K), [Metaspace: 3664K->3664K(1056768K)], 0.0112739 secs] [Times: user=0.02 sys=0.00, real=0.01 secs] 
16.672: [GC (Allocation Failure) 16.672: [ParNew: 0K->0K(3072K), 0.0003059 secs]16.673: [CMS: 4993K->897K(6848K), 0.0021113 secs] 4993K->897K(9920K), [Metaspace: 3664K->3664K(1056768K)], 0.0024984 secs] [Times: user=0.00 sys=0.00, real=0.00 secs] 
16.675: [GC (CMS Initial Mark) [1 CMS-initial-mark: 4993K(6848K)] 4993K(9920K), 0.0000823 secs] [Times: user=0.00 sys=0.00, real=0.00 secs] 
16.675: [CMS-concurrent-mark-start]
16.675: [GC (Allocation Failure) 16.675: [ParNew: 0K->0K(3072K), 0.0001862 secs]16.675: [CMS16.684: [CMS-concurrent-mark: 0.001/0.008 secs] [Times: user=0.00 sys=0.00, real=0.01 secs] 
 (concurrent mode failure): 4993K->897K(6848K), 0.0103260 secs] 4993K->897K(9920K), [Metaspace: 3664K->3664K(1056768K)], 0.0105975 secs] [Times: user=0.00 sys=0.00, real=0.01 secs] 
16.686: [GC (Allocation Failure) 16.686: [ParNew: 0K->0K(3072K), 0.0003157 secs]16.687: [CMS: 4993K->897K(6848K), 0.0026835 secs] 4993K->897K(9920K), [Metaspace: 3664K->3664K(1056768K)], 0.0030989 secs] [Times: user=0.00 sys=0.00, real=0.00 secs] 
16.690: [GC (CMS Initial Mark) [1 CMS-initial-mark: 4993K(6848K)] 4993K(9920K), 0.0001348 secs] [Times: user=0.00 sys=0.00, real=0.00 secs] 
16.690: [CMS-concurrent-mark-start]
16.690: [GC (Allocation Failure) 16.690: [ParNew: 0K->0K(3072K), 0.0002331 secs]16.690: [CMS16.699: [CMS-concurrent-mark: 0.002/0.009 secs] [Times: user=0.00 sys=0.00, real=0.01 secs] 
 (concurrent mode failure): 4993K->897K(6848K), 0.0116872 secs] 4993K->897K(9920K), [Metaspace: 3664K->3664K(1056768K)], 0.0119963 secs] [Times: user=0.00 sys=0.00, real=0.01 secs] 
16.702: [GC (Allocation Failure) 16.702: [ParNew: 0K->0K(3072K), 0.0002631 secs]16.703: [CMS: 4993K->897K(6848K), 0.0028352 secs] 4993K->897K(9920K), [Metaspace: 3664K->3664K(1056768K)], 0.0031720 secs] [Times: user=0.00 sys=0.00, real=0.00 secs] 
16.706: [GC (CMS Initial Mark) [1 CMS-initial-mark: 4993K(6848K)] 4993K(9920K), 0.0001318 secs] [Times: user=0.00 sys=0.00, real=0.00 secs] 
16.706: [CMS-concurrent-mark-start]
16.706: [GC (Allocation Failure) 16.706: [ParNew: 0K->0K(3072K), 0.0002166 secs]16.706: [CMS16.715: [CMS-concurrent-mark: 0.002/0.008 secs] [Times: user=0.00 sys=0.00, real=0.01 secs] 
 (concurrent mode failure): 4993K->897K(6848K), 0.0103264 secs] 4993K->897K(9920K), [Metaspace: 3664K->3664K(1056768K)], 0.0106248 secs] [Times: user=0.00 sys=0.00, real=0.01 secs] 
16.717: [GC (Allocation Failure) 16.717: [ParNew: 0K->0K(3072K), 0.0002164 secs]16.717: [CMS: 4993K->897K(6848K), 0.0017785 secs] 4993K->897K(9920K), [Metaspace: 3664K->3664K(1056768K)], 0.0020579 secs] [Times: user=0.00 sys=0.00, real=0.00 secs] 
16.720: [GC (CMS Initial Mark) [1 CMS-initial-mark: 4993K(6848K)] 4993K(9920K), 0.0001033 secs] [Times: user=0.00 sys=0.00, real=0.00 secs] 
16.720: [CMS-concurrent-mark-start]
16.720: [GC (Allocation Failure) 16.720: [ParNew: 0K->0K(3072K), 0.0002498 secs]16.720: [CMS16.730: [CMS-concurrent-mark: 0.001/0.010 secs] [Times: user=0.00 sys=0.00, real=0.01 secs] 
 (concurrent mode failure): 4993K->897K(6848K), 0.0120731 secs] 4993K->897K(9920K), [Metaspace: 3664K->3664K(1056768K)], 0.0124023 secs] [Times: user=0.00 sys=0.00, real=0.01 secs] 
16.732: [GC (Allocation Failure) 16.732: [ParNew: 0K->0K(3072K), 0.0002624 secs]16.733: [CMS: 4993K->897K(6848K), 0.0018376 secs] 4993K->897K(9920K), [Metaspace: 3664K->3664K(1056768K)], 0.0021632 secs] [Times: user=0.00 sys=0.00, real=0.00 secs] 
16.735: [GC (CMS Initial Mark) [1 CMS-initial-mark: 4993K(6848K)] 4993K(9920K), 0.0001154 secs] [Times: user=0.00 sys=0.00, real=0.00 secs] 
16.735: [CMS-concurrent-mark-start]
16.735: [GC (Allocation Failure) 16.735: [ParNew: 0K->0K(3072K), 0.0001952 secs]16.735: [CMS16.746: [CMS-concurrent-mark: 0.002/0.011 secs] [Times: user=0.00 sys=0.00, real=0.01 secs] 
 (concurrent mode failure): 4993K->897K(6848K), 0.0125770 secs] 4993K->897K(9920K), [Metaspace: 3664K->3664K(1056768K)], 0.0128428 secs] [Times: user=0.00 sys=0.00, real=0.01 secs] 
16.748: [GC (Allocation Failure) 16.748: [ParNew: 0K->0K(3072K), 0.0002162 secs]16.749: [CMS: 4993K->897K(6848K), 0.0017449 secs] 4993K->897K(9920K), [Metaspace: 3664K->3664K(1056768K)], 0.0020193 secs] [Times: user=0.00 sys=0.00, real=0.00 secs] 
16.751: [GC (CMS Initial Mark) [1 CMS-initial-mark: 4993K(6848K)] 4993K(9920K), 0.0001164 secs] [Times: user=0.00 sys=0.00, real=0.00 secs] 
16.751: [CMS-concurrent-mark-start]
16.751: [GC (Allocation Failure) 16.751: [ParNew: 0K->0K(3072K), 0.0001901 secs]16.751: [CMS16.761: [CMS-concurrent-mark: 0.001/0.010 secs] [Times: user=0.00 sys=0.00, real=0.01 secs] 
 (concurrent mode failure): 4993K->897K(6848K), 0.0118920 secs] 4993K->897K(9920K), [Metaspace: 3664K->3664K(1056768K)], 0.0121481 secs] [Times: user=0.00 sys=0.00, real=0.01 secs] 
16.763: [GC (Allocation Failure) 16.763: [ParNew: 0K->0K(3072K), 0.0001940 secs]16.764: [CMS: 4993K->897K(6848K), 0.0016932 secs] 4993K->897K(9920K), [Metaspace: 3664K->3664K(1056768K)], 0.0019405 secs] [Times: user=0.00 sys=0.00, real=0.00 secs] 
16.766: [GC (CMS Initial Mark) [1 CMS-initial-mark: 4993K(6848K)] 4993K(9920K), 0.0001179 secs] [Times: user=0.00 sys=0.00, real=0.00 secs] 
16.766: [CMS-concurrent-mark-start]
16.766: [GC (Allocation Failure) 16.766: [ParNew: 0K->0K(3072K), 0.0001712 secs]16.766: [CMS16.777: [CMS-concurrent-mark: 0.002/0.012 secs] [Times: user=0.00 sys=0.00, real=0.01 secs] 
 (concurrent mode failure): 4993K->897K(6848K), 0.0137107 secs] 4993K->897K(9920K), [Metaspace: 3664K->3664K(1056768K)], 0.0139490 secs] [Times: user=0.00 sys=0.00, real=0.01 secs] 
16.780: [GC (Allocation Failure) 16.780: [ParNew: 0K->0K(3072K), 0.0002079 secs]16.780: [CMS: 4993K->897K(6848K), 0.0019559 secs] 4993K->897K(9920K), [Metaspace: 3664K->3664K(1056768K)], 0.0022305 secs] [Times: user=0.00 sys=0.00, real=0.00 secs] 
16.783: [GC (CMS Initial Mark) [1 CMS-initial-mark: 4993K(6848K)] 4993K(9920K), 0.0002518 secs] [Times: user=0.00 sys=0.00, real=0.00 secs] 
16.783: [CMS-concurrent-mark-start]
16.783: [GC (Allocation Failure) 16.783: [ParNew: 0K->0K(3072K), 0.0002150 secs]16.783: [CMS16.793: [CMS-concurrent-mark: 0.002/0.010 secs] [Times: user=0.00 sys=0.00, real=0.01 secs] 
 (concurrent mode failure): 4993K->897K(6848K), 0.0120960 secs] 4993K->897K(9920K), [Metaspace: 3664K->3664K(1056768K)], 0.0123757 secs] [Times: user=0.00 sys=0.00, real=0.01 secs] 
16.796: [GC (Allocation Failure) 16.796: [ParNew: 0K->0K(3072K), 0.0002518 secs]16.796: [CMS: 4993K->897K(6848K), 0.0018467 secs] 4993K->897K(9920K), [Metaspace: 3664K->3664K(1056768K)], 0.0021738 secs] [Times: user=0.00 sys=0.00, real=0.00 secs] 
16.798: [GC (CMS Initial Mark) [1 CMS-initial-mark: 4993K(6848K)] 4993K(9920K), 0.0001164 secs] [Times: user=0.00 sys=0.00, real=0.00 secs] 
16.798: [CMS-concurrent-mark-start]
16.799: [GC (Allocation Failure) 16.799: [ParNew: 0K->0K(3072K), 0.0002487 secs]16.799: [CMS16.808: [CMS-concurrent-mark: 0.002/0.010 secs] [Times: user=0.00 sys=0.00, real=0.01 secs] 
 (concurrent mode failure): 4993K->897K(6848K), 0.0117888 secs] 4993K->897K(9920K), [Metaspace: 3664K->3664K(1056768K)], 0.0121082 secs] [Times: user=0.00 sys=0.00, real=0.01 secs] 
16.811: [GC (Allocation Failure) 16.811: [ParNew: 0K->0K(3072K), 0.0002107 secs]16.811: [CMS: 4993K->897K(6848K), 0.0017551 secs] 4993K->897K(9920K), [Metaspace: 3664K->3664K(1056768K)], 0.0020450 secs] [Times: user=0.00 sys=0.00, real=0.00 secs] 
16.813: [GC (CMS Initial Mark) [1 CMS-initial-mark: 4993K(6848K)] 4993K(9920K), 0.0001277 secs] [Times: user=0.00 sys=0.00, real=0.00 secs] 
16.814: [CMS-concurrent-mark-start]
16.814: [GC (Allocation Failure) 16.814: [ParNew: 0K->0K(3072K), 0.0002995 secs]16.814: [CMS16.824: [CMS-concurrent-mark: 0.001/0.010 secs] [Times: user=0.00 sys=0.00, real=0.01 secs] 
 (concurrent mode failure): 4993K->897K(6848K), 0.0114681 secs] 4993K->897K(9920K), [Metaspace: 3664K->3664K(1056768K)], 0.0118307 secs] [Times: user=0.00 sys=0.00, real=0.01 secs] 
16.826: [GC (Allocation Failure) 16.826: [ParNew: 0K->0K(3072K), 0.0002462 secs]16.826: [CMS: 4993K->897K(6848K), 0.0019003 secs] 4993K->897K(9920K), [Metaspace: 3664K->3664K(1056768K)], 0.0022244 secs] [Times: user=0.00 sys=0.00, real=0.00 secs] 
16.828: [GC (CMS Initial Mark) [1 CMS-initial-mark: 4993K(6848K)] 4993K(9920K), 0.0000983 secs] [Times: user=0.00 sys=0.00, real=0.00 secs] 
16.829: [CMS-concurrent-mark-start]
16.829: [GC (Allocation Failure) 16.829: [ParNew: 0K->0K(3072K), 0.0002495 secs]16.829: [CMS16.839: [CMS-concurrent-mark: 0.001/0.011 secs] [Times: user=0.00 sys=0.00, real=0.01 secs] 
 (concurrent mode failure): 4993K->897K(6848K), 0.0122936 secs] 4993K->897K(9920K), [Metaspace: 3664K->3664K(1056768K)], 0.0126103 secs] [Times: user=0.00 sys=0.00, real=0.01 secs] 
16.842: [GC (Allocation Failure) 16.842: [ParNew: 0K->0K(3072K), 0.0002625 secs]16.842: [CMS: 4993K->897K(6848K), 0.0017425 secs] 4993K->897K(9920K), [Metaspace: 3664K->3664K(1056768K)], 0.0020660 secs] [Times: user=0.00 sys=0.00, real=0.00 secs] 
16.844: [GC (CMS Initial Mark) [1 CMS-initial-mark: 4993K(6848K)] 4993K(9920K), 0.0001352 secs] [Times: user=0.00 sys=0.00, real=0.00 secs] 
16.844: [CMS-concurrent-mark-start]
16.844: [GC (Allocation Failure) 16.844: [ParNew: 0K->0K(3072K), 0.0003329 secs]16.845: [CMS16.855: [CMS-concurrent-mark: 0.002/0.011 secs] [Times: user=0.00 sys=0.00, real=0.01 secs] 
 (concurrent mode failure): 4993K->897K(6848K), 0.0136212 secs] 4993K->897K(9920K), [Metaspace: 3664K->3664K(1056768K)], 0.0140283 secs] [Times: user=0.00 sys=0.00, real=0.01 secs] 
16.859: [GC (Allocation Failure) 16.859: [ParNew: 0K->0K(3072K), 0.0003937 secs]16.859: [CMS: 4993K->897K(6848K), 0.0019210 secs] 4993K->897K(9920K), [Metaspace: 3664K->3664K(1056768K)], 0.0023841 secs] [Times: user=0.00 sys=0.00, real=0.00 secs] 
16.861: [GC (CMS Initial Mark) [1 CMS-initial-mark: 4993K(6848K)] 4993K(9920K), 0.0002664 secs] [Times: user=0.00 sys=0.00, real=0.00 secs] 
16.862: [CMS-concurrent-mark-start]
16.862: [GC (Allocation Failure) 16.862: [ParNew: 0K->0K(3072K), 0.0002161 secs]16.862: [CMS16.871: [CMS-concurrent-mark: 0.002/0.010 secs] [Times: user=0.00 sys=0.00, real=0.01 secs] 
 (concurrent mode failure): 4993K->897K(6848K), 0.0125097 secs] 4993K->897K(9920K), [Metaspace: 3664K->3664K(1056768K)], 0.0128069 secs] [Times: user=0.00 sys=0.00, real=0.01 secs] 
16.875: [GC (Allocation Failure) 16.875: [ParNew: 0K->0K(3072K), 0.0002785 secs]16.875: [CMS: 4993K->897K(6848K), 0.0033569 secs] 4993K->897K(9920K), [Metaspace: 3664K->3664K(1056768K)], 0.0037207 secs] [Times: user=0.00 sys=0.00, real=0.00 secs] 
16.879: [GC (CMS Initial Mark) [1 CMS-initial-mark: 4993K(6848K)] 4993K(9920K), 0.0001405 secs] [Times: user=0.00 sys=0.00, real=0.00 secs] 
16.879: [CMS-concurrent-mark-start]
16.879: [GC (Allocation Failure) 16.879: [ParNew: 0K->0K(3072K), 0.0002669 secs]16.880: [CMS16.887: [CMS-concurrent-mark: 0.002/0.008 secs] [Times: user=0.00 sys=0.00, real=0.01 secs] 
 (concurrent mode failure): 4993K->897K(6848K), 0.0117618 secs] 4993K->897K(9920K), [Metaspace: 3664K->3664K(1056768K)], 0.0121364 secs] [Times: user=0.00 sys=0.00, real=0.01 secs] 
16.892: [GC (Allocation Failure) 16.892: [ParNew: 0K->0K(3072K), 0.0005896 secs]16.893: [CMS: 4993K->897K(6848K), 0.0032366 secs] 4993K->897K(9920K), [Metaspace: 3664K->3664K(1056768K)], 0.0039417 secs] [Times: user=0.01 sys=0.00, real=0.00 secs] 
16.896: [GC (CMS Initial Mark) [1 CMS-initial-mark: 4993K(6848K)] 4993K(9920K), 0.0001397 secs] [Times: user=0.00 sys=0.00, real=0.00 secs] 
16.896: [CMS-concurrent-mark-start]
16.897: [GC (Allocation Failure) 16.897: [ParNew: 0K->0K(3072K), 0.0002890 secs]16.897: [CMS16.902: [CMS-concurrent-mark: 0.001/0.006 secs] [Times: user=0.00 sys=0.00, real=0.01 secs] 
 (concurrent mode failure): 4993K->897K(6848K), 0.0101487 secs] 4993K->897K(9920K), [Metaspace: 3664K->3664K(1056768K)], 0.0105283 secs] [Times: user=0.00 sys=0.00, real=0.01 secs] 
16.907: [GC (Allocation Failure) 16.907: [ParNew: 0K->0K(3072K), 0.0002958 secs]16.908: [CMS: 4993K->897K(6848K), 0.0030071 secs] 4993K->897K(9920K), [Metaspace: 3664K->3664K(1056768K)], 0.0033905 secs] [Times: user=0.00 sys=0.00, real=0.00 secs] 
16.911: [GC (CMS Initial Mark) [1 CMS-initial-mark: 4993K(6848K)] 4993K(9920K), 0.0001707 secs] [Times: user=0.00 sys=0.00, real=0.00 secs] 
16.911: [CMS-concurrent-mark-start]
16.912: [GC (Allocation Failure) 16.912: [ParNew: 0K->0K(3072K), 0.0002406 secs]16.912: [CMS16.917: [CMS-concurrent-mark: 0.001/0.005 secs] [Times: user=0.00 sys=0.00, real=0.01 secs] 
 (concurrent mode failure): 4993K->897K(6848K), 0.0086596 secs] 4993K->897K(9920K), [Metaspace: 3664K->3664K(1056768K)], 0.0090089 secs] [Times: user=0.00 sys=0.00, real=0.01 secs] 
16.921: [GC (Allocation Failure) 16.921: [ParNew: 0K->0K(3072K), 0.0003423 secs]16.921: [CMS: 4993K->897K(6848K), 0.0029063 secs] 4993K->897K(9920K), [Metaspace: 3664K->3664K(1056768K)], 0.0033481 secs] [Times: user=0.00 sys=0.00, real=0.00 secs] 
16.925: [GC (CMS Initial Mark) [1 CMS-initial-mark: 4993K(6848K)] 4993K(9920K), 0.0000973 secs] [Times: user=0.00 sys=0.00, real=0.00 secs] 
16.925: [CMS-concurrent-mark-start]
16.925: [GC (Allocation Failure) 16.925: [ParNew: 0K->0K(3072K), 0.0002858 secs]16.925: [CMS16.933: [CMS-concurrent-mark: 0.002/0.008 secs] [Times: user=0.00 sys=0.00, real=0.01 secs] 
 (concurrent mode failure): 4993K->897K(6848K), 0.0105834 secs] 4993K->897K(9920K), [Metaspace: 3664K->3664K(1056768K)], 0.0109416 secs] [Times: user=0.00 sys=0.00, real=0.01 secs] 
16.936: [GC (Allocation Failure) 16.936: [ParNew: 0K->0K(3072K), 0.0003012 secs]16.937: [CMS: 4993K->897K(6848K), 0.0030123 secs] 4993K->897K(9920K), [Metaspace: 3664K->3664K(1056768K)], 0.0034054 secs] [Times: user=0.00 sys=0.00, real=0.00 secs] 
16.940: [GC (CMS Initial Mark) [1 CMS-initial-mark: 4993K(6848K)] 4993K(9920K), 0.0001989 secs] [Times: user=0.00 sys=0.00, real=0.00 secs] 
16.940: [CMS-concurrent-mark-start]
16.940: [GC (Allocation Failure) 16.941: [ParNew: 0K->0K(3072K), 0.0002965 secs]16.941: [CMS16.948: [CMS-concurrent-mark: 0.001/0.007 secs] [Times: user=0.00 sys=0.00, real=0.01 secs] 
 (concurrent mode failure): 4993K->897K(6848K), 0.0089771 secs] 4993K->897K(9920K), [Metaspace: 3664K->3664K(1056768K)], 0.0093597 secs] [Times: user=0.00 sys=0.00, real=0.01 secs] 
16.950: [GC (Allocation Failure) 16.950: [ParNew: 0K->0K(3072K), 0.0002508 secs]16.950: [CMS: 4993K->897K(6848K), 0.0018059 secs] 4993K->897K(9920K), [Metaspace: 3664K->3664K(1056768K)], 0.0021154 secs] [Times: user=0.00 sys=0.00, real=0.00 secs] 
16.953: [GC (CMS Initial Mark) [1 CMS-initial-mark: 4993K(6848K)] 4993K(9920K), 0.0001366 secs] [Times: user=0.00 sys=0.00, real=0.00 secs] 
16.953: [CMS-concurrent-mark-start]
16.953: [GC (Allocation Failure) 16.953: [ParNew: 0K->0K(3072K), 0.0002859 secs]16.953: [CMS16.963: [CMS-concurrent-mark: 0.001/0.010 secs] [Times: user=0.00 sys=0.00, real=0.01 secs] 
 (concurrent mode failure): 4993K->897K(6848K), 0.0117281 secs] 4993K->897K(9920K), [Metaspace: 3664K->3664K(1056768K)], 0.0120923 secs] [Times: user=0.00 sys=0.00, real=0.01 secs] 
16.965: [GC (Allocation Failure) 16.965: [ParNew: 0K->0K(3072K), 0.0002604 secs]16.966: [CMS: 4993K->897K(6848K), 0.0018046 secs] 4993K->897K(9920K), [Metaspace: 3664K->3664K(1056768K)], 0.0021332 secs] [Times: user=0.00 sys=0.00, real=0.00 secs] 
16.968: [GC (CMS Initial Mark) [1 CMS-initial-mark: 4993K(6848K)] 4993K(9920K), 0.0002028 secs] [Times: user=0.00 sys=0.00, real=0.00 secs] 
16.968: [CMS-concurrent-mark-start]
16.968: [GC (Allocation Failure) 16.968: [ParNew: 0K->0K(3072K), 0.0002032 secs]16.968: [CMS16.979: [CMS-concurrent-mark: 0.001/0.011 secs] [Times: user=0.00 sys=0.00, real=0.01 secs] 
 (concurrent mode failure): 4993K->897K(6848K), 0.0126839 secs] 4993K->897K(9920K), [Metaspace: 3664K->3664K(1056768K)], 0.0129604 secs] [Times: user=0.00 sys=0.00, real=0.01 secs] 
16.982: [GC (Allocation Failure) 16.982: [ParNew: 0K->0K(3072K), 0.0002111 secs]16.982: [CMS: 4993K->897K(6848K), 0.0019224 secs] 4993K->897K(9920K), [Metaspace: 3664K->3664K(1056768K)], 0.0022225 secs] [Times: user=0.00 sys=0.00, real=0.00 secs] 
16.984: [GC (CMS Initial Mark) [1 CMS-initial-mark: 4993K(6848K)] 4993K(9920K), 0.0001147 secs] [Times: user=0.00 sys=0.00, real=0.00 secs] 
16.984: [CMS-concurrent-mark-start]
16.984: [GC (Allocation Failure) 16.984: [ParNew: 0K->0K(3072K), 0.0002029 secs]16.984: [CMS16.994: [CMS-concurrent-mark: 0.002/0.010 secs] [Times: user=0.00 sys=0.00, real=0.01 secs] 
 (concurrent mode failure): 4993K->897K(6848K), 0.0129956 secs] 4993K->897K(9920K), [Metaspace: 3664K->3664K(1056768K)], 0.0132634 secs] [Times: user=0.00 sys=0.00, real=0.01 secs] 
16.998: [GC (Allocation Failure) 16.998: [ParNew: 0K->0K(3072K), 0.0003605 secs]16.998: [CMS: 4993K->897K(6848K), 0.0023728 secs] 4993K->897K(9920K), [Metaspace: 3664K->3664K(1056768K)], 0.0028259 secs] [Times: user=0.00 sys=0.00, real=0.00 secs] 
17.001: [GC (CMS Initial Mark) [1 CMS-initial-mark: 4993K(6848K)] 4993K(9920K), 0.0001102 secs] [Times: user=0.00 sys=0.00, real=0.00 secs] 
17.001: [CMS-concurrent-mark-start]
17.001: [GC (Allocation Failure) 17.001: [ParNew: 0K->0K(3072K), 0.0002067 secs]17.002: [CMS17.010: [CMS-concurrent-mark: 0.002/0.009 secs] [Times: user=0.00 sys=0.00, real=0.01 secs] 
 (concurrent mode failure): 4993K->897K(6848K), 0.0112238 secs] 4993K->897K(9920K), [Metaspace: 3664K->3664K(1056768K)], 0.0115154 secs] [Times: user=0.00 sys=0.00, real=0.01 secs] 
17.013: [GC (Allocation Failure) 17.013: [ParNew: 0K->0K(3072K), 0.0002718 secs]17.014: [CMS: 4993K->897K(6848K), 0.0026211 secs] 4993K->897K(9920K), [Metaspace: 3664K->3664K(1056768K)], 0.0029710 secs] [Times: user=0.00 sys=0.00, real=0.00 secs] 
17.017: [GC (CMS Initial Mark) [1 CMS-initial-mark: 4993K(6848K)] 4993K(9920K), 0.0001182 secs] [Times: user=0.00 sys=0.00, real=0.00 secs] 
17.017: [CMS-concurrent-mark-start]
17.017: [GC (Allocation Failure) 17.017: [ParNew: 0K->0K(3072K), 0.0002199 secs]17.017: [CMS17.025: [CMS-concurrent-mark: 0.002/0.009 secs] [Times: user=0.00 sys=0.00, real=0.01 secs] 
 (concurrent mode failure): 4993K->897K(6848K), 0.0106909 secs] 4993K->897K(9920K), [Metaspace: 3664K->3664K(1056768K)], 0.0109806 secs] [Times: user=0.00 sys=0.00, real=0.01 secs] 
17.028: [GC (Allocation Failure) 17.028: [ParNew: 0K->0K(3072K), 0.0002301 secs]17.028: [CMS: 4993K->897K(6848K), 0.0018402 secs] 4993K->897K(9920K), [Metaspace: 3664K->3664K(1056768K)], 0.0021337 secs] [Times: user=0.00 sys=0.00, real=0.00 secs] 
17.031: [GC (CMS Initial Mark) [1 CMS-initial-mark: 4993K(6848K)] 4993K(9920K), 0.0001057 secs] [Times: user=0.00 sys=0.00, real=0.00 secs] 
17.031: [CMS-concurrent-mark-start]
17.031: [GC (Allocation Failure) 17.031: [ParNew: 0K->0K(3072K), 0.0002179 secs]17.031: [CMS17.041: [CMS-concurrent-mark: 0.002/0.011 secs] [Times: user=0.00 sys=0.00, real=0.01 secs] 
 (concurrent mode failure): 4993K->897K(6848K), 0.0124531 secs] 4993K->897K(9920K), [Metaspace: 3664K->3664K(1056768K)], 0.0127536 secs] [Times: user=0.00 sys=0.00, real=0.01 secs] 
17.044: [GC (Allocation Failure) 17.044: [ParNew: 0K->0K(3072K), 0.0002117 secs]17.044: [CMS: 4993K->897K(6848K), 0.0019110 secs] 4993K->897K(9920K), [Metaspace: 3664K->3664K(1056768K)], 0.0021868 secs] [Times: user=0.00 sys=0.00, real=0.00 secs] 
17.046: [GC (CMS Initial Mark) [1 CMS-initial-mark: 4993K(6848K)] 4993K(9920K), 0.0001058 secs] [Times: user=0.00 sys=0.00, real=0.00 secs] 
17.047: [CMS-concurrent-mark-start]
17.047: [GC (Allocation Failure) 17.047: [ParNew: 0K->0K(3072K), 0.0002612 secs]17.047: [CMS17.057: [CMS-concurrent-mark: 0.001/0.011 secs] [Times: user=0.00 sys=0.00, real=0.01 secs] 
 (concurrent mode failure): 4993K->897K(6848K), 0.0124350 secs] 4993K->897K(9920K), [Metaspace: 3664K->3664K(1056768K)], 0.0127772 secs] [Times: user=0.00 sys=0.00, real=0.01 secs] 
17.060: [GC (Allocation Failure) 17.060: [ParNew: 0K->0K(3072K), 0.0002388 secs]17.060: [CMS: 4993K->897K(6848K), 0.0018320 secs] 4993K->897K(9920K), [Metaspace: 3664K->3664K(1056768K)], 0.0021510 secs] [Times: user=0.00 sys=0.00, real=0.00 secs] 
17.062: [GC (CMS Initial Mark) [1 CMS-initial-mark: 4993K(6848K)] 4993K(9920K), 0.0001201 secs] [Times: user=0.00 sys=0.00, real=0.00 secs] 
17.062: [CMS-concurrent-mark-start]
17.063: [GC (Allocation Failure) 17.063: [ParNew: 0K->0K(3072K), 0.0002840 secs]17.063: [CMS17.073: [CMS-concurrent-mark: 0.002/0.011 secs] [Times: user=0.00 sys=0.00, real=0.01 secs] 
 (concurrent mode failure): 4993K->897K(6848K), 0.0134183 secs] 4993K->897K(9920K), [Metaspace: 3664K->3664K(1056768K)], 0.0137750 secs] [Times: user=0.00 sys=0.00, real=0.01 secs] 
17.077: [GC (Allocation Failure) 17.077: [ParNew: 0K->0K(3072K), 0.0003346 secs]17.077: [CMS: 4993K->897K(6848K), 0.0027363 secs] 4993K->897K(9920K), [Metaspace: 3664K->3664K(1056768K)], 0.0031528 secs] [Times: user=0.00 sys=0.00, real=0.00 secs] 
17.080: [GC (CMS Initial Mark) [1 CMS-initial-mark: 4993K(6848K)] 4993K(9920K), 0.0001264 secs] [Times: user=0.00 sys=0.00, real=0.00 secs] 
17.081: [CMS-concurrent-mark-start]
17.081: [GC (Allocation Failure) 17.081: [ParNew: 0K->0K(3072K), 0.0002578 secs]17.081: [CMS17.089: [CMS-concurrent-mark: 0.001/0.008 secs] [Times: user=0.00 sys=0.00, real=0.01 secs] 
 (concurrent mode failure): 4993K->897K(6848K), 0.0107241 secs] 4993K->897K(9920K), [Metaspace: 3664K->3664K(1056768K)], 0.0110818 secs] [Times: user=0.00 sys=0.00, real=0.01 secs] 
17.092: [GC (Allocation Failure) 17.092: [ParNew: 0K->0K(3072K), 0.0002546 secs]17.092: [CMS: 4993K->897K(6848K), 0.0020288 secs] 4993K->897K(9920K), [Metaspace: 3664K->3664K(1056768K)], 0.0023526 secs] [Times: user=0.00 sys=0.00, real=0.00 secs] 
17.095: [GC (CMS Initial Mark) [1 CMS-initial-mark: 4993K(6848K)] 4993K(9920K), 0.0001531 secs] [Times: user=0.00 sys=0.00, real=0.00 secs] 
17.095: [CMS-concurrent-mark-start]
17.095: [GC (Allocation Failure) 17.095: [ParNew: 0K->0K(3072K), 0.0002655 secs]17.095: [CMS17.104: [CMS-concurrent-mark: 0.002/0.009 secs] [Times: user=0.00 sys=0.00, real=0.01 secs] 
 (concurrent mode failure): 4993K->897K(6848K), 0.0118669 secs] 4993K->897K(9920K), [Metaspace: 3664K->3664K(1056768K)], 0.0122155 secs] [Times: user=0.00 sys=0.00, real=0.01 secs] 
17.108: [GC (Allocation Failure) 17.108: [ParNew: 0K->0K(3072K), 0.0003790 secs]17.108: [CMS: 4993K->897K(6848K), 0.0019507 secs] 4993K->897K(9920K), [Metaspace: 3664K->3664K(1056768K)], 0.0024060 secs] [Times: user=0.00 sys=0.00, real=0.00 secs] 
17.110: [GC (CMS Initial Mark) [1 CMS-initial-mark: 4993K(6848K)] 4993K(9920K), 0.0001254 secs] [Times: user=0.00 sys=0.00, real=0.00 secs] 
17.111: [CMS-concurrent-mark-start]
17.111: [GC (Allocation Failure) 17.111: [ParNew: 0K->0K(3072K), 0.0002730 secs]17.111: [CMS17.120: [CMS-concurrent-mark: 0.002/0.009 secs] [Times: user=0.00 sys=0.00, real=0.01 secs] 
 (concurrent mode failure): 4993K->897K(6848K), 0.0115667 secs] 4993K->897K(9920K), [Metaspace: 3664K->3664K(1056768K)], 0.0119163 secs] [Times: user=0.00 sys=0.00, real=0.01 secs] 
17.123: [GC (Allocation Failure) 17.123: [ParNew: 0K->0K(3072K), 0.0002178 secs]17.123: [CMS: 4993K->897K(6848K), 0.0019007 secs] 4993K->897K(9920K), [Metaspace: 3664K->3664K(1056768K)], 0.0021873 secs] [Times: user=0.00 sys=0.00, real=0.00 secs] 
17.126: [GC (CMS Initial Mark) [1 CMS-initial-mark: 4993K(6848K)] 4993K(9920K), 0.0001504 secs] [Times: user=0.00 sys=0.00, real=0.00 secs] 
17.126: [CMS-concurrent-mark-start]
17.126: [GC (Allocation Failure) 17.126: [ParNew: 0K->0K(3072K), 0.0002227 secs]17.126: [CMS17.135: [CMS-concurrent-mark: 0.002/0.009 secs] [Times: user=0.00 sys=0.00, real=0.01 secs] 
 (concurrent mode failure): 4993K->897K(6848K), 0.0120186 secs] 4993K->897K(9920K), [Metaspace: 3664K->3664K(1056768K)], 0.0123180 secs] [Times: user=0.00 sys=0.00, real=0.01 secs] 
17.138: [GC (Allocation Failure) 17.138: [ParNew: 0K->0K(3072K), 0.0001812 secs]17.139: [CMS: 4993K->897K(6848K), 0.0017385 secs] 4993K->897K(9920K), [Metaspace: 3664K->3664K(1056768K)], 0.0019752 secs] [Times: user=0.00 sys=0.00, real=0.00 secs] 
17.141: [GC (CMS Initial Mark) [1 CMS-initial-mark: 4993K(6848K)] 4993K(9920K), 0.0000692 secs] [Times: user=0.00 sys=0.00, real=0.00 secs] 
17.141: [CMS-concurrent-mark-start]
17.141: [GC (Allocation Failure) 17.141: [ParNew: 0K->0K(3072K), 0.0001760 secs]17.141: [CMS17.151: [CMS-concurrent-mark: 0.001/0.010 secs] [Times: user=0.00 sys=0.00, real=0.01 secs] 
 (concurrent mode failure): 4993K->897K(6848K), 0.0124534 secs] 4993K->897K(9920K), [Metaspace: 3664K->3664K(1056768K)], 0.0127098 secs] [Times: user=0.00 sys=0.00, real=0.01 secs] 
17.154: [GC (Allocation Failure) 17.154: [ParNew: 0K->0K(3072K), 0.0002266 secs]17.154: [CMS: 4993K->897K(6848K), 0.0018579 secs] 4993K->897K(9920K), [Metaspace: 3664K->3664K(1056768K)], 0.0021652 secs] [Times: user=0.00 sys=0.00, real=0.00 secs] 
17.157: [GC (CMS Initial Mark) [1 CMS-initial-mark: 4993K(6848K)] 4993K(9920K), 0.0001301 secs] [Times: user=0.00 sys=0.00, real=0.00 secs] 
17.157: [CMS-concurrent-mark-start]
17.157: [GC (Allocation Failure) 17.157: [ParNew: 0K->0K(3072K), 0.0001932 secs]17.157: [CMS17.166: [CMS-concurrent-mark: 0.001/0.010 secs] [Times: user=0.00 sys=0.00, real=0.01 secs] 
 (concurrent mode failure): 4993K->897K(6848K), 0.0117825 secs] 4993K->897K(9920K), [Metaspace: 3664K->3664K(1056768K)], 0.0120414 secs] [Times: user=0.00 sys=0.00, real=0.01 secs] 
17.169: [GC (Allocation Failure) 17.169: [ParNew: 0K->0K(3072K), 0.0003503 secs]17.170: [CMS: 4993K->897K(6848K), 0.0026274 secs] 4993K->897K(9920K), [Metaspace: 3664K->3664K(1056768K)], 0.0030536 secs] [Times: user=0.00 sys=0.00, real=0.00 secs] 
17.172: [GC (CMS Initial Mark) [1 CMS-initial-mark: 4993K(6848K)] 4993K(9920K), 0.0001735 secs] [Times: user=0.00 sys=0.00, real=0.00 secs] 
17.173: [CMS-concurrent-mark-start]
17.173: [GC (Allocation Failure) 17.173: [ParNew: 0K->0K(3072K), 0.0002341 secs]17.173: [CMS17.182: [CMS-concurrent-mark: 0.001/0.009 secs] [Times: user=0.00 sys=0.00, real=0.01 secs] 
 (concurrent mode failure): 4993K->897K(6848K), 0.0111905 secs] 4993K->897K(9920K), [Metaspace: 3664K->3664K(1056768K)], 0.0114958 secs] [Times: user=0.00 sys=0.00, real=0.01 secs] 
17.185: [GC (Allocation Failure) 17.185: [ParNew: 0K->0K(3072K), 0.0002274 secs]17.185: [CMS: 4993K->897K(6848K), 0.0021250 secs] 4993K->897K(9920K), [Metaspace: 3664K->3664K(1056768K)], 0.0024387 secs] [Times: user=0.00 sys=0.00, real=0.00 secs] 
17.187: [GC (CMS Initial Mark) [1 CMS-initial-mark: 4993K(6848K)] 4993K(9920K), 0.0002054 secs] [Times: user=0.00 sys=0.00, real=0.00 secs] 
17.188: [CMS-concurrent-mark-start]
17.188: [GC (Allocation Failure) 17.188: [ParNew: 0K->0K(3072K), 0.0002556 secs]17.188: [CMS17.198: [CMS-concurrent-mark: 0.002/0.010 secs] [Times: user=0.00 sys=0.00, real=0.01 secs] 
 (concurrent mode failure): 4993K->897K(6848K), 0.0122307 secs] 4993K->897K(9920K), [Metaspace: 3664K->3664K(1056768K)], 0.0125537 secs] [Times: user=0.00 sys=0.00, real=0.01 secs] 
17.201: [GC (Allocation Failure) 17.201: [ParNew: 0K->0K(3072K), 0.0002135 secs]17.201: [CMS: 4993K->897K(6848K), 0.0017060 secs] 4993K->897K(9920K), [Metaspace: 3664K->3664K(1056768K)], 0.0020013 secs] [Times: user=0.00 sys=0.00, real=0.00 secs] 
17.203: [GC (CMS Initial Mark) [1 CMS-initial-mark: 4993K(6848K)] 4993K(9920K), 0.0001541 secs] [Times: user=0.00 sys=0.00, real=0.00 secs] 
17.203: [CMS-concurrent-mark-start]
17.203: [GC (Allocation Failure) 17.203: [ParNew: 0K->0K(3072K), 0.0002492 secs]17.203: [CMS17.213: [CMS-concurrent-mark: 0.002/0.010 secs] [Times: user=0.00 sys=0.00, real=0.01 secs] 
 (concurrent mode failure): 4993K->897K(6848K), 0.0121577 secs] 4993K->897K(9920K), [Metaspace: 3664K->3664K(1056768K)], 0.0124887 secs] [Times: user=0.00 sys=0.00, real=0.01 secs] 
17.216: [GC (Allocation Failure) 17.216: [ParNew: 0K->0K(3072K), 0.0001992 secs]17.216: [CMS: 4993K->897K(6848K), 0.0018895 secs] 4993K->897K(9920K), [Metaspace: 3664K->3664K(1056768K)], 0.0021616 secs] [Times: user=0.00 sys=0.00, real=0.00 secs] 
17.218: [GC (CMS Initial Mark) [1 CMS-initial-mark: 4993K(6848K)] 4993K(9920K), 0.0001240 secs] [Times: user=0.00 sys=0.00, real=0.00 secs] 
17.219: [CMS-concurrent-mark-start]
17.219: [GC (Allocation Failure) 17.219: [ParNew: 0K->0K(3072K), 0.0002831 secs]17.219: [CMS17.229: [CMS-concurrent-mark: 0.002/0.010 secs] [Times: user=0.00 sys=0.00, real=0.01 secs] 
 (concurrent mode failure): 4993K->897K(6848K), 0.0120213 secs] 4993K->897K(9920K), [Metaspace: 3664K->3664K(1056768K)], 0.0123848 secs] [Times: user=0.00 sys=0.00, real=0.01 secs] 
17.231: [GC (Allocation Failure) 17.231: [ParNew: 0K->0K(3072K), 0.0002293 secs]17.232: [CMS: 4993K->897K(6848K), 0.0020829 secs] 4993K->897K(9920K), [Metaspace: 3664K->3664K(1056768K)], 0.0023846 secs] [Times: user=0.00 sys=0.00, real=0.00 secs] 
17.234: [GC (CMS Initial Mark) [1 CMS-initial-mark: 4993K(6848K)] 4993K(9920K), 0.0001388 secs] [Times: user=0.00 sys=0.00, real=0.00 secs] 
17.234: [CMS-concurrent-mark-start]
17.234: [GC (Allocation Failure) 17.234: [ParNew: 0K->0K(3072K), 0.0002633 secs]17.235: [CMS17.244: [CMS-concurrent-mark: 0.001/0.010 secs] [Times: user=0.00 sys=0.00, real=0.01 secs] 
 (concurrent mode failure): 4993K->897K(6848K), 0.0115769 secs] 4993K->897K(9920K), [Metaspace: 3664K->3664K(1056768K)], 0.0119160 secs] [Times: user=0.00 sys=0.00, real=0.01 secs] 
17.247: [GC (Allocation Failure) 17.247: [ParNew: 0K->0K(3072K), 0.0002116 secs]17.247: [CMS: 4993K->897K(6848K), 0.0017789 secs] 4993K->897K(9920K), [Metaspace: 3664K->3664K(1056768K)], 0.0020615 secs] [Times: user=0.00 sys=0.00, real=0.00 secs] 
17.249: [GC (CMS Initial Mark) [1 CMS-initial-mark: 4993K(6848K)] 4993K(9920K), 0.0001497 secs] [Times: user=0.00 sys=0.00, real=0.00 secs] 
17.249: [CMS-concurrent-mark-start]
17.249: [GC (Allocation Failure) 17.249: [ParNew: 0K->0K(3072K), 0.0002625 secs]17.250: [CMS17.260: [CMS-concurrent-mark: 0.001/0.010 secs] [Times: user=0.00 sys=0.00, real=0.01 secs] 
 (concurrent mode failure): 4993K->897K(6848K), 0.0121759 secs] 4993K->897K(9920K), [Metaspace: 3664K->3664K(1056768K)], 0.0125120 secs] [Times: user=0.00 sys=0.00, real=0.01 secs] 
17.262: [GC (Allocation Failure) 17.262: [ParNew: 0K->0K(3072K), 0.0002229 secs]17.263: [CMS: 4993K->897K(6848K), 0.0017488 secs] 4993K->897K(9920K), [Metaspace: 3664K->3664K(1056768K)], 0.0020373 secs] [Times: user=0.00 sys=0.00, real=0.00 secs] 
17.265: [GC (CMS Initial Mark) [1 CMS-initial-mark: 4993K(6848K)] 4993K(9920K), 0.0001365 secs] [Times: user=0.00 sys=0.00, real=0.00 secs] 
17.265: [CMS-concurrent-mark-start]
17.265: [GC (Allocation Failure) 17.265: [ParNew: 0K->0K(3072K), 0.0002040 secs]17.265: [CMS17.275: [CMS-concurrent-mark: 0.002/0.010 secs] [Times: user=0.00 sys=0.00, real=0.01 secs] 
 (concurrent mode failure): 4993K->897K(6848K), 0.0120261 secs] 4993K->897K(9920K), [Metaspace: 3664K->3664K(1056768K)], 0.0122945 secs] [Times: user=0.00 sys=0.00, real=0.01 secs] 
17.277: [GC (Allocation Failure) 17.277: [ParNew: 0K->0K(3072K), 0.0002331 secs]17.278: [CMS: 4993K->897K(6848K), 0.0017625 secs] 4993K->897K(9920K), [Metaspace: 3664K->3664K(1056768K)], 0.0020601 secs] [Times: user=0.00 sys=0.00, real=0.00 secs] 
17.280: [GC (CMS Initial Mark) [1 CMS-initial-mark: 4993K(6848K)] 4993K(9920K), 0.0000675 secs] [Times: user=0.00 sys=0.00, real=0.00 secs] 
17.280: [CMS-concurrent-mark-start]
17.280: [GC (Allocation Failure) 17.280: [ParNew: 0K->0K(3072K), 0.0001756 secs]17.280: [CMS17.291: [CMS-concurrent-mark: 0.001/0.011 secs] [Times: user=0.00 sys=0.00, real=0.01 secs] 
 (concurrent mode failure): 4993K->897K(6848K), 0.0128605 secs] 4993K->897K(9920K), [Metaspace: 3664K->3664K(1056768K)], 0.0130969 secs] [Times: user=0.00 sys=0.00, real=0.01 secs] 
17.293: [GC (Allocation Failure) 17.293: [ParNew: 0K->0K(3072K), 0.0002300 secs]17.294: [CMS: 4993K->897K(6848K), 0.0017604 secs] 4993K->897K(9920K), [Metaspace: 3664K->3664K(1056768K)], 0.0020511 secs] [Times: user=0.00 sys=0.00, real=0.00 secs] 
17.296: [GC (CMS Initial Mark) [1 CMS-initial-mark: 4993K(6848K)] 4993K(9920K), 0.0001205 secs] [Times: user=0.00 sys=0.00, real=0.00 secs] 
17.296: [CMS-concurrent-mark-start]
17.296: [GC (Allocation Failure) 17.296: [ParNew: 0K->0K(3072K), 0.0002552 secs]17.296: [CMS17.307: [CMS-concurrent-mark: 0.001/0.011 secs] [Times: user=0.00 sys=0.00, real=0.01 secs] 
 (concurrent mode failure): 4993K->897K(6848K), 0.0126488 secs] 4993K->897K(9920K), [Metaspace: 3664K->3664K(1056768K)], 0.0129672 secs] [Times: user=0.00 sys=0.00, real=0.01 secs] 
17.309: [GC (Allocation Failure) 17.309: [ParNew: 0K->0K(3072K), 0.0002382 secs]17.309: [CMS: 4993K->897K(6848K), 0.0017769 secs] 4993K->897K(9920K), [Metaspace: 3664K->3664K(1056768K)], 0.0020847 secs] [Times: user=0.00 sys=0.00, real=0.00 secs] 
17.312: [GC (CMS Initial Mark) [1 CMS-initial-mark: 4993K(6848K)] 4993K(9920K), 0.0000775 secs] [Times: user=0.00 sys=0.00, real=0.00 secs] 
17.312: [CMS-concurrent-mark-start]
17.312: [GC (Allocation Failure) 17.312: [ParNew: 0K->0K(3072K), 0.0003297 secs]17.312: [CMS17.323: [CMS-concurrent-mark: 0.002/0.011 secs] [Times: user=0.00 sys=0.00, real=0.01 secs] 
 (concurrent mode failure): 4993K->897K(6848K), 0.0127150 secs] 4993K->897K(9920K), [Metaspace: 3664K->3664K(1056768K)], 0.0131441 secs] [Times: user=0.00 sys=0.00, real=0.01 secs] 
17.325: [GC (Allocation Failure) 17.325: [ParNew: 0K->0K(3072K), 0.0002432 secs]17.326: [CMS: 4993K->897K(6848K), 0.0018819 secs] 4993K->897K(9920K), [Metaspace: 3664K->3664K(1056768K)], 0.0021867 secs] [Times: user=0.00 sys=0.00, real=0.00 secs] 
17.328: [GC (CMS Initial Mark) [1 CMS-initial-mark: 4993K(6848K)] 4993K(9920K), 0.0001387 secs] [Times: user=0.00 sys=0.00, real=0.00 secs] 
17.328: [CMS-concurrent-mark-start]
17.328: [GC (Allocation Failure) 17.328: [ParNew: 0K->0K(3072K), 0.0002169 secs]17.328: [CMS17.338: [CMS-concurrent-mark: 0.002/0.010 secs] [Times: user=0.00 sys=0.00, real=0.01 secs] 
 (concurrent mode failure): 4993K->897K(6848K), 0.0121366 secs] 4993K->897K(9920K), [Metaspace: 3664K->3664K(1056768K)], 0.0124351 secs] [Times: user=0.00 sys=0.00, real=0.01 secs] 
17.341: [GC (Allocation Failure) 17.341: [ParNew: 0K->0K(3072K), 0.0002376 secs]17.341: [CMS: 4993K->897K(6848K), 0.0019258 secs] 4993K->897K(9920K), [Metaspace: 3664K->3664K(1056768K)], 0.0022307 secs] [Times: user=0.00 sys=0.00, real=0.00 secs] 
17.344: [GC (CMS Initial Mark) [1 CMS-initial-mark: 4993K(6848K)] 4993K(9920K), 0.0001238 secs] [Times: user=0.00 sys=0.00, real=0.00 secs] 
17.344: [CMS-concurrent-mark-start]
17.344: [GC (Allocation Failure) 17.344: [ParNew: 0K->0K(3072K), 0.0002847 secs]17.344: [CMS17.353: [CMS-concurrent-mark: 0.002/0.010 secs] [Times: user=0.00 sys=0.00, real=0.01 secs] 
 (concurrent mode failure): 4993K->897K(6848K), 0.0123972 secs] 4993K->897K(9920K), [Metaspace: 3664K->3664K(1056768K)], 0.0127610 secs] [Times: user=0.00 sys=0.00, real=0.01 secs] 
17.357: [GC (Allocation Failure) 17.357: [ParNew: 0K->0K(3072K), 0.0002547 secs]17.357: [CMS: 4993K->897K(6848K), 0.0020551 secs] 4993K->897K(9920K), [Metaspace: 3664K->3664K(1056768K)], 0.0023849 secs] [Times: user=0.00 sys=0.00, real=0.00 secs] 
17.360: [GC (CMS Initial Mark) [1 CMS-initial-mark: 4993K(6848K)] 4993K(9920K), 0.0001121 secs] [Times: user=0.00 sys=0.00, real=0.00 secs] 
17.360: [CMS-concurrent-mark-start]
17.360: [GC (Allocation Failure) 17.360: [ParNew: 0K->0K(3072K), 0.0002745 secs]17.360: [CMS17.368: [CMS-concurrent-mark: 0.002/0.009 secs] [Times: user=0.00 sys=0.00, real=0.01 secs] 
 (concurrent mode failure): 4993K->897K(6848K), 0.0113103 secs] 4993K->897K(9920K), [Metaspace: 3664K->3664K(1056768K)], 0.0116636 secs] [Times: user=0.00 sys=0.00, real=0.01 secs] 
17.372: [GC (Allocation Failure) 17.372: [ParNew: 0K->0K(3072K), 0.0003225 secs]17.372: [CMS: 4993K->897K(6848K), 0.0026595 secs] 4993K->897K(9920K), [Metaspace: 3664K->3664K(1056768K)], 0.0030705 secs] [Times: user=0.00 sys=0.00, real=0.00 secs] 
17.376: [GC (CMS Initial Mark) [1 CMS-initial-mark: 4993K(6848K)] 4993K(9920K), 0.0001109 secs] [Times: user=0.00 sys=0.00, real=0.00 secs] 
17.376: [CMS-concurrent-mark-start]
17.376: [GC (Allocation Failure) 17.376: [ParNew: 0K->0K(3072K), 0.0002495 secs]17.376: [CMS17.384: [CMS-concurrent-mark: 0.001/0.009 secs] [Times: user=0.00 sys=0.00, real=0.01 secs] 
 (concurrent mode failure): 4993K->897K(6848K), 0.0119397 secs] 4993K->897K(9920K), [Metaspace: 3664K->3664K(1056768K)], 0.0122770 secs] [Times: user=0.00 sys=0.00, real=0.01 secs] 
17.388: [GC (Allocation Failure) 17.388: [ParNew: 0K->0K(3072K), 0.0003146 secs]17.389: [CMS: 4993K->897K(6848K), 0.0024297 secs] 4993K->897K(9920K), [Metaspace: 3664K->3664K(1056768K)], 0.0028238 secs] [Times: user=0.00 sys=0.00, real=0.00 secs] 
17.392: [GC (CMS Initial Mark) [1 CMS-initial-mark: 4993K(6848K)] 4993K(9920K), 0.0001071 secs] [Times: user=0.00 sys=0.00, real=0.00 secs] 
17.392: [CMS-concurrent-mark-start]
17.392: [GC (Allocation Failure) 17.392: [ParNew: 0K->0K(3072K), 0.0002113 secs]17.392: [CMS17.400: [CMS-concurrent-mark: 0.001/0.008 secs] [Times: user=0.00 sys=0.00, real=0.01 secs] 
 (concurrent mode failure): 4993K->897K(6848K), 0.0101559 secs] 4993K->897K(9920K), [Metaspace: 3664K->3664K(1056768K)], 0.0104336 secs] [Times: user=0.00 sys=0.00, real=0.01 secs] 
17.403: [GC (Allocation Failure) 17.403: [ParNew: 0K->0K(3072K), 0.0003727 secs]17.403: [CMS: 4993K->897K(6848K), 0.0033209 secs] 4993K->897K(9920K), [Metaspace: 3664K->3664K(1056768K)], 0.0037936 secs] [Times: user=0.00 sys=0.00, real=0.00 secs] 
17.407: [GC (CMS Initial Mark) [1 CMS-initial-mark: 4993K(6848K)] 4993K(9920K), 0.0001112 secs] [Times: user=0.00 sys=0.00, real=0.00 secs] 
17.407: [CMS-concurrent-mark-start]
17.407: [GC (Allocation Failure) 17.407: [ParNew: 0K->0K(3072K), 0.0002120 secs]17.407: [CMS17.415: [CMS-concurrent-mark: 0.001/0.008 secs] [Times: user=0.00 sys=0.00, real=0.01 secs] 
 (concurrent mode failure): 4993K->897K(6848K), 0.0101570 secs] 4993K->897K(9920K), [Metaspace: 3664K->3664K(1056768K)], 0.0104340 secs] [Times: user=0.00 sys=0.00, real=0.01 secs] 
17.418: [GC (Allocation Failure) 17.418: [ParNew: 0K->0K(3072K), 0.0002470 secs]17.418: [CMS: 4993K->897K(6848K), 0.0022247 secs] 4993K->897K(9920K), [Metaspace: 3664K->3664K(1056768K)], 0.0025555 secs] [Times: user=0.00 sys=0.00, real=0.00 secs] 
17.421: [GC (CMS Initial Mark) [1 CMS-initial-mark: 4993K(6848K)] 4993K(9920K), 0.0001818 secs] [Times: user=0.00 sys=0.00, real=0.00 secs] 
17.421: [CMS-concurrent-mark-start]
17.421: [GC (Allocation Failure) 17.421: [ParNew: 0K->0K(3072K), 0.0002870 secs]17.422: [CMS17.431: [CMS-concurrent-mark: 0.002/0.009 secs] [Times: user=0.00 sys=0.00, real=0.01 secs] 
 (concurrent mode failure): 4993K->897K(6848K), 0.0114742 secs] 4993K->897K(9920K), [Metaspace: 3664K->3664K(1056768K)], 0.0118401 secs] [Times: user=0.00 sys=0.00, real=0.01 secs] 
17.434: [GC (Allocation Failure) 17.434: [ParNew: 0K->0K(3072K), 0.0002360 secs]17.434: [CMS: 4993K->897K(6848K), 0.0017593 secs] 4993K->897K(9920K), [Metaspace: 3664K->3664K(1056768K)], 0.0020598 secs] [Times: user=0.00 sys=0.00, real=0.00 secs] 
17.436: [GC (CMS Initial Mark) [1 CMS-initial-mark: 4993K(6848K)] 4993K(9920K), 0.0001415 secs] [Times: user=0.00 sys=0.00, real=0.00 secs] 
17.436: [CMS-concurrent-mark-start]
17.436: [GC (Allocation Failure) 17.436: [ParNew: 0K->0K(3072K), 0.0002493 secs]17.437: [CMS17.447: [CMS-concurrent-mark: 0.002/0.010 secs] [Times: user=0.00 sys=0.00, real=0.01 secs] 
 (concurrent mode failure): 4993K->897K(6848K), 0.0125680 secs] 4993K->897K(9920K), [Metaspace: 3664K->3664K(1056768K)], 0.0128966 secs] [Times: user=0.00 sys=0.00, real=0.01 secs] 
17.450: [GC (Allocation Failure) 17.450: [ParNew: 0K->0K(3072K), 0.0002300 secs]17.450: [CMS: 4993K->897K(6848K), 0.0017835 secs] 4993K->897K(9920K), [Metaspace: 3664K->3664K(1056768K)], 0.0020716 secs] [Times: user=0.00 sys=0.00, real=0.00 secs] 
17.452: [GC (CMS Initial Mark) [1 CMS-initial-mark: 4993K(6848K)] 4993K(9920K), 0.0001220 secs] [Times: user=0.00 sys=0.00, real=0.00 secs] 
17.452: [CMS-concurrent-mark-start]
17.452: [GC (Allocation Failure) 17.452: [ParNew: 0K->0K(3072K), 0.0003067 secs]17.453: [CMS17.463: [CMS-concurrent-mark: 0.002/0.010 secs] [Times: user=0.00 sys=0.00, real=0.01 secs] 
 (concurrent mode failure): 4993K->897K(6848K), 0.0124143 secs] 4993K->897K(9920K), [Metaspace: 3664K->3664K(1056768K)], 0.0128198 secs] [Times: user=0.00 sys=0.00, real=0.01 secs] 
17.466: [GC (Allocation Failure) 17.466: [ParNew: 0K->0K(3072K), 0.0002928 secs]17.466: [CMS: 4993K->897K(6848K), 0.0017977 secs] 4993K->897K(9920K), [Metaspace: 3664K->3664K(1056768K)], 0.0021527 secs] [Times: user=0.00 sys=0.00, real=0.00 secs] 
17.468: [GC (CMS Initial Mark) [1 CMS-initial-mark: 4993K(6848K)] 4993K(9920K), 0.0001094 secs] [Times: user=0.00 sys=0.00, real=0.00 secs] 
17.468: [CMS-concurrent-mark-start]
17.468: [GC (Allocation Failure) 17.468: [ParNew: 0K->0K(3072K), 0.0002215 secs]17.468: [CMS17.478: [CMS-concurrent-mark: 0.001/0.010 secs] [Times: user=0.00 sys=0.00, real=0.01 secs] 
 (concurrent mode failure): 4993K->897K(6848K), 0.0116271 secs] 4993K->897K(9920K), [Metaspace: 3664K->3664K(1056768K)], 0.0119111 secs] [Times: user=0.00 sys=0.00, real=0.01 secs] 
17.480: [GC (Allocation Failure) 17.480: [ParNew: 0K->0K(3072K), 0.0002281 secs]17.481: [CMS: 4993K->897K(6848K), 0.0019107 secs] 4993K->897K(9920K), [Metaspace: 3664K->3664K(1056768K)], 0.0021965 secs] [Times: user=0.00 sys=0.00, real=0.00 secs] 
17.483: [GC (CMS Initial Mark) [1 CMS-initial-mark: 4993K(6848K)] 4993K(9920K), 0.0001610 secs] [Times: user=0.00 sys=0.00, real=0.00 secs] 
17.483: [CMS-concurrent-mark-start]
17.483: [GC (Allocation Failure) 17.483: [ParNew: 0K->0K(3072K), 0.0002013 secs]17.484: [CMS17.494: [CMS-concurrent-mark: 0.002/0.011 secs] [Times: user=0.00 sys=0.00, real=0.01 secs] 
 (concurrent mode failure): 4993K->897K(6848K), 0.0127467 secs] 4993K->897K(9920K), [Metaspace: 3664K->3664K(1056768K)], 0.0130125 secs] [Times: user=0.00 sys=0.00, real=0.01 secs] 
17.497: [GC (Allocation Failure) 17.497: [ParNew: 0K->0K(3072K), 0.0002326 secs]17.497: [CMS: 4993K->897K(6848K), 0.0018256 secs] 4993K->897K(9920K), [Metaspace: 3664K->3664K(1056768K)], 0.0021338 secs] [Times: user=0.00 sys=0.00, real=0.00 secs] 
17.499: [GC (CMS Initial Mark) [1 CMS-initial-mark: 4993K(6848K)] 4993K(9920K), 0.0001226 secs] [Times: user=0.00 sys=0.00, real=0.00 secs] 
17.499: [CMS-concurrent-mark-start]
17.500: [GC (Allocation Failure) 17.500: [ParNew: 0K->0K(3072K), 0.0002188 secs]17.500: [CMS17.510: [CMS-concurrent-mark: 0.001/0.010 secs] [Times: user=0.00 sys=0.00, real=0.01 secs] 
 (concurrent mode failure): 4993K->897K(6848K), 0.0121353 secs] 4993K->897K(9920K), [Metaspace: 3664K->3664K(1056768K)], 0.0124407 secs] [Times: user=0.00 sys=0.00, real=0.01 secs] 
17.512: [GC (Allocation Failure) 17.512: [ParNew: 0K->0K(3072K), 0.0002545 secs]17.513: [CMS: 4993K->897K(6848K), 0.0022499 secs] 4993K->897K(9920K), [Metaspace: 3664K->3664K(1056768K)], 0.0025887 secs] [Times: user=0.00 sys=0.00, real=0.00 secs] 
17.515: [GC (CMS Initial Mark) [1 CMS-initial-mark: 4993K(6848K)] 4993K(9920K), 0.0001356 secs] [Times: user=0.00 sys=0.00, real=0.00 secs] 
17.515: [CMS-concurrent-mark-start]
17.515: [GC (Allocation Failure) 17.515: [ParNew: 0K->0K(3072K), 0.0002622 secs]17.516: [CMS17.526: [CMS-concurrent-mark: 0.002/0.010 secs] [Times: user=0.00 sys=0.00, real=0.01 secs] 
 (concurrent mode failure): 4993K->897K(6848K), 0.0129169 secs] 4993K->897K(9920K), [Metaspace: 3664K->3664K(1056768K)], 0.0132792 secs] [Times: user=0.00 sys=0.00, real=0.01 secs] 
17.529: [GC (Allocation Failure) 17.529: [ParNew: 0K->0K(3072K), 0.0002600 secs]17.529: [CMS: 4993K->897K(6848K), 0.0027500 secs] 4993K->897K(9920K), [Metaspace: 3664K->3664K(1056768K)], 0.0030899 secs] [Times: user=0.00 sys=0.00, real=0.00 secs] 
17.533: [GC (CMS Initial Mark) [1 CMS-initial-mark: 4993K(6848K)] 4993K(9920K), 0.0001411 secs] [Times: user=0.00 sys=0.00, real=0.00 secs] 
17.533: [CMS-concurrent-mark-start]
17.533: [GC (Allocation Failure) 17.533: [ParNew: 0K->0K(3072K), 0.0002332 secs]17.533: [CMS17.541: [CMS-concurrent-mark: 0.002/0.008 secs] [Times: user=0.00 sys=0.00, real=0.01 secs] 
 (concurrent mode failure): 4993K->897K(6848K), 0.0097126 secs] 4993K->897K(9920K), [Metaspace: 3664K->3664K(1056768K)], 0.0100292 secs] [Times: user=0.00 sys=0.00, real=0.01 secs] 
17.543: [GC (Allocation Failure) 17.543: [ParNew: 0K->0K(3072K), 0.0002005 secs]17.543: [CMS: 4993K->897K(6848K), 0.0017453 secs] 4993K->897K(9920K), [Metaspace: 3664K->3664K(1056768K)], 0.0020153 secs] [Times: user=0.00 sys=0.00, real=0.00 secs] 
17.545: [GC (CMS Initial Mark) [1 CMS-initial-mark: 4993K(6848K)] 4993K(9920K), 0.0001173 secs] [Times: user=0.00 sys=0.00, real=0.00 secs] 
17.546: [CMS-concurrent-mark-start]
17.546: [GC (Allocation Failure) 17.546: [ParNew: 0K->0K(3072K), 0.0001907 secs]17.546: [CMS17.556: [CMS-concurrent-mark: 0.001/0.010 secs] [Times: user=0.00 sys=0.00, real=0.01 secs] 
 (concurrent mode failure): 4993K->897K(6848K), 0.0120125 secs] 4993K->897K(9920K), [Metaspace: 3664K->3664K(1056768K)], 0.0122695 secs] [Times: user=0.00 sys=0.00, real=0.01 secs] 
17.558: [GC (Allocation Failure) 17.558: [ParNew: 0K->0K(3072K), 0.0002138 secs]17.559: [CMS: 4993K->897K(6848K), 0.0017651 secs] 4993K->897K(9920K), [Metaspace: 3664K->3664K(1056768K)], 0.0020377 secs] [Times: user=0.00 sys=0.00, real=0.00 secs] 
17.561: [GC (CMS Initial Mark) [1 CMS-initial-mark: 4993K(6848K)] 4993K(9920K), 0.0001756 secs] [Times: user=0.00 sys=0.00, real=0.00 secs] 
17.561: [CMS-concurrent-mark-start]
17.561: [GC (Allocation Failure) 17.561: [ParNew: 0K->0K(3072K), 0.0001988 secs]17.561: [CMS17.572: [CMS-concurrent-mark: 0.002/0.011 secs] [Times: user=0.00 sys=0.00, real=0.01 secs] 
 (concurrent mode failure): 4993K->897K(6848K), 0.0128141 secs] 4993K->897K(9920K), [Metaspace: 3664K->3664K(1056768K)], 0.0130844 secs] [Times: user=0.00 sys=0.00, real=0.01 secs] 
17.574: [GC (Allocation Failure) 17.574: [ParNew: 0K->0K(3072K), 0.0002017 secs]17.575: [CMS: 4993K->897K(6848K), 0.0016045 secs] 4993K->897K(9920K), [Metaspace: 3664K->3664K(1056768K)], 0.0018703 secs] [Times: user=0.00 sys=0.00, real=0.00 secs] 
17.577: [GC (CMS Initial Mark) [1 CMS-initial-mark: 4993K(6848K)] 4993K(9920K), 0.0001059 secs] [Times: user=0.00 sys=0.00, real=0.00 secs] 
17.577: [CMS-concurrent-mark-start]
17.577: [GC (Allocation Failure) 17.577: [ParNew: 0K->0K(3072K), 0.0001845 secs]17.577: [CMS17.588: [CMS-concurrent-mark: 0.002/0.011 secs] [Times: user=0.00 sys=0.00, real=0.01 secs] 
 (concurrent mode failure): 4993K->897K(6848K), 0.0136719 secs] 4993K->897K(9920K), [Metaspace: 3664K->3664K(1056768K)], 0.0139294 secs] [Times: user=0.00 sys=0.00, real=0.01 secs] 
17.591: [GC (Allocation Failure) 17.591: [ParNew: 0K->0K(3072K), 0.0002678 secs]17.591: [CMS: 4993K->897K(6848K), 0.0017520 secs] 4993K->897K(9920K), [Metaspace: 3664K->3664K(1056768K)], 0.0020950 secs] [Times: user=0.00 sys=0.00, real=0.00 secs] 
17.593: [GC (CMS Initial Mark) [1 CMS-initial-mark: 4993K(6848K)] 4993K(9920K), 0.0001139 secs] [Times: user=0.00 sys=0.00, real=0.00 secs] 
17.594: [CMS-concurrent-mark-start]
17.594: [GC (Allocation Failure) 17.594: [ParNew: 0K->0K(3072K), 0.0002136 secs]17.594: [CMS17.604: [CMS-concurrent-mark: 0.001/0.010 secs] [Times: user=0.00 sys=0.00, real=0.01 secs] 
 (concurrent mode failure): 4993K->897K(6848K), 0.0126982 secs] 4993K->897K(9920K), [Metaspace: 3664K->3664K(1056768K)], 0.0130039 secs] [Times: user=0.00 sys=0.00, real=0.01 secs] 
17.607: [GC (Allocation Failure) 17.607: [ParNew: 0K->0K(3072K), 0.0003323 secs]17.607: [CMS: 4993K->897K(6848K), 0.0018138 secs] 4993K->897K(9920K), [Metaspace: 3664K->3664K(1056768K)], 0.0022130 secs] [Times: user=0.00 sys=0.00, real=0.00 secs] 
17.610: [GC (CMS Initial Mark) [1 CMS-initial-mark: 4993K(6848K)] 4993K(9920K), 0.0001719 secs] [Times: user=0.00 sys=0.00, real=0.00 secs] 
17.610: [CMS-concurrent-mark-start]
17.610: [GC (Allocation Failure) 17.610: [ParNew: 0K->0K(3072K), 0.0002241 secs]17.610: [CMS17.619: [CMS-concurrent-mark: 0.001/0.009 secs] [Times: user=0.00 sys=0.00, real=0.01 secs] 
 (concurrent mode failure): 4993K->897K(6848K), 0.0118357 secs] 4993K->897K(9920K), [Metaspace: 3664K->3664K(1056768K)], 0.0121322 secs] [Times: user=0.00 sys=0.00, real=0.01 secs] 
17.622: [GC (Allocation Failure) 17.622: [ParNew: 0K->0K(3072K), 0.0002430 secs]17.623: [CMS: 4993K->897K(6848K), 0.0018923 secs] 4993K->897K(9920K), [Metaspace: 3664K->3664K(1056768K)], 0.0022038 secs] [Times: user=0.00 sys=0.00, real=0.00 secs] 
17.625: [GC (CMS Initial Mark) [1 CMS-initial-mark: 4993K(6848K)] 4993K(9920K), 0.0001065 secs] [Times: user=0.00 sys=0.00, real=0.00 secs] 
17.625: [CMS-concurrent-mark-start]
17.625: [GC (Allocation Failure) 17.625: [ParNew: 0K->0K(3072K), 0.0002325 secs]17.625: [CMS17.635: [CMS-concurrent-mark: 0.001/0.010 secs] [Times: user=0.00 sys=0.00, real=0.01 secs] 
 (concurrent mode failure): 4993K->897K(6848K), 0.0125348 secs] 4993K->897K(9920K), [Metaspace: 3664K->3664K(1056768K)], 0.0128352 secs] [Times: user=0.00 sys=0.00, real=0.01 secs] 
17.638: [GC (Allocation Failure) 17.638: [ParNew: 0K->0K(3072K), 0.0002561 secs]17.639: [CMS: 4993K->897K(6848K), 0.0017863 secs] 4993K->897K(9920K), [Metaspace: 3664K->3664K(1056768K)], 0.0021061 secs] [Times: user=0.00 sys=0.00, real=0.00 secs] 
17.641: [GC (CMS Initial Mark) [1 CMS-initial-mark: 4993K(6848K)] 4993K(9920K), 0.0000822 secs] [Times: user=0.00 sys=0.00, real=0.00 secs] 
17.641: [CMS-concurrent-mark-start]
17.641: [GC (Allocation Failure) 17.641: [ParNew: 0K->0K(3072K), 0.0002301 secs]17.641: [CMS17.651: [CMS-concurrent-mark: 0.001/0.010 secs] [Times: user=0.00 sys=0.00, real=0.01 secs] 
 (concurrent mode failure): 4993K->897K(6848K), 0.0127384 secs] 4993K->897K(9920K), [Metaspace: 3664K->3664K(1056768K)], 0.0130575 secs] [Times: user=0.00 sys=0.00, real=0.01 secs] 
17.654: [GC (Allocation Failure) 17.654: [ParNew: 0K->0K(3072K), 0.0002599 secs]17.655: [CMS: 4993K->897K(6848K), 0.0023097 secs] 4993K->897K(9920K), [Metaspace: 3664K->3664K(1056768K)], 0.0026838 secs] [Times: user=0.00 sys=0.00, real=0.00 secs] 
17.657: [GC (CMS Initial Mark) [1 CMS-initial-mark: 4993K(6848K)] 4993K(9920K), 0.0001216 secs] [Times: user=0.00 sys=0.00, real=0.00 secs] 
17.657: [CMS-concurrent-mark-start]
17.657: [GC (Allocation Failure) 17.657: [ParNew: 0K->0K(3072K), 0.0002410 secs]17.658: [CMS17.667: [CMS-concurrent-mark: 0.002/0.009 secs] [Times: user=0.00 sys=0.00, real=0.01 secs] 
 (concurrent mode failure): 4993K->897K(6848K), 0.0111622 secs] 4993K->897K(9920K), [Metaspace: 3664K->3664K(1056768K)], 0.0114874 secs] [Times: user=0.00 sys=0.00, real=0.01 secs] 
17.669: [GC (Allocation Failure) 17.669: [ParNew: 0K->0K(3072K), 0.0003819 secs]17.670: [CMS: 4993K->897K(6848K), 0.0036189 secs] 4993K->897K(9920K), [Metaspace: 3664K->3664K(1056768K)], 0.0041126 secs] [Times: user=0.00 sys=0.00, real=0.00 secs] 
17.674: [GC (CMS Initial Mark) [1 CMS-initial-mark: 4993K(6848K)] 4993K(9920K), 0.0002090 secs] [Times: user=0.00 sys=0.00, real=0.00 secs] 
17.674: [CMS-concurrent-mark-start]
17.674: [GC (Allocation Failure) 17.674: [ParNew: 0K->0K(3072K), 0.0003162 secs]17.675: [CMS17.681: [CMS-concurrent-mark: 0.002/0.007 secs] [Times: user=0.00 sys=0.00, real=0.01 secs] 
 (concurrent mode failure): 4993K->897K(6848K), 0.0087862 secs] 4993K->897K(9920K), [Metaspace: 3664K->3664K(1056768K)], 0.0091793 secs] [Times: user=0.00 sys=0.00, real=0.01 secs] 
17.684: [GC (Allocation Failure) 17.684: [ParNew: 0K->0K(3072K), 0.0002268 secs]17.684: [CMS: 4993K->897K(6848K), 0.0021458 secs] 4993K->897K(9920K), [Metaspace: 3664K->3664K(1056768K)], 0.0024574 secs] [Times: user=0.00 sys=0.00, real=0.00 secs] 
17.687: [GC (CMS Initial Mark) [1 CMS-initial-mark: 4993K(6848K)] 4993K(9920K), 0.0001629 secs] [Times: user=0.00 sys=0.00, real=0.00 secs] 
17.687: [CMS-concurrent-mark-start]
17.687: [GC (Allocation Failure) 17.687: [ParNew: 0K->0K(3072K), 0.0002889 secs]17.688: [CMS17.697: [CMS-concurrent-mark: 0.002/0.010 secs] [Times: user=0.00 sys=0.00, real=0.01 secs] 
 (concurrent mode failure): 4993K->897K(6848K), 0.0114947 secs] 4993K->897K(9920K), [Metaspace: 3664K->3664K(1056768K)], 0.0118865 secs] [Times: user=0.00 sys=0.00, real=0.01 secs] 
17.700: [GC (Allocation Failure) 17.700: [ParNew: 0K->0K(3072K), 0.0002532 secs]17.700: [CMS: 4993K->897K(6848K), 0.0019656 secs] 4993K->897K(9920K), [Metaspace: 3664K->3664K(1056768K)], 0.0023000 secs] [Times: user=0.00 sys=0.00, real=0.00 secs] 
17.702: [GC (CMS Initial Mark) [1 CMS-initial-mark: 4993K(6848K)] 4993K(9920K), 0.0002067 secs] [Times: user=0.00 sys=0.00, real=0.00 secs] 
17.702: [CMS-concurrent-mark-start]
17.702: [GC (Allocation Failure) 17.703: [ParNew: 0K->0K(3072K), 0.0003183 secs]17.703: [CMS17.713: [CMS-concurrent-mark: 0.002/0.010 secs] [Times: user=0.00 sys=0.00, real=0.01 secs] 
 (concurrent mode failure): 4993K->897K(6848K), 0.0123194 secs] 4993K->897K(9920K), [Metaspace: 3664K->3664K(1056768K)], 0.0127162 secs] [Times: user=0.00 sys=0.00, real=0.01 secs] 
17.716: [GC (Allocation Failure) 17.716: [ParNew: 0K->0K(3072K), 0.0003788 secs]17.716: [CMS: 4993K->897K(6848K), 0.0019924 secs] 4993K->897K(9920K), [Metaspace: 3664K->3664K(1056768K)], 0.0025031 secs] [Times: user=0.00 sys=0.00, real=0.00 secs] 
17.719: [GC (CMS Initial Mark) [1 CMS-initial-mark: 4993K(6848K)] 4993K(9920K), 0.0001086 secs] [Times: user=0.00 sys=0.00, real=0.00 secs] 
17.719: [CMS-concurrent-mark-start]
17.719: [GC (Allocation Failure) 17.719: [ParNew: 0K->0K(3072K), 0.0003300 secs]17.719: [CMS17.728: [CMS-concurrent-mark: 0.001/0.009 secs] [Times: user=0.00 sys=0.00, real=0.01 secs] 
 (concurrent mode failure): 4993K->897K(6848K), 0.0111813 secs] 4993K->897K(9920K), [Metaspace: 3664K->3664K(1056768K)], 0.0115999 secs] [Times: user=0.00 sys=0.00, real=0.01 secs] 
17.731: [GC (Allocation Failure) 17.731: [ParNew: 0K->0K(3072K), 0.0002859 secs]17.731: [CMS: 4993K->897K(6848K), 0.0031873 secs] 4993K->897K(9920K), [Metaspace: 3664K->3664K(1056768K)], 0.0035787 secs] [Times: user=0.00 sys=0.00, real=0.00 secs] 
17.735: [GC (CMS Initial Mark) [1 CMS-initial-mark: 4993K(6848K)] 4993K(9920K), 0.0001116 secs] [Times: user=0.00 sys=0.00, real=0.00 secs] 
17.735: [CMS-concurrent-mark-start]
17.735: [GC (Allocation Failure) 17.735: [ParNew: 0K->0K(3072K), 0.0002503 secs]17.735: [CMS17.744: [CMS-concurrent-mark: 0.002/0.009 secs] [Times: user=0.00 sys=0.00, real=0.01 secs] 
 (concurrent mode failure): 4993K->897K(6848K), 0.0108878 secs] 4993K->897K(9920K), [Metaspace: 3664K->3664K(1056768K)], 0.0112252 secs] [Times: user=0.00 sys=0.00, real=0.01 secs] 
17.747: [GC (Allocation Failure) 17.747: [ParNew: 0K->0K(3072K), 0.0002756 secs]17.747: [CMS: 4993K->897K(6848K), 0.0018543 secs] 4993K->897K(9920K), [Metaspace: 3664K->3664K(1056768K)], 0.0022038 secs] [Times: user=0.00 sys=0.00, real=0.00 secs] 
17.749: [GC (CMS Initial Mark) [1 CMS-initial-mark: 4993K(6848K)] 4993K(9920K), 0.0001327 secs] [Times: user=0.00 sys=0.00, real=0.00 secs] 
17.749: [CMS-concurrent-mark-start]
17.750: [GC (Allocation Failure) 17.750: [ParNew: 0K->0K(3072K), 0.0003114 secs]17.750: [CMS17.759: [CMS-concurrent-mark: 0.002/0.010 secs] [Times: user=0.00 sys=0.00, real=0.01 secs] 
 (concurrent mode failure): 4993K->897K(6848K), 0.0124825 secs] 4993K->897K(9920K), [Metaspace: 3664K->3664K(1056768K)], 0.0128659 secs] [Times: user=0.00 sys=0.00, real=0.01 secs] 
17.763: [GC (Allocation Failure) 17.763: [ParNew: 0K->0K(3072K), 0.0002785 secs]17.763: [CMS: 4993K->897K(6848K), 0.0022141 secs] 4993K->897K(9920K), [Metaspace: 3664K->3664K(1056768K)], 0.0025591 secs] [Times: user=0.00 sys=0.00, real=0.00 secs] 
17.766: [GC (CMS Initial Mark) [1 CMS-initial-mark: 4993K(6848K)] 4993K(9920K), 0.0001641 secs] [Times: user=0.00 sys=0.00, real=0.00 secs] 
17.766: [CMS-concurrent-mark-start]
17.766: [GC (Allocation Failure) 17.766: [ParNew: 0K->0K(3072K), 0.0002765 secs]17.766: [CMS17.774: [CMS-concurrent-mark: 0.001/0.008 secs] [Times: user=0.00 sys=0.00, real=0.01 secs] 
 (concurrent mode failure): 4993K->897K(6848K), 0.0106333 secs] 4993K->897K(9920K), [Metaspace: 3664K->3664K(1056768K)], 0.0109909 secs] [Times: user=0.00 sys=0.00, real=0.01 secs] 
17.778: [GC (Allocation Failure) 17.778: [ParNew: 0K->0K(3072K), 0.0002134 secs]17.778: [CMS: 4993K->897K(6848K), 0.0016769 secs] 4993K->897K(9920K), [Metaspace: 3664K->3664K(1056768K)], 0.0019435 secs] [Times: user=0.00 sys=0.00, real=0.00 secs] 
17.780: [GC (CMS Initial Mark) [1 CMS-initial-mark: 4993K(6848K)] 4993K(9920K), 0.0001093 secs] [Times: user=0.00 sys=0.00, real=0.00 secs] 
17.780: [CMS-concurrent-mark-start]
17.780: [GC (Allocation Failure) 17.780: [ParNew: 0K->0K(3072K), 0.0002517 secs]17.780: [CMS17.790: [CMS-concurrent-mark: 0.002/0.010 secs] [Times: user=0.00 sys=0.00, real=0.01 secs] 
 (concurrent mode failure): 4993K->897K(6848K), 0.0112678 secs] 4993K->897K(9920K), [Metaspace: 3664K->3664K(1056768K)], 0.0115849 secs] [Times: user=0.00 sys=0.00, real=0.01 secs] 
17.792: [GC (Allocation Failure) 17.792: [ParNew: 0K->0K(3072K), 0.0002043 secs]17.792: [CMS: 4993K->897K(6848K), 0.0018387 secs] 4993K->897K(9920K), [Metaspace: 3664K->3664K(1056768K)], 0.0021435 secs] [Times: user=0.00 sys=0.00, real=0.00 secs] 
17.794: [GC (CMS Initial Mark) [1 CMS-initial-mark: 4993K(6848K)] 4993K(9920K), 0.0000822 secs] [Times: user=0.00 sys=0.00, real=0.00 secs] 
17.795: [CMS-concurrent-mark-start]
17.795: [GC (Allocation Failure) 17.795: [ParNew: 0K->0K(3072K), 0.0002053 secs]17.795: [CMS17.806: [CMS-concurrent-mark: 0.002/0.011 secs] [Times: user=0.00 sys=0.00, real=0.01 secs] 
 (concurrent mode failure): 4993K->897K(6848K), 0.0130745 secs] 4993K->897K(9920K), [Metaspace: 3664K->3664K(1056768K)], 0.0133407 secs] [Times: user=0.00 sys=0.00, real=0.01 secs] 
17.808: [GC (Allocation Failure) 17.808: [ParNew: 0K->0K(3072K), 0.0002064 secs]17.808: [CMS: 4993K->897K(6848K), 0.0017815 secs] 4993K->897K(9920K), [Metaspace: 3664K->3664K(1056768K)], 0.0020457 secs] [Times: user=0.00 sys=0.00, real=0.00 secs] 
17.811: [GC (CMS Initial Mark) [1 CMS-initial-mark: 4993K(6848K)] 4993K(9920K), 0.0000736 secs] [Times: user=0.00 sys=0.00, real=0.00 secs] 
17.811: [CMS-concurrent-mark-start]
17.811: [GC (Allocation Failure) 17.811: [ParNew: 0K->0K(3072K), 0.0001911 secs]17.811: [CMS17.821: [CMS-concurrent-mark: 0.002/0.011 secs] [Times: user=0.00 sys=0.00, real=0.01 secs] 
 (concurrent mode failure): 4993K->897K(6848K), 0.0129680 secs] 4993K->897K(9920K), [Metaspace: 3664K->3664K(1056768K)], 0.0132271 secs] [Times: user=0.00 sys=0.00, real=0.01 secs] 
17.824: [GC (Allocation Failure) 17.824: [ParNew: 0K->0K(3072K), 0.0002191 secs]17.825: [CMS: 4993K->897K(6848K), 0.0018529 secs] 4993K->897K(9920K), [Metaspace: 3664K->3664K(1056768K)], 0.0021453 secs] [Times: user=0.00 sys=0.00, real=0.00 secs] 
17.827: [GC (CMS Initial Mark) [1 CMS-initial-mark: 4993K(6848K)] 4993K(9920K), 0.0001176 secs] [Times: user=0.00 sys=0.00, real=0.00 secs] 
17.827: [CMS-concurrent-mark-start]
17.827: [GC (Allocation Failure) 17.827: [ParNew: 0K->0K(3072K), 0.0001965 secs]17.827: [CMS17.836: [CMS-concurrent-mark: 0.001/0.009 secs] [Times: user=0.00 sys=0.00, real=0.01 secs] 
 (concurrent mode failure): 4993K->897K(6848K), 0.0115027 secs] 4993K->897K(9920K), [Metaspace: 3664K->3664K(1056768K)], 0.0117686 secs] [Times: user=0.00 sys=0.00, real=0.01 secs] 
17.839: [GC (Allocation Failure) 17.839: [ParNew: 0K->0K(3072K), 0.0002623 secs]17.840: [CMS: 4993K->897K(6848K), 0.0019829 secs] 4993K->897K(9920K), [Metaspace: 3664K->3664K(1056768K)], 0.0023168 secs] [Times: user=0.00 sys=0.00, real=0.00 secs] 
17.842: [GC (CMS Initial Mark) [1 CMS-initial-mark: 4993K(6848K)] 4993K(9920K), 0.0001208 secs] [Times: user=0.00 sys=0.00, real=0.00 secs] 
17.842: [CMS-concurrent-mark-start]
17.842: [GC (Allocation Failure) 17.842: [ParNew: 0K->0K(3072K), 0.0001899 secs]17.842: [CMS17.852: [CMS-concurrent-mark: 0.002/0.010 secs] [Times: user=0.00 sys=0.00, real=0.01 secs] 
 (concurrent mode failure): 4993K->897K(6848K), 0.0132066 secs] 4993K->897K(9920K), [Metaspace: 3664K->3664K(1056768K)], 0.0134808 secs] [Times: user=0.00 sys=0.00, real=0.01 secs] 
17.856: [GC (Allocation Failure) 17.856: [ParNew: 0K->0K(3072K), 0.0003145 secs]17.856: [CMS: 4993K->897K(6848K), 0.0027971 secs] 4993K->897K(9920K), [Metaspace: 3664K->3664K(1056768K)], 0.0032228 secs] [Times: user=0.00 sys=0.00, real=0.00 secs] 
17.860: [GC (CMS Initial Mark) [1 CMS-initial-mark: 4993K(6848K)] 4993K(9920K), 0.0001203 secs] [Times: user=0.00 sys=0.00, real=0.00 secs] 
17.860: [CMS-concurrent-mark-start]
17.860: [GC (Allocation Failure) 17.860: [ParNew: 0K->0K(3072K), 0.0003178 secs]17.860: [CMS17.867: [CMS-concurrent-mark: 0.001/0.007 secs] [Times: user=0.00 sys=0.00, real=0.01 secs] 
 (concurrent mode failure): 4993K->897K(6848K), 0.0089562 secs] 4993K->897K(9920K), [Metaspace: 3664K->3664K(1056768K)], 0.0093754 secs] [Times: user=0.00 sys=0.00, real=0.01 secs] 
17.870: [GC (Allocation Failure) 17.870: [ParNew: 0K->0K(3072K), 0.0004224 secs]17.870: [CMS: 4993K->897K(6848K), 0.0025835 secs] 4993K->897K(9920K), [Metaspace: 3664K->3664K(1056768K)], 0.0030981 secs] [Times: user=0.00 sys=0.00, real=0.00 secs] 
17.873: [GC (CMS Initial Mark) [1 CMS-initial-mark: 4993K(6848K)] 4993K(9920K), 0.0001254 secs] [Times: user=0.00 sys=0.00, real=0.00 secs] 
17.873: [CMS-concurrent-mark-start]
17.873: [GC (Allocation Failure) 17.873: [ParNew: 0K->0K(3072K), 0.0002026 secs]17.874: [CMS17.883: [CMS-concurrent-mark: 0.002/0.010 secs] [Times: user=0.00 sys=0.00, real=0.01 secs] 
 (concurrent mode failure): 4993K->897K(6848K), 0.0126311 secs] 4993K->897K(9920K), [Metaspace: 3664K->3664K(1056768K)], 0.0129342 secs] [Times: user=0.00 sys=0.00, real=0.01 secs] 
17.887: [GC (Allocation Failure) 17.887: [ParNew: 0K->0K(3072K), 0.0003667 secs]17.887: [CMS: 4993K->897K(6848K), 0.0027226 secs] 4993K->897K(9920K), [Metaspace: 3664K->3664K(1056768K)], 0.0032087 secs] [Times: user=0.00 sys=0.00, real=0.00 secs] 
17.890: [GC (CMS Initial Mark) [1 CMS-initial-mark: 4993K(6848K)] 4993K(9920K), 0.0001681 secs] [Times: user=0.00 sys=0.00, real=0.00 secs] 
17.891: [CMS-concurrent-mark-start]
17.891: [GC (Allocation Failure) 17.891: [ParNew: 0K->0K(3072K), 0.0002510 secs]17.891: [CMS17.898: [CMS-concurrent-mark: 0.001/0.007 secs] [Times: user=0.00 sys=0.00, real=0.01 secs] 
 (concurrent mode failure): 4993K->897K(6848K), 0.0091518 secs] 4993K->897K(9920K), [Metaspace: 3664K->3664K(1056768K)], 0.0094842 secs] [Times: user=0.00 sys=0.00, real=0.01 secs] 
17.901: [GC (Allocation Failure) 17.901: [ParNew: 0K->0K(3072K), 0.0003069 secs]17.901: [CMS: 4993K->897K(6848K), 0.0034453 secs] 4993K->897K(9920K), [Metaspace: 3664K->3664K(1056768K)], 0.0038503 secs] [Times: user=0.00 sys=0.00, real=0.00 secs] 
17.905: [GC (CMS Initial Mark) [1 CMS-initial-mark: 4993K(6848K)] 4993K(9920K), 0.0001263 secs] [Times: user=0.00 sys=0.00, real=0.00 secs] 
17.905: [CMS-concurrent-mark-start]
17.905: [GC (Allocation Failure) 17.905: [ParNew: 0K->0K(3072K), 0.0003011 secs]17.906: [CMS17.913: [CMS-concurrent-mark: 0.001/0.008 secs] [Times: user=0.00 sys=0.00, real=0.01 secs] 
 (concurrent mode failure): 4993K->897K(6848K), 0.0104704 secs] 4993K->897K(9920K), [Metaspace: 3664K->3664K(1056768K)], 0.0108655 secs] [Times: user=0.00 sys=0.00, real=0.01 secs] 
17.916: [GC (Allocation Failure) 17.916: [ParNew: 0K->0K(3072K), 0.0002788 secs]17.917: [CMS: 4993K->897K(6848K), 0.0021155 secs] 4993K->897K(9920K), [Metaspace: 3664K->3664K(1056768K)], 0.0025110 secs] [Times: user=0.00 sys=0.00, real=0.00 secs] 
17.919: [GC (CMS Initial Mark) [1 CMS-initial-mark: 4993K(6848K)] 4993K(9920K), 0.0001820 secs] [Times: user=0.00 sys=0.00, real=0.00 secs] 
17.920: [CMS-concurrent-mark-start]
17.920: [GC (Allocation Failure) 17.920: [ParNew: 0K->0K(3072K), 0.0003776 secs]17.920: [CMS17.929: [CMS-concurrent-mark: 0.002/0.009 secs] [Times: user=0.00 sys=0.00, real=0.01 secs] 
 (concurrent mode failure): 4993K->897K(6848K), 0.0117823 secs] 4993K->897K(9920K), [Metaspace: 3664K->3664K(1056768K)], 0.0122552 secs] [Times: user=0.00 sys=0.00, real=0.01 secs] 
17.932: [GC (Allocation Failure) 17.932: [ParNew: 0K->0K(3072K), 0.0004444 secs]17.933: [CMS: 4993K->897K(6848K), 0.0021376 secs] 4993K->897K(9920K), [Metaspace: 3664K->3664K(1056768K)], 0.0026618 secs] [Times: user=0.00 sys=0.00, real=0.00 secs] 
17.935: [GC (CMS Initial Mark) [1 CMS-initial-mark: 4993K(6848K)] 4993K(9920K), 0.0001489 secs] [Times: user=0.00 sys=0.00, real=0.00 secs] 
17.936: [CMS-concurrent-mark-start]
17.936: [GC (Allocation Failure) 17.936: [ParNew: 0K->0K(3072K), 0.0003015 secs]17.936: [CMS17.945: [CMS-concurrent-mark: 0.002/0.009 secs] [Times: user=0.00 sys=0.00, real=0.01 secs] 
 (concurrent mode failure): 4993K->897K(6848K), 0.0108964 secs] 4993K->897K(9920K), [Metaspace: 3664K->3664K(1056768K)], 0.0112934 secs] [Times: user=0.00 sys=0.00, real=0.01 secs] 
17.947: [GC (Allocation Failure) 17.947: [ParNew: 0K->0K(3072K), 0.0002268 secs]17.948: [CMS: 4993K->897K(6848K), 0.0021193 secs] 4993K->897K(9920K), [Metaspace: 3664K->3664K(1056768K)], 0.0024223 secs] [Times: user=0.00 sys=0.00, real=0.00 secs] 
17.950: [GC (CMS Initial Mark) [1 CMS-initial-mark: 4993K(6848K)] 4993K(9920K), 0.0001252 secs] [Times: user=0.00 sys=0.00, real=0.00 secs] 
17.950: [CMS-concurrent-mark-start]
17.950: [GC (Allocation Failure) 17.950: [ParNew: 0K->0K(3072K), 0.0002265 secs]17.951: [CMS17.960: [CMS-concurrent-mark: 0.001/0.009 secs] [Times: user=0.00 sys=0.00, real=0.01 secs] 
 (concurrent mode failure): 4993K->897K(6848K), 0.0119186 secs] 4993K->897K(9920K), [Metaspace: 3664K->3664K(1056768K)], 0.0122238 secs] [Times: user=0.00 sys=0.00, real=0.01 secs] 
17.963: [GC (Allocation Failure) 17.963: [ParNew: 0K->0K(3072K), 0.0003198 secs]17.963: [CMS: 4993K->897K(6848K), 0.0029118 secs] 4993K->897K(9920K), [Metaspace: 3664K->3664K(1056768K)], 0.0033296 secs] [Times: user=0.00 sys=0.00, real=0.00 secs] 
17.967: [GC (CMS Initial Mark) [1 CMS-initial-mark: 4993K(6848K)] 4993K(9920K), 0.0001418 secs] [Times: user=0.00 sys=0.00, real=0.00 secs] 
17.967: [CMS-concurrent-mark-start]
17.967: [GC (Allocation Failure) 17.967: [ParNew: 0K->0K(3072K), 0.0002004 secs]17.967: [CMS17.976: [CMS-concurrent-mark: 0.002/0.009 secs] [Times: user=0.00 sys=0.00, real=0.01 secs] 
 (concurrent mode failure): 4993K->897K(6848K), 0.0112002 secs] 4993K->897K(9920K), [Metaspace: 3664K->3664K(1056768K)], 0.0114730 secs] [Times: user=0.00 sys=0.00, real=0.01 secs] 
17.979: [GC (Allocation Failure) 17.979: [ParNew: 0K->0K(3072K), 0.0002780 secs]17.979: [CMS: 4993K->897K(6848K), 0.0019677 secs] 4993K->897K(9920K), [Metaspace: 3664K->3664K(1056768K)], 0.0023229 secs] [Times: user=0.00 sys=0.00, real=0.00 secs] 
17.981: [GC (CMS Initial Mark) [1 CMS-initial-mark: 4993K(6848K)] 4993K(9920K), 0.0001016 secs] [Times: user=0.00 sys=0.00, real=0.00 secs] 
17.982: [CMS-concurrent-mark-start]
17.982: [GC (Allocation Failure) 17.982: [ParNew: 0K->0K(3072K), 0.0002983 secs]17.982: [CMS17.991: [CMS-concurrent-mark: 0.001/0.009 secs] [Times: user=0.00 sys=0.00, real=0.01 secs] 
 (concurrent mode failure): 4993K->897K(6848K), 0.0106761 secs] 4993K->897K(9920K), [Metaspace: 3664K->3664K(1056768K)], 0.0110451 secs] [Times: user=0.00 sys=0.00, real=0.01 secs] 
17.993: [GC (Allocation Failure) 17.993: [ParNew: 0K->0K(3072K), 0.0002580 secs]17.993: [CMS: 4993K->897K(6848K), 0.0018231 secs] 4993K->897K(9920K), [Metaspace: 3664K->3664K(1056768K)], 0.0021429 secs] [Times: user=0.00 sys=0.00, real=0.00 secs] 
17.995: [GC (CMS Initial Mark) [1 CMS-initial-mark: 4993K(6848K)] 4993K(9920K), 0.0000746 secs] [Times: user=0.00 sys=0.00, real=0.00 secs] 
17.996: [CMS-concurrent-mark-start]
17.996: [GC (Allocation Failure) 17.996: [ParNew: 0K->0K(3072K), 0.0001966 secs]17.996: [CMS18.006: [CMS-concurrent-mark: 0.001/0.010 secs] [Times: user=0.03 sys=0.00, real=0.01 secs] 
 (concurrent mode failure): 4993K->897K(6848K), 0.0126933 secs] 4993K->897K(9920K), [Metaspace: 3664K->3664K(1056768K)], 0.0129609 secs] [Times: user=0.03 sys=0.00, real=0.01 secs] 
18.009: [GC (Allocation Failure) 18.009: [ParNew: 0K->0K(3072K), 0.0003007 secs]18.009: [CMS: 4993K->897K(6848K), 0.0018108 secs] 4993K->897K(9920K), [Metaspace: 3664K->3664K(1056768K)], 0.0021773 secs] [Times: user=0.00 sys=0.00, real=0.00 secs] 
18.011: [GC (CMS Initial Mark) [1 CMS-initial-mark: 4993K(6848K)] 4993K(9920K), 0.0001264 secs] [Times: user=0.00 sys=0.00, real=0.00 secs] 
18.012: [CMS-concurrent-mark-start]
18.012: [GC (Allocation Failure) 18.012: [ParNew: 0K->0K(3072K), 0.0002193 secs]18.012: [CMS18.022: [CMS-concurrent-mark: 0.002/0.010 secs] [Times: user=0.03 sys=0.00, real=0.01 secs] 
 (concurrent mode failure): 4993K->897K(6848K), 0.0125804 secs] 4993K->897K(9920K), [Metaspace: 3664K->3664K(1056768K)], 0.0128963 secs] [Times: user=0.03 sys=0.00, real=0.01 secs] 
18.025: [GC (Allocation Failure) 18.025: [ParNew: 0K->0K(3072K), 0.0002132 secs]18.025: [CMS: 4993K->897K(6848K), 0.0022762 secs] 4993K->897K(9920K), [Metaspace: 3664K->3664K(1056768K)], 0.0025573 secs] [Times: user=0.00 sys=0.00, real=0.00 secs] 
18.028: [GC (CMS Initial Mark) [1 CMS-initial-mark: 4993K(6848K)] 4993K(9920K), 0.0001348 secs] [Times: user=0.00 sys=0.00, real=0.00 secs] 
18.028: [CMS-concurrent-mark-start]
18.028: [GC (Allocation Failure) 18.028: [ParNew: 0K->0K(3072K), 0.0002613 secs]18.029: [CMS18.036: [CMS-concurrent-mark: 0.002/0.008 secs] [Times: user=0.02 sys=0.00, real=0.01 secs] 
 (concurrent mode failure): 4993K->897K(6848K), 0.0115322 secs] 4993K->897K(9920K), [Metaspace: 3664K->3664K(1056768K)], 0.0118826 secs] [Times: user=0.02 sys=0.00, real=0.01 secs] 
18.041: [GC (Allocation Failure) 18.041: [ParNew: 0K->0K(3072K), 0.0003150 secs]18.041: [CMS: 4993K->897K(6848K), 0.0020970 secs] 4993K->897K(9920K), [Metaspace: 3664K->3664K(1056768K)], 0.0024880 secs] [Times: user=0.00 sys=0.00, real=0.00 secs] 
18.043: [GC (CMS Initial Mark) [1 CMS-initial-mark: 4993K(6848K)] 4993K(9920K), 0.0001267 secs] [Times: user=0.00 sys=0.00, real=0.00 secs] 
18.044: [CMS-concurrent-mark-start]
18.044: [GC (Allocation Failure) 18.044: [ParNew: 0K->0K(3072K), 0.0002367 secs]18.044: [CMS18.051: [CMS-concurrent-mark: 0.001/0.008 secs] [Times: user=0.02 sys=0.00, real=0.01 secs] 
 (concurrent mode failure): 4993K->897K(6848K), 0.0106176 secs] 4993K->897K(9920K), [Metaspace: 3664K->3664K(1056768K)], 0.0109463 secs] [Times: user=0.02 sys=0.00, real=0.01 secs] 
18.055: [GC (Allocation Failure) 18.055: [ParNew: 0K->0K(3072K), 0.0002709 secs]18.055: [CMS: 4993K->897K(6848K), 0.0023357 secs] 4993K->897K(9920K), [Metaspace: 3664K->3664K(1056768K)], 0.0027046 secs] [Times: user=0.00 sys=0.00, real=0.00 secs] 
18.058: [GC (CMS Initial Mark) [1 CMS-initial-mark: 4993K(6848K)] 4993K(9920K), 0.0001234 secs] [Times: user=0.00 sys=0.00, real=0.00 secs] 
18.058: [CMS-concurrent-mark-start]
18.058: [GC (Allocation Failure) 18.058: [ParNew: 0K->0K(3072K), 0.0002253 secs]18.059: [CMS18.067: [CMS-concurrent-mark: 0.002/0.009 secs] [Times: user=0.00 sys=0.00, real=0.01 secs] 
 (concurrent mode failure): 4993K->897K(6848K), 0.0114425 secs] 4993K->897K(9920K), [Metaspace: 3664K->3664K(1056768K)], 0.0117585 secs] [Times: user=0.01 sys=0.00, real=0.01 secs] 
18.071: [GC (Allocation Failure) 18.071: [ParNew: 0K->0K(3072K), 0.0005074 secs]18.071: [CMS: 4993K->897K(6848K), 0.0022392 secs] 4993K->897K(9920K), [Metaspace: 3664K->3664K(1056768K)], 0.0028243 secs] [Times: user=0.00 sys=0.00, real=0.00 secs] 
18.074: [GC (CMS Initial Mark) [1 CMS-initial-mark: 4993K(6848K)] 4993K(9920K), 0.0001527 secs] [Times: user=0.00 sys=0.00, real=0.00 secs] 
18.074: [CMS-concurrent-mark-start]
18.074: [GC (Allocation Failure) 18.074: [ParNew: 0K->0K(3072K), 0.0001880 secs]18.074: [CMS18.083: [CMS-concurrent-mark: 0.002/0.009 secs] [Times: user=0.03 sys=0.00, real=0.01 secs] 
 (concurrent mode failure): 4993K->897K(6848K), 0.0115100 secs] 4993K->897K(9920K), [Metaspace: 3664K->3664K(1056768K)], 0.0117944 secs] [Times: user=0.03 sys=0.00, real=0.01 secs] 
18.086: [GC (Allocation Failure) 18.086: [ParNew: 0K->0K(3072K), 0.0003044 secs]18.087: [CMS: 4993K->897K(6848K), 0.0026672 secs] 4993K->897K(9920K), [Metaspace: 3664K->3664K(1056768K)], 0.0030668 secs] [Times: user=0.00 sys=0.00, real=0.00 secs] 
18.090: [GC (CMS Initial Mark) [1 CMS-initial-mark: 4993K(6848K)] 4993K(9920K), 0.0001039 secs] [Times: user=0.00 sys=0.00, real=0.00 secs] 
18.090: [CMS-concurrent-mark-start]
18.090: [GC (Allocation Failure) 18.090: [ParNew: 0K->0K(3072K), 0.0002204 secs]18.090: [CMS18.098: [CMS-concurrent-mark: 0.001/0.008 secs] [Times: user=0.00 sys=0.00, real=0.01 secs] 
 (concurrent mode failure): 4993K->897K(6848K), 0.0102176 secs] 4993K->897K(9920K), [Metaspace: 3664K->3664K(1056768K)], 0.0105134 secs] [Times: user=0.02 sys=0.00, real=0.01 secs] 
18.101: [GC (Allocation Failure) 18.101: [ParNew: 0K->0K(3072K), 0.0002376 secs]18.101: [CMS: 4993K->897K(6848K), 0.0025686 secs] 4993K->897K(9920K), [Metaspace: 3664K->3664K(1056768K)], 0.0029672 secs] [Times: user=0.00 sys=0.00, real=0.00 secs] 
18.105: [GC (CMS Initial Mark) [1 CMS-initial-mark: 4993K(6848K)] 4993K(9920K), 0.0003085 secs] [Times: user=0.00 sys=0.00, real=0.00 secs] 
18.105: [CMS-concurrent-mark-start]
18.105: [GC (Allocation Failure) 18.105: [ParNew: 0K->0K(3072K), 0.0002601 secs]18.105: [CMS18.114: [CMS-concurrent-mark: 0.002/0.009 secs] [Times: user=0.00 sys=0.00, real=0.01 secs] 
 (concurrent mode failure): 4993K->897K(6848K), 0.0114508 secs] 4993K->897K(9920K), [Metaspace: 3664K->3664K(1056768K)], 0.0117870 secs] [Times: user=0.00 sys=0.02, real=0.01 secs] 
18.117: [GC (Allocation Failure) 18.117: [ParNew: 0K->0K(3072K), 0.0003222 secs]18.118: [CMS: 4993K->897K(6848K), 0.0022527 secs] 4993K->897K(9920K), [Metaspace: 3664K->3664K(1056768K)], 0.0026566 secs] [Times: user=0.00 sys=0.00, real=0.00 secs] 
18.121: [GC (CMS Initial Mark) [1 CMS-initial-mark: 4993K(6848K)] 4993K(9920K), 0.0001209 secs] [Times: user=0.00 sys=0.00, real=0.00 secs] 
18.121: [CMS-concurrent-mark-start]
18.121: [GC (Allocation Failure) 18.121: [ParNew: 0K->0K(3072K), 0.0002079 secs]18.121: [CMS18.130: [CMS-concurrent-mark: 0.002/0.009 secs] [Times: user=0.03 sys=0.00, real=0.01 secs] 
 (concurrent mode failure): 4993K->897K(6848K), 0.0113144 secs] 4993K->897K(9920K), [Metaspace: 3664K->3664K(1056768K)], 0.0115894 secs] [Times: user=0.03 sys=0.00, real=0.01 secs] 
18.133: [GC (Allocation Failure) 18.133: [ParNew: 0K->0K(3072K), 0.0002263 secs]18.133: [CMS: 4993K->897K(6848K), 0.0017669 secs] 4993K->897K(9920K), [Metaspace: 3664K->3664K(1056768K)], 0.0020508 secs] [Times: user=0.00 sys=0.00, real=0.00 secs] 
18.135: [GC (CMS Initial Mark) [1 CMS-initial-mark: 4993K(6848K)] 4993K(9920K), 0.0000980 secs] [Times: user=0.00 sys=0.00, real=0.00 secs] 
18.135: [CMS-concurrent-mark-start]
18.135: [GC (Allocation Failure) 18.135: [ParNew: 0K->0K(3072K), 0.0002559 secs]18.136: [CMS18.146: [CMS-concurrent-mark: 0.002/0.010 secs] [Times: user=0.00 sys=0.00, real=0.01 secs] 
 (concurrent mode failure): 4993K->897K(6848K), 0.0120794 secs] 4993K->897K(9920K), [Metaspace: 3664K->3664K(1056768K)], 0.0124176 secs] [Times: user=0.02 sys=0.00, real=0.01 secs] 
18.148: [GC (Allocation Failure) 18.148: [ParNew: 0K->0K(3072K), 0.0002358 secs]18.148: [CMS: 4993K->897K(6848K), 0.0018829 secs] 4993K->897K(9920K), [Metaspace: 3664K->3664K(1056768K)], 0.0021830 secs] [Times: user=0.00 sys=0.00, real=0.00 secs] 
18.151: [GC (CMS Initial Mark) [1 CMS-initial-mark: 4993K(6848K)] 4993K(9920K), 0.0003024 secs] [Times: user=0.00 sys=0.00, real=0.00 secs] 
18.151: [CMS-concurrent-mark-start]
18.151: [GC (Allocation Failure) 18.151: [ParNew: 0K->0K(3072K), 0.0004392 secs]18.152: [CMS18.161: [CMS-concurrent-mark: 0.002/0.010 secs] [Times: user=0.00 sys=0.00, real=0.01 secs] 
 (concurrent mode failure): 4993K->897K(6848K), 0.0120116 secs] 4993K->897K(9920K), [Metaspace: 3664K->3664K(1056768K)], 0.0125285 secs] [Times: user=0.02 sys=0.00, real=0.01 secs] 
18.164: [GC (Allocation Failure) 18.164: [ParNew: 0K->0K(3072K), 0.0002371 secs]18.164: [CMS: 4993K->897K(6848K), 0.0020250 secs] 4993K->897K(9920K), [Metaspace: 3664K->3664K(1056768K)], 0.0023376 secs] [Times: user=0.00 sys=0.00, real=0.00 secs] 
18.167: [GC (CMS Initial Mark) [1 CMS-initial-mark: 4993K(6848K)] 4993K(9920K), 0.0001485 secs] [Times: user=0.00 sys=0.00, real=0.00 secs] 
18.167: [CMS-concurrent-mark-start]
18.167: [GC (Allocation Failure) 18.167: [ParNew: 0K->0K(3072K), 0.0002079 secs]18.167: [CMS18.177: [CMS-concurrent-mark: 0.001/0.010 secs] [Times: user=0.03 sys=0.00, real=0.01 secs] 
 (concurrent mode failure): 4993K->897K(6848K), 0.0117566 secs] 4993K->897K(9920K), [Metaspace: 3664K->3664K(1056768K)], 0.0120329 secs] [Times: user=0.03 sys=0.00, real=0.01 secs] 
18.179: [GC (Allocation Failure) 18.179: [ParNew: 0K->0K(3072K), 0.0002216 secs]18.180: [CMS: 4993K->897K(6848K), 0.0018225 secs] 4993K->897K(9920K), [Metaspace: 3664K->3664K(1056768K)], 0.0021088 secs] [Times: user=0.00 sys=0.00, real=0.00 secs] 
18.182: [GC (CMS Initial Mark) [1 CMS-initial-mark: 4993K(6848K)] 4993K(9920K), 0.0001204 secs] [Times: user=0.00 sys=0.00, real=0.00 secs] 
18.182: [CMS-concurrent-mark-start]
18.182: [GC (Allocation Failure) 18.182: [ParNew: 0K->0K(3072K), 0.0002034 secs]18.182: [CMS18.192: [CMS-concurrent-mark: 0.002/0.010 secs] [Times: user=0.00 sys=0.00, real=0.01 secs] 
 (concurrent mode failure): 4993K->897K(6848K), 0.0125145 secs] 4993K->897K(9920K), [Metaspace: 3664K->3664K(1056768K)], 0.0127908 secs] [Times: user=0.01 sys=0.00, real=0.01 secs] 
18.195: [GC (Allocation Failure) 18.195: [ParNew: 0K->0K(3072K), 0.0002099 secs]18.196: [CMS: 4993K->897K(6848K), 0.0018905 secs] 4993K->897K(9920K), [Metaspace: 3664K->3664K(1056768K)], 0.0021650 secs] [Times: user=0.00 sys=0.00, real=0.00 secs] 
18.198: [GC (CMS Initial Mark) [1 CMS-initial-mark: 4993K(6848K)] 4993K(9920K), 0.0000808 secs] [Times: user=0.00 sys=0.00, real=0.00 secs] 
18.198: [CMS-concurrent-mark-start]
18.198: [GC (Allocation Failure) 18.198: [ParNew: 0K->0K(3072K), 0.0001827 secs]18.198: [CMS18.208: [CMS-concurrent-mark: 0.001/0.010 secs] [Times: user=0.03 sys=0.00, real=0.01 secs] 
 (concurrent mode failure): 4993K->897K(6848K), 0.0119797 secs] 4993K->897K(9920K), [Metaspace: 3664K->3664K(1056768K)], 0.0122279 secs] [Times: user=0.03 sys=0.00, real=0.01 secs] 
18.211: [GC (Allocation Failure) 18.211: [ParNew: 0K->0K(3072K), 0.0002367 secs]18.211: [CMS: 4993K->897K(6848K), 0.0018182 secs] 4993K->897K(9920K), [Metaspace: 3664K->3664K(1056768K)], 0.0021369 secs] [Times: user=0.00 sys=0.00, real=0.00 secs] 
18.213: [GC (CMS Initial Mark) [1 CMS-initial-mark: 4993K(6848K)] 4993K(9920K), 0.0001642 secs] [Times: user=0.00 sys=0.00, real=0.00 secs] 
18.213: [CMS-concurrent-mark-start]
18.213: [GC (Allocation Failure) 18.214: [ParNew: 0K->0K(3072K), 0.0002227 secs]18.214: [CMS18.223: [CMS-concurrent-mark: 0.001/0.010 secs] [Times: user=0.03 sys=0.00, real=0.01 secs] 
 (concurrent mode failure): 4993K->897K(6848K), 0.0121675 secs] 4993K->897K(9920K), [Metaspace: 3664K->3664K(1056768K)], 0.0124605 secs] [Times: user=0.03 sys=0.00, real=0.01 secs] 
18.226: [GC (Allocation Failure) 18.226: [ParNew: 0K->0K(3072K), 0.0002301 secs]18.227: [CMS: 4993K->897K(6848K), 0.0017540 secs] 4993K->897K(9920K), [Metaspace: 3664K->3664K(1056768K)], 0.0020499 secs] [Times: user=0.00 sys=0.00, real=0.00 secs] 
18.229: [GC (CMS Initial Mark) [1 CMS-initial-mark: 4993K(6848K)] 4993K(9920K), 0.0000746 secs] [Times: user=0.00 sys=0.00, real=0.00 secs] 
18.229: [CMS-concurrent-mark-start]
18.229: [GC (Allocation Failure) 18.229: [ParNew: 0K->0K(3072K), 0.0001771 secs]18.229: [CMS18.239: [CMS-concurrent-mark: 0.001/0.011 secs] [Times: user=0.03 sys=0.00, real=0.01 secs] 
 (concurrent mode failure): 4993K->897K(6848K), 0.0124319 secs] 4993K->897K(9920K), [Metaspace: 3664K->3664K(1056768K)], 0.0126656 secs] [Times: user=0.03 sys=0.00, real=0.01 secs] 
18.242: [GC (Allocation Failure) 18.242: [ParNew: 0K->0K(3072K), 0.0002264 secs]18.242: [CMS: 4993K->897K(6848K), 0.0017360 secs] 4993K->897K(9920K), [Metaspace: 3664K->3664K(1056768K)], 0.0020345 secs] [Times: user=0.00 sys=0.00, real=0.00 secs] 
18.244: [GC (CMS Initial Mark) [1 CMS-initial-mark: 4993K(6848K)] 4993K(9920K), 0.0001185 secs] [Times: user=0.00 sys=0.00, real=0.00 secs] 
18.244: [CMS-concurrent-mark-start]
18.244: [GC (Allocation Failure) 18.244: [ParNew: 0K->0K(3072K), 0.0002420 secs]18.245: [CMS18.255: [CMS-concurrent-mark: 0.001/0.010 secs] [Times: user=0.03 sys=0.00, real=0.01 secs] 
 (concurrent mode failure): 4993K->897K(6848K), 0.0133104 secs] 4993K->897K(9920K), [Metaspace: 3664K->3664K(1056768K)], 0.0136298 secs] [Times: user=0.03 sys=0.00, real=0.01 secs] 
18.258: [GC (Allocation Failure) 18.258: [ParNew: 0K->0K(3072K), 0.0002138 secs]18.259: [CMS: 4993K->897K(6848K), 0.0019598 secs] 4993K->897K(9920K), [Metaspace: 3664K->3664K(1056768K)], 0.0022397 secs] [Times: user=0.00 sys=0.00, real=0.00 secs] 
18.261: [GC (CMS Initial Mark) [1 CMS-initial-mark: 4993K(6848K)] 4993K(9920K), 0.0001090 secs] [Times: user=0.00 sys=0.00, real=0.00 secs] 
18.261: [CMS-concurrent-mark-start]
18.261: [GC (Allocation Failure) 18.261: [ParNew: 0K->0K(3072K), 0.0002327 secs]18.262: [CMS18.271: [CMS-concurrent-mark: 0.002/0.009 secs] [Times: user=0.02 sys=0.00, real=0.01 secs] 
 (concurrent mode failure): 4993K->897K(6848K), 0.0122287 secs] 4993K->897K(9920K), [Metaspace: 3664K->3664K(1056768K)], 0.0125410 secs] [Times: user=0.02 sys=0.00, real=0.01 secs] 
18.274: [GC (Allocation Failure) 18.274: [ParNew: 0K->0K(3072K), 0.0002844 secs]18.275: [CMS: 4993K->897K(6848K), 0.0025131 secs] 4993K->897K(9920K), [Metaspace: 3664K->3664K(1056768K)], 0.0028861 secs] [Times: user=0.00 sys=0.00, real=0.00 secs] 
18.278: [GC (CMS Initial Mark) [1 CMS-initial-mark: 4993K(6848K)] 4993K(9920K), 0.0003065 secs] [Times: user=0.00 sys=0.00, real=0.00 secs] 
18.278: [CMS-concurrent-mark-start]
18.278: [GC (Allocation Failure) 18.278: [ParNew: 0K->0K(3072K), 0.0002769 secs]18.278: [CMS18.286: [CMS-concurrent-mark: 0.002/0.008 secs] [Times: user=0.00 sys=0.00, real=0.01 secs] 
 (concurrent mode failure): 4993K->897K(6848K), 0.0120198 secs] 4993K->897K(9920K), [Metaspace: 3664K->3664K(1056768K)], 0.0124177 secs] [Times: user=0.02 sys=0.00, real=0.01 secs] 
18.292: [GC (Allocation Failure) 18.292: [ParNew: 0K->0K(3072K), 0.0002857 secs]18.292: [CMS: 4993K->897K(6848K), 0.0023204 secs] 4993K->897K(9920K), [Metaspace: 3664K->3664K(1056768K)], 0.0027403 secs] [Times: user=0.00 sys=0.00, real=0.00 secs] 
18.295: [GC (CMS Initial Mark) [1 CMS-initial-mark: 4993K(6848K)] 4993K(9920K), 0.0001293 secs] [Times: user=0.00 sys=0.00, real=0.00 secs] 
18.295: [CMS-concurrent-mark-start]
18.296: [GC (Allocation Failure) 18.296: [ParNew: 0K->0K(3072K), 0.0002893 secs]18.296: [CMS18.301: [CMS-concurrent-mark: 0.001/0.006 secs] [Times: user=0.00 sys=0.00, real=0.01 secs] 
 (concurrent mode failure): 4993K->897K(6848K), 0.0105063 secs] 4993K->897K(9920K), [Metaspace: 3664K->3664K(1056768K)], 0.0109747 secs] [Times: user=0.02 sys=0.00, real=0.01 secs] 
18.307: [GC (Allocation Failure) 18.307: [ParNew: 0K->0K(3072K), 0.0002582 secs]18.308: [CMS: 4993K->897K(6848K), 0.0023765 secs] 4993K->897K(9920K), [Metaspace: 3664K->3664K(1056768K)], 0.0027138 secs] [Times: user=0.00 sys=0.00, real=0.00 secs] 
18.310: [GC (CMS Initial Mark) [1 CMS-initial-mark: 4993K(6848K)] 4993K(9920K), 0.0001622 secs] [Times: user=0.00 sys=0.00, real=0.00 secs] 
18.311: [CMS-concurrent-mark-start]
18.311: [GC (Allocation Failure) 18.311: [ParNew: 0K->0K(3072K), 0.0002778 secs]18.311: [CMS18.317: [CMS-concurrent-mark: 0.002/0.006 secs] [Times: user=0.00 sys=0.00, real=0.01 secs] 
 (concurrent mode failure): 4993K->897K(6848K), 0.0086304 secs] 4993K->897K(9920K), [Metaspace: 3664K->3664K(1056768K)], 0.0090068 secs] [Times: user=0.02 sys=0.00, real=0.01 secs] 
18.320: [GC (Allocation Failure) 18.320: [ParNew: 0K->0K(3072K), 0.0007591 secs]18.321: [CMS: 4993K->897K(6848K), 0.0040311 secs] 4993K->897K(9920K), [Metaspace: 3664K->3664K(1056768K)], 0.0049320 secs] [Times: user=0.00 sys=0.00, real=0.00 secs] 
18.326: [GC (CMS Initial Mark) [1 CMS-initial-mark: 4993K(6848K)] 4993K(9920K), 0.0001516 secs] [Times: user=0.00 sys=0.00, real=0.00 secs] 
18.326: [CMS-concurrent-mark-start]
18.326: [GC (Allocation Failure) 18.326: [ParNew: 0K->0K(3072K), 0.0002337 secs]18.326: [CMS18.332: [CMS-concurrent-mark: 0.001/0.006 secs] [Times: user=0.00 sys=0.00, real=0.01 secs] 
 (concurrent mode failure): 4993K->897K(6848K), 0.0084804 secs] 4993K->897K(9920K), [Metaspace: 3664K->3664K(1056768K)], 0.0087953 secs] [Times: user=0.02 sys=0.00, real=0.01 secs] 
18.335: [GC (Allocation Failure) 18.335: [ParNew: 0K->0K(3072K), 0.0002687 secs]18.335: [CMS: 4993K->897K(6848K), 0.0029965 secs] 4993K->897K(9920K), [Metaspace: 3664K->3664K(1056768K)], 0.0033462 secs] [Times: user=0.00 sys=0.00, real=0.00 secs] 
18.339: [GC (CMS Initial Mark) [1 CMS-initial-mark: 4993K(6848K)] 4993K(9920K), 0.0001551 secs] [Times: user=0.00 sys=0.00, real=0.00 secs] 
18.339: [CMS-concurrent-mark-start]
18.339: [GC (Allocation Failure) 18.339: [ParNew: 0K->0K(3072K), 0.0002271 secs]18.339: [CMS18.348: [CMS-concurrent-mark: 0.002/0.009 secs] [Times: user=0.00 sys=0.00, real=0.01 secs] 
 (concurrent mode failure): 4993K->897K(6848K), 0.0113034 secs] 4993K->897K(9920K), [Metaspace: 3664K->3664K(1056768K)], 0.0116153 secs] [Times: user=0.01 sys=0.00, real=0.01 secs] 
18.351: [GC (Allocation Failure) 18.351: [ParNew: 0K->0K(3072K), 0.0003163 secs]18.351: [CMS: 4993K->897K(6848K), 0.0026191 secs] 4993K->897K(9920K), [Metaspace: 3664K->3664K(1056768K)], 0.0030677 secs] [Times: user=0.00 sys=0.00, real=0.00 secs] 
18.354: [GC (CMS Initial Mark) [1 CMS-initial-mark: 4993K(6848K)] 4993K(9920K), 0.0002240 secs] [Times: user=0.00 sys=0.00, real=0.00 secs] 
18.355: [CMS-concurrent-mark-start]
18.355: [GC (Allocation Failure) 18.355: [ParNew: 0K->0K(3072K), 0.0003097 secs]18.355: [CMS18.364: [CMS-concurrent-mark: 0.002/0.009 secs] [Times: user=0.00 sys=0.00, real=0.01 secs] 
 (concurrent mode failure): 4993K->897K(6848K), 0.0115534 secs] 4993K->897K(9920K), [Metaspace: 3664K->3664K(1056768K)], 0.0119519 secs] [Times: user=0.02 sys=0.00, real=0.01 secs] 
18.367: [GC (Allocation Failure) 18.367: [ParNew: 0K->0K(3072K), 0.0003159 secs]18.368: [CMS: 4993K->897K(6848K), 0.0026536 secs] 4993K->897K(9920K), [Metaspace: 3664K->3664K(1056768K)], 0.0030503 secs] [Times: user=0.00 sys=0.00, real=0.00 secs] 
18.371: [GC (CMS Initial Mark) [1 CMS-initial-mark: 4993K(6848K)] 4993K(9920K), 0.0002084 secs] [Times: user=0.00 sys=0.00, real=0.00 secs] 
18.371: [CMS-concurrent-mark-start]
18.371: [GC (Allocation Failure) 18.371: [ParNew: 0K->0K(3072K), 0.0003222 secs]18.371: [CMS18.379: [CMS-concurrent-mark: 0.002/0.008 secs] [Times: user=0.00 sys=0.00, real=0.01 secs] 
 (concurrent mode failure): 4993K->897K(6848K), 0.0098602 secs] 4993K->897K(9920K), [Metaspace: 3664K->3664K(1056768K)], 0.0102542 secs] [Times: user=0.01 sys=0.00, real=0.01 secs] 
18.382: [GC (Allocation Failure) 18.382: [ParNew: 0K->0K(3072K), 0.0002584 secs]18.382: [CMS: 4993K->897K(6848K), 0.0025750 secs] 4993K->897K(9920K), [Metaspace: 3664K->3664K(1056768K)], 0.0029098 secs] [Times: user=0.00 sys=0.00, real=0.00 secs] 
18.385: [GC (CMS Initial Mark) [1 CMS-initial-mark: 4993K(6848K)] 4993K(9920K), 0.0001907 secs] [Times: user=0.00 sys=0.00, real=0.00 secs] 
18.385: [CMS-concurrent-mark-start]
18.385: [GC (Allocation Failure) 18.385: [ParNew: 0K->0K(3072K), 0.0002594 secs]18.385: [CMS18.394: [CMS-concurrent-mark: 0.001/0.009 secs] [Times: user=0.00 sys=0.00, real=0.01 secs] 
 (concurrent mode failure): 4993K->897K(6848K), 0.0103741 secs] 4993K->897K(9920K), [Metaspace: 3664K->3664K(1056768K)], 0.0107070 secs] [Times: user=0.02 sys=0.00, real=0.01 secs] 
18.396: [GC (Allocation Failure) 18.396: [ParNew: 0K->0K(3072K), 0.0002372 secs]18.397: [CMS: 4993K->897K(6848K), 0.0025189 secs] 4993K->897K(9920K), [Metaspace: 3664K->3664K(1056768K)], 0.0028502 secs] [Times: user=0.00 sys=0.00, real=0.00 secs] 
18.399: [GC (CMS Initial Mark) [1 CMS-initial-mark: 4993K(6848K)] 4993K(9920K), 0.0001512 secs] [Times: user=0.00 sys=0.00, real=0.00 secs] 
18.400: [CMS-concurrent-mark-start]
18.400: [GC (Allocation Failure) 18.400: [ParNew: 0K->0K(3072K), 0.0002522 secs]18.400: [CMS18.409: [CMS-concurrent-mark: 0.001/0.010 secs] [Times: user=0.00 sys=0.00, real=0.01 secs] 
 (concurrent mode failure): 4993K->897K(6848K), 0.0125153 secs] 4993K->897K(9920K), [Metaspace: 3664K->3664K(1056768K)], 0.0128313 secs] [Times: user=0.02 sys=0.00, real=0.01 secs] 
18.413: [GC (Allocation Failure) 18.413: [ParNew: 0K->0K(3072K), 0.0002840 secs]18.413: [CMS: 4993K->897K(6848K), 0.0035171 secs] 4993K->897K(9920K), [Metaspace: 3664K->3664K(1056768K)], 0.0038852 secs] [Times: user=0.00 sys=0.00, real=0.00 secs] 
18.417: [GC (CMS Initial Mark) [1 CMS-initial-mark: 4993K(6848K)] 4993K(9920K), 0.0004026 secs] [Times: user=0.00 sys=0.00, real=0.00 secs] 
18.418: [CMS-concurrent-mark-start]
18.418: [GC (Allocation Failure) 18.418: [ParNew: 0K->0K(3072K), 0.0003275 secs]18.418: [CMS18.425: [CMS-concurrent-mark: 0.001/0.007 secs] [Times: user=0.00 sys=0.00, real=0.01 secs] 
 (concurrent mode failure): 4993K->897K(6848K), 0.0090605 secs] 4993K->897K(9920K), [Metaspace: 3664K->3664K(1056768K)], 0.0094542 secs] [Times: user=0.02 sys=0.00, real=0.01 secs] 
18.428: [GC (Allocation Failure) 18.428: [ParNew: 0K->0K(3072K), 0.0003074 secs]18.428: [CMS: 4993K->897K(6848K), 0.0017361 secs] 4993K->897K(9920K), [Metaspace: 3664K->3664K(1056768K)], 0.0021086 secs] [Times: user=0.00 sys=0.00, real=0.00 secs] 
18.430: [GC (CMS Initial Mark) [1 CMS-initial-mark: 4993K(6848K)] 4993K(9920K), 0.0002366 secs] [Times: user=0.00 sys=0.00, real=0.00 secs] 
18.430: [CMS-concurrent-mark-start]
18.430: [GC (Allocation Failure) 18.431: [ParNew: 0K->0K(3072K), 0.0002236 secs]18.431: [CMS18.441: [CMS-concurrent-mark: 0.002/0.011 secs] [Times: user=0.00 sys=0.00, real=0.01 secs] 
 (concurrent mode failure): 4993K->897K(6848K), 0.0126913 secs] 4993K->897K(9920K), [Metaspace: 3664K->3664K(1056768K)], 0.0130060 secs] [Times: user=0.02 sys=0.00, real=0.01 secs] 
18.444: [GC (Allocation Failure) 18.444: [ParNew: 0K->0K(3072K), 0.0002547 secs]18.444: [CMS: 4993K->897K(6848K), 0.0021611 secs] 4993K->897K(9920K), [Metaspace: 3664K->3664K(1056768K)], 0.0024830 secs] [Times: user=0.00 sys=0.00, real=0.00 secs] 
18.447: [GC (CMS Initial Mark) [1 CMS-initial-mark: 4993K(6848K)] 4993K(9920K), 0.0000849 secs] [Times: user=0.00 sys=0.00, real=0.00 secs] 
18.447: [CMS-concurrent-mark-start]
18.447: [GC (Allocation Failure) 18.447: [ParNew: 0K->0K(3072K), 0.0001797 secs]18.447: [CMS18.457: [CMS-concurrent-mark: 0.002/0.010 secs] [Times: user=0.00 sys=0.00, real=0.01 secs] 
 (concurrent mode failure): 4993K->897K(6848K), 0.0120059 secs] 4993K->897K(9920K), [Metaspace: 3664K->3664K(1056768K)], 0.0122518 secs] [Times: user=0.02 sys=0.00, real=0.01 secs] 
18.459: [GC (Allocation Failure) 18.459: [ParNew: 0K->0K(3072K), 0.0003116 secs]18.460: [CMS: 4993K->897K(6848K), 0.0017339 secs] 4993K->897K(9920K), [Metaspace: 3664K->3664K(1056768K)], 0.0021055 secs] [Times: user=0.00 sys=0.00, real=0.00 secs] 
18.462: [GC (CMS Initial Mark) [1 CMS-initial-mark: 4993K(6848K)] 4993K(9920K), 0.0001091 secs] [Times: user=0.00 sys=0.00, real=0.00 secs] 
18.462: [CMS-concurrent-mark-start]
18.462: [GC (Allocation Failure) 18.462: [ParNew: 0K->0K(3072K), 0.0002863 secs]18.463: [CMS18.472: [CMS-concurrent-mark: 0.001/0.010 secs] [Times: user=0.00 sys=0.00, real=0.01 secs] 
 (concurrent mode failure): 4993K->897K(6848K), 0.0121431 secs] 4993K->897K(9920K), [Metaspace: 3664K->3664K(1056768K)], 0.0125026 secs] [Times: user=0.01 sys=0.00, real=0.01 secs] 
18.475: [GC (Allocation Failure) 18.475: [ParNew: 0K->0K(3072K), 0.0002389 secs]18.475: [CMS: 4993K->897K(6848K), 0.0017576 secs] 4993K->897K(9920K), [Metaspace: 3664K->3664K(1056768K)], 0.0020564 secs] [Times: user=0.00 sys=0.00, real=0.00 secs] 
18.478: [GC (CMS Initial Mark) [1 CMS-initial-mark: 4993K(6848K)] 4993K(9920K), 0.0001243 secs] [Times: user=0.00 sys=0.00, real=0.00 secs] 
18.478: [CMS-concurrent-mark-start]
18.478: [GC (Allocation Failure) 18.478: [ParNew: 0K->0K(3072K), 0.0002202 secs]18.478: [CMS18.488: [CMS-concurrent-mark: 0.002/0.010 secs] [Times: user=0.00 sys=0.00, real=0.01 secs] 
 (concurrent mode failure): 4993K->897K(6848K), 0.0128126 secs] 4993K->897K(9920K), [Metaspace: 3664K->3664K(1056768K)], 0.0131057 secs] [Times: user=0.02 sys=0.00, real=0.01 secs] 
18.491: [GC (Allocation Failure) 18.491: [ParNew: 0K->0K(3072K), 0.0003247 secs]18.492: [CMS: 4993K->897K(6848K), 0.0019449 secs] 4993K->897K(9920K), [Metaspace: 3664K->3664K(1056768K)], 0.0023394 secs] [Times: user=0.00 sys=0.00, real=0.00 secs] 
18.494: [GC (CMS Initial Mark) [1 CMS-initial-mark: 4993K(6848K)] 4993K(9920K), 0.0001472 secs] [Times: user=0.00 sys=0.00, real=0.00 secs] 
18.494: [CMS-concurrent-mark-start]
18.494: [GC (Allocation Failure) 18.494: [ParNew: 0K->0K(3072K), 0.0002079 secs]18.494: [CMS18.504: [CMS-concurrent-mark: 0.002/0.009 secs] [Times: user=0.00 sys=0.00, real=0.01 secs] 
 (concurrent mode failure): 4993K->897K(6848K), 0.0121627 secs] 4993K->897K(9920K), [Metaspace: 3664K->3664K(1056768K)], 0.0124401 secs] [Times: user=0.01 sys=0.00, real=0.01 secs] 
18.507: [GC (Allocation Failure) 18.507: [ParNew: 0K->0K(3072K), 0.0003001 secs]18.507: [CMS: 4993K->897K(6848K), 0.0018907 secs] 4993K->897K(9920K), [Metaspace: 3664K->3664K(1056768K)], 0.0022591 secs] [Times: user=0.00 sys=0.00, real=0.00 secs] 
18.510: [GC (CMS Initial Mark) [1 CMS-initial-mark: 4993K(6848K)] 4993K(9920K), 0.0001415 secs] [Times: user=0.00 sys=0.00, real=0.00 secs] 
18.510: [CMS-concurrent-mark-start]
18.510: [GC (Allocation Failure) 18.510: [ParNew: 0K->0K(3072K), 0.0002395 secs]18.510: [CMS18.519: [CMS-concurrent-mark: 0.002/0.009 secs] [Times: user=0.00 sys=0.00, real=0.01 secs] 
 (concurrent mode failure): 4993K->897K(6848K), 0.0118129 secs] 4993K->897K(9920K), [Metaspace: 3664K->3664K(1056768K)], 0.0121267 secs] [Times: user=0.02 sys=0.00, real=0.01 secs] 
18.523: [GC (Allocation Failure) 18.523: [ParNew: 0K->0K(3072K), 0.0002906 secs]18.523: [CMS: 4993K->897K(6848K), 0.0018707 secs] 4993K->897K(9920K), [Metaspace: 3664K->3664K(1056768K)], 0.0022273 secs] [Times: user=0.00 sys=0.00, real=0.00 secs] 
18.525: [GC (CMS Initial Mark) [1 CMS-initial-mark: 4993K(6848K)] 4993K(9920K), 0.0002566 secs] [Times: user=0.00 sys=0.00, real=0.00 secs] 
18.525: [CMS-concurrent-mark-start]
18.526: [GC (Allocation Failure) 18.526: [ParNew: 0K->0K(3072K), 0.0001985 secs]18.526: [CMS18.534: [CMS-concurrent-mark: 0.002/0.009 secs] [Times: user=0.00 sys=0.00, real=0.01 secs] 
 (concurrent mode failure): 4993K->897K(6848K), 0.0112974 secs] 4993K->897K(9920K), [Metaspace: 3664K->3664K(1056768K)], 0.0115818 secs] [Times: user=0.00 sys=0.00, real=0.01 secs] 
18.537: [GC (Allocation Failure) 18.537: [ParNew: 0K->0K(3072K), 0.0003058 secs]18.538: [CMS: 4993K->897K(6848K), 0.0018177 secs] 4993K->897K(9920K), [Metaspace: 3664K->3664K(1056768K)], 0.0021816 secs] [Times: user=0.00 sys=0.00, real=0.00 secs] 
18.540: [GC (CMS Initial Mark) [1 CMS-initial-mark: 4993K(6848K)] 4993K(9920K), 0.0001082 secs] [Times: user=0.00 sys=0.00, real=0.00 secs] 
18.540: [CMS-concurrent-mark-start]
18.540: [GC (Allocation Failure) 18.540: [ParNew: 0K->0K(3072K), 0.0002069 secs]18.540: [CMS18.550: [CMS-concurrent-mark: 0.002/0.010 secs] [Times: user=0.00 sys=0.00, real=0.01 secs] 
 (concurrent mode failure): 4993K->897K(6848K), 0.0119820 secs] 4993K->897K(9920K), [Metaspace: 3664K->3664K(1056768K)], 0.0122844 secs] [Times: user=0.02 sys=0.00, real=0.01 secs] 
18.553: [GC (Allocation Failure) 18.553: [ParNew: 0K->0K(3072K), 0.0003947 secs]18.553: [CMS: 4993K->897K(6848K), 0.0027820 secs] 4993K->897K(9920K), [Metaspace: 3664K->3664K(1056768K)], 0.0032937 secs] [Times: user=0.00 sys=0.00, real=0.00 secs] 
18.557: [GC (CMS Initial Mark) [1 CMS-initial-mark: 4993K(6848K)] 4993K(9920K), 0.0001343 secs] [Times: user=0.00 sys=0.00, real=0.00 secs] 
18.557: [CMS-concurrent-mark-start]
18.557: [GC (Allocation Failure) 18.557: [ParNew: 0K->0K(3072K), 0.0002273 secs]18.557: [CMS18.565: [CMS-concurrent-mark: 0.002/0.008 secs] [Times: user=0.00 sys=0.00, real=0.01 secs] 
 (concurrent mode failure): 4993K->897K(6848K), 0.0097788 secs] 4993K->897K(9920K), [Metaspace: 3664K->3664K(1056768K)], 0.0100837 secs] [Times: user=0.02 sys=0.00, real=0.01 secs] 
18.567: [GC (Allocation Failure) 18.567: [ParNew: 0K->0K(3072K), 0.0002190 secs]18.568: [CMS: 4993K->897K(6848K), 0.0020134 secs] 4993K->897K(9920K), [Metaspace: 3664K->3664K(1056768K)], 0.0023729 secs] [Times: user=0.00 sys=0.00, real=0.00 secs] 
18.570: [GC (Allocation Failure) 18.570: [ParNew: 0K->0K(3072K), 0.0002446 secs]18.570: [CMS: 4993K->897K(6848K), 0.0018439 secs] 4993K->897K(9920K), [Metaspace: 3664K->3664K(1056768K)], 0.0021530 secs] [Times: user=0.00 sys=0.00, real=0.00 secs] 
18.573: [GC (CMS Initial Mark) [1 CMS-initial-mark: 4993K(6848K)] 4993K(9920K), 0.0001121 secs] [Times: user=0.00 sys=0.00, real=0.00 secs] 
18.573: [CMS-concurrent-mark-start]
18.573: [GC (Allocation Failure) 18.573: [ParNew: 0K->0K(3072K), 0.0002000 secs]18.573: [CMS18.580: [CMS-concurrent-mark: 0.001/0.007 secs] [Times: user=0.00 sys=0.00, real=0.01 secs] 
 (concurrent mode failure): 4993K->897K(6848K), 0.0088920 secs] 4993K->897K(9920K), [Metaspace: 3664K->3664K(1056768K)], 0.0091672 secs] [Times: user=0.00 sys=0.00, real=0.01 secs] 
18.582: [GC (Allocation Failure) 18.582: [ParNew: 0K->0K(3072K), 0.0002719 secs]18.583: [CMS: 4993K->897K(6848K), 0.0017260 secs] 4993K->897K(9920K), [Metaspace: 3664K->3664K(1056768K)], 0.0020654 secs] [Times: user=0.02 sys=0.00, real=0.00 secs] 
18.585: [GC (CMS Initial Mark) [1 CMS-initial-mark: 4993K(6848K)] 4993K(9920K), 0.0000846 secs] [Times: user=0.00 sys=0.00, real=0.00 secs] 
18.585: [CMS-concurrent-mark-start]
18.585: [GC (Allocation Failure) 18.585: [ParNew: 0K->0K(3072K), 0.0003399 secs]18.585: [CMS18.595: [CMS-concurrent-mark: 0.002/0.010 secs] [Times: user=0.00 sys=0.00, real=0.01 secs] 
 (concurrent mode failure): 4993K->897K(6848K), 0.0122775 secs] 4993K->897K(9920K), [Metaspace: 3664K->3664K(1056768K)], 0.0126946 secs] [Times: user=0.00 sys=0.00, real=0.01 secs] 
18.598: [GC (Allocation Failure) 18.598: [ParNew: 0K->0K(3072K), 0.0001975 secs]18.598: [CMS: 4993K->897K(6848K), 0.0019462 secs] 4993K->897K(9920K), [Metaspace: 3664K->3664K(1056768K)], 0.0022029 secs] [Times: user=0.02 sys=0.00, real=0.00 secs] 
18.601: [GC (CMS Initial Mark) [1 CMS-initial-mark: 4993K(6848K)] 4993K(9920K), 0.0001306 secs] [Times: user=0.00 sys=0.00, real=0.00 secs] 
18.601: [CMS-concurrent-mark-start]
18.601: [GC (Allocation Failure) 18.601: [ParNew: 0K->0K(3072K), 0.0001934 secs]18.601: [CMS18.610: [CMS-concurrent-mark: 0.001/0.010 secs] [Times: user=0.00 sys=0.00, real=0.01 secs] 
 (concurrent mode failure): 4993K->897K(6848K), 0.0115780 secs] 4993K->897K(9920K), [Metaspace: 3664K->3664K(1056768K)], 0.0118543 secs] [Times: user=0.00 sys=0.00, real=0.01 secs] 
18.613: [GC (Allocation Failure) 18.613: [ParNew: 0K->0K(3072K), 0.0002289 secs]18.613: [CMS: 4993K->897K(6848K), 0.0018179 secs] 4993K->897K(9920K), [Metaspace: 3664K->3664K(1056768K)], 0.0021070 secs] [Times: user=0.01 sys=0.00, real=0.00 secs] 
18.616: [GC (CMS Initial Mark) [1 CMS-initial-mark: 4993K(6848K)] 4993K(9920K), 0.0002246 secs] [Times: user=0.00 sys=0.00, real=0.00 secs] 
18.616: [CMS-concurrent-mark-start]
18.616: [GC (Allocation Failure) 18.616: [ParNew: 0K->0K(3072K), 0.0002248 secs]18.616: [CMS18.626: [CMS-concurrent-mark: 0.001/0.011 secs] [Times: user=0.00 sys=0.00, real=0.01 secs] 
 (concurrent mode failure): 4993K->897K(6848K), 0.0126398 secs] 4993K->897K(9920K), [Metaspace: 3664K->3664K(1056768K)], 0.0129431 secs] [Times: user=0.00 sys=0.00, real=0.01 secs] 
18.629: [GC (Allocation Failure) 18.629: [ParNew: 0K->0K(3072K), 0.0002717 secs]18.629: [CMS: 4993K->897K(6848K), 0.0020258 secs] 4993K->897K(9920K), [Metaspace: 3664K->3664K(1056768K)], 0.0023822 secs] [Times: user=0.02 sys=0.00, real=0.00 secs] 
18.632: [GC (CMS Initial Mark) [1 CMS-initial-mark: 4993K(6848K)] 4993K(9920K), 0.0002184 secs] [Times: user=0.00 sys=0.00, real=0.00 secs] 
18.632: [CMS-concurrent-mark-start]
18.632: [GC (Allocation Failure) 18.632: [ParNew: 0K->0K(3072K), 0.0002762 secs]18.633: [CMS18.642: [CMS-concurrent-mark: 0.002/0.010 secs] [Times: user=0.00 sys=0.00, real=0.01 secs] 
 (concurrent mode failure): 4993K->897K(6848K), 0.0116519 secs] 4993K->897K(9920K), [Metaspace: 3664K->3664K(1056768K)], 0.0120044 secs] [Times: user=0.00 sys=0.00, real=0.01 secs] 
18.645: [GC (Allocation Failure) 18.645: [ParNew: 0K->0K(3072K), 0.0002253 secs]18.645: [CMS: 4993K->897K(6848K), 0.0018098 secs] 4993K->897K(9920K), [Metaspace: 3664K->3664K(1056768K)], 0.0020995 secs] [Times: user=0.01 sys=0.00, real=0.00 secs] 
18.647: [GC (CMS Initial Mark) [1 CMS-initial-mark: 4993K(6848K)] 4993K(9920K), 0.0001180 secs] [Times: user=0.00 sys=0.00, real=0.00 secs] 
18.647: [CMS-concurrent-mark-start]
18.647: [GC (Allocation Failure) 18.647: [ParNew: 0K->0K(3072K), 0.0002082 secs]18.648: [CMS18.657: [CMS-concurrent-mark: 0.001/0.009 secs] [Times: user=0.00 sys=0.00, real=0.01 secs] 
 (concurrent mode failure): 4993K->897K(6848K), 0.0113152 secs] 4993K->897K(9920K), [Metaspace: 3664K->3664K(1056768K)], 0.0115902 secs] [Times: user=0.00 sys=0.00, real=0.01 secs] 
18.659: [GC (Allocation Failure) 18.659: [ParNew: 0K->0K(3072K), 0.0002266 secs]18.659: [CMS: 4993K->897K(6848K), 0.0017652 secs] 4993K->897K(9920K), [Metaspace: 3664K->3664K(1056768K)], 0.0020574 secs] [Times: user=0.00 sys=0.00, real=0.00 secs] 
18.662: [GC (CMS Initial Mark) [1 CMS-initial-mark: 4993K(6848K)] 4993K(9920K), 0.0001189 secs] [Times: user=0.00 sys=0.00, real=0.00 secs] 
18.662: [CMS-concurrent-mark-start]
18.662: [GC (Allocation Failure) 18.662: [ParNew: 0K->0K(3072K), 0.0002222 secs]18.662: [CMS18.673: [CMS-concurrent-mark: 0.002/0.011 secs] [Times: user=0.00 sys=0.00, real=0.01 secs] 
 (concurrent mode failure): 4993K->897K(6848K), 0.0132191 secs] 4993K->897K(9920K), [Metaspace: 3664K->3664K(1056768K)], 0.0135084 secs] [Times: user=0.00 sys=0.00, real=0.01 secs] 
18.676: [GC (Allocation Failure) 18.676: [ParNew: 0K->0K(3072K), 0.0002139 secs]18.676: [CMS: 4993K->897K(6848K), 0.0018863 secs] 4993K->897K(9920K), [Metaspace: 3664K->3664K(1056768K)], 0.0021648 secs] [Times: user=0.02 sys=0.00, real=0.00 secs] 
18.678: [GC (CMS Initial Mark) [1 CMS-initial-mark: 4993K(6848K)] 4993K(9920K), 0.0001271 secs] [Times: user=0.00 sys=0.00, real=0.00 secs] 
18.678: [CMS-concurrent-mark-start]
18.678: [GC (Allocation Failure) 18.678: [ParNew: 0K->0K(3072K), 0.0002509 secs]18.679: [CMS18.688: [CMS-concurrent-mark: 0.002/0.010 secs] [Times: user=0.00 sys=0.00, real=0.01 secs] 
 (concurrent mode failure): 4993K->897K(6848K), 0.0119064 secs] 4993K->897K(9920K), [Metaspace: 3664K->3664K(1056768K)], 0.0122251 secs] [Times: user=0.00 sys=0.00, real=0.01 secs] 
18.691: [GC (Allocation Failure) 18.691: [ParNew: 0K->0K(3072K), 0.0002086 secs]18.691: [CMS: 4993K->897K(6848K), 0.0017696 secs] 4993K->897K(9920K), [Metaspace: 3664K->3664K(1056768K)], 0.0020407 secs] [Times: user=0.02 sys=0.00, real=0.00 secs] 
18.693: [GC (CMS Initial Mark) [1 CMS-initial-mark: 4993K(6848K)] 4993K(9920K), 0.0001162 secs] [Times: user=0.00 sys=0.00, real=0.00 secs] 
18.693: [CMS-concurrent-mark-start]
18.693: [GC (Allocation Failure) 18.693: [ParNew: 0K->0K(3072K), 0.0002397 secs]18.694: [CMS18.705: [CMS-concurrent-mark: 0.002/0.011 secs] [Times: user=0.00 sys=0.00, real=0.01 secs] 
 (concurrent mode failure): 4993K->897K(6848K), 0.0137578 secs] 4993K->897K(9920K), [Metaspace: 3664K->3664K(1056768K)], 0.0140723 secs] [Times: user=0.00 sys=0.00, real=0.01 secs] 
18.708: [GC (Allocation Failure) 18.708: [ParNew: 0K->0K(3072K), 0.0002800 secs]18.708: [CMS: 4993K->897K(6848K), 0.0020031 secs] 4993K->897K(9920K), [Metaspace: 3664K->3664K(1056768K)], 0.0023547 secs] [Times: user=0.00 sys=0.00, real=0.00 secs] 
18.711: [GC (CMS Initial Mark) [1 CMS-initial-mark: 4993K(6848K)] 4993K(9920K), 0.0001182 secs] [Times: user=0.00 sys=0.00, real=0.00 secs] 
18.711: [CMS-concurrent-mark-start]
18.711: [GC (Allocation Failure) 18.711: [ParNew: 0K->0K(3072K), 0.0002108 secs]18.711: [CMS18.720: [CMS-concurrent-mark: 0.002/0.009 secs] [Times: user=0.00 sys=0.00, real=0.01 secs] 
 (concurrent mode failure): 4993K->897K(6848K), 0.0119180 secs] 4993K->897K(9920K), [Metaspace: 3664K->3664K(1056768K)], 0.0122076 secs] [Times: user=0.02 sys=0.00, real=0.01 secs] 
18.724: [GC (Allocation Failure) 18.724: [ParNew: 0K->0K(3072K), 0.0003591 secs]18.724: [CMS: 4993K->897K(6848K), 0.0028240 secs] 4993K->897K(9920K), [Metaspace: 3664K->3664K(1056768K)], 0.0033055 secs] [Times: user=0.00 sys=0.00, real=0.00 secs] 
18.727: [GC (CMS Initial Mark) [1 CMS-initial-mark: 4993K(6848K)] 4993K(9920K), 0.0001703 secs] [Times: user=0.00 sys=0.00, real=0.00 secs] 
18.728: [CMS-concurrent-mark-start]
18.728: [GC (Allocation Failure) 18.728: [ParNew: 0K->0K(3072K), 0.0002069 secs]18.728: [CMS18.735: [CMS-concurrent-mark: 0.001/0.008 secs] [Times: user=0.00 sys=0.00, real=0.01 secs] 
 (concurrent mode failure): 4993K->897K(6848K), 0.0110234 secs] 4993K->897K(9920K), [Metaspace: 3664K->3664K(1056768K)], 0.0113371 secs] [Times: user=0.02 sys=0.00, real=0.01 secs] 
18.739: [GC (Allocation Failure) 18.739: [ParNew: 0K->0K(3072K), 0.0002592 secs]18.740: [CMS: 4993K->897K(6848K), 0.0022062 secs] 4993K->897K(9920K), [Metaspace: 3664K->3664K(1056768K)], 0.0025430 secs] [Times: user=0.00 sys=0.00, real=0.00 secs] 
18.742: [GC (CMS Initial Mark) [1 CMS-initial-mark: 4993K(6848K)] 4993K(9920K), 0.0001348 secs] [Times: user=0.00 sys=0.00, real=0.00 secs] 
18.742: [CMS-concurrent-mark-start]
18.742: [GC (Allocation Failure) 18.742: [ParNew: 0K->0K(3072K), 0.0003305 secs]18.743: [CMS18.750: [CMS-concurrent-mark: 0.002/0.008 secs] [Times: user=0.00 sys=0.00, real=0.01 secs] 
 (concurrent mode failure): 4993K->897K(6848K), 0.0106101 secs] 4993K->897K(9920K), [Metaspace: 3664K->3664K(1056768K)], 0.0110400 secs] [Times: user=0.00 sys=0.00, real=0.01 secs] 
18.754: [GC (Allocation Failure) 18.754: [ParNew: 0K->0K(3072K), 0.0002319 secs]18.754: [CMS: 4993K->897K(6848K), 0.0021879 secs] 4993K->897K(9920K), [Metaspace: 3664K->3664K(1056768K)], 0.0025105 secs] [Times: user=0.01 sys=0.00, real=0.00 secs] 
18.757: [GC (CMS Initial Mark) [1 CMS-initial-mark: 4993K(6848K)] 4993K(9920K), 0.0001518 secs] [Times: user=0.00 sys=0.00, real=0.00 secs] 
18.757: [CMS-concurrent-mark-start]
18.757: [GC (Allocation Failure) 18.757: [ParNew: 0K->0K(3072K), 0.0003240 secs]18.758: [CMS18.766: [CMS-concurrent-mark: 0.001/0.009 secs] [Times: user=0.00 sys=0.00, real=0.01 secs] 
 (concurrent mode failure): 4993K->897K(6848K), 0.0122203 secs] 4993K->897K(9920K), [Metaspace: 3664K->3664K(1056768K)], 0.0126429 secs] [Times: user=0.00 sys=0.00, real=0.01 secs] 
18.770: [GC (Allocation Failure) 18.770: [ParNew: 0K->0K(3072K), 0.0006012 secs]18.771: [CMS: 4993K->897K(6848K), 0.0027425 secs] 4993K->897K(9920K), [Metaspace: 3664K->3664K(1056768K)], 0.0034519 secs] [Times: user=0.00 sys=0.00, real=0.00 secs] 
18.774: [GC (CMS Initial Mark) [1 CMS-initial-mark: 4993K(6848K)] 4993K(9920K), 0.0000941 secs] [Times: user=0.00 sys=0.00, real=0.00 secs] 
18.774: [CMS-concurrent-mark-start]
18.774: [GC (Allocation Failure) 18.774: [ParNew: 0K->0K(3072K), 0.0002055 secs]18.774: [CMS18.782: [CMS-concurrent-mark: 0.002/0.008 secs] [Times: user=0.00 sys=0.00, real=0.01 secs] 
 (concurrent mode failure): 4993K->897K(6848K), 0.0099639 secs] 4993K->897K(9920K), [Metaspace: 3664K->3664K(1056768K)], 0.0102420 secs] [Times: user=0.00 sys=0.00, real=0.01 secs] 
18.785: [GC (Allocation Failure) 18.785: [ParNew: 0K->0K(3072K), 0.0003556 secs]18.785: [CMS: 4993K->897K(6848K), 0.0037064 secs] 4993K->897K(9920K), [Metaspace: 3664K->3664K(1056768K)], 0.0041625 secs] [Times: user=0.02 sys=0.00, real=0.00 secs] 
18.789: [GC (CMS Initial Mark) [1 CMS-initial-mark: 4993K(6848K)] 4993K(9920K), 0.0002852 secs] [Times: user=0.00 sys=0.00, real=0.00 secs] 
18.790: [CMS-concurrent-mark-start]
18.790: [GC (Allocation Failure) 18.790: [ParNew: 0K->0K(3072K), 0.0003641 secs]18.790: [CMS18.798: [CMS-concurrent-mark: 0.002/0.008 secs] [Times: user=0.00 sys=0.00, real=0.01 secs] 
 (concurrent mode failure): 4993K->897K(6848K), 0.0097245 secs] 4993K->897K(9920K), [Metaspace: 3664K->3664K(1056768K)], 0.0101739 secs] [Times: user=0.00 sys=0.00, real=0.01 secs] 
18.800: [GC (Allocation Failure) 18.800: [ParNew: 0K->0K(3072K), 0.0003313 secs]18.801: [CMS: 4993K->897K(6848K), 0.0034111 secs] 4993K->897K(9920K), [Metaspace: 3664K->3664K(1056768K)], 0.0038878 secs] [Times: user=0.01 sys=0.00, real=0.00 secs] 
18.805: [GC (CMS Initial Mark) [1 CMS-initial-mark: 4993K(6848K)] 4993K(9920K), 0.0003573 secs] [Times: user=0.00 sys=0.00, real=0.00 secs] 
18.805: [CMS-concurrent-mark-start]
18.806: [GC (Allocation Failure) 18.806: [ParNew: 0K->0K(3072K), 0.0004692 secs]18.806: [CMS18.813: [CMS-concurrent-mark: 0.001/0.008 secs] [Times: user=0.00 sys=0.00, real=0.01 secs] 
 (concurrent mode failure): 4993K->897K(6848K), 0.0097473 secs] 4993K->897K(9920K), [Metaspace: 3664K->3664K(1056768K)], 0.0103243 secs] [Times: user=0.00 sys=0.00, real=0.01 secs] 
18.816: [GC (Allocation Failure) 18.816: [ParNew: 0K->0K(3072K), 0.0002679 secs]18.817: [CMS: 4993K->897K(6848K), 0.0021333 secs] 4993K->897K(9920K), [Metaspace: 3664K->3664K(1056768K)], 0.0024922 secs] [Times: user=0.02 sys=0.00, real=0.00 secs] 
18.819: [GC (CMS Initial Mark) [1 CMS-initial-mark: 4993K(6848K)] 4993K(9920K), 0.0001444 secs] [Times: user=0.00 sys=0.00, real=0.00 secs] 
18.819: [CMS-concurrent-mark-start]
18.819: [GC (Allocation Failure) 18.819: [ParNew: 0K->0K(3072K), 0.0002951 secs]18.820: [CMS18.828: [CMS-concurrent-mark: 0.002/0.009 secs] [Times: user=0.00 sys=0.00, real=0.01 secs] 
 (concurrent mode failure): 4993K->897K(6848K), 0.0110994 secs] 4993K->897K(9920K), [Metaspace: 3664K->3664K(1056768K)], 0.0114802 secs] [Times: user=0.00 sys=0.00, real=0.01 secs] 
18.831: [GC (Allocation Failure) 18.831: [ParNew: 0K->0K(3072K), 0.0002514 secs]18.832: [CMS: 4993K->897K(6848K), 0.0028924 secs] 4993K->897K(9920K), [Metaspace: 3664K->3664K(1056768K)], 0.0032274 secs] [Times: user=0.02 sys=0.00, real=0.00 secs] 
18.835: [GC (CMS Initial Mark) [1 CMS-initial-mark: 4993K(6848K)] 4993K(9920K), 0.0001624 secs] [Times: user=0.00 sys=0.00, real=0.00 secs] 
18.835: [CMS-concurrent-mark-start]
18.835: [GC (Allocation Failure) 18.835: [ParNew: 0K->0K(3072K), 0.0003950 secs]18.836: [CMS18.843: [CMS-concurrent-mark: 0.002/0.008 secs] [Times: user=0.00 sys=0.00, real=0.01 secs] 
 (concurrent mode failure): 4993K->897K(6848K), 0.0104839 secs] 4993K->897K(9920K), [Metaspace: 3664K->3664K(1056768K)], 0.0109982 secs] [Times: user=0.00 sys=0.00, real=0.01 secs] 
18.847: [GC (Allocation Failure) 18.847: [ParNew: 0K->0K(3072K), 0.0002479 secs]18.847: [CMS: 4993K->897K(6848K), 0.0034148 secs] 4993K->897K(9920K), [Metaspace: 3664K->3664K(1056768K)], 0.0037565 secs] [Times: user=0.02 sys=0.00, real=0.00 secs] 
18.851: [GC (CMS Initial Mark) [1 CMS-initial-mark: 4993K(6848K)] 4993K(9920K), 0.0001382 secs] [Times: user=0.00 sys=0.00, real=0.00 secs] 
18.851: [CMS-concurrent-mark-start]
18.851: [GC (Allocation Failure) 18.851: [ParNew: 0K->0K(3072K), 0.0002512 secs]18.851: [CMS18.859: [CMS-concurrent-mark: 0.002/0.008 secs] [Times: user=0.00 sys=0.00, real=0.01 secs] 
 (concurrent mode failure): 4993K->897K(6848K), 0.0101683 secs] 4993K->897K(9920K), [Metaspace: 3664K->3664K(1056768K)], 0.0105010 secs] [Times: user=0.00 sys=0.00, real=0.01 secs] 
18.862: [GC (Allocation Failure) 18.862: [ParNew: 0K->0K(3072K), 0.0003018 secs]18.862: [CMS: 4993K->897K(6848K), 0.0020826 secs] 4993K->897K(9920K), [Metaspace: 3664K->3664K(1056768K)], 0.0024646 secs] [Times: user=0.00 sys=0.00, real=0.00 secs] 
18.865: [GC (CMS Initial Mark) [1 CMS-initial-mark: 4993K(6848K)] 4993K(9920K), 0.0001405 secs] [Times: user=0.00 sys=0.00, real=0.00 secs] 
18.865: [CMS-concurrent-mark-start]
18.865: [GC (Allocation Failure) 18.865: [ParNew: 0K->0K(3072K), 0.0003014 secs]18.865: [CMS18.874: [CMS-concurrent-mark: 0.002/0.009 secs] [Times: user=0.00 sys=0.00, real=0.01 secs] 
 (concurrent mode failure): 4993K->897K(6848K), 0.0123404 secs] 4993K->897K(9920K), [Metaspace: 3664K->3664K(1056768K)], 0.0127291 secs] [Times: user=0.00 sys=0.00, real=0.01 secs] 
18.878: [GC (Allocation Failure) 18.878: [ParNew: 0K->0K(3072K), 0.0003339 secs]18.879: [CMS: 4993K->897K(6848K), 0.0021849 secs] 4993K->897K(9920K), [Metaspace: 3664K->3664K(1056768K)], 0.0026071 secs] [Times: user=0.02 sys=0.00, real=0.00 secs] 
18.881: [GC (CMS Initial Mark) [1 CMS-initial-mark: 4993K(6848K)] 4993K(9920K), 0.0001136 secs] [Times: user=0.00 sys=0.00, real=0.00 secs] 
18.881: [CMS-concurrent-mark-start]
18.882: [GC (Allocation Failure) 18.882: [ParNew: 0K->0K(3072K), 0.0002615 secs]18.882: [CMS18.889: [CMS-concurrent-mark: 0.002/0.008 secs] [Times: user=0.00 sys=0.00, real=0.01 secs] 
 (concurrent mode failure): 4993K->897K(6848K), 0.0098760 secs] 4993K->897K(9920K), [Metaspace: 3664K->3664K(1056768K)], 0.0102390 secs] [Times: user=0.00 sys=0.00, real=0.01 secs] 
18.892: [GC (Allocation Failure) 18.892: [ParNew: 0K->0K(3072K), 0.0002503 secs]18.892: [CMS: 4993K->897K(6848K), 0.0024685 secs] 4993K->897K(9920K), [Metaspace: 3664K->3664K(1056768K)], 0.0027907 secs] [Times: user=0.00 sys=0.00, real=0.00 secs] 
18.895: [GC (CMS Initial Mark) [1 CMS-initial-mark: 4993K(6848K)] 4993K(9920K), 0.0000811 secs] [Times: user=0.00 sys=0.00, real=0.00 secs] 
18.895: [CMS-concurrent-mark-start]
18.895: [GC (Allocation Failure) 18.895: [ParNew: 0K->0K(3072K), 0.0001842 secs]18.896: [CMS18.905: [CMS-concurrent-mark: 0.002/0.010 secs] [Times: user=0.00 sys=0.00, real=0.01 secs] 
 (concurrent mode failure): 4993K->897K(6848K), 0.0126905 secs] 4993K->897K(9920K), [Metaspace: 3664K->3664K(1056768K)], 0.0129426 secs] [Times: user=0.00 sys=0.00, real=0.01 secs] 
18.909: [GC (Allocation Failure) 18.909: [ParNew: 0K->0K(3072K), 0.0002421 secs]18.909: [CMS: 4993K->897K(6848K), 0.0017319 secs] 4993K->897K(9920K), [Metaspace: 3664K->3664K(1056768K)], 0.0020350 secs] [Times: user=0.00 sys=0.00, real=0.00 secs] 
18.911: [GC (CMS Initial Mark) [1 CMS-initial-mark: 4993K(6848K)] 4993K(9920K), 0.0001128 secs] [Times: user=0.00 sys=0.00, real=0.00 secs] 
18.911: [CMS-concurrent-mark-start]
18.911: [GC (Allocation Failure) 18.911: [ParNew: 0K->0K(3072K), 0.0001888 secs]18.911: [CMS18.922: [CMS-concurrent-mark: 0.002/0.010 secs] [Times: user=0.00 sys=0.00, real=0.01 secs] 
 (concurrent mode failure): 4993K->897K(6848K), 0.0129825 secs] 4993K->897K(9920K), [Metaspace: 3664K->3664K(1056768K)], 0.0132418 secs] [Times: user=0.00 sys=0.00, real=0.01 secs] 
18.925: [GC (Allocation Failure) 18.925: [ParNew: 0K->0K(3072K), 0.0002325 secs]18.925: [CMS: 4993K->897K(6848K), 0.0018915 secs] 4993K->897K(9920K), [Metaspace: 3664K->3664K(1056768K)], 0.0021894 secs] [Times: user=0.01 sys=0.00, real=0.00 secs] 
18.927: [GC (CMS Initial Mark) [1 CMS-initial-mark: 4993K(6848K)] 4993K(9920K), 0.0001289 secs] [Times: user=0.00 sys=0.00, real=0.00 secs] 
18.928: [CMS-concurrent-mark-start]
18.928: [GC (Allocation Failure) 18.928: [ParNew: 0K->0K(3072K), 0.0002544 secs]18.928: [CMS18.937: [CMS-concurrent-mark: 0.002/0.009 secs] [Times: user=0.00 sys=0.00, real=0.01 secs] 
 (concurrent mode failure): 4993K->897K(6848K), 0.0121431 secs] 4993K->897K(9920K), [Metaspace: 3664K->3664K(1056768K)], 0.0124817 secs] [Times: user=0.00 sys=0.00, real=0.01 secs] 
18.941: [GC (Allocation Failure) 18.941: [ParNew: 0K->0K(3072K), 0.0002411 secs]18.941: [CMS: 4993K->897K(6848K), 0.0019798 secs] 4993K->897K(9920K), [Metaspace: 3664K->3664K(1056768K)], 0.0023006 secs] [Times: user=0.02 sys=0.00, real=0.00 secs] 
18.943: [GC (CMS Initial Mark) [1 CMS-initial-mark: 4993K(6848K)] 4993K(9920K), 0.0001229 secs] [Times: user=0.00 sys=0.00, real=0.00 secs] 
18.943: [CMS-concurrent-mark-start]
18.944: [GC (Allocation Failure) 18.944: [ParNew: 0K->0K(3072K), 0.0002588 secs]18.944: [CMS18.953: [CMS-concurrent-mark: 0.002/0.009 secs] [Times: user=0.00 sys=0.00, real=0.01 secs] 
 (concurrent mode failure): 4993K->897K(6848K), 0.0117991 secs] 4993K->897K(9920K), [Metaspace: 3664K->3664K(1056768K)], 0.0121338 secs] [Times: user=0.00 sys=0.00, real=0.01 secs] 
18.956: [GC (Allocation Failure) 18.956: [ParNew: 0K->0K(3072K), 0.0002909 secs]18.956: [CMS: 4993K->897K(6848K), 0.0019774 secs] 4993K->897K(9920K), [Metaspace: 3664K->3664K(1056768K)], 0.0023363 secs] [Times: user=0.01 sys=0.00, real=0.00 secs] 
18.959: [GC (CMS Initial Mark) [1 CMS-initial-mark: 4993K(6848K)] 4993K(9920K), 0.0001213 secs] [Times: user=0.00 sys=0.00, real=0.00 secs] 
18.959: [CMS-concurrent-mark-start]
18.959: [GC (Allocation Failure) 18.959: [ParNew: 0K->0K(3072K), 0.0003073 secs]18.960: [CMS18.969: [CMS-concurrent-mark: 0.002/0.010 secs] [Times: user=0.00 sys=0.00, real=0.01 secs] 
 (concurrent mode failure): 4993K->897K(6848K), 0.0126364 secs] 4993K->897K(9920K), [Metaspace: 3664K->3664K(1056768K)], 0.0130775 secs] [Times: user=0.00 sys=0.00, real=0.01 secs] 
18.973: [GC (Allocation Failure) 18.973: [ParNew: 0K->0K(3072K), 0.0003170 secs]18.973: [CMS: 4993K->897K(6848K), 0.0020416 secs] 4993K->897K(9920K), [Metaspace: 3664K->3664K(1056768K)], 0.0024419 secs] [Times: user=0.02 sys=0.00, real=0.00 secs] 
18.975: [GC (CMS Initial Mark) [1 CMS-initial-mark: 4993K(6848K)] 4993K(9920K), 0.0001060 secs] [Times: user=0.00 sys=0.00, real=0.00 secs] 
18.976: [CMS-concurrent-mark-start]
18.976: [GC (Allocation Failure) 18.976: [ParNew: 0K->0K(3072K), 0.0003237 secs]18.976: [CMS18.984: [CMS-concurrent-mark: 0.001/0.008 secs] [Times: user=0.00 sys=0.00, real=0.01 secs] 
 (concurrent mode failure): 4993K->897K(6848K), 0.0109752 secs] 4993K->897K(9920K), [Metaspace: 3664K->3664K(1056768K)], 0.0113753 secs] [Times: user=0.00 sys=0.00, real=0.01 secs] 
18.987: [GC (Allocation Failure) 18.987: [ParNew: 0K->0K(3072K), 0.0002880 secs]18.988: [CMS: 4993K->897K(6848K), 0.0023087 secs] 4993K->897K(9920K), [Metaspace: 3664K->3664K(1056768K)], 0.0026750 secs] [Times: user=0.02 sys=0.00, real=0.00 secs] 
18.990: [GC (CMS Initial Mark) [1 CMS-initial-mark: 4993K(6848K)] 4993K(9920K), 0.0001214 secs] [Times: user=0.00 sys=0.00, real=0.00 secs] 
18.990: [CMS-concurrent-mark-start]
18.990: [GC (Allocation Failure) 18.991: [ParNew: 0K->0K(3072K), 0.0002333 secs]18.991: [CMS18.999: [CMS-concurrent-mark: 0.001/0.008 secs] [Times: user=0.00 sys=0.00, real=0.01 secs] 
 (concurrent mode failure): 4993K->897K(6848K), 0.0101108 secs] 4993K->897K(9920K), [Metaspace: 3664K->3664K(1056768K)], 0.0104133 secs] [Times: user=0.00 sys=0.00, real=0.01 secs] 
19.001: [GC (Allocation Failure) 19.001: [ParNew: 0K->0K(3072K), 0.0002372 secs]19.002: [CMS: 4993K->897K(6848K), 0.0032258 secs] 4993K->897K(9920K), [Metaspace: 3664K->3664K(1056768K)], 0.0035414 secs] [Times: user=0.02 sys=0.00, real=0.00 secs] 
19.005: [GC (CMS Initial Mark) [1 CMS-initial-mark: 4993K(6848K)] 4993K(9920K), 0.0001129 secs] [Times: user=0.00 sys=0.00, real=0.00 secs] 
19.005: [CMS-concurrent-mark-start]
19.005: [GC (Allocation Failure) 19.005: [ParNew: 0K->0K(3072K), 0.0001916 secs]19.005: [CMS19.014: [CMS-concurrent-mark: 0.002/0.009 secs] [Times: user=0.00 sys=0.00, real=0.01 secs] 
 (concurrent mode failure): 4993K->897K(6848K), 0.0110963 secs] 4993K->897K(9920K), [Metaspace: 3664K->3664K(1056768K)], 0.0113633 secs] [Times: user=0.00 sys=0.00, real=0.01 secs] 
19.017: [GC (Allocation Failure) 19.017: [ParNew: 0K->0K(3072K), 0.0002284 secs]19.017: [CMS: 4993K->897K(6848K), 0.0021421 secs] 4993K->897K(9920K), [Metaspace: 3664K->3664K(1056768K)], 0.0024585 secs] [Times: user=0.00 sys=0.00, real=0.00 secs] 
19.020: [GC (CMS Initial Mark) [1 CMS-initial-mark: 4993K(6848K)] 4993K(9920K), 0.0001695 secs] [Times: user=0.00 sys=0.00, real=0.00 secs] 
19.020: [CMS-concurrent-mark-start]
19.020: [GC (Allocation Failure) 19.020: [ParNew: 0K->0K(3072K), 0.0002171 secs]19.021: [CMS19.030: [CMS-concurrent-mark: 0.001/0.010 secs] [Times: user=0.00 sys=0.02, real=0.01 secs] 
 (concurrent mode failure): 4993K->897K(6848K), 0.0116543 secs] 4993K->897K(9920K), [Metaspace: 3664K->3664K(1056768K)], 0.0119597 secs] [Times: user=0.00 sys=0.00, real=0.01 secs] 
19.033: [GC (Allocation Failure) 19.033: [ParNew: 0K->0K(3072K), 0.0002579 secs]19.033: [CMS: 4993K->897K(6848K), 0.0017864 secs] 4993K->897K(9920K), [Metaspace: 3664K->3664K(1056768K)], 0.0021291 secs] [Times: user=0.00 sys=0.00, real=0.00 secs] 
19.035: [GC (CMS Initial Mark) [1 CMS-initial-mark: 4993K(6848K)] 4993K(9920K), 0.0001130 secs] [Times: user=0.00 sys=0.00, real=0.00 secs] 
19.035: [CMS-concurrent-mark-start]
19.035: [GC (Allocation Failure) 19.035: [ParNew: 0K->0K(3072K), 0.0002862 secs]19.036: [CMS19.046: [CMS-concurrent-mark: 0.002/0.011 secs] [Times: user=0.00 sys=0.00, real=0.01 secs] 
 (concurrent mode failure): 4993K->897K(6848K), 0.0126461 secs] 4993K->897K(9920K), [Metaspace: 3664K->3664K(1056768K)], 0.0130479 secs] [Times: user=0.00 sys=0.00, real=0.01 secs] 
19.049: [GC (Allocation Failure) 19.049: [ParNew: 0K->0K(3072K), 0.0002810 secs]19.049: [CMS: 4993K->897K(6848K), 0.0019314 secs] 4993K->897K(9920K), [Metaspace: 3664K->3664K(1056768K)], 0.0022749 secs] [Times: user=0.00 sys=0.00, real=0.00 secs] 
19.052: [GC (CMS Initial Mark) [1 CMS-initial-mark: 4993K(6848K)] 4993K(9920K), 0.0001908 secs] [Times: user=0.00 sys=0.00, real=0.00 secs] 
19.052: [CMS-concurrent-mark-start]
19.052: [GC (Allocation Failure) 19.052: [ParNew: 0K->0K(3072K), 0.0003075 secs]19.052: [CMS19.062: [CMS-concurrent-mark: 0.002/0.010 secs] [Times: user=0.00 sys=0.00, real=0.01 secs] 
 (concurrent mode failure): 4993K->897K(6848K), 0.0126917 secs] 4993K->897K(9920K), [Metaspace: 3664K->3664K(1056768K)], 0.0130968 secs] [Times: user=0.00 sys=0.00, real=0.01 secs] 
19.065: [GC (Allocation Failure) 19.065: [ParNew: 0K->0K(3072K), 0.0003556 secs]19.066: [CMS: 4993K->897K(6848K), 0.0023712 secs] 4993K->897K(9920K), [Metaspace: 3664K->3664K(1056768K)], 0.0028210 secs] [Times: user=0.02 sys=0.00, real=0.00 secs] 
19.069: [GC (CMS Initial Mark) [1 CMS-initial-mark: 4993K(6848K)] 4993K(9920K), 0.0001224 secs] [Times: user=0.00 sys=0.00, real=0.00 secs] 
19.069: [CMS-concurrent-mark-start]
19.069: [GC (Allocation Failure) 19.069: [ParNew: 0K->0K(3072K), 0.0002833 secs]19.069: [CMS19.077: [CMS-concurrent-mark: 0.001/0.008 secs] [Times: user=0.00 sys=0.00, real=0.01 secs] 
 (concurrent mode failure): 4993K->897K(6848K), 0.0102928 secs] 4993K->897K(9920K), [Metaspace: 3664K->3664K(1056768K)], 0.0106731 secs] [Times: user=0.00 sys=0.00, real=0.01 secs] 
19.080: [GC (Allocation Failure) 19.080: [ParNew: 0K->0K(3072K), 0.0002721 secs]19.080: [CMS: 4993K->897K(6848K), 0.0021305 secs] 4993K->897K(9920K), [Metaspace: 3664K->3664K(1056768K)], 0.0024821 secs] [Times: user=0.00 sys=0.00, real=0.00 secs] 
19.083: [GC (CMS Initial Mark) [1 CMS-initial-mark: 4993K(6848K)] 4993K(9920K), 0.0001799 secs] [Times: user=0.00 sys=0.00, real=0.00 secs] 
19.083: [CMS-concurrent-mark-start]
19.083: [GC (Allocation Failure) 19.083: [ParNew: 0K->0K(3072K), 0.0002452 secs]19.083: [CMS19.094: [CMS-concurrent-mark: 0.002/0.011 secs] [Times: user=0.00 sys=0.00, real=0.01 secs] 
 (concurrent mode failure): 4993K->897K(6848K), 0.0128979 secs] 4993K->897K(9920K), [Metaspace: 3664K->3664K(1056768K)], 0.0132283 secs] [Times: user=0.00 sys=0.00, real=0.01 secs] 
19.097: [GC (Allocation Failure) 19.097: [ParNew: 0K->0K(3072K), 0.0002535 secs]19.097: [CMS: 4993K->897K(6848K), 0.0028129 secs] 4993K->897K(9920K), [Metaspace: 3664K->3664K(1056768K)], 0.0031529 secs] [Times: user=0.01 sys=0.00, real=0.00 secs] 
19.100: [GC (CMS Initial Mark) [1 CMS-initial-mark: 4993K(6848K)] 4993K(9920K), 0.0001813 secs] [Times: user=0.00 sys=0.00, real=0.00 secs] 
19.100: [CMS-concurrent-mark-start]
19.100: [GC (Allocation Failure) 19.100: [ParNew: 0K->0K(3072K), 0.0002248 secs]19.101: [CMS19.108: [CMS-concurrent-mark: 0.001/0.008 secs] [Times: user=0.00 sys=0.00, real=0.01 secs] 
 (concurrent mode failure): 4993K->897K(6848K), 0.0105234 secs] 4993K->897K(9920K), [Metaspace: 3664K->3664K(1056768K)], 0.0108157 secs] [Times: user=0.00 sys=0.00, real=0.01 secs] 
19.112: [GC (Allocation Failure) 19.112: [ParNew: 0K->0K(3072K), 0.0003279 secs]19.112: [CMS: 4993K->897K(6848K), 0.0031285 secs] 4993K->897K(9920K), [Metaspace: 3664K->3664K(1056768K)], 0.0035490 secs] [Times: user=0.02 sys=0.00, real=0.00 secs] 
19.116: [GC (CMS Initial Mark) [1 CMS-initial-mark: 4993K(6848K)] 4993K(9920K), 0.0001318 secs] [Times: user=0.00 sys=0.00, real=0.00 secs] 
19.116: [CMS-concurrent-mark-start]
19.116: [GC (Allocation Failure) 19.116: [ParNew: 0K->0K(3072K), 0.0002349 secs]19.116: [CMS19.124: [CMS-concurrent-mark: 0.002/0.009 secs] [Times: user=0.00 sys=0.00, real=0.01 secs] 
 (concurrent mode failure): 4993K->897K(6848K), 0.0105466 secs] 4993K->897K(9920K), [Metaspace: 3664K->3664K(1056768K)], 0.0108530 secs] [Times: user=0.00 sys=0.00, real=0.01 secs] 
19.127: [GC (Allocation Failure) 19.127: [ParNew: 0K->0K(3072K), 0.0002113 secs]19.127: [CMS: 4993K->897K(6848K), 0.0024103 secs] 4993K->897K(9920K), [Metaspace: 3664K->3664K(1056768K)], 0.0026847 secs] [Times: user=0.00 sys=0.00, real=0.00 secs] 
19.130: [GC (CMS Initial Mark) [1 CMS-initial-mark: 4993K(6848K)] 4993K(9920K), 0.0000811 secs] [Times: user=0.00 sys=0.00, real=0.00 secs] 
19.130: [CMS-concurrent-mark-start]
19.130: [GC (Allocation Failure) 19.130: [ParNew: 0K->0K(3072K), 0.0002193 secs]19.130: [CMS19.139: [CMS-concurrent-mark: 0.001/0.009 secs] [Times: user=0.00 sys=0.00, real=0.01 secs] 
 (concurrent mode failure): 4993K->897K(6848K), 0.0115392 secs] 4993K->897K(9920K), [Metaspace: 3664K->3664K(1056768K)], 0.0118284 secs] [Times: user=0.00 sys=0.00, real=0.01 secs] 
19.142: [GC (Allocation Failure) 19.142: [ParNew: 0K->0K(3072K), 0.0002930 secs]19.143: [CMS: 4993K->897K(6848K), 0.0018383 secs] 4993K->897K(9920K), [Metaspace: 3664K->3664K(1056768K)], 0.0021939 secs] [Times: user=0.00 sys=0.00, real=0.00 secs] 
19.145: [GC (CMS Initial Mark) [1 CMS-initial-mark: 4993K(6848K)] 4993K(9920K), 0.0000957 secs] [Times: user=0.00 sys=0.00, real=0.00 secs] 
19.145: [CMS-concurrent-mark-start]
19.145: [GC (Allocation Failure) 19.145: [ParNew: 0K->0K(3072K), 0.0002289 secs]19.145: [CMS19.154: [CMS-concurrent-mark: 0.001/0.009 secs] [Times: user=0.02 sys=0.00, real=0.01 secs] 
 (concurrent mode failure): 4993K->897K(6848K), 0.0110247 secs] 4993K->897K(9920K), [Metaspace: 3664K->3664K(1056768K)], 0.0113298 secs] [Times: user=0.02 sys=0.00, real=0.01 secs] 
19.157: [GC (Allocation Failure) 19.157: [ParNew: 0K->0K(3072K), 0.0002818 secs]19.157: [CMS: 4993K->897K(6848K), 0.0016872 secs] 4993K->897K(9920K), [Metaspace: 3664K->3664K(1056768K)], 0.0020306 secs] [Times: user=0.00 sys=0.00, real=0.00 secs] 
19.159: [GC (CMS Initial Mark) [1 CMS-initial-mark: 4993K(6848K)] 4993K(9920K), 0.0001576 secs] [Times: user=0.00 sys=0.00, real=0.00 secs] 
19.159: [CMS-concurrent-mark-start]
19.159: [GC (Allocation Failure) 19.159: [ParNew: 0K->0K(3072K), 0.0001994 secs]19.160: [CMS19.169: [CMS-concurrent-mark: 0.001/0.010 secs] [Times: user=0.00 sys=0.00, real=0.01 secs] 
 (concurrent mode failure): 4993K->897K(6848K), 0.0119614 secs] 4993K->897K(9920K), [Metaspace: 3664K->3664K(1056768K)], 0.0122229 secs] [Times: user=0.00 sys=0.00, real=0.01 secs] 
19.172: [GC (Allocation Failure) 19.172: [ParNew: 0K->0K(3072K), 0.0002531 secs]19.172: [CMS: 4993K->897K(6848K), 0.0018207 secs] 4993K->897K(9920K), [Metaspace: 3664K->3664K(1056768K)], 0.0021507 secs] [Times: user=0.00 sys=0.00, real=0.00 secs] 
19.175: [GC (CMS Initial Mark) [1 CMS-initial-mark: 4993K(6848K)] 4993K(9920K), 0.0001830 secs] [Times: user=0.00 sys=0.00, real=0.00 secs] 
19.175: [CMS-concurrent-mark-start]
19.175: [GC (Allocation Failure) 19.175: [ParNew: 0K->0K(3072K), 0.0002380 secs]19.175: [CMS19.185: [CMS-concurrent-mark: 0.001/0.010 secs] [Times: user=0.00 sys=0.00, real=0.01 secs] 
 (concurrent mode failure): 4993K->897K(6848K), 0.0123256 secs] 4993K->897K(9920K), [Metaspace: 3664K->3664K(1056768K)], 0.0126690 secs] [Times: user=0.00 sys=0.00, real=0.01 secs] 
19.188: [GC (Allocation Failure) 19.188: [ParNew: 0K->0K(3072K), 0.0003074 secs]19.189: [CMS: 4993K->897K(6848K), 0.0019664 secs] 4993K->897K(9920K), [Metaspace: 3664K->3664K(1056768K)], 0.0023564 secs] [Times: user=0.00 sys=0.00, real=0.00 secs] 
19.191: [GC (CMS Initial Mark) [1 CMS-initial-mark: 4993K(6848K)] 4993K(9920K), 0.0001137 secs] [Times: user=0.00 sys=0.00, real=0.00 secs] 
19.191: [CMS-concurrent-mark-start]
19.191: [GC (Allocation Failure) 19.191: [ParNew: 0K->0K(3072K), 0.0002431 secs]19.192: [CMS19.201: [CMS-concurrent-mark: 0.001/0.010 secs] [Times: user=0.00 sys=0.00, real=0.01 secs] 
 (concurrent mode failure): 4993K->897K(6848K), 0.0128475 secs] 4993K->897K(9920K), [Metaspace: 3664K->3664K(1056768K)], 0.0131856 secs] [Times: user=0.00 sys=0.00, real=0.01 secs] 
19.205: [GC (Allocation Failure) 19.205: [ParNew: 0K->0K(3072K), 0.0002898 secs]19.205: [CMS: 4993K->897K(6848K), 0.0017993 secs] 4993K->897K(9920K), [Metaspace: 3664K->3664K(1056768K)], 0.0021453 secs] [Times: user=0.00 sys=0.00, real=0.00 secs] 
19.207: [GC (CMS Initial Mark) [1 CMS-initial-mark: 4993K(6848K)] 4993K(9920K), 0.0001525 secs] [Times: user=0.00 sys=0.00, real=0.00 secs] 
19.208: [CMS-concurrent-mark-start]
19.208: [GC (Allocation Failure) 19.208: [ParNew: 0K->0K(3072K), 0.0002280 secs]19.208: [CMS19.216: [CMS-concurrent-mark: 0.001/0.009 secs] [Times: user=0.00 sys=0.00, real=0.01 secs] 
 (concurrent mode failure): 4993K->897K(6848K), 0.0109380 secs] 4993K->897K(9920K), [Metaspace: 3664K->3664K(1056768K)], 0.0112290 secs] [Times: user=0.00 sys=0.00, real=0.01 secs] 
19.219: [GC (Allocation Failure) 19.219: [ParNew: 0K->0K(3072K), 0.0002332 secs]19.220: [CMS: 4993K->897K(6848K), 0.0028882 secs] 4993K->897K(9920K), [Metaspace: 3664K->3664K(1056768K)], 0.0031956 secs] [Times: user=0.00 sys=0.00, real=0.00 secs] 
19.223: [GC (CMS Initial Mark) [1 CMS-initial-mark: 4993K(6848K)] 4993K(9920K), 0.0001261 secs] [Times: user=0.00 sys=0.00, real=0.00 secs] 
19.223: [CMS-concurrent-mark-start]
19.223: [GC (Allocation Failure) 19.223: [ParNew: 0K->0K(3072K), 0.0002588 secs]19.223: [CMS19.232: [CMS-concurrent-mark: 0.002/0.009 secs] [Times: user=0.00 sys=0.00, real=0.01 secs] 
 (concurrent mode failure): 4993K->897K(6848K), 0.0109908 secs] 4993K->897K(9920K), [Metaspace: 3664K->3664K(1056768K)], 0.0113141 secs] [Times: user=0.00 sys=0.00, real=0.01 secs] 
19.235: [GC (Allocation Failure) 19.235: [ParNew: 0K->0K(3072K), 0.0002715 secs]19.235: [CMS: 4993K->897K(6848K), 0.0026268 secs] 4993K->897K(9920K), [Metaspace: 3664K->3664K(1056768K)], 0.0029849 secs] [Times: user=0.00 sys=0.00, real=0.00 secs] 
19.238: [GC (CMS Initial Mark) [1 CMS-initial-mark: 4993K(6848K)] 4993K(9920K), 0.0001128 secs] [Times: user=0.00 sys=0.00, real=0.00 secs] 
19.238: [CMS-concurrent-mark-start]
19.238: [GC (Allocation Failure) 19.238: [ParNew: 0K->0K(3072K), 0.0002122 secs]19.239: [CMS19.247: [CMS-concurrent-mark: 0.001/0.009 secs] [Times: user=0.02 sys=0.00, real=0.01 secs] 
 (concurrent mode failure): 4993K->897K(6848K), 0.0104273 secs] 4993K->897K(9920K), [Metaspace: 3664K->3664K(1056768K)], 0.0107043 secs] [Times: user=0.02 sys=0.00, real=0.01 secs] 
19.250: [GC (Allocation Failure) 19.250: [ParNew: 0K->0K(3072K), 0.0002701 secs]19.250: [CMS: 4993K->897K(6848K), 0.0016744 secs] 4993K->897K(9920K), [Metaspace: 3664K->3664K(1056768K)], 0.0020122 secs] [Times: user=0.00 sys=0.00, real=0.00 secs] 
19.252: [GC (CMS Initial Mark) [1 CMS-initial-mark: 4993K(6848K)] 4993K(9920K), 0.0001267 secs] [Times: user=0.00 sys=0.00, real=0.00 secs] 
19.252: [CMS-concurrent-mark-start]
19.252: [GC (Allocation Failure) 19.252: [ParNew: 0K->0K(3072K), 0.0002655 secs]19.252: [CMS19.263: [CMS-concurrent-mark: 0.001/0.011 secs] [Times: user=0.00 sys=0.00, real=0.01 secs] 
 (concurrent mode failure): 4993K->897K(6848K), 0.0126656 secs] 4993K->897K(9920K), [Metaspace: 3664K->3664K(1056768K)], 0.0129960 secs] [Times: user=0.00 sys=0.00, real=0.01 secs] 
19.266: [GC (Allocation Failure) 19.266: [ParNew: 0K->0K(3072K), 0.0004723 secs]19.266: [CMS: 4993K->897K(6848K), 0.0017007 secs] 4993K->897K(9920K), [Metaspace: 3664K->3664K(1056768K)], 0.0022304 secs] [Times: user=0.00 sys=0.00, real=0.00 secs] 
19.268: [GC (CMS Initial Mark) [1 CMS-initial-mark: 4993K(6848K)] 4993K(9920K), 0.0001233 secs] [Times: user=0.00 sys=0.00, real=0.00 secs] 
19.268: [CMS-concurrent-mark-start]
19.268: [GC (Allocation Failure) 19.268: [ParNew: 0K->0K(3072K), 0.0002787 secs]19.269: [CMS19.279: [CMS-concurrent-mark: 0.001/0.011 secs] [Times: user=0.00 sys=0.00, real=0.01 secs] 
 (concurrent mode failure): 4993K->897K(6848K), 0.0130475 secs] 4993K->897K(9920K), [Metaspace: 3664K->3664K(1056768K)], 0.0134000 secs] [Times: user=0.00 sys=0.00, real=0.01 secs] 
19.282: [GC (Allocation Failure) 19.282: [ParNew: 0K->0K(3072K), 0.0002426 secs]19.282: [CMS: 4993K->897K(6848K), 0.0018097 secs] 4993K->897K(9920K), [Metaspace: 3664K->3664K(1056768K)], 0.0021157 secs] [Times: user=0.00 sys=0.00, real=0.00 secs] 
19.285: [GC (CMS Initial Mark) [1 CMS-initial-mark: 4993K(6848K)] 4993K(9920K), 0.0001499 secs] [Times: user=0.00 sys=0.00, real=0.00 secs] 
19.285: [CMS-concurrent-mark-start]
19.285: [GC (Allocation Failure) 19.285: [ParNew: 0K->0K(3072K), 0.0002403 secs]19.285: [CMS19.294: [CMS-concurrent-mark: 0.001/0.009 secs] [Times: user=0.00 sys=0.00, real=0.01 secs] 
 (concurrent mode failure): 4993K->897K(6848K), 0.0120617 secs] 4993K->897K(9920K), [Metaspace: 3664K->3664K(1056768K)], 0.0123917 secs] [Times: user=0.00 sys=0.00, real=0.01 secs] 
19.298: [GC (Allocation Failure) 19.298: [ParNew: 0K->0K(3072K), 0.0002289 secs]19.298: [CMS: 4993K->897K(6848K), 0.0018636 secs] 4993K->897K(9920K), [Metaspace: 3664K->3664K(1056768K)], 0.0021581 secs] [Times: user=0.00 sys=0.00, real=0.00 secs] 
19.300: [GC (CMS Initial Mark) [1 CMS-initial-mark: 4993K(6848K)] 4993K(9920K), 0.0002289 secs] [Times: user=0.00 sys=0.00, real=0.00 secs] 
19.300: [CMS-concurrent-mark-start]
19.300: [GC (Allocation Failure) 19.300: [ParNew: 0K->0K(3072K), 0.0002620 secs]19.301: [CMS19.309: [CMS-concurrent-mark: 0.001/0.009 secs] [Times: user=0.00 sys=0.00, real=0.01 secs] 
 (concurrent mode failure): 4993K->897K(6848K), 0.0108812 secs] 4993K->897K(9920K), [Metaspace: 3664K->3664K(1056768K)], 0.0112194 secs] [Times: user=0.00 sys=0.00, real=0.01 secs] 
19.312: [GC (Allocation Failure) 19.312: [ParNew: 0K->0K(3072K), 0.0002462 secs]19.312: [CMS: 4993K->897K(6848K), 0.0029314 secs] 4993K->897K(9920K), [Metaspace: 3664K->3664K(1056768K)], 0.0032752 secs] [Times: user=0.00 sys=0.00, real=0.00 secs] 
19.316: [GC (CMS Initial Mark) [1 CMS-initial-mark: 4993K(6848K)] 4993K(9920K), 0.0002269 secs] [Times: user=0.00 sys=0.00, real=0.00 secs] 
19.316: [CMS-concurrent-mark-start]
19.316: [GC (Allocation Failure) 19.316: [ParNew: 0K->0K(3072K), 0.0002548 secs]19.316: [CMS19.325: [CMS-concurrent-mark: 0.001/0.009 secs] [Times: user=0.00 sys=0.00, real=0.01 secs] 
 (concurrent mode failure): 4993K->897K(6848K), 0.0106870 secs] 4993K->897K(9920K), [Metaspace: 3664K->3664K(1056768K)], 0.0110124 secs] [Times: user=0.00 sys=0.00, real=0.01 secs] 
19.327: [GC (Allocation Failure) 19.327: [ParNew: 0K->0K(3072K), 0.0002428 secs]19.328: [CMS: 4993K->897K(6848K), 0.0021052 secs] 4993K->897K(9920K), [Metaspace: 3664K->3664K(1056768K)], 0.0024100 secs] [Times: user=0.00 sys=0.00, real=0.00 secs] 
19.330: [GC (CMS Initial Mark) [1 CMS-initial-mark: 4993K(6848K)] 4993K(9920K), 0.0001393 secs] [Times: user=0.00 sys=0.00, real=0.00 secs] 
19.330: [CMS-concurrent-mark-start]
19.330: [GC (Allocation Failure) 19.330: [ParNew: 0K->0K(3072K), 0.0001977 secs]19.331: [CMS19.340: [CMS-concurrent-mark: 0.001/0.010 secs] [Times: user=0.00 sys=0.00, real=0.01 secs] 
 (concurrent mode failure): 4993K->897K(6848K), 0.0113393 secs] 4993K->897K(9920K), [Metaspace: 3664K->3664K(1056768K)], 0.0115991 secs] [Times: user=0.00 sys=0.00, real=0.01 secs] 
19.342: [GC (Allocation Failure) 19.342: [ParNew: 0K->0K(3072K), 0.0002394 secs]19.343: [CMS: 4993K->897K(6848K), 0.0018183 secs] 4993K->897K(9920K), [Metaspace: 3664K->3664K(1056768K)], 0.0021253 secs] [Times: user=0.00 sys=0.00, real=0.00 secs] 
19.345: [GC (CMS Initial Mark) [1 CMS-initial-mark: 4993K(6848K)] 4993K(9920K), 0.0002086 secs] [Times: user=0.00 sys=0.00, real=0.00 secs] 
19.345: [CMS-concurrent-mark-start]
19.345: [GC (Allocation Failure) 19.345: [ParNew: 0K->0K(3072K), 0.0003023 secs]19.345: [CMS19.355: [CMS-concurrent-mark: 0.001/0.010 secs] [Times: user=0.00 sys=0.00, real=0.01 secs] 
 (concurrent mode failure): 4993K->897K(6848K), 0.0120248 secs] 4993K->897K(9920K), [Metaspace: 3664K->3664K(1056768K)], 0.0124073 secs] [Times: user=0.00 sys=0.00, real=0.01 secs] 
19.358: [GC (Allocation Failure) 19.358: [ParNew: 0K->0K(3072K), 0.0002812 secs]19.358: [CMS: 4993K->897K(6848K), 0.0024723 secs] 4993K->897K(9920K), [Metaspace: 3664K->3664K(1056768K)], 0.0028452 secs] [Times: user=0.00 sys=0.00, real=0.00 secs] 
19.361: [GC (CMS Initial Mark) [1 CMS-initial-mark: 4993K(6848K)] 4993K(9920K), 0.0002420 secs] [Times: user=0.00 sys=0.00, real=0.00 secs] 
19.361: [CMS-concurrent-mark-start]
19.361: [GC (Allocation Failure) 19.361: [ParNew: 0K->0K(3072K), 0.0002746 secs]19.362: [CMS19.372: [CMS-concurrent-mark: 0.002/0.010 secs] [Times: user=0.00 sys=0.00, real=0.01 secs] 
 (concurrent mode failure): 4993K->897K(6848K), 0.0133141 secs] 4993K->897K(9920K), [Metaspace: 3664K->3664K(1056768K)], 0.0136698 secs] [Times: user=0.00 sys=0.00, real=0.01 secs] 
19.381: [GC (Allocation Failure) 19.381: [ParNew: 0K->0K(3072K), 0.0003394 secs]19.382: [CMS: 4993K->897K(6848K), 0.0034781 secs] 4993K->897K(9920K), [Metaspace: 3664K->3664K(1056768K)], 0.0039577 secs] [Times: user=0.00 sys=0.00, real=0.00 secs] 
19.386: [GC (CMS Initial Mark) [1 CMS-initial-mark: 4993K(6848K)] 4993K(9920K), 0.0002123 secs] [Times: user=0.00 sys=0.00, real=0.00 secs] 
19.387: [CMS-concurrent-mark-start]
19.387: [GC (Allocation Failure) 19.387: [ParNew: 0K->0K(3072K), 0.0003301 secs]19.387: [CMS19.402: [CMS-concurrent-mark: 0.001/0.015 secs] [Times: user=0.00 sys=0.00, real=0.02 secs] 
 (concurrent mode failure): 4993K->897K(6848K), 0.0208063 secs] 4993K->897K(9920K), [Metaspace: 3664K->3664K(1056768K)], 0.0212352 secs] [Times: user=0.00 sys=0.00, real=0.02 secs] 
19.408: [GC (Allocation Failure) 19.408: [ParNew: 0K->0K(3072K), 0.0002934 secs]19.409: [CMS: 4993K->897K(6848K), 0.0036647 secs] 4993K->897K(9920K), [Metaspace: 3664K->3664K(1056768K)], 0.0040486 secs] [Times: user=0.02 sys=0.00, real=0.00 secs] 
19.414: [GC (CMS Initial Mark) [1 CMS-initial-mark: 4993K(6848K)] 4993K(9920K), 0.0001970 secs] [Times: user=0.00 sys=0.00, real=0.00 secs] 
19.414: [CMS-concurrent-mark-start]
19.414: [GC (Allocation Failure) 19.414: [ParNew: 0K->0K(3072K), 0.0002922 secs]19.415: [CMS19.418: [CMS-concurrent-mark: 0.002/0.004 secs] [Times: user=0.00 sys=0.00, real=0.00 secs] 
 (concurrent mode failure): 4993K->897K(6848K), 0.0076728 secs] 4993K->897K(9920K), [Metaspace: 3664K->3664K(1056768K)], 0.0081255 secs] [Times: user=0.00 sys=0.00, real=0.01 secs] 
19.423: [GC (Allocation Failure) 19.423: [ParNew: 0K->0K(3072K), 0.0003772 secs]19.423: [CMS: 4993K->897K(6848K), 0.0043931 secs] 4993K->897K(9920K), [Metaspace: 3664K->3664K(1056768K)], 0.0048700 secs] [Times: user=0.02 sys=0.00, real=0.00 secs] 
19.428: [GC (CMS Initial Mark) [1 CMS-initial-mark: 4993K(6848K)] 4993K(9920K), 0.0001512 secs] [Times: user=0.00 sys=0.00, real=0.00 secs] 
19.429: [CMS-concurrent-mark-start]
19.429: [GC (Allocation Failure) 19.429: [ParNew: 0K->0K(3072K), 0.0003844 secs]19.429: [CMS19.433: [CMS-concurrent-mark: 0.001/0.005 secs] [Times: user=0.00 sys=0.00, real=0.00 secs] 
 (concurrent mode failure): 4993K->897K(6848K), 0.0090092 secs] 4993K->897K(9920K), [Metaspace: 3664K->3664K(1056768K)], 0.0095084 secs] [Times: user=0.00 sys=0.00, real=0.01 secs] 
19.441: [GC (Allocation Failure) 19.441: [ParNew: 0K->0K(3072K), 0.0004007 secs]19.441: [CMS: 4993K->897K(6848K), 0.0039756 secs] 4993K->897K(9920K), [Metaspace: 3664K->3664K(1056768K)], 0.0045230 secs] [Times: user=0.01 sys=0.00, real=0.01 secs] 
19.446: [GC (CMS Initial Mark) [1 CMS-initial-mark: 4993K(6848K)] 4993K(9920K), 0.0001311 secs] [Times: user=0.00 sys=0.00, real=0.00 secs] 
19.446: [CMS-concurrent-mark-start]
19.446: [GC (Allocation Failure) 19.446: [ParNew: 0K->0K(3072K), 0.0002739 secs]19.446: [CMS19.449: [CMS-concurrent-mark: 0.002/0.003 secs] [Times: user=0.00 sys=0.00, real=0.00 secs] 
 (concurrent mode failure): 4993K->897K(6848K), 0.0078052 secs] 4993K->897K(9920K), [Metaspace: 3664K->3664K(1056768K)], 0.0082073 secs] [Times: user=0.00 sys=0.00, real=0.01 secs] 
19.455: [GC (Allocation Failure) 19.455: [ParNew: 0K->0K(3072K), 0.0002828 secs]19.455: [CMS: 4993K->897K(6848K), 0.0041169 secs] 4993K->897K(9920K), [Metaspace: 3664K->3664K(1056768K)], 0.0045402 secs] [Times: user=0.02 sys=0.00, real=0.00 secs] 
19.460: [GC (CMS Initial Mark) [1 CMS-initial-mark: 4993K(6848K)] 4993K(9920K), 0.0001806 secs] [Times: user=0.00 sys=0.00, real=0.00 secs] 
19.460: [CMS-concurrent-mark-start]
19.460: [GC (Allocation Failure) 19.460: [ParNew: 0K->0K(3072K), 0.0002559 secs]19.461: [CMS19.465: [CMS-concurrent-mark: 0.002/0.005 secs] [Times: user=0.00 sys=0.00, real=0.00 secs] 
 (concurrent mode failure): 4993K->897K(6848K), 0.0093141 secs] 4993K->897K(9920K), [Metaspace: 3664K->3664K(1056768K)], 0.0096951 secs] [Times: user=0.00 sys=0.00, real=0.01 secs] 
19.470: [GC (Allocation Failure) 19.470: [ParNew: 0K->0K(3072K), 0.0002913 secs]19.471: [CMS: 4993K->897K(6848K), 0.0060441 secs] 4993K->897K(9920K), [Metaspace: 3664K->3664K(1056768K)], 0.0064491 secs] [Times: user=0.01 sys=0.00, real=0.01 secs] 
19.477: [GC (CMS Initial Mark) [1 CMS-initial-mark: 4993K(6848K)] 4993K(9920K), 0.0001626 secs] [Times: user=0.00 sys=0.00, real=0.00 secs] 
19.478: [CMS-concurrent-mark-start]
19.478: [GC (Allocation Failure) 19.478: [ParNew: 0K->0K(3072K), 0.0002681 secs]19.478: [CMS19.495: [CMS-concurrent-mark: 0.001/0.017 secs] [Times: user=0.00 sys=0.00, real=0.02 secs] 
 (concurrent mode failure): 4993K->897K(6848K), 0.0194995 secs] 4993K->897K(9920K), [Metaspace: 3664K->3664K(1056768K)], 0.0198668 secs] [Times: user=0.00 sys=0.00, real=0.02 secs] 
19.498: [GC (Allocation Failure) 19.498: [ParNew: 0K->0K(3072K), 0.0002290 secs]19.498: [CMS: 4993K->897K(6848K), 0.0022437 secs] 4993K->897K(9920K), [Metaspace: 3664K->3664K(1056768K)], 0.0025535 secs] [Times: user=0.00 sys=0.00, real=0.00 secs] 
19.501: [GC (CMS Initial Mark) [1 CMS-initial-mark: 4993K(6848K)] 4993K(9920K), 0.0000855 secs] [Times: user=0.00 sys=0.00, real=0.00 secs] 
19.501: [CMS-concurrent-mark-start]
19.501: [GC (Allocation Failure) 19.501: [ParNew: 0K->0K(3072K), 0.0002119 secs]19.501: [CMS19.511: [CMS-concurrent-mark: 0.002/0.010 secs] [Times: user=0.00 sys=0.00, real=0.01 secs] 
 (concurrent mode failure): 4993K->897K(6848K), 0.0121431 secs] 4993K->897K(9920K), [Metaspace: 3664K->3664K(1056768K)], 0.0125933 secs] [Times: user=0.00 sys=0.00, real=0.01 secs] 
19.514: [GC (Allocation Failure) 19.514: [ParNew: 0K->0K(3072K), 0.0002091 secs]19.514: [CMS: 4993K->897K(6848K), 0.0019318 secs] 4993K->897K(9920K), [Metaspace: 3664K->3664K(1056768K)], 0.0022052 secs] [Times: user=0.00 sys=0.00, real=0.00 secs] 
19.516: [GC (CMS Initial Mark) [1 CMS-initial-mark: 4993K(6848K)] 4993K(9920K), 0.0000801 secs] [Times: user=0.00 sys=0.00, real=0.00 secs] 
19.517: [CMS-concurrent-mark-start]
19.517: [GC (Allocation Failure) 19.517: [ParNew: 0K->0K(3072K), 0.0002032 secs]19.517: [CMS19.526: [CMS-concurrent-mark: 0.002/0.010 secs] [Times: user=0.00 sys=0.00, real=0.01 secs] 
 (concurrent mode failure): 4993K->897K(6848K), 0.0125479 secs] 4993K->897K(9920K), [Metaspace: 3664K->3664K(1056768K)], 0.0128191 secs] [Times: user=0.00 sys=0.00, real=0.01 secs] 
19.530: [GC (Allocation Failure) 19.530: [ParNew: 0K->0K(3072K), 0.0002549 secs]19.530: [CMS: 4993K->897K(6848K), 0.0024185 secs] 4993K->897K(9920K), [Metaspace: 3664K->3664K(1056768K)], 0.0027509 secs] [Times: user=0.00 sys=0.00, real=0.00 secs] 
19.533: [GC (CMS Initial Mark) [1 CMS-initial-mark: 4993K(6848K)] 4993K(9920K), 0.0001056 secs] [Times: user=0.00 sys=0.00, real=0.00 secs] 
19.533: [CMS-concurrent-mark-start]
19.533: [GC (Allocation Failure) 19.533: [ParNew: 0K->0K(3072K), 0.0002654 secs]19.533: [CMS19.542: [CMS-concurrent-mark: 0.002/0.009 secs] [Times: user=0.00 sys=0.00, real=0.01 secs] 
 (concurrent mode failure): 4993K->897K(6848K), 0.0123022 secs] 4993K->897K(9920K), [Metaspace: 3664K->3664K(1056768K)], 0.0126478 secs] [Times: user=0.00 sys=0.00, real=0.01 secs] 
19.546: [GC (Allocation Failure) 19.546: [ParNew: 0K->0K(3072K), 0.0002491 secs]19.546: [CMS: 4993K->897K(6848K), 0.0028259 secs] 4993K->897K(9920K), [Metaspace: 3664K->3664K(1056768K)], 0.0031691 secs] [Times: user=0.00 sys=0.00, real=0.00 secs] 
19.550: [GC (CMS Initial Mark) [1 CMS-initial-mark: 4993K(6848K)] 4993K(9920K), 0.0001143 secs] [Times: user=0.00 sys=0.00, real=0.00 secs] 
19.550: [CMS-concurrent-mark-start]
19.550: [GC (Allocation Failure) 19.550: [ParNew: 0K->0K(3072K), 0.0002691 secs]19.550: [CMS19.558: [CMS-concurrent-mark: 0.002/0.008 secs] [Times: user=0.00 sys=0.00, real=0.01 secs] 
 (concurrent mode failure): 4993K->897K(6848K), 0.0098668 secs] 4993K->897K(9920K), [Metaspace: 3664K->3664K(1056768K)], 0.0102259 secs] [Times: user=0.00 sys=0.00, real=0.01 secs] 
19.560: [GC (Allocation Failure) 19.560: [ParNew: 0K->0K(3072K), 0.0003645 secs]19.561: [CMS: 4993K->897K(6848K), 0.0030267 secs] 4993K->897K(9920K), [Metaspace: 3664K->3664K(1056768K)], 0.0034929 secs] [Times: user=0.00 sys=0.00, real=0.00 secs] 
19.564: [GC (CMS Initial Mark) [1 CMS-initial-mark: 4993K(6848K)] 4993K(9920K), 0.0001970 secs] [Times: user=0.00 sys=0.00, real=0.00 secs] 
19.565: [CMS-concurrent-mark-start]
19.565: [GC (Allocation Failure) 19.565: [ParNew: 0K->0K(3072K), 0.0002713 secs]19.565: [CMS19.573: [CMS-concurrent-mark: 0.002/0.009 secs] [Times: user=0.00 sys=0.00, real=0.01 secs] 
 (concurrent mode failure): 4993K->897K(6848K), 0.0112529 secs] 4993K->897K(9920K), [Metaspace: 3664K->3664K(1056768K)], 0.0116411 secs] [Times: user=0.00 sys=0.00, real=0.01 secs] 
19.577: [GC (Allocation Failure) 19.577: [ParNew: 0K->0K(3072K), 0.0003226 secs]19.577: [CMS: 4993K->897K(6848K), 0.0028497 secs] 4993K->897K(9920K), [Metaspace: 3664K->3664K(1056768K)], 0.0032840 secs] [Times: user=0.00 sys=0.00, real=0.00 secs] 
19.581: [GC (CMS Initial Mark) [1 CMS-initial-mark: 4993K(6848K)] 4993K(9920K), 0.0001308 secs] [Times: user=0.00 sys=0.00, real=0.00 secs] 
19.581: [CMS-concurrent-mark-start]
19.581: [GC (Allocation Failure) 19.581: [ParNew: 0K->0K(3072K), 0.0004072 secs]19.581: [CMS19.589: [CMS-concurrent-mark: 0.002/0.008 secs] [Times: user=0.00 sys=0.00, real=0.01 secs] 
 (concurrent mode failure): 4993K->897K(6848K), 0.0105264 secs] 4993K->897K(9920K), [Metaspace: 3664K->3664K(1056768K)], 0.0110162 secs] [Times: user=0.00 sys=0.00, real=0.01 secs] 
19.592: [GC (Allocation Failure) 19.592: [ParNew: 0K->0K(3072K), 0.0003780 secs]19.593: [CMS: 4993K->897K(6848K), 0.0023806 secs] 4993K->897K(9920K), [Metaspace: 3664K->3664K(1056768K)], 0.0028545 secs] [Times: user=0.00 sys=0.00, real=0.00 secs] 
19.595: [GC (CMS Initial Mark) [1 CMS-initial-mark: 4993K(6848K)] 4993K(9920K), 0.0001565 secs] [Times: user=0.00 sys=0.00, real=0.00 secs] 
19.596: [CMS-concurrent-mark-start]
19.596: [GC (Allocation Failure) 19.596: [ParNew: 0K->0K(3072K), 0.0003069 secs]19.596: [CMS19.605: [CMS-concurrent-mark: 0.002/0.009 secs] [Times: user=0.00 sys=0.00, real=0.01 secs] 
 (concurrent mode failure): 4993K->897K(6848K), 0.0126653 secs] 4993K->897K(9920K), [Metaspace: 3664K->3664K(1056768K)], 0.0130597 secs] [Times: user=0.00 sys=0.00, real=0.01 secs] 
19.609: [GC (Allocation Failure) 19.609: [ParNew: 0K->0K(3072K), 0.0002827 secs]19.610: [CMS: 4993K->897K(6848K), 0.0025337 secs] 4993K->897K(9920K), [Metaspace: 3664K->3664K(1056768K)], 0.0029150 secs] [Times: user=0.00 sys=0.00, real=0.00 secs] 
19.612: [GC (CMS Initial Mark) [1 CMS-initial-mark: 4993K(6848K)] 4993K(9920K), 0.0001741 secs] [Times: user=0.00 sys=0.00, real=0.00 secs] 
19.613: [CMS-concurrent-mark-start]
19.613: [GC (Allocation Failure) 19.613: [ParNew: 0K->0K(3072K), 0.0003146 secs]19.613: [CMS19.621: [CMS-concurrent-mark: 0.002/0.008 secs] [Times: user=0.00 sys=0.00, real=0.01 secs] 
 (concurrent mode failure): 4993K->897K(6848K), 0.0096614 secs] 4993K->897K(9920K), [Metaspace: 3664K->3664K(1056768K)], 0.0100682 secs] [Times: user=0.00 sys=0.00, real=0.01 secs] 
19.623: [GC (Allocation Failure) 19.623: [ParNew: 0K->0K(3072K), 0.0002704 secs]19.624: [CMS: 4993K->897K(6848K), 0.0024586 secs] 4993K->897K(9920K), [Metaspace: 3664K->3664K(1056768K)], 0.0028086 secs] [Times: user=0.00 sys=0.00, real=0.00 secs] 
19.626: [GC (CMS Initial Mark) [1 CMS-initial-mark: 4993K(6848K)] 4993K(9920K), 0.0000860 secs] [Times: user=0.00 sys=0.00, real=0.00 secs] 
19.627: [CMS-concurrent-mark-start]
19.627: [GC (Allocation Failure) 19.627: [ParNew: 0K->0K(3072K), 0.0002379 secs]19.627: [CMS19.636: [CMS-concurrent-mark: 0.001/0.010 secs] [Times: user=0.00 sys=0.00, real=0.01 secs] 
 (concurrent mode failure): 4993K->897K(6848K), 0.0114630 secs] 4993K->897K(9920K), [Metaspace: 3664K->3664K(1056768K)], 0.0117884 secs] [Times: user=0.00 sys=0.00, real=0.01 secs] 
19.639: [GC (Allocation Failure) 19.639: [ParNew: 0K->0K(3072K), 0.0002183 secs]19.639: [CMS: 4993K->897K(6848K), 0.0017569 secs] 4993K->897K(9920K), [Metaspace: 3664K->3664K(1056768K)], 0.0020368 secs] [Times: user=0.00 sys=0.00, real=0.00 secs] 
19.641: [GC (CMS Initial Mark) [1 CMS-initial-mark: 4993K(6848K)] 4993K(9920K), 0.0000729 secs] [Times: user=0.00 sys=0.00, real=0.00 secs] 
19.641: [CMS-concurrent-mark-start]
19.641: [GC (Allocation Failure) 19.641: [ParNew: 0K->0K(3072K), 0.0001677 secs]19.641: [CMS19.651: [CMS-concurrent-mark: 0.001/0.010 secs] [Times: user=0.00 sys=0.00, real=0.01 secs] 
 (concurrent mode failure): 4993K->897K(6848K), 0.0130852 secs] 4993K->897K(9920K), [Metaspace: 3664K->3664K(1056768K)], 0.0133245 secs] [Times: user=0.00 sys=0.00, real=0.01 secs] 
19.655: [GC (Allocation Failure) 19.655: [ParNew: 0K->0K(3072K), 0.0002402 secs]19.655: [CMS: 4993K->897K(6848K), 0.0020635 secs] 4993K->897K(9920K), [Metaspace: 3664K->3664K(1056768K)], 0.0023733 secs] [Times: user=0.00 sys=0.00, real=0.00 secs] 
19.658: [GC (CMS Initial Mark) [1 CMS-initial-mark: 4993K(6848K)] 4993K(9920K), 0.0001071 secs] [Times: user=0.00 sys=0.00, real=0.00 secs] 
19.658: [CMS-concurrent-mark-start]
19.658: [GC (Allocation Failure) 19.658: [ParNew: 0K->0K(3072K), 0.0001934 secs]19.658: [CMS19.666: [CMS-concurrent-mark: 0.002/0.008 secs] [Times: user=0.00 sys=0.00, real=0.01 secs] 
 (concurrent mode failure): 4993K->897K(6848K), 0.0103454 secs] 4993K->897K(9920K), [Metaspace: 3664K->3664K(1056768K)], 0.0106382 secs] [Times: user=0.00 sys=0.00, real=0.01 secs] 
19.669: [GC (Allocation Failure) 19.669: [ParNew: 0K->0K(3072K), 0.0003326 secs]19.669: [CMS: 4993K->897K(6848K), 0.0032254 secs] 4993K->897K(9920K), [Metaspace: 3664K->3664K(1056768K)], 0.0036789 secs] [Times: user=0.00 sys=0.00, real=0.00 secs] 
19.673: [GC (CMS Initial Mark) [1 CMS-initial-mark: 4993K(6848K)] 4993K(9920K), 0.0001401 secs] [Times: user=0.00 sys=0.00, real=0.00 secs] 
19.673: [CMS-concurrent-mark-start]
19.673: [GC (Allocation Failure) 19.673: [ParNew: 0K->0K(3072K), 0.0002192 secs]19.673: [CMS19.681: [CMS-concurrent-mark: 0.002/0.008 secs] [Times: user=0.00 sys=0.00, real=0.01 secs] 
 (concurrent mode failure): 4993K->897K(6848K), 0.0105466 secs] 4993K->897K(9920K), [Metaspace: 3664K->3664K(1056768K)], 0.0108342 secs] [Times: user=0.00 sys=0.00, real=0.01 secs] 
19.684: [GC (Allocation Failure) 19.684: [ParNew: 0K->0K(3072K), 0.0003334 secs]19.685: [CMS: 4993K->897K(6848K), 0.0034080 secs] 4993K->897K(9920K), [Metaspace: 3664K->3664K(1056768K)], 0.0038293 secs] [Times: user=0.00 sys=0.00, real=0.00 secs] 
19.689: [GC (CMS Initial Mark) [1 CMS-initial-mark: 4993K(6848K)] 4993K(9920K), 0.0002212 secs] [Times: user=0.00 sys=0.00, real=0.00 secs] 
19.689: [CMS-concurrent-mark-start]
19.689: [GC (Allocation Failure) 19.689: [ParNew: 0K->0K(3072K), 0.0002455 secs]19.689: [CMS19.696: [CMS-concurrent-mark: 0.001/0.007 secs] [Times: user=0.00 sys=0.00, real=0.01 secs] 
 (concurrent mode failure): 4993K->897K(6848K), 0.0099683 secs] 4993K->897K(9920K), [Metaspace: 3664K->3664K(1056768K)], 0.0102781 secs] [Times: user=0.00 sys=0.00, real=0.01 secs] 
19.700: [GC (Allocation Failure) 19.700: [ParNew: 0K->0K(3072K), 0.0002367 secs]19.700: [CMS: 4993K->897K(6848K), 0.0024076 secs] 4993K->897K(9920K), [Metaspace: 3664K->3664K(1056768K)], 0.0027178 secs] [Times: user=0.00 sys=0.00, real=0.00 secs] 
19.703: [GC (CMS Initial Mark) [1 CMS-initial-mark: 4993K(6848K)] 4993K(9920K), 0.0001602 secs] [Times: user=0.00 sys=0.00, real=0.00 secs] 
19.703: [CMS-concurrent-mark-start]
19.703: [GC (Allocation Failure) 19.703: [ParNew: 0K->0K(3072K), 0.0002986 secs]19.703: [CMS19.717: [CMS-concurrent-mark: 0.006/0.014 secs] [Times: user=0.00 sys=0.00, real=0.01 secs] 
 (concurrent mode failure): 4993K->897K(6848K), 0.0230195 secs] 4993K->897K(9920K), [Metaspace: 3664K->3664K(1056768K)], 0.0235338 secs] [Times: user=0.02 sys=0.00, real=0.02 secs] 
19.728: [GC (Allocation Failure) 19.728: [ParNew: 0K->0K(3072K), 0.0013411 secs]19.729: [CMS: 4993K->897K(6848K), 0.0082082 secs] 4993K->897K(9920K), [Metaspace: 3664K->3664K(1056768K)], 0.0098606 secs] [Times: user=0.00 sys=0.00, real=0.01 secs] 
19.739: [GC (CMS Initial Mark) [1 CMS-initial-mark: 4993K(6848K)] 4993K(9920K), 0.0003200 secs] [Times: user=0.00 sys=0.00, real=0.00 secs] 
19.739: [CMS-concurrent-mark-start]
19.739: [GC (Allocation Failure) 19.739: [ParNew: 0K->0K(3072K), 0.0006857 secs]19.740: [CMS19.746: [CMS-concurrent-mark: 0.004/0.007 secs] [Times: user=0.00 sys=0.00, real=0.01 secs] 
 (concurrent mode failure): 4993K->897K(6848K), 0.0121199 secs] 4993K->897K(9920K), [Metaspace: 3664K->3664K(1056768K)], 0.0130020 secs] [Times: user=0.00 sys=0.00, real=0.01 secs] 
19.753: [GC (Allocation Failure) 19.753: [ParNew: 0K->0K(3072K), 0.0009082 secs]19.754: [CMS: 4993K->897K(6848K), 0.0065782 secs] 4993K->897K(9920K), [Metaspace: 3664K->3664K(1056768K)], 0.0077167 secs] [Times: user=0.02 sys=0.00, real=0.01 secs] 
19.762: [GC (CMS Initial Mark) [1 CMS-initial-mark: 4993K(6848K)] 4993K(9920K), 0.0002361 secs] [Times: user=0.00 sys=0.00, real=0.00 secs] 
19.762: [CMS-concurrent-mark-start]
19.762: [GC (Allocation Failure) 19.762: [ParNew: 0K->0K(3072K), 0.0005894 secs]19.763: [CMS19.774: [CMS-concurrent-mark: 0.002/0.012 secs] [Times: user=0.00 sys=0.00, real=0.01 secs] 
 (concurrent mode failure): 4993K->897K(6848K), 0.0136363 secs] 4993K->897K(9920K), [Metaspace: 3664K->3664K(1056768K)], 0.0143428 secs] [Times: user=0.00 sys=0.00, real=0.01 secs] 
19.777: [GC (Allocation Failure) 19.777: [ParNew: 0K->0K(3072K), 0.0002031 secs]19.777: [CMS: 4993K->897K(6848K), 0.0024651 secs] 4993K->897K(9920K), [Metaspace: 3664K->3664K(1056768K)], 0.0027650 secs] [Times: user=0.00 sys=0.00, real=0.00 secs] 
19.780: [GC (CMS Initial Mark) [1 CMS-initial-mark: 4993K(6848K)] 4993K(9920K), 0.0001836 secs] [Times: user=0.00 sys=0.00, real=0.00 secs] 
19.780: [CMS-concurrent-mark-start]
19.780: [GC (Allocation Failure) 19.780: [ParNew: 0K->0K(3072K), 0.0002732 secs]19.780: [CMS19.789: [CMS-concurrent-mark: 0.001/0.009 secs] [Times: user=0.00 sys=0.00, real=0.01 secs] 
 (concurrent mode failure): 4993K->897K(6848K), 0.0110787 secs] 4993K->897K(9920K), [Metaspace: 3664K->3664K(1056768K)], 0.0114277 secs] [Times: user=0.00 sys=0.00, real=0.01 secs] 
19.792: [GC (Allocation Failure) 19.792: [ParNew: 0K->0K(3072K), 0.0002069 secs]19.792: [CMS: 4993K->897K(6848K), 0.0018382 secs] 4993K->897K(9920K), [Metaspace: 3664K->3664K(1056768K)], 0.0021118 secs] [Times: user=0.00 sys=0.00, real=0.00 secs] 
19.794: [GC (CMS Initial Mark) [1 CMS-initial-mark: 4993K(6848K)] 4993K(9920K), 0.0001126 secs] [Times: user=0.00 sys=0.00, real=0.00 secs] 
19.794: [CMS-concurrent-mark-start]
19.795: [GC (Allocation Failure) 19.795: [ParNew: 0K->0K(3072K), 0.0002069 secs]19.795: [CMS19.806: [CMS-concurrent-mark: 0.002/0.011 secs] [Times: user=0.00 sys=0.00, real=0.01 secs] 
 (concurrent mode failure): 4993K->897K(6848K), 0.0134733 secs] 4993K->897K(9920K), [Metaspace: 3664K->3664K(1056768K)], 0.0137481 secs] [Times: user=0.00 sys=0.00, real=0.01 secs] 
19.809: [GC (Allocation Failure) 19.809: [ParNew: 0K->0K(3072K), 0.0002257 secs]19.809: [CMS: 4993K->897K(6848K), 0.0020349 secs] 4993K->897K(9920K), [Metaspace: 3664K->3664K(1056768K)], 0.0023340 secs] [Times: user=0.00 sys=0.00, real=0.00 secs] 
19.811: [GC (CMS Initial Mark) [1 CMS-initial-mark: 4993K(6848K)] 4993K(9920K), 0.0001209 secs] [Times: user=0.00 sys=0.00, real=0.00 secs] 
19.811: [CMS-concurrent-mark-start]
19.811: [GC (Allocation Failure) 19.812: [ParNew: 0K->0K(3072K), 0.0002569 secs]19.812: [CMS19.821: [CMS-concurrent-mark: 0.002/0.010 secs] [Times: user=0.00 sys=0.00, real=0.01 secs] 
 (concurrent mode failure): 4993K->897K(6848K), 0.0119011 secs] 4993K->897K(9920K), [Metaspace: 3664K->3664K(1056768K)], 0.0122357 secs] [Times: user=0.00 sys=0.00, real=0.01 secs] 
19.824: [GC (Allocation Failure) 19.824: [ParNew: 0K->0K(3072K), 0.0002050 secs]19.824: [CMS: 4993K->897K(6848K), 0.0017416 secs] 4993K->897K(9920K), [Metaspace: 3664K->3664K(1056768K)], 0.0020048 secs] [Times: user=0.00 sys=0.00, real=0.00 secs] 
19.826: [GC (CMS Initial Mark) [1 CMS-initial-mark: 4993K(6848K)] 4993K(9920K), 0.0001334 secs] [Times: user=0.00 sys=0.00, real=0.00 secs] 
19.827: [CMS-concurrent-mark-start]
19.827: [GC (Allocation Failure) 19.827: [ParNew: 0K->0K(3072K), 0.0002374 secs]19.827: [CMS19.837: [CMS-concurrent-mark: 0.002/0.010 secs] [Times: user=0.00 sys=0.00, real=0.01 secs] 
 (concurrent mode failure): 4993K->897K(6848K), 0.0133687 secs] 4993K->897K(9920K), [Metaspace: 3664K->3664K(1056768K)], 0.0137280 secs] [Times: user=0.00 sys=0.00, real=0.01 secs] 
19.841: [GC (Allocation Failure) 19.841: [ParNew: 0K->0K(3072K), 0.0002622 secs]19.841: [CMS: 4993K->897K(6848K), 0.0020183 secs] 4993K->897K(9920K), [Metaspace: 3664K->3664K(1056768K)], 0.0023486 secs] [Times: user=0.00 sys=0.00, real=0.00 secs] 
19.844: [GC (CMS Initial Mark) [1 CMS-initial-mark: 4993K(6848K)] 4993K(9920K), 0.0000975 secs] [Times: user=0.00 sys=0.00, real=0.00 secs] 
19.844: [CMS-concurrent-mark-start]
19.844: [GC (Allocation Failure) 19.844: [ParNew: 0K->0K(3072K), 0.0002291 secs]19.844: [CMS19.851: [CMS-concurrent-mark: 0.001/0.008 secs] [Times: user=0.00 sys=0.00, real=0.01 secs] 
 (concurrent mode failure): 4993K->897K(6848K), 0.0105508 secs] 4993K->897K(9920K), [Metaspace: 3664K->3664K(1056768K)], 0.0108542 secs] [Times: user=0.00 sys=0.00, real=0.01 secs] 
19.855: [GC (Allocation Failure) 19.855: [ParNew: 0K->0K(3072K), 0.0002868 secs]19.855: [CMS: 4993K->897K(6848K), 0.0026262 secs] 4993K->897K(9920K), [Metaspace: 3664K->3664K(1056768K)], 0.0030124 secs] [Times: user=0.00 sys=0.00, real=0.00 secs] 
19.858: [GC (CMS Initial Mark) [1 CMS-initial-mark: 4993K(6848K)] 4993K(9920K), 0.0001360 secs] [Times: user=0.00 sys=0.00, real=0.00 secs] 
19.859: [CMS-concurrent-mark-start]
19.859: [GC (Allocation Failure) 19.859: [ParNew: 0K->0K(3072K), 0.0002268 secs]19.859: [CMS19.867: [CMS-concurrent-mark: 0.001/0.008 secs] [Times: user=0.00 sys=0.00, real=0.01 secs] 
 (concurrent mode failure): 4993K->897K(6848K), 0.0116153 secs] 4993K->897K(9920K), [Metaspace: 3664K->3664K(1056768K)], 0.0119230 secs] [Times: user=0.00 sys=0.00, real=0.01 secs] 
19.871: [GC (Allocation Failure) 19.871: [ParNew: 0K->0K(3072K), 0.0002376 secs]19.871: [CMS: 4993K->897K(6848K), 0.0023630 secs] 4993K->897K(9920K), [Metaspace: 3664K->3664K(1056768K)], 0.0026846 secs] [Times: user=0.00 sys=0.00, real=0.00 secs] 
19.874: [GC (CMS Initial Mark) [1 CMS-initial-mark: 4993K(6848K)] 4993K(9920K), 0.0001506 secs] [Times: user=0.00 sys=0.00, real=0.00 secs] 
19.874: [CMS-concurrent-mark-start]
19.874: [GC (Allocation Failure) 19.874: [ParNew: 0K->0K(3072K), 0.0002390 secs]19.875: [CMS19.883: [CMS-concurrent-mark: 0.002/0.009 secs] [Times: user=0.00 sys=0.00, real=0.01 secs] 
 (concurrent mode failure): 4993K->897K(6848K), 0.0115778 secs] 4993K->897K(9920K), [Metaspace: 3664K->3664K(1056768K)], 0.0119538 secs] [Times: user=0.00 sys=0.00, real=0.01 secs] 
19.887: [GC (Allocation Failure) 19.887: [ParNew: 0K->0K(3072K), 0.0003045 secs]19.887: [CMS: 4993K->897K(6848K), 0.0020771 secs] 4993K->897K(9920K), [Metaspace: 3664K->3664K(1056768K)], 0.0024746 secs] [Times: user=0.00 sys=0.00, real=0.00 secs] 
19.890: [GC (CMS Initial Mark) [1 CMS-initial-mark: 4993K(6848K)] 4993K(9920K), 0.0001908 secs] [Times: user=0.00 sys=0.00, real=0.00 secs] 
19.890: [CMS-concurrent-mark-start]
19.890: [GC (Allocation Failure) 19.890: [ParNew: 0K->0K(3072K), 0.0002723 secs]19.891: [CMS19.898: [CMS-concurrent-mark: 0.002/0.008 secs] [Times: user=0.00 sys=0.00, real=0.01 secs] 
 (concurrent mode failure): 4993K->897K(6848K), 0.0106898 secs] 4993K->897K(9920K), [Metaspace: 3664K->3664K(1056768K)], 0.0110577 secs] [Times: user=0.00 sys=0.00, real=0.01 secs] 
19.902: [GC (Allocation Failure) 19.902: [ParNew: 0K->0K(3072K), 0.0002895 secs]19.902: [CMS: 4993K->897K(6848K), 0.0051639 secs] 4993K->897K(9920K), [Metaspace: 3664K->3664K(1056768K)], 0.0055636 secs] [Times: user=0.00 sys=0.00, real=0.00 secs] 
19.908: [GC (CMS Initial Mark) [1 CMS-initial-mark: 4993K(6848K)] 4993K(9920K), 0.0001453 secs] [Times: user=0.00 sys=0.00, real=0.00 secs] 
19.908: [CMS-concurrent-mark-start]
19.908: [GC (Allocation Failure) 19.908: [ParNew: 0K->0K(3072K), 0.0002658 secs]19.908: [CMS19.914: [CMS-concurrent-mark: 0.002/0.006 secs] [Times: user=0.00 sys=0.00, real=0.00 secs] 
 (concurrent mode failure): 4993K->897K(6848K), 0.0081677 secs] 4993K->897K(9920K), [Metaspace: 3664K->3664K(1056768K)], 0.0085225 secs] [Times: user=0.00 sys=0.00, real=0.01 secs] 
19.917: [GC (Allocation Failure) 19.917: [ParNew: 0K->0K(3072K), 0.0003142 secs]19.918: [CMS: 4993K->897K(6848K), 0.0042122 secs] 4993K->897K(9920K), [Metaspace: 3664K->3664K(1056768K)], 0.0046130 secs] [Times: user=0.00 sys=0.00, real=0.00 secs] 
19.922: [GC (CMS Initial Mark) [1 CMS-initial-mark: 4993K(6848K)] 4993K(9920K), 0.0001400 secs] [Times: user=0.00 sys=0.00, real=0.00 secs] 
19.922: [CMS-concurrent-mark-start]
19.923: [GC (Allocation Failure) 19.923: [ParNew: 0K->0K(3072K), 0.0002698 secs]19.923: [CMS19.929: [CMS-concurrent-mark: 0.002/0.007 secs] [Times: user=0.00 sys=0.00, real=0.01 secs] 
 (concurrent mode failure): 4993K->897K(6848K), 0.0082628 secs] 4993K->897K(9920K), [Metaspace: 3664K->3664K(1056768K)], 0.0086083 secs] [Times: user=0.00 sys=0.00, real=0.01 secs] 
19.932: [GC (Allocation Failure) 19.932: [ParNew: 0K->0K(3072K), 0.0003320 secs]19.932: [CMS: 4993K->897K(6848K), 0.0020442 secs] 4993K->897K(9920K), [Metaspace: 3664K->3664K(1056768K)], 0.0024507 secs] [Times: user=0.00 sys=0.00, real=0.00 secs] 
19.934: [GC (CMS Initial Mark) [1 CMS-initial-mark: 4993K(6848K)] 4993K(9920K), 0.0001531 secs] [Times: user=0.00 sys=0.00, real=0.00 secs] 
19.935: [CMS-concurrent-mark-start]
19.935: [GC (Allocation Failure) 19.935: [ParNew: 0K->0K(3072K), 0.0003348 secs]19.935: [CMS19.944: [CMS-concurrent-mark: 0.001/0.010 secs] [Times: user=0.00 sys=0.00, real=0.01 secs] 
 (concurrent mode failure): 4993K->897K(6848K), 0.0117486 secs] 4993K->897K(9920K), [Metaspace: 3664K->3664K(1056768K)], 0.0121831 secs] [Times: user=0.00 sys=0.00, real=0.01 secs] 
19.947: [GC (Allocation Failure) 19.947: [ParNew: 0K->0K(3072K), 0.0002986 secs]19.948: [CMS: 4993K->897K(6848K), 0.0026576 secs] 4993K->897K(9920K), [Metaspace: 3664K->3664K(1056768K)], 0.0030376 secs] [Times: user=0.00 sys=0.00, real=0.00 secs] 
19.951: [GC (CMS Initial Mark) [1 CMS-initial-mark: 4993K(6848K)] 4993K(9920K), 0.0001829 secs] [Times: user=0.00 sys=0.00, real=0.00 secs] 
19.951: [CMS-concurrent-mark-start]
19.951: [GC (Allocation Failure) 19.951: [ParNew: 0K->0K(3072K), 0.0002895 secs]19.951: [CMS19.960: [CMS-concurrent-mark: 0.001/0.009 secs] [Times: user=0.00 sys=0.00, real=0.01 secs] 
 (concurrent mode failure): 4993K->897K(6848K), 0.0117239 secs] 4993K->897K(9920K), [Metaspace: 3664K->3664K(1056768K)], 0.0121056 secs] [Times: user=0.00 sys=0.00, real=0.01 secs] 
19.963: [GC (Allocation Failure) 19.964: [ParNew: 0K->0K(3072K), 0.0002927 secs]19.964: [CMS: 4993K->897K(6848K), 0.0025332 secs] 4993K->897K(9920K), [Metaspace: 3664K->3664K(1056768K)], 0.0028965 secs] [Times: user=0.00 sys=0.00, real=0.00 secs] 
19.967: [GC (CMS Initial Mark) [1 CMS-initial-mark: 4993K(6848K)] 4993K(9920K), 0.0001238 secs] [Times: user=0.00 sys=0.00, real=0.00 secs] 
19.967: [CMS-concurrent-mark-start]
19.967: [GC (Allocation Failure) 19.967: [ParNew: 0K->0K(3072K), 0.0002337 secs]19.967: [CMS19.976: [CMS-concurrent-mark: 0.001/0.009 secs] [Times: user=0.00 sys=0.00, real=0.01 secs] 
 (concurrent mode failure): 4993K->897K(6848K), 0.0107448 secs] 4993K->897K(9920K), [Metaspace: 3664K->3664K(1056768K)], 0.0110451 secs] [Times: user=0.00 sys=0.00, real=0.01 secs] 
19.978: [GC (Allocation Failure) 19.978: [ParNew: 0K->0K(3072K), 0.0002771 secs]19.979: [CMS: 4993K->897K(6848K), 0.0019682 secs] 4993K->897K(9920K), [Metaspace: 3664K->3664K(1056768K)], 0.0023239 secs] [Times: user=0.00 sys=0.00, real=0.00 secs] 
19.981: [GC (CMS Initial Mark) [1 CMS-initial-mark: 4993K(6848K)] 4993K(9920K), 0.0001432 secs] [Times: user=0.00 sys=0.00, real=0.00 secs] 
19.981: [CMS-concurrent-mark-start]
19.981: [GC (Allocation Failure) 19.981: [ParNew: 0K->0K(3072K), 0.0002596 secs]19.982: [CMS19.991: [CMS-concurrent-mark: 0.002/0.010 secs] [Times: user=0.00 sys=0.00, real=0.01 secs] 
 (concurrent mode failure): 4993K->897K(6848K), 0.0118337 secs] 4993K->897K(9920K), [Metaspace: 3664K->3664K(1056768K)], 0.0121609 secs] [Times: user=0.00 sys=0.00, real=0.01 secs] 
19.994: [GC (Allocation Failure) 19.994: [ParNew: 0K->0K(3072K), 0.0002118 secs]19.994: [CMS: 4993K->897K(6848K), 0.0019280 secs] 4993K->897K(9920K), [Metaspace: 3664K->3664K(1056768K)], 0.0022103 secs] [Times: user=0.00 sys=0.00, real=0.00 secs] 
19.996: [GC (CMS Initial Mark) [1 CMS-initial-mark: 4993K(6848K)] 4993K(9920K), 0.0000931 secs] [Times: user=0.00 sys=0.00, real=0.00 secs] 
19.996: [CMS-concurrent-mark-start]
19.997: [GC (Allocation Failure) 19.997: [ParNew: 0K->0K(3072K), 0.0002473 secs]19.997: [CMS20.006: [CMS-concurrent-mark: 0.001/0.010 secs] [Times: user=0.00 sys=0.00, real=0.01 secs] 
 (concurrent mode failure): 4993K->897K(6848K), 0.0115078 secs] 4993K->897K(9920K), [Metaspace: 3664K->3664K(1056768K)], 0.0118261 secs] [Times: user=0.00 sys=0.00, real=0.01 secs] 
20.009: [GC (Allocation Failure) 20.009: [ParNew: 0K->0K(3072K), 0.0002420 secs]20.009: [CMS: 4993K->897K(6848K), 0.0019542 secs] 4993K->897K(9920K), [Metaspace: 3664K->3664K(1056768K)], 0.0022752 secs] [Times: user=0.00 sys=0.00, real=0.00 secs] 
20.011: [GC (CMS Initial Mark) [1 CMS-initial-mark: 4993K(6848K)] 4993K(9920K), 0.0001142 secs] [Times: user=0.00 sys=0.00, real=0.00 secs] 
20.011: [CMS-concurrent-mark-start]
20.012: [GC (Allocation Failure) 20.012: [ParNew: 0K->0K(3072K), 0.0002032 secs]20.012: [CMS20.021: [CMS-concurrent-mark: 0.001/0.010 secs] [Times: user=0.00 sys=0.01, real=0.01 secs] 
 (concurrent mode failure): 4993K->897K(6848K), 0.0116825 secs] 4993K->897K(9920K), [Metaspace: 3664K->3664K(1056768K)], 0.0119546 secs] [Times: user=0.00 sys=0.01, real=0.01 secs] 
20.024: [GC (Allocation Failure) 20.024: [ParNew: 0K->0K(3072K), 0.0002729 secs]20.024: [CMS: 4993K->897K(6848K), 0.0016506 secs] 4993K->897K(9920K), [Metaspace: 3664K->3664K(1056768K)], 0.0019789 secs] [Times: user=0.00 sys=0.00, real=0.00 secs] 
20.026: [GC (CMS Initial Mark) [1 CMS-initial-mark: 4993K(6848K)] 4993K(9920K), 0.0001719 secs] [Times: user=0.00 sys=0.00, real=0.00 secs] 
20.027: [CMS-concurrent-mark-start]
20.027: [GC (Allocation Failure) 20.027: [ParNew: 0K->0K(3072K), 0.0002379 secs]20.027: [CMS20.037: [CMS-concurrent-mark: 0.001/0.010 secs] [Times: user=0.02 sys=0.00, real=0.01 secs] 
 (concurrent mode failure): 4993K->897K(6848K), 0.0123507 secs] 4993K->897K(9920K), [Metaspace: 3664K->3664K(1056768K)], 0.0126559 secs] [Times: user=0.02 sys=0.00, real=0.01 secs] 
20.040: [GC (Allocation Failure) 20.040: [ParNew: 0K->0K(3072K), 0.0001878 secs]20.040: [CMS: 4993K->897K(6848K), 0.0016525 secs] 4993K->897K(9920K), [Metaspace: 3664K->3664K(1056768K)], 0.0018949 secs] [Times: user=0.00 sys=0.00, real=0.00 secs] 
20.042: [GC (CMS Initial Mark) [1 CMS-initial-mark: 4993K(6848K)] 4993K(9920K), 0.0000819 secs] [Times: user=0.00 sys=0.00, real=0.00 secs] 
20.042: [CMS-concurrent-mark-start]
20.042: [GC (Allocation Failure) 20.042: [ParNew: 0K->0K(3072K), 0.0002531 secs]20.042: [CMS20.053: [CMS-concurrent-mark: 0.002/0.011 secs] [Times: user=0.00 sys=0.00, real=0.01 secs] 
 (concurrent mode failure): 4993K->897K(6848K), 0.0134125 secs] 4993K->897K(9920K), [Metaspace: 3664K->3664K(1056768K)], 0.0137618 secs] [Times: user=0.00 sys=0.00, real=0.01 secs] 
20.056: [GC (Allocation Failure) 20.056: [ParNew: 0K->0K(3072K), 0.0002855 secs]20.057: [CMS: 4993K->897K(6848K), 0.0021574 secs] 4993K->897K(9920K), [Metaspace: 3664K->3664K(1056768K)], 0.0025376 secs] [Times: user=0.00 sys=0.00, real=0.00 secs] 
20.059: [GC (CMS Initial Mark) [1 CMS-initial-mark: 4993K(6848K)] 4993K(9920K), 0.0001641 secs] [Times: user=0.00 sys=0.00, real=0.00 secs] 
20.059: [CMS-concurrent-mark-start]
20.060: [GC (Allocation Failure) 20.060: [ParNew: 0K->0K(3072K), 0.0002298 secs]20.060: [CMS20.069: [CMS-concurrent-mark: 0.002/0.009 secs] [Times: user=0.00 sys=0.00, real=0.01 secs] 
 (concurrent mode failure): 4993K->897K(6848K), 0.0119679 secs] 4993K->897K(9920K), [Metaspace: 3664K->3664K(1056768K)], 0.0123034 secs] [Times: user=0.00 sys=0.00, real=0.01 secs] 
20.072: [GC (Allocation Failure) 20.072: [ParNew: 0K->0K(3072K), 0.0002131 secs]20.073: [CMS: 4993K->897K(6848K), 0.0019591 secs] 4993K->897K(9920K), [Metaspace: 3664K->3664K(1056768K)], 0.0022404 secs] [Times: user=0.00 sys=0.00, real=0.00 secs] 
20.075: [GC (CMS Initial Mark) [1 CMS-initial-mark: 4993K(6848K)] 4993K(9920K), 0.0001207 secs] [Times: user=0.00 sys=0.00, real=0.00 secs] 
20.075: [CMS-concurrent-mark-start]
20.075: [GC (Allocation Failure) 20.075: [ParNew: 0K->0K(3072K), 0.0001998 secs]20.075: [CMS20.084: [CMS-concurrent-mark: 0.001/0.009 secs] [Times: user=0.02 sys=0.00, real=0.01 secs] 
 (concurrent mode failure): 4993K->897K(6848K), 0.0120464 secs] 4993K->897K(9920K), [Metaspace: 3664K->3664K(1056768K)], 0.0123205 secs] [Times: user=0.02 sys=0.00, real=0.01 secs] 
20.088: [GC (Allocation Failure) 20.088: [ParNew: 0K->0K(3072K), 0.0003398 secs]20.088: [CMS: 4993K->897K(6848K), 0.0019436 secs] 4993K->897K(9920K), [Metaspace: 3664K->3664K(1056768K)], 0.0023543 secs] [Times: user=0.00 sys=0.00, real=0.00 secs] 
20.090: [GC (CMS Initial Mark) [1 CMS-initial-mark: 4993K(6848K)] 4993K(9920K), 0.0001203 secs] [Times: user=0.00 sys=0.00, real=0.00 secs] 
20.091: [CMS-concurrent-mark-start]
20.091: [GC (Allocation Failure) 20.091: [ParNew: 0K->0K(3072K), 0.0002276 secs]20.091: [CMS20.100: [CMS-concurrent-mark: 0.002/0.009 secs] [Times: user=0.00 sys=0.00, real=0.01 secs] 
 (concurrent mode failure): 4993K->897K(6848K), 0.0123917 secs] 4993K->897K(9920K), [Metaspace: 3664K->3664K(1056768K)], 0.0127329 secs] [Times: user=0.00 sys=0.00, real=0.01 secs] 
20.104: [GC (Allocation Failure) 20.104: [ParNew: 0K->0K(3072K), 0.0003156 secs]20.104: [CMS: 4993K->897K(6848K), 0.0018688 secs] 4993K->897K(9920K), [Metaspace: 3664K->3664K(1056768K)], 0.0022724 secs] [Times: user=0.00 sys=0.00, real=0.00 secs] 
20.107: [GC (CMS Initial Mark) [1 CMS-initial-mark: 4993K(6848K)] 4993K(9920K), 0.0002106 secs] [Times: user=0.00 sys=0.00, real=0.00 secs] 
20.107: [CMS-concurrent-mark-start]
20.107: [GC (Allocation Failure) 20.107: [ParNew: 0K->0K(3072K), 0.0002183 secs]20.107: [CMS20.115: [CMS-concurrent-mark: 0.001/0.008 secs] [Times: user=0.00 sys=0.00, real=0.01 secs] 
 (concurrent mode failure): 4993K->897K(6848K), 0.0103371 secs] 4993K->897K(9920K), [Metaspace: 3664K->3664K(1056768K)], 0.0106214 secs] [Times: user=0.00 sys=0.00, real=0.01 secs] 
20.118: [GC (Allocation Failure) 20.118: [ParNew: 0K->0K(3072K), 0.0002846 secs]20.118: [CMS: 4993K->897K(6848K), 0.0026008 secs] 4993K->897K(9920K), [Metaspace: 3664K->3664K(1056768K)], 0.0029729 secs] [Times: user=0.00 sys=0.00, real=0.00 secs] 
20.121: [GC (CMS Initial Mark) [1 CMS-initial-mark: 4993K(6848K)] 4993K(9920K), 0.0000970 secs] [Times: user=0.00 sys=0.00, real=0.00 secs] 
20.121: [CMS-concurrent-mark-start]
20.121: [GC (Allocation Failure) 20.121: [ParNew: 0K->0K(3072K), 0.0002109 secs]20.122: [CMS20.131: [CMS-concurrent-mark: 0.002/0.010 secs] [Times: user=0.00 sys=0.00, real=0.01 secs] 
 (concurrent mode failure): 4993K->897K(6848K), 0.0118691 secs] 4993K->897K(9920K), [Metaspace: 3664K->3664K(1056768K)], 0.0121504 secs] [Times: user=0.00 sys=0.00, real=0.01 secs] 
20.134: [GC (Allocation Failure) 20.134: [ParNew: 0K->0K(3072K), 0.0002219 secs]20.134: [CMS: 4993K->897K(6848K), 0.0026970 secs] 4993K->897K(9920K), [Metaspace: 3664K->3664K(1056768K)], 0.0029956 secs] [Times: user=0.00 sys=0.00, real=0.00 secs] 
20.137: [GC (CMS Initial Mark) [1 CMS-initial-mark: 4993K(6848K)] 4993K(9920K), 0.0001188 secs] [Times: user=0.00 sys=0.00, real=0.00 secs] 
20.137: [CMS-concurrent-mark-start]
20.137: [GC (Allocation Failure) 20.137: [ParNew: 0K->0K(3072K), 0.0002198 secs]20.138: [CMS20.147: [CMS-concurrent-mark: 0.002/0.009 secs] [Times: user=0.00 sys=0.00, real=0.01 secs] 
 (concurrent mode failure): 4993K->897K(6848K), 0.0122376 secs] 4993K->897K(9920K), [Metaspace: 3664K->3664K(1056768K)], 0.0125341 secs] [Times: user=0.00 sys=0.00, real=0.01 secs] 
20.150: [GC (Allocation Failure) 20.150: [ParNew: 0K->0K(3072K), 0.0002794 secs]20.151: [CMS: 4993K->897K(6848K), 0.0026325 secs] 4993K->897K(9920K), [Metaspace: 3664K->3664K(1056768K)], 0.0030029 secs] [Times: user=0.00 sys=0.00, real=0.00 secs] 
20.154: [GC (CMS Initial Mark) [1 CMS-initial-mark: 4993K(6848K)] 4993K(9920K), 0.0001807 secs] [Times: user=0.00 sys=0.00, real=0.00 secs] 
20.154: [CMS-concurrent-mark-start]
20.154: [GC (Allocation Failure) 20.154: [ParNew: 0K->0K(3072K), 0.0002430 secs]20.154: [CMS20.162: [CMS-concurrent-mark: 0.002/0.008 secs] [Times: user=0.00 sys=0.00, real=0.01 secs] 
 (concurrent mode failure): 4993K->897K(6848K), 0.0102990 secs] 4993K->897K(9920K), [Metaspace: 3664K->3664K(1056768K)], 0.0106178 secs] [Times: user=0.00 sys=0.00, real=0.01 secs] 
20.165: [GC (Allocation Failure) 20.165: [ParNew: 0K->0K(3072K), 0.0002142 secs]20.165: [CMS: 4993K->897K(6848K), 0.0018935 secs] 4993K->897K(9920K), [Metaspace: 3664K->3664K(1056768K)], 0.0021784 secs] [Times: user=0.00 sys=0.00, real=0.00 secs] 
20.168: [GC (CMS Initial Mark) [1 CMS-initial-mark: 4993K(6848K)] 4993K(9920K), 0.0001961 secs] [Times: user=0.00 sys=0.00, real=0.00 secs] 
20.168: [CMS-concurrent-mark-start]
20.168: [GC (Allocation Failure) 20.168: [ParNew: 0K->0K(3072K), 0.0002388 secs]20.168: [CMS20.177: [CMS-concurrent-mark: 0.001/0.009 secs] [Times: user=0.02 sys=0.00, real=0.01 secs] 
 (concurrent mode failure): 4993K->897K(6848K), 0.0126029 secs] 4993K->897K(9920K), [Metaspace: 3664K->3664K(1056768K)], 0.0129424 secs] [Times: user=0.02 sys=0.00, real=0.01 secs] 
20.181: [GC (Allocation Failure) 20.181: [ParNew: 0K->0K(3072K), 0.0002268 secs]20.182: [CMS: 4993K->897K(6848K), 0.0030926 secs] 4993K->897K(9920K), [Metaspace: 3664K->3664K(1056768K)], 0.0034324 secs] [Times: user=0.00 sys=0.00, real=0.00 secs] 
20.185: [GC (CMS Initial Mark) [1 CMS-initial-mark: 4993K(6848K)] 4993K(9920K), 0.0001309 secs] [Times: user=0.00 sys=0.00, real=0.00 secs] 
20.186: [CMS-concurrent-mark-start]
20.186: [GC (Allocation Failure) 20.186: [ParNew: 0K->0K(3072K), 0.0002390 secs]20.186: [CMS20.193: [CMS-concurrent-mark: 0.002/0.008 secs] [Times: user=0.03 sys=0.00, real=0.01 secs] 
 (concurrent mode failure): 4993K->897K(6848K), 0.0106587 secs] 4993K->897K(9920K), [Metaspace: 3664K->3664K(1056768K)], 0.0109864 secs] [Times: user=0.03 sys=0.00, real=0.01 secs] 
20.200: [GC (Allocation Failure) 20.200: [ParNew: 0K->0K(3072K), 0.0004401 secs]20.201: [CMS: 4993K->897K(6848K), 0.0040721 secs] 4993K->897K(9920K), [Metaspace: 3664K->3664K(1056768K)], 0.0046569 secs] [Times: user=0.00 sys=0.00, real=0.01 secs] 
20.205: [GC (CMS Initial Mark) [1 CMS-initial-mark: 4993K(6848K)] 4993K(9920K), 0.0001942 secs] [Times: user=0.00 sys=0.00, real=0.00 secs] 
20.206: [CMS-concurrent-mark-start]
20.206: [GC (Allocation Failure) 20.206: [ParNew: 0K->0K(3072K), 0.0004368 secs]20.206: [CMS20.209: [CMS-concurrent-mark: 0.001/0.003 secs] [Times: user=0.00 sys=0.00, real=0.00 secs] 
 (concurrent mode failure): 4993K->897K(6848K), 0.0059335 secs] 4993K->897K(9920K), [Metaspace: 3664K->3664K(1056768K)], 0.0064760 secs] [Times: user=0.00 sys=0.00, real=0.01 secs] 
20.213: [GC (Allocation Failure) 20.213: [ParNew: 0K->0K(3072K), 0.0003058 secs]20.213: [CMS: 4993K->897K(6848K), 0.0036478 secs] 4993K->897K(9920K), [Metaspace: 3664K->3664K(1056768K)], 0.0040664 secs] [Times: user=0.00 sys=0.00, real=0.00 secs] 
20.217: [GC (CMS Initial Mark) [1 CMS-initial-mark: 4993K(6848K)] 4993K(9920K), 0.0001372 secs] [Times: user=0.00 sys=0.00, real=0.00 secs] 
20.217: [CMS-concurrent-mark-start]
20.217: [GC (Allocation Failure) 20.217: [ParNew: 0K->0K(3072K), 0.0002183 secs]20.218: [CMS20.225: [CMS-concurrent-mark: 0.002/0.007 secs] [Times: user=0.03 sys=0.00, real=0.01 secs] 
 (concurrent mode failure): 4993K->897K(6848K), 0.0088284 secs] 4993K->897K(9920K), [Metaspace: 3664K->3664K(1056768K)], 0.0091228 secs] [Times: user=0.03 sys=0.00, real=0.01 secs] 
20.227: [GC (Allocation Failure) 20.227: [ParNew: 0K->0K(3072K), 0.0002364 secs]20.227: [CMS: 4993K->897K(6848K), 0.0016708 secs] 4993K->897K(9920K), [Metaspace: 3664K->3664K(1056768K)], 0.0019642 secs] [Times: user=0.00 sys=0.00, real=0.00 secs] 
20.229: [GC (CMS Initial Mark) [1 CMS-initial-mark: 4993K(6848K)] 4993K(9920K), 0.0001099 secs] [Times: user=0.00 sys=0.00, real=0.00 secs] 
20.229: [CMS-concurrent-mark-start]
20.230: [GC (Allocation Failure) 20.230: [ParNew: 0K->0K(3072K), 0.0003091 secs]20.230: [CMS20.240: [CMS-concurrent-mark: 0.002/0.011 secs] [Times: user=0.00 sys=0.00, real=0.01 secs] 
 (concurrent mode failure): 4993K->897K(6848K), 0.0128131 secs] 4993K->897K(9920K), [Metaspace: 3664K->3664K(1056768K)], 0.0131919 secs] [Times: user=0.00 sys=0.00, real=0.01 secs] 
20.243: [GC (Allocation Failure) 20.243: [ParNew: 0K->0K(3072K), 0.0002153 secs]20.243: [CMS: 4993K->897K(6848K), 0.0018335 secs] 4993K->897K(9920K), [Metaspace: 3664K->3664K(1056768K)], 0.0021165 secs] [Times: user=0.00 sys=0.00, real=0.00 secs] 
20.246: [GC (CMS Initial Mark) [1 CMS-initial-mark: 4993K(6848K)] 4993K(9920K), 0.0002073 secs] [Times: user=0.00 sys=0.00, real=0.00 secs] 
20.246: [CMS-concurrent-mark-start]
20.246: [GC (Allocation Failure) 20.246: [ParNew: 0K->0K(3072K), 0.0002122 secs]20.246: [CMS20.256: [CMS-concurrent-mark: 0.001/0.010 secs] [Times: user=0.00 sys=0.00, real=0.01 secs] 
 (concurrent mode failure): 4993K->897K(6848K), 0.0120270 secs] 4993K->897K(9920K), [Metaspace: 3664K->3664K(1056768K)], 0.0123076 secs] [Times: user=0.00 sys=0.00, real=0.01 secs] 
20.259: [GC (Allocation Failure) 20.259: [ParNew: 0K->0K(3072K), 0.0002396 secs]20.259: [CMS: 4993K->897K(6848K), 0.0021685 secs] 4993K->897K(9920K), [Metaspace: 3664K->3664K(1056768K)], 0.0024967 secs] [Times: user=0.00 sys=0.00, real=0.00 secs] 
20.261: [GC (CMS Initial Mark) [1 CMS-initial-mark: 4993K(6848K)] 4993K(9920K), 0.0001156 secs] [Times: user=0.00 sys=0.00, real=0.00 secs] 
20.262: [CMS-concurrent-mark-start]
20.262: [GC (Allocation Failure) 20.262: [ParNew: 0K->0K(3072K), 0.0002086 secs]20.262: [CMS20.272: [CMS-concurrent-mark: 0.001/0.010 secs] [Times: user=0.00 sys=0.00, real=0.01 secs] 
 (concurrent mode failure): 4993K->897K(6848K), 0.0126714 secs] 4993K->897K(9920K), [Metaspace: 3664K->3664K(1056768K)], 0.0129530 secs] [Times: user=0.00 sys=0.00, real=0.01 secs] 
20.275: [GC (Allocation Failure) 20.275: [ParNew: 0K->0K(3072K), 0.0002171 secs]20.275: [CMS: 4993K->897K(6848K), 0.0018369 secs] 4993K->897K(9920K), [Metaspace: 3664K->3664K(1056768K)], 0.0021158 secs] [Times: user=0.00 sys=0.00, real=0.00 secs] 
20.277: [GC (CMS Initial Mark) [1 CMS-initial-mark: 4993K(6848K)] 4993K(9920K), 0.0001091 secs] [Times: user=0.00 sys=0.00, real=0.00 secs] 
20.278: [CMS-concurrent-mark-start]
20.278: [GC (Allocation Failure) 20.278: [ParNew: 0K->0K(3072K), 0.0002115 secs]20.278: [CMS20.287: [CMS-concurrent-mark: 0.002/0.010 secs] [Times: user=0.00 sys=0.00, real=0.01 secs] 
 (concurrent mode failure): 4993K->897K(6848K), 0.0123837 secs] 4993K->897K(9920K), [Metaspace: 3664K->3664K(1056768K)], 0.0126642 secs] [Times: user=0.00 sys=0.00, real=0.01 secs] 
20.291: [GC (Allocation Failure) 20.291: [ParNew: 0K->0K(3072K), 0.0002452 secs]20.291: [CMS: 4993K->897K(6848K), 0.0017763 secs] 4993K->897K(9920K), [Metaspace: 3664K->3664K(1056768K)], 0.0020801 secs] [Times: user=0.00 sys=0.00, real=0.00 secs] 
20.293: [GC (CMS Initial Mark) [1 CMS-initial-mark: 4993K(6848K)] 4993K(9920K), 0.0001251 secs] [Times: user=0.00 sys=0.00, real=0.00 secs] 
20.293: [CMS-concurrent-mark-start]
20.293: [GC (Allocation Failure) 20.293: [ParNew: 0K->0K(3072K), 0.0002173 secs]20.294: [CMS20.303: [CMS-concurrent-mark: 0.002/0.010 secs] [Times: user=0.00 sys=0.00, real=0.01 secs] 
 (concurrent mode failure): 4993K->897K(6848K), 0.0125317 secs] 4993K->897K(9920K), [Metaspace: 3664K->3664K(1056768K)], 0.0128297 secs] [Times: user=0.00 sys=0.00, real=0.01 secs] 
20.307: [GC (Allocation Failure) 20.307: [ParNew: 0K->0K(3072K), 0.0002356 secs]20.307: [CMS: 4993K->897K(6848K), 0.0018892 secs] 4993K->897K(9920K), [Metaspace: 3664K->3664K(1056768K)], 0.0021904 secs] [Times: user=0.00 sys=0.00, real=0.00 secs] 
20.309: [GC (CMS Initial Mark) [1 CMS-initial-mark: 4993K(6848K)] 4993K(9920K), 0.0001244 secs] [Times: user=0.00 sys=0.00, real=0.00 secs] 
20.309: [CMS-concurrent-mark-start]
20.310: [GC (Allocation Failure) 20.310: [ParNew: 0K->0K(3072K), 0.0002253 secs]20.310: [CMS20.319: [CMS-concurrent-mark: 0.002/0.010 secs] [Times: user=0.00 sys=0.00, real=0.01 secs] 
 (concurrent mode failure): 4993K->897K(6848K), 0.0121223 secs] 4993K->897K(9920K), [Metaspace: 3664K->3664K(1056768K)], 0.0124269 secs] [Times: user=0.00 sys=0.00, real=0.01 secs] 
20.322: [GC (Allocation Failure) 20.322: [ParNew: 0K->0K(3072K), 0.0002672 secs]20.323: [CMS: 4993K->897K(6848K), 0.0023646 secs] 4993K->897K(9920K), [Metaspace: 3664K->3664K(1056768K)], 0.0027069 secs] [Times: user=0.00 sys=0.00, real=0.00 secs] 
20.325: [GC (CMS Initial Mark) [1 CMS-initial-mark: 4993K(6848K)] 4993K(9920K), 0.0001235 secs] [Times: user=0.00 sys=0.00, real=0.00 secs] 
20.326: [CMS-concurrent-mark-start]
20.326: [GC (Allocation Failure) 20.326: [ParNew: 0K->0K(3072K), 0.0002419 secs]20.326: [CMS20.334: [CMS-concurrent-mark: 0.001/0.008 secs] [Times: user=0.00 sys=0.00, real=0.01 secs] 
 (concurrent mode failure): 4993K->897K(6848K), 0.0110748 secs] 4993K->897K(9920K), [Metaspace: 3664K->3664K(1056768K)], 0.0114016 secs] [Times: user=0.00 sys=0.00, real=0.01 secs] 
20.338: [GC (Allocation Failure) 20.338: [ParNew: 0K->0K(3072K), 0.0002557 secs]20.338: [CMS: 4993K->897K(6848K), 0.0019339 secs] 4993K->897K(9920K), [Metaspace: 3664K->3664K(1056768K)], 0.0022622 secs] [Times: user=0.00 sys=0.00, real=0.00 secs] 
20.340: [GC (CMS Initial Mark) [1 CMS-initial-mark: 4993K(6848K)] 4993K(9920K), 0.0001218 secs] [Times: user=0.00 sys=0.00, real=0.00 secs] 
20.340: [CMS-concurrent-mark-start]
20.340: [GC (Allocation Failure) 20.340: [ParNew: 0K->0K(3072K), 0.0001806 secs]20.341: [CMS20.350: [CMS-concurrent-mark: 0.002/0.010 secs] [Times: user=0.00 sys=0.00, real=0.01 secs] 
 (concurrent mode failure): 4993K->897K(6848K), 0.0133020 secs] 4993K->897K(9920K), [Metaspace: 3664K->3664K(1056768K)], 0.0135486 secs] [Times: user=0.00 sys=0.00, real=0.01 secs] 
20.354: [GC (Allocation Failure) 20.354: [ParNew: 0K->0K(3072K), 0.0002445 secs]20.354: [CMS: 4993K->897K(6848K), 0.0018067 secs] 4993K->897K(9920K), [Metaspace: 3664K->3664K(1056768K)], 0.0021204 secs] [Times: user=0.00 sys=0.00, real=0.00 secs] 
20.357: [GC (CMS Initial Mark) [1 CMS-initial-mark: 4993K(6848K)] 4993K(9920K), 0.0002603 secs] [Times: user=0.00 sys=0.00, real=0.00 secs] 
20.357: [CMS-concurrent-mark-start]
20.357: [GC (Allocation Failure) 20.357: [ParNew: 0K->0K(3072K), 0.0002202 secs]20.357: [CMS20.366: [CMS-concurrent-mark: 0.002/0.009 secs] [Times: user=0.00 sys=0.00, real=0.01 secs] 
 (concurrent mode failure): 4993K->897K(6848K), 0.0117101 secs] 4993K->897K(9920K), [Metaspace: 3664K->3664K(1056768K)], 0.0120057 secs] [Times: user=0.00 sys=0.00, real=0.01 secs] 
20.369: [GC (Allocation Failure) 20.369: [ParNew: 0K->0K(3072K), 0.0002756 secs]20.370: [CMS: 4993K->897K(6848K), 0.0025552 secs] 4993K->897K(9920K), [Metaspace: 3664K->3664K(1056768K)], 0.0029037 secs] [Times: user=0.00 sys=0.00, real=0.00 secs] 
20.373: [GC (CMS Initial Mark) [1 CMS-initial-mark: 4993K(6848K)] 4993K(9920K), 0.0001950 secs] [Times: user=0.00 sys=0.00, real=0.00 secs] 
20.373: [CMS-concurrent-mark-start]
20.373: [GC (Allocation Failure) 20.373: [ParNew: 0K->0K(3072K), 0.0002336 secs]20.373: [CMS20.382: [CMS-concurrent-mark: 0.002/0.009 secs] [Times: user=0.00 sys=0.00, real=0.01 secs] 
 (concurrent mode failure): 4993K->897K(6848K), 0.0119412 secs] 4993K->897K(9920K), [Metaspace: 3664K->3664K(1056768K)], 0.0122640 secs] [Times: user=0.00 sys=0.00, real=0.01 secs] 
20.386: [GC (Allocation Failure) 20.386: [ParNew: 0K->0K(3072K), 0.0002973 secs]20.386: [CMS: 4993K->897K(6848K), 0.0031183 secs] 4993K->897K(9920K), [Metaspace: 3664K->3664K(1056768K)], 0.0035039 secs] [Times: user=0.00 sys=0.00, real=0.00 secs] 
20.389: [GC (CMS Initial Mark) [1 CMS-initial-mark: 4993K(6848K)] 4993K(9920K), 0.0002548 secs] [Times: user=0.00 sys=0.00, real=0.00 secs] 
20.390: [CMS-concurrent-mark-start]
20.390: [GC (Allocation Failure) 20.390: [ParNew: 0K->0K(3072K), 0.0002775 secs]20.390: [CMS20.397: [CMS-concurrent-mark: 0.001/0.008 secs] [Times: user=0.00 sys=0.00, real=0.01 secs] 
 (concurrent mode failure): 4993K->897K(6848K), 0.0097463 secs] 4993K->897K(9920K), [Metaspace: 3664K->3664K(1056768K)], 0.0101193 secs] [Times: user=0.00 sys=0.00, real=0.01 secs] 
20.400: [GC (Allocation Failure) 20.400: [ParNew: 0K->0K(3072K), 0.0003178 secs]20.401: [CMS: 4993K->897K(6848K), 0.0027915 secs] 4993K->897K(9920K), [Metaspace: 3664K->3664K(1056768K)], 0.0031947 secs] [Times: user=0.00 sys=0.00, real=0.00 secs] 
20.404: [GC (CMS Initial Mark) [1 CMS-initial-mark: 4993K(6848K)] 4993K(9920K), 0.0001303 secs] [Times: user=0.00 sys=0.00, real=0.00 secs] 
20.404: [CMS-concurrent-mark-start]
20.404: [GC (Allocation Failure) 20.404: [ParNew: 0K->0K(3072K), 0.0002266 secs]20.404: [CMS20.412: [CMS-concurrent-mark: 0.001/0.009 secs] [Times: user=0.00 sys=0.00, real=0.01 secs] 
 (concurrent mode failure): 4993K->897K(6848K), 0.0105573 secs] 4993K->897K(9920K), [Metaspace: 3664K->3664K(1056768K)], 0.0108754 secs] [Times: user=0.00 sys=0.00, real=0.01 secs] 
20.415: [GC (Allocation Failure) 20.415: [ParNew: 0K->0K(3072K), 0.0004099 secs]20.416: [CMS: 4993K->897K(6848K), 0.0025797 secs] 4993K->897K(9920K), [Metaspace: 3664K->3664K(1056768K)], 0.0030701 secs] [Times: user=0.00 sys=0.00, real=0.00 secs] 
20.419: [GC (CMS Initial Mark) [1 CMS-initial-mark: 4993K(6848K)] 4993K(9920K), 0.0002114 secs] [Times: user=0.00 sys=0.00, real=0.00 secs] 
20.419: [CMS-concurrent-mark-start]
20.419: [GC (Allocation Failure) 20.419: [ParNew: 0K->0K(3072K), 0.0003440 secs]20.419: [CMS20.429: [CMS-concurrent-mark: 0.001/0.010 secs] [Times: user=0.00 sys=0.00, real=0.01 secs] 
 (concurrent mode failure): 4993K->897K(6848K), 0.0116657 secs] 4993K->897K(9920K), [Metaspace: 3664K->3664K(1056768K)], 0.0121187 secs] [Times: user=0.00 sys=0.00, real=0.01 secs] 
20.431: [GC (Allocation Failure) 20.431: [ParNew: 0K->0K(3072K), 0.0002167 secs]20.432: [CMS: 4993K->897K(6848K), 0.0018620 secs] 4993K->897K(9920K), [Metaspace: 3664K->3664K(1056768K)], 0.0021530 secs] [Times: user=0.00 sys=0.00, real=0.00 secs] 
20.434: [GC (CMS Initial Mark) [1 CMS-initial-mark: 4993K(6848K)] 4993K(9920K), 0.0001099 secs] [Times: user=0.00 sys=0.00, real=0.00 secs] 
20.434: [CMS-concurrent-mark-start]
20.434: [GC (Allocation Failure) 20.434: [ParNew: 0K->0K(3072K), 0.0002629 secs]20.434: [CMS20.444: [CMS-concurrent-mark: 0.002/0.010 secs] [Times: user=0.00 sys=0.00, real=0.01 secs] 
 (concurrent mode failure): 4993K->897K(6848K), 0.0124161 secs] 4993K->897K(9920K), [Metaspace: 3664K->3664K(1056768K)], 0.0127544 secs] [Times: user=0.00 sys=0.00, real=0.01 secs] 
20.447: [GC (Allocation Failure) 20.447: [ParNew: 0K->0K(3072K), 0.0002209 secs]20.448: [CMS: 4993K->897K(6848K), 0.0019069 secs] 4993K->897K(9920K), [Metaspace: 3664K->3664K(1056768K)], 0.0021960 secs] [Times: user=0.00 sys=0.00, real=0.00 secs] 
20.450: [GC (CMS Initial Mark) [1 CMS-initial-mark: 4993K(6848K)] 4993K(9920K), 0.0001063 secs] [Times: user=0.00 sys=0.00, real=0.00 secs] 
20.450: [CMS-concurrent-mark-start]
20.450: [GC (Allocation Failure) 20.450: [ParNew: 0K->0K(3072K), 0.0001983 secs]20.450: [CMS20.460: [CMS-concurrent-mark: 0.001/0.010 secs] [Times: user=0.00 sys=0.00, real=0.01 secs] 
 (concurrent mode failure): 4993K->897K(6848K), 0.0131741 secs] 4993K->897K(9920K), [Metaspace: 3664K->3664K(1056768K)], 0.0134484 secs] [Times: user=0.00 sys=0.00, real=0.01 secs] 
20.464: [GC (Allocation Failure) 20.464: [ParNew: 0K->0K(3072K), 0.0002817 secs]20.464: [CMS: 4993K->897K(6848K), 0.0020264 secs] 4993K->897K(9920K), [Metaspace: 3664K->3664K(1056768K)], 0.0023802 secs] [Times: user=0.00 sys=0.00, real=0.00 secs] 
20.467: [GC (CMS Initial Mark) [1 CMS-initial-mark: 4993K(6848K)] 4993K(9920K), 0.0001254 secs] [Times: user=0.00 sys=0.00, real=0.00 secs] 
20.467: [CMS-concurrent-mark-start]
20.467: [GC (Allocation Failure) 20.467: [ParNew: 0K->0K(3072K), 0.0003013 secs]20.467: [CMS20.476: [CMS-concurrent-mark: 0.001/0.009 secs] [Times: user=0.00 sys=0.00, real=0.01 secs] 
 (concurrent mode failure): 4993K->897K(6848K), 0.0116886 secs] 4993K->897K(9920K), [Metaspace: 3664K->3664K(1056768K)], 0.0120812 secs] [Times: user=0.00 sys=0.00, real=0.01 secs] 
20.479: [GC (Allocation Failure) 20.479: [ParNew: 0K->0K(3072K), 0.0002322 secs]20.479: [CMS: 4993K->897K(6848K), 0.0018285 secs] 4993K->897K(9920K), [Metaspace: 3664K->3664K(1056768K)], 0.0021246 secs] [Times: user=0.00 sys=0.00, real=0.00 secs] 
20.482: [GC (CMS Initial Mark) [1 CMS-initial-mark: 4993K(6848K)] 4993K(9920K), 0.0000789 secs] [Times: user=0.00 sys=0.00, real=0.00 secs] 
20.482: [CMS-concurrent-mark-start]
20.482: [GC (Allocation Failure) 20.482: [ParNew: 0K->0K(3072K), 0.0002362 secs]20.482: [CMS20.492: [CMS-concurrent-mark: 0.001/0.010 secs] [Times: user=0.00 sys=0.00, real=0.01 secs] 
 (concurrent mode failure): 4993K->897K(6848K), 0.0119380 secs] 4993K->897K(9920K), [Metaspace: 3664K->3664K(1056768K)], 0.0122466 secs] [Times: user=0.00 sys=0.00, real=0.01 secs] 
20.494: [GC (Allocation Failure) 20.494: [ParNew: 0K->0K(3072K), 0.0002122 secs]20.495: [CMS: 4993K->897K(6848K), 0.0019141 secs] 4993K->897K(9920K), [Metaspace: 3664K->3664K(1056768K)], 0.0022044 secs] [Times: user=0.00 sys=0.00, real=0.00 secs] 
20.497: [GC (CMS Initial Mark) [1 CMS-initial-mark: 4993K(6848K)] 4993K(9920K), 0.0000824 secs] [Times: user=0.00 sys=0.00, real=0.00 secs] 
20.497: [CMS-concurrent-mark-start]
20.497: [GC (Allocation Failure) 20.497: [ParNew: 0K->0K(3072K), 0.0002603 secs]20.497: [CMS20.508: [CMS-concurrent-mark: 0.002/0.011 secs] [Times: user=0.00 sys=0.00, real=0.01 secs] 
 (concurrent mode failure): 4993K->897K(6848K), 0.0128479 secs] 4993K->897K(9920K), [Metaspace: 3664K->3664K(1056768K)], 0.0131839 secs] [Times: user=0.00 sys=0.00, real=0.01 secs] 
20.511: [GC (Allocation Failure) 20.511: [ParNew: 0K->0K(3072K), 0.0002110 secs]20.511: [CMS: 4993K->897K(6848K), 0.0018694 secs] 4993K->897K(9920K), [Metaspace: 3664K->3664K(1056768K)], 0.0021556 secs] [Times: user=0.00 sys=0.00, real=0.00 secs] 
20.513: [GC (CMS Initial Mark) [1 CMS-initial-mark: 4993K(6848K)] 4993K(9920K), 0.0001247 secs] [Times: user=0.00 sys=0.00, real=0.00 secs] 
20.513: [CMS-concurrent-mark-start]
20.513: [GC (Allocation Failure) 20.513: [ParNew: 0K->0K(3072K), 0.0002176 secs]20.514: [CMS20.524: [CMS-concurrent-mark: 0.002/0.010 secs] [Times: user=0.00 sys=0.00, real=0.01 secs] 
 (concurrent mode failure): 4993K->897K(6848K), 0.0122714 secs] 4993K->897K(9920K), [Metaspace: 3664K->3664K(1056768K)], 0.0125757 secs] [Times: user=0.00 sys=0.00, real=0.01 secs] 
20.526: [GC (Allocation Failure) 20.526: [ParNew: 0K->0K(3072K), 0.0002669 secs]20.527: [CMS: 4993K->897K(6848K), 0.0028458 secs] 4993K->897K(9920K), [Metaspace: 3664K->3664K(1056768K)], 0.0031989 secs] [Times: user=0.00 sys=0.00, real=0.00 secs] 
20.530: [GC (CMS Initial Mark) [1 CMS-initial-mark: 4993K(6848K)] 4993K(9920K), 0.0001410 secs] [Times: user=0.00 sys=0.00, real=0.00 secs] 
20.530: [CMS-concurrent-mark-start]
20.530: [GC (Allocation Failure) 20.530: [ParNew: 0K->0K(3072K), 0.0003198 secs]20.530: [CMS20.539: [CMS-concurrent-mark: 0.002/0.009 secs] [Times: user=0.00 sys=0.00, real=0.01 secs] 
 (concurrent mode failure): 4993K->897K(6848K), 0.0112372 secs] 4993K->897K(9920K), [Metaspace: 3664K->3664K(1056768K)], 0.0116213 secs] [Times: user=0.00 sys=0.00, real=0.01 secs] 
20.542: [GC (Allocation Failure) 20.542: [ParNew: 0K->0K(3072K), 0.0002133 secs]20.542: [CMS: 4993K->897K(6848K), 0.0019173 secs] 4993K->897K(9920K), [Metaspace: 3664K->3664K(1056768K)], 0.0022012 secs] [Times: user=0.00 sys=0.00, real=0.00 secs] 
20.545: [GC (CMS Initial Mark) [1 CMS-initial-mark: 4993K(6848K)] 4993K(9920K), 0.0001748 secs] [Times: user=0.00 sys=0.00, real=0.00 secs] 
20.545: [CMS-concurrent-mark-start]
20.545: [GC (Allocation Failure) 20.545: [ParNew: 0K->0K(3072K), 0.0002054 secs]20.545: [CMS20.555: [CMS-concurrent-mark: 0.002/0.010 secs] [Times: user=0.00 sys=0.00, real=0.01 secs] 
 (concurrent mode failure): 4993K->897K(6848K), 0.0122885 secs] 4993K->897K(9920K), [Metaspace: 3664K->3664K(1056768K)], 0.0125678 secs] [Times: user=0.00 sys=0.00, real=0.01 secs] 
20.558: [GC (Allocation Failure) 20.558: [ParNew: 0K->0K(3072K), 0.0002102 secs]20.558: [CMS: 4993K->897K(6848K), 0.0017543 secs] 4993K->897K(9920K), [Metaspace: 3664K->3664K(1056768K)], 0.0020232 secs] [Times: user=0.00 sys=0.00, real=0.00 secs] 
20.560: [GC (CMS Initial Mark) [1 CMS-initial-mark: 4993K(6848K)] 4993K(9920K), 0.0000925 secs] [Times: user=0.00 sys=0.00, real=0.00 secs] 
20.560: [CMS-concurrent-mark-start]
20.560: [GC (Allocation Failure) 20.560: [ParNew: 0K->0K(3072K), 0.0002184 secs]20.561: [CMS20.571: [CMS-concurrent-mark: 0.001/0.010 secs] [Times: user=0.00 sys=0.00, real=0.01 secs] 
 (concurrent mode failure): 4993K->897K(6848K), 0.0123007 secs] 4993K->897K(9920K), [Metaspace: 3664K->3664K(1056768K)], 0.0125849 secs] [Times: user=0.00 sys=0.00, real=0.01 secs] 
20.573: [GC (Allocation Failure) 20.573: [ParNew: 0K->0K(3072K), 0.0002096 secs]20.574: [CMS: 4993K->897K(6848K), 0.0016559 secs] 4993K->897K(9920K), [Metaspace: 3664K->3664K(1056768K)], 0.0019207 secs] [Times: user=0.00 sys=0.00, real=0.00 secs] 
20.575: [GC (CMS Initial Mark) [1 CMS-initial-mark: 4993K(6848K)] 4993K(9920K), 0.0001035 secs] [Times: user=0.00 sys=0.00, real=0.00 secs] 
20.576: [CMS-concurrent-mark-start]
20.576: [GC (Allocation Failure) 20.576: [ParNew: 0K->0K(3072K), 0.0002026 secs]20.576: [CMS20.586: [CMS-concurrent-mark: 0.001/0.010 secs] [Times: user=0.00 sys=0.00, real=0.01 secs] 
 (concurrent mode failure): 4993K->897K(6848K), 0.0128514 secs] 4993K->897K(9920K), [Metaspace: 3664K->3664K(1056768K)], 0.0131330 secs] [Times: user=0.00 sys=0.00, real=0.01 secs] 
20.589: [GC (Allocation Failure) 20.589: [ParNew: 0K->0K(3072K), 0.0002326 secs]20.589: [CMS: 4993K->897K(6848K), 0.0018590 secs] 4993K->897K(9920K), [Metaspace: 3664K->3664K(1056768K)], 0.0021546 secs] [Times: user=0.00 sys=0.00, real=0.00 secs] 
20.592: [GC (CMS Initial Mark) [1 CMS-initial-mark: 4993K(6848K)] 4993K(9920K), 0.0000870 secs] [Times: user=0.00 sys=0.00, real=0.00 secs] 
20.592: [CMS-concurrent-mark-start]
20.592: [GC (Allocation Failure) 20.592: [ParNew: 0K->0K(3072K), 0.0002150 secs]20.592: [CMS20.601: [CMS-concurrent-mark: 0.002/0.010 secs] [Times: user=0.00 sys=0.00, real=0.01 secs] 
 (concurrent mode failure): 4993K->897K(6848K), 0.0135355 secs] 4993K->897K(9920K), [Metaspace: 3664K->3664K(1056768K)], 0.0138337 secs] [Times: user=0.00 sys=0.00, real=0.01 secs] 
20.606: [GC (Allocation Failure) 20.606: [ParNew: 0K->0K(3072K), 0.0003643 secs]20.606: [CMS: 4993K->897K(6848K), 0.0022343 secs] 4993K->897K(9920K), [Metaspace: 3664K->3664K(1056768K)], 0.0026940 secs] [Times: user=0.00 sys=0.00, real=0.00 secs] 
20.609: [GC (CMS Initial Mark) [1 CMS-initial-mark: 4993K(6848K)] 4993K(9920K), 0.0001306 secs] [Times: user=0.00 sys=0.00, real=0.00 secs] 
20.609: [CMS-concurrent-mark-start]
20.609: [GC (Allocation Failure) 20.609: [ParNew: 0K->0K(3072K), 0.0004358 secs]20.610: [CMS20.617: [CMS-concurrent-mark: 0.002/0.008 secs] [Times: user=0.00 sys=0.00, real=0.01 secs] 
 (concurrent mode failure): 4993K->897K(6848K), 0.0104958 secs] 4993K->897K(9920K), [Metaspace: 3664K->3664K(1056768K)], 0.0110780 secs] [Times: user=0.00 sys=0.00, real=0.01 secs] 
20.621: [GC (Allocation Failure) 20.621: [ParNew: 0K->0K(3072K), 0.0002336 secs]20.621: [CMS: 4993K->897K(6848K), 0.0025140 secs] 4993K->897K(9920K), [Metaspace: 3664K->3664K(1056768K)], 0.0028460 secs] [Times: user=0.00 sys=0.00, real=0.00 secs] 
20.624: [GC (CMS Initial Mark) [1 CMS-initial-mark: 4993K(6848K)] 4993K(9920K), 0.0001289 secs] [Times: user=0.00 sys=0.00, real=0.00 secs] 
20.624: [CMS-concurrent-mark-start]
20.624: [GC (Allocation Failure) 20.624: [ParNew: 0K->0K(3072K), 0.0002485 secs]20.625: [CMS20.633: [CMS-concurrent-mark: 0.002/0.009 secs] [Times: user=0.00 sys=0.00, real=0.01 secs] 
 (concurrent mode failure): 4993K->897K(6848K), 0.0116053 secs] 4993K->897K(9920K), [Metaspace: 3664K->3664K(1056768K)], 0.0119327 secs] [Times: user=0.00 sys=0.00, real=0.01 secs] 
20.637: [GC (Allocation Failure) 20.637: [ParNew: 0K->0K(3072K), 0.0002606 secs]20.637: [CMS: 4993K->897K(6848K), 0.0020977 secs] 4993K->897K(9920K), [Metaspace: 3664K->3664K(1056768K)], 0.0024426 secs] [Times: user=0.00 sys=0.00, real=0.00 secs] 
20.640: [GC (CMS Initial Mark) [1 CMS-initial-mark: 4993K(6848K)] 4993K(9920K), 0.0002526 secs] [Times: user=0.00 sys=0.00, real=0.00 secs] 
20.640: [CMS-concurrent-mark-start]
20.640: [GC (Allocation Failure) 20.640: [ParNew: 0K->0K(3072K), 0.0002819 secs]20.640: [CMS20.648: [CMS-concurrent-mark: 0.001/0.008 secs] [Times: user=0.00 sys=0.00, real=0.01 secs] 
 (concurrent mode failure): 4993K->897K(6848K), 0.0098282 secs] 4993K->897K(9920K), [Metaspace: 3664K->3664K(1056768K)], 0.0101793 secs] [Times: user=0.00 sys=0.00, real=0.01 secs] 
20.651: [GC (Allocation Failure) 20.651: [ParNew: 0K->0K(3072K), 0.0002416 secs]20.651: [CMS: 4993K->897K(6848K), 0.0022662 secs] 4993K->897K(9920K), [Metaspace: 3664K->3664K(1056768K)], 0.0025838 secs] [Times: user=0.00 sys=0.00, real=0.00 secs] 
20.654: [GC (CMS Initial Mark) [1 CMS-initial-mark: 4993K(6848K)] 4993K(9920K), 0.0001108 secs] [Times: user=0.00 sys=0.00, real=0.00 secs] 
20.654: [CMS-concurrent-mark-start]
20.654: [GC (Allocation Failure) 20.654: [ParNew: 0K->0K(3072K), 0.0001923 secs]20.654: [CMS20.664: [CMS-concurrent-mark: 0.002/0.011 secs] [Times: user=0.00 sys=0.00, real=0.01 secs] 
 (concurrent mode failure): 4993K->897K(6848K), 0.0132013 secs] 4993K->897K(9920K), [Metaspace: 3664K->3664K(1056768K)], 0.0134742 secs] [Times: user=0.00 sys=0.00, real=0.01 secs] 
20.668: [GC (Allocation Failure) 20.668: [ParNew: 0K->0K(3072K), 0.0002931 secs]20.668: [CMS: 4993K->897K(6848K), 0.0033177 secs] 4993K->897K(9920K), [Metaspace: 3664K->3664K(1056768K)], 0.0037270 secs] [Times: user=0.00 sys=0.00, real=0.00 secs] 
20.672: [GC (CMS Initial Mark) [1 CMS-initial-mark: 4993K(6848K)] 4993K(9920K), 0.0001414 secs] [Times: user=0.00 sys=0.00, real=0.00 secs] 
20.672: [CMS-concurrent-mark-start]
20.672: [GC (Allocation Failure) 20.672: [ParNew: 0K->0K(3072K), 0.0003155 secs]20.673: [CMS20.680: [CMS-concurrent-mark: 0.001/0.008 secs] [Times: user=0.00 sys=0.00, real=0.01 secs] 
 (concurrent mode failure): 4993K->897K(6848K), 0.0096450 secs] 4993K->897K(9920K), [Metaspace: 3664K->3664K(1056768K)], 0.0100357 secs] [Times: user=0.00 sys=0.00, real=0.01 secs] 
20.683: [GC (Allocation Failure) 20.683: [ParNew: 0K->0K(3072K), 0.0004082 secs]20.683: [CMS: 4993K->897K(6848K), 0.0020497 secs] 4993K->897K(9920K), [Metaspace: 3664K->3664K(1056768K)], 0.0025341 secs] [Times: user=0.00 sys=0.00, real=0.00 secs] 
20.686: [GC (CMS Initial Mark) [1 CMS-initial-mark: 4993K(6848K)] 4993K(9920K), 0.0001505 secs] [Times: user=0.00 sys=0.00, real=0.00 secs] 
20.686: [CMS-concurrent-mark-start]
20.686: [GC (Allocation Failure) 20.686: [ParNew: 0K->0K(3072K), 0.0002366 secs]20.686: [CMS20.695: [CMS-concurrent-mark: 0.002/0.010 secs] [Times: user=0.00 sys=0.00, real=0.01 secs] 
 (concurrent mode failure): 4993K->897K(6848K), 0.0113929 secs] 4993K->897K(9920K), [Metaspace: 3664K->3664K(1056768K)], 0.0117169 secs] [Times: user=0.00 sys=0.00, real=0.01 secs] 
20.698: [GC (Allocation Failure) 20.698: [ParNew: 0K->0K(3072K), 0.0002250 secs]20.698: [CMS: 4993K->897K(6848K), 0.0018132 secs] 4993K->897K(9920K), [Metaspace: 3664K->3664K(1056768K)], 0.0021037 secs] [Times: user=0.00 sys=0.00, real=0.00 secs] 
20.700: [GC (CMS Initial Mark) [1 CMS-initial-mark: 4993K(6848K)] 4993K(9920K), 0.0001176 secs] [Times: user=0.00 sys=0.00, real=0.00 secs] 
20.701: [CMS-concurrent-mark-start]
20.701: [GC (Allocation Failure) 20.701: [ParNew: 0K->0K(3072K), 0.0002779 secs]20.701: [CMS20.711: [CMS-concurrent-mark: 0.002/0.010 secs] [Times: user=0.00 sys=0.00, real=0.01 secs] 
 (concurrent mode failure): 4993K->897K(6848K), 0.0123827 secs] 4993K->897K(9920K), [Metaspace: 3664K->3664K(1056768K)], 0.0127536 secs] [Times: user=0.00 sys=0.00, real=0.01 secs] 
20.714: [GC (Allocation Failure) 20.714: [ParNew: 0K->0K(3072K), 0.0002340 secs]20.714: [CMS: 4993K->897K(6848K), 0.0019277 secs] 4993K->897K(9920K), [Metaspace: 3664K->3664K(1056768K)], 0.0022327 secs] [Times: user=0.00 sys=0.00, real=0.00 secs] 
20.716: [GC (CMS Initial Mark) [1 CMS-initial-mark: 4993K(6848K)] 4993K(9920K), 0.0001591 secs] [Times: user=0.00 sys=0.00, real=0.00 secs] 
20.717: [CMS-concurrent-mark-start]
20.717: [GC (Allocation Failure) 20.717: [ParNew: 0K->0K(3072K), 0.0002240 secs]20.717: [CMS20.726: [CMS-concurrent-mark: 0.001/0.009 secs] [Times: user=0.00 sys=0.00, real=0.01 secs] 
 (concurrent mode failure): 4993K->897K(6848K), 0.0110173 secs] 4993K->897K(9920K), [Metaspace: 3664K->3664K(1056768K)], 0.0113179 secs] [Times: user=0.00 sys=0.00, real=0.01 secs] 
20.728: [GC (Allocation Failure) 20.728: [ParNew: 0K->0K(3072K), 0.0002148 secs]20.729: [CMS: 4993K->897K(6848K), 0.0017291 secs] 4993K->897K(9920K), [Metaspace: 3664K->3664K(1056768K)], 0.0020079 secs] [Times: user=0.00 sys=0.00, real=0.00 secs] 
20.731: [GC (CMS Initial Mark) [1 CMS-initial-mark: 4993K(6848K)] 4993K(9920K), 0.0002483 secs] [Times: user=0.00 sys=0.00, real=0.00 secs] 
20.731: [CMS-concurrent-mark-start]
20.731: [GC (Allocation Failure) 20.731: [ParNew: 0K->0K(3072K), 0.0002026 secs]20.731: [CMS20.741: [CMS-concurrent-mark: 0.002/0.010 secs] [Times: user=0.00 sys=0.00, real=0.01 secs] 
 (concurrent mode failure): 4993K->897K(6848K), 0.0124625 secs] 4993K->897K(9920K), [Metaspace: 3664K->3664K(1056768K)], 0.0127474 secs] [Times: user=0.00 sys=0.00, real=0.01 secs] 
20.744: [GC (Allocation Failure) 20.744: [ParNew: 0K->0K(3072K), 0.0001985 secs]20.744: [CMS: 4993K->897K(6848K), 0.0018294 secs] 4993K->897K(9920K), [Metaspace: 3664K->3664K(1056768K)], 0.0020914 secs] [Times: user=0.00 sys=0.00, real=0.00 secs] 
20.747: [GC (CMS Initial Mark) [1 CMS-initial-mark: 4993K(6848K)] 4993K(9920K), 0.0001039 secs] [Times: user=0.00 sys=0.00, real=0.00 secs] 
20.747: [CMS-concurrent-mark-start]
20.747: [GC (Allocation Failure) 20.747: [ParNew: 0K->0K(3072K), 0.0001965 secs]20.747: [CMS20.757: [CMS-concurrent-mark: 0.002/0.010 secs] [Times: user=0.00 sys=0.00, real=0.01 secs] 
 (concurrent mode failure): 4993K->897K(6848K), 0.0120144 secs] 4993K->897K(9920K), [Metaspace: 3664K->3664K(1056768K)], 0.0122794 secs] [Times: user=0.00 sys=0.00, real=0.01 secs] 
20.759: [GC (Allocation Failure) 20.759: [ParNew: 0K->0K(3072K), 0.0002176 secs]20.760: [CMS: 4993K->897K(6848K), 0.0017314 secs] 4993K->897K(9920K), [Metaspace: 3664K->3664K(1056768K)], 0.0020100 secs] [Times: user=0.00 sys=0.00, real=0.00 secs] 
20.762: [GC (CMS Initial Mark) [1 CMS-initial-mark: 4993K(6848K)] 4993K(9920K), 0.0001377 secs] [Times: user=0.00 sys=0.00, real=0.00 secs] 
20.762: [CMS-concurrent-mark-start]
20.762: [GC (Allocation Failure) 20.762: [ParNew: 0K->0K(3072K), 0.0001985 secs]20.762: [CMS20.773: [CMS-concurrent-mark: 0.001/0.011 secs] [Times: user=0.00 sys=0.00, real=0.01 secs] 
 (concurrent mode failure): 4993K->897K(6848K), 0.0128235 secs] 4993K->897K(9920K), [Metaspace: 3664K->3664K(1056768K)], 0.0130970 secs] [Times: user=0.00 sys=0.00, real=0.01 secs] 
20.775: [GC (Allocation Failure) 20.775: [ParNew: 0K->0K(3072K), 0.0002665 secs]20.776: [CMS: 4993K->897K(6848K), 0.0019554 secs] 4993K->897K(9920K), [Metaspace: 3664K->3664K(1056768K)], 0.0022902 secs] [Times: user=0.00 sys=0.00, real=0.00 secs] 
20.778: [GC (CMS Initial Mark) [1 CMS-initial-mark: 4993K(6848K)] 4993K(9920K), 0.0001068 secs] [Times: user=0.00 sys=0.00, real=0.00 secs] 
20.778: [CMS-concurrent-mark-start]
20.778: [GC (Allocation Failure) 20.778: [ParNew: 0K->0K(3072K), 0.0002248 secs]20.779: [CMS20.788: [CMS-concurrent-mark: 0.001/0.010 secs] [Times: user=0.00 sys=0.00, real=0.01 secs] 
 (concurrent mode failure): 4993K->897K(6848K), 0.0119642 secs] 4993K->897K(9920K), [Metaspace: 3664K->3664K(1056768K)], 0.0122730 secs] [Times: user=0.00 sys=0.00, real=0.01 secs] 
20.791: [GC (Allocation Failure) 20.791: [ParNew: 0K->0K(3072K), 0.0002129 secs]20.791: [CMS: 4993K->897K(6848K), 0.0018506 secs] 4993K->897K(9920K), [Metaspace: 3664K->3664K(1056768K)], 0.0021296 secs] [Times: user=0.00 sys=0.00, real=0.00 secs] 
20.793: [GC (CMS Initial Mark) [1 CMS-initial-mark: 4993K(6848K)] 4993K(9920K), 0.0000794 secs] [Times: user=0.00 sys=0.00, real=0.00 secs] 
20.793: [CMS-concurrent-mark-start]
20.793: [GC (Allocation Failure) 20.793: [ParNew: 0K->0K(3072K), 0.0002313 secs]20.794: [CMS20.804: [CMS-concurrent-mark: 0.002/0.011 secs] [Times: user=0.00 sys=0.00, real=0.01 secs] 
 (concurrent mode failure): 4993K->897K(6848K), 0.0127053 secs] 4993K->897K(9920K), [Metaspace: 3664K->3664K(1056768K)], 0.0129999 secs] [Times: user=0.00 sys=0.00, real=0.01 secs] 
20.807: [GC (Allocation Failure) 20.807: [ParNew: 0K->0K(3072K), 0.0002751 secs]20.807: [CMS: 4993K->897K(6848K), 0.0018751 secs] 4993K->897K(9920K), [Metaspace: 3664K->3664K(1056768K)], 0.0022237 secs] [Times: user=0.00 sys=0.00, real=0.00 secs] 
20.809: [GC (CMS Initial Mark) [1 CMS-initial-mark: 4993K(6848K)] 4993K(9920K), 0.0001490 secs] [Times: user=0.00 sys=0.00, real=0.00 secs] 
20.810: [CMS-concurrent-mark-start]
20.810: [GC (Allocation Failure) 20.810: [ParNew: 0K->0K(3072K), 0.0002148 secs]20.810: [CMS20.820: [CMS-concurrent-mark: 0.002/0.010 secs] [Times: user=0.00 sys=0.00, real=0.01 secs] 
 (concurrent mode failure): 4993K->897K(6848K), 0.0121696 secs] 4993K->897K(9920K), [Metaspace: 3664K->3664K(1056768K)], 0.0124609 secs] [Times: user=0.00 sys=0.00, real=0.01 secs] 
20.823: [GC (Allocation Failure) 20.823: [ParNew: 0K->0K(3072K), 0.0003058 secs]20.823: [CMS: 4993K->897K(6848K), 0.0023101 secs] 4993K->897K(9920K), [Metaspace: 3664K->3664K(1056768K)], 0.0026950 secs] [Times: user=0.00 sys=0.00, real=0.00 secs] 
20.826: [GC (CMS Initial Mark) [1 CMS-initial-mark: 4993K(6848K)] 4993K(9920K), 0.0001230 secs] [Times: user=0.00 sys=0.00, real=0.00 secs] 
20.826: [CMS-concurrent-mark-start]
20.826: [GC (Allocation Failure) 20.826: [ParNew: 0K->0K(3072K), 0.0002274 secs]20.826: [CMS20.836: [CMS-concurrent-mark: 0.002/0.010 secs] [Times: user=0.00 sys=0.00, real=0.01 secs] 
 (concurrent mode failure): 4993K->897K(6848K), 0.0129153 secs] 4993K->897K(9920K), [Metaspace: 3664K->3664K(1056768K)], 0.0132276 secs] [Times: user=0.00 sys=0.00, real=0.01 secs] 
20.840: [GC (Allocation Failure) 20.840: [ParNew: 0K->0K(3072K), 0.0003234 secs]20.840: [CMS: 4993K->897K(6848K), 0.0024033 secs] 4993K->897K(9920K), [Metaspace: 3664K->3664K(1056768K)], 0.0028069 secs] [Times: user=0.00 sys=0.00, real=0.00 secs] 
20.843: [GC (CMS Initial Mark) [1 CMS-initial-mark: 4993K(6848K)] 4993K(9920K), 0.0001785 secs] [Times: user=0.00 sys=0.00, real=0.00 secs] 
20.843: [CMS-concurrent-mark-start]
20.843: [GC (Allocation Failure) 20.843: [ParNew: 0K->0K(3072K), 0.0002887 secs]20.843: [CMS20.852: [CMS-concurrent-mark: 0.002/0.009 secs] [Times: user=0.00 sys=0.00, real=0.01 secs] 
 (concurrent mode failure): 4993K->897K(6848K), 0.0114145 secs] 4993K->897K(9920K), [Metaspace: 3664K->3664K(1056768K)], 0.0117952 secs] [Times: user=0.00 sys=0.00, real=0.01 secs] 
20.855: [GC (Allocation Failure) 20.855: [ParNew: 0K->0K(3072K), 0.0001963 secs]20.855: [CMS: 4993K->897K(6848K), 0.0017549 secs] 4993K->897K(9920K), [Metaspace: 3664K->3664K(1056768K)], 0.0020132 secs] [Times: user=0.00 sys=0.00, real=0.00 secs] 
20.858: [GC (CMS Initial Mark) [1 CMS-initial-mark: 4993K(6848K)] 4993K(9920K), 0.0001028 secs] [Times: user=0.00 sys=0.00, real=0.00 secs] 
20.858: [CMS-concurrent-mark-start]
20.858: [GC (Allocation Failure) 20.858: [ParNew: 0K->0K(3072K), 0.0001941 secs]20.858: [CMS20.867: [CMS-concurrent-mark: 0.002/0.009 secs] [Times: user=0.00 sys=0.00, real=0.01 secs] 
 (concurrent mode failure): 4993K->897K(6848K), 0.0112749 secs] 4993K->897K(9920K), [Metaspace: 3664K->3664K(1056768K)], 0.0115598 secs] [Times: user=0.00 sys=0.00, real=0.01 secs] 
20.870: [GC (Allocation Failure) 20.870: [ParNew: 0K->0K(3072K), 0.0002681 secs]20.870: [CMS: 4993K->897K(6848K), 0.0025496 secs] 4993K->897K(9920K), [Metaspace: 3664K->3664K(1056768K)], 0.0028970 secs] [Times: user=0.00 sys=0.00, real=0.00 secs] 
20.873: [GC (CMS Initial Mark) [1 CMS-initial-mark: 4993K(6848K)] 4993K(9920K), 0.0001972 secs] [Times: user=0.00 sys=0.00, real=0.00 secs] 
20.873: [CMS-concurrent-mark-start]
20.874: [GC (Allocation Failure) 20.874: [ParNew: 0K->0K(3072K), 0.0003189 secs]20.874: [CMS20.882: [CMS-concurrent-mark: 0.002/0.008 secs] [Times: user=0.00 sys=0.00, real=0.01 secs] 
 (concurrent mode failure): 4993K->897K(6848K), 0.0106586 secs] 4993K->897K(9920K), [Metaspace: 3664K->3664K(1056768K)], 0.0110671 secs] [Times: user=0.00 sys=0.00, real=0.01 secs] 
20.885: [GC (Allocation Failure) 20.885: [ParNew: 0K->0K(3072K), 0.0002990 secs]20.885: [CMS: 4993K->897K(6848K), 0.0025341 secs] 4993K->897K(9920K), [Metaspace: 3664K->3664K(1056768K)], 0.0029077 secs] [Times: user=0.00 sys=0.00, real=0.00 secs] 
20.888: [GC (CMS Initial Mark) [1 CMS-initial-mark: 4993K(6848K)] 4993K(9920K), 0.0001335 secs] [Times: user=0.00 sys=0.00, real=0.00 secs] 
20.888: [CMS-concurrent-mark-start]
20.888: [GC (Allocation Failure) 20.888: [ParNew: 0K->0K(3072K), 0.0001945 secs]20.889: [CMS20.897: [CMS-concurrent-mark: 0.001/0.009 secs] [Times: user=0.00 sys=0.00, real=0.01 secs] 
 (concurrent mode failure): 4993K->897K(6848K), 0.0106023 secs] 4993K->897K(9920K), [Metaspace: 3664K->3664K(1056768K)], 0.0108627 secs] [Times: user=0.00 sys=0.00, real=0.01 secs] 
20.900: [GC (Allocation Failure) 20.900: [ParNew: 0K->0K(3072K), 0.0001992 secs]20.900: [CMS: 4993K->897K(6848K), 0.0027640 secs] 4993K->897K(9920K), [Metaspace: 3664K->3664K(1056768K)], 0.0030508 secs] [Times: user=0.00 sys=0.00, real=0.00 secs] 
20.903: [GC (CMS Initial Mark) [1 CMS-initial-mark: 4993K(6848K)] 4993K(9920K), 0.0001355 secs] [Times: user=0.00 sys=0.00, real=0.00 secs] 
20.903: [CMS-concurrent-mark-start]
20.903: [GC (Allocation Failure) 20.903: [ParNew: 0K->0K(3072K), 0.0002590 secs]20.904: [CMS20.912: [CMS-concurrent-mark: 0.001/0.009 secs] [Times: user=0.00 sys=0.00, real=0.01 secs] 
 (concurrent mode failure): 4993K->897K(6848K), 0.0109265 secs] 4993K->897K(9920K), [Metaspace: 3664K->3664K(1056768K)], 0.0112673 secs] [Times: user=0.00 sys=0.00, real=0.01 secs] 
20.915: [GC (Allocation Failure) 20.915: [ParNew: 0K->0K(3072K), 0.0002088 secs]20.915: [CMS: 4993K->897K(6848K), 0.0018541 secs] 4993K->897K(9920K), [Metaspace: 3664K->3664K(1056768K)], 0.0021204 secs] [Times: user=0.00 sys=0.00, real=0.00 secs] 
20.917: [GC (CMS Initial Mark) [1 CMS-initial-mark: 4993K(6848K)] 4993K(9920K), 0.0000906 secs] [Times: user=0.00 sys=0.00, real=0.00 secs] 
20.918: [CMS-concurrent-mark-start]
20.918: [GC (Allocation Failure) 20.918: [ParNew: 0K->0K(3072K), 0.0002999 secs]20.918: [CMS20.929: [CMS-concurrent-mark: 0.002/0.011 secs] [Times: user=0.00 sys=0.00, real=0.01 secs] 
 (concurrent mode failure): 4993K->897K(6848K), 0.0133377 secs] 4993K->897K(9920K), [Metaspace: 3664K->3664K(1056768K)], 0.0137093 secs] [Times: user=0.00 sys=0.00, real=0.01 secs] 
20.932: [GC (Allocation Failure) 20.932: [ParNew: 0K->0K(3072K), 0.0002341 secs]20.932: [CMS: 4993K->897K(6848K), 0.0018710 secs] 4993K->897K(9920K), [Metaspace: 3664K->3664K(1056768K)], 0.0021734 secs] [Times: user=0.00 sys=0.00, real=0.00 secs] 
20.934: [GC (CMS Initial Mark) [1 CMS-initial-mark: 4993K(6848K)] 4993K(9920K), 0.0002648 secs] [Times: user=0.00 sys=0.00, real=0.00 secs] 
20.935: [CMS-concurrent-mark-start]
20.935: [GC (Allocation Failure) 20.935: [ParNew: 0K->0K(3072K), 0.0003510 secs]20.935: [CMS20.944: [CMS-concurrent-mark: 0.001/0.010 secs] [Times: user=0.00 sys=0.00, real=0.01 secs] 
 (concurrent mode failure): 4993K->897K(6848K), 0.0114100 secs] 4993K->897K(9920K), [Metaspace: 3664K->3664K(1056768K)], 0.0118436 secs] [Times: user=0.00 sys=0.00, real=0.01 secs] 
20.947: [GC (Allocation Failure) 20.947: [ParNew: 0K->0K(3072K), 0.0002277 secs]20.947: [CMS: 4993K->897K(6848K), 0.0019235 secs] 4993K->897K(9920K), [Metaspace: 3664K->3664K(1056768K)], 0.0022179 secs] [Times: user=0.00 sys=0.00, real=0.00 secs] 
20.950: [GC (CMS Initial Mark) [1 CMS-initial-mark: 4993K(6848K)] 4993K(9920K), 0.0001992 secs] [Times: user=0.00 sys=0.00, real=0.00 secs] 
20.950: [CMS-concurrent-mark-start]
20.950: [GC (Allocation Failure) 20.950: [ParNew: 0K->0K(3072K), 0.0002158 secs]20.950: [CMS20.960: [CMS-concurrent-mark: 0.001/0.010 secs] [Times: user=0.00 sys=0.00, real=0.01 secs] 
 (concurrent mode failure): 4993K->897K(6848K), 0.0117074 secs] 4993K->897K(9920K), [Metaspace: 3664K->3664K(1056768K)], 0.0119930 secs] [Times: user=0.00 sys=0.00, real=0.01 secs] 
20.962: [GC (Allocation Failure) 20.962: [ParNew: 0K->0K(3072K), 0.0003145 secs]20.963: [CMS: 4993K->897K(6848K), 0.0018548 secs] 4993K->897K(9920K), [Metaspace: 3664K->3664K(1056768K)], 0.0022314 secs] [Times: user=0.00 sys=0.00, real=0.00 secs] 
20.965: [GC (CMS Initial Mark) [1 CMS-initial-mark: 4993K(6848K)] 4993K(9920K), 0.0001040 secs] [Times: user=0.00 sys=0.00, real=0.00 secs] 
20.965: [CMS-concurrent-mark-start]
20.965: [GC (Allocation Failure) 20.965: [ParNew: 0K->0K(3072K), 0.0001764 secs]20.965: [CMS20.976: [CMS-concurrent-mark: 0.002/0.011 secs] [Times: user=0.00 sys=0.00, real=0.01 secs] 
 (concurrent mode failure): 4993K->897K(6848K), 0.0126110 secs] 4993K->897K(9920K), [Metaspace: 3664K->3664K(1056768K)], 0.0128571 secs] [Times: user=0.00 sys=0.00, real=0.01 secs] 
20.978: [GC (Allocation Failure) 20.978: [ParNew: 0K->0K(3072K), 0.0002251 secs]20.979: [CMS: 4993K->897K(6848K), 0.0018935 secs] 4993K->897K(9920K), [Metaspace: 3664K->3664K(1056768K)], 0.0021955 secs] [Times: user=0.00 sys=0.00, real=0.00 secs] 
20.981: [GC (CMS Initial Mark) [1 CMS-initial-mark: 4993K(6848K)] 4993K(9920K), 0.0000914 secs] [Times: user=0.00 sys=0.00, real=0.00 secs] 
20.981: [CMS-concurrent-mark-start]
20.981: [GC (Allocation Failure) 20.981: [ParNew: 0K->0K(3072K), 0.0002031 secs]20.981: [CMS20.991: [CMS-concurrent-mark: 0.001/0.010 secs] [Times: user=0.00 sys=0.00, real=0.01 secs] 
 (concurrent mode failure): 4993K->897K(6848K), 0.0130389 secs] 4993K->897K(9920K), [Metaspace: 3664K->3664K(1056768K)], 0.0133096 secs] [Times: user=0.00 sys=0.00, real=0.01 secs] 
20.995: [GC (Allocation Failure) 20.995: [ParNew: 0K->0K(3072K), 0.0002506 secs]20.995: [CMS: 4993K->897K(6848K), 0.0020026 secs] 4993K->897K(9920K), [Metaspace: 3664K->3664K(1056768K)], 0.0023115 secs] [Times: user=0.00 sys=0.00, real=0.00 secs] 
20.997: [GC (CMS Initial Mark) [1 CMS-initial-mark: 4993K(6848K)] 4993K(9920K), 0.0001242 secs] [Times: user=0.00 sys=0.00, real=0.00 secs] 
20.998: [CMS-concurrent-mark-start]
20.998: [GC (Allocation Failure) 20.998: [ParNew: 0K->0K(3072K), 0.0002437 secs]20.998: [CMS21.007: [CMS-concurrent-mark: 0.001/0.009 secs] [Times: user=0.00 sys=0.00, real=0.01 secs] 
 (concurrent mode failure): 4993K->897K(6848K), 0.0108431 secs] 4993K->897K(9920K), [Metaspace: 3664K->3664K(1056768K)], 0.0111531 secs] [Times: user=0.00 sys=0.00, real=0.01 secs] 
21.009: [GC (Allocation Failure) 21.009: [ParNew: 0K->0K(3072K), 0.0001970 secs]21.009: [CMS: 4993K->897K(6848K), 0.0017406 secs] 4993K->897K(9920K), [Metaspace: 3664K->3664K(1056768K)], 0.0019949 secs] [Times: user=0.00 sys=0.00, real=0.00 secs] 
21.011: [GC (CMS Initial Mark) [1 CMS-initial-mark: 4993K(6848K)] 4993K(9920K), 0.0001096 secs] [Times: user=0.00 sys=0.00, real=0.00 secs] 
21.012: [CMS-concurrent-mark-start]
21.012: [GC (Allocation Failure) 21.012: [ParNew: 0K->0K(3072K), 0.0002351 secs]21.012: [CMS21.022: [CMS-concurrent-mark: 0.001/0.011 secs] [Times: user=0.00 sys=0.00, real=0.01 secs] 
 (concurrent mode failure): 4993K->897K(6848K), 0.0125913 secs] 4993K->897K(9920K), [Metaspace: 3664K->3664K(1056768K)], 0.0129028 secs] [Times: user=0.00 sys=0.00, real=0.01 secs] 
21.025: [GC (Allocation Failure) 21.025: [ParNew: 0K->0K(3072K), 0.0002174 secs]21.025: [CMS: 4993K->897K(6848K), 0.0019658 secs] 4993K->897K(9920K), [Metaspace: 3664K->3664K(1056768K)], 0.0022562 secs] [Times: user=0.00 sys=0.00, real=0.00 secs] 
21.028: [GC (CMS Initial Mark) [1 CMS-initial-mark: 4993K(6848K)] 4993K(9920K), 0.0001283 secs] [Times: user=0.00 sys=0.00, real=0.00 secs] 
21.028: [CMS-concurrent-mark-start]
21.028: [GC (Allocation Failure) 21.028: [ParNew: 0K->0K(3072K), 0.0002017 secs]21.028: [CMS21.038: [CMS-concurrent-mark: 0.002/0.011 secs] [Times: user=0.00 sys=0.00, real=0.01 secs] 
 (concurrent mode failure): 4993K->897K(6848K), 0.0123187 secs] 4993K->897K(9920K), [Metaspace: 3664K->3664K(1056768K)], 0.0126089 secs] [Times: user=0.00 sys=0.00, real=0.01 secs] 
21.041: [GC (Allocation Failure) 21.041: [ParNew: 0K->0K(3072K), 0.0002269 secs]21.041: [CMS: 4993K->897K(6848K), 0.0018318 secs] 4993K->897K(9920K), [Metaspace: 3664K->3664K(1056768K)], 0.0021368 secs] [Times: user=0.00 sys=0.00, real=0.00 secs] 
21.043: [GC (CMS Initial Mark) [1 CMS-initial-mark: 4993K(6848K)] 4993K(9920K), 0.0001181 secs] [Times: user=0.00 sys=0.00, real=0.00 secs] 
21.043: [CMS-concurrent-mark-start]
21.044: [GC (Allocation Failure) 21.044: [ParNew: 0K->0K(3072K), 0.0003146 secs]21.044: [CMS21.054: [CMS-concurrent-mark: 0.002/0.011 secs] [Times: user=0.00 sys=0.00, real=0.01 secs] 
 (concurrent mode failure): 4993K->897K(6848K), 0.0125735 secs] 4993K->897K(9920K), [Metaspace: 3664K->3664K(1056768K)], 0.0129770 secs] [Times: user=0.00 sys=0.00, real=0.01 secs] 
21.057: [GC (Allocation Failure) 21.057: [ParNew: 0K->0K(3072K), 0.0002300 secs]21.057: [CMS: 4993K->897K(6848K), 0.0018875 secs] 4993K->897K(9920K), [Metaspace: 3664K->3664K(1056768K)], 0.0021826 secs] [Times: user=0.00 sys=0.00, real=0.00 secs] 
21.059: [GC (CMS Initial Mark) [1 CMS-initial-mark: 4993K(6848K)] 4993K(9920K), 0.0001227 secs] [Times: user=0.00 sys=0.00, real=0.00 secs] 
21.060: [CMS-concurrent-mark-start]
21.060: [GC (Allocation Failure) 21.060: [ParNew: 0K->0K(3072K), 0.0002417 secs]21.060: [CMS21.069: [CMS-concurrent-mark: 0.002/0.010 secs] [Times: user=0.00 sys=0.00, real=0.01 secs] 
 (concurrent mode failure): 4993K->897K(6848K), 0.0123475 secs] 4993K->897K(9920K), [Metaspace: 3664K->3664K(1056768K)], 0.0126685 secs] [Times: user=0.00 sys=0.00, real=0.01 secs] 
21.073: [GC (Allocation Failure) 21.073: [ParNew: 0K->0K(3072K), 0.0003481 secs]21.073: [CMS: 4993K->897K(6848K), 0.0021125 secs] 4993K->897K(9920K), [Metaspace: 3664K->3664K(1056768K)], 0.0025442 secs] [Times: user=0.00 sys=0.00, real=0.00 secs] 
21.076: [GC (CMS Initial Mark) [1 CMS-initial-mark: 4993K(6848K)] 4993K(9920K), 0.0001230 secs] [Times: user=0.00 sys=0.00, real=0.00 secs] 
21.076: [CMS-concurrent-mark-start]
21.076: [GC (Allocation Failure) 21.076: [ParNew: 0K->0K(3072K), 0.0002193 secs]21.076: [CMS21.085: [CMS-concurrent-mark: 0.002/0.009 secs] [Times: user=0.00 sys=0.00, real=0.01 secs] 
 (concurrent mode failure): 4993K->897K(6848K), 0.0117902 secs] 4993K->897K(9920K), [Metaspace: 3664K->3664K(1056768K)], 0.0120866 secs] [Times: user=0.00 sys=0.00, real=0.01 secs] 
21.088: [GC (Allocation Failure) 21.088: [ParNew: 0K->0K(3072K), 0.0002418 secs]21.089: [CMS: 4993K->897K(6848K), 0.0018454 secs] 4993K->897K(9920K), [Metaspace: 3664K->3664K(1056768K)], 0.0021512 secs] [Times: user=0.00 sys=0.00, real=0.00 secs] 
21.091: [GC (CMS Initial Mark) [1 CMS-initial-mark: 4993K(6848K)] 4993K(9920K), 0.0001347 secs] [Times: user=0.00 sys=0.00, real=0.00 secs] 
21.091: [CMS-concurrent-mark-start]
21.091: [GC (Allocation Failure) 21.091: [ParNew: 0K->0K(3072K), 0.0002037 secs]21.091: [CMS21.100: [CMS-concurrent-mark: 0.002/0.009 secs] [Times: user=0.00 sys=0.00, real=0.01 secs] 
 (concurrent mode failure): 4993K->897K(6848K), 0.0127169 secs] 4993K->897K(9920K), [Metaspace: 3664K->3664K(1056768K)], 0.0129877 secs] [Times: user=0.00 sys=0.00, real=0.01 secs] 
21.104: [GC (Allocation Failure) 21.104: [ParNew: 0K->0K(3072K), 0.0002275 secs]21.105: [CMS: 4993K->897K(6848K), 0.0017997 secs] 4993K->897K(9920K), [Metaspace: 3664K->3664K(1056768K)], 0.0022315 secs] [Times: user=0.00 sys=0.00, real=0.00 secs] 
21.107: [GC (CMS Initial Mark) [1 CMS-initial-mark: 4993K(6848K)] 4993K(9920K), 0.0001423 secs] [Times: user=0.00 sys=0.00, real=0.00 secs] 
21.107: [CMS-concurrent-mark-start]
21.107: [GC (Allocation Failure) 21.107: [ParNew: 0K->0K(3072K), 0.0001951 secs]21.108: [CMS21.115: [CMS-concurrent-mark: 0.002/0.008 secs] [Times: user=0.00 sys=0.00, real=0.01 secs] 
 (concurrent mode failure): 4993K->897K(6848K), 0.0115119 secs] 4993K->897K(9920K), [Metaspace: 3664K->3664K(1056768K)], 0.0117832 secs] [Times: user=0.00 sys=0.00, real=0.01 secs] 
21.119: [GC (Allocation Failure) 21.119: [ParNew: 0K->0K(3072K), 0.0002572 secs]21.120: [CMS: 4993K->897K(6848K), 0.0020328 secs] 4993K->897K(9920K), [Metaspace: 3664K->3664K(1056768K)], 0.0023796 secs] [Times: user=0.00 sys=0.00, real=0.00 secs] 
21.122: [GC (CMS Initial Mark) [1 CMS-initial-mark: 4993K(6848K)] 4993K(9920K), 0.0001187 secs] [Times: user=0.00 sys=0.00, real=0.00 secs] 
21.122: [CMS-concurrent-mark-start]
21.122: [GC (Allocation Failure) 21.122: [ParNew: 0K->0K(3072K), 0.0002403 secs]21.123: [CMS21.136: [CMS-concurrent-mark: 0.006/0.014 secs] [Times: user=0.00 sys=0.00, real=0.01 secs] 
 (concurrent mode failure): 4993K->897K(6848K), 0.0200179 secs] 4993K->897K(9920K), [Metaspace: 3664K->3664K(1056768K)], 0.0204111 secs] [Times: user=0.00 sys=0.00, real=0.02 secs] 
21.144: [GC (Allocation Failure) 21.144: [ParNew: 0K->0K(3072K), 0.0008435 secs]21.145: [CMS: 4993K->897K(6848K), 0.0054339 secs] 4993K->897K(9920K), [Metaspace: 3664K->3664K(1056768K)], 0.0064312 secs] [Times: user=0.02 sys=0.00, real=0.01 secs] 
21.150: [GC (CMS Initial Mark) [1 CMS-initial-mark: 4993K(6848K)] 4993K(9920K), 0.0001209 secs] [Times: user=0.00 sys=0.00, real=0.00 secs] 
21.151: [CMS-concurrent-mark-start]
21.151: [GC (Allocation Failure) 21.151: [ParNew: 0K->0K(3072K), 0.0002472 secs]21.151: [CMS21.163: [CMS-concurrent-mark: 0.002/0.013 secs] [Times: user=0.00 sys=0.00, real=0.01 secs] 
 (concurrent mode failure): 4993K->897K(6848K), 0.0146319 secs] 4993K->897K(9920K), [Metaspace: 3664K->3664K(1056768K)], 0.0149544 secs] [Times: user=0.00 sys=0.00, real=0.02 secs] 
21.166: [GC (Allocation Failure) 21.166: [ParNew: 0K->0K(3072K), 0.0002110 secs]21.166: [CMS: 4993K->897K(6848K), 0.0020599 secs] 4993K->897K(9920K), [Metaspace: 3664K->3664K(1056768K)], 0.0023649 secs] [Times: user=0.00 sys=0.00, real=0.00 secs] 
21.169: [GC (CMS Initial Mark) [1 CMS-initial-mark: 4993K(6848K)] 4993K(9920K), 0.0001206 secs] [Times: user=0.00 sys=0.00, real=0.00 secs] 
21.169: [CMS-concurrent-mark-start]
21.169: [GC (Allocation Failure) 21.169: [ParNew: 0K->0K(3072K), 0.0002304 secs]21.169: [CMS21.180: [CMS-concurrent-mark: 0.002/0.011 secs] [Times: user=0.00 sys=0.00, real=0.01 secs] 
 (concurrent mode failure): 4993K->897K(6848K), 0.0126813 secs] 4993K->897K(9920K), [Metaspace: 3664K->3664K(1056768K)], 0.0129801 secs] [Times: user=0.00 sys=0.00, real=0.01 secs] 
21.182: [GC (Allocation Failure) 21.182: [ParNew: 0K->0K(3072K), 0.0002276 secs]21.182: [CMS: 4993K->897K(6848K), 0.0023003 secs] 4993K->897K(9920K), [Metaspace: 3664K->3664K(1056768K)], 0.0026102 secs] [Times: user=0.00 sys=0.00, real=0.00 secs] 
21.185: [GC (CMS Initial Mark) [1 CMS-initial-mark: 4993K(6848K)] 4993K(9920K), 0.0001372 secs] [Times: user=0.00 sys=0.00, real=0.00 secs] 
21.185: [CMS-concurrent-mark-start]
21.185: [GC (Allocation Failure) 21.185: [ParNew: 0K->0K(3072K), 0.0002955 secs]21.186: [CMS21.194: [CMS-concurrent-mark: 0.002/0.009 secs] [Times: user=0.00 sys=0.00, real=0.01 secs] 
 (concurrent mode failure): 4993K->897K(6848K), 0.0118268 secs] 4993K->897K(9920K), [Metaspace: 3664K->3664K(1056768K)], 0.0122242 secs] [Times: user=0.00 sys=0.00, real=0.01 secs] 
21.198: [GC (Allocation Failure) 21.198: [ParNew: 0K->0K(3072K), 0.0002434 secs]21.198: [CMS: 4993K->897K(6848K), 0.0030549 secs] 4993K->897K(9920K), [Metaspace: 3664K->3664K(1056768K)], 0.0034126 secs] [Times: user=0.00 sys=0.00, real=0.00 secs] 
21.202: [GC (CMS Initial Mark) [1 CMS-initial-mark: 4993K(6848K)] 4993K(9920K), 0.0002142 secs] [Times: user=0.00 sys=0.00, real=0.00 secs] 
21.202: [CMS-concurrent-mark-start]
21.202: [GC (Allocation Failure) 21.202: [ParNew: 0K->0K(3072K), 0.0003953 secs]21.203: [CMS21.210: [CMS-concurrent-mark: 0.001/0.008 secs] [Times: user=0.00 sys=0.00, real=0.01 secs] 
 (concurrent mode failure): 4993K->897K(6848K), 0.0098419 secs] 4993K->897K(9920K), [Metaspace: 3664K->3664K(1056768K)], 0.0103664 secs] [Times: user=0.00 sys=0.00, real=0.01 secs] 
21.213: [GC (Allocation Failure) 21.213: [ParNew: 0K->0K(3072K), 0.0002382 secs]21.213: [CMS: 4993K->897K(6848K), 0.0019198 secs] 4993K->897K(9920K), [Metaspace: 3664K->3664K(1056768K)], 0.0022203 secs] [Times: user=0.00 sys=0.00, real=0.00 secs] 
21.216: [GC (CMS Initial Mark) [1 CMS-initial-mark: 4993K(6848K)] 4993K(9920K), 0.0001458 secs] [Times: user=0.00 sys=0.00, real=0.00 secs] 
21.216: [CMS-concurrent-mark-start]
21.216: [GC (Allocation Failure) 21.216: [ParNew: 0K->0K(3072K), 0.0002217 secs]21.216: [CMS21.226: [CMS-concurrent-mark: 0.002/0.010 secs] [Times: user=0.00 sys=0.00, real=0.01 secs] 
 (concurrent mode failure): 4993K->897K(6848K), 0.0119219 secs] 4993K->897K(9920K), [Metaspace: 3664K->3664K(1056768K)], 0.0122137 secs] [Times: user=0.00 sys=0.00, real=0.01 secs] 
21.228: [GC (Allocation Failure) 21.228: [ParNew: 0K->0K(3072K), 0.0002124 secs]21.229: [CMS: 4993K->897K(6848K), 0.0017878 secs] 4993K->897K(9920K), [Metaspace: 3664K->3664K(1056768K)], 0.0020645 secs] [Times: user=0.00 sys=0.00, real=0.00 secs] 
21.231: [GC (CMS Initial Mark) [1 CMS-initial-mark: 4993K(6848K)] 4993K(9920K), 0.0001142 secs] [Times: user=0.00 sys=0.00, real=0.00 secs] 
21.231: [CMS-concurrent-mark-start]
21.231: [GC (Allocation Failure) 21.231: [ParNew: 0K->0K(3072K), 0.0001978 secs]21.231: [CMS21.241: [CMS-concurrent-mark: 0.002/0.010 secs] [Times: user=0.00 sys=0.00, real=0.01 secs] 
 (concurrent mode failure): 4993K->897K(6848K), 0.0120406 secs] 4993K->897K(9920K), [Metaspace: 3664K->3664K(1056768K)], 0.0123109 secs] [Times: user=0.00 sys=0.00, real=0.01 secs] 
21.244: [GC (Allocation Failure) 21.244: [ParNew: 0K->0K(3072K), 0.0002288 secs]21.244: [CMS: 4993K->897K(6848K), 0.0018743 secs] 4993K->897K(9920K), [Metaspace: 3664K->3664K(1056768K)], 0.0021691 secs] [Times: user=0.00 sys=0.00, real=0.00 secs] 
21.246: [GC (CMS Initial Mark) [1 CMS-initial-mark: 4993K(6848K)] 4993K(9920K), 0.0001147 secs] [Times: user=0.00 sys=0.00, real=0.00 secs] 
21.246: [CMS-concurrent-mark-start]
21.247: [GC (Allocation Failure) 21.247: [ParNew: 0K->0K(3072K), 0.0002060 secs]21.247: [CMS21.256: [CMS-concurrent-mark: 0.002/0.010 secs] [Times: user=0.00 sys=0.00, real=0.01 secs] 
 (concurrent mode failure): 4993K->897K(6848K), 0.0115082 secs] 4993K->897K(9920K), [Metaspace: 3664K->3664K(1056768K)], 0.0117877 secs] [Times: user=0.00 sys=0.00, real=0.01 secs] 
21.259: [GC (Allocation Failure) 21.259: [ParNew: 0K->0K(3072K), 0.0002371 secs]21.259: [CMS: 4993K->897K(6848K), 0.0019763 secs] 4993K->897K(9920K), [Metaspace: 3664K->3664K(1056768K)], 0.0022832 secs] [Times: user=0.00 sys=0.00, real=0.00 secs] 
21.261: [GC (CMS Initial Mark) [1 CMS-initial-mark: 4993K(6848K)] 4993K(9920K), 0.0001477 secs] [Times: user=0.00 sys=0.00, real=0.00 secs] 
21.261: [CMS-concurrent-mark-start]
21.262: [GC (Allocation Failure) 21.262: [ParNew: 0K->0K(3072K), 0.0004653 secs]21.262: [CMS21.271: [CMS-concurrent-mark: 0.001/0.009 secs] [Times: user=0.03 sys=0.00, real=0.01 secs] 
 (concurrent mode failure): 4993K->897K(6848K), 0.0109955 secs] 4993K->897K(9920K), [Metaspace: 3664K->3664K(1056768K)], 0.0115417 secs] [Times: user=0.03 sys=0.00, real=0.01 secs] 
21.274: [GC (Allocation Failure) 21.274: [ParNew: 0K->0K(3072K), 0.0002291 secs]21.274: [CMS: 4993K->897K(6848K), 0.0018850 secs] 4993K->897K(9920K), [Metaspace: 3664K->3664K(1056768K)], 0.0021797 secs] [Times: user=0.00 sys=0.00, real=0.00 secs] 
21.276: [GC (CMS Initial Mark) [1 CMS-initial-mark: 4993K(6848K)] 4993K(9920K), 0.0001283 secs] [Times: user=0.00 sys=0.00, real=0.00 secs] 
21.276: [CMS-concurrent-mark-start]
21.276: [GC (Allocation Failure) 21.276: [ParNew: 0K->0K(3072K), 0.0002934 secs]21.277: [CMS21.286: [CMS-concurrent-mark: 0.002/0.010 secs] [Times: user=0.00 sys=0.00, real=0.01 secs] 
 (concurrent mode failure): 4993K->897K(6848K), 0.0123390 secs] 4993K->897K(9920K), [Metaspace: 3664K->3664K(1056768K)], 0.0127122 secs] [Times: user=0.02 sys=0.00, real=0.01 secs] 
21.290: [GC (Allocation Failure) 21.290: [ParNew: 0K->0K(3072K), 0.0003135 secs]21.290: [CMS: 4993K->897K(6848K), 0.0018410 secs] 4993K->897K(9920K), [Metaspace: 3664K->3664K(1056768K)], 0.0022220 secs] [Times: user=0.00 sys=0.00, real=0.00 secs] 
21.292: [GC (CMS Initial Mark) [1 CMS-initial-mark: 4993K(6848K)] 4993K(9920K), 0.0001139 secs] [Times: user=0.00 sys=0.00, real=0.00 secs] 
21.292: [CMS-concurrent-mark-start]
21.292: [GC (Allocation Failure) 21.292: [ParNew: 0K->0K(3072K), 0.0002527 secs]21.293: [CMS21.302: [CMS-concurrent-mark: 0.002/0.010 secs] [Times: user=0.03 sys=0.00, real=0.01 secs] 
 (concurrent mode failure): 4993K->897K(6848K), 0.0126054 secs] 4993K->897K(9920K), [Metaspace: 3664K->3664K(1056768K)], 0.0129390 secs] [Times: user=0.03 sys=0.00, real=0.01 secs] 
21.306: [GC (Allocation Failure) 21.306: [ParNew: 0K->0K(3072K), 0.0002416 secs]21.306: [CMS: 4993K->897K(6848K), 0.0019243 secs] 4993K->897K(9920K), [Metaspace: 3664K->3664K(1056768K)], 0.0022295 secs] [Times: user=0.00 sys=0.00, real=0.00 secs] 
21.308: [GC (CMS Initial Mark) [1 CMS-initial-mark: 4993K(6848K)] 4993K(9920K), 0.0001138 secs] [Times: user=0.00 sys=0.00, real=0.00 secs] 
21.308: [CMS-concurrent-mark-start]
21.308: [GC (Allocation Failure) 21.308: [ParNew: 0K->0K(3072K), 0.0002086 secs]21.309: [CMS21.317: [CMS-concurrent-mark: 0.002/0.009 secs] [Times: user=0.00 sys=0.00, real=0.01 secs] 
 (concurrent mode failure): 4993K->897K(6848K), 0.0117024 secs] 4993K->897K(9920K), [Metaspace: 3664K->3664K(1056768K)], 0.0119844 secs] [Times: user=0.01 sys=0.00, real=0.01 secs] 
21.321: [GC (Allocation Failure) 21.321: [ParNew: 0K->0K(3072K), 0.0002440 secs]21.321: [CMS: 4993K->897K(6848K), 0.0018213 secs] 4993K->897K(9920K), [Metaspace: 3664K->3664K(1056768K)], 0.0021309 secs] [Times: user=0.00 sys=0.00, real=0.00 secs] 
21.323: [GC (CMS Initial Mark) [1 CMS-initial-mark: 4993K(6848K)] 4993K(9920K), 0.0001145 secs] [Times: user=0.00 sys=0.00, real=0.00 secs] 
21.323: [CMS-concurrent-mark-start]
21.324: [GC (Allocation Failure) 21.324: [ParNew: 0K->0K(3072K), 0.0002049 secs]21.324: [CMS21.332: [CMS-concurrent-mark: 0.002/0.009 secs] [Times: user=0.00 sys=0.00, real=0.01 secs] 
 (concurrent mode failure): 4993K->897K(6848K), 0.0113916 secs] 4993K->897K(9920K), [Metaspace: 3664K->3664K(1056768K)], 0.0117359 secs] [Times: user=0.02 sys=0.00, real=0.01 secs] 
21.336: [GC (Allocation Failure) 21.336: [ParNew: 0K->0K(3072K), 0.0002236 secs]21.336: [CMS: 4993K->897K(6848K), 0.0019645 secs] 4993K->897K(9920K), [Metaspace: 3664K->3664K(1056768K)], 0.0022502 secs] [Times: user=0.00 sys=0.00, real=0.00 secs] 
21.339: [GC (CMS Initial Mark) [1 CMS-initial-mark: 4993K(6848K)] 4993K(9920K), 0.0001203 secs] [Times: user=0.00 sys=0.00, real=0.00 secs] 
21.339: [CMS-concurrent-mark-start]
21.339: [GC (Allocation Failure) 21.339: [ParNew: 0K->0K(3072K), 0.0002151 secs]21.339: [CMS21.348: [CMS-concurrent-mark: 0.002/0.009 secs] [Times: user=0.00 sys=0.00, real=0.01 secs] 
 (concurrent mode failure): 4993K->897K(6848K), 0.0118602 secs] 4993K->897K(9920K), [Metaspace: 3664K->3664K(1056768K)], 0.0121836 secs] [Times: user=0.02 sys=0.00, real=0.01 secs] 
21.352: [GC (Allocation Failure) 21.352: [ParNew: 0K->0K(3072K), 0.0004403 secs]21.352: [CMS: 4993K->897K(6848K), 0.0031778 secs] 4993K->897K(9920K), [Metaspace: 3664K->3664K(1056768K)], 0.0037247 secs] [Times: user=0.00 sys=0.00, real=0.00 secs] 
21.356: [GC (CMS Initial Mark) [1 CMS-initial-mark: 4993K(6848K)] 4993K(9920K), 0.0002066 secs] [Times: user=0.00 sys=0.00, real=0.00 secs] 
21.356: [CMS-concurrent-mark-start]
21.356: [GC (Allocation Failure) 21.356: [ParNew: 0K->0K(3072K), 0.0002865 secs]21.356: [CMS21.363: [CMS-concurrent-mark: 0.002/0.007 secs] [Times: user=0.00 sys=0.00, real=0.01 secs] 
 (concurrent mode failure): 4993K->897K(6848K), 0.0097980 secs] 4993K->897K(9920K), [Metaspace: 3664K->3664K(1056768K)], 0.0101924 secs] [Times: user=0.02 sys=0.00, real=0.01 secs] 
21.367: [GC (Allocation Failure) 21.367: [ParNew: 0K->0K(3072K), 0.0002975 secs]21.367: [CMS: 4993K->897K(6848K), 0.0036311 secs] 4993K->897K(9920K), [Metaspace: 3664K->3664K(1056768K)], 0.0040159 secs] [Times: user=0.00 sys=0.00, real=0.00 secs] 
21.371: [GC (CMS Initial Mark) [1 CMS-initial-mark: 4993K(6848K)] 4993K(9920K), 0.0001459 secs] [Times: user=0.00 sys=0.00, real=0.00 secs] 
21.371: [CMS-concurrent-mark-start]
21.371: [GC (Allocation Failure) 21.372: [ParNew: 0K->0K(3072K), 0.0002658 secs]21.372: [CMS21.378: [CMS-concurrent-mark: 0.001/0.007 secs] [Times: user=0.00 sys=0.00, real=0.01 secs] 
 (concurrent mode failure): 4993K->897K(6848K), 0.0081241 secs] 4993K->897K(9920K), [Metaspace: 3664K->3664K(1056768K)], 0.0084559 secs] [Times: user=0.02 sys=0.00, real=0.01 secs] 
21.380: [GC (Allocation Failure) 21.380: [ParNew: 0K->0K(3072K), 0.0002377 secs]21.381: [CMS: 4993K->897K(6848K), 0.0017382 secs] 4993K->897K(9920K), [Metaspace: 3664K->3664K(1056768K)], 0.0020346 secs] [Times: user=0.00 sys=0.00, real=0.00 secs] 
21.383: [GC (CMS Initial Mark) [1 CMS-initial-mark: 4993K(6848K)] 4993K(9920K), 0.0001222 secs] [Times: user=0.00 sys=0.00, real=0.00 secs] 
21.383: [CMS-concurrent-mark-start]
21.383: [GC (Allocation Failure) 21.383: [ParNew: 0K->0K(3072K), 0.0002431 secs]21.383: [CMS21.394: [CMS-concurrent-mark: 0.001/0.011 secs] [Times: user=0.00 sys=0.00, real=0.01 secs] 
 (concurrent mode failure): 4993K->897K(6848K), 0.0131863 secs] 4993K->897K(9920K), [Metaspace: 3664K->3664K(1056768K)], 0.0135247 secs] [Times: user=0.02 sys=0.00, real=0.01 secs] 
21.397: [GC (Allocation Failure) 21.397: [ParNew: 0K->0K(3072K), 0.0002726 secs]21.397: [CMS: 4993K->897K(6848K), 0.0019967 secs] 4993K->897K(9920K), [Metaspace: 3664K->3664K(1056768K)], 0.0023427 secs] [Times: user=0.00 sys=0.00, real=0.00 secs] 
21.400: [GC (CMS Initial Mark) [1 CMS-initial-mark: 4993K(6848K)] 4993K(9920K), 0.0001386 secs] [Times: user=0.00 sys=0.00, real=0.00 secs] 
21.400: [CMS-concurrent-mark-start]
21.400: [GC (Allocation Failure) 21.400: [ParNew: 0K->0K(3072K), 0.0002625 secs]21.400: [CMS21.409: [CMS-concurrent-mark: 0.001/0.009 secs] [Times: user=0.00 sys=0.00, real=0.01 secs] 
 (concurrent mode failure): 4993K->897K(6848K), 0.0108506 secs] 4993K->897K(9920K), [Metaspace: 3664K->3664K(1056768K)], 0.0111947 secs] [Times: user=0.01 sys=0.00, real=0.01 secs] 
21.412: [GC (Allocation Failure) 21.412: [ParNew: 0K->0K(3072K), 0.0002978 secs]21.412: [CMS: 4993K->897K(6848K), 0.0031438 secs] 4993K->897K(9920K), [Metaspace: 3664K->3664K(1056768K)], 0.0035221 secs] [Times: user=0.00 sys=0.00, real=0.00 secs] 
21.416: [GC (CMS Initial Mark) [1 CMS-initial-mark: 4993K(6848K)] 4993K(9920K), 0.0001757 secs] [Times: user=0.00 sys=0.00, real=0.00 secs] 
21.416: [CMS-concurrent-mark-start]
21.416: [GC (Allocation Failure) 21.416: [ParNew: 0K->0K(3072K), 0.0002869 secs]21.416: [CMS21.425: [CMS-concurrent-mark: 0.001/0.009 secs] [Times: user=0.00 sys=0.00, real=0.01 secs] 
 (concurrent mode failure): 4993K->897K(6848K), 0.0112902 secs] 4993K->897K(9920K), [Metaspace: 3664K->3664K(1056768K)], 0.0116728 secs] [Times: user=0.02 sys=0.00, real=0.01 secs] 
21.429: [GC (Allocation Failure) 21.429: [ParNew: 0K->0K(3072K), 0.0003592 secs]21.429: [CMS: 4993K->897K(6848K), 0.0027278 secs] 4993K->897K(9920K), [Metaspace: 3664K->3664K(1056768K)], 0.0032028 secs] [Times: user=0.00 sys=0.00, real=0.00 secs] 
21.433: [GC (CMS Initial Mark) [1 CMS-initial-mark: 4993K(6848K)] 4993K(9920K), 0.0001354 secs] [Times: user=0.00 sys=0.00, real=0.00 secs] 
21.433: [CMS-concurrent-mark-start]
21.433: [GC (Allocation Failure) 21.433: [ParNew: 0K->0K(3072K), 0.0003168 secs]21.433: [CMS21.440: [CMS-concurrent-mark: 0.002/0.008 secs] [Times: user=0.00 sys=0.00, real=0.01 secs] 
 (concurrent mode failure): 4993K->897K(6848K), 0.0093893 secs] 4993K->897K(9920K), [Metaspace: 3664K->3664K(1056768K)], 0.0097849 secs] [Times: user=0.01 sys=0.00, real=0.01 secs] 
21.443: [GC (Allocation Failure) 21.443: [ParNew: 0K->0K(3072K), 0.0002650 secs]21.443: [CMS: 4993K->897K(6848K), 0.0019665 secs] 4993K->897K(9920K), [Metaspace: 3664K->3664K(1056768K)], 0.0023012 secs] [Times: user=0.00 sys=0.00, real=0.00 secs] 
21.446: [GC (CMS Initial Mark) [1 CMS-initial-mark: 4993K(6848K)] 4993K(9920K), 0.0001359 secs] [Times: user=0.00 sys=0.00, real=0.00 secs] 
21.446: [CMS-concurrent-mark-start]
21.446: [GC (Allocation Failure) 21.446: [ParNew: 0K->0K(3072K), 0.0002042 secs]21.446: [CMS21.456: [CMS-concurrent-mark: 0.002/0.010 secs] [Times: user=0.00 sys=0.00, real=0.01 secs] 
 (concurrent mode failure): 4993K->897K(6848K), 0.0117389 secs] 4993K->897K(9920K), [Metaspace: 3664K->3664K(1056768K)], 0.0120211 secs] [Times: user=0.00 sys=0.02, real=0.01 secs] 
21.459: [GC (Allocation Failure) 21.459: [ParNew: 0K->0K(3072K), 0.0002364 secs]21.459: [CMS: 4993K->897K(6848K), 0.0018773 secs] 4993K->897K(9920K), [Metaspace: 3664K->3664K(1056768K)], 0.0021758 secs] [Times: user=0.00 sys=0.00, real=0.00 secs] 
21.461: [GC (CMS Initial Mark) [1 CMS-initial-mark: 4993K(6848K)] 4993K(9920K), 0.0001350 secs] [Times: user=0.00 sys=0.00, real=0.00 secs] 
21.461: [CMS-concurrent-mark-start]
21.461: [GC (Allocation Failure) 21.461: [ParNew: 0K->0K(3072K), 0.0002516 secs]21.462: [CMS21.471: [CMS-concurrent-mark: 0.002/0.010 secs] [Times: user=0.00 sys=0.00, real=0.01 secs] 
 (concurrent mode failure): 4993K->897K(6848K), 0.0126974 secs] 4993K->897K(9920K), [Metaspace: 3664K->3664K(1056768K)], 0.0130353 secs] [Times: user=0.02 sys=0.00, real=0.01 secs] 
21.475: [GC (Allocation Failure) 21.475: [ParNew: 0K->0K(3072K), 0.0002569 secs]21.475: [CMS: 4993K->897K(6848K), 0.0019051 secs] 4993K->897K(9920K), [Metaspace: 3664K->3664K(1056768K)], 0.0022326 secs] [Times: user=0.00 sys=0.00, real=0.00 secs] 
21.477: [GC (CMS Initial Mark) [1 CMS-initial-mark: 4993K(6848K)] 4993K(9920K), 0.0001223 secs] [Times: user=0.00 sys=0.00, real=0.00 secs] 
21.477: [CMS-concurrent-mark-start]
21.478: [GC (Allocation Failure) 21.478: [ParNew: 0K->0K(3072K), 0.0002296 secs]21.478: [CMS21.487: [CMS-concurrent-mark: 0.002/0.009 secs] [Times: user=0.00 sys=0.00, real=0.01 secs] 
 (concurrent mode failure): 4993K->897K(6848K), 0.0112533 secs] 4993K->897K(9920K), [Metaspace: 3664K->3664K(1056768K)], 0.0115610 secs] [Times: user=0.00 sys=0.00, real=0.01 secs] 
21.490: [GC (Allocation Failure) 21.490: [ParNew: 0K->0K(3072K), 0.0003158 secs]21.490: [CMS: 4993K->897K(6848K), 0.0019127 secs] 4993K->897K(9920K), [Metaspace: 3664K->3664K(1056768K)], 0.0023031 secs] [Times: user=0.00 sys=0.00, real=0.00 secs] 
21.492: [GC (CMS Initial Mark) [1 CMS-initial-mark: 4993K(6848K)] 4993K(9920K), 0.0001517 secs] [Times: user=0.00 sys=0.00, real=0.00 secs] 
21.492: [CMS-concurrent-mark-start]
21.493: [GC (Allocation Failure) 21.493: [ParNew: 0K->0K(3072K), 0.0003037 secs]21.493: [CMS21.502: [CMS-concurrent-mark: 0.002/0.009 secs] [Times: user=0.00 sys=0.00, real=0.01 secs] 
 (concurrent mode failure): 4993K->897K(6848K), 0.0120547 secs] 4993K->897K(9920K), [Metaspace: 3664K->3664K(1056768K)], 0.0124510 secs] [Times: user=0.02 sys=0.00, real=0.01 secs] 
21.505: [GC (Allocation Failure) 21.505: [ParNew: 0K->0K(3072K), 0.0002891 secs]21.506: [CMS: 4993K->897K(6848K), 0.0018261 secs] 4993K->897K(9920K), [Metaspace: 3664K->3664K(1056768K)], 0.0021775 secs] [Times: user=0.00 sys=0.00, real=0.00 secs] 
21.508: [GC (CMS Initial Mark) [1 CMS-initial-mark: 4993K(6848K)] 4993K(9920K), 0.0001424 secs] [Times: user=0.00 sys=0.00, real=0.00 secs] 
21.508: [CMS-concurrent-mark-start]
21.508: [GC (Allocation Failure) 21.508: [ParNew: 0K->0K(3072K), 0.0002237 secs]21.509: [CMS21.517: [CMS-concurrent-mark: 0.002/0.009 secs] [Times: user=0.00 sys=0.00, real=0.01 secs] 
 (concurrent mode failure): 4993K->897K(6848K), 0.0120530 secs] 4993K->897K(9920K), [Metaspace: 3664K->3664K(1056768K)], 0.0123623 secs] [Times: user=0.00 sys=0.00, real=0.01 secs] 
21.521: [GC (Allocation Failure) 21.521: [ParNew: 0K->0K(3072K), 0.0003123 secs]21.521: [CMS: 4993K->897K(6848K), 0.0023638 secs] 4993K->897K(9920K), [Metaspace: 3664K->3664K(1056768K)], 0.0027582 secs] [Times: user=0.00 sys=0.00, real=0.00 secs] 
21.524: [GC (CMS Initial Mark) [1 CMS-initial-mark: 4993K(6848K)] 4993K(9920K), 0.0001622 secs] [Times: user=0.00 sys=0.00, real=0.00 secs] 
21.524: [CMS-concurrent-mark-start]
21.525: [GC (Allocation Failure) 21.525: [ParNew: 0K->0K(3072K), 0.0003270 secs]21.525: [CMS21.533: [CMS-concurrent-mark: 0.002/0.008 secs] [Times: user=0.00 sys=0.00, real=0.01 secs] 
 (concurrent mode failure): 4993K->897K(6848K), 0.0114105 secs] 4993K->897K(9920K), [Metaspace: 3664K->3664K(1056768K)], 0.0118274 secs] [Times: user=0.02 sys=0.00, real=0.01 secs] 
21.537: [GC (Allocation Failure) 21.537: [ParNew: 0K->0K(3072K), 0.0002631 secs]21.537: [CMS: 4993K->897K(6848K), 0.0019461 secs] 4993K->897K(9920K), [Metaspace: 3664K->3664K(1056768K)], 0.0022759 secs] [Times: user=0.00 sys=0.00, real=0.00 secs] 
21.539: [GC (CMS Initial Mark) [1 CMS-initial-mark: 4993K(6848K)] 4993K(9920K), 0.0001133 secs] [Times: user=0.00 sys=0.00, real=0.00 secs] 
21.540: [CMS-concurrent-mark-start]
21.540: [GC (Allocation Failure) 21.540: [ParNew: 0K->0K(3072K), 0.0002133 secs]21.540: [CMS21.547: [CMS-concurrent-mark: 0.002/0.008 secs] [Times: user=0.00 sys=0.00, real=0.01 secs] 
 (concurrent mode failure): 4993K->897K(6848K), 0.0096741 secs] 4993K->897K(9920K), [Metaspace: 3664K->3664K(1056768K)], 0.0099574 secs] [Times: user=0.00 sys=0.00, real=0.01 secs] 
21.550: [GC (Allocation Failure) 21.550: [ParNew: 0K->0K(3072K), 0.0002303 secs]21.550: [CMS: 4993K->897K(6848K), 0.0027279 secs] 4993K->897K(9920K), [Metaspace: 3664K->3664K(1056768K)], 0.0030382 secs] [Times: user=0.01 sys=0.00, real=0.00 secs] 
21.553: [GC (CMS Initial Mark) [1 CMS-initial-mark: 4993K(6848K)] 4993K(9920K), 0.0001208 secs] [Times: user=0.00 sys=0.00, real=0.00 secs] 
21.554: [CMS-concurrent-mark-start]
21.554: [GC (Allocation Failure) 21.554: [ParNew: 0K->0K(3072K), 0.0002417 secs]21.554: [CMS21.563: [CMS-concurrent-mark: 0.002/0.010 secs] [Times: user=0.00 sys=0.00, real=0.01 secs] 
 (concurrent mode failure): 4993K->897K(6848K), 0.0116471 secs] 4993K->897K(9920K), [Metaspace: 3664K->3664K(1056768K)], 0.0119718 secs] [Times: user=0.00 sys=0.00, real=0.01 secs] 
21.566: [GC (Allocation Failure) 21.566: [ParNew: 0K->0K(3072K), 0.0002377 secs]21.566: [CMS: 4993K->897K(6848K), 0.0025956 secs] 4993K->897K(9920K), [Metaspace: 3664K->3664K(1056768K)], 0.0029121 secs] [Times: user=0.02 sys=0.00, real=0.00 secs] 
21.569: [GC (CMS Initial Mark) [1 CMS-initial-mark: 4993K(6848K)] 4993K(9920K), 0.0002854 secs] [Times: user=0.00 sys=0.00, real=0.00 secs] 
21.570: [CMS-concurrent-mark-start]
21.570: [GC (Allocation Failure) 21.570: [ParNew: 0K->0K(3072K), 0.0002225 secs]21.570: [CMS21.578: [CMS-concurrent-mark: 0.001/0.008 secs] [Times: user=0.00 sys=0.00, real=0.01 secs] 
 (concurrent mode failure): 4993K->897K(6848K), 0.0102198 secs] 4993K->897K(9920K), [Metaspace: 3664K->3664K(1056768K)], 0.0105155 secs] [Times: user=0.00 sys=0.00, real=0.01 secs] 
21.581: [GC (Allocation Failure) 21.581: [ParNew: 0K->0K(3072K), 0.0002554 secs]21.581: [CMS: 4993K->897K(6848K), 0.0018651 secs] 4993K->897K(9920K), [Metaspace: 3664K->3664K(1056768K)], 0.0021903 secs] [Times: user=0.01 sys=0.00, real=0.00 secs] 
21.583: [GC (CMS Initial Mark) [1 CMS-initial-mark: 4993K(6848K)] 4993K(9920K), 0.0001632 secs] [Times: user=0.00 sys=0.00, real=0.00 secs] 
21.583: [CMS-concurrent-mark-start]
21.584: [GC (Allocation Failure) 21.584: [ParNew: 0K->0K(3072K), 0.0003188 secs]21.584: [CMS21.593: [CMS-concurrent-mark: 0.001/0.010 secs] [Times: user=0.00 sys=0.00, real=0.01 secs] 
 (concurrent mode failure): 4993K->897K(6848K), 0.0115600 secs] 4993K->897K(9920K), [Metaspace: 3664K->3664K(1056768K)], 0.0119641 secs] [Times: user=0.00 sys=0.00, real=0.01 secs] 
21.596: [GC (Allocation Failure) 21.596: [ParNew: 0K->0K(3072K), 0.0002525 secs]21.596: [CMS: 4993K->897K(6848K), 0.0019307 secs] 4993K->897K(9920K), [Metaspace: 3664K->3664K(1056768K)], 0.0022492 secs] [Times: user=0.00 sys=0.00, real=0.00 secs] 
21.598: [GC (CMS Initial Mark) [1 CMS-initial-mark: 4993K(6848K)] 4993K(9920K), 0.0001220 secs] [Times: user=0.00 sys=0.00, real=0.00 secs] 
21.599: [CMS-concurrent-mark-start]
21.599: [GC (Allocation Failure) 21.599: [ParNew: 0K->0K(3072K), 0.0002368 secs]21.599: [CMS21.609: [CMS-concurrent-mark: 0.002/0.010 secs] [Times: user=0.00 sys=0.00, real=0.01 secs] 
 (concurrent mode failure): 4993K->897K(6848K), 0.0119406 secs] 4993K->897K(9920K), [Metaspace: 3664K->3664K(1056768K)], 0.0122501 secs] [Times: user=0.00 sys=0.00, real=0.01 secs] 
21.611: [GC (Allocation Failure) 21.611: [ParNew: 0K->0K(3072K), 0.0002152 secs]21.612: [CMS: 4993K->897K(6848K), 0.0018732 secs] 4993K->897K(9920K), [Metaspace: 3664K->3664K(1056768K)], 0.0021591 secs] [Times: user=0.00 sys=0.00, real=0.00 secs] 
21.614: [GC (CMS Initial Mark) [1 CMS-initial-mark: 4993K(6848K)] 4993K(9920K), 0.0001292 secs] [Times: user=0.00 sys=0.00, real=0.00 secs] 
21.614: [CMS-concurrent-mark-start]
21.614: [GC (Allocation Failure) 21.614: [ParNew: 0K->0K(3072K), 0.0002702 secs]21.614: [CMS21.624: [CMS-concurrent-mark: 0.002/0.010 secs] [Times: user=0.06 sys=0.00, real=0.01 secs] 
 (concurrent mode failure): 4993K->897K(6848K), 0.0132161 secs] 4993K->897K(9920K), [Metaspace: 3664K->3664K(1056768K)], 0.0135898 secs] [Times: user=0.06 sys=0.00, real=0.01 secs] 
21.628: [GC (Allocation Failure) 21.628: [ParNew: 0K->0K(3072K), 0.0003702 secs]21.629: [CMS: 4993K->897K(6848K), 0.0026005 secs] 4993K->897K(9920K), [Metaspace: 3664K->3664K(1056768K)], 0.0030684 secs] [Times: user=0.02 sys=0.00, real=0.00 secs] 
21.632: [GC (CMS Initial Mark) [1 CMS-initial-mark: 4993K(6848K)] 4993K(9920K), 0.0001262 secs] [Times: user=0.00 sys=0.00, real=0.00 secs] 
21.632: [CMS-concurrent-mark-start]
21.632: [GC (Allocation Failure) 21.632: [ParNew: 0K->0K(3072K), 0.0002882 secs]21.632: [CMS21.639: [CMS-concurrent-mark: 0.001/0.007 secs] [Times: user=0.00 sys=0.00, real=0.01 secs] 
 (concurrent mode failure): 4993K->897K(6848K), 0.0087909 secs] 4993K->897K(9920K), [Metaspace: 3664K->3664K(1056768K)], 0.0091613 secs] [Times: user=0.00 sys=0.00, real=0.01 secs] 
21.641: [GC (Allocation Failure) 21.641: [ParNew: 0K->0K(3072K), 0.0002530 secs]21.642: [CMS: 4993K->897K(6848K), 0.0018577 secs] 4993K->897K(9920K), [Metaspace: 3664K->3664K(1056768K)], 0.0021737 secs] [Times: user=0.00 sys=0.00, real=0.00 secs] 
21.644: [GC (CMS Initial Mark) [1 CMS-initial-mark: 4993K(6848K)] 4993K(9920K), 0.0001048 secs] [Times: user=0.00 sys=0.00, real=0.00 secs] 
21.644: [CMS-concurrent-mark-start]
21.644: [GC (Allocation Failure) 21.644: [ParNew: 0K->0K(3072K), 0.0001899 secs]21.644: [CMS21.654: [CMS-concurrent-mark: 0.001/0.010 secs] [Times: user=0.00 sys=0.00, real=0.01 secs] 
 (concurrent mode failure): 4993K->897K(6848K), 0.0118214 secs] 4993K->897K(9920K), [Metaspace: 3664K->3664K(1056768K)], 0.0120750 secs] [Times: user=0.00 sys=0.00, real=0.01 secs] 
21.656: [GC (Allocation Failure) 21.656: [ParNew: 0K->0K(3072K), 0.0002537 secs]21.657: [CMS: 4993K->897K(6848K), 0.0018349 secs] 4993K->897K(9920K), [Metaspace: 3664K->3664K(1056768K)], 0.0021638 secs] [Times: user=0.00 sys=0.00, real=0.00 secs] 
21.659: [GC (CMS Initial Mark) [1 CMS-initial-mark: 4993K(6848K)] 4993K(9920K), 0.0001344 secs] [Times: user=0.00 sys=0.00, real=0.00 secs] 
21.659: [CMS-concurrent-mark-start]
21.659: [GC (Allocation Failure) 21.659: [ParNew: 0K->0K(3072K), 0.0002054 secs]21.659: [CMS21.670: [CMS-concurrent-mark: 0.001/0.011 secs] [Times: user=0.00 sys=0.00, real=0.01 secs] 
 (concurrent mode failure): 4993K->897K(6848K), 0.0138201 secs] 4993K->897K(9920K), [Metaspace: 3664K->3664K(1056768K)], 0.0141122 secs] [Times: user=0.00 sys=0.00, real=0.01 secs] 
21.674: [GC (Allocation Failure) 21.674: [ParNew: 0K->0K(3072K), 0.0003354 secs]21.674: [CMS: 4993K->897K(6848K), 0.0027140 secs] 4993K->897K(9920K), [Metaspace: 3664K->3664K(1056768K)], 0.0031407 secs] [Times: user=0.01 sys=0.00, real=0.00 secs] 
21.677: [GC (CMS Initial Mark) [1 CMS-initial-mark: 4993K(6848K)] 4993K(9920K), 0.0001375 secs] [Times: user=0.00 sys=0.00, real=0.00 secs] 
21.677: [CMS-concurrent-mark-start]
21.678: [GC (Allocation Failure) 21.678: [ParNew: 0K->0K(3072K), 0.0003076 secs]21.678: [CMS21.686: [CMS-concurrent-mark: 0.001/0.008 secs] [Times: user=0.00 sys=0.00, real=0.01 secs] 
 (concurrent mode failure): 4993K->897K(6848K), 0.0106984 secs] 4993K->897K(9920K), [Metaspace: 3664K->3664K(1056768K)], 0.0110849 secs] [Times: user=0.00 sys=0.00, real=0.01 secs] 
21.689: [GC (Allocation Failure) 21.689: [ParNew: 0K->0K(3072K), 0.0002299 secs]21.689: [CMS: 4993K->897K(6848K), 0.0018629 secs] 4993K->897K(9920K), [Metaspace: 3664K->3664K(1056768K)], 0.0021646 secs] [Times: user=0.00 sys=0.00, real=0.00 secs] 
21.691: [GC (CMS Initial Mark) [1 CMS-initial-mark: 4993K(6848K)] 4993K(9920K), 0.0001274 secs] [Times: user=0.00 sys=0.00, real=0.00 secs] 
21.692: [CMS-concurrent-mark-start]
21.692: [GC (Allocation Failure) 21.692: [ParNew: 0K->0K(3072K), 0.0002242 secs]21.692: [CMS21.702: [CMS-concurrent-mark: 0.002/0.010 secs] [Times: user=0.00 sys=0.00, real=0.01 secs] 
 (concurrent mode failure): 4993K->897K(6848K), 0.0144390 secs] 4993K->897K(9920K), [Metaspace: 3664K->3664K(1056768K)], 0.0147469 secs] [Times: user=0.00 sys=0.00, real=0.01 secs] 
21.707: [GC (Allocation Failure) 21.707: [ParNew: 0K->0K(3072K), 0.0002770 secs]21.707: [CMS: 4993K->897K(6848K), 0.0027011 secs] 4993K->897K(9920K), [Metaspace: 3664K->3664K(1056768K)], 0.0030649 secs] [Times: user=0.02 sys=0.00, real=0.00 secs] 
21.710: [GC (CMS Initial Mark) [1 CMS-initial-mark: 4993K(6848K)] 4993K(9920K), 0.0002351 secs] [Times: user=0.00 sys=0.00, real=0.00 secs] 
21.711: [CMS-concurrent-mark-start]
21.711: [GC (Allocation Failure) 21.711: [ParNew: 0K->0K(3072K), 0.0002597 secs]21.711: [CMS21.717: [CMS-concurrent-mark: 0.002/0.007 secs] [Times: user=0.00 sys=0.00, real=0.01 secs] 
 (concurrent mode failure): 4993K->897K(6848K), 0.0107319 secs] 4993K->897K(9920K), [Metaspace: 3664K->3664K(1056768K)], 0.0110642 secs] [Times: user=0.00 sys=0.00, real=0.01 secs] 
21.722: [GC (Allocation Failure) 21.722: [ParNew: 0K->0K(3072K), 0.0004383 secs]21.723: [CMS: 4993K->897K(6848K), 0.0024421 secs] 4993K->897K(9920K), [Metaspace: 3664K->3664K(1056768K)], 0.0029586 secs] [Times: user=0.01 sys=0.00, real=0.00 secs] 
21.725: [GC (CMS Initial Mark) [1 CMS-initial-mark: 4993K(6848K)] 4993K(9920K), 0.0001905 secs] [Times: user=0.00 sys=0.00, real=0.00 secs] 
21.726: [CMS-concurrent-mark-start]
21.726: [GC (Allocation Failure) 21.726: [ParNew: 0K->0K(3072K), 0.0003103 secs]21.726: [CMS21.732: [CMS-concurrent-mark: 0.001/0.007 secs] [Times: user=0.00 sys=0.00, real=0.01 secs] 
 (concurrent mode failure): 4993K->897K(6848K), 0.0095957 secs] 4993K->897K(9920K), [Metaspace: 3664K->3664K(1056768K)], 0.0099855 secs] [Times: user=0.00 sys=0.00, real=0.01 secs] 
21.737: [GC (Allocation Failure) 21.737: [ParNew: 0K->0K(3072K), 0.0005321 secs]21.737: [CMS: 4993K->897K(6848K), 0.0020879 secs] 4993K->897K(9920K), [Metaspace: 3664K->3664K(1056768K)], 0.0027438 secs] [Times: user=0.02 sys=0.00, real=0.00 secs] 
21.740: [GC (CMS Initial Mark) [1 CMS-initial-mark: 4993K(6848K)] 4993K(9920K), 0.0001241 secs] [Times: user=0.00 sys=0.00, real=0.00 secs] 
21.740: [CMS-concurrent-mark-start]
21.740: [GC (Allocation Failure) 21.740: [ParNew: 0K->0K(3072K), 0.0002086 secs]21.740: [CMS21.748: [CMS-concurrent-mark: 0.002/0.008 secs] [Times: user=0.00 sys=0.00, real=0.01 secs] 
 (concurrent mode failure): 4993K->897K(6848K), 0.0103077 secs] 4993K->897K(9920K), [Metaspace: 3664K->3664K(1056768K)], 0.0106196 secs] [Times: user=0.00 sys=0.00, real=0.01 secs] 
21.751: [GC (Allocation Failure) 21.751: [ParNew: 0K->0K(3072K), 0.0003350 secs]21.751: [CMS: 4993K->897K(6848K), 0.0027029 secs] 4993K->897K(9920K), [Metaspace: 3664K->3664K(1056768K)], 0.0031296 secs] [Times: user=0.00 sys=0.00, real=0.00 secs] 
21.754: [GC (CMS Initial Mark) [1 CMS-initial-mark: 4993K(6848K)] 4993K(9920K), 0.0001327 secs] [Times: user=0.00 sys=0.00, real=0.00 secs] 
21.754: [CMS-concurrent-mark-start]
21.755: [GC (Allocation Failure) 21.755: [ParNew: 0K->0K(3072K), 0.0002366 secs]21.755: [CMS21.764: [CMS-concurrent-mark: 0.002/0.009 secs] [Times: user=0.00 sys=0.00, real=0.01 secs] 
 (concurrent mode failure): 4993K->897K(6848K), 0.0117522 secs] 4993K->897K(9920K), [Metaspace: 3664K->3664K(1056768K)], 0.0120586 secs] [Times: user=0.00 sys=0.00, real=0.01 secs] 
21.767: [GC (Allocation Failure) 21.767: [ParNew: 0K->0K(3072K), 0.0002984 secs]21.767: [CMS: 4993K->897K(6848K), 0.0034638 secs] 4993K->897K(9920K), [Metaspace: 3664K->3664K(1056768K)], 0.0038500 secs] [Times: user=0.02 sys=0.00, real=0.00 secs] 
21.771: [GC (CMS Initial Mark) [1 CMS-initial-mark: 4993K(6848K)] 4993K(9920K), 0.0001236 secs] [Times: user=0.00 sys=0.00, real=0.00 secs] 
21.771: [CMS-concurrent-mark-start]
21.771: [GC (Allocation Failure) 21.771: [ParNew: 0K->0K(3072K), 0.0002402 secs]21.772: [CMS21.779: [CMS-concurrent-mark: 0.002/0.008 secs] [Times: user=0.00 sys=0.00, real=0.01 secs] 
 (concurrent mode failure): 4993K->897K(6848K), 0.0102010 secs] 4993K->897K(9920K), [Metaspace: 3664K->3664K(1056768K)], 0.0105168 secs] [Times: user=0.00 sys=0.00, real=0.01 secs] 
21.782: [GC (Allocation Failure) 21.782: [ParNew: 0K->0K(3072K), 0.0002792 secs]21.783: [CMS: 4993K->897K(6848K), 0.0027062 secs] 4993K->897K(9920K), [Metaspace: 3664K->3664K(1056768K)], 0.0030709 secs] [Times: user=0.00 sys=0.00, real=0.00 secs] 
21.786: [GC (CMS Initial Mark) [1 CMS-initial-mark: 4993K(6848K)] 4993K(9920K), 0.0001838 secs] [Times: user=0.00 sys=0.00, real=0.00 secs] 
21.786: [CMS-concurrent-mark-start]
21.786: [GC (Allocation Failure) 21.786: [ParNew: 0K->0K(3072K), 0.0003425 secs]21.786: [CMS21.794: [CMS-concurrent-mark: 0.002/0.008 secs] [Times: user=0.00 sys=0.00, real=0.01 secs] 
 (concurrent mode failure): 4993K->897K(6848K), 0.0104360 secs] 4993K->897K(9920K), [Metaspace: 3664K->3664K(1056768K)], 0.0108665 secs] [Times: user=0.00 sys=0.00, real=0.01 secs] 
21.797: [GC (Allocation Failure) 21.797: [ParNew: 0K->0K(3072K), 0.0002305 secs]21.798: [CMS: 4993K->897K(6848K), 0.0019820 secs] 4993K->897K(9920K), [Metaspace: 3664K->3664K(1056768K)], 0.0022888 secs] [Times: user=0.00 sys=0.00, real=0.00 secs] 
21.800: [GC (CMS Initial Mark) [1 CMS-initial-mark: 4993K(6848K)] 4993K(9920K), 0.0001206 secs] [Times: user=0.00 sys=0.00, real=0.00 secs] 
21.800: [CMS-concurrent-mark-start]
21.800: [GC (Allocation Failure) 21.800: [ParNew: 0K->0K(3072K), 0.0002744 secs]21.800: [CMS21.810: [CMS-concurrent-mark: 0.002/0.010 secs] [Times: user=0.00 sys=0.00, real=0.01 secs] 
 (concurrent mode failure): 4993K->897K(6848K), 0.0128237 secs] 4993K->897K(9920K), [Metaspace: 3664K->3664K(1056768K)], 0.0132042 secs] [Times: user=0.00 sys=0.00, real=0.01 secs] 
21.814: [GC (Allocation Failure) 21.814: [ParNew: 0K->0K(3072K), 0.0002726 secs]21.814: [CMS: 4993K->897K(6848K), 0.0021875 secs] 4993K->897K(9920K), [Metaspace: 3664K->3664K(1056768K)], 0.0025334 secs] [Times: user=0.00 sys=0.00, real=0.00 secs] 
21.817: [GC (CMS Initial Mark) [1 CMS-initial-mark: 4993K(6848K)] 4993K(9920K), 0.0001860 secs] [Times: user=0.00 sys=0.00, real=0.00 secs] 
21.817: [CMS-concurrent-mark-start]
21.817: [GC (Allocation Failure) 21.817: [ParNew: 0K->0K(3072K), 0.0004495 secs]21.818: [CMS21.825: [CMS-concurrent-mark: 0.001/0.008 secs] [Times: user=0.06 sys=0.00, real=0.01 secs] 
 (concurrent mode failure): 4993K->897K(6848K), 0.0094730 secs] 4993K->897K(9920K), [Metaspace: 3664K->3664K(1056768K)], 0.0100572 secs] [Times: user=0.06 sys=0.00, real=0.01 secs] 
21.828: [GC (Allocation Failure) 21.828: [ParNew: 0K->0K(3072K), 0.0002351 secs]21.828: [CMS: 4993K->897K(6848K), 0.0027056 secs] 4993K->897K(9920K), [Metaspace: 3664K->3664K(1056768K)], 0.0030155 secs] [Times: user=0.00 sys=0.00, real=0.00 secs] 
21.831: [GC (CMS Initial Mark) [1 CMS-initial-mark: 4993K(6848K)] 4993K(9920K), 0.0001584 secs] [Times: user=0.00 sys=0.00, real=0.00 secs] 
21.831: [CMS-concurrent-mark-start]
21.831: [GC (Allocation Failure) 21.831: [ParNew: 0K->0K(3072K), 0.0002880 secs]21.832: [CMS21.839: [CMS-concurrent-mark: 0.002/0.008 secs] [Times: user=0.00 sys=0.00, real=0.01 secs] 
 (concurrent mode failure): 4993K->897K(6848K), 0.0108810 secs] 4993K->897K(9920K), [Metaspace: 3664K->3664K(1056768K)], 0.0112658 secs] [Times: user=0.00 sys=0.00, real=0.01 secs] 
21.843: [GC (Allocation Failure) 21.843: [ParNew: 0K->0K(3072K), 0.0002959 secs]21.843: [CMS: 4993K->897K(6848K), 0.0021320 secs] 4993K->897K(9920K), [Metaspace: 3664K->3664K(1056768K)], 0.0025051 secs] [Times: user=0.00 sys=0.00, real=0.00 secs] 
21.846: [GC (CMS Initial Mark) [1 CMS-initial-mark: 4993K(6848K)] 4993K(9920K), 0.0003220 secs] [Times: user=0.00 sys=0.00, real=0.00 secs] 
21.846: [CMS-concurrent-mark-start]
21.846: [GC (Allocation Failure) 21.846: [ParNew: 0K->0K(3072K), 0.0003804 secs]21.847: [CMS21.855: [CMS-concurrent-mark: 0.001/0.009 secs] [Times: user=0.00 sys=0.00, real=0.01 secs] 
 (concurrent mode failure): 4993K->897K(6848K), 0.0107329 secs] 4993K->897K(9920K), [Metaspace: 3664K->3664K(1056768K)], 0.0111935 secs] [Times: user=0.00 sys=0.00, real=0.01 secs] 
21.858: [GC (Allocation Failure) 21.858: [ParNew: 0K->0K(3072K), 0.0003254 secs]21.858: [CMS: 4993K->897K(6848K), 0.0027068 secs] 4993K->897K(9920K), [Metaspace: 3664K->3664K(1056768K)], 0.0031265 secs] [Times: user=0.00 sys=0.00, real=0.00 secs] 
21.861: [GC (CMS Initial Mark) [1 CMS-initial-mark: 4993K(6848K)] 4993K(9920K), 0.0001084 secs] [Times: user=0.00 sys=0.00, real=0.00 secs] 
21.861: [CMS-concurrent-mark-start]
21.861: [GC (Allocation Failure) 21.861: [ParNew: 0K->0K(3072K), 0.0002508 secs]21.862: [CMS21.871: [CMS-concurrent-mark: 0.002/0.009 secs] [Times: user=0.00 sys=0.00, real=0.01 secs] 
 (concurrent mode failure): 4993K->897K(6848K), 0.0124415 secs] 4993K->897K(9920K), [Metaspace: 3664K->3664K(1056768K)], 0.0127827 secs] [Times: user=0.00 sys=0.00, real=0.01 secs] 
21.875: [GC (Allocation Failure) 21.875: [ParNew: 0K->0K(3072K), 0.0002857 secs]21.875: [CMS: 4993K->897K(6848K), 0.0045967 secs] 4993K->897K(9920K), [Metaspace: 3664K->3664K(1056768K)], 0.0050296 secs] [Times: user=0.00 sys=0.01, real=0.00 secs] 
21.880: [GC (CMS Initial Mark) [1 CMS-initial-mark: 4993K(6848K)] 4993K(9920K), 0.0001968 secs] [Times: user=0.00 sys=0.00, real=0.00 secs] 
21.880: [CMS-concurrent-mark-start]
21.881: [GC (Allocation Failure) 21.881: [ParNew: 0K->0K(3072K), 0.0002948 secs]21.881: [CMS21.886: [CMS-concurrent-mark: 0.002/0.006 secs] [Times: user=0.00 sys=0.00, real=0.01 secs] 
 (concurrent mode failure): 4993K->897K(6848K), 0.0083038 secs] 4993K->897K(9920K), [Metaspace: 3664K->3664K(1056768K)], 0.0086857 secs] [Times: user=0.00 sys=0.00, real=0.01 secs] 
21.890: [GC (Allocation Failure) 21.890: [ParNew: 0K->0K(3072K), 0.0002279 secs]21.890: [CMS: 4993K->897K(6848K), 0.0018077 secs] 4993K->897K(9920K), [Metaspace: 3664K->3664K(1056768K)], 0.0021162 secs] [Times: user=0.00 sys=0.00, real=0.00 secs] 
21.892: [GC (CMS Initial Mark) [1 CMS-initial-mark: 4993K(6848K)] 4993K(9920K), 0.0001600 secs] [Times: user=0.00 sys=0.00, real=0.00 secs] 
21.892: [CMS-concurrent-mark-start]
21.892: [GC (Allocation Failure) 21.892: [ParNew: 0K->0K(3072K), 0.0002643 secs]21.893: [CMS21.902: [CMS-concurrent-mark: 0.002/0.010 secs] [Times: user=0.00 sys=0.00, real=0.01 secs] 
 (concurrent mode failure): 4993K->897K(6848K), 0.0134997 secs] 4993K->897K(9920K), [Metaspace: 3664K->3664K(1056768K)], 0.0138432 secs] [Times: user=0.00 sys=0.00, real=0.01 secs] 
21.907: [GC (Allocation Failure) 21.907: [ParNew: 0K->0K(3072K), 0.0003076 secs]21.907: [CMS: 4993K->897K(6848K), 0.0019220 secs] 4993K->897K(9920K), [Metaspace: 3664K->3664K(1056768K)], 0.0022982 secs] [Times: user=0.00 sys=0.00, real=0.00 secs] 
21.909: [GC (CMS Initial Mark) [1 CMS-initial-mark: 4993K(6848K)] 4993K(9920K), 0.0001513 secs] [Times: user=0.00 sys=0.00, real=0.00 secs] 
21.909: [CMS-concurrent-mark-start]
21.910: [GC (Allocation Failure) 21.910: [ParNew: 0K->0K(3072K), 0.0002370 secs]21.910: [CMS21.918: [CMS-concurrent-mark: 0.002/0.009 secs] [Times: user=0.00 sys=0.00, real=0.01 secs] 
 (concurrent mode failure): 4993K->897K(6848K), 0.0120302 secs] 4993K->897K(9920K), [Metaspace: 3664K->3664K(1056768K)], 0.0123704 secs] [Times: user=0.00 sys=0.00, real=0.01 secs] 
21.922: [GC (Allocation Failure) 21.922: [ParNew: 0K->0K(3072K), 0.0003437 secs]21.923: [CMS: 4993K->897K(6848K), 0.0023528 secs] 4993K->897K(9920K), [Metaspace: 3664K->3664K(1056768K)], 0.0027822 secs] [Times: user=0.00 sys=0.00, real=0.00 secs] 
21.926: [GC (CMS Initial Mark) [1 CMS-initial-mark: 4993K(6848K)] 4993K(9920K), 0.0001928 secs] [Times: user=0.00 sys=0.00, real=0.00 secs] 
21.926: [CMS-concurrent-mark-start]
21.926: [GC (Allocation Failure) 21.926: [ParNew: 0K->0K(3072K), 0.0002937 secs]21.926: [CMS21.933: [CMS-concurrent-mark: 0.002/0.007 secs] [Times: user=0.01 sys=0.00, real=0.01 secs] 
 (concurrent mode failure): 4993K->897K(6848K), 0.0101043 secs] 4993K->897K(9920K), [Metaspace: 3664K->3664K(1056768K)], 0.0105032 secs] [Times: user=0.01 sys=0.00, real=0.01 secs] 
21.937: [GC (Allocation Failure) 21.937: [ParNew: 0K->0K(3072K), 0.0002467 secs]21.937: [CMS: 4993K->897K(6848K), 0.0019233 secs] 4993K->897K(9920K), [Metaspace: 3664K->3664K(1056768K)], 0.0022366 secs] [Times: user=0.00 sys=0.00, real=0.00 secs] 
21.939: [GC (CMS Initial Mark) [1 CMS-initial-mark: 4993K(6848K)] 4993K(9920K), 0.0001242 secs] [Times: user=0.00 sys=0.00, real=0.00 secs] 
21.940: [CMS-concurrent-mark-start]
21.940: [GC (Allocation Failure) 21.940: [ParNew: 0K->0K(3072K), 0.0002610 secs]21.940: [CMS21.948: [CMS-concurrent-mark: 0.001/0.009 secs] [Times: user=0.00 sys=0.00, real=0.01 secs] 
 (concurrent mode failure): 4993K->897K(6848K), 0.0107814 secs] 4993K->897K(9920K), [Metaspace: 3664K->3664K(1056768K)], 0.0111354 secs] [Times: user=0.00 sys=0.00, real=0.01 secs] 
21.951: [GC (Allocation Failure) 21.951: [ParNew: 0K->0K(3072K), 0.0005194 secs]21.952: [CMS: 4993K->897K(6848K), 0.0029731 secs] 4993K->897K(9920K), [Metaspace: 3664K->3664K(1056768K)], 0.0036304 secs] [Times: user=0.00 sys=0.00, real=0.00 secs] 
21.955: [GC (CMS Initial Mark) [1 CMS-initial-mark: 4993K(6848K)] 4993K(9920K), 0.0001111 secs] [Times: user=0.00 sys=0.00, real=0.00 secs] 
21.955: [CMS-concurrent-mark-start]
21.955: [GC (Allocation Failure) 21.955: [ParNew: 0K->0K(3072K), 0.0002014 secs]21.956: [CMS21.963: [CMS-concurrent-mark: 0.001/0.008 secs] [Times: user=0.00 sys=0.00, real=0.01 secs] 
 (concurrent mode failure): 4993K->897K(6848K), 0.0097692 secs] 4993K->897K(9920K), [Metaspace: 3664K->3664K(1056768K)], 0.0100387 secs] [Times: user=0.00 sys=0.00, real=0.01 secs] 
21.966: [GC (Allocation Failure) 21.966: [ParNew: 0K->0K(3072K), 0.0002202 secs]21.966: [CMS: 4993K->897K(6848K), 0.0029886 secs] 4993K->897K(9920K), [Metaspace: 3664K->3664K(1056768K)], 0.0032778 secs] [Times: user=0.00 sys=0.00, real=0.00 secs] 
21.969: [GC (CMS Initial Mark) [1 CMS-initial-mark: 4993K(6848K)] 4993K(9920K), 0.0001276 secs] [Times: user=0.00 sys=0.00, real=0.00 secs] 
21.970: [CMS-concurrent-mark-start]
21.970: [GC (Allocation Failure) 21.970: [ParNew: 0K->0K(3072K), 0.0002648 secs]21.970: [CMS21.980: [CMS-concurrent-mark: 0.002/0.010 secs] [Times: user=0.00 sys=0.00, real=0.01 secs] 
 (concurrent mode failure): 4993K->897K(6848K), 0.0120282 secs] 4993K->897K(9920K), [Metaspace: 3664K->3664K(1056768K)], 0.0123629 secs] [Times: user=0.00 sys=0.00, real=0.01 secs] 
21.982: [GC (Allocation Failure) 21.982: [ParNew: 0K->0K(3072K), 0.0003160 secs]21.983: [CMS: 4993K->897K(6848K), 0.0022797 secs] 4993K->897K(9920K), [Metaspace: 3664K->3664K(1056768K)], 0.0026914 secs] [Times: user=0.00 sys=0.00, real=0.00 secs] 
21.986: [GC (CMS Initial Mark) [1 CMS-initial-mark: 4993K(6848K)] 4993K(9920K), 0.0003252 secs] [Times: user=0.00 sys=0.00, real=0.00 secs] 
21.986: [CMS-concurrent-mark-start]
21.986: [GC (Allocation Failure) 21.986: [ParNew: 0K->0K(3072K), 0.0003610 secs]21.987: [CMS21.995: [CMS-concurrent-mark: 0.002/0.009 secs] [Times: user=0.00 sys=0.00, real=0.01 secs] 
 (concurrent mode failure): 4993K->897K(6848K), 0.0110045 secs] 4993K->897K(9920K), [Metaspace: 3664K->3664K(1056768K)], 0.0114739 secs] [Times: user=0.00 sys=0.00, real=0.01 secs] 
21.998: [GC (Allocation Failure) 21.998: [ParNew: 0K->0K(3072K), 0.0002134 secs]21.998: [CMS: 4993K->897K(6848K), 0.0019879 secs] 4993K->897K(9920K), [Metaspace: 3664K->3664K(1056768K)], 0.0023021 secs] [Times: user=0.00 sys=0.00, real=0.00 secs] 
22.001: [GC (CMS Initial Mark) [1 CMS-initial-mark: 4993K(6848K)] 4993K(9920K), 0.0001495 secs] [Times: user=0.00 sys=0.00, real=0.00 secs] 
22.001: [CMS-concurrent-mark-start]
22.001: [GC (Allocation Failure) 22.001: [ParNew: 0K->0K(3072K), 0.0002682 secs]22.001: [CMS22.010: [CMS-concurrent-mark: 0.002/0.009 secs] [Times: user=0.00 sys=0.00, real=0.01 secs] 
 (concurrent mode failure): 4993K->897K(6848K), 0.0113390 secs] 4993K->897K(9920K), [Metaspace: 3664K->3664K(1056768K)], 0.0117029 secs] [Times: user=0.00 sys=0.00, real=0.01 secs] 
22.013: [GC (Allocation Failure) 22.013: [ParNew: 0K->0K(3072K), 0.0002277 secs]22.013: [CMS: 4993K->897K(6848K), 0.0019481 secs] 4993K->897K(9920K), [Metaspace: 3664K->3664K(1056768K)], 0.0022465 secs] [Times: user=0.00 sys=0.00, real=0.00 secs] 
22.016: [GC (CMS Initial Mark) [1 CMS-initial-mark: 4993K(6848K)] 4993K(9920K), 0.0002036 secs] [Times: user=0.00 sys=0.00, real=0.00 secs] 
22.016: [CMS-concurrent-mark-start]
22.016: [GC (Allocation Failure) 22.016: [ParNew: 0K->0K(3072K), 0.0002170 secs]22.016: [CMS22.026: [CMS-concurrent-mark: 0.002/0.010 secs] [Times: user=0.00 sys=0.00, real=0.01 secs] 
 (concurrent mode failure): 4993K->897K(6848K), 0.0121560 secs] 4993K->897K(9920K), [Metaspace: 3664K->3664K(1056768K)], 0.0124478 secs] [Times: user=0.00 sys=0.00, real=0.01 secs] 
22.029: [GC (Allocation Failure) 22.029: [ParNew: 0K->0K(3072K), 0.0002523 secs]22.029: [CMS: 4993K->897K(6848K), 0.0020717 secs] 4993K->897K(9920K), [Metaspace: 3664K->3664K(1056768K)], 0.0023975 secs] [Times: user=0.00 sys=0.00, real=0.00 secs] 
22.032: [GC (CMS Initial Mark) [1 CMS-initial-mark: 4993K(6848K)] 4993K(9920K), 0.0001244 secs] [Times: user=0.00 sys=0.00, real=0.00 secs] 
22.032: [CMS-concurrent-mark-start]
22.032: [GC (Allocation Failure) 22.032: [ParNew: 0K->0K(3072K), 0.0002004 secs]22.032: [CMS22.042: [CMS-concurrent-mark: 0.001/0.010 secs] [Times: user=0.00 sys=0.00, real=0.01 secs] 
 (concurrent mode failure): 4993K->897K(6848K), 0.0122188 secs] 4993K->897K(9920K), [Metaspace: 3664K->3664K(1056768K)], 0.0124900 secs] [Times: user=0.00 sys=0.00, real=0.01 secs] 
22.045: [GC (Allocation Failure) 22.045: [ParNew: 0K->0K(3072K), 0.0002561 secs]22.045: [CMS: 4993K->897K(6848K), 0.0018744 secs] 4993K->897K(9920K), [Metaspace: 3664K->3664K(1056768K)], 0.0021985 secs] [Times: user=0.00 sys=0.00, real=0.00 secs] 
22.047: [GC (CMS Initial Mark) [1 CMS-initial-mark: 4993K(6848K)] 4993K(9920K), 0.0001227 secs] [Times: user=0.00 sys=0.00, real=0.00 secs] 
22.048: [CMS-concurrent-mark-start]
22.048: [GC (Allocation Failure) 22.048: [ParNew: 0K->0K(3072K), 0.0002525 secs]22.048: [CMS22.058: [CMS-concurrent-mark: 0.001/0.010 secs] [Times: user=0.00 sys=0.00, real=0.01 secs] 
 (concurrent mode failure): 4993K->897K(6848K), 0.0117604 secs] 4993K->897K(9920K), [Metaspace: 3664K->3664K(1056768K)], 0.0121068 secs] [Times: user=0.00 sys=0.00, real=0.01 secs] 
22.060: [GC (Allocation Failure) 22.060: [ParNew: 0K->0K(3072K), 0.0002266 secs]22.060: [CMS: 4993K->897K(6848K), 0.0018525 secs] 4993K->897K(9920K), [Metaspace: 3664K->3664K(1056768K)], 0.0021442 secs] [Times: user=0.00 sys=0.00, real=0.00 secs] 
22.063: [GC (CMS Initial Mark) [1 CMS-initial-mark: 4993K(6848K)] 4993K(9920K), 0.0001380 secs] [Times: user=0.00 sys=0.00, real=0.00 secs] 
22.063: [CMS-concurrent-mark-start]
22.063: [GC (Allocation Failure) 22.063: [ParNew: 0K->0K(3072K), 0.0002309 secs]22.063: [CMS22.073: [CMS-concurrent-mark: 0.002/0.010 secs] [Times: user=0.00 sys=0.00, real=0.01 secs] 
 (concurrent mode failure): 4993K->897K(6848K), 0.0127666 secs] 4993K->897K(9920K), [Metaspace: 3664K->3664K(1056768K)], 0.0130823 secs] [Times: user=0.00 sys=0.00, real=0.01 secs] 
22.077: [GC (Allocation Failure) 22.077: [ParNew: 0K->0K(3072K), 0.0002218 secs]22.077: [CMS: 4993K->897K(6848K), 0.0019407 secs] 4993K->897K(9920K), [Metaspace: 3664K->3664K(1056768K)], 0.0022318 secs] [Times: user=0.00 sys=0.00, real=0.00 secs] 
22.079: [GC (CMS Initial Mark) [1 CMS-initial-mark: 4993K(6848K)] 4993K(9920K), 0.0001315 secs] [Times: user=0.00 sys=0.00, real=0.00 secs] 
22.079: [CMS-concurrent-mark-start]
22.079: [GC (Allocation Failure) 22.079: [ParNew: 0K->0K(3072K), 0.0002229 secs]22.080: [CMS22.089: [CMS-concurrent-mark: 0.001/0.010 secs] [Times: user=0.00 sys=0.00, real=0.01 secs] 
 (concurrent mode failure): 4993K->897K(6848K), 0.0116715 secs] 4993K->897K(9920K), [Metaspace: 3664K->3664K(1056768K)], 0.0119616 secs] [Times: user=0.00 sys=0.00, real=0.01 secs] 
22.092: [GC (Allocation Failure) 22.092: [ParNew: 0K->0K(3072K), 0.0001883 secs]22.092: [CMS: 4993K->897K(6848K), 0.0017407 secs] 4993K->897K(9920K), [Metaspace: 3664K->3664K(1056768K)], 0.0019873 secs] [Times: user=0.00 sys=0.00, real=0.00 secs] 
22.094: [GC (CMS Initial Mark) [1 CMS-initial-mark: 4993K(6848K)] 4993K(9920K), 0.0001088 secs] [Times: user=0.00 sys=0.00, real=0.00 secs] 
22.094: [CMS-concurrent-mark-start]
22.094: [GC (Allocation Failure) 22.094: [ParNew: 0K->0K(3072K), 0.0002605 secs]22.094: [CMS22.105: [CMS-concurrent-mark: 0.001/0.011 secs] [Times: user=0.00 sys=0.00, real=0.01 secs] 
 (concurrent mode failure): 4993K->897K(6848K), 0.0126978 secs] 4993K->897K(9920K), [Metaspace: 3664K->3664K(1056768K)], 0.0130314 secs] [Times: user=0.00 sys=0.00, real=0.01 secs] 
22.107: [GC (Allocation Failure) 22.107: [ParNew: 0K->0K(3072K), 0.0001986 secs]22.108: [CMS: 4993K->897K(6848K), 0.0016953 secs] 4993K->897K(9920K), [Metaspace: 3664K->3664K(1056768K)], 0.0019536 secs] [Times: user=0.00 sys=0.00, real=0.00 secs] 
22.110: [GC (CMS Initial Mark) [1 CMS-initial-mark: 4993K(6848K)] 4993K(9920K), 0.0001275 secs] [Times: user=0.00 sys=0.00, real=0.00 secs] 
22.110: [CMS-concurrent-mark-start]
22.110: [GC (Allocation Failure) 22.110: [ParNew: 0K->0K(3072K), 0.0001984 secs]22.110: [CMS22.120: [CMS-concurrent-mark: 0.001/0.010 secs] [Times: user=0.00 sys=0.00, real=0.01 secs] 
 (concurrent mode failure): 4993K->897K(6848K), 0.0124542 secs] 4993K->897K(9920K), [Metaspace: 3664K->3664K(1056768K)], 0.0127285 secs] [Times: user=0.00 sys=0.00, real=0.01 secs] 
22.123: [GC (Allocation Failure) 22.123: [ParNew: 0K->0K(3072K), 0.0002786 secs]22.123: [CMS: 4993K->897K(6848K), 0.0017545 secs] 4993K->897K(9920K), [Metaspace: 3664K->3664K(1056768K)], 0.0021001 secs] [Times: user=0.00 sys=0.00, real=0.00 secs] 
22.125: [GC (CMS Initial Mark) [1 CMS-initial-mark: 4993K(6848K)] 4993K(9920K), 0.0000677 secs] [Times: user=0.00 sys=0.00, real=0.00 secs] 
22.125: [CMS-concurrent-mark-start]
22.126: [GC (Allocation Failure) 22.126: [ParNew: 0K->0K(3072K), 0.0002112 secs]22.126: [CMS22.136: [CMS-concurrent-mark: 0.002/0.011 secs] [Times: user=0.00 sys=0.00, real=0.01 secs] 
 (concurrent mode failure): 4993K->897K(6848K), 0.0136104 secs] 4993K->897K(9920K), [Metaspace: 3664K->3664K(1056768K)], 0.0139003 secs] [Times: user=0.00 sys=0.00, real=0.01 secs] 
22.140: [GC (Allocation Failure) 22.140: [ParNew: 0K->0K(3072K), 0.0003276 secs]22.140: [CMS: 4993K->897K(6848K), 0.0021042 secs] 4993K->897K(9920K), [Metaspace: 3664K->3664K(1056768K)], 0.0025121 secs] [Times: user=0.00 sys=0.00, real=0.00 secs] 
22.143: [GC (CMS Initial Mark) [1 CMS-initial-mark: 4993K(6848K)] 4993K(9920K), 0.0001674 secs] [Times: user=0.00 sys=0.00, real=0.00 secs] 
22.143: [CMS-concurrent-mark-start]
22.143: [GC (Allocation Failure) 22.143: [ParNew: 0K->0K(3072K), 0.0002918 secs]22.143: [CMS22.152: [CMS-concurrent-mark: 0.002/0.009 secs] [Times: user=0.00 sys=0.00, real=0.01 secs] 
 (concurrent mode failure): 4993K->897K(6848K), 0.0116594 secs] 4993K->897K(9920K), [Metaspace: 3664K->3664K(1056768K)], 0.0120503 secs] [Times: user=0.00 sys=0.00, real=0.01 secs] 
22.156: [GC (Allocation Failure) 22.156: [ParNew: 0K->0K(3072K), 0.0002749 secs]22.156: [CMS: 4993K->897K(6848K), 0.0021061 secs] 4993K->897K(9920K), [Metaspace: 3664K->3664K(1056768K)], 0.0024645 secs] [Times: user=0.00 sys=0.00, real=0.00 secs] 
22.158: [GC (CMS Initial Mark) [1 CMS-initial-mark: 4993K(6848K)] 4993K(9920K), 0.0001733 secs] [Times: user=0.00 sys=0.00, real=0.00 secs] 
22.159: [CMS-concurrent-mark-start]
22.159: [GC (Allocation Failure) 22.159: [ParNew: 0K->0K(3072K), 0.0002741 secs]22.159: [CMS22.168: [CMS-concurrent-mark: 0.002/0.009 secs] [Times: user=0.00 sys=0.00, real=0.01 secs] 
 (concurrent mode failure): 4993K->897K(6848K), 0.0119134 secs] 4993K->897K(9920K), [Metaspace: 3664K->3664K(1056768K)], 0.0122787 secs] [Times: user=0.00 sys=0.00, real=0.01 secs] 
22.171: [GC (Allocation Failure) 22.171: [ParNew: 0K->0K(3072K), 0.0002124 secs]22.172: [CMS: 4993K->897K(6848K), 0.0018681 secs] 4993K->897K(9920K), [Metaspace: 3664K->3664K(1056768K)], 0.0021403 secs] [Times: user=0.00 sys=0.00, real=0.00 secs] 
22.174: [GC (CMS Initial Mark) [1 CMS-initial-mark: 4993K(6848K)] 4993K(9920K), 0.0001216 secs] [Times: user=0.00 sys=0.00, real=0.00 secs] 
22.174: [CMS-concurrent-mark-start]
22.174: [GC (Allocation Failure) 22.174: [ParNew: 0K->0K(3072K), 0.0001969 secs]22.174: [CMS22.182: [CMS-concurrent-mark: 0.001/0.008 secs] [Times: user=0.00 sys=0.00, real=0.01 secs] 
 (concurrent mode failure): 4993K->897K(6848K), 0.0105441 secs] 4993K->897K(9920K), [Metaspace: 3664K->3664K(1056768K)], 0.0108273 secs] [Times: user=0.00 sys=0.00, real=0.01 secs] 
22.185: [GC (Allocation Failure) 22.185: [ParNew: 0K->0K(3072K), 0.0002505 secs]22.186: [CMS: 4993K->897K(6848K), 0.0022673 secs] 4993K->897K(9920K), [Metaspace: 3664K->3664K(1056768K)], 0.0025894 secs] [Times: user=0.00 sys=0.00, real=0.00 secs] 
22.188: [GC (CMS Initial Mark) [1 CMS-initial-mark: 4993K(6848K)] 4993K(9920K), 0.0001160 secs] [Times: user=0.00 sys=0.00, real=0.00 secs] 
22.188: [CMS-concurrent-mark-start]
22.188: [GC (Allocation Failure) 22.188: [ParNew: 0K->0K(3072K), 0.0002667 secs]22.189: [CMS22.198: [CMS-concurrent-mark: 0.002/0.009 secs] [Times: user=0.00 sys=0.00, real=0.01 secs] 
 (concurrent mode failure): 4993K->897K(6848K), 0.0116076 secs] 4993K->897K(9920K), [Metaspace: 3664K->3664K(1056768K)], 0.0119648 secs] [Times: user=0.00 sys=0.00, real=0.01 secs] 
22.201: [GC (Allocation Failure) 22.201: [ParNew: 0K->0K(3072K), 0.0003297 secs]22.201: [CMS: 4993K->897K(6848K), 0.0030625 secs] 4993K->897K(9920K), [Metaspace: 3664K->3664K(1056768K)], 0.0034944 secs] [Times: user=0.00 sys=0.00, real=0.00 secs] 
22.205: [GC (CMS Initial Mark) [1 CMS-initial-mark: 4993K(6848K)] 4993K(9920K), 0.0001053 secs] [Times: user=0.00 sys=0.00, real=0.00 secs] 
22.205: [CMS-concurrent-mark-start]
22.205: [GC (Allocation Failure) 22.205: [ParNew: 0K->0K(3072K), 0.0002695 secs]22.205: [CMS22.213: [CMS-concurrent-mark: 0.001/0.008 secs] [Times: user=0.00 sys=0.00, real=0.01 secs] 
 (concurrent mode failure): 4993K->897K(6848K), 0.0099013 secs] 4993K->897K(9920K), [Metaspace: 3664K->3664K(1056768K)], 0.0102443 secs] [Times: user=0.00 sys=0.00, real=0.01 secs] 
22.216: [GC (Allocation Failure) 22.216: [ParNew: 0K->0K(3072K), 0.0002104 secs]22.216: [CMS: 4993K->897K(6848K), 0.0024953 secs] 4993K->897K(9920K), [Metaspace: 3664K->3664K(1056768K)], 0.0028042 secs] [Times: user=0.00 sys=0.00, real=0.00 secs] 
22.219: [GC (CMS Initial Mark) [1 CMS-initial-mark: 4993K(6848K)] 4993K(9920K), 0.0001006 secs] [Times: user=0.00 sys=0.00, real=0.00 secs] 
22.219: [CMS-concurrent-mark-start]
22.219: [GC (Allocation Failure) 22.219: [ParNew: 0K->0K(3072K), 0.0002236 secs]22.219: [CMS22.229: [CMS-concurrent-mark: 0.002/0.010 secs] [Times: user=0.00 sys=0.00, real=0.01 secs] 
 (concurrent mode failure): 4993K->897K(6848K), 0.0114457 secs] 4993K->897K(9920K), [Metaspace: 3664K->3664K(1056768K)], 0.0117436 secs] [Times: user=0.00 sys=0.00, real=0.01 secs] 
22.231: [GC (Allocation Failure) 22.231: [ParNew: 0K->0K(3072K), 0.0002586 secs]22.232: [CMS: 4993K->897K(6848K), 0.0019033 secs] 4993K->897K(9920K), [Metaspace: 3664K->3664K(1056768K)], 0.0022501 secs] [Times: user=0.00 sys=0.00, real=0.00 secs] 
22.234: [GC (CMS Initial Mark) [1 CMS-initial-mark: 4993K(6848K)] 4993K(9920K), 0.0001100 secs] [Times: user=0.00 sys=0.00, real=0.00 secs] 
22.234: [CMS-concurrent-mark-start]
22.234: [GC (Allocation Failure) 22.234: [ParNew: 0K->0K(3072K), 0.0002872 secs]22.234: [CMS22.244: [CMS-concurrent-mark: 0.002/0.010 secs] [Times: user=0.00 sys=0.00, real=0.01 secs] 
 (concurrent mode failure): 4993K->897K(6848K), 0.0127556 secs] 4993K->897K(9920K), [Metaspace: 3664K->3664K(1056768K)], 0.0131170 secs] [Times: user=0.00 sys=0.00, real=0.01 secs] 
22.248: [GC (Allocation Failure) 22.248: [ParNew: 0K->0K(3072K), 0.0002428 secs]22.248: [CMS: 4993K->897K(6848K), 0.0018344 secs] 4993K->897K(9920K), [Metaspace: 3664K->3664K(1056768K)], 0.0021388 secs] [Times: user=0.00 sys=0.00, real=0.00 secs] 
22.250: [GC (CMS Initial Mark) [1 CMS-initial-mark: 4993K(6848K)] 4993K(9920K), 0.0001485 secs] [Times: user=0.00 sys=0.00, real=0.00 secs] 
22.250: [CMS-concurrent-mark-start]
22.250: [GC (Allocation Failure) 22.250: [ParNew: 0K->0K(3072K), 0.0002273 secs]22.251: [CMS22.260: [CMS-concurrent-mark: 0.001/0.010 secs] [Times: user=0.00 sys=0.00, real=0.01 secs] 
 (concurrent mode failure): 4993K->897K(6848K), 0.0118530 secs] 4993K->897K(9920K), [Metaspace: 3664K->3664K(1056768K)], 0.0121566 secs] [Times: user=0.00 sys=0.00, real=0.01 secs] 
22.263: [GC (Allocation Failure) 22.263: [ParNew: 0K->0K(3072K), 0.0003418 secs]22.263: [CMS: 4993K->897K(6848K), 0.0018841 secs] 4993K->897K(9920K), [Metaspace: 3664K->3664K(1056768K)], 0.0022938 secs] [Times: user=0.00 sys=0.00, real=0.00 secs] 
22.265: [GC (CMS Initial Mark) [1 CMS-initial-mark: 4993K(6848K)] 4993K(9920K), 0.0001022 secs] [Times: user=0.00 sys=0.00, real=0.00 secs] 
22.266: [CMS-concurrent-mark-start]
22.266: [GC (Allocation Failure) 22.266: [ParNew: 0K->0K(3072K), 0.0002293 secs]22.266: [CMS22.275: [CMS-concurrent-mark: 0.002/0.010 secs] [Times: user=0.00 sys=0.00, real=0.01 secs] 
 (concurrent mode failure): 4993K->897K(6848K), 0.0116927 secs] 4993K->897K(9920K), [Metaspace: 3664K->3664K(1056768K)], 0.0119918 secs] [Times: user=0.00 sys=0.00, real=0.01 secs] 
22.278: [GC (Allocation Failure) 22.278: [ParNew: 0K->0K(3072K), 0.0002096 secs]22.278: [CMS: 4993K->897K(6848K), 0.0018303 secs] 4993K->897K(9920K), [Metaspace: 3664K->3664K(1056768K)], 0.0021039 secs] [Times: user=0.00 sys=0.00, real=0.00 secs] 
22.280: [GC (CMS Initial Mark) [1 CMS-initial-mark: 4993K(6848K)] 4993K(9920K), 0.0000763 secs] [Times: user=0.00 sys=0.00, real=0.00 secs] 
22.281: [CMS-concurrent-mark-start]
22.281: [GC (Allocation Failure) 22.281: [ParNew: 0K->0K(3072K), 0.0002235 secs]22.281: [CMS22.291: [CMS-concurrent-mark: 0.002/0.010 secs] [Times: user=0.00 sys=0.00, real=0.01 secs] 
 (concurrent mode failure): 4993K->897K(6848K), 0.0119172 secs] 4993K->897K(9920K), [Metaspace: 3664K->3664K(1056768K)], 0.0122273 secs] [Times: user=0.00 sys=0.00, real=0.01 secs] 
22.293: [GC (Allocation Failure) 22.293: [ParNew: 0K->0K(3072K), 0.0002406 secs]22.293: [CMS: 4993K->897K(6848K), 0.0020014 secs] 4993K->897K(9920K), [Metaspace: 3664K->3664K(1056768K)], 0.0023081 secs] [Times: user=0.00 sys=0.00, real=0.00 secs] 
22.296: [GC (CMS Initial Mark) [1 CMS-initial-mark: 4993K(6848K)] 4993K(9920K), 0.0001004 secs] [Times: user=0.00 sys=0.00, real=0.00 secs] 
22.296: [CMS-concurrent-mark-start]
22.296: [GC (Allocation Failure) 22.296: [ParNew: 0K->0K(3072K), 0.0002145 secs]22.296: [CMS22.306: [CMS-concurrent-mark: 0.002/0.010 secs] [Times: user=0.00 sys=0.00, real=0.01 secs] 
 (concurrent mode failure): 4993K->897K(6848K), 0.0122324 secs] 4993K->897K(9920K), [Metaspace: 3664K->3664K(1056768K)], 0.0125207 secs] [Times: user=0.00 sys=0.00, real=0.01 secs] 
22.309: [GC (Allocation Failure) 22.309: [ParNew: 0K->0K(3072K), 0.0002405 secs]22.309: [CMS: 4993K->897K(6848K), 0.0018384 secs] 4993K->897K(9920K), [Metaspace: 3664K->3664K(1056768K)], 0.0021411 secs] [Times: user=0.00 sys=0.00, real=0.00 secs] 
22.311: [GC (CMS Initial Mark) [1 CMS-initial-mark: 4993K(6848K)] 4993K(9920K), 0.0001178 secs] [Times: user=0.00 sys=0.00, real=0.00 secs] 
22.312: [CMS-concurrent-mark-start]
22.312: [GC (Allocation Failure) 22.312: [ParNew: 0K->0K(3072K), 0.0002672 secs]22.312: [CMS22.322: [CMS-concurrent-mark: 0.001/0.011 secs] [Times: user=0.00 sys=0.00, real=0.01 secs] 
 (concurrent mode failure): 4993K->897K(6848K), 0.0122674 secs] 4993K->897K(9920K), [Metaspace: 3664K->3664K(1056768K)], 0.0125982 secs] [Times: user=0.00 sys=0.00, real=0.01 secs] 
22.325: [GC (Allocation Failure) 22.325: [ParNew: 0K->0K(3072K), 0.0002161 secs]22.325: [CMS: 4993K->897K(6848K), 0.0018133 secs] 4993K->897K(9920K), [Metaspace: 3664K->3664K(1056768K)], 0.0021051 secs] [Times: user=0.00 sys=0.00, real=0.00 secs] 
22.327: [GC (CMS Initial Mark) [1 CMS-initial-mark: 4993K(6848K)] 4993K(9920K), 0.0002425 secs] [Times: user=0.00 sys=0.00, real=0.00 secs] 
22.327: [CMS-concurrent-mark-start]
22.327: [GC (Allocation Failure) 22.327: [ParNew: 0K->0K(3072K), 0.0002012 secs]22.328: [CMS22.338: [CMS-concurrent-mark: 0.001/0.010 secs] [Times: user=0.00 sys=0.00, real=0.01 secs] 
 (concurrent mode failure): 4993K->897K(6848K), 0.0122744 secs] 4993K->897K(9920K), [Metaspace: 3664K->3664K(1056768K)], 0.0125447 secs] [Times: user=0.00 sys=0.00, real=0.01 secs] 
22.340: [GC (Allocation Failure) 22.340: [ParNew: 0K->0K(3072K), 0.0002391 secs]22.340: [CMS: 4993K->897K(6848K), 0.0017838 secs] 4993K->897K(9920K), [Metaspace: 3664K->3664K(1056768K)], 0.0020835 secs] [Times: user=0.00 sys=0.00, real=0.00 secs] 
22.343: [GC (CMS Initial Mark) [1 CMS-initial-mark: 4993K(6848K)] 4993K(9920K), 0.0000839 secs] [Times: user=0.00 sys=0.00, real=0.00 secs] 
22.343: [CMS-concurrent-mark-start]
22.343: [GC (Allocation Failure) 22.343: [ParNew: 0K->0K(3072K), 0.0002508 secs]22.343: [CMS22.353: [CMS-concurrent-mark: 0.002/0.010 secs] [Times: user=0.00 sys=0.00, real=0.01 secs] 
 (concurrent mode failure): 4993K->897K(6848K), 0.0126480 secs] 4993K->897K(9920K), [Metaspace: 3664K->3664K(1056768K)], 0.0129733 secs] [Times: user=0.00 sys=0.00, real=0.01 secs] 
22.356: [GC (Allocation Failure) 22.356: [ParNew: 0K->0K(3072K), 0.0002120 secs]22.356: [CMS: 4993K->897K(6848K), 0.0017639 secs] 4993K->897K(9920K), [Metaspace: 3664K->3664K(1056768K)], 0.0020361 secs] [Times: user=0.00 sys=0.00, real=0.00 secs] 
22.358: [GC (CMS Initial Mark) [1 CMS-initial-mark: 4993K(6848K)] 4993K(9920K), 0.0001091 secs] [Times: user=0.00 sys=0.00, real=0.00 secs] 
22.359: [CMS-concurrent-mark-start]
22.359: [GC (Allocation Failure) 22.359: [ParNew: 0K->0K(3072K), 0.0002128 secs]22.359: [CMS22.369: [CMS-concurrent-mark: 0.002/0.010 secs] [Times: user=0.00 sys=0.00, real=0.01 secs] 
 (concurrent mode failure): 4993K->897K(6848K), 0.0137868 secs] 4993K->897K(9920K), [Metaspace: 3664K->3664K(1056768K)], 0.0140833 secs] [Times: user=0.00 sys=0.00, real=0.01 secs] 
22.373: [GC (Allocation Failure) 22.373: [ParNew: 0K->0K(3072K), 0.0002213 secs]22.373: [CMS: 4993K->897K(6848K), 0.0021897 secs] 4993K->897K(9920K), [Metaspace: 3664K->3664K(1056768K)], 0.0024903 secs] [Times: user=0.00 sys=0.00, real=0.00 secs] 
22.376: [GC (CMS Initial Mark) [1 CMS-initial-mark: 4993K(6848K)] 4993K(9920K), 0.0002182 secs] [Times: user=0.00 sys=0.00, real=0.00 secs] 
22.376: [CMS-concurrent-mark-start]
22.376: [GC (Allocation Failure) 22.376: [ParNew: 0K->0K(3072K), 0.0003578 secs]22.377: [CMS22.383: [CMS-concurrent-mark: 0.001/0.007 secs] [Times: user=0.00 sys=0.00, real=0.01 secs] 
 (concurrent mode failure): 4993K->897K(6848K), 0.0092831 secs] 4993K->897K(9920K), [Metaspace: 3664K->3664K(1056768K)], 0.0097423 secs] [Times: user=0.00 sys=0.00, real=0.01 secs] 
22.386: [GC (Allocation Failure) 22.386: [ParNew: 0K->0K(3072K), 0.0003403 secs]22.387: [CMS: 4993K->897K(6848K), 0.0026570 secs] 4993K->897K(9920K), [Metaspace: 3664K->3664K(1056768K)], 0.0030929 secs] [Times: user=0.00 sys=0.00, real=0.00 secs] 
22.390: [GC (CMS Initial Mark) [1 CMS-initial-mark: 4993K(6848K)] 4993K(9920K), 0.0001728 secs] [Times: user=0.00 sys=0.00, real=0.00 secs] 
22.390: [CMS-concurrent-mark-start]
22.390: [GC (Allocation Failure) 22.390: [ParNew: 0K->0K(3072K), 0.0002878 secs]22.390: [CMS22.398: [CMS-concurrent-mark: 0.001/0.008 secs] [Times: user=0.00 sys=0.00, real=0.01 secs] 
 (concurrent mode failure): 4993K->897K(6848K), 0.0106061 secs] 4993K->897K(9920K), [Metaspace: 3664K->3664K(1056768K)], 0.0109840 secs] [Times: user=0.00 sys=0.00, real=0.01 secs] 
22.402: [GC (Allocation Failure) 22.402: [ParNew: 0K->0K(3072K), 0.0004802 secs]22.402: [CMS: 4993K->897K(6848K), 0.0027297 secs] 4993K->897K(9920K), [Metaspace: 3664K->3664K(1056768K)], 0.0033165 secs] [Times: user=0.00 sys=0.00, real=0.00 secs] 
22.405: [GC (CMS Initial Mark) [1 CMS-initial-mark: 4993K(6848K)] 4993K(9920K), 0.0001390 secs] [Times: user=0.00 sys=0.00, real=0.00 secs] 
22.405: [CMS-concurrent-mark-start]
22.405: [GC (Allocation Failure) 22.405: [ParNew: 0K->0K(3072K), 0.0002492 secs]22.406: [CMS22.414: [CMS-concurrent-mark: 0.001/0.008 secs] [Times: user=0.00 sys=0.00, real=0.01 secs] 
 (concurrent mode failure): 4993K->897K(6848K), 0.0101427 secs] 4993K->897K(9920K), [Metaspace: 3664K->3664K(1056768K)], 0.0104588 secs] [Times: user=0.00 sys=0.00, real=0.01 secs] 
22.416: [GC (Allocation Failure) 22.416: [ParNew: 0K->0K(3072K), 0.0003048 secs]22.417: [CMS: 4993K->897K(6848K), 0.0029384 secs] 4993K->897K(9920K), [Metaspace: 3664K->3664K(1056768K)], 0.0033222 secs] [Times: user=0.00 sys=0.00, real=0.00 secs] 
22.420: [GC (CMS Initial Mark) [1 CMS-initial-mark: 4993K(6848K)] 4993K(9920K), 0.0001198 secs] [Times: user=0.00 sys=0.00, real=0.00 secs] 
22.420: [CMS-concurrent-mark-start]
22.420: [GC (Allocation Failure) 22.420: [ParNew: 0K->0K(3072K), 0.0002621 secs]22.421: [CMS22.430: [CMS-concurrent-mark: 0.002/0.009 secs] [Times: user=0.00 sys=0.00, real=0.01 secs] 
 (concurrent mode failure): 4993K->897K(6848K), 0.0111531 secs] 4993K->897K(9920K), [Metaspace: 3664K->3664K(1056768K)], 0.0114862 secs] [Times: user=0.00 sys=0.00, real=0.01 secs] 
22.432: [GC (Allocation Failure) 22.432: [ParNew: 0K->0K(3072K), 0.0003038 secs]22.433: [CMS: 4993K->897K(6848K), 0.0028921 secs] 4993K->897K(9920K), [Metaspace: 3664K->3664K(1056768K)], 0.0032633 secs] [Times: user=0.00 sys=0.00, real=0.00 secs] 
22.436: [GC (CMS Initial Mark) [1 CMS-initial-mark: 4993K(6848K)] 4993K(9920K), 0.0002078 secs] [Times: user=0.00 sys=0.00, real=0.00 secs] 
22.436: [CMS-concurrent-mark-start]
22.436: [GC (Allocation Failure) 22.436: [ParNew: 0K->0K(3072K), 0.0002609 secs]22.437: [CMS22.445: [CMS-concurrent-mark: 0.002/0.009 secs] [Times: user=0.00 sys=0.00, real=0.01 secs] 
 (concurrent mode failure): 4993K->897K(6848K), 0.0118700 secs] 4993K->897K(9920K), [Metaspace: 3664K->3664K(1056768K)], 0.0122430 secs] [Times: user=0.00 sys=0.00, real=0.01 secs] 
22.449: [GC (Allocation Failure) 22.449: [ParNew: 0K->0K(3072K), 0.0002779 secs]22.449: [CMS: 4993K->897K(6848K), 0.0042562 secs] 4993K->897K(9920K), [Metaspace: 3664K->3664K(1056768K)], 0.0046509 secs] [Times: user=0.00 sys=0.00, real=0.01 secs] 
22.457: [GC (CMS Initial Mark) [1 CMS-initial-mark: 4993K(6848K)] 4993K(9920K), 0.0001546 secs] [Times: user=0.00 sys=0.00, real=0.00 secs] 
22.457: [CMS-concurrent-mark-start]
22.457: [GC (Allocation Failure) 22.457: [ParNew: 0K->0K(3072K), 0.0003064 secs]22.458: [CMS22.460: [CMS-concurrent-mark: 0.001/0.003 secs] [Times: user=0.00 sys=0.00, real=0.00 secs] 
 (concurrent mode failure): 4993K->897K(6848K), 0.0063604 secs] 4993K->897K(9920K), [Metaspace: 3664K->3664K(1056768K)], 0.0067572 secs] [Times: user=0.00 sys=0.00, real=0.01 secs] 
22.465: [GC (Allocation Failure) 22.465: [ParNew: 0K->0K(3072K), 0.0002731 secs]22.465: [CMS: 4993K->897K(6848K), 0.0045048 secs] 4993K->897K(9920K), [Metaspace: 3664K->3664K(1056768K)], 0.0048902 secs] [Times: user=0.00 sys=0.00, real=0.00 secs] 
22.470: [GC (CMS Initial Mark) [1 CMS-initial-mark: 4993K(6848K)] 4993K(9920K), 0.0001554 secs] [Times: user=0.00 sys=0.00, real=0.00 secs] 
22.470: [CMS-concurrent-mark-start]
22.470: [GC (Allocation Failure) 22.471: [ParNew: 0K->0K(3072K), 0.0002536 secs]22.471: [CMS22.476: [CMS-concurrent-mark: 0.002/0.005 secs] [Times: user=0.00 sys=0.00, real=0.01 secs] 
 (concurrent mode failure): 4993K->897K(6848K), 0.0079402 secs] 4993K->897K(9920K), [Metaspace: 3664K->3664K(1056768K)], 0.0083501 secs] [Times: user=0.00 sys=0.00, real=0.01 secs] 
22.479: [GC (Allocation Failure) 22.479: [ParNew: 0K->0K(3072K), 0.0002823 secs]22.480: [CMS: 4993K->897K(6848K), 0.0029636 secs] 4993K->897K(9920K), [Metaspace: 3664K->3664K(1056768K)], 0.0033306 secs] [Times: user=0.00 sys=0.00, real=0.00 secs] 
22.483: [GC (CMS Initial Mark) [1 CMS-initial-mark: 4993K(6848K)] 4993K(9920K), 0.0002042 secs] [Times: user=0.00 sys=0.00, real=0.00 secs] 
22.483: [CMS-concurrent-mark-start]
22.483: [GC (Allocation Failure) 22.483: [ParNew: 0K->0K(3072K), 0.0002601 secs]22.484: [CMS22.490: [CMS-concurrent-mark: 0.001/0.007 secs] [Times: user=0.00 sys=0.00, real=0.01 secs] 
 (concurrent mode failure): 4993K->897K(6848K), 0.0096514 secs] 4993K->897K(9920K), [Metaspace: 3664K->3664K(1056768K)], 0.0099913 secs] [Times: user=0.00 sys=0.00, real=0.01 secs] 
22.494: [GC (Allocation Failure) 22.494: [ParNew: 0K->0K(3072K), 0.0002553 secs]22.494: [CMS: 4993K->897K(6848K), 0.0023952 secs] 4993K->897K(9920K), [Metaspace: 3664K->3664K(1056768K)], 0.0027323 secs] [Times: user=0.00 sys=0.00, real=0.00 secs] 
22.497: [GC (CMS Initial Mark) [1 CMS-initial-mark: 4993K(6848K)] 4993K(9920K), 0.0001067 secs] [Times: user=0.00 sys=0.00, real=0.00 secs] 
22.497: [CMS-concurrent-mark-start]
22.497: [GC (Allocation Failure) 22.497: [ParNew: 0K->0K(3072K), 0.0001815 secs]22.497: [CMS22.506: [CMS-concurrent-mark: 0.001/0.009 secs] [Times: user=0.00 sys=0.00, real=0.01 secs] 
 (concurrent mode failure): 4993K->897K(6848K), 0.0112842 secs] 4993K->897K(9920K), [Metaspace: 3664K->3664K(1056768K)], 0.0115346 secs] [Times: user=0.00 sys=0.00, real=0.01 secs] 
22.509: [GC (Allocation Failure) 22.509: [ParNew: 0K->0K(3072K), 0.0002352 secs]22.509: [CMS: 4993K->897K(6848K), 0.0021692 secs] 4993K->897K(9920K), [Metaspace: 3664K->3664K(1056768K)], 0.0024714 secs] [Times: user=0.00 sys=0.00, real=0.00 secs] 
22.512: [GC (CMS Initial Mark) [1 CMS-initial-mark: 4993K(6848K)] 4993K(9920K), 0.0002034 secs] [Times: user=0.00 sys=0.00, real=0.00 secs] 
22.512: [CMS-concurrent-mark-start]
22.512: [GC (Allocation Failure) 22.512: [ParNew: 0K->0K(3072K), 0.0002905 secs]22.512: [CMS22.521: [CMS-concurrent-mark: 0.001/0.009 secs] [Times: user=0.03 sys=0.00, real=0.01 secs] 
 (concurrent mode failure): 4993K->897K(6848K), 0.0110157 secs] 4993K->897K(9920K), [Metaspace: 3664K->3664K(1056768K)], 0.0113822 secs] [Times: user=0.03 sys=0.00, real=0.01 secs] 
22.524: [GC (Allocation Failure) 22.524: [ParNew: 0K->0K(3072K), 0.0002478 secs]22.524: [CMS: 4993K->897K(6848K), 0.0018409 secs] 4993K->897K(9920K), [Metaspace: 3664K->3664K(1056768K)], 0.0021526 secs] [Times: user=0.00 sys=0.00, real=0.00 secs] 
22.526: [GC (CMS Initial Mark) [1 CMS-initial-mark: 4993K(6848K)] 4993K(9920K), 0.0001330 secs] [Times: user=0.00 sys=0.00, real=0.00 secs] 
22.526: [CMS-concurrent-mark-start]
22.527: [GC (Allocation Failure) 22.527: [ParNew: 0K->0K(3072K), 0.0002264 secs]22.527: [CMS22.538: [CMS-concurrent-mark: 0.002/0.011 secs] [Times: user=0.00 sys=0.00, real=0.01 secs] 
 (concurrent mode failure): 4993K->897K(6848K), 0.0133510 secs] 4993K->897K(9920K), [Metaspace: 3664K->3664K(1056768K)], 0.0136463 secs] [Times: user=0.00 sys=0.00, real=0.01 secs] 
22.541: [GC (Allocation Failure) 22.541: [ParNew: 0K->0K(3072K), 0.0003105 secs]22.541: [CMS: 4993K->897K(6848K), 0.0030677 secs] 4993K->897K(9920K), [Metaspace: 3664K->3664K(1056768K)], 0.0034653 secs] [Times: user=0.00 sys=0.00, real=0.00 secs] 
22.544: [GC (CMS Initial Mark) [1 CMS-initial-mark: 4993K(6848K)] 4993K(9920K), 0.0000929 secs] [Times: user=0.00 sys=0.00, real=0.00 secs] 
22.544: [CMS-concurrent-mark-start]
22.545: [GC (Allocation Failure) 22.545: [ParNew: 0K->0K(3072K), 0.0002406 secs]22.545: [CMS22.553: [CMS-concurrent-mark: 0.001/0.009 secs] [Times: user=0.00 sys=0.00, real=0.01 secs] 
 (concurrent mode failure): 4993K->897K(6848K), 0.0103994 secs] 4993K->897K(9920K), [Metaspace: 3664K->3664K(1056768K)], 0.0107061 secs] [Times: user=0.00 sys=0.00, real=0.01 secs] 
22.556: [GC (Allocation Failure) 22.556: [ParNew: 0K->0K(3072K), 0.0001939 secs]22.556: [CMS: 4993K->897K(6848K), 0.0018729 secs] 4993K->897K(9920K), [Metaspace: 3664K->3664K(1056768K)], 0.0021300 secs] [Times: user=0.00 sys=0.00, real=0.00 secs] 
22.558: [GC (CMS Initial Mark) [1 CMS-initial-mark: 4993K(6848K)] 4993K(9920K), 0.0001201 secs] [Times: user=0.00 sys=0.00, real=0.00 secs] 
22.558: [CMS-concurrent-mark-start]
22.558: [GC (Allocation Failure) 22.558: [ParNew: 0K->0K(3072K), 0.0001943 secs]22.558: [CMS22.569: [CMS-concurrent-mark: 0.001/0.011 secs] [Times: user=0.00 sys=0.00, real=0.01 secs] 
 (concurrent mode failure): 4993K->897K(6848K), 0.0124558 secs] 4993K->897K(9920K), [Metaspace: 3664K->3664K(1056768K)], 0.0127136 secs] [Times: user=0.00 sys=0.00, real=0.01 secs] 
22.571: [GC (Allocation Failure) 22.571: [ParNew: 0K->0K(3072K), 0.0002546 secs]22.572: [CMS: 4993K->897K(6848K), 0.0017983 secs] 4993K->897K(9920K), [Metaspace: 3664K->3664K(1056768K)], 0.0021191 secs] [Times: user=0.00 sys=0.00, real=0.00 secs] 
22.574: [GC (CMS Initial Mark) [1 CMS-initial-mark: 4993K(6848K)] 4993K(9920K), 0.0001158 secs] [Times: user=0.00 sys=0.00, real=0.00 secs] 
22.574: [CMS-concurrent-mark-start]
22.574: [GC (Allocation Failure) 22.574: [ParNew: 0K->0K(3072K), 0.0002148 secs]22.574: [CMS22.585: [CMS-concurrent-mark: 0.002/0.011 secs] [Times: user=0.00 sys=0.00, real=0.01 secs] 
 (concurrent mode failure): 4993K->897K(6848K), 0.0137087 secs] 4993K->897K(9920K), [Metaspace: 3664K->3664K(1056768K)], 0.0139969 secs] [Times: user=0.00 sys=0.00, real=0.01 secs] 
22.588: [GC (Allocation Failure) 22.588: [ParNew: 0K->0K(3072K), 0.0002624 secs]22.589: [CMS: 4993K->897K(6848K), 0.0019976 secs] 4993K->897K(9920K), [Metaspace: 3664K->3664K(1056768K)], 0.0023288 secs] [Times: user=0.00 sys=0.00, real=0.00 secs] 
22.591: [GC (CMS Initial Mark) [1 CMS-initial-mark: 4993K(6848K)] 4993K(9920K), 0.0001230 secs] [Times: user=0.00 sys=0.00, real=0.00 secs] 
22.591: [CMS-concurrent-mark-start]
22.591: [GC (Allocation Failure) 22.591: [ParNew: 0K->0K(3072K), 0.0002343 secs]22.592: [CMS22.601: [CMS-concurrent-mark: 0.002/0.009 secs] [Times: user=0.00 sys=0.00, real=0.01 secs] 
 (concurrent mode failure): 4993K->897K(6848K), 0.0123295 secs] 4993K->897K(9920K), [Metaspace: 3664K->3664K(1056768K)], 0.0126417 secs] [Times: user=0.00 sys=0.00, real=0.01 secs] 
22.604: [GC (Allocation Failure) 22.604: [ParNew: 0K->0K(3072K), 0.0002821 secs]22.605: [CMS: 4993K->897K(6848K), 0.0019440 secs] 4993K->897K(9920K), [Metaspace: 3664K->3664K(1056768K)], 0.0022976 secs] [Times: user=0.00 sys=0.00, real=0.00 secs] 
22.607: [GC (CMS Initial Mark) [1 CMS-initial-mark: 4993K(6848K)] 4993K(9920K), 0.0001191 secs] [Times: user=0.00 sys=0.00, real=0.00 secs] 
22.607: [CMS-concurrent-mark-start]
22.607: [GC (Allocation Failure) 22.607: [ParNew: 0K->0K(3072K), 0.0002025 secs]22.608: [CMS22.616: [CMS-concurrent-mark: 0.002/0.009 secs] [Times: user=0.00 sys=0.00, real=0.01 secs] 
 (concurrent mode failure): 4993K->897K(6848K), 0.0118086 secs] 4993K->897K(9920K), [Metaspace: 3664K->3664K(1056768K)], 0.0120885 secs] [Times: user=0.00 sys=0.00, real=0.01 secs] 
22.620: [GC (Allocation Failure) 22.620: [ParNew: 0K->0K(3072K), 0.0002554 secs]22.620: [CMS: 4993K->897K(6848K), 0.0019214 secs] 4993K->897K(9920K), [Metaspace: 3664K->3664K(1056768K)], 0.0022374 secs] [Times: user=0.00 sys=0.00, real=0.00 secs] 
22.622: [GC (CMS Initial Mark) [1 CMS-initial-mark: 4993K(6848K)] 4993K(9920K), 0.0001119 secs] [Times: user=0.00 sys=0.00, real=0.00 secs] 
22.623: [CMS-concurrent-mark-start]
22.623: [GC (Allocation Failure) 22.623: [ParNew: 0K->0K(3072K), 0.0003029 secs]22.623: [CMS22.632: [CMS-concurrent-mark: 0.002/0.009 secs] [Times: user=0.00 sys=0.00, real=0.01 secs] 
 (concurrent mode failure): 4993K->897K(6848K), 0.0114363 secs] 4993K->897K(9920K), [Metaspace: 3664K->3664K(1056768K)], 0.0118886 secs] [Times: user=0.00 sys=0.00, real=0.01 secs] 
22.635: [GC (Allocation Failure) 22.635: [ParNew: 0K->0K(3072K), 0.0002516 secs]22.635: [CMS: 4993K->897K(6848K), 0.0020651 secs] 4993K->897K(9920K), [Metaspace: 3664K->3664K(1056768K)], 0.0023887 secs] [Times: user=0.00 sys=0.00, real=0.00 secs] 
22.638: [GC (CMS Initial Mark) [1 CMS-initial-mark: 4993K(6848K)] 4993K(9920K), 0.0000838 secs] [Times: user=0.00 sys=0.00, real=0.00 secs] 
22.638: [CMS-concurrent-mark-start]
22.638: [GC (Allocation Failure) 22.638: [ParNew: 0K->0K(3072K), 0.0001902 secs]22.638: [CMS22.647: [CMS-concurrent-mark: 0.002/0.010 secs] [Times: user=0.00 sys=0.00, real=0.01 secs] 
 (concurrent mode failure): 4993K->897K(6848K), 0.0119291 secs] 4993K->897K(9920K), [Metaspace: 3664K->3664K(1056768K)], 0.0122104 secs] [Times: user=0.00 sys=0.00, real=0.01 secs] 
22.651: [GC (Allocation Failure) 22.651: [ParNew: 0K->0K(3072K), 0.0003453 secs]22.651: [CMS: 4993K->897K(6848K), 0.0038525 secs] 4993K->897K(9920K), [Metaspace: 3664K->3664K(1056768K)], 0.0042979 secs] [Times: user=0.00 sys=0.00, real=0.00 secs] 
22.655: [GC (CMS Initial Mark) [1 CMS-initial-mark: 4993K(6848K)] 4993K(9920K), 0.0001898 secs] [Times: user=0.00 sys=0.00, real=0.00 secs] 
22.655: [CMS-concurrent-mark-start]
22.655: [GC (Allocation Failure) 22.656: [ParNew: 0K->0K(3072K), 0.0004056 secs]22.656: [CMS22.663: [CMS-concurrent-mark: 0.002/0.008 secs] [Times: user=0.00 sys=0.00, real=0.01 secs] 
 (concurrent mode failure): 4993K->897K(6848K), 0.0097459 secs] 4993K->897K(9920K), [Metaspace: 3664K->3664K(1056768K)], 0.0102313 secs] [Times: user=0.00 sys=0.00, real=0.01 secs] 
22.666: [GC (Allocation Failure) 22.666: [ParNew: 0K->0K(3072K), 0.0003643 secs]22.667: [CMS: 4993K->897K(6848K), 0.0035031 secs] 4993K->897K(9920K), [Metaspace: 3664K->3664K(1056768K)], 0.0039741 secs] [Times: user=0.00 sys=0.00, real=0.00 secs] 
22.671: [GC (CMS Initial Mark) [1 CMS-initial-mark: 4993K(6848K)] 4993K(9920K), 0.0001871 secs] [Times: user=0.00 sys=0.00, real=0.00 secs] 
22.671: [CMS-concurrent-mark-start]
22.671: [GC (Allocation Failure) 22.671: [ParNew: 0K->0K(3072K), 0.0002374 secs]22.671: [CMS22.678: [CMS-concurrent-mark: 0.002/0.007 secs] [Times: user=0.00 sys=0.00, real=0.01 secs] 
 (concurrent mode failure): 4993K->897K(6848K), 0.0094133 secs] 4993K->897K(9920K), [Metaspace: 3664K->3664K(1056768K)], 0.0097363 secs] [Times: user=0.00 sys=0.00, real=0.01 secs] 
22.681: [GC (Allocation Failure) 22.681: [ParNew: 0K->0K(3072K), 0.0002614 secs]22.681: [CMS: 4993K->897K(6848K), 0.0030131 secs] 4993K->897K(9920K), [Metaspace: 3664K->3664K(1056768K)], 0.0033823 secs] [Times: user=0.00 sys=0.00, real=0.00 secs] 
22.685: [GC (CMS Initial Mark) [1 CMS-initial-mark: 4993K(6848K)] 4993K(9920K), 0.0001524 secs] [Times: user=0.00 sys=0.00, real=0.00 secs] 
22.685: [CMS-concurrent-mark-start]
22.685: [GC (Allocation Failure) 22.685: [ParNew: 0K->0K(3072K), 0.0005173 secs]22.686: [CMS22.694: [CMS-concurrent-mark: 0.002/0.009 secs] [Times: user=0.00 sys=0.00, real=0.01 secs] 
 (concurrent mode failure): 4993K->897K(6848K), 0.0106013 secs] 4993K->897K(9920K), [Metaspace: 3664K->3664K(1056768K)], 0.0112104 secs] [Times: user=0.00 sys=0.00, real=0.01 secs] 
22.697: [GC (Allocation Failure) 22.697: [ParNew: 0K->0K(3072K), 0.0003595 secs]22.697: [CMS: 4993K->897K(6848K), 0.0022134 secs] 4993K->897K(9920K), [Metaspace: 3664K->3664K(1056768K)], 0.0026535 secs] [Times: user=0.00 sys=0.00, real=0.00 secs] 
22.700: [GC (CMS Initial Mark) [1 CMS-initial-mark: 4993K(6848K)] 4993K(9920K), 0.0001373 secs] [Times: user=0.00 sys=0.00, real=0.00 secs] 
22.700: [CMS-concurrent-mark-start]
22.700: [GC (Allocation Failure) 22.700: [ParNew: 0K->0K(3072K), 0.0002918 secs]22.701: [CMS22.709: [CMS-concurrent-mark: 0.002/0.009 secs] [Times: user=0.00 sys=0.00, real=0.01 secs] 
 (concurrent mode failure): 4993K->897K(6848K), 0.0108508 secs] 4993K->897K(9920K), [Metaspace: 3664K->3664K(1056768K)], 0.0112324 secs] [Times: user=0.00 sys=0.00, real=0.01 secs] 
22.712: [GC (Allocation Failure) 22.712: [ParNew: 0K->0K(3072K), 0.0002505 secs]22.712: [CMS: 4993K->897K(6848K), 0.0020414 secs] 4993K->897K(9920K), [Metaspace: 3664K->3664K(1056768K)], 0.0023650 secs] [Times: user=0.00 sys=0.00, real=0.00 secs] 
22.715: [GC (CMS Initial Mark) [1 CMS-initial-mark: 4993K(6848K)] 4993K(9920K), 0.0000892 secs] [Times: user=0.00 sys=0.00, real=0.00 secs] 
22.715: [CMS-concurrent-mark-start]
22.715: [GC (Allocation Failure) 22.715: [ParNew: 0K->0K(3072K), 0.0002231 secs]22.715: [CMS22.724: [CMS-concurrent-mark: 0.001/0.010 secs] [Times: user=0.03 sys=0.00, real=0.01 secs] 
 (concurrent mode failure): 4993K->897K(6848K), 0.0115304 secs] 4993K->897K(9920K), [Metaspace: 3664K->3664K(1056768K)], 0.0118260 secs] [Times: user=0.03 sys=0.00, real=0.01 secs] 
22.727: [GC (Allocation Failure) 22.727: [ParNew: 0K->0K(3072K), 0.0002533 secs]22.727: [CMS: 4993K->897K(6848K), 0.0019022 secs] 4993K->897K(9920K), [Metaspace: 3664K->3664K(1056768K)], 0.0022236 secs] [Times: user=0.00 sys=0.00, real=0.00 secs] 
22.730: [GC (CMS Initial Mark) [1 CMS-initial-mark: 4993K(6848K)] 4993K(9920K), 0.0001771 secs] [Times: user=0.00 sys=0.00, real=0.00 secs] 
22.730: [CMS-concurrent-mark-start]
22.730: [GC (Allocation Failure) 22.730: [ParNew: 0K->0K(3072K), 0.0002646 secs]22.730: [CMS22.741: [CMS-concurrent-mark: 0.002/0.011 secs] [Times: user=0.00 sys=0.00, real=0.01 secs] 
 (concurrent mode failure): 4993K->897K(6848K), 0.0127579 secs] 4993K->897K(9920K), [Metaspace: 3664K->3664K(1056768K)], 0.0130958 secs] [Times: user=0.00 sys=0.00, real=0.01 secs] 
22.743: [GC (Allocation Failure) 22.743: [ParNew: 0K->0K(3072K), 0.0002104 secs]22.744: [CMS: 4993K->897K(6848K), 0.0017916 secs] 4993K->897K(9920K), [Metaspace: 3664K->3664K(1056768K)], 0.0020560 secs] [Times: user=0.00 sys=0.00, real=0.00 secs] 
22.746: [GC (CMS Initial Mark) [1 CMS-initial-mark: 4993K(6848K)] 4993K(9920K), 0.0001459 secs] [Times: user=0.00 sys=0.00, real=0.00 secs] 
22.746: [CMS-concurrent-mark-start]
22.746: [GC (Allocation Failure) 22.746: [ParNew: 0K->0K(3072K), 0.0001943 secs]22.746: [CMS22.756: [CMS-concurrent-mark: 0.002/0.010 secs] [Times: user=0.03 sys=0.00, real=0.01 secs] 
 (concurrent mode failure): 4993K->897K(6848K), 0.0118212 secs] 4993K->897K(9920K), [Metaspace: 3664K->3664K(1056768K)], 0.0120898 secs] [Times: user=0.03 sys=0.00, real=0.01 secs] 
22.758: [GC (Allocation Failure) 22.758: [ParNew: 0K->0K(3072K), 0.0002444 secs]22.759: [CMS: 4993K->897K(6848K), 0.0018733 secs] 4993K->897K(9920K), [Metaspace: 3664K->3664K(1056768K)], 0.0021806 secs] [Times: user=0.00 sys=0.00, real=0.00 secs] 
22.761: [GC (CMS Initial Mark) [1 CMS-initial-mark: 4993K(6848K)] 4993K(9920K), 0.0001152 secs] [Times: user=0.00 sys=0.00, real=0.00 secs] 
22.761: [CMS-concurrent-mark-start]
22.761: [GC (Allocation Failure) 22.761: [ParNew: 0K->0K(3072K), 0.0002234 secs]22.762: [CMS22.771: [CMS-concurrent-mark: 0.002/0.010 secs] [Times: user=0.00 sys=0.00, real=0.01 secs] 
 (concurrent mode failure): 4993K->897K(6848K), 0.0120626 secs] 4993K->897K(9920K), [Metaspace: 3664K->3664K(1056768K)], 0.0123552 secs] [Times: user=0.02 sys=0.00, real=0.01 secs] 
22.774: [GC (Allocation Failure) 22.774: [ParNew: 0K->0K(3072K), 0.0002377 secs]22.774: [CMS: 4993K->897K(6848K), 0.0027665 secs] 4993K->897K(9920K), [Metaspace: 3664K->3664K(1056768K)], 0.0030899 secs] [Times: user=0.00 sys=0.00, real=0.00 secs] 
22.777: [GC (CMS Initial Mark) [1 CMS-initial-mark: 4993K(6848K)] 4993K(9920K), 0.0001191 secs] [Times: user=0.00 sys=0.00, real=0.00 secs] 
22.778: [CMS-concurrent-mark-start]
22.778: [GC (Allocation Failure) 22.778: [ParNew: 0K->0K(3072K), 0.0002232 secs]22.778: [CMS22.785: [CMS-concurrent-mark: 0.002/0.008 secs] [Times: user=0.00 sys=0.00, real=0.01 secs] 
 (concurrent mode failure): 4993K->897K(6848K), 0.0096485 secs] 4993K->897K(9920K), [Metaspace: 3664K->3664K(1056768K)], 0.0099343 secs] [Times: user=0.01 sys=0.00, real=0.01 secs] 
22.788: [GC (Allocation Failure) 22.788: [ParNew: 0K->0K(3072K), 0.0003458 secs]22.788: [CMS: 4993K->897K(6848K), 0.0016677 secs] 4993K->897K(9920K), [Metaspace: 3664K->3664K(1056768K)], 0.0021389 secs] [Times: user=0.00 sys=0.00, real=0.00 secs] 
22.791: [GC (CMS Initial Mark) [1 CMS-initial-mark: 4993K(6848K)] 4993K(9920K), 0.0002461 secs] [Times: user=0.00 sys=0.00, real=0.00 secs] 
22.791: [CMS-concurrent-mark-start]
22.791: [GC (Allocation Failure) 22.791: [ParNew: 0K->0K(3072K), 0.0002399 secs]22.791: [CMS22.801: [CMS-concurrent-mark: 0.002/0.010 secs] [Times: user=0.00 sys=0.00, real=0.01 secs] 
 (concurrent mode failure): 4993K->897K(6848K), 0.0136768 secs] 4993K->897K(9920K), [Metaspace: 3664K->3664K(1056768K)], 0.0139998 secs] [Times: user=0.02 sys=0.00, real=0.01 secs] 
22.805: [GC (Allocation Failure) 22.805: [ParNew: 0K->0K(3072K), 0.0002072 secs]22.806: [CMS: 4993K->897K(6848K), 0.0017605 secs] 4993K->897K(9920K), [Metaspace: 3664K->3664K(1056768K)], 0.0020293 secs] [Times: user=0.00 sys=0.00, real=0.00 secs] 
22.808: [GC (CMS Initial Mark) [1 CMS-initial-mark: 4993K(6848K)] 4993K(9920K), 0.0001735 secs] [Times: user=0.00 sys=0.00, real=0.00 secs] 
22.808: [CMS-concurrent-mark-start]
22.808: [GC (Allocation Failure) 22.808: [ParNew: 0K->0K(3072K), 0.0002268 secs]22.808: [CMS22.816: [CMS-concurrent-mark: 0.002/0.009 secs] [Times: user=0.00 sys=0.00, real=0.01 secs] 
 (concurrent mode failure): 4993K->897K(6848K), 0.0114896 secs] 4993K->897K(9920K), [Metaspace: 3664K->3664K(1056768K)], 0.0117841 secs] [Times: user=0.02 sys=0.00, real=0.01 secs] 
22.820: [GC (Allocation Failure) 22.820: [ParNew: 0K->0K(3072K), 0.0002237 secs]22.820: [CMS: 4993K->897K(6848K), 0.0017042 secs] 4993K->897K(9920K), [Metaspace: 3664K->3664K(1056768K)], 0.0019850 secs] [Times: user=0.00 sys=0.00, real=0.00 secs] 
22.823: [GC (CMS Initial Mark) [1 CMS-initial-mark: 4993K(6848K)] 4993K(9920K), 0.0001308 secs] [Times: user=0.00 sys=0.00, real=0.00 secs] 
22.823: [CMS-concurrent-mark-start]
22.823: [GC (Allocation Failure) 22.823: [ParNew: 0K->0K(3072K), 0.0002083 secs]22.823: [CMS22.832: [CMS-concurrent-mark: 0.002/0.009 secs] [Times: user=0.00 sys=0.00, real=0.01 secs] 
 (concurrent mode failure): 4993K->897K(6848K), 0.0109437 secs] 4993K->897K(9920K), [Metaspace: 3664K->3664K(1056768K)], 0.0112270 secs] [Times: user=0.02 sys=0.00, real=0.01 secs] 
22.834: [GC (Allocation Failure) 22.834: [ParNew: 0K->0K(3072K), 0.0005296 secs]22.835: [CMS: 4993K->897K(6848K), 0.0018741 secs] 4993K->897K(9920K), [Metaspace: 3664K->3664K(1056768K)], 0.0024845 secs] [Times: user=0.00 sys=0.00, real=0.00 secs] 
22.837: [GC (CMS Initial Mark) [1 CMS-initial-mark: 4993K(6848K)] 4993K(9920K), 0.0001172 secs] [Times: user=0.00 sys=0.00, real=0.00 secs] 
22.837: [CMS-concurrent-mark-start]
22.837: [GC (Allocation Failure) 22.837: [ParNew: 0K->0K(3072K), 0.0001986 secs]22.838: [CMS22.848: [CMS-concurrent-mark: 0.002/0.010 secs] [Times: user=0.00 sys=0.00, real=0.01 secs] 
 (concurrent mode failure): 4993K->897K(6848K), 0.0125941 secs] 4993K->897K(9920K), [Metaspace: 3664K->3664K(1056768K)], 0.0128796 secs] [Times: user=0.02 sys=0.00, real=0.01 secs] 
22.851: [GC (Allocation Failure) 22.851: [ParNew: 0K->0K(3072K), 0.0003526 secs]22.851: [CMS: 4993K->897K(6848K), 0.0024385 secs] 4993K->897K(9920K), [Metaspace: 3664K->3664K(1056768K)], 0.0028894 secs] [Times: user=0.00 sys=0.00, real=0.00 secs] 
22.854: [GC (CMS Initial Mark) [1 CMS-initial-mark: 4993K(6848K)] 4993K(9920K), 0.0002727 secs] [Times: user=0.00 sys=0.00, real=0.00 secs] 
22.854: [CMS-concurrent-mark-start]
22.854: [GC (Allocation Failure) 22.854: [ParNew: 0K->0K(3072K), 0.0002970 secs]22.855: [CMS22.863: [CMS-concurrent-mark: 0.001/0.009 secs] [Times: user=0.00 sys=0.00, real=0.01 secs] 
 (concurrent mode failure): 4993K->897K(6848K), 0.0106033 secs] 4993K->897K(9920K), [Metaspace: 3664K->3664K(1056768K)], 0.0109729 secs] [Times: user=0.02 sys=0.00, real=0.01 secs] 
22.866: [GC (Allocation Failure) 22.866: [ParNew: 0K->0K(3072K), 0.0002213 secs]22.866: [CMS: 4993K->897K(6848K), 0.0026832 secs] 4993K->897K(9920K), [Metaspace: 3664K->3664K(1056768K)], 0.0029937 secs] [Times: user=0.00 sys=0.00, real=0.00 secs] 
22.869: [GC (CMS Initial Mark) [1 CMS-initial-mark: 4993K(6848K)] 4993K(9920K), 0.0002604 secs] [Times: user=0.00 sys=0.00, real=0.00 secs] 
22.869: [CMS-concurrent-mark-start]
22.870: [GC (Allocation Failure) 22.870: [ParNew: 0K->0K(3072K), 0.0003150 secs]22.870: [CMS22.878: [CMS-concurrent-mark: 0.001/0.008 secs] [Times: user=0.00 sys=0.00, real=0.01 secs] 
 (concurrent mode failure): 4993K->897K(6848K), 0.0101981 secs] 4993K->897K(9920K), [Metaspace: 3664K->3664K(1056768K)], 0.0105839 secs] [Times: user=0.01 sys=0.00, real=0.01 secs] 
22.880: [GC (Allocation Failure) 22.880: [ParNew: 0K->0K(3072K), 0.0002021 secs]22.881: [CMS: 4993K->897K(6848K), 0.0018541 secs] 4993K->897K(9920K), [Metaspace: 3664K->3664K(1056768K)], 0.0021139 secs] [Times: user=0.00 sys=0.00, real=0.00 secs] 
22.883: [GC (CMS Initial Mark) [1 CMS-initial-mark: 4993K(6848K)] 4993K(9920K), 0.0001450 secs] [Times: user=0.00 sys=0.00, real=0.00 secs] 
22.883: [CMS-concurrent-mark-start]
22.883: [GC (Allocation Failure) 22.883: [ParNew: 0K->0K(3072K), 0.0002376 secs]22.883: [CMS22.893: [CMS-concurrent-mark: 0.001/0.010 secs] [Times: user=0.00 sys=0.00, real=0.01 secs] 
 (concurrent mode failure): 4993K->897K(6848K), 0.0120020 secs] 4993K->897K(9920K), [Metaspace: 3664K->3664K(1056768K)], 0.0123168 secs] [Times: user=0.00 sys=0.00, real=0.01 secs] 
22.896: [GC (Allocation Failure) 22.896: [ParNew: 0K->0K(3072K), 0.0003146 secs]22.896: [CMS: 4993K->897K(6848K), 0.0019309 secs] 4993K->897K(9920K), [Metaspace: 3664K->3664K(1056768K)], 0.0023091 secs] [Times: user=0.00 sys=0.02, real=0.00 secs] 
22.898: [GC (CMS Initial Mark) [1 CMS-initial-mark: 4993K(6848K)] 4993K(9920K), 0.0001114 secs] [Times: user=0.00 sys=0.00, real=0.00 secs] 
22.899: [CMS-concurrent-mark-start]
22.899: [GC (Allocation Failure) 22.899: [ParNew: 0K->0K(3072K), 0.0002285 secs]22.899: [CMS22.909: [CMS-concurrent-mark: 0.002/0.010 secs] [Times: user=0.00 sys=0.00, real=0.01 secs] 
 (concurrent mode failure): 4993K->897K(6848K), 0.0123405 secs] 4993K->897K(9920K), [Metaspace: 3664K->3664K(1056768K)], 0.0126564 secs] [Times: user=0.02 sys=0.00, real=0.01 secs] 
22.912: [GC (Allocation Failure) 22.912: [ParNew: 0K->0K(3072K), 0.0002299 secs]22.912: [CMS: 4993K->897K(6848K), 0.0018955 secs] 4993K->897K(9920K), [Metaspace: 3664K->3664K(1056768K)], 0.0021949 secs] [Times: user=0.00 sys=0.00, real=0.00 secs] 
22.914: [GC (CMS Initial Mark) [1 CMS-initial-mark: 4993K(6848K)] 4993K(9920K), 0.0001236 secs] [Times: user=0.00 sys=0.00, real=0.00 secs] 
22.914: [CMS-concurrent-mark-start]
22.915: [GC (Allocation Failure) 22.915: [ParNew: 0K->0K(3072K), 0.0002160 secs]22.915: [CMS22.924: [CMS-concurrent-mark: 0.002/0.010 secs] [Times: user=0.00 sys=0.00, real=0.01 secs] 
 (concurrent mode failure): 4993K->897K(6848K), 0.0117360 secs] 4993K->897K(9920K), [Metaspace: 3664K->3664K(1056768K)], 0.0120279 secs] [Times: user=0.01 sys=0.00, real=0.01 secs] 
22.927: [GC (Allocation Failure) 22.927: [ParNew: 0K->0K(3072K), 0.0002128 secs]22.927: [CMS: 4993K->897K(6848K), 0.0021144 secs] 4993K->897K(9920K), [Metaspace: 3664K->3664K(1056768K)], 0.0024021 secs] [Times: user=0.00 sys=0.00, real=0.00 secs] 
22.930: [GC (CMS Initial Mark) [1 CMS-initial-mark: 4993K(6848K)] 4993K(9920K), 0.0001183 secs] [Times: user=0.00 sys=0.00, real=0.00 secs] 
22.930: [CMS-concurrent-mark-start]
22.930: [GC (Allocation Failure) 22.930: [ParNew: 0K->0K(3072K), 0.0002216 secs]22.930: [CMS22.939: [CMS-concurrent-mark: 0.002/0.009 secs] [Times: user=0.00 sys=0.00, real=0.01 secs] 
 (concurrent mode failure): 4993K->897K(6848K), 0.0112070 secs] 4993K->897K(9920K), [Metaspace: 3664K->3664K(1056768K)], 0.0115155 secs] [Times: user=0.00 sys=0.00, real=0.01 secs] 
22.942: [GC (Allocation Failure) 22.942: [ParNew: 0K->0K(3072K), 0.0002260 secs]22.942: [CMS: 4993K->897K(6848K), 0.0023248 secs] 4993K->897K(9920K), [Metaspace: 3664K->3664K(1056768K)], 0.0026318 secs] [Times: user=0.02 sys=0.00, real=0.00 secs] 
22.945: [GC (CMS Initial Mark) [1 CMS-initial-mark: 4993K(6848K)] 4993K(9920K), 0.0001009 secs] [Times: user=0.00 sys=0.00, real=0.00 secs] 
22.945: [CMS-concurrent-mark-start]
22.945: [GC (Allocation Failure) 22.945: [ParNew: 0K->0K(3072K), 0.0002005 secs]22.945: [CMS22.955: [CMS-concurrent-mark: 0.001/0.010 secs] [Times: user=0.00 sys=0.00, real=0.01 secs] 
 (concurrent mode failure): 4993K->897K(6848K), 0.0127391 secs] 4993K->897K(9920K), [Metaspace: 3664K->3664K(1056768K)], 0.0130216 secs] [Times: user=0.02 sys=0.00, real=0.01 secs] 
22.958: [GC (Allocation Failure) 22.958: [ParNew: 0K->0K(3072K), 0.0003265 secs]22.959: [CMS: 4993K->897K(6848K), 0.0028649 secs] 4993K->897K(9920K), [Metaspace: 3664K->3664K(1056768K)], 0.0033019 secs] [Times: user=0.00 sys=0.00, real=0.00 secs] 
22.962: [GC (CMS Initial Mark) [1 CMS-initial-mark: 4993K(6848K)] 4993K(9920K), 0.0001343 secs] [Times: user=0.00 sys=0.00, real=0.00 secs] 
22.962: [CMS-concurrent-mark-start]
22.962: [GC (Allocation Failure) 22.962: [ParNew: 0K->0K(3072K), 0.0002462 secs]22.963: [CMS22.970: [CMS-concurrent-mark: 0.001/0.008 secs] [Times: user=0.00 sys=0.00, real=0.01 secs] 
 (concurrent mode failure): 4993K->897K(6848K), 0.0099536 secs] 4993K->897K(9920K), [Metaspace: 3664K->3664K(1056768K)], 0.0102938 secs] [Times: user=0.00 sys=0.00, real=0.01 secs] 
22.973: [GC (Allocation Failure) 22.973: [ParNew: 0K->0K(3072K), 0.0002226 secs]22.973: [CMS: 4993K->897K(6848K), 0.0028236 secs] 4993K->897K(9920K), [Metaspace: 3664K->3664K(1056768K)], 0.0031201 secs] [Times: user=0.02 sys=0.00, real=0.00 secs] 
22.977: [GC (CMS Initial Mark) [1 CMS-initial-mark: 4993K(6848K)] 4993K(9920K), 0.0001284 secs] [Times: user=0.00 sys=0.00, real=0.00 secs] 
22.977: [CMS-concurrent-mark-start]
22.977: [GC (Allocation Failure) 22.977: [ParNew: 0K->0K(3072K), 0.0002152 secs]22.977: [CMS22.986: [CMS-concurrent-mark: 0.002/0.009 secs] [Times: user=0.00 sys=0.00, real=0.01 secs] 
 (concurrent mode failure): 4993K->897K(6848K), 0.0112509 secs] 4993K->897K(9920K), [Metaspace: 3664K->3664K(1056768K)], 0.0115330 secs] [Times: user=0.00 sys=0.00, real=0.01 secs] 
22.989: [GC (Allocation Failure) 22.989: [ParNew: 0K->0K(3072K), 0.0003598 secs]22.989: [CMS: 4993K->897K(6848K), 0.0018702 secs] 4993K->897K(9920K), [Metaspace: 3664K->3664K(1056768K)], 0.0022933 secs] [Times: user=0.13 sys=0.00, real=0.00 secs] 
22.991: [GC (CMS Initial Mark) [1 CMS-initial-mark: 4993K(6848K)] 4993K(9920K), 0.0000969 secs] [Times: user=0.00 sys=0.00, real=0.00 secs] 
22.991: [CMS-concurrent-mark-start]
22.992: [GC (Allocation Failure) 22.992: [ParNew: 0K->0K(3072K), 0.0002169 secs]22.992: [CMS23.002: [CMS-concurrent-mark: 0.002/0.011 secs] [Times: user=0.00 sys=0.00, real=0.01 secs] 
 (concurrent mode failure): 4993K->897K(6848K), 0.0131273 secs] 4993K->897K(9920K), [Metaspace: 3664K->3664K(1056768K)], 0.0134391 secs] [Times: user=0.02 sys=0.00, real=0.01 secs] 
23.005: [GC (Allocation Failure) 23.005: [ParNew: 0K->0K(3072K), 0.0002765 secs]23.006: [CMS: 4993K->897K(6848K), 0.0020023 secs] 4993K->897K(9920K), [Metaspace: 3664K->3664K(1056768K)], 0.0023567 secs] [Times: user=0.00 sys=0.00, real=0.00 secs] 
23.008: [GC (CMS Initial Mark) [1 CMS-initial-mark: 4993K(6848K)] 4993K(9920K), 0.0001187 secs] [Times: user=0.00 sys=0.00, real=0.00 secs] 
23.008: [CMS-concurrent-mark-start]
23.008: [GC (Allocation Failure) 23.008: [ParNew: 0K->0K(3072K), 0.0001966 secs]23.008: [CMS23.018: [CMS-concurrent-mark: 0.002/0.009 secs] [Times: user=0.00 sys=0.00, real=0.01 secs] 
 (concurrent mode failure): 4993K->897K(6848K), 0.0120274 secs] 4993K->897K(9920K), [Metaspace: 3664K->3664K(1056768K)], 0.0122943 secs] [Times: user=0.00 sys=0.02, real=0.01 secs] 
23.021: [GC (Allocation Failure) 23.021: [ParNew: 0K->0K(3072K), 0.0002488 secs]23.021: [CMS: 4993K->897K(6848K), 0.0019378 secs] 4993K->897K(9920K), [Metaspace: 3664K->3664K(1056768K)], 0.0022564 secs] [Times: user=0.00 sys=0.00, real=0.00 secs] 
23.023: [GC (CMS Initial Mark) [1 CMS-initial-mark: 4993K(6848K)] 4993K(9920K), 0.0003623 secs] [Times: user=0.00 sys=0.00, real=0.00 secs] 
23.024: [CMS-concurrent-mark-start]
23.024: [GC (Allocation Failure) 23.024: [ParNew: 0K->0K(3072K), 0.0002888 secs]23.024: [CMS23.033: [CMS-concurrent-mark: 0.002/0.009 secs] [Times: user=0.00 sys=0.00, real=0.01 secs] 
 (concurrent mode failure): 4993K->897K(6848K), 0.0120557 secs] 4993K->897K(9920K), [Metaspace: 3664K->3664K(1056768K)], 0.0124800 secs] [Times: user=0.02 sys=0.00, real=0.01 secs] 
23.038: [GC (Allocation Failure) 23.038: [ParNew: 0K->0K(3072K), 0.0002557 secs]23.038: [CMS: 4993K->897K(6848K), 0.0020201 secs] 4993K->897K(9920K), [Metaspace: 3664K->3664K(1056768K)], 0.0023625 secs] [Times: user=0.00 sys=0.00, real=0.00 secs] 
23.041: [GC (CMS Initial Mark) [1 CMS-initial-mark: 4993K(6848K)] 4993K(9920K), 0.0001801 secs] [Times: user=0.00 sys=0.00, real=0.00 secs] 
23.041: [CMS-concurrent-mark-start]
23.041: [GC (Allocation Failure) 23.041: [ParNew: 0K->0K(3072K), 0.0002462 secs]23.041: [CMS23.048: [CMS-concurrent-mark: 0.001/0.007 secs] [Times: user=0.00 sys=0.00, real=0.01 secs] 
 (concurrent mode failure): 4993K->897K(6848K), 0.0089059 secs] 4993K->897K(9920K), [Metaspace: 3664K->3664K(1056768K)], 0.0092429 secs] [Times: user=0.00 sys=0.00, real=0.01 secs] 
23.051: [GC (Allocation Failure) 23.051: [ParNew: 0K->0K(3072K), 0.0003027 secs]23.051: [CMS: 4993K->897K(6848K), 0.0025247 secs] 4993K->897K(9920K), [Metaspace: 3664K->3664K(1056768K)], 0.0029194 secs] [Times: user=0.01 sys=0.00, real=0.00 secs] 
23.054: [GC (CMS Initial Mark) [1 CMS-initial-mark: 4993K(6848K)] 4993K(9920K), 0.0000912 secs] [Times: user=0.00 sys=0.00, real=0.00 secs] 
23.054: [CMS-concurrent-mark-start]
23.054: [GC (Allocation Failure) 23.054: [ParNew: 0K->0K(3072K), 0.0002052 secs]23.054: [CMS23.064: [CMS-concurrent-mark: 0.002/0.010 secs] [Times: user=0.00 sys=0.00, real=0.01 secs] 
 (concurrent mode failure): 4993K->897K(6848K), 0.0126001 secs] 4993K->897K(9920K), [Metaspace: 3664K->3664K(1056768K)], 0.0129201 secs] [Times: user=0.00 sys=0.00, real=0.01 secs] 
23.068: [GC (Allocation Failure) 23.068: [ParNew: 0K->0K(3072K), 0.0003119 secs]23.068: [CMS: 4993K->897K(6848K), 0.0028024 secs] 4993K->897K(9920K), [Metaspace: 3664K->3664K(1056768K)], 0.0032188 secs] [Times: user=0.00 sys=0.02, real=0.00 secs] 
23.071: [GC (CMS Initial Mark) [1 CMS-initial-mark: 4993K(6848K)] 4993K(9920K), 0.0000999 secs] [Times: user=0.00 sys=0.00, real=0.00 secs] 
23.071: [CMS-concurrent-mark-start]
23.071: [GC (Allocation Failure) 23.071: [ParNew: 0K->0K(3072K), 0.0002202 secs]23.072: [CMS23.080: [CMS-concurrent-mark: 0.002/0.009 secs] [Times: user=0.00 sys=0.00, real=0.01 secs] 
 (concurrent mode failure): 4993K->897K(6848K), 0.0103891 secs] 4993K->897K(9920K), [Metaspace: 3664K->3664K(1056768K)], 0.0106828 secs] [Times: user=0.00 sys=0.00, real=0.01 secs] 
23.082: [GC (Allocation Failure) 23.082: [ParNew: 0K->0K(3072K), 0.0002535 secs]23.083: [CMS: 4993K->897K(6848K), 0.0029465 secs] 4993K->897K(9920K), [Metaspace: 3664K->3664K(1056768K)], 0.0032773 secs] [Times: user=0.02 sys=0.00, real=0.00 secs] 
23.086: [GC (CMS Initial Mark) [1 CMS-initial-mark: 4993K(6848K)] 4993K(9920K), 0.0001165 secs] [Times: user=0.00 sys=0.00, real=0.00 secs] 
23.086: [CMS-concurrent-mark-start]
23.086: [GC (Allocation Failure) 23.086: [ParNew: 0K->0K(3072K), 0.0002235 secs]23.087: [CMS23.095: [CMS-concurrent-mark: 0.001/0.009 secs] [Times: user=0.00 sys=0.00, real=0.01 secs] 
 (concurrent mode failure): 4993K->897K(6848K), 0.0111815 secs] 4993K->897K(9920K), [Metaspace: 3664K->3664K(1056768K)], 0.0114813 secs] [Times: user=0.00 sys=0.00, real=0.01 secs] 
23.098: [GC (Allocation Failure) 23.098: [ParNew: 0K->0K(3072K), 0.0002109 secs]23.098: [CMS: 4993K->897K(6848K), 0.0023335 secs] 4993K->897K(9920K), [Metaspace: 3664K->3664K(1056768K)], 0.0026433 secs] [Times: user=0.01 sys=0.00, real=0.00 secs] 
23.102: [GC (CMS Initial Mark) [1 CMS-initial-mark: 4993K(6848K)] 4993K(9920K), 0.0004244 secs] [Times: user=0.00 sys=0.00, real=0.00 secs] 
23.102: [CMS-concurrent-mark-start]
23.102: [GC (Allocation Failure) 23.102: [ParNew: 0K->0K(3072K), 0.0003112 secs]23.102: [CMS23.111: [CMS-concurrent-mark: 0.001/0.009 secs] [Times: user=0.00 sys=0.00, real=0.01 secs] 
 (concurrent mode failure): 4993K->897K(6848K), 0.0107401 secs] 4993K->897K(9920K), [Metaspace: 3664K->3664K(1056768K)], 0.0111372 secs] [Times: user=0.00 sys=0.00, real=0.01 secs] 
23.114: [GC (Allocation Failure) 23.114: [ParNew: 0K->0K(3072K), 0.0002127 secs]23.114: [CMS: 4993K->897K(6848K), 0.0018630 secs] 4993K->897K(9920K), [Metaspace: 3664K->3664K(1056768K)], 0.0021339 secs] [Times: user=0.02 sys=0.00, real=0.00 secs] 
23.116: [GC (CMS Initial Mark) [1 CMS-initial-mark: 4993K(6848K)] 4993K(9920K), 0.0001260 secs] [Times: user=0.00 sys=0.00, real=0.00 secs] 
23.116: [CMS-concurrent-mark-start]
23.116: [GC (Allocation Failure) 23.116: [ParNew: 0K->0K(3072K), 0.0002802 secs]23.117: [CMS23.127: [CMS-concurrent-mark: 0.002/0.011 secs] [Times: user=0.00 sys=0.00, real=0.01 secs] 
 (concurrent mode failure): 4993K->897K(6848K), 0.0125904 secs] 4993K->897K(9920K), [Metaspace: 3664K->3664K(1056768K)], 0.0129498 secs] [Times: user=0.00 sys=0.00, real=0.01 secs] 
23.130: [GC (Allocation Failure) 23.130: [ParNew: 0K->0K(3072K), 0.0002350 secs]23.130: [CMS: 4993K->897K(6848K), 0.0017752 secs] 4993K->897K(9920K), [Metaspace: 3664K->3664K(1056768K)], 0.0020743 secs] [Times: user=0.00 sys=0.00, real=0.00 secs] 
23.132: [GC (CMS Initial Mark) [1 CMS-initial-mark: 4993K(6848K)] 4993K(9920K), 0.0001196 secs] [Times: user=0.00 sys=0.00, real=0.00 secs] 
23.132: [CMS-concurrent-mark-start]
23.132: [GC (Allocation Failure) 23.132: [ParNew: 0K->0K(3072K), 0.0002206 secs]23.132: [CMS23.142: [CMS-concurrent-mark: 0.001/0.010 secs] [Times: user=0.00 sys=0.00, real=0.01 secs] 
 (concurrent mode failure): 4993K->897K(6848K), 0.0117848 secs] 4993K->897K(9920K), [Metaspace: 3664K->3664K(1056768K)], 0.0120764 secs] [Times: user=0.00 sys=0.00, real=0.01 secs] 
23.145: [GC (Allocation Failure) 23.145: [ParNew: 0K->0K(3072K), 0.0002489 secs]23.145: [CMS: 4993K->897K(6848K), 0.0017096 secs] 4993K->897K(9920K), [Metaspace: 3664K->3664K(1056768K)], 0.0020176 secs] [Times: user=0.02 sys=0.00, real=0.00 secs] 
23.147: [GC (CMS Initial Mark) [1 CMS-initial-mark: 4993K(6848K)] 4993K(9920K), 0.0001241 secs] [Times: user=0.00 sys=0.00, real=0.00 secs] 
23.147: [CMS-concurrent-mark-start]
23.147: [GC (Allocation Failure) 23.147: [ParNew: 0K->0K(3072K), 0.0002181 secs]23.147: [CMS23.157: [CMS-concurrent-mark: 0.001/0.010 secs] [Times: user=0.00 sys=0.00, real=0.01 secs] 
 (concurrent mode failure): 4993K->897K(6848K), 0.0120255 secs] 4993K->897K(9920K), [Metaspace: 3664K->3664K(1056768K)], 0.0123123 secs] [Times: user=0.00 sys=0.00, real=0.01 secs] 
23.160: [GC (Allocation Failure) 23.160: [ParNew: 0K->0K(3072K), 0.0002191 secs]23.160: [CMS: 4993K->897K(6848K), 0.0020248 secs] 4993K->897K(9920K), [Metaspace: 3664K->3664K(1056768K)], 0.0023131 secs] [Times: user=0.02 sys=0.00, real=0.00 secs] 
23.163: [GC (CMS Initial Mark) [1 CMS-initial-mark: 4993K(6848K)] 4993K(9920K), 0.0001368 secs] [Times: user=0.00 sys=0.00, real=0.00 secs] 
23.163: [CMS-concurrent-mark-start]
23.163: [GC (Allocation Failure) 23.163: [ParNew: 0K->0K(3072K), 0.0003167 secs]23.163: [CMS23.172: [CMS-concurrent-mark: 0.001/0.010 secs] [Times: user=0.00 sys=0.00, real=0.01 secs] 
 (concurrent mode failure): 4993K->897K(6848K), 0.0114167 secs] 4993K->897K(9920K), [Metaspace: 3664K->3664K(1056768K)], 0.0118011 secs] [Times: user=0.00 sys=0.00, real=0.01 secs] 
23.175: [GC (Allocation Failure) 23.175: [ParNew: 0K->0K(3072K), 0.0002116 secs]23.175: [CMS: 4993K->897K(6848K), 0.0017771 secs] 4993K->897K(9920K), [Metaspace: 3664K->3664K(1056768K)], 0.0020525 secs] [Times: user=0.02 sys=0.00, real=0.00 secs] 
23.177: [GC (CMS Initial Mark) [1 CMS-initial-mark: 4993K(6848K)] 4993K(9920K), 0.0001764 secs] [Times: user=0.00 sys=0.00, real=0.00 secs] 
23.178: [CMS-concurrent-mark-start]
23.178: [GC (Allocation Failure) 23.178: [ParNew: 0K->0K(3072K), 0.0002526 secs]23.178: [CMS23.189: [CMS-concurrent-mark: 0.002/0.011 secs] [Times: user=0.00 sys=0.00, real=0.01 secs] 
 (concurrent mode failure): 4993K->897K(6848K), 0.0129088 secs] 4993K->897K(9920K), [Metaspace: 3664K->3664K(1056768K)], 0.0132452 secs] [Times: user=0.00 sys=0.00, real=0.01 secs] 
23.191: [GC (Allocation Failure) 23.191: [ParNew: 0K->0K(3072K), 0.0002283 secs]23.191: [CMS: 4993K->897K(6848K), 0.0020246 secs] 4993K->897K(9920K), [Metaspace: 3664K->3664K(1056768K)], 0.0023266 secs] [Times: user=0.01 sys=0.00, real=0.00 secs] 
23.194: [GC (CMS Initial Mark) [1 CMS-initial-mark: 4993K(6848K)] 4993K(9920K), 0.0001396 secs] [Times: user=0.00 sys=0.00, real=0.00 secs] 
23.194: [CMS-concurrent-mark-start]
23.194: [GC (Allocation Failure) 23.194: [ParNew: 0K->0K(3072K), 0.0001968 secs]23.194: [CMS23.203: [CMS-concurrent-mark: 0.002/0.009 secs] [Times: user=0.00 sys=0.00, real=0.01 secs] 
 (concurrent mode failure): 4993K->897K(6848K), 0.0113862 secs] 4993K->897K(9920K), [Metaspace: 3664K->3664K(1056768K)], 0.0116486 secs] [Times: user=0.00 sys=0.00, real=0.01 secs] 
23.206: [GC (Allocation Failure) 23.206: [ParNew: 0K->0K(3072K), 0.0002074 secs]23.206: [CMS: 4993K->897K(6848K), 0.0018410 secs] 4993K->897K(9920K), [Metaspace: 3664K->3664K(1056768K)], 0.0021118 secs] [Times: user=0.02 sys=0.00, real=0.00 secs] 
23.209: [GC (CMS Initial Mark) [1 CMS-initial-mark: 4993K(6848K)] 4993K(9920K), 0.0001211 secs] [Times: user=0.00 sys=0.00, real=0.00 secs] 
23.209: [CMS-concurrent-mark-start]
23.209: [GC (Allocation Failure) 23.209: [ParNew: 0K->0K(3072K), 0.0002166 secs]23.209: [CMS23.219: [CMS-concurrent-mark: 0.001/0.011 secs] [Times: user=0.00 sys=0.00, real=0.01 secs] 
 (concurrent mode failure): 4993K->897K(6848K), 0.0125484 secs] 4993K->897K(9920K), [Metaspace: 3664K->3664K(1056768K)], 0.0128353 secs] [Times: user=0.00 sys=0.00, real=0.01 secs] 
23.222: [GC (Allocation Failure) 23.222: [ParNew: 0K->0K(3072K), 0.0003635 secs]23.222: [CMS: 4993K->897K(6848K), 0.0019933 secs] 4993K->897K(9920K), [Metaspace: 3664K->3664K(1056768K)], 0.0024287 secs] [Times: user=0.01 sys=0.00, real=0.00 secs] 
23.225: [GC (CMS Initial Mark) [1 CMS-initial-mark: 4993K(6848K)] 4993K(9920K), 0.0001134 secs] [Times: user=0.00 sys=0.00, real=0.00 secs] 
23.225: [CMS-concurrent-mark-start]
23.225: [GC (Allocation Failure) 23.225: [ParNew: 0K->0K(3072K), 0.0001785 secs]23.225: [CMS23.235: [CMS-concurrent-mark: 0.002/0.010 secs] [Times: user=0.00 sys=0.00, real=0.01 secs] 
 (concurrent mode failure): 4993K->897K(6848K), 0.0119653 secs] 4993K->897K(9920K), [Metaspace: 3664K->3664K(1056768K)], 0.0122185 secs] [Times: user=0.00 sys=0.00, real=0.01 secs] 
23.238: [GC (Allocation Failure) 23.238: [ParNew: 0K->0K(3072K), 0.0004076 secs]23.238: [CMS: 4993K->897K(6848K), 0.0020628 secs] 4993K->897K(9920K), [Metaspace: 3664K->3664K(1056768K)], 0.0025578 secs] [Times: user=0.02 sys=0.00, real=0.00 secs] 
23.241: [GC (CMS Initial Mark) [1 CMS-initial-mark: 4993K(6848K)] 4993K(9920K), 0.0001250 secs] [Times: user=0.00 sys=0.00, real=0.00 secs] 
23.241: [CMS-concurrent-mark-start]
23.241: [GC (Allocation Failure) 23.241: [ParNew: 0K->0K(3072K), 0.0004141 secs]23.241: [CMS23.250: [CMS-concurrent-mark: 0.002/0.009 secs] [Times: user=0.00 sys=0.00, real=0.01 secs] 
 (concurrent mode failure): 4993K->897K(6848K), 0.0117697 secs] 4993K->897K(9920K), [Metaspace: 3664K->3664K(1056768K)], 0.0122680 secs] [Times: user=0.00 sys=0.00, real=0.01 secs] 
23.254: [GC (Allocation Failure) 23.254: [ParNew: 0K->0K(3072K), 0.0002224 secs]23.254: [CMS: 4993K->897K(6848K), 0.0019160 secs] 4993K->897K(9920K), [Metaspace: 3664K->3664K(1056768K)], 0.0022184 secs] [Times: user=0.02 sys=0.00, real=0.00 secs] 
23.256: [GC (CMS Initial Mark) [1 CMS-initial-mark: 4993K(6848K)] 4993K(9920K), 0.0001309 secs] [Times: user=0.00 sys=0.00, real=0.00 secs] 
23.256: [CMS-concurrent-mark-start]
23.256: [GC (Allocation Failure) 23.256: [ParNew: 0K->0K(3072K), 0.0002684 secs]23.257: [CMS23.265: [CMS-concurrent-mark: 0.002/0.009 secs] [Times: user=0.00 sys=0.00, real=0.01 secs] 
 (concurrent mode failure): 4993K->897K(6848K), 0.0114080 secs] 4993K->897K(9920K), [Metaspace: 3664K->3664K(1056768K)], 0.0117555 secs] [Times: user=0.00 sys=0.00, real=0.01 secs] 
23.269: [GC (Allocation Failure) 23.269: [ParNew: 0K->0K(3072K), 0.0002484 secs]23.269: [CMS: 4993K->897K(6848K), 0.0023025 secs] 4993K->897K(9920K), [Metaspace: 3664K->3664K(1056768K)], 0.0026291 secs] [Times: user=0.02 sys=0.00, real=0.00 secs] 
23.272: [GC (CMS Initial Mark) [1 CMS-initial-mark: 4993K(6848K)] 4993K(9920K), 0.0001450 secs] [Times: user=0.00 sys=0.00, real=0.00 secs] 
23.272: [CMS-concurrent-mark-start]
23.272: [GC (Allocation Failure) 23.272: [ParNew: 0K->0K(3072K), 0.0002102 secs]23.272: [CMS23.281: [CMS-concurrent-mark: 0.002/0.009 secs] [Times: user=0.00 sys=0.00, real=0.01 secs] 
 (concurrent mode failure): 4993K->897K(6848K), 0.0108475 secs] 4993K->897K(9920K), [Metaspace: 3664K->3664K(1056768K)], 0.0111534 secs] [Times: user=0.00 sys=0.00, real=0.01 secs] 
23.283: [GC (Allocation Failure) 23.284: [ParNew: 0K->0K(3072K), 0.0003073 secs]23.284: [CMS: 4993K->897K(6848K), 0.0025719 secs] 4993K->897K(9920K), [Metaspace: 3664K->3664K(1056768K)], 0.0029885 secs] [Times: user=0.02 sys=0.00, real=0.00 secs] 
23.287: [GC (CMS Initial Mark) [1 CMS-initial-mark: 4993K(6848K)] 4993K(9920K), 0.0000861 secs] [Times: user=0.00 sys=0.00, real=0.00 secs] 
23.287: [CMS-concurrent-mark-start]
23.287: [GC (Allocation Failure) 23.287: [ParNew: 0K->0K(3072K), 0.0002016 secs]23.287: [CMS23.296: [CMS-concurrent-mark: 0.002/0.009 secs] [Times: user=0.00 sys=0.00, real=0.01 secs] 
 (concurrent mode failure): 4993K->897K(6848K), 0.0114642 secs] 4993K->897K(9920K), [Metaspace: 3664K->3664K(1056768K)], 0.0117342 secs] [Times: user=0.00 sys=0.00, real=0.01 secs] 
23.299: [GC (Allocation Failure) 23.299: [ParNew: 0K->0K(3072K), 0.0002310 secs]23.299: [CMS: 4993K->897K(6848K), 0.0034961 secs] 4993K->897K(9920K), [Metaspace: 3664K->3664K(1056768K)], 0.0038077 secs] [Times: user=0.02 sys=0.00, real=0.00 secs] 
23.303: [GC (CMS Initial Mark) [1 CMS-initial-mark: 4993K(6848K)] 4993K(9920K), 0.0001336 secs] [Times: user=0.00 sys=0.00, real=0.00 secs] 
23.303: [CMS-concurrent-mark-start]
23.303: [GC (Allocation Failure) 23.303: [ParNew: 0K->0K(3072K), 0.0002729 secs]23.304: [CMS23.312: [CMS-concurrent-mark: 0.001/0.009 secs] [Times: user=0.00 sys=0.00, real=0.01 secs] 
 (concurrent mode failure): 4993K->897K(6848K), 0.0109942 secs] 4993K->897K(9920K), [Metaspace: 3664K->3664K(1056768K)], 0.0113639 secs] [Times: user=0.00 sys=0.00, real=0.01 secs] 
23.315: [GC (Allocation Failure) 23.315: [ParNew: 0K->0K(3072K), 0.0002194 secs]23.315: [CMS: 4993K->897K(6848K), 0.0027892 secs] 4993K->897K(9920K), [Metaspace: 3664K->3664K(1056768K)], 0.0030868 secs] [Times: user=0.01 sys=0.00, real=0.00 secs] 
23.319: [GC (CMS Initial Mark) [1 CMS-initial-mark: 4993K(6848K)] 4993K(9920K), 0.0001382 secs] [Times: user=0.00 sys=0.00, real=0.00 secs] 
23.319: [CMS-concurrent-mark-start]
23.319: [GC (Allocation Failure) 23.319: [ParNew: 0K->0K(3072K), 0.0002288 secs]23.319: [CMS23.328: [CMS-concurrent-mark: 0.002/0.009 secs] [Times: user=0.00 sys=0.00, real=0.01 secs] 
 (concurrent mode failure): 4993K->897K(6848K), 0.0107893 secs] 4993K->897K(9920K), [Metaspace: 3664K->3664K(1056768K)], 0.0111107 secs] [Times: user=0.00 sys=0.00, real=0.01 secs] 
23.330: [GC (Allocation Failure) 23.330: [ParNew: 0K->0K(3072K), 0.0002115 secs]23.331: [CMS: 4993K->897K(6848K), 0.0017847 secs] 4993K->897K(9920K), [Metaspace: 3664K->3664K(1056768K)], 0.0020561 secs] [Times: user=0.00 sys=0.00, real=0.00 secs] 
23.333: [GC (CMS Initial Mark) [1 CMS-initial-mark: 4993K(6848K)] 4993K(9920K), 0.0001047 secs] [Times: user=0.00 sys=0.00, real=0.00 secs] 
23.333: [CMS-concurrent-mark-start]
23.333: [GC (Allocation Failure) 23.333: [ParNew: 0K->0K(3072K), 0.0002511 secs]23.333: [CMS23.343: [CMS-concurrent-mark: 0.002/0.010 secs] [Times: user=0.00 sys=0.00, real=0.01 secs] 
 (concurrent mode failure): 4993K->897K(6848K), 0.0120450 secs] 4993K->897K(9920K), [Metaspace: 3664K->3664K(1056768K)], 0.0123788 secs] [Times: user=0.00 sys=0.00, real=0.01 secs] 
23.346: [GC (Allocation Failure) 23.346: [ParNew: 0K->0K(3072K), 0.0002451 secs]23.346: [CMS: 4993K->897K(6848K), 0.0018901 secs] 4993K->897K(9920K), [Metaspace: 3664K->3664K(1056768K)], 0.0022166 secs] [Times: user=0.00 sys=0.00, real=0.00 secs] 
23.348: [GC (CMS Initial Mark) [1 CMS-initial-mark: 4993K(6848K)] 4993K(9920K), 0.0001202 secs] [Times: user=0.00 sys=0.00, real=0.00 secs] 
23.349: [CMS-concurrent-mark-start]
23.349: [GC (Allocation Failure) 23.349: [ParNew: 0K->0K(3072K), 0.0002211 secs]23.349: [CMS23.358: [CMS-concurrent-mark: 0.002/0.009 secs] [Times: user=0.02 sys=0.00, real=0.01 secs] 
 (concurrent mode failure): 4993K->897K(6848K), 0.0113589 secs] 4993K->897K(9920K), [Metaspace: 3664K->3664K(1056768K)], 0.0116639 secs] [Times: user=0.00 sys=0.00, real=0.01 secs] 
23.361: [GC (Allocation Failure) 23.361: [ParNew: 0K->0K(3072K), 0.0002263 secs]23.361: [CMS: 4993K->897K(6848K), 0.0017979 secs] 4993K->897K(9920K), [Metaspace: 3664K->3664K(1056768K)], 0.0020949 secs] [Times: user=0.00 sys=0.00, real=0.00 secs] 
23.363: [GC (CMS Initial Mark) [1 CMS-initial-mark: 4993K(6848K)] 4993K(9920K), 0.0002042 secs] [Times: user=0.00 sys=0.00, real=0.00 secs] 
23.363: [CMS-concurrent-mark-start]
23.363: [GC (Allocation Failure) 23.363: [ParNew: 0K->0K(3072K), 0.0003605 secs]23.364: [CMS23.373: [CMS-concurrent-mark: 0.002/0.010 secs] [Times: user=0.00 sys=0.00, real=0.01 secs] 
 (concurrent mode failure): 4993K->897K(6848K), 0.0114000 secs] 4993K->897K(9920K), [Metaspace: 3664K->3664K(1056768K)], 0.0118468 secs] [Times: user=0.00 sys=0.00, real=0.01 secs] 
23.376: [GC (Allocation Failure) 23.376: [ParNew: 0K->0K(3072K), 0.0002977 secs]23.376: [CMS: 4993K->897K(6848K), 0.0020332 secs] 4993K->897K(9920K), [Metaspace: 3664K->3664K(1056768K)], 0.0024018 secs] [Times: user=0.00 sys=0.00, real=0.00 secs] 
23.378: [GC (CMS Initial Mark) [1 CMS-initial-mark: 4993K(6848K)] 4993K(9920K), 0.0001526 secs] [Times: user=0.00 sys=0.00, real=0.00 secs] 
23.379: [CMS-concurrent-mark-start]
23.379: [GC (Allocation Failure) 23.379: [ParNew: 0K->0K(3072K), 0.0002419 secs]23.379: [CMS23.388: [CMS-concurrent-mark: 0.001/0.010 secs] [Times: user=0.00 sys=0.00, real=0.01 secs] 
 (concurrent mode failure): 4993K->897K(6848K), 0.0118985 secs] 4993K->897K(9920K), [Metaspace: 3664K->3664K(1056768K)], 0.0122654 secs] [Times: user=0.00 sys=0.00, real=0.01 secs] 
23.391: [GC (Allocation Failure) 23.391: [ParNew: 0K->0K(3072K), 0.0002704 secs]23.392: [CMS: 4993K->897K(6848K), 0.0021659 secs] 4993K->897K(9920K), [Metaspace: 3664K->3664K(1056768K)], 0.0025153 secs] [Times: user=0.00 sys=0.00, real=0.00 secs] 
23.394: [GC (CMS Initial Mark) [1 CMS-initial-mark: 4993K(6848K)] 4993K(9920K), 0.0000883 secs] [Times: user=0.00 sys=0.00, real=0.00 secs] 
23.394: [CMS-concurrent-mark-start]
23.394: [GC (Allocation Failure) 23.394: [ParNew: 0K->0K(3072K), 0.0002086 secs]23.395: [CMS23.403: [CMS-concurrent-mark: 0.001/0.009 secs] [Times: user=0.00 sys=0.00, real=0.01 secs] 
 (concurrent mode failure): 4993K->897K(6848K), 0.0111116 secs] 4993K->897K(9920K), [Metaspace: 3664K->3664K(1056768K)], 0.0114030 secs] [Times: user=0.00 sys=0.00, real=0.01 secs] 
23.406: [GC (Allocation Failure) 23.406: [ParNew: 0K->0K(3072K), 0.0003066 secs]23.406: [CMS: 4993K->897K(6848K), 0.0022678 secs] 4993K->897K(9920K), [Metaspace: 3664K->3664K(1056768K)], 0.0026512 secs] [Times: user=0.00 sys=0.00, real=0.00 secs] 
23.409: [GC (CMS Initial Mark) [1 CMS-initial-mark: 4993K(6848K)] 4993K(9920K), 0.0001745 secs] [Times: user=0.00 sys=0.00, real=0.00 secs] 
23.409: [CMS-concurrent-mark-start]
23.409: [GC (Allocation Failure) 23.409: [ParNew: 0K->0K(3072K), 0.0002444 secs]23.410: [CMS23.419: [CMS-concurrent-mark: 0.002/0.010 secs] [Times: user=0.00 sys=0.00, real=0.01 secs] 
 (concurrent mode failure): 4993K->897K(6848K), 0.0124273 secs] 4993K->897K(9920K), [Metaspace: 3664K->3664K(1056768K)], 0.0127549 secs] [Times: user=0.00 sys=0.00, real=0.01 secs] 
23.423: [GC (Allocation Failure) 23.423: [ParNew: 0K->0K(3072K), 0.0003195 secs]23.423: [CMS: 4993K->897K(6848K), 0.0025576 secs] 4993K->897K(9920K), [Metaspace: 3664K->3664K(1056768K)], 0.0029649 secs] [Times: user=0.00 sys=0.00, real=0.00 secs] 
23.426: [GC (CMS Initial Mark) [1 CMS-initial-mark: 4993K(6848K)] 4993K(9920K), 0.0001237 secs] [Times: user=0.00 sys=0.00, real=0.00 secs] 
23.426: [CMS-concurrent-mark-start]
23.426: [GC (Allocation Failure) 23.426: [ParNew: 0K->0K(3072K), 0.0003017 secs]23.426: [CMS23.434: [CMS-concurrent-mark: 0.002/0.008 secs] [Times: user=0.00 sys=0.02, real=0.01 secs] 
 (concurrent mode failure): 4993K->897K(6848K), 0.0113987 secs] 4993K->897K(9920K), [Metaspace: 3664K->3664K(1056768K)], 0.0117889 secs] [Times: user=0.00 sys=0.02, real=0.01 secs] 
23.438: [GC (Allocation Failure) 23.438: [ParNew: 0K->0K(3072K), 0.0003082 secs]23.439: [CMS: 4993K->897K(6848K), 0.0023777 secs] 4993K->897K(9920K), [Metaspace: 3664K->3664K(1056768K)], 0.0027702 secs] [Times: user=0.00 sys=0.00, real=0.00 secs] 
23.442: [GC (CMS Initial Mark) [1 CMS-initial-mark: 4993K(6848K)] 4993K(9920K), 0.0001781 secs] [Times: user=0.00 sys=0.00, real=0.00 secs] 
23.442: [CMS-concurrent-mark-start]
23.442: [GC (Allocation Failure) 23.442: [ParNew: 0K->0K(3072K), 0.0002706 secs]23.442: [CMS23.450: [CMS-concurrent-mark: 0.001/0.008 secs] [Times: user=0.00 sys=0.00, real=0.01 secs] 
 (concurrent mode failure): 4993K->897K(6848K), 0.0116307 secs] 4993K->897K(9920K), [Metaspace: 3664K->3664K(1056768K)], 0.0119917 secs] [Times: user=0.00 sys=0.00, real=0.01 secs] 
23.454: [GC (Allocation Failure) 23.454: [ParNew: 0K->0K(3072K), 0.0003005 secs]23.455: [CMS: 4993K->897K(6848K), 0.0027299 secs] 4993K->897K(9920K), [Metaspace: 3664K->3664K(1056768K)], 0.0031170 secs] [Times: user=0.00 sys=0.00, real=0.00 secs] 
23.458: [GC (CMS Initial Mark) [1 CMS-initial-mark: 4993K(6848K)] 4993K(9920K), 0.0001406 secs] [Times: user=0.00 sys=0.00, real=0.00 secs] 
23.458: [CMS-concurrent-mark-start]
23.458: [GC (Allocation Failure) 23.458: [ParNew: 0K->0K(3072K), 0.0002886 secs]23.458: [CMS23.466: [CMS-concurrent-mark: 0.001/0.008 secs] [Times: user=0.00 sys=0.00, real=0.01 secs] 
 (concurrent mode failure): 4993K->897K(6848K), 0.0117955 secs] 4993K->897K(9920K), [Metaspace: 3664K->3664K(1056768K)], 0.0122008 secs] [Times: user=0.00 sys=0.00, real=0.01 secs] 
23.471: [GC (Allocation Failure) 23.471: [ParNew: 0K->0K(3072K), 0.0003008 secs]23.471: [CMS: 4993K->897K(6848K), 0.0041748 secs] 4993K->897K(9920K), [Metaspace: 3664K->3664K(1056768K)], 0.0045796 secs] [Times: user=0.02 sys=0.00, real=0.00 secs] 
23.476: [GC (CMS Initial Mark) [1 CMS-initial-mark: 4993K(6848K)] 4993K(9920K), 0.0001489 secs] [Times: user=0.00 sys=0.00, real=0.00 secs] 
23.476: [CMS-concurrent-mark-start]
23.476: [GC (Allocation Failure) 23.476: [ParNew: 0K->0K(3072K), 0.0003203 secs]23.476: [CMS23.482: [CMS-concurrent-mark: 0.001/0.006 secs] [Times: user=0.00 sys=0.00, real=0.01 secs] 
 (concurrent mode failure): 4993K->897K(6848K), 0.0092619 secs] 4993K->897K(9920K), [Metaspace: 3664K->3664K(1056768K)], 0.0096773 secs] [Times: user=0.00 sys=0.00, real=0.01 secs] 
23.486: [GC (Allocation Failure) 23.486: [ParNew: 0K->0K(3072K), 0.0002906 secs]23.487: [CMS: 4993K->897K(6848K), 0.0021453 secs] 4993K->897K(9920K), [Metaspace: 3664K->3664K(1056768K)], 0.0025107 secs] [Times: user=0.00 sys=0.00, real=0.00 secs] 
23.489: [GC (CMS Initial Mark) [1 CMS-initial-mark: 4993K(6848K)] 4993K(9920K), 0.0001105 secs] [Times: user=0.00 sys=0.00, real=0.00 secs] 
23.490: [CMS-concurrent-mark-start]
23.490: [GC (Allocation Failure) 23.490: [ParNew: 0K->0K(3072K), 0.0002314 secs]23.490: [CMS23.497: [CMS-concurrent-mark: 0.001/0.008 secs] [Times: user=0.00 sys=0.00, real=0.01 secs] 
 (concurrent mode failure): 4993K->897K(6848K), 0.0095753 secs] 4993K->897K(9920K), [Metaspace: 3664K->3664K(1056768K)], 0.0098894 secs] [Times: user=0.00 sys=0.00, real=0.01 secs] 
23.500: [GC (Allocation Failure) 23.500: [ParNew: 0K->0K(3072K), 0.0003009 secs]23.500: [CMS: 4993K->897K(6848K), 0.0029662 secs] 4993K->897K(9920K), [Metaspace: 3664K->3664K(1056768K)], 0.0033666 secs] [Times: user=0.00 sys=0.00, real=0.00 secs] 
23.504: [GC (CMS Initial Mark) [1 CMS-initial-mark: 4993K(6848K)] 4993K(9920K), 0.0001211 secs] [Times: user=0.00 sys=0.00, real=0.00 secs] 
23.504: [CMS-concurrent-mark-start]
23.504: [GC (Allocation Failure) 23.504: [ParNew: 0K->0K(3072K), 0.0001949 secs]23.504: [CMS23.513: [CMS-concurrent-mark: 0.002/0.009 secs] [Times: user=0.00 sys=0.00, real=0.01 secs] 
 (concurrent mode failure): 4993K->897K(6848K), 0.0118078 secs] 4993K->897K(9920K), [Metaspace: 3664K->3664K(1056768K)], 0.0120886 secs] [Times: user=0.00 sys=0.00, real=0.01 secs] 
23.516: [GC (Allocation Failure) 23.517: [ParNew: 0K->0K(3072K), 0.0002952 secs]23.517: [CMS: 4993K->897K(6848K), 0.0026177 secs] 4993K->897K(9920K), [Metaspace: 3664K->3664K(1056768K)], 0.0030092 secs] [Times: user=0.00 sys=0.00, real=0.00 secs] 
23.520: [GC (CMS Initial Mark) [1 CMS-initial-mark: 4993K(6848K)] 4993K(9920K), 0.0001298 secs] [Times: user=0.00 sys=0.00, real=0.00 secs] 
23.520: [CMS-concurrent-mark-start]
23.520: [GC (Allocation Failure) 23.520: [ParNew: 0K->0K(3072K), 0.0002132 secs]23.520: [CMS23.534: [CMS-concurrent-mark: 0.007/0.014 secs] [Times: user=0.00 sys=0.00, real=0.01 secs] 
 (concurrent mode failure): 4993K->897K(6848K), 0.0197213 secs] 4993K->897K(9920K), [Metaspace: 3664K->3664K(1056768K)], 0.0200476 secs] [Times: user=0.00 sys=0.01, real=0.02 secs] 
23.541: [GC (Allocation Failure) 23.541: [ParNew: 0K->0K(3072K), 0.0005865 secs]23.541: [CMS: 4993K->897K(6848K), 0.0041229 secs] 4993K->897K(9920K), [Metaspace: 3664K->3664K(1056768K)], 0.0048521 secs] [Times: user=0.00 sys=0.00, real=0.00 secs] 
23.546: [GC (CMS Initial Mark) [1 CMS-initial-mark: 4993K(6848K)] 4993K(9920K), 0.0003795 secs] [Times: user=0.00 sys=0.00, real=0.00 secs] 
23.547: [CMS-concurrent-mark-start]
23.547: [GC (Allocation Failure) 23.547: [ParNew: 0K->0K(3072K), 0.0002611 secs]23.547: [CMS23.560: [CMS-concurrent-mark: 0.002/0.014 secs] [Times: user=0.00 sys=0.00, real=0.01 secs] 
 (concurrent mode failure): 4993K->897K(6848K), 0.0158104 secs] 4993K->897K(9920K), [Metaspace: 3664K->3664K(1056768K)], 0.0161730 secs] [Times: user=0.00 sys=0.00, real=0.02 secs] 
23.563: [GC (Allocation Failure) 23.563: [ParNew: 0K->0K(3072K), 0.0002541 secs]23.564: [CMS: 4993K->897K(6848K), 0.0021593 secs] 4993K->897K(9920K), [Metaspace: 3664K->3664K(1056768K)], 0.0024885 secs] [Times: user=0.00 sys=0.00, real=0.00 secs] 
23.566: [GC (CMS Initial Mark) [1 CMS-initial-mark: 4993K(6848K)] 4993K(9920K), 0.0001406 secs] [Times: user=0.00 sys=0.00, real=0.00 secs] 
23.566: [CMS-concurrent-mark-start]
23.566: [GC (Allocation Failure) 23.566: [ParNew: 0K->0K(3072K), 0.0003082 secs]23.567: [CMS23.576: [CMS-concurrent-mark: 0.002/0.010 secs] [Times: user=0.00 sys=0.00, real=0.01 secs] 
 (concurrent mode failure): 4993K->897K(6848K), 0.0119460 secs] 4993K->897K(9920K), [Metaspace: 3664K->3664K(1056768K)], 0.0123410 secs] [Times: user=0.00 sys=0.00, real=0.01 secs] 
23.579: [GC (Allocation Failure) 23.579: [ParNew: 0K->0K(3072K), 0.0002352 secs]23.579: [CMS: 4993K->897K(6848K), 0.0018648 secs] 4993K->897K(9920K), [Metaspace: 3664K->3664K(1056768K)], 0.0021596 secs] [Times: user=0.00 sys=0.00, real=0.00 secs] 
23.582: [GC (CMS Initial Mark) [1 CMS-initial-mark: 4993K(6848K)] 4993K(9920K), 0.0001294 secs] [Times: user=0.00 sys=0.00, real=0.00 secs] 
23.582: [CMS-concurrent-mark-start]
23.582: [GC (Allocation Failure) 23.582: [ParNew: 0K->0K(3072K), 0.0003468 secs]23.582: [CMS23.592: [CMS-concurrent-mark: 0.002/0.010 secs] [Times: user=0.00 sys=0.00, real=0.01 secs] 
 (concurrent mode failure): 4993K->897K(6848K), 0.0122300 secs] 4993K->897K(9920K), [Metaspace: 3664K->3664K(1056768K)], 0.0126531 secs] [Times: user=0.00 sys=0.00, real=0.01 secs] 
23.595: [GC (Allocation Failure) 23.595: [ParNew: 0K->0K(3072K), 0.0002534 secs]23.595: [CMS: 4993K->897K(6848K), 0.0019341 secs] 4993K->897K(9920K), [Metaspace: 3664K->3664K(1056768K)], 0.0022559 secs] [Times: user=0.00 sys=0.00, real=0.00 secs] 
23.597: [GC (CMS Initial Mark) [1 CMS-initial-mark: 4993K(6848K)] 4993K(9920K), 0.0001553 secs] [Times: user=0.00 sys=0.00, real=0.00 secs] 
23.598: [CMS-concurrent-mark-start]
23.598: [GC (Allocation Failure) 23.598: [ParNew: 0K->0K(3072K), 0.0002312 secs]23.598: [CMS23.608: [CMS-concurrent-mark: 0.002/0.010 secs] [Times: user=0.00 sys=0.00, real=0.01 secs] 
 (concurrent mode failure): 4993K->897K(6848K), 0.0125112 secs] 4993K->897K(9920K), [Metaspace: 3664K->3664K(1056768K)], 0.0128237 secs] [Times: user=0.00 sys=0.00, real=0.01 secs] 
23.611: [GC (Allocation Failure) 23.611: [ParNew: 0K->0K(3072K), 0.0002300 secs]23.611: [CMS: 4993K->897K(6848K), 0.0020448 secs] 4993K->897K(9920K), [Metaspace: 3664K->3664K(1056768K)], 0.0023419 secs] [Times: user=0.00 sys=0.00, real=0.00 secs] 
23.614: [GC (CMS Initial Mark) [1 CMS-initial-mark: 4993K(6848K)] 4993K(9920K), 0.0001016 secs] [Times: user=0.03 sys=0.00, real=0.00 secs] 
23.614: [CMS-concurrent-mark-start]
23.614: [GC (Allocation Failure) 23.614: [ParNew: 0K->0K(3072K), 0.0002147 secs]23.614: [CMS23.623: [CMS-concurrent-mark: 0.001/0.009 secs] [Times: user=0.00 sys=0.00, real=0.01 secs] 
 (concurrent mode failure): 4993K->897K(6848K), 0.0109199 secs] 4993K->897K(9920K), [Metaspace: 3664K->3664K(1056768K)], 0.0112141 secs] [Times: user=0.00 sys=0.00, real=0.01 secs] 
23.625: [GC (Allocation Failure) 23.625: [ParNew: 0K->0K(3072K), 0.0002294 secs]23.626: [CMS: 4993K->897K(6848K), 0.0019023 secs] 4993K->897K(9920K), [Metaspace: 3664K->3664K(1056768K)], 0.0022034 secs] [Times: user=0.00 sys=0.00, real=0.00 secs] 
23.628: [GC (CMS Initial Mark) [1 CMS-initial-mark: 4993K(6848K)] 4993K(9920K), 0.0001163 secs] [Times: user=0.00 sys=0.00, real=0.00 secs] 
23.628: [CMS-concurrent-mark-start]
23.628: [GC (Allocation Failure) 23.628: [ParNew: 0K->0K(3072K), 0.0002225 secs]23.628: [CMS23.639: [CMS-concurrent-mark: 0.002/0.010 secs] [Times: user=0.00 sys=0.00, real=0.01 secs] 
 (concurrent mode failure): 4993K->897K(6848K), 0.0122223 secs] 4993K->897K(9920K), [Metaspace: 3664K->3664K(1056768K)], 0.0125138 secs] [Times: user=0.00 sys=0.00, real=0.01 secs] 
23.641: [GC (Allocation Failure) 23.641: [ParNew: 0K->0K(3072K), 0.0002586 secs]23.641: [CMS: 4993K->897K(6848K), 0.0018431 secs] 4993K->897K(9920K), [Metaspace: 3664K->3664K(1056768K)], 0.0021762 secs] [Times: user=0.00 sys=0.00, real=0.00 secs] 
23.643: [GC (CMS Initial Mark) [1 CMS-initial-mark: 4993K(6848K)] 4993K(9920K), 0.0001158 secs] [Times: user=0.00 sys=0.00, real=0.00 secs] 
23.644: [CMS-concurrent-mark-start]
23.644: [GC (Allocation Failure) 23.644: [ParNew: 0K->0K(3072K), 0.0002130 secs]23.644: [CMS23.654: [CMS-concurrent-mark: 0.002/0.010 secs] [Times: user=0.00 sys=0.00, real=0.01 secs] 
 (concurrent mode failure): 4993K->897K(6848K), 0.0121347 secs] 4993K->897K(9920K), [Metaspace: 3664K->3664K(1056768K)], 0.0124081 secs] [Times: user=0.00 sys=0.00, real=0.01 secs] 
23.656: [GC (Allocation Failure) 23.656: [ParNew: 0K->0K(3072K), 0.0002226 secs]23.657: [CMS: 4993K->897K(6848K), 0.0018624 secs] 4993K->897K(9920K), [Metaspace: 3664K->3664K(1056768K)], 0.0021538 secs] [Times: user=0.00 sys=0.00, real=0.00 secs] 
23.659: [GC (CMS Initial Mark) [1 CMS-initial-mark: 4993K(6848K)] 4993K(9920K), 0.0001348 secs] [Times: user=0.00 sys=0.00, real=0.00 secs] 
23.659: [CMS-concurrent-mark-start]
23.659: [GC (Allocation Failure) 23.659: [ParNew: 0K->0K(3072K), 0.0002026 secs]23.659: [CMS23.669: [CMS-concurrent-mark: 0.002/0.010 secs] [Times: user=0.00 sys=0.00, real=0.01 secs] 
 (concurrent mode failure): 4993K->897K(6848K), 0.0129804 secs] 4993K->897K(9920K), [Metaspace: 3664K->3664K(1056768K)], 0.0132611 secs] [Times: user=0.00 sys=0.00, real=0.01 secs] 
23.673: [GC (Allocation Failure) 23.673: [ParNew: 0K->0K(3072K), 0.0003145 secs]23.673: [CMS: 4993K->897K(6848K), 0.0024144 secs] 4993K->897K(9920K), [Metaspace: 3664K->3664K(1056768K)], 0.0028128 secs] [Times: user=0.00 sys=0.00, real=0.00 secs] 
23.676: [GC (CMS Initial Mark) [1 CMS-initial-mark: 4993K(6848K)] 4993K(9920K), 0.0001389 secs] [Times: user=0.00 sys=0.00, real=0.00 secs] 
23.676: [CMS-concurrent-mark-start]
23.676: [GC (Allocation Failure) 23.676: [ParNew: 0K->0K(3072K), 0.0002355 secs]23.677: [CMS23.685: [CMS-concurrent-mark: 0.002/0.008 secs] [Times: user=0.00 sys=0.00, real=0.01 secs] 
 (concurrent mode failure): 4993K->897K(6848K), 0.0107801 secs] 4993K->897K(9920K), [Metaspace: 3664K->3664K(1056768K)], 0.0111063 secs] [Times: user=0.00 sys=0.00, real=0.01 secs] 
23.688: [GC (Allocation Failure) 23.688: [ParNew: 0K->0K(3072K), 0.0002857 secs]23.688: [CMS: 4993K->897K(6848K), 0.0021640 secs] 4993K->897K(9920K), [Metaspace: 3664K->3664K(1056768K)], 0.0025230 secs] [Times: user=0.00 sys=0.00, real=0.00 secs] 
23.691: [GC (CMS Initial Mark) [1 CMS-initial-mark: 4993K(6848K)] 4993K(9920K), 0.0001600 secs] [Times: user=0.00 sys=0.00, real=0.00 secs] 
23.691: [CMS-concurrent-mark-start]
23.691: [GC (Allocation Failure) 23.691: [ParNew: 0K->0K(3072K), 0.0002471 secs]23.692: [CMS23.701: [CMS-concurrent-mark: 0.002/0.009 secs] [Times: user=0.00 sys=0.00, real=0.01 secs] 
 (concurrent mode failure): 4993K->897K(6848K), 0.0121975 secs] 4993K->897K(9920K), [Metaspace: 3664K->3664K(1056768K)], 0.0125310 secs] [Times: user=0.00 sys=0.00, real=0.01 secs] 
23.704: [GC (Allocation Failure) 23.704: [ParNew: 0K->0K(3072K), 0.0002899 secs]23.704: [CMS: 4993K->897K(6848K), 0.0023118 secs] 4993K->897K(9920K), [Metaspace: 3664K->3664K(1056768K)], 0.0026801 secs] [Times: user=0.00 sys=0.00, real=0.00 secs] 
23.707: [GC (CMS Initial Mark) [1 CMS-initial-mark: 4993K(6848K)] 4993K(9920K), 0.0001474 secs] [Times: user=0.00 sys=0.00, real=0.00 secs] 
23.707: [CMS-concurrent-mark-start]
23.708: [GC (Allocation Failure) 23.708: [ParNew: 0K->0K(3072K), 0.0003571 secs]23.708: [CMS23.716: [CMS-concurrent-mark: 0.002/0.009 secs] [Times: user=0.01 sys=0.00, real=0.01 secs] 
 (concurrent mode failure): 4993K->897K(6848K), 0.0114003 secs] 4993K->897K(9920K), [Metaspace: 3664K->3664K(1056768K)], 0.0118500 secs] [Times: user=0.00 sys=0.00, real=0.01 secs] 
23.720: [GC (Allocation Failure) 23.720: [ParNew: 0K->0K(3072K), 0.0002247 secs]23.720: [CMS: 4993K->897K(6848K), 0.0018543 secs] 4993K->897K(9920K), [Metaspace: 3664K->3664K(1056768K)], 0.0021401 secs] [Times: user=0.00 sys=0.00, real=0.00 secs] 
23.722: [GC (CMS Initial Mark) [1 CMS-initial-mark: 4993K(6848K)] 4993K(9920K), 0.0001180 secs] [Times: user=0.00 sys=0.00, real=0.00 secs] 
23.722: [CMS-concurrent-mark-start]
23.722: [GC (Allocation Failure) 23.723: [ParNew: 0K->0K(3072K), 0.0003273 secs]23.723: [CMS23.732: [CMS-concurrent-mark: 0.002/0.009 secs] [Times: user=0.00 sys=0.00, real=0.01 secs] 
 (concurrent mode failure): 4993K->897K(6848K), 0.0114558 secs] 4993K->897K(9920K), [Metaspace: 3664K->3664K(1056768K)], 0.0119063 secs] [Times: user=0.00 sys=0.00, real=0.01 secs] 
23.735: [GC (Allocation Failure) 23.735: [ParNew: 0K->0K(3072K), 0.0002110 secs]23.735: [CMS: 4993K->897K(6848K), 0.0018703 secs] 4993K->897K(9920K), [Metaspace: 3664K->3664K(1056768K)], 0.0021448 secs] [Times: user=0.00 sys=0.00, real=0.00 secs] 
23.737: [GC (CMS Initial Mark) [1 CMS-initial-mark: 4993K(6848K)] 4993K(9920K), 0.0001203 secs] [Times: user=0.00 sys=0.00, real=0.00 secs] 
23.737: [CMS-concurrent-mark-start]
23.738: [GC (Allocation Failure) 23.738: [ParNew: 0K->0K(3072K), 0.0002589 secs]23.738: [CMS23.747: [CMS-concurrent-mark: 0.002/0.009 secs] [Times: user=0.00 sys=0.00, real=0.01 secs] 
 (concurrent mode failure): 4993K->897K(6848K), 0.0112847 secs] 4993K->897K(9920K), [Metaspace: 3664K->3664K(1056768K)], 0.0116198 secs] [Times: user=0.00 sys=0.00, real=0.01 secs] 
23.750: [GC (Allocation Failure) 23.750: [ParNew: 0K->0K(3072K), 0.0002862 secs]23.750: [CMS: 4993K->897K(6848K), 0.0026989 secs] 4993K->897K(9920K), [Metaspace: 3664K->3664K(1056768K)], 0.0030926 secs] [Times: user=0.00 sys=0.00, real=0.00 secs] 
23.753: [GC (CMS Initial Mark) [1 CMS-initial-mark: 4993K(6848K)] 4993K(9920K), 0.0001300 secs] [Times: user=0.00 sys=0.00, real=0.00 secs] 
23.753: [CMS-concurrent-mark-start]
23.753: [GC (Allocation Failure) 23.753: [ParNew: 0K->0K(3072K), 0.0002164 secs]23.754: [CMS23.762: [CMS-concurrent-mark: 0.002/0.009 secs] [Times: user=0.00 sys=0.00, real=0.01 secs] 
 (concurrent mode failure): 4993K->897K(6848K), 0.0110864 secs] 4993K->897K(9920K), [Metaspace: 3664K->3664K(1056768K)], 0.0113803 secs] [Times: user=0.00 sys=0.00, real=0.01 secs] 
23.765: [GC (Allocation Failure) 23.765: [ParNew: 0K->0K(3072K), 0.0002818 secs]23.765: [CMS: 4993K->897K(6848K), 0.0024501 secs] 4993K->897K(9920K), [Metaspace: 3664K->3664K(1056768K)], 0.0028218 secs] [Times: user=0.00 sys=0.00, real=0.00 secs] 
23.768: [GC (CMS Initial Mark) [1 CMS-initial-mark: 4993K(6848K)] 4993K(9920K), 0.0001159 secs] [Times: user=0.00 sys=0.00, real=0.00 secs] 
23.768: [CMS-concurrent-mark-start]
23.768: [GC (Allocation Failure) 23.769: [ParNew: 0K->0K(3072K), 0.0002781 secs]23.769: [CMS23.777: [CMS-concurrent-mark: 0.002/0.009 secs] [Times: user=0.00 sys=0.00, real=0.01 secs] 
 (concurrent mode failure): 4993K->897K(6848K), 0.0108889 secs] 4993K->897K(9920K), [Metaspace: 3664K->3664K(1056768K)], 0.0112360 secs] [Times: user=0.00 sys=0.00, real=0.01 secs] 
23.780: [GC (Allocation Failure) 23.780: [ParNew: 0K->0K(3072K), 0.0002163 secs]23.780: [CMS: 4993K->897K(6848K), 0.0017839 secs] 4993K->897K(9920K), [Metaspace: 3664K->3664K(1056768K)], 0.0020635 secs] [Times: user=0.00 sys=0.00, real=0.00 secs] 
23.782: [GC (CMS Initial Mark) [1 CMS-initial-mark: 4993K(6848K)] 4993K(9920K), 0.0001267 secs] [Times: user=0.00 sys=0.00, real=0.00 secs] 
23.783: [CMS-concurrent-mark-start]
23.783: [GC (Allocation Failure) 23.783: [ParNew: 0K->0K(3072K), 0.0002838 secs]23.783: [CMS23.793: [CMS-concurrent-mark: 0.001/0.011 secs] [Times: user=0.00 sys=0.00, real=0.01 secs] 
 (concurrent mode failure): 4993K->897K(6848K), 0.0128090 secs] 4993K->897K(9920K), [Metaspace: 3664K->3664K(1056768K)], 0.0131774 secs] [Times: user=0.00 sys=0.00, real=0.01 secs] 
23.796: [GC (Allocation Failure) 23.796: [ParNew: 0K->0K(3072K), 0.0002060 secs]23.796: [CMS: 4993K->897K(6848K), 0.0017435 secs] 4993K->897K(9920K), [Metaspace: 3664K->3664K(1056768K)], 0.0020134 secs] [Times: user=0.00 sys=0.00, real=0.00 secs] 
23.799: [GC (CMS Initial Mark) [1 CMS-initial-mark: 4993K(6848K)] 4993K(9920K), 0.0000976 secs] [Times: user=0.00 sys=0.00, real=0.00 secs] 
23.799: [CMS-concurrent-mark-start]
23.799: [GC (Allocation Failure) 23.799: [ParNew: 0K->0K(3072K), 0.0001918 secs]23.799: [CMS23.809: [CMS-concurrent-mark: 0.002/0.011 secs] [Times: user=0.00 sys=0.00, real=0.01 secs] 
 (concurrent mode failure): 4993K->897K(6848K), 0.0126878 secs] 4993K->897K(9920K), [Metaspace: 3664K->3664K(1056768K)], 0.0129469 secs] [Times: user=0.00 sys=0.00, real=0.01 secs] 
23.812: [GC (Allocation Failure) 23.812: [ParNew: 0K->0K(3072K), 0.0002205 secs]23.812: [CMS: 4993K->897K(6848K), 0.0018686 secs] 4993K->897K(9920K), [Metaspace: 3664K->3664K(1056768K)], 0.0021563 secs] [Times: user=0.00 sys=0.00, real=0.00 secs] 
23.814: [GC (CMS Initial Mark) [1 CMS-initial-mark: 4993K(6848K)] 4993K(9920K), 0.0002062 secs] [Times: user=0.00 sys=0.00, real=0.00 secs] 
23.815: [CMS-concurrent-mark-start]
23.815: [GC (Allocation Failure) 23.815: [ParNew: 0K->0K(3072K), 0.0002201 secs]23.815: [CMS23.825: [CMS-concurrent-mark: 0.002/0.010 secs] [Times: user=0.00 sys=0.00, real=0.01 secs] 
 (concurrent mode failure): 4993K->897K(6848K), 0.0119423 secs] 4993K->897K(9920K), [Metaspace: 3664K->3664K(1056768K)], 0.0122339 secs] [Times: user=0.00 sys=0.00, real=0.01 secs] 
23.827: [GC (Allocation Failure) 23.827: [ParNew: 0K->0K(3072K), 0.0001920 secs]23.828: [CMS: 4993K->897K(6848K), 0.0019550 secs] 4993K->897K(9920K), [Metaspace: 3664K->3664K(1056768K)], 0.0022151 secs] [Times: user=0.00 sys=0.00, real=0.00 secs] 
23.830: [GC (CMS Initial Mark) [1 CMS-initial-mark: 4993K(6848K)] 4993K(9920K), 0.0001160 secs] [Times: user=0.00 sys=0.00, real=0.00 secs] 
23.830: [CMS-concurrent-mark-start]
23.830: [GC (Allocation Failure) 23.830: [ParNew: 0K->0K(3072K), 0.0002437 secs]23.830: [CMS23.840: [CMS-concurrent-mark: 0.001/0.010 secs] [Times: user=0.00 sys=0.00, real=0.01 secs] 
 (concurrent mode failure): 4993K->897K(6848K), 0.0115347 secs] 4993K->897K(9920K), [Metaspace: 3664K->3664K(1056768K)], 0.0118549 secs] [Times: user=0.00 sys=0.00, real=0.01 secs] 
23.842: [GC (Allocation Failure) 23.842: [ParNew: 0K->0K(3072K), 0.0002354 secs]23.843: [CMS: 4993K->897K(6848K), 0.0018627 secs] 4993K->897K(9920K), [Metaspace: 3664K->3664K(1056768K)], 0.0021615 secs] [Times: user=0.00 sys=0.00, real=0.00 secs] 
23.845: [GC (CMS Initial Mark) [1 CMS-initial-mark: 4993K(6848K)] 4993K(9920K), 0.0001163 secs] [Times: user=0.00 sys=0.00, real=0.00 secs] 
23.845: [CMS-concurrent-mark-start]
23.845: [GC (Allocation Failure) 23.845: [ParNew: 0K->0K(3072K), 0.0002468 secs]23.846: [CMS23.856: [CMS-concurrent-mark: 0.002/0.011 secs] [Times: user=0.00 sys=0.00, real=0.01 secs] 
 (concurrent mode failure): 4993K->897K(6848K), 0.0125128 secs] 4993K->897K(9920K), [Metaspace: 3664K->3664K(1056768K)], 0.0128402 secs] [Times: user=0.00 sys=0.00, real=0.01 secs] 
23.858: [GC (Allocation Failure) 23.858: [ParNew: 0K->0K(3072K), 0.0002013 secs]23.859: [CMS: 4993K->897K(6848K), 0.0018048 secs] 4993K->897K(9920K), [Metaspace: 3664K->3664K(1056768K)], 0.0020698 secs] [Times: user=0.00 sys=0.00, real=0.00 secs] 
23.861: [GC (CMS Initial Mark) [1 CMS-initial-mark: 4993K(6848K)] 4993K(9920K), 0.0001127 secs] [Times: user=0.00 sys=0.00, real=0.00 secs] 
23.861: [CMS-concurrent-mark-start]
23.861: [GC (Allocation Failure) 23.861: [ParNew: 0K->0K(3072K), 0.0001850 secs]23.861: [CMS23.871: [CMS-concurrent-mark: 0.001/0.010 secs] [Times: user=0.00 sys=0.00, real=0.01 secs] 
 (concurrent mode failure): 4993K->897K(6848K), 0.0121973 secs] 4993K->897K(9920K), [Metaspace: 3664K->3664K(1056768K)], 0.0124468 secs] [Times: user=0.00 sys=0.00, real=0.01 secs] 
23.874: [GC (Allocation Failure) 23.874: [ParNew: 0K->0K(3072K), 0.0002069 secs]23.874: [CMS: 4993K->897K(6848K), 0.0016515 secs] 4993K->897K(9920K), [Metaspace: 3664K->3664K(1056768K)], 0.0019120 secs] [Times: user=0.00 sys=0.00, real=0.00 secs] 
23.876: [GC (CMS Initial Mark) [1 CMS-initial-mark: 4993K(6848K)] 4993K(9920K), 0.0000703 secs] [Times: user=0.00 sys=0.00, real=0.00 secs] 
23.876: [CMS-concurrent-mark-start]
23.876: [GC (Allocation Failure) 23.876: [ParNew: 0K->0K(3072K), 0.0001718 secs]23.876: [CMS23.887: [CMS-concurrent-mark: 0.001/0.011 secs] [Times: user=0.00 sys=0.00, real=0.01 secs] 
 (concurrent mode failure): 4993K->897K(6848K), 0.0125941 secs] 4993K->897K(9920K), [Metaspace: 3664K->3664K(1056768K)], 0.0128224 secs] [Times: user=0.00 sys=0.00, real=0.01 secs] 
23.889: [GC (Allocation Failure) 23.889: [ParNew: 0K->0K(3072K), 0.0002428 secs]23.890: [CMS: 4993K->897K(6848K), 0.0017485 secs] 4993K->897K(9920K), [Metaspace: 3664K->3664K(1056768K)], 0.0020621 secs] [Times: user=0.00 sys=0.00, real=0.00 secs] 
23.892: [GC (CMS Initial Mark) [1 CMS-initial-mark: 4993K(6848K)] 4993K(9920K), 0.0000937 secs] [Times: user=0.00 sys=0.00, real=0.00 secs] 
23.892: [CMS-concurrent-mark-start]
23.892: [GC (Allocation Failure) 23.892: [ParNew: 0K->0K(3072K), 0.0001827 secs]23.892: [CMS23.903: [CMS-concurrent-mark: 0.002/0.011 secs] [Times: user=0.00 sys=0.00, real=0.01 secs] 
 (concurrent mode failure): 4993K->897K(6848K), 0.0134224 secs] 4993K->897K(9920K), [Metaspace: 3664K->3664K(1056768K)], 0.0136647 secs] [Times: user=0.00 sys=0.00, real=0.01 secs] 
23.906: [GC (Allocation Failure) 23.906: [ParNew: 0K->0K(3072K), 0.0002032 secs]23.906: [CMS: 4993K->897K(6848K), 0.0017872 secs] 4993K->897K(9920K), [Metaspace: 3664K->3664K(1056768K)], 0.0020663 secs] [Times: user=0.00 sys=0.00, real=0.00 secs] 
23.908: [GC (CMS Initial Mark) [1 CMS-initial-mark: 4993K(6848K)] 4993K(9920K), 0.0001769 secs] [Times: user=0.00 sys=0.00, real=0.00 secs] 
23.908: [CMS-concurrent-mark-start]
23.909: [GC (Allocation Failure) 23.909: [ParNew: 0K->0K(3072K), 0.0002553 secs]23.909: [CMS23.919: [CMS-concurrent-mark: 0.002/0.010 secs] [Times: user=0.00 sys=0.00, real=0.01 secs] 
 (concurrent mode failure): 4993K->897K(6848K), 0.0129967 secs] 4993K->897K(9920K), [Metaspace: 3664K->3664K(1056768K)], 0.0133412 secs] [Times: user=0.00 sys=0.00, real=0.01 secs] 
23.922: [GC (Allocation Failure) 23.922: [ParNew: 0K->0K(3072K), 0.0003410 secs]23.923: [CMS: 4993K->897K(6848K), 0.0023060 secs] 4993K->897K(9920K), [Metaspace: 3664K->3664K(1056768K)], 0.0027466 secs] [Times: user=0.00 sys=0.00, real=0.00 secs] 
23.925: [GC (CMS Initial Mark) [1 CMS-initial-mark: 4993K(6848K)] 4993K(9920K), 0.0001948 secs] [Times: user=0.00 sys=0.00, real=0.00 secs] 
23.926: [CMS-concurrent-mark-start]
23.926: [GC (Allocation Failure) 23.926: [ParNew: 0K->0K(3072K), 0.0002962 secs]23.926: [CMS23.935: [CMS-concurrent-mark: 0.002/0.009 secs] [Times: user=0.00 sys=0.00, real=0.01 secs] 
 (concurrent mode failure): 4993K->897K(6848K), 0.0114206 secs] 4993K->897K(9920K), [Metaspace: 3664K->3664K(1056768K)], 0.0118050 secs] [Times: user=0.00 sys=0.00, real=0.01 secs] 
23.938: [GC (Allocation Failure) 23.938: [ParNew: 0K->0K(3072K), 0.0002427 secs]23.938: [CMS: 4993K->897K(6848K), 0.0018123 secs] 4993K->897K(9920K), [Metaspace: 3664K->3664K(1056768K)], 0.0021204 secs] [Times: user=0.00 sys=0.00, real=0.00 secs] 
23.940: [GC (CMS Initial Mark) [1 CMS-initial-mark: 4993K(6848K)] 4993K(9920K), 0.0001166 secs] [Times: user=0.00 sys=0.00, real=0.00 secs] 
23.941: [CMS-concurrent-mark-start]
23.941: [GC (Allocation Failure) 23.941: [ParNew: 0K->0K(3072K), 0.0002090 secs]23.941: [CMS23.951: [CMS-concurrent-mark: 0.002/0.010 secs] [Times: user=0.00 sys=0.00, real=0.01 secs] 
 (concurrent mode failure): 4993K->897K(6848K), 0.0125250 secs] 4993K->897K(9920K), [Metaspace: 3664K->3664K(1056768K)], 0.0128058 secs] [Times: user=0.00 sys=0.00, real=0.01 secs] 
23.954: [GC (Allocation Failure) 23.954: [ParNew: 0K->0K(3072K), 0.0002300 secs]23.954: [CMS: 4993K->897K(6848K), 0.0018559 secs] 4993K->897K(9920K), [Metaspace: 3664K->3664K(1056768K)], 0.0021460 secs] [Times: user=0.00 sys=0.00, real=0.00 secs] 
23.956: [GC (CMS Initial Mark) [1 CMS-initial-mark: 4993K(6848K)] 4993K(9920K), 0.0001142 secs] [Times: user=0.00 sys=0.00, real=0.00 secs] 
23.957: [CMS-concurrent-mark-start]
23.957: [GC (Allocation Failure) 23.957: [ParNew: 0K->0K(3072K), 0.0002258 secs]23.957: [CMS23.966: [CMS-concurrent-mark: 0.002/0.010 secs] [Times: user=0.00 sys=0.00, real=0.01 secs] 
 (concurrent mode failure): 4993K->897K(6848K), 0.0120826 secs] 4993K->897K(9920K), [Metaspace: 3664K->3664K(1056768K)], 0.0123872 secs] [Times: user=0.00 sys=0.00, real=0.01 secs] 
23.969: [GC (Allocation Failure) 23.969: [ParNew: 0K->0K(3072K), 0.0002685 secs]23.970: [CMS: 4993K->897K(6848K), 0.0017635 secs] 4993K->897K(9920K), [Metaspace: 3664K->3664K(1056768K)], 0.0020891 secs] [Times: user=0.00 sys=0.00, real=0.00 secs] 
23.972: [GC (CMS Initial Mark) [1 CMS-initial-mark: 4993K(6848K)] 4993K(9920K), 0.0001282 secs] [Times: user=0.00 sys=0.00, real=0.00 secs] 
23.972: [CMS-concurrent-mark-start]
23.972: [GC (Allocation Failure) 23.972: [ParNew: 0K->0K(3072K), 0.0002631 secs]23.972: [CMS23.982: [CMS-concurrent-mark: 0.002/0.010 secs] [Times: user=0.00 sys=0.00, real=0.01 secs] 
 (concurrent mode failure): 4993K->897K(6848K), 0.0133942 secs] 4993K->897K(9920K), [Metaspace: 3664K->3664K(1056768K)], 0.0137390 secs] [Times: user=0.00 sys=0.00, real=0.01 secs] 
23.986: [GC (Allocation Failure) 23.986: [ParNew: 0K->0K(3072K), 0.0002373 secs]23.986: [CMS: 4993K->897K(6848K), 0.0019226 secs] 4993K->897K(9920K), [Metaspace: 3664K->3664K(1056768K)], 0.0022252 secs] [Times: user=0.00 sys=0.00, real=0.00 secs] 
23.989: [GC (CMS Initial Mark) [1 CMS-initial-mark: 4993K(6848K)] 4993K(9920K), 0.0001157 secs] [Times: user=0.00 sys=0.00, real=0.00 secs] 
23.989: [CMS-concurrent-mark-start]
23.989: [GC (Allocation Failure) 23.989: [ParNew: 0K->0K(3072K), 0.0002286 secs]23.989: [CMS23.997: [CMS-concurrent-mark: 0.002/0.008 secs] [Times: user=0.00 sys=0.00, real=0.01 secs] 
 (concurrent mode failure): 4993K->897K(6848K), 0.0106217 secs] 4993K->897K(9920K), [Metaspace: 3664K->3664K(1056768K)], 0.0109489 secs] [Times: user=0.00 sys=0.00, real=0.01 secs] 
24.000: [GC (Allocation Failure) 24.000: [ParNew: 0K->0K(3072K), 0.0001973 secs]24.001: [CMS: 4993K->897K(6848K), 0.0022266 secs] 4993K->897K(9920K), [Metaspace: 3664K->3664K(1056768K)], 0.0025019 secs] [Times: user=0.00 sys=0.00, real=0.00 secs] 
24.003: [GC (CMS Initial Mark) [1 CMS-initial-mark: 4993K(6848K)] 4993K(9920K), 0.0000821 secs] [Times: user=0.00 sys=0.00, real=0.00 secs] 
24.003: [CMS-concurrent-mark-start]
24.003: [GC (Allocation Failure) 24.003: [ParNew: 0K->0K(3072K), 0.0001931 secs]24.004: [CMS24.012: [CMS-concurrent-mark: 0.001/0.009 secs] [Times: user=0.00 sys=0.00, real=0.01 secs] 
 (concurrent mode failure): 4993K->897K(6848K), 0.0114722 secs] 4993K->897K(9920K), [Metaspace: 3664K->3664K(1056768K)], 0.0117345 secs] [Times: user=0.00 sys=0.00, real=0.01 secs] 
24.015: [GC (Allocation Failure) 24.015: [ParNew: 0K->0K(3072K), 0.0002293 secs]24.016: [CMS: 4993K->897K(6848K), 0.0029039 secs] 4993K->897K(9920K), [Metaspace: 3664K->3664K(1056768K)], 0.0032045 secs] [Times: user=0.00 sys=0.00, real=0.00 secs] 
24.019: [GC (CMS Initial Mark) [1 CMS-initial-mark: 4993K(6848K)] 4993K(9920K), 0.0001327 secs] [Times: user=0.00 sys=0.00, real=0.00 secs] 
24.019: [CMS-concurrent-mark-start]
24.019: [GC (Allocation Failure) 24.019: [ParNew: 0K->0K(3072K), 0.0002619 secs]24.019: [CMS24.029: [CMS-concurrent-mark: 0.001/0.010 secs] [Times: user=0.00 sys=0.00, real=0.01 secs] 
 (concurrent mode failure): 4993K->897K(6848K), 0.0118101 secs] 4993K->897K(9920K), [Metaspace: 3664K->3664K(1056768K)], 0.0121425 secs] [Times: user=0.00 sys=0.00, real=0.01 secs] 
24.032: [GC (Allocation Failure) 24.032: [ParNew: 0K->0K(3072K), 0.0003039 secs]24.032: [CMS: 4993K->897K(6848K), 0.0033021 secs] 4993K->897K(9920K), [Metaspace: 3664K->3664K(1056768K)], 0.0037662 secs] [Times: user=0.00 sys=0.00, real=0.00 secs] 
24.036: [GC (CMS Initial Mark) [1 CMS-initial-mark: 4993K(6848K)] 4993K(9920K), 0.0001676 secs] [Times: user=0.06 sys=0.00, real=0.00 secs] 
24.036: [CMS-concurrent-mark-start]
24.036: [GC (Allocation Failure) 24.036: [ParNew: 0K->0K(3072K), 0.0002633 secs]24.036: [CMS24.044: [CMS-concurrent-mark: 0.001/0.008 secs] [Times: user=0.00 sys=0.00, real=0.01 secs] 
 (concurrent mode failure): 4993K->897K(6848K), 0.0108997 secs] 4993K->897K(9920K), [Metaspace: 3664K->3664K(1056768K)], 0.0112499 secs] [Times: user=0.00 sys=0.00, real=0.01 secs] 
24.048: [GC (Allocation Failure) 24.048: [ParNew: 0K->0K(3072K), 0.0003471 secs]24.048: [CMS: 4993K->897K(6848K), 0.0035476 secs] 4993K->897K(9920K), [Metaspace: 3664K->3664K(1056768K)], 0.0039798 secs] [Times: user=0.02 sys=0.00, real=0.00 secs] 
24.052: [GC (CMS Initial Mark) [1 CMS-initial-mark: 4993K(6848K)] 4993K(9920K), 0.0001345 secs] [Times: user=0.00 sys=0.00, real=0.00 secs] 
24.052: [CMS-concurrent-mark-start]
24.052: [GC (Allocation Failure) 24.052: [ParNew: 0K->0K(3072K), 0.0002373 secs]24.053: [CMS24.060: [CMS-concurrent-mark: 0.001/0.007 secs] [Times: user=0.00 sys=0.00, real=0.01 secs] 
 (concurrent mode failure): 4993K->897K(6848K), 0.0091970 secs] 4993K->897K(9920K), [Metaspace: 3664K->3664K(1056768K)], 0.0095098 secs] [Times: user=0.00 sys=0.00, real=0.01 secs] 
24.062: [GC (Allocation Failure) 24.062: [ParNew: 0K->0K(3072K), 0.0002419 secs]24.063: [CMS: 4993K->897K(6848K), 0.0018121 secs] 4993K->897K(9920K), [Metaspace: 3664K->3664K(1056768K)], 0.0021162 secs] [Times: user=0.00 sys=0.00, real=0.00 secs] 
24.065: [GC (CMS Initial Mark) [1 CMS-initial-mark: 4993K(6848K)] 4993K(9920K), 0.0001534 secs] [Times: user=0.00 sys=0.00, real=0.00 secs] 
24.065: [CMS-concurrent-mark-start]
24.065: [GC (Allocation Failure) 24.065: [ParNew: 0K->0K(3072K), 0.0002014 secs]24.065: [CMS24.075: [CMS-concurrent-mark: 0.001/0.010 secs] [Times: user=0.00 sys=0.00, real=0.01 secs] 
 (concurrent mode failure): 4993K->897K(6848K), 0.0123160 secs] 4993K->897K(9920K), [Metaspace: 3664K->3664K(1056768K)], 0.0125848 secs] [Times: user=0.00 sys=0.00, real=0.01 secs] 
24.078: [GC (Allocation Failure) 24.078: [ParNew: 0K->0K(3072K), 0.0002544 secs]24.078: [CMS: 4993K->897K(6848K), 0.0019594 secs] 4993K->897K(9920K), [Metaspace: 3664K->3664K(1056768K)], 0.0022794 secs] [Times: user=0.00 sys=0.00, real=0.00 secs] 
24.080: [GC (CMS Initial Mark) [1 CMS-initial-mark: 4993K(6848K)] 4993K(9920K), 0.0000861 secs] [Times: user=0.00 sys=0.00, real=0.00 secs] 
24.081: [CMS-concurrent-mark-start]
24.081: [GC (Allocation Failure) 24.081: [ParNew: 0K->0K(3072K), 0.0001922 secs]24.081: [CMS24.091: [CMS-concurrent-mark: 0.002/0.010 secs] [Times: user=0.00 sys=0.00, real=0.01 secs] 
 (concurrent mode failure): 4993K->897K(6848K), 0.0120605 secs] 4993K->897K(9920K), [Metaspace: 3664K->3664K(1056768K)], 0.0123189 secs] [Times: user=0.00 sys=0.00, real=0.01 secs] 
24.093: [GC (Allocation Failure) 24.093: [ParNew: 0K->0K(3072K), 0.0002344 secs]24.094: [CMS: 4993K->897K(6848K), 0.0018279 secs] 4993K->897K(9920K), [Metaspace: 3664K->3664K(1056768K)], 0.0021308 secs] [Times: user=0.00 sys=0.00, real=0.00 secs] 
24.096: [GC (CMS Initial Mark) [1 CMS-initial-mark: 4993K(6848K)] 4993K(9920K), 0.0001166 secs] [Times: user=0.00 sys=0.00, real=0.00 secs] 
24.096: [CMS-concurrent-mark-start]
24.096: [GC (Allocation Failure) 24.096: [ParNew: 0K->0K(3072K), 0.0002393 secs]24.096: [CMS24.106: [CMS-concurrent-mark: 0.002/0.010 secs] [Times: user=0.00 sys=0.00, real=0.01 secs] 
 (concurrent mode failure): 4993K->897K(6848K), 0.0119220 secs] 4993K->897K(9920K), [Metaspace: 3664K->3664K(1056768K)], 0.0122320 secs] [Times: user=0.00 sys=0.00, real=0.01 secs] 
24.108: [GC (Allocation Failure) 24.108: [ParNew: 0K->0K(3072K), 0.0002263 secs]24.109: [CMS: 4993K->897K(6848K), 0.0018425 secs] 4993K->897K(9920K), [Metaspace: 3664K->3664K(1056768K)], 0.0021485 secs] [Times: user=0.00 sys=0.00, real=0.00 secs] 
24.111: [GC (CMS Initial Mark) [1 CMS-initial-mark: 4993K(6848K)] 4993K(9920K), 0.0001586 secs] [Times: user=0.00 sys=0.00, real=0.00 secs] 
24.111: [CMS-concurrent-mark-start]
24.111: [GC (Allocation Failure) 24.111: [ParNew: 0K->0K(3072K), 0.0002193 secs]24.111: [CMS24.122: [CMS-concurrent-mark: 0.001/0.010 secs] [Times: user=0.00 sys=0.00, real=0.01 secs] 
 (concurrent mode failure): 4993K->897K(6848K), 0.0124743 secs] 4993K->897K(9920K), [Metaspace: 3664K->3664K(1056768K)], 0.0127692 secs] [Times: user=0.00 sys=0.00, real=0.01 secs] 
24.124: [GC (Allocation Failure) 24.124: [ParNew: 0K->0K(3072K), 0.0002195 secs]24.125: [CMS: 4993K->897K(6848K), 0.0018107 secs] 4993K->897K(9920K), [Metaspace: 3664K->3664K(1056768K)], 0.0020921 secs] [Times: user=0.00 sys=0.00, real=0.00 secs] 
24.127: [GC (CMS Initial Mark) [1 CMS-initial-mark: 4993K(6848K)] 4993K(9920K), 0.0001290 secs] [Times: user=0.00 sys=0.00, real=0.00 secs] 
24.127: [CMS-concurrent-mark-start]
24.127: [GC (Allocation Failure) 24.127: [ParNew: 0K->0K(3072K), 0.0003205 secs]24.127: [CMS24.137: [CMS-concurrent-mark: 0.002/0.010 secs] [Times: user=0.00 sys=0.00, real=0.01 secs] 
 (concurrent mode failure): 4993K->897K(6848K), 0.0121615 secs] 4993K->897K(9920K), [Metaspace: 3664K->3664K(1056768K)], 0.0125661 secs] [Times: user=0.00 sys=0.00, real=0.01 secs] 
24.140: [GC (Allocation Failure) 24.140: [ParNew: 0K->0K(3072K), 0.0005194 secs]24.141: [CMS: 4993K->897K(6848K), 0.0019641 secs] 4993K->897K(9920K), [Metaspace: 3664K->3664K(1056768K)], 0.0025566 secs] [Times: user=0.00 sys=0.00, real=0.00 secs] 
24.143: [GC (CMS Initial Mark) [1 CMS-initial-mark: 4993K(6848K)] 4993K(9920K), 0.0001174 secs] [Times: user=0.00 sys=0.00, real=0.00 secs] 
24.143: [CMS-concurrent-mark-start]
24.143: [GC (Allocation Failure) 24.143: [ParNew: 0K->0K(3072K), 0.0001822 secs]24.143: [CMS24.153: [CMS-concurrent-mark: 0.001/0.010 secs] [Times: user=0.00 sys=0.00, real=0.01 secs] 
 (concurrent mode failure): 4993K->897K(6848K), 0.0119485 secs] 4993K->897K(9920K), [Metaspace: 3664K->3664K(1056768K)], 0.0122005 secs] [Times: user=0.00 sys=0.00, real=0.01 secs] 
24.156: [GC (Allocation Failure) 24.156: [ParNew: 0K->0K(3072K), 0.0002894 secs]24.156: [CMS: 4993K->897K(6848K), 0.0017692 secs] 4993K->897K(9920K), [Metaspace: 3664K->3664K(1056768K)], 0.0021239 secs] [Times: user=0.00 sys=0.00, real=0.00 secs] 
24.158: [GC (CMS Initial Mark) [1 CMS-initial-mark: 4993K(6848K)] 4993K(9920K), 0.0001213 secs] [Times: user=0.00 sys=0.00, real=0.00 secs] 
24.158: [CMS-concurrent-mark-start]
24.158: [GC (Allocation Failure) 24.158: [ParNew: 0K->0K(3072K), 0.0001980 secs]24.159: [CMS24.168: [CMS-concurrent-mark: 0.002/0.010 secs] [Times: user=0.00 sys=0.00, real=0.01 secs] 
 (concurrent mode failure): 4993K->897K(6848K), 0.0120662 secs] 4993K->897K(9920K), [Metaspace: 3664K->3664K(1056768K)], 0.0123375 secs] [Times: user=0.00 sys=0.00, real=0.01 secs] 
24.171: [GC (Allocation Failure) 24.171: [ParNew: 0K->0K(3072K), 0.0002046 secs]24.171: [CMS: 4993K->897K(6848K), 0.0018814 secs] 4993K->897K(9920K), [Metaspace: 3664K->3664K(1056768K)], 0.0021527 secs] [Times: user=0.00 sys=0.00, real=0.00 secs] 
24.174: [GC (CMS Initial Mark) [1 CMS-initial-mark: 4993K(6848K)] 4993K(9920K), 0.0001285 secs] [Times: user=0.00 sys=0.00, real=0.00 secs] 
24.174: [CMS-concurrent-mark-start]
24.174: [GC (Allocation Failure) 24.174: [ParNew: 0K->0K(3072K), 0.0002541 secs]24.174: [CMS24.185: [CMS-concurrent-mark: 0.002/0.011 secs] [Times: user=0.00 sys=0.00, real=0.01 secs] 
 (concurrent mode failure): 4993K->897K(6848K), 0.0133120 secs] 4993K->897K(9920K), [Metaspace: 3664K->3664K(1056768K)], 0.0136403 secs] [Times: user=0.00 sys=0.00, real=0.01 secs] 
24.188: [GC (Allocation Failure) 24.188: [ParNew: 0K->0K(3072K), 0.0002330 secs]24.188: [CMS: 4993K->897K(6848K), 0.0017727 secs] 4993K->897K(9920K), [Metaspace: 3664K->3664K(1056768K)], 0.0020669 secs] [Times: user=0.00 sys=0.00, real=0.00 secs] 
24.190: [GC (CMS Initial Mark) [1 CMS-initial-mark: 4993K(6848K)] 4993K(9920K), 0.0000853 secs] [Times: user=0.00 sys=0.00, real=0.00 secs] 
24.190: [CMS-concurrent-mark-start]
24.191: [GC (Allocation Failure) 24.191: [ParNew: 0K->0K(3072K), 0.0002033 secs]24.191: [CMS24.200: [CMS-concurrent-mark: 0.002/0.009 secs] [Times: user=0.00 sys=0.00, real=0.01 secs] 
 (concurrent mode failure): 4993K->897K(6848K), 0.0121085 secs] 4993K->897K(9920K), [Metaspace: 3664K->3664K(1056768K)], 0.0124016 secs] [Times: user=0.00 sys=0.00, real=0.01 secs] 
24.203: [GC (Allocation Failure) 24.203: [ParNew: 0K->0K(3072K), 0.0002844 secs]24.204: [CMS: 4993K->897K(6848K), 0.0018213 secs] 4993K->897K(9920K), [Metaspace: 3664K->3664K(1056768K)], 0.0021747 secs] [Times: user=0.00 sys=0.00, real=0.00 secs] 
24.206: [GC (CMS Initial Mark) [1 CMS-initial-mark: 4993K(6848K)] 4993K(9920K), 0.0000788 secs] [Times: user=0.00 sys=0.00, real=0.00 secs] 
24.206: [CMS-concurrent-mark-start]
24.206: [GC (Allocation Failure) 24.206: [ParNew: 0K->0K(3072K), 0.0001746 secs]24.206: [CMS24.215: [CMS-concurrent-mark: 0.002/0.009 secs] [Times: user=0.00 sys=0.00, real=0.01 secs] 
 (concurrent mode failure): 4993K->897K(6848K), 0.0118117 secs] 4993K->897K(9920K), [Metaspace: 3664K->3664K(1056768K)], 0.0120582 secs] [Times: user=0.00 sys=0.00, real=0.01 secs] 
24.218: [GC (Allocation Failure) 24.218: [ParNew: 0K->0K(3072K), 0.0003081 secs]24.219: [CMS: 4993K->897K(6848K), 0.0018386 secs] 4993K->897K(9920K), [Metaspace: 3664K->3664K(1056768K)], 0.0022176 secs] [Times: user=0.00 sys=0.00, real=0.00 secs] 
24.221: [GC (CMS Initial Mark) [1 CMS-initial-mark: 4993K(6848K)] 4993K(9920K), 0.0000762 secs] [Times: user=0.00 sys=0.00, real=0.00 secs] 
24.221: [CMS-concurrent-mark-start]
24.221: [GC (Allocation Failure) 24.221: [ParNew: 0K->0K(3072K), 0.0001775 secs]24.221: [CMS24.230: [CMS-concurrent-mark: 0.002/0.009 secs] [Times: user=0.00 sys=0.00, real=0.01 secs] 
 (concurrent mode failure): 4993K->897K(6848K), 0.0113387 secs] 4993K->897K(9920K), [Metaspace: 3664K->3664K(1056768K)], 0.0116154 secs] [Times: user=0.00 sys=0.00, real=0.01 secs] 
24.233: [GC (Allocation Failure) 24.233: [ParNew: 0K->0K(3072K), 0.0003187 secs]24.234: [CMS: 4993K->897K(6848K), 0.0022525 secs] 4993K->897K(9920K), [Metaspace: 3664K->3664K(1056768K)], 0.0026530 secs] [Times: user=0.00 sys=0.00, real=0.00 secs] 
24.236: [GC (CMS Initial Mark) [1 CMS-initial-mark: 4993K(6848K)] 4993K(9920K), 0.0001369 secs] [Times: user=0.00 sys=0.00, real=0.00 secs] 
24.236: [CMS-concurrent-mark-start]
24.237: [GC (Allocation Failure) 24.237: [ParNew: 0K->0K(3072K), 0.0002352 secs]24.237: [CMS24.247: [CMS-concurrent-mark: 0.002/0.010 secs] [Times: user=0.00 sys=0.00, real=0.01 secs] 
 (concurrent mode failure): 4993K->897K(6848K), 0.0123661 secs] 4993K->897K(9920K), [Metaspace: 3664K->3664K(1056768K)], 0.0126979 secs] [Times: user=0.00 sys=0.00, real=0.01 secs] 
24.250: [GC (Allocation Failure) 24.250: [ParNew: 0K->0K(3072K), 0.0003268 secs]24.250: [CMS: 4993K->897K(6848K), 0.0026942 secs] 4993K->897K(9920K), [Metaspace: 3664K->3664K(1056768K)], 0.0031415 secs] [Times: user=0.00 sys=0.00, real=0.00 secs] 
24.253: [GC (CMS Initial Mark) [1 CMS-initial-mark: 4993K(6848K)] 4993K(9920K), 0.0001725 secs] [Times: user=0.00 sys=0.00, real=0.00 secs] 
24.254: [CMS-concurrent-mark-start]
24.254: [GC (Allocation Failure) 24.254: [ParNew: 0K->0K(3072K), 0.0002829 secs]24.254: [CMS24.262: [CMS-concurrent-mark: 0.002/0.008 secs] [Times: user=0.00 sys=0.00, real=0.01 secs] 
 (concurrent mode failure): 4993K->897K(6848K), 0.0104661 secs] 4993K->897K(9920K), [Metaspace: 3664K->3664K(1056768K)], 0.0108294 secs] [Times: user=0.00 sys=0.00, real=0.01 secs] 
24.265: [GC (Allocation Failure) 24.265: [ParNew: 0K->0K(3072K), 0.0002323 secs]24.265: [CMS: 4993K->897K(6848K), 0.0029986 secs] 4993K->897K(9920K), [Metaspace: 3664K->3664K(1056768K)], 0.0033174 secs] [Times: user=0.00 sys=0.00, real=0.00 secs] 
24.268: [GC (CMS Initial Mark) [1 CMS-initial-mark: 4993K(6848K)] 4993K(9920K), 0.0001589 secs] [Times: user=0.00 sys=0.00, real=0.00 secs] 
24.269: [CMS-concurrent-mark-start]
24.269: [GC (Allocation Failure) 24.269: [ParNew: 0K->0K(3072K), 0.0002698 secs]24.269: [CMS24.277: [CMS-concurrent-mark: 0.002/0.009 secs] [Times: user=0.00 sys=0.00, real=0.01 secs] 
 (concurrent mode failure): 4993K->897K(6848K), 0.0105497 secs] 4993K->897K(9920K), [Metaspace: 3664K->3664K(1056768K)], 0.0109017 secs] [Times: user=0.00 sys=0.00, real=0.01 secs] 
24.280: [GC (Allocation Failure) 24.280: [ParNew: 0K->0K(3072K), 0.0002103 secs]24.280: [CMS: 4993K->897K(6848K), 0.0020814 secs] 4993K->897K(9920K), [Metaspace: 3664K->3664K(1056768K)], 0.0023751 secs] [Times: user=0.00 sys=0.00, real=0.00 secs] 
24.283: [GC (CMS Initial Mark) [1 CMS-initial-mark: 4993K(6848K)] 4993K(9920K), 0.0001135 secs] [Times: user=0.00 sys=0.00, real=0.00 secs] 
24.283: [CMS-concurrent-mark-start]
24.283: [GC (Allocation Failure) 24.283: [ParNew: 0K->0K(3072K), 0.0002557 secs]24.283: [CMS24.292: [CMS-concurrent-mark: 0.001/0.009 secs] [Times: user=0.00 sys=0.00, real=0.01 secs] 
 (concurrent mode failure): 4993K->897K(6848K), 0.0111012 secs] 4993K->897K(9920K), [Metaspace: 3664K->3664K(1056768K)], 0.0114502 secs] [Times: user=0.00 sys=0.00, real=0.01 secs] 
24.295: [GC (Allocation Failure) 24.295: [ParNew: 0K->0K(3072K), 0.0002269 secs]24.295: [CMS: 4993K->897K(6848K), 0.0019405 secs] 4993K->897K(9920K), [Metaspace: 3664K->3664K(1056768K)], 0.0022537 secs] [Times: user=0.00 sys=0.00, real=0.00 secs] 
24.297: [GC (CMS Initial Mark) [1 CMS-initial-mark: 4993K(6848K)] 4993K(9920K), 0.0000964 secs] [Times: user=0.00 sys=0.00, real=0.00 secs] 
24.298: [CMS-concurrent-mark-start]
24.298: [GC (Allocation Failure) 24.298: [ParNew: 0K->0K(3072K), 0.0002181 secs]24.298: [CMS24.308: [CMS-concurrent-mark: 0.001/0.010 secs] [Times: user=0.00 sys=0.00, real=0.01 secs] 
 (concurrent mode failure): 4993K->897K(6848K), 0.0125042 secs] 4993K->897K(9920K), [Metaspace: 3664K->3664K(1056768K)], 0.0127980 secs] [Times: user=0.00 sys=0.00, real=0.01 secs] 
24.311: [GC (Allocation Failure) 24.311: [ParNew: 0K->0K(3072K), 0.0002384 secs]24.311: [CMS: 4993K->897K(6848K), 0.0018615 secs] 4993K->897K(9920K), [Metaspace: 3664K->3664K(1056768K)], 0.0021670 secs] [Times: user=0.00 sys=0.00, real=0.00 secs] 
24.313: [GC (CMS Initial Mark) [1 CMS-initial-mark: 4993K(6848K)] 4993K(9920K), 0.0001192 secs] [Times: user=0.00 sys=0.00, real=0.00 secs] 
24.313: [CMS-concurrent-mark-start]
24.314: [GC (Allocation Failure) 24.314: [ParNew: 0K->0K(3072K), 0.0002320 secs]24.314: [CMS24.324: [CMS-concurrent-mark: 0.002/0.011 secs] [Times: user=0.00 sys=0.00, real=0.01 secs] 
 (concurrent mode failure): 4993K->897K(6848K), 0.0127592 secs] 4993K->897K(9920K), [Metaspace: 3664K->3664K(1056768K)], 0.0130732 secs] [Times: user=0.00 sys=0.00, real=0.01 secs] 
24.327: [GC (Allocation Failure) 24.327: [ParNew: 0K->0K(3072K), 0.0002314 secs]24.327: [CMS: 4993K->897K(6848K), 0.0018237 secs] 4993K->897K(9920K), [Metaspace: 3664K->3664K(1056768K)], 0.0021193 secs] [Times: user=0.00 sys=0.00, real=0.00 secs] 
24.329: [GC (CMS Initial Mark) [1 CMS-initial-mark: 4993K(6848K)] 4993K(9920K), 0.0001286 secs] [Times: user=0.00 sys=0.00, real=0.00 secs] 
24.330: [CMS-concurrent-mark-start]
24.330: [GC (Allocation Failure) 24.330: [ParNew: 0K->0K(3072K), 0.0002164 secs]24.330: [CMS24.339: [CMS-concurrent-mark: 0.002/0.009 secs] [Times: user=0.00 sys=0.00, real=0.01 secs] 
 (concurrent mode failure): 4993K->897K(6848K), 0.0113290 secs] 4993K->897K(9920K), [Metaspace: 3664K->3664K(1056768K)], 0.0116218 secs] [Times: user=0.00 sys=0.00, real=0.01 secs] 
24.342: [GC (Allocation Failure) 24.342: [ParNew: 0K->0K(3072K), 0.0002095 secs]24.342: [CMS: 4993K->897K(6848K), 0.0018951 secs] 4993K->897K(9920K), [Metaspace: 3664K->3664K(1056768K)], 0.0021836 secs] [Times: user=0.00 sys=0.00, real=0.00 secs] 
24.344: [GC (CMS Initial Mark) [1 CMS-initial-mark: 4993K(6848K)] 4993K(9920K), 0.0001456 secs] [Times: user=0.00 sys=0.00, real=0.00 secs] 
24.345: [CMS-concurrent-mark-start]
24.345: [GC (Allocation Failure) 24.345: [ParNew: 0K->0K(3072K), 0.0002248 secs]24.345: [CMS24.354: [CMS-concurrent-mark: 0.001/0.010 secs] [Times: user=0.00 sys=0.00, real=0.01 secs] 
 (concurrent mode failure): 4993K->897K(6848K), 0.0114833 secs] 4993K->897K(9920K), [Metaspace: 3664K->3664K(1056768K)], 0.0117792 secs] [Times: user=0.00 sys=0.00, real=0.01 secs] 
24.357: [GC (Allocation Failure) 24.357: [ParNew: 0K->0K(3072K), 0.0002182 secs]24.357: [CMS: 4993K->897K(6848K), 0.0018934 secs] 4993K->897K(9920K), [Metaspace: 3664K->3664K(1056768K)], 0.0021990 secs] [Times: user=0.00 sys=0.00, real=0.00 secs] 
24.359: [GC (CMS Initial Mark) [1 CMS-initial-mark: 4993K(6848K)] 4993K(9920K), 0.0001171 secs] [Times: user=0.00 sys=0.00, real=0.00 secs] 
24.359: [CMS-concurrent-mark-start]
24.359: [GC (Allocation Failure) 24.359: [ParNew: 0K->0K(3072K), 0.0002173 secs]24.360: [CMS24.370: [CMS-concurrent-mark: 0.002/0.011 secs] [Times: user=0.00 sys=0.00, real=0.01 secs] 
 (concurrent mode failure): 4993K->897K(6848K), 0.0126498 secs] 4993K->897K(9920K), [Metaspace: 3664K->3664K(1056768K)], 0.0129339 secs] [Times: user=0.00 sys=0.00, real=0.01 secs] 
24.373: [GC (Allocation Failure) 24.373: [ParNew: 0K->0K(3072K), 0.0002714 secs]24.373: [CMS: 4993K->897K(6848K), 0.0018819 secs] 4993K->897K(9920K), [Metaspace: 3664K->3664K(1056768K)], 0.0022189 secs] [Times: user=0.00 sys=0.00, real=0.00 secs] 
24.375: [GC (CMS Initial Mark) [1 CMS-initial-mark: 4993K(6848K)] 4993K(9920K), 0.0001293 secs] [Times: user=0.00 sys=0.00, real=0.00 secs] 
24.375: [CMS-concurrent-mark-start]
24.375: [GC (Allocation Failure) 24.375: [ParNew: 0K->0K(3072K), 0.0001774 secs]24.376: [CMS24.386: [CMS-concurrent-mark: 0.002/0.010 secs] [Times: user=0.00 sys=0.00, real=0.01 secs] 
 (concurrent mode failure): 4993K->897K(6848K), 0.0123000 secs] 4993K->897K(9920K), [Metaspace: 3664K->3664K(1056768K)], 0.0125397 secs] [Times: user=0.00 sys=0.00, real=0.01 secs] 
24.388: [GC (Allocation Failure) 24.388: [ParNew: 0K->0K(3072K), 0.0002077 secs]24.388: [CMS: 4993K->897K(6848K), 0.0017703 secs] 4993K->897K(9920K), [Metaspace: 3664K->3664K(1056768K)], 0.0020460 secs] [Times: user=0.00 sys=0.00, real=0.00 secs] 
24.391: [GC (CMS Initial Mark) [1 CMS-initial-mark: 4993K(6848K)] 4993K(9920K), 0.0001143 secs] [Times: user=0.00 sys=0.00, real=0.00 secs] 
24.391: [CMS-concurrent-mark-start]
24.391: [GC (Allocation Failure) 24.391: [ParNew: 0K->0K(3072K), 0.0002021 secs]24.391: [CMS24.402: [CMS-concurrent-mark: 0.002/0.011 secs] [Times: user=0.00 sys=0.00, real=0.01 secs] 
 (concurrent mode failure): 4993K->897K(6848K), 0.0127406 secs] 4993K->897K(9920K), [Metaspace: 3664K->3664K(1056768K)], 0.0130116 secs] [Times: user=0.00 sys=0.00, real=0.01 secs] 
24.404: [GC (Allocation Failure) 24.404: [ParNew: 0K->0K(3072K), 0.0001902 secs]24.404: [CMS: 4993K->897K(6848K), 0.0017030 secs] 4993K->897K(9920K), [Metaspace: 3664K->3664K(1056768K)], 0.0019595 secs] [Times: user=0.00 sys=0.00, real=0.00 secs] 
24.407: [GC (CMS Initial Mark) [1 CMS-initial-mark: 4993K(6848K)] 4993K(9920K), 0.0001068 secs] [Times: user=0.00 sys=0.00, real=0.00 secs] 
24.407: [CMS-concurrent-mark-start]
24.407: [GC (Allocation Failure) 24.407: [ParNew: 0K->0K(3072K), 0.0002256 secs]24.407: [CMS24.417: [CMS-concurrent-mark: 0.002/0.011 secs] [Times: user=0.00 sys=0.00, real=0.01 secs] 
 (concurrent mode failure): 4993K->897K(6848K), 0.0129293 secs] 4993K->897K(9920K), [Metaspace: 3664K->3664K(1056768K)], 0.0132181 secs] [Times: user=0.00 sys=0.00, real=0.01 secs] 
24.420: [GC (Allocation Failure) 24.420: [ParNew: 0K->0K(3072K), 0.0002707 secs]24.421: [CMS: 4993K->897K(6848K), 0.0016886 secs] 4993K->897K(9920K), [Metaspace: 3664K->3664K(1056768K)], 0.0020177 secs] [Times: user=0.00 sys=0.00, real=0.00 secs] 
24.423: [GC (CMS Initial Mark) [1 CMS-initial-mark: 4993K(6848K)] 4993K(9920K), 0.0001095 secs] [Times: user=0.00 sys=0.00, real=0.00 secs] 
24.423: [CMS-concurrent-mark-start]
24.423: [GC (Allocation Failure) 24.423: [ParNew: 0K->0K(3072K), 0.0002930 secs]24.423: [CMS24.433: [CMS-concurrent-mark: 0.002/0.010 secs] [Times: user=0.00 sys=0.00, real=0.01 secs] 
 (concurrent mode failure): 4993K->897K(6848K), 0.0127059 secs] 4993K->897K(9920K), [Metaspace: 3664K->3664K(1056768K)], 0.0130792 secs] [Times: user=0.00 sys=0.00, real=0.01 secs] 
24.436: [GC (Allocation Failure) 24.436: [ParNew: 0K->0K(3072K), 0.0003298 secs]24.437: [CMS: 4993K->897K(6848K), 0.0024448 secs] 4993K->897K(9920K), [Metaspace: 3664K->3664K(1056768K)], 0.0028478 secs] [Times: user=0.00 sys=0.00, real=0.00 secs] 
24.440: [GC (CMS Initial Mark) [1 CMS-initial-mark: 4993K(6848K)] 4993K(9920K), 0.0001619 secs] [Times: user=0.00 sys=0.00, real=0.00 secs] 
24.440: [CMS-concurrent-mark-start]
24.440: [GC (Allocation Failure) 24.440: [ParNew: 0K->0K(3072K), 0.0003100 secs]24.440: [CMS24.449: [CMS-concurrent-mark: 0.001/0.009 secs] [Times: user=0.00 sys=0.00, real=0.01 secs] 
 (concurrent mode failure): 4993K->897K(6848K), 0.0114093 secs] 4993K->897K(9920K), [Metaspace: 3664K->3664K(1056768K)], 0.0117994 secs] [Times: user=0.00 sys=0.00, real=0.01 secs] 
24.452: [GC (Allocation Failure) 24.452: [ParNew: 0K->0K(3072K), 0.0003697 secs]24.452: [CMS: 4993K->897K(6848K), 0.0019518 secs] 4993K->897K(9920K), [Metaspace: 3664K->3664K(1056768K)], 0.0023855 secs] [Times: user=0.00 sys=0.00, real=0.00 secs] 
24.455: [GC (CMS Initial Mark) [1 CMS-initial-mark: 4993K(6848K)] 4993K(9920K), 0.0001204 secs] [Times: user=0.00 sys=0.00, real=0.00 secs] 
24.455: [CMS-concurrent-mark-start]
24.455: [GC (Allocation Failure) 24.455: [ParNew: 0K->0K(3072K), 0.0002379 secs]24.455: [CMS24.465: [CMS-concurrent-mark: 0.002/0.010 secs] [Times: user=0.00 sys=0.00, real=0.01 secs] 
 (concurrent mode failure): 4993K->897K(6848K), 0.0131179 secs] 4993K->897K(9920K), [Metaspace: 3664K->3664K(1056768K)], 0.0134533 secs] [Times: user=0.00 sys=0.00, real=0.01 secs] 
24.469: [GC (Allocation Failure) 24.469: [ParNew: 0K->0K(3072K), 0.0003088 secs]24.469: [CMS: 4993K->897K(6848K), 0.0028359 secs] 4993K->897K(9920K), [Metaspace: 3664K->3664K(1056768K)], 0.0032296 secs] [Times: user=0.00 sys=0.00, real=0.00 secs] 
24.473: [GC (CMS Initial Mark) [1 CMS-initial-mark: 4993K(6848K)] 4993K(9920K), 0.0001589 secs] [Times: user=0.00 sys=0.00, real=0.00 secs] 
24.473: [CMS-concurrent-mark-start]
24.473: [GC (Allocation Failure) 24.473: [ParNew: 0K->0K(3072K), 0.0003294 secs]24.473: [CMS24.480: [CMS-concurrent-mark: 0.001/0.007 secs] [Times: user=0.05 sys=0.00, real=0.01 secs] 
 (concurrent mode failure): 4993K->897K(6848K), 0.0103740 secs] 4993K->897K(9920K), [Metaspace: 3664K->3664K(1056768K)], 0.0107947 secs] [Times: user=0.05 sys=0.00, real=0.01 secs] 
24.484: [GC (Allocation Failure) 24.484: [ParNew: 0K->0K(3072K), 0.0003136 secs]24.485: [CMS: 4993K->897K(6848K), 0.0031817 secs] 4993K->897K(9920K), [Metaspace: 3664K->3664K(1056768K)], 0.0035996 secs] [Times: user=0.00 sys=0.00, real=0.00 secs] 
24.488: [GC (CMS Initial Mark) [1 CMS-initial-mark: 4993K(6848K)] 4993K(9920K), 0.0002187 secs] [Times: user=0.00 sys=0.00, real=0.00 secs] 
24.488: [CMS-concurrent-mark-start]
24.489: [GC (Allocation Failure) 24.489: [ParNew: 0K->0K(3072K), 0.0002832 secs]24.489: [CMS24.496: [CMS-concurrent-mark: 0.001/0.007 secs] [Times: user=0.00 sys=0.00, real=0.01 secs] 
 (concurrent mode failure): 4993K->897K(6848K), 0.0090437 secs] 4993K->897K(9920K), [Metaspace: 3664K->3664K(1056768K)], 0.0093934 secs] [Times: user=0.00 sys=0.00, real=0.01 secs] 
24.498: [GC (Allocation Failure) 24.498: [ParNew: 0K->0K(3072K), 0.0002595 secs]24.499: [CMS: 4993K->897K(6848K), 0.0038803 secs] 4993K->897K(9920K), [Metaspace: 3664K->3664K(1056768K)], 0.0042244 secs] [Times: user=0.00 sys=0.00, real=0.00 secs] 
24.503: [GC (CMS Initial Mark) [1 CMS-initial-mark: 4993K(6848K)] 4993K(9920K), 0.0001305 secs] [Times: user=0.00 sys=0.00, real=0.00 secs] 
24.503: [CMS-concurrent-mark-start]
24.503: [GC (Allocation Failure) 24.503: [ParNew: 0K->0K(3072K), 0.0002678 secs]24.503: [CMS24.511: [CMS-concurrent-mark: 0.001/0.008 secs] [Times: user=0.00 sys=0.00, real=0.01 secs] 
 (concurrent mode failure): 4993K->897K(6848K), 0.0109137 secs] 4993K->897K(9920K), [Metaspace: 3664K->3664K(1056768K)], 0.0112636 secs] [Times: user=0.00 sys=0.00, real=0.01 secs] 
24.515: [GC (Allocation Failure) 24.515: [ParNew: 0K->0K(3072K), 0.0002358 secs]24.515: [CMS: 4993K->897K(6848K), 0.0029235 secs] 4993K->897K(9920K), [Metaspace: 3664K->3664K(1056768K)], 0.0032775 secs] [Times: user=0.00 sys=0.00, real=0.00 secs] 
24.518: [GC (CMS Initial Mark) [1 CMS-initial-mark: 4993K(6848K)] 4993K(9920K), 0.0002171 secs] [Times: user=0.00 sys=0.00, real=0.00 secs] 
24.519: [CMS-concurrent-mark-start]
24.519: [GC (Allocation Failure) 24.519: [ParNew: 0K->0K(3072K), 0.0002292 secs]24.519: [CMS24.526: [CMS-concurrent-mark: 0.001/0.008 secs] [Times: user=0.00 sys=0.00, real=0.01 secs] 
 (concurrent mode failure): 4993K->897K(6848K), 0.0110079 secs] 4993K->897K(9920K), [Metaspace: 3664K->3664K(1056768K)], 0.0113223 secs] [Times: user=0.00 sys=0.00, real=0.01 secs] 
24.531: [GC (Allocation Failure) 24.531: [ParNew: 0K->0K(3072K), 0.0002903 secs]24.531: [CMS: 4993K->897K(6848K), 0.0043459 secs] 4993K->897K(9920K), [Metaspace: 3664K->3664K(1056768K)], 0.0047249 secs] [Times: user=0.00 sys=0.00, real=0.00 secs] 
24.536: [GC (CMS Initial Mark) [1 CMS-initial-mark: 4993K(6848K)] 4993K(9920K), 0.0001697 secs] [Times: user=0.02 sys=0.00, real=0.00 secs] 
24.536: [CMS-concurrent-mark-start]
24.536: [GC (Allocation Failure) 24.536: [ParNew: 0K->0K(3072K), 0.0002351 secs]24.536: [CMS24.543: [CMS-concurrent-mark: 0.002/0.007 secs] [Times: user=0.00 sys=0.00, real=0.01 secs] 
 (concurrent mode failure): 4993K->897K(6848K), 0.0098621 secs] 4993K->897K(9920K), [Metaspace: 3664K->3664K(1056768K)], 0.0101824 secs] [Times: user=0.00 sys=0.00, real=0.01 secs] 
24.547: [GC (Allocation Failure) 24.547: [ParNew: 0K->0K(3072K), 0.0002487 secs]24.547: [CMS: 4993K->897K(6848K), 0.0029665 secs] 4993K->897K(9920K), [Metaspace: 3664K->3664K(1056768K)], 0.0033332 secs] [Times: user=0.00 sys=0.00, real=0.00 secs] 
24.551: [GC (CMS Initial Mark) [1 CMS-initial-mark: 4993K(6848K)] 4993K(9920K), 0.0001765 secs] [Times: user=0.00 sys=0.00, real=0.00 secs] 
24.551: [CMS-concurrent-mark-start]
24.551: [GC (Allocation Failure) 24.551: [ParNew: 0K->0K(3072K), 0.0003474 secs]24.551: [CMS24.558: [CMS-concurrent-mark: 0.001/0.007 secs] [Times: user=0.00 sys=0.00, real=0.01 secs] 
 (concurrent mode failure): 4993K->897K(6848K), 0.0092150 secs] 4993K->897K(9920K), [Metaspace: 3664K->3664K(1056768K)], 0.0096436 secs] [Times: user=0.00 sys=0.00, real=0.01 secs] 
24.561: [GC (Allocation Failure) 24.561: [ParNew: 0K->0K(3072K), 0.0003286 secs]24.561: [CMS: 4993K->897K(6848K), 0.0025681 secs] 4993K->897K(9920K), [Metaspace: 3664K->3664K(1056768K)], 0.0029888 secs] [Times: user=0.00 sys=0.00, real=0.00 secs] 
24.564: [GC (CMS Initial Mark) [1 CMS-initial-mark: 4993K(6848K)] 4993K(9920K), 0.0002326 secs] [Times: user=0.00 sys=0.00, real=0.00 secs] 
24.564: [CMS-concurrent-mark-start]
24.565: [GC (Allocation Failure) 24.565: [ParNew: 0K->0K(3072K), 0.0002271 secs]24.565: [CMS24.574: [CMS-concurrent-mark: 0.001/0.010 secs] [Times: user=0.00 sys=0.00, real=0.01 secs] 
 (concurrent mode failure): 4993K->897K(6848K), 0.0114834 secs] 4993K->897K(9920K), [Metaspace: 3664K->3664K(1056768K)], 0.0117846 secs] [Times: user=0.00 sys=0.00, real=0.01 secs] 
24.577: [GC (Allocation Failure) 24.577: [ParNew: 0K->0K(3072K), 0.0002194 secs]24.577: [CMS: 4993K->897K(6848K), 0.0017048 secs] 4993K->897K(9920K), [Metaspace: 3664K->3664K(1056768K)], 0.0019927 secs] [Times: user=0.00 sys=0.00, real=0.00 secs] 
24.579: [GC (CMS Initial Mark) [1 CMS-initial-mark: 4993K(6848K)] 4993K(9920K), 0.0001103 secs] [Times: user=0.00 sys=0.00, real=0.00 secs] 
24.579: [CMS-concurrent-mark-start]
24.579: [GC (Allocation Failure) 24.579: [ParNew: 0K->0K(3072K), 0.0001813 secs]24.579: [CMS24.590: [CMS-concurrent-mark: 0.001/0.011 secs] [Times: user=0.00 sys=0.00, real=0.01 secs] 
 (concurrent mode failure): 4993K->897K(6848K), 0.0123583 secs] 4993K->897K(9920K), [Metaspace: 3664K->3664K(1056768K)], 0.0126099 secs] [Times: user=0.00 sys=0.00, real=0.01 secs] 
24.592: [GC (Allocation Failure) 24.592: [ParNew: 0K->0K(3072K), 0.0001724 secs]24.592: [CMS: 4993K->897K(6848K), 0.0017261 secs] 4993K->897K(9920K), [Metaspace: 3664K->3664K(1056768K)], 0.0019612 secs] [Times: user=0.00 sys=0.00, real=0.00 secs] 
24.594: [GC (CMS Initial Mark) [1 CMS-initial-mark: 4993K(6848K)] 4993K(9920K), 0.0001343 secs] [Times: user=0.00 sys=0.00, real=0.00 secs] 
24.595: [CMS-concurrent-mark-start]
24.595: [GC (Allocation Failure) 24.595: [ParNew: 0K->0K(3072K), 0.0001835 secs]24.595: [CMS24.605: [CMS-concurrent-mark: 0.001/0.011 secs] [Times: user=0.00 sys=0.00, real=0.01 secs] 
 (concurrent mode failure): 4993K->897K(6848K), 0.0124418 secs] 4993K->897K(9920K), [Metaspace: 3664K->3664K(1056768K)], 0.0126828 secs] [Times: user=0.00 sys=0.00, real=0.01 secs] 
24.608: [GC (Allocation Failure) 24.608: [ParNew: 0K->0K(3072K), 0.0002479 secs]24.608: [CMS: 4993K->897K(6848K), 0.0019376 secs] 4993K->897K(9920K), [Metaspace: 3664K->3664K(1056768K)], 0.0022568 secs] [Times: user=0.00 sys=0.00, real=0.00 secs] 
24.610: [GC (CMS Initial Mark) [1 CMS-initial-mark: 4993K(6848K)] 4993K(9920K), 0.0001225 secs] [Times: user=0.00 sys=0.00, real=0.00 secs] 
24.610: [CMS-concurrent-mark-start]
24.610: [GC (Allocation Failure) 24.610: [ParNew: 0K->0K(3072K), 0.0002468 secs]24.611: [CMS24.621: [CMS-concurrent-mark: 0.002/0.011 secs] [Times: user=0.00 sys=0.00, real=0.01 secs] 
 (concurrent mode failure): 4993K->897K(6848K), 0.0126671 secs] 4993K->897K(9920K), [Metaspace: 3664K->3664K(1056768K)], 0.0129901 secs] [Times: user=0.00 sys=0.00, real=0.01 secs] 
24.624: [GC (Allocation Failure) 24.624: [ParNew: 0K->0K(3072K), 0.0002244 secs]24.624: [CMS: 4993K->897K(6848K), 0.0018306 secs] 4993K->897K(9920K), [Metaspace: 3664K->3664K(1056768K)], 0.0021182 secs] [Times: user=0.00 sys=0.00, real=0.00 secs] 
24.626: [GC (CMS Initial Mark) [1 CMS-initial-mark: 4993K(6848K)] 4993K(9920K), 0.0001304 secs] [Times: user=0.00 sys=0.00, real=0.00 secs] 
24.626: [CMS-concurrent-mark-start]
24.626: [GC (Allocation Failure) 24.626: [ParNew: 0K->0K(3072K), 0.0002127 secs]24.627: [CMS24.637: [CMS-concurrent-mark: 0.002/0.010 secs] [Times: user=0.00 sys=0.00, real=0.01 secs] 
 (concurrent mode failure): 4993K->897K(6848K), 0.0121957 secs] 4993K->897K(9920K), [Metaspace: 3664K->3664K(1056768K)], 0.0124782 secs] [Times: user=0.00 sys=0.00, real=0.01 secs] 
24.639: [GC (Allocation Failure) 24.639: [ParNew: 0K->0K(3072K), 0.0002605 secs]24.640: [CMS: 4993K->897K(6848K), 0.0019270 secs] 4993K->897K(9920K), [Metaspace: 3664K->3664K(1056768K)], 0.0022611 secs] [Times: user=0.00 sys=0.00, real=0.00 secs] 
24.642: [GC (CMS Initial Mark) [1 CMS-initial-mark: 4993K(6848K)] 4993K(9920K), 0.0001111 secs] [Times: user=0.00 sys=0.00, real=0.00 secs] 
24.642: [CMS-concurrent-mark-start]
24.642: [GC (Allocation Failure) 24.642: [ParNew: 0K->0K(3072K), 0.0001862 secs]24.642: [CMS24.652: [CMS-concurrent-mark: 0.001/0.010 secs] [Times: user=0.00 sys=0.00, real=0.01 secs] 
 (concurrent mode failure): 4993K->897K(6848K), 0.0118387 secs] 4993K->897K(9920K), [Metaspace: 3664K->3664K(1056768K)], 0.0120922 secs] [Times: user=0.00 sys=0.00, real=0.01 secs] 
24.654: [GC (Allocation Failure) 24.654: [ParNew: 0K->0K(3072K), 0.0002051 secs]24.655: [CMS: 4993K->897K(6848K), 0.0017791 secs] 4993K->897K(9920K), [Metaspace: 3664K->3664K(1056768K)], 0.0020477 secs] [Times: user=0.00 sys=0.00, real=0.00 secs] 
24.657: [GC (CMS Initial Mark) [1 CMS-initial-mark: 4993K(6848K)] 4993K(9920K), 0.0000857 secs] [Times: user=0.00 sys=0.00, real=0.00 secs] 
24.657: [CMS-concurrent-mark-start]
24.657: [GC (Allocation Failure) 24.657: [ParNew: 0K->0K(3072K), 0.0001911 secs]24.657: [CMS24.667: [CMS-concurrent-mark: 0.002/0.010 secs] [Times: user=0.00 sys=0.00, real=0.01 secs] 
 (concurrent mode failure): 4993K->897K(6848K), 0.0130745 secs] 4993K->897K(9920K), [Metaspace: 3664K->3664K(1056768K)], 0.0133398 secs] [Times: user=0.00 sys=0.00, real=0.01 secs] 
24.671: [GC (Allocation Failure) 24.671: [ParNew: 0K->0K(3072K), 0.0003101 secs]24.671: [CMS: 4993K->897K(6848K), 0.0020336 secs] 4993K->897K(9920K), [Metaspace: 3664K->3664K(1056768K)], 0.0024205 secs] [Times: user=0.00 sys=0.00, real=0.00 secs] 
24.674: [GC (CMS Initial Mark) [1 CMS-initial-mark: 4993K(6848K)] 4993K(9920K), 0.0001274 secs] [Times: user=0.00 sys=0.00, real=0.00 secs] 
24.674: [CMS-concurrent-mark-start]
24.674: [GC (Allocation Failure) 24.674: [ParNew: 0K->0K(3072K), 0.0002359 secs]24.674: [CMS24.683: [CMS-concurrent-mark: 0.002/0.009 secs] [Times: user=0.00 sys=0.00, real=0.01 secs] 
 (concurrent mode failure): 4993K->897K(6848K), 0.0120550 secs] 4993K->897K(9920K), [Metaspace: 3664K->3664K(1056768K)], 0.0123681 secs] [Times: user=0.00 sys=0.00, real=0.01 secs] 
24.687: [GC (Allocation Failure) 24.687: [ParNew: 0K->0K(3072K), 0.0002858 secs]24.687: [CMS: 4993K->897K(6848K), 0.0019684 secs] 4993K->897K(9920K), [Metaspace: 3664K->3664K(1056768K)], 0.0023233 secs] [Times: user=0.00 sys=0.00, real=0.00 secs] 
24.689: [GC (CMS Initial Mark) [1 CMS-initial-mark: 4993K(6848K)] 4993K(9920K), 0.0002393 secs] [Times: user=0.00 sys=0.00, real=0.00 secs] 
24.690: [CMS-concurrent-mark-start]
24.690: [GC (Allocation Failure) 24.690: [ParNew: 0K->0K(3072K), 0.0002837 secs]24.690: [CMS24.698: [CMS-concurrent-mark: 0.002/0.009 secs] [Times: user=0.00 sys=0.00, real=0.01 secs] 
 (concurrent mode failure): 4993K->897K(6848K), 0.0114472 secs] 4993K->897K(9920K), [Metaspace: 3664K->3664K(1056768K)], 0.0118062 secs] [Times: user=0.00 sys=0.00, real=0.01 secs] 
24.702: [GC (Allocation Failure) 24.702: [ParNew: 0K->0K(3072K), 0.0002407 secs]24.702: [CMS: 4993K->897K(6848K), 0.0020813 secs] 4993K->897K(9920K), [Metaspace: 3664K->3664K(1056768K)], 0.0023957 secs] [Times: user=0.00 sys=0.00, real=0.00 secs] 
24.705: [GC (CMS Initial Mark) [1 CMS-initial-mark: 4993K(6848K)] 4993K(9920K), 0.0001296 secs] [Times: user=0.00 sys=0.00, real=0.00 secs] 
24.705: [CMS-concurrent-mark-start]
24.705: [GC (Allocation Failure) 24.705: [ParNew: 0K->0K(3072K), 0.0002421 secs]24.705: [CMS24.713: [CMS-concurrent-mark: 0.002/0.008 secs] [Times: user=0.00 sys=0.00, real=0.01 secs] 
 (concurrent mode failure): 4993K->897K(6848K), 0.0103946 secs] 4993K->897K(9920K), [Metaspace: 3664K->3664K(1056768K)], 0.0107307 secs] [Times: user=0.00 sys=0.00, real=0.01 secs] 
24.716: [GC (Allocation Failure) 24.716: [ParNew: 0K->0K(3072K), 0.0003112 secs]24.717: [CMS: 4993K->897K(6848K), 0.0022750 secs] 4993K->897K(9920K), [Metaspace: 3664K->3664K(1056768K)], 0.0026735 secs] [Times: user=0.00 sys=0.00, real=0.00 secs] 
24.719: [GC (CMS Initial Mark) [1 CMS-initial-mark: 4993K(6848K)] 4993K(9920K), 0.0001223 secs] [Times: user=0.00 sys=0.00, real=0.00 secs] 
24.719: [CMS-concurrent-mark-start]
24.719: [GC (Allocation Failure) 24.719: [ParNew: 0K->0K(3072K), 0.0001821 secs]24.720: [CMS24.729: [CMS-concurrent-mark: 0.001/0.009 secs] [Times: user=0.00 sys=0.00, real=0.01 secs] 
 (concurrent mode failure): 4993K->897K(6848K), 0.0113433 secs] 4993K->897K(9920K), [Metaspace: 3664K->3664K(1056768K)], 0.0116054 secs] [Times: user=0.00 sys=0.00, real=0.01 secs] 
24.731: [GC (Allocation Failure) 24.731: [ParNew: 0K->0K(3072K), 0.0002156 secs]24.732: [CMS: 4993K->897K(6848K), 0.0025962 secs] 4993K->897K(9920K), [Metaspace: 3664K->3664K(1056768K)], 0.0028964 secs] [Times: user=0.00 sys=0.00, real=0.00 secs] 
24.735: [GC (CMS Initial Mark) [1 CMS-initial-mark: 4993K(6848K)] 4993K(9920K), 0.0000879 secs] [Times: user=0.00 sys=0.00, real=0.00 secs] 
24.735: [CMS-concurrent-mark-start]
24.735: [GC (Allocation Failure) 24.735: [ParNew: 0K->0K(3072K), 0.0002163 secs]24.735: [CMS24.745: [CMS-concurrent-mark: 0.002/0.010 secs] [Times: user=0.00 sys=0.00, real=0.01 secs] 
 (concurrent mode failure): 4993K->897K(6848K), 0.0120499 secs] 4993K->897K(9920K), [Metaspace: 3664K->3664K(1056768K)], 0.0123326 secs] [Times: user=0.00 sys=0.00, real=0.01 secs] 
24.747: [GC (Allocation Failure) 24.747: [ParNew: 0K->0K(3072K), 0.0002066 secs]24.748: [CMS: 4993K->897K(6848K), 0.0020970 secs] 4993K->897K(9920K), [Metaspace: 3664K->3664K(1056768K)], 0.0023770 secs] [Times: user=0.00 sys=0.00, real=0.00 secs] 
24.750: [GC (CMS Initial Mark) [1 CMS-initial-mark: 4993K(6848K)] 4993K(9920K), 0.0001978 secs] [Times: user=0.00 sys=0.00, real=0.00 secs] 
24.751: [CMS-concurrent-mark-start]
24.751: [GC (Allocation Failure) 24.751: [ParNew: 0K->0K(3072K), 0.0002485 secs]24.751: [CMS24.760: [CMS-concurrent-mark: 0.001/0.009 secs] [Times: user=0.00 sys=0.00, real=0.01 secs] 
 (concurrent mode failure): 4993K->897K(6848K), 0.0113204 secs] 4993K->897K(9920K), [Metaspace: 3664K->3664K(1056768K)], 0.0116406 secs] [Times: user=0.00 sys=0.00, real=0.01 secs] 
24.763: [GC (Allocation Failure) 24.763: [ParNew: 0K->0K(3072K), 0.0002813 secs]24.763: [CMS: 4993K->897K(6848K), 0.0018990 secs] 4993K->897K(9920K), [Metaspace: 3664K->3664K(1056768K)], 0.0022678 secs] [Times: user=0.00 sys=0.00, real=0.00 secs] 
24.765: [GC (CMS Initial Mark) [1 CMS-initial-mark: 4993K(6848K)] 4993K(9920K), 0.0001274 secs] [Times: user=0.00 sys=0.00, real=0.00 secs] 
24.765: [CMS-concurrent-mark-start]
24.765: [GC (Allocation Failure) 24.765: [ParNew: 0K->0K(3072K), 0.0002654 secs]24.766: [CMS24.775: [CMS-concurrent-mark: 0.002/0.010 secs] [Times: user=0.00 sys=0.00, real=0.01 secs] 
 (concurrent mode failure): 4993K->897K(6848K), 0.0121981 secs] 4993K->897K(9920K), [Metaspace: 3664K->3664K(1056768K)], 0.0125367 secs] [Times: user=0.00 sys=0.00, real=0.01 secs] 
24.778: [GC (Allocation Failure) 24.778: [ParNew: 0K->0K(3072K), 0.0003401 secs]24.779: [CMS: 4993K->897K(6848K), 0.0019164 secs] 4993K->897K(9920K), [Metaspace: 3664K->3664K(1056768K)], 0.0023330 secs] [Times: user=0.00 sys=0.00, real=0.00 secs] 
24.781: [GC (CMS Initial Mark) [1 CMS-initial-mark: 4993K(6848K)] 4993K(9920K), 0.0001354 secs] [Times: user=0.00 sys=0.00, real=0.00 secs] 
24.781: [CMS-concurrent-mark-start]
24.781: [GC (Allocation Failure) 24.781: [ParNew: 0K->0K(3072K), 0.0002460 secs]24.782: [CMS24.791: [CMS-concurrent-mark: 0.001/0.010 secs] [Times: user=0.00 sys=0.00, real=0.01 secs] 
 (concurrent mode failure): 4993K->897K(6848K), 0.0121308 secs] 4993K->897K(9920K), [Metaspace: 3664K->3664K(1056768K)], 0.0124505 secs] [Times: user=0.00 sys=0.00, real=0.01 secs] 
24.794: [GC (Allocation Failure) 24.794: [ParNew: 0K->0K(3072K), 0.0002352 secs]24.794: [CMS: 4993K->897K(6848K), 0.0020779 secs] 4993K->897K(9920K), [Metaspace: 3664K->3664K(1056768K)], 0.0023999 secs] [Times: user=0.00 sys=0.00, real=0.00 secs] 
24.797: [GC (CMS Initial Mark) [1 CMS-initial-mark: 4993K(6848K)] 4993K(9920K), 0.0000898 secs] [Times: user=0.00 sys=0.00, real=0.00 secs] 
24.797: [CMS-concurrent-mark-start]
24.797: [GC (Allocation Failure) 24.797: [ParNew: 0K->0K(3072K), 0.0001984 secs]24.797: [CMS24.807: [CMS-concurrent-mark: 0.001/0.010 secs] [Times: user=0.00 sys=0.00, real=0.01 secs] 
 (concurrent mode failure): 4993K->897K(6848K), 0.0128102 secs] 4993K->897K(9920K), [Metaspace: 3664K->3664K(1056768K)], 0.0130886 secs] [Times: user=0.00 sys=0.00, real=0.01 secs] 
24.810: [GC (Allocation Failure) 24.810: [ParNew: 0K->0K(3072K), 0.0002275 secs]24.811: [CMS: 4993K->897K(6848K), 0.0019213 secs] 4993K->897K(9920K), [Metaspace: 3664K->3664K(1056768K)], 0.0022230 secs] [Times: user=0.00 sys=0.00, real=0.00 secs] 
24.813: [GC (CMS Initial Mark) [1 CMS-initial-mark: 4993K(6848K)] 4993K(9920K), 0.0001275 secs] [Times: user=0.00 sys=0.00, real=0.00 secs] 
24.813: [CMS-concurrent-mark-start]
24.813: [GC (Allocation Failure) 24.813: [ParNew: 0K->0K(3072K), 0.0002139 secs]24.814: [CMS24.823: [CMS-concurrent-mark: 0.002/0.009 secs] [Times: user=0.00 sys=0.00, real=0.01 secs] 
 (concurrent mode failure): 4993K->897K(6848K), 0.0114095 secs] 4993K->897K(9920K), [Metaspace: 3664K->3664K(1056768K)], 0.0116995 secs] [Times: user=0.00 sys=0.00, real=0.01 secs] 
24.825: [GC (Allocation Failure) 24.825: [ParNew: 0K->0K(3072K), 0.0002861 secs]24.826: [CMS: 4993K->897K(6848K), 0.0019900 secs] 4993K->897K(9920K), [Metaspace: 3664K->3664K(1056768K)], 0.0023432 secs] [Times: user=0.00 sys=0.00, real=0.00 secs] 
24.828: [GC (CMS Initial Mark) [1 CMS-initial-mark: 4993K(6848K)] 4993K(9920K), 0.0001322 secs] [Times: user=0.00 sys=0.00, real=0.00 secs] 
24.828: [CMS-concurrent-mark-start]
24.828: [GC (Allocation Failure) 24.828: [ParNew: 0K->0K(3072K), 0.0002102 secs]24.828: [CMS24.837: [CMS-concurrent-mark: 0.002/0.009 secs] [Times: user=0.00 sys=0.00, real=0.01 secs] 
 (concurrent mode failure): 4993K->897K(6848K), 0.0116248 secs] 4993K->897K(9920K), [Metaspace: 3664K->3664K(1056768K)], 0.0119141 secs] [Times: user=0.00 sys=0.00, real=0.01 secs] 
24.841: [GC (Allocation Failure) 24.841: [ParNew: 0K->0K(3072K), 0.0003132 secs]24.841: [CMS: 4993K->897K(6848K), 0.0029822 secs] 4993K->897K(9920K), [Metaspace: 3664K->3664K(1056768K)], 0.0033899 secs] [Times: user=0.00 sys=0.00, real=0.00 secs] 
24.844: [GC (CMS Initial Mark) [1 CMS-initial-mark: 4993K(6848K)] 4993K(9920K), 0.0001571 secs] [Times: user=0.00 sys=0.00, real=0.00 secs] 
24.845: [CMS-concurrent-mark-start]
24.845: [GC (Allocation Failure) 24.845: [ParNew: 0K->0K(3072K), 0.0003032 secs]24.845: [CMS24.853: [CMS-concurrent-mark: 0.002/0.009 secs] [Times: user=0.00 sys=0.00, real=0.01 secs] 
 (concurrent mode failure): 4993K->897K(6848K), 0.0112460 secs] 4993K->897K(9920K), [Metaspace: 3664K->3664K(1056768K)], 0.0116317 secs] [Times: user=0.00 sys=0.00, real=0.01 secs] 
24.857: [GC (Allocation Failure) 24.857: [ParNew: 0K->0K(3072K), 0.0002679 secs]24.857: [CMS: 4993K->897K(6848K), 0.0025339 secs] 4993K->897K(9920K), [Metaspace: 3664K->3664K(1056768K)], 0.0028718 secs] [Times: user=0.00 sys=0.00, real=0.00 secs] 
24.860: [GC (CMS Initial Mark) [1 CMS-initial-mark: 4993K(6848K)] 4993K(9920K), 0.0001548 secs] [Times: user=0.00 sys=0.00, real=0.00 secs] 
24.860: [CMS-concurrent-mark-start]
24.860: [GC (Allocation Failure) 24.860: [ParNew: 0K->0K(3072K), 0.0003751 secs]24.861: [CMS24.869: [CMS-concurrent-mark: 0.002/0.009 secs] [Times: user=0.00 sys=0.00, real=0.01 secs] 
 (concurrent mode failure): 4993K->897K(6848K), 0.0113391 secs] 4993K->897K(9920K), [Metaspace: 3664K->3664K(1056768K)], 0.0117893 secs] [Times: user=0.00 sys=0.00, real=0.01 secs] 
24.872: [GC (Allocation Failure) 24.872: [ParNew: 0K->0K(3072K), 0.0003263 secs]24.873: [CMS: 4993K->897K(6848K), 0.0019929 secs] 4993K->897K(9920K), [Metaspace: 3664K->3664K(1056768K)], 0.0023896 secs] [Times: user=0.00 sys=0.00, real=0.00 secs] 
24.875: [GC (CMS Initial Mark) [1 CMS-initial-mark: 4993K(6848K)] 4993K(9920K), 0.0002955 secs] [Times: user=0.00 sys=0.00, real=0.00 secs] 
24.875: [CMS-concurrent-mark-start]
24.876: [GC (Allocation Failure) 24.876: [ParNew: 0K->0K(3072K), 0.0003325 secs]24.876: [CMS24.884: [CMS-concurrent-mark: 0.002/0.009 secs] [Times: user=0.00 sys=0.00, real=0.01 secs] 
 (concurrent mode failure): 4993K->897K(6848K), 0.0107990 secs] 4993K->897K(9920K), [Metaspace: 3664K->3664K(1056768K)], 0.0112325 secs] [Times: user=0.00 sys=0.00, real=0.01 secs] 
24.887: [GC (Allocation Failure) 24.887: [ParNew: 0K->0K(3072K), 0.0002676 secs]24.887: [CMS: 4993K->897K(6848K), 0.0019604 secs] 4993K->897K(9920K), [Metaspace: 3664K->3664K(1056768K)], 0.0023172 secs] [Times: user=0.00 sys=0.00, real=0.00 secs] 
24.890: [GC (CMS Initial Mark) [1 CMS-initial-mark: 4993K(6848K)] 4993K(9920K), 0.0001117 secs] [Times: user=0.00 sys=0.00, real=0.00 secs] 
24.890: [CMS-concurrent-mark-start]
24.890: [GC (Allocation Failure) 24.890: [ParNew: 0K->0K(3072K), 0.0001890 secs]24.890: [CMS24.901: [CMS-concurrent-mark: 0.002/0.011 secs] [Times: user=0.00 sys=0.00, real=0.01 secs] 
 (concurrent mode failure): 4993K->897K(6848K), 0.0146308 secs] 4993K->897K(9920K), [Metaspace: 3664K->3664K(1056768K)], 0.0149069 secs] [Times: user=0.00 sys=0.00, real=0.02 secs] 
24.905: [GC (Allocation Failure) 24.905: [ParNew: 0K->0K(3072K), 0.0002281 secs]24.905: [CMS: 4993K->897K(6848K), 0.0019081 secs] 4993K->897K(9920K), [Metaspace: 3664K->3664K(1056768K)], 0.0022000 secs] [Times: user=0.00 sys=0.00, real=0.00 secs] 
24.908: [GC (CMS Initial Mark) [1 CMS-initial-mark: 4993K(6848K)] 4993K(9920K), 0.0001922 secs] [Times: user=0.00 sys=0.00, real=0.00 secs] 
24.908: [CMS-concurrent-mark-start]
24.908: [GC (Allocation Failure) 24.908: [ParNew: 0K->0K(3072K), 0.0002093 secs]24.908: [CMS24.916: [CMS-concurrent-mark: 0.002/0.007 secs] [Times: user=0.00 sys=0.00, real=0.01 secs] 
 (concurrent mode failure): 4993K->897K(6848K), 0.0101006 secs] 4993K->897K(9920K), [Metaspace: 3664K->3664K(1056768K)], 0.0104103 secs] [Times: user=0.00 sys=0.00, real=0.01 secs] 
24.919: [GC (Allocation Failure) 24.919: [ParNew: 0K->0K(3072K), 0.0002561 secs]24.919: [CMS: 4993K->897K(6848K), 0.0024281 secs] 4993K->897K(9920K), [Metaspace: 3664K->3664K(1056768K)], 0.0027593 secs] [Times: user=0.00 sys=0.00, real=0.00 secs] 
24.922: [GC (CMS Initial Mark) [1 CMS-initial-mark: 4993K(6848K)] 4993K(9920K), 0.0001225 secs] [Times: user=0.00 sys=0.00, real=0.00 secs] 
24.922: [CMS-concurrent-mark-start]
24.922: [GC (Allocation Failure) 24.922: [ParNew: 0K->0K(3072K), 0.0003172 secs]24.923: [CMS24.932: [CMS-concurrent-mark: 0.002/0.009 secs] [Times: user=0.00 sys=0.00, real=0.01 secs] 
 (concurrent mode failure): 4993K->897K(6848K), 0.0128706 secs] 4993K->897K(9920K), [Metaspace: 3664K->3664K(1056768K)], 0.0132824 secs] [Times: user=0.00 sys=0.00, real=0.01 secs] 
24.936: [GC (Allocation Failure) 24.936: [ParNew: 0K->0K(3072K), 0.0002505 secs]24.936: [CMS: 4993K->897K(6848K), 0.0019684 secs] 4993K->897K(9920K), [Metaspace: 3664K->3664K(1056768K)], 0.0022948 secs] [Times: user=0.00 sys=0.00, real=0.00 secs] 
24.939: [GC (CMS Initial Mark) [1 CMS-initial-mark: 4993K(6848K)] 4993K(9920K), 0.0001778 secs] [Times: user=0.00 sys=0.00, real=0.00 secs] 
24.939: [CMS-concurrent-mark-start]
24.939: [GC (Allocation Failure) 24.939: [ParNew: 0K->0K(3072K), 0.0004781 secs]24.939: [CMS24.947: [CMS-concurrent-mark: 0.002/0.008 secs] [Times: user=0.00 sys=0.00, real=0.01 secs] 
 (concurrent mode failure): 4993K->897K(6848K), 0.0101547 secs] 4993K->897K(9920K), [Metaspace: 3664K->3664K(1056768K)], 0.0107223 secs] [Times: user=0.00 sys=0.00, real=0.01 secs] 
24.950: [GC (Allocation Failure) 24.950: [ParNew: 0K->0K(3072K), 0.0002692 secs]24.950: [CMS: 4993K->897K(6848K), 0.0020535 secs] 4993K->897K(9920K), [Metaspace: 3664K->3664K(1056768K)], 0.0023914 secs] [Times: user=0.00 sys=0.00, real=0.00 secs] 
24.953: [GC (CMS Initial Mark) [1 CMS-initial-mark: 4993K(6848K)] 4993K(9920K), 0.0000744 secs] [Times: user=0.00 sys=0.00, real=0.00 secs] 
24.953: [CMS-concurrent-mark-start]
24.953: [GC (Allocation Failure) 24.953: [ParNew: 0K->0K(3072K), 0.0001958 secs]24.953: [CMS24.961: [CMS-concurrent-mark: 0.001/0.008 secs] [Times: user=0.00 sys=0.00, real=0.01 secs] 
 (concurrent mode failure): 4993K->897K(6848K), 0.0102670 secs] 4993K->897K(9920K), [Metaspace: 3664K->3664K(1056768K)], 0.0105993 secs] [Times: user=0.00 sys=0.00, real=0.01 secs] 
24.964: [GC (Allocation Failure) 24.964: [ParNew: 0K->0K(3072K), 0.0001844 secs]24.964: [CMS: 4993K->897K(6848K), 0.0023206 secs] 4993K->897K(9920K), [Metaspace: 3664K->3664K(1056768K)], 0.0025847 secs] [Times: user=0.00 sys=0.00, real=0.00 secs] 
24.967: [GC (CMS Initial Mark) [1 CMS-initial-mark: 4993K(6848K)] 4993K(9920K), 0.0001454 secs] [Times: user=0.00 sys=0.00, real=0.00 secs] 
24.967: [CMS-concurrent-mark-start]
24.967: [GC (Allocation Failure) 24.967: [ParNew: 0K->0K(3072K), 0.0002241 secs]24.968: [CMS24.976: [CMS-concurrent-mark: 0.001/0.009 secs] [Times: user=0.00 sys=0.00, real=0.01 secs] 
 (concurrent mode failure): 4993K->897K(6848K), 0.0107011 secs] 4993K->897K(9920K), [Metaspace: 3664K->3664K(1056768K)], 0.0110011 secs] [Times: user=0.00 sys=0.00, real=0.01 secs] 
24.979: [GC (Allocation Failure) 24.979: [ParNew: 0K->0K(3072K), 0.0003163 secs]24.979: [CMS: 4993K->897K(6848K), 0.0019534 secs] 4993K->897K(9920K), [Metaspace: 3664K->3664K(1056768K)], 0.0023583 secs] [Times: user=0.00 sys=0.00, real=0.00 secs] 
24.981: [GC (CMS Initial Mark) [1 CMS-initial-mark: 4993K(6848K)] 4993K(9920K), 0.0001191 secs] [Times: user=0.00 sys=0.00, real=0.00 secs] 
24.981: [CMS-concurrent-mark-start]
24.981: [GC (Allocation Failure) 24.982: [ParNew: 0K->0K(3072K), 0.0002042 secs]24.982: [CMS24.991: [CMS-concurrent-mark: 0.001/0.010 secs] [Times: user=0.00 sys=0.00, real=0.01 secs] 
 (concurrent mode failure): 4993K->897K(6848K), 0.0118485 secs] 4993K->897K(9920K), [Metaspace: 3664K->3664K(1056768K)], 0.0121291 secs] [Times: user=0.00 sys=0.00, real=0.01 secs] 
24.994: [GC (Allocation Failure) 24.994: [ParNew: 0K->0K(3072K), 0.0002255 secs]24.994: [CMS: 4993K->897K(6848K), 0.0018714 secs] 4993K->897K(9920K), [Metaspace: 3664K->3664K(1056768K)], 0.0021713 secs] [Times: user=0.00 sys=0.00, real=0.00 secs] 
24.996: [GC (CMS Initial Mark) [1 CMS-initial-mark: 4993K(6848K)] 4993K(9920K), 0.0001190 secs] [Times: user=0.00 sys=0.00, real=0.00 secs] 
24.997: [CMS-concurrent-mark-start]
24.997: [GC (Allocation Failure) 24.997: [ParNew: 0K->0K(3072K), 0.0002181 secs]24.997: [CMS25.006: [CMS-concurrent-mark: 0.002/0.010 secs] [Times: user=0.00 sys=0.00, real=0.01 secs] 
 (concurrent mode failure): 4993K->897K(6848K), 0.0116350 secs] 4993K->897K(9920K), [Metaspace: 3664K->3664K(1056768K)], 0.0119230 secs] [Times: user=0.00 sys=0.00, real=0.01 secs] 
25.009: [GC (Allocation Failure) 25.009: [ParNew: 0K->0K(3072K), 0.0002182 secs]25.009: [CMS: 4993K->897K(6848K), 0.0017308 secs] 4993K->897K(9920K), [Metaspace: 3664K->3664K(1056768K)], 0.0020103 secs] [Times: user=0.00 sys=0.00, real=0.00 secs] 
25.011: [GC (CMS Initial Mark) [1 CMS-initial-mark: 4993K(6848K)] 4993K(9920K), 0.0000774 secs] [Times: user=0.00 sys=0.00, real=0.00 secs] 
25.011: [CMS-concurrent-mark-start]
25.011: [GC (Allocation Failure) 25.011: [ParNew: 0K->0K(3072K), 0.0002096 secs]25.012: [CMS25.022: [CMS-concurrent-mark: 0.002/0.011 secs] [Times: user=0.00 sys=0.00, real=0.01 secs] 
 (concurrent mode failure): 4993K->897K(6848K), 0.0134390 secs] 4993K->897K(9920K), [Metaspace: 3664K->3664K(1056768K)], 0.0137191 secs] [Times: user=0.00 sys=0.00, real=0.01 secs] 
25.026: [GC (Allocation Failure) 25.026: [ParNew: 0K->0K(3072K), 0.0002583 secs]25.026: [CMS: 4993K->897K(6848K), 0.0027303 secs] 4993K->897K(9920K), [Metaspace: 3664K->3664K(1056768K)], 0.0030959 secs] [Times: user=0.00 sys=0.00, real=0.00 secs] 
25.029: [GC (CMS Initial Mark) [1 CMS-initial-mark: 4993K(6848K)] 4993K(9920K), 0.0001299 secs] [Times: user=0.00 sys=0.00, real=0.00 secs] 
25.029: [CMS-concurrent-mark-start]
25.029: [GC (Allocation Failure) 25.029: [ParNew: 0K->0K(3072K), 0.0002375 secs]25.029: [CMS25.037: [CMS-concurrent-mark: 0.001/0.008 secs] [Times: user=0.00 sys=0.00, real=0.01 secs] 
 (concurrent mode failure): 4993K->897K(6848K), 0.0106145 secs] 4993K->897K(9920K), [Metaspace: 3664K->3664K(1056768K)], 0.0109320 secs] [Times: user=0.00 sys=0.00, real=0.01 secs] 
25.041: [GC (Allocation Failure) 25.041: [ParNew: 0K->0K(3072K), 0.0002485 secs]25.041: [CMS: 4993K->897K(6848K), 0.0021453 secs] 4993K->897K(9920K), [Metaspace: 3664K->3664K(1056768K)], 0.0024739 secs] [Times: user=0.00 sys=0.00, real=0.00 secs] 
25.043: [GC (CMS Initial Mark) [1 CMS-initial-mark: 4993K(6848K)] 4993K(9920K), 0.0000930 secs] [Times: user=0.00 sys=0.00, real=0.00 secs] 
25.043: [CMS-concurrent-mark-start]
25.043: [GC (Allocation Failure) 25.044: [ParNew: 0K->0K(3072K), 0.0001863 secs]25.044: [CMS25.052: [CMS-concurrent-mark: 0.001/0.009 secs] [Times: user=0.03 sys=0.00, real=0.01 secs] 
 (concurrent mode failure): 4993K->897K(6848K), 0.0104672 secs] 4993K->897K(9920K), [Metaspace: 3664K->3664K(1056768K)], 0.0107262 secs] [Times: user=0.03 sys=0.00, real=0.01 secs] 
25.055: [GC (Allocation Failure) 25.055: [ParNew: 0K->0K(3072K), 0.0002413 secs]25.055: [CMS: 4993K->897K(6848K), 0.0018556 secs] 4993K->897K(9920K), [Metaspace: 3664K->3664K(1056768K)], 0.0021630 secs] [Times: user=0.00 sys=0.00, real=0.00 secs] 
25.057: [GC (CMS Initial Mark) [1 CMS-initial-mark: 4993K(6848K)] 4993K(9920K), 0.0001597 secs] [Times: user=0.00 sys=0.00, real=0.00 secs] 
25.057: [CMS-concurrent-mark-start]
25.057: [GC (Allocation Failure) 25.057: [ParNew: 0K->0K(3072K), 0.0002066 secs]25.058: [CMS25.068: [CMS-concurrent-mark: 0.002/0.011 secs] [Times: user=0.03 sys=0.00, real=0.01 secs] 
 (concurrent mode failure): 4993K->897K(6848K), 0.0134165 secs] 4993K->897K(9920K), [Metaspace: 3664K->3664K(1056768K)], 0.0137214 secs] [Times: user=0.03 sys=0.00, real=0.01 secs] 
25.072: [GC (Allocation Failure) 25.072: [ParNew: 0K->0K(3072K), 0.0002307 secs]25.072: [CMS: 4993K->897K(6848K), 0.0018428 secs] 4993K->897K(9920K), [Metaspace: 3664K->3664K(1056768K)], 0.0021433 secs] [Times: user=0.00 sys=0.00, real=0.00 secs] 
25.074: [GC (CMS Initial Mark) [1 CMS-initial-mark: 4993K(6848K)] 4993K(9920K), 0.0001129 secs] [Times: user=0.00 sys=0.00, real=0.00 secs] 
25.074: [CMS-concurrent-mark-start]
25.074: [GC (Allocation Failure) 25.074: [ParNew: 0K->0K(3072K), 0.0001875 secs]25.075: [CMS25.083: [CMS-concurrent-mark: 0.002/0.009 secs] [Times: user=0.03 sys=0.00, real=0.01 secs] 
 (concurrent mode failure): 4993K->897K(6848K), 0.0115246 secs] 4993K->897K(9920K), [Metaspace: 3664K->3664K(1056768K)], 0.0117835 secs] [Times: user=0.03 sys=0.00, real=0.01 secs] 
25.087: [GC (Allocation Failure) 25.087: [ParNew: 0K->0K(3072K), 0.0002589 secs]25.087: [CMS: 4993K->897K(6848K), 0.0018994 secs] 4993K->897K(9920K), [Metaspace: 3664K->3664K(1056768K)], 0.0022207 secs] [Times: user=0.00 sys=0.00, real=0.00 secs] 
25.089: [GC (CMS Initial Mark) [1 CMS-initial-mark: 4993K(6848K)] 4993K(9920K), 0.0001226 secs] [Times: user=0.00 sys=0.00, real=0.00 secs] 
25.089: [CMS-concurrent-mark-start]
25.090: [GC (Allocation Failure) 25.090: [ParNew: 0K->0K(3072K), 0.0002775 secs]25.090: [CMS25.100: [CMS-concurrent-mark: 0.002/0.010 secs] [Times: user=0.01 sys=0.00, real=0.01 secs] 
 (concurrent mode failure): 4993K->897K(6848K), 0.0142453 secs] 4993K->897K(9920K), [Metaspace: 3664K->3664K(1056768K)], 0.0146067 secs] [Times: user=0.01 sys=0.00, real=0.01 secs] 
25.105: [GC (Allocation Failure) 25.105: [ParNew: 0K->0K(3072K), 0.0002467 secs]25.105: [CMS: 4993K->897K(6848K), 0.0019530 secs] 4993K->897K(9920K), [Metaspace: 3664K->3664K(1056768K)], 0.0022679 secs] [Times: user=0.00 sys=0.00, real=0.00 secs] 
25.107: [GC (CMS Initial Mark) [1 CMS-initial-mark: 4993K(6848K)] 4993K(9920K), 0.0001179 secs] [Times: user=0.00 sys=0.00, real=0.00 secs] 
25.107: [CMS-concurrent-mark-start]
25.107: [GC (Allocation Failure) 25.107: [ParNew: 0K->0K(3072K), 0.0002302 secs]25.108: [CMS25.115: [CMS-concurrent-mark: 0.002/0.008 secs] [Times: user=0.03 sys=0.00, real=0.01 secs] 
 (concurrent mode failure): 4993K->897K(6848K), 0.0100217 secs] 4993K->897K(9920K), [Metaspace: 3664K->3664K(1056768K)], 0.0103382 secs] [Times: user=0.03 sys=0.00, real=0.01 secs] 
25.118: [GC (Allocation Failure) 25.118: [ParNew: 0K->0K(3072K), 0.0002610 secs]25.118: [CMS: 4993K->897K(6848K), 0.0021522 secs] 4993K->897K(9920K), [Metaspace: 3664K->3664K(1056768K)], 0.0024928 secs] [Times: user=0.00 sys=0.00, real=0.00 secs] 
25.121: [GC (CMS Initial Mark) [1 CMS-initial-mark: 4993K(6848K)] 4993K(9920K), 0.0002097 secs] [Times: user=0.00 sys=0.00, real=0.00 secs] 
25.121: [CMS-concurrent-mark-start]
25.121: [GC (Allocation Failure) 25.121: [ParNew: 0K->0K(3072K), 0.0002352 secs]25.122: [CMS25.131: [CMS-concurrent-mark: 0.002/0.009 secs] [Times: user=0.03 sys=0.00, real=0.01 secs] 
 (concurrent mode failure): 4993K->897K(6848K), 0.0120919 secs] 4993K->897K(9920K), [Metaspace: 3664K->3664K(1056768K)], 0.0124046 secs] [Times: user=0.03 sys=0.00, real=0.01 secs] 
25.134: [GC (Allocation Failure) 25.134: [ParNew: 0K->0K(3072K), 0.0002336 secs]25.134: [CMS: 4993K->897K(6848K), 0.0018660 secs] 4993K->897K(9920K), [Metaspace: 3664K->3664K(1056768K)], 0.0021643 secs] [Times: user=0.00 sys=0.00, real=0.00 secs] 
25.137: [GC (CMS Initial Mark) [1 CMS-initial-mark: 4993K(6848K)] 4993K(9920K), 0.0001345 secs] [Times: user=0.00 sys=0.00, real=0.00 secs] 
25.137: [CMS-concurrent-mark-start]
25.137: [GC (Allocation Failure) 25.137: [ParNew: 0K->0K(3072K), 0.0001723 secs]25.137: [CMS25.146: [CMS-concurrent-mark: 0.002/0.009 secs] [Times: user=0.03 sys=0.00, real=0.01 secs] 
 (concurrent mode failure): 4993K->897K(6848K), 0.0111225 secs] 4993K->897K(9920K), [Metaspace: 3664K->3664K(1056768K)], 0.0113603 secs] [Times: user=0.03 sys=0.00, real=0.01 secs] 
25.149: [GC (Allocation Failure) 25.149: [ParNew: 0K->0K(3072K), 0.0002927 secs]25.149: [CMS: 4993K->897K(6848K), 0.0023549 secs] 4993K->897K(9920K), [Metaspace: 3664K->3664K(1056768K)], 0.0027316 secs] [Times: user=0.00 sys=0.00, real=0.00 secs] 
25.152: [GC (CMS Initial Mark) [1 CMS-initial-mark: 4993K(6848K)] 4993K(9920K), 0.0001329 secs] [Times: user=0.00 sys=0.00, real=0.00 secs] 
25.152: [CMS-concurrent-mark-start]
25.152: [GC (Allocation Failure) 25.152: [ParNew: 0K->0K(3072K), 0.0002818 secs]25.153: [CMS25.162: [CMS-concurrent-mark: 0.002/0.010 secs] [Times: user=0.00 sys=0.00, real=0.01 secs] 
 (concurrent mode failure): 4993K->897K(6848K), 0.0126876 secs] 4993K->897K(9920K), [Metaspace: 3664K->3664K(1056768K)], 0.0130746 secs] [Times: user=0.00 sys=0.00, real=0.01 secs] 
25.166: [GC (Allocation Failure) 25.166: [ParNew: 0K->0K(3072K), 0.0003002 secs]25.166: [CMS: 4993K->897K(6848K), 0.0026891 secs] 4993K->897K(9920K), [Metaspace: 3664K->3664K(1056768K)], 0.0030954 secs] [Times: user=0.00 sys=0.00, real=0.00 secs] 
25.169: [GC (CMS Initial Mark) [1 CMS-initial-mark: 4993K(6848K)] 4993K(9920K), 0.0001612 secs] [Times: user=0.00 sys=0.00, real=0.00 secs] 
25.169: [CMS-concurrent-mark-start]
25.169: [GC (Allocation Failure) 25.169: [ParNew: 0K->0K(3072K), 0.0002211 secs]25.170: [CMS25.178: [CMS-concurrent-mark: 0.002/0.008 secs] [Times: user=0.03 sys=0.00, real=0.01 secs] 
 (concurrent mode failure): 4993K->897K(6848K), 0.0101913 secs] 4993K->897K(9920K), [Metaspace: 3664K->3664K(1056768K)], 0.0104844 secs] [Times: user=0.03 sys=0.00, real=0.01 secs] 
25.180: [GC (Allocation Failure) 25.180: [ParNew: 0K->0K(3072K), 0.0002407 secs]25.181: [CMS: 4993K->897K(6848K), 0.0021328 secs] 4993K->897K(9920K), [Metaspace: 3664K->3664K(1056768K)], 0.0024717 secs] [Times: user=0.00 sys=0.00, real=0.00 secs] 
25.183: [GC (CMS Initial Mark) [1 CMS-initial-mark: 4993K(6848K)] 4993K(9920K), 0.0003657 secs] [Times: user=0.00 sys=0.00, real=0.00 secs] 
25.184: [CMS-concurrent-mark-start]
25.184: [GC (Allocation Failure) 25.184: [ParNew: 0K->0K(3072K), 0.0003281 secs]25.184: [CMS25.193: [CMS-concurrent-mark: 0.002/0.009 secs] [Times: user=0.03 sys=0.00, real=0.01 secs] 
 (concurrent mode failure): 4993K->897K(6848K), 0.0112995 secs] 4993K->897K(9920K), [Metaspace: 3664K->3664K(1056768K)], 0.0117225 secs] [Times: user=0.03 sys=0.00, real=0.01 secs] 
25.196: [GC (Allocation Failure) 25.196: [ParNew: 0K->0K(3072K), 0.0002381 secs]25.196: [CMS: 4993K->897K(6848K), 0.0019555 secs] 4993K->897K(9920K), [Metaspace: 3664K->3664K(1056768K)], 0.0022634 secs] [Times: user=0.00 sys=0.00, real=0.00 secs] 
25.199: [GC (CMS Initial Mark) [1 CMS-initial-mark: 4993K(6848K)] 4993K(9920K), 0.0001075 secs] [Times: user=0.00 sys=0.00, real=0.00 secs] 
25.199: [CMS-concurrent-mark-start]
25.199: [GC (Allocation Failure) 25.199: [ParNew: 0K->0K(3072K), 0.0003203 secs]25.199: [CMS25.208: [CMS-concurrent-mark: 0.001/0.009 secs] [Times: user=0.03 sys=0.00, real=0.01 secs] 
 (concurrent mode failure): 4993K->897K(6848K), 0.0111898 secs] 4993K->897K(9920K), [Metaspace: 3664K->3664K(1056768K)], 0.0116107 secs] [Times: user=0.03 sys=0.00, real=0.01 secs] 
25.211: [GC (Allocation Failure) 25.211: [ParNew: 0K->0K(3072K), 0.0002220 secs]25.211: [CMS: 4993K->897K(6848K), 0.0017634 secs] 4993K->897K(9920K), [Metaspace: 3664K->3664K(1056768K)], 0.0020472 secs] [Times: user=0.00 sys=0.00, real=0.00 secs] 
25.213: [GC (CMS Initial Mark) [1 CMS-initial-mark: 4993K(6848K)] 4993K(9920K), 0.0001119 secs] [Times: user=0.00 sys=0.00, real=0.00 secs] 
25.213: [CMS-concurrent-mark-start]
25.213: [GC (Allocation Failure) 25.213: [ParNew: 0K->0K(3072K), 0.0001935 secs]25.214: [CMS25.224: [CMS-concurrent-mark: 0.001/0.011 secs] [Times: user=0.03 sys=0.00, real=0.01 secs] 
 (concurrent mode failure): 4993K->897K(6848K), 0.0125292 secs] 4993K->897K(9920K), [Metaspace: 3664K->3664K(1056768K)], 0.0127872 secs] [Times: user=0.03 sys=0.00, real=0.01 secs] 
25.227: [GC (Allocation Failure) 25.227: [ParNew: 0K->0K(3072K), 0.0002816 secs]25.227: [CMS: 4993K->897K(6848K), 0.0018004 secs] 4993K->897K(9920K), [Metaspace: 3664K->3664K(1056768K)], 0.0021501 secs] [Times: user=0.00 sys=0.00, real=0.00 secs] 
25.229: [GC (CMS Initial Mark) [1 CMS-initial-mark: 4993K(6848K)] 4993K(9920K), 0.0001338 secs] [Times: user=0.00 sys=0.00, real=0.00 secs] 
25.229: [CMS-concurrent-mark-start]
25.229: [GC (Allocation Failure) 25.229: [ParNew: 0K->0K(3072K), 0.0002044 secs]25.230: [CMS25.240: [CMS-concurrent-mark: 0.001/0.010 secs] [Times: user=0.03 sys=0.00, real=0.01 secs] 
 (concurrent mode failure): 4993K->897K(6848K), 0.0120398 secs] 4993K->897K(9920K), [Metaspace: 3664K->3664K(1056768K)], 0.0123158 secs] [Times: user=0.03 sys=0.00, real=0.01 secs] 
25.242: [GC (Allocation Failure) 25.242: [ParNew: 0K->0K(3072K), 0.0002495 secs]25.242: [CMS: 4993K->897K(6848K), 0.0022024 secs] 4993K->897K(9920K), [Metaspace: 3664K->3664K(1056768K)], 0.0025601 secs] [Times: user=0.00 sys=0.00, real=0.00 secs] 
25.245: [GC (CMS Initial Mark) [1 CMS-initial-mark: 4993K(6848K)] 4993K(9920K), 0.0001557 secs] [Times: user=0.00 sys=0.00, real=0.00 secs] 
25.245: [CMS-concurrent-mark-start]
25.245: [GC (Allocation Failure) 25.245: [ParNew: 0K->0K(3072K), 0.0002554 secs]25.246: [CMS25.256: [CMS-concurrent-mark: 0.001/0.011 secs] [Times: user=0.00 sys=0.00, real=0.01 secs] 
 (concurrent mode failure): 4993K->897K(6848K), 0.0125113 secs] 4993K->897K(9920K), [Metaspace: 3664K->3664K(1056768K)], 0.0128451 secs] [Times: user=0.00 sys=0.00, real=0.01 secs] 
25.258: [GC (Allocation Failure) 25.259: [ParNew: 0K->0K(3072K), 0.0002644 secs]25.259: [CMS: 4993K->897K(6848K), 0.0017972 secs] 4993K->897K(9920K), [Metaspace: 3664K->3664K(1056768K)], 0.0021322 secs] [Times: user=0.00 sys=0.00, real=0.00 secs] 
25.261: [GC (CMS Initial Mark) [1 CMS-initial-mark: 4993K(6848K)] 4993K(9920K), 0.0001018 secs] [Times: user=0.00 sys=0.00, real=0.00 secs] 
25.261: [CMS-concurrent-mark-start]
25.261: [GC (Allocation Failure) 25.261: [ParNew: 0K->0K(3072K), 0.0002442 secs]25.261: [CMS25.272: [CMS-concurrent-mark: 0.001/0.011 secs] [Times: user=0.00 sys=0.00, real=0.01 secs] 
 (concurrent mode failure): 4993K->897K(6848K), 0.0139778 secs] 4993K->897K(9920K), [Metaspace: 3664K->3664K(1056768K)], 0.0142869 secs] [Times: user=0.00 sys=0.00, real=0.01 secs] 
25.276: [GC (Allocation Failure) 25.276: [ParNew: 0K->0K(3072K), 0.0003183 secs]25.276: [CMS: 4993K->897K(6848K), 0.0033849 secs] 4993K->897K(9920K), [Metaspace: 3664K->3664K(1056768K)], 0.0038101 secs] [Times: user=0.00 sys=0.00, real=0.00 secs] 
25.280: [GC (CMS Initial Mark) [1 CMS-initial-mark: 4993K(6848K)] 4993K(9920K), 0.0002197 secs] [Times: user=0.00 sys=0.00, real=0.00 secs] 
25.280: [CMS-concurrent-mark-start]
25.281: [GC (Allocation Failure) 25.281: [ParNew: 0K->0K(3072K), 0.0002499 secs]25.281: [CMS25.287: [CMS-concurrent-mark: 0.002/0.006 secs] [Times: user=0.00 sys=0.00, real=0.01 secs] 
 (concurrent mode failure): 4993K->897K(6848K), 0.0083289 secs] 4993K->897K(9920K), [Metaspace: 3664K->3664K(1056768K)], 0.0086718 secs] [Times: user=0.00 sys=0.00, real=0.01 secs] 
25.290: [GC (Allocation Failure) 25.290: [ParNew: 0K->0K(3072K), 0.0003269 secs]25.290: [CMS: 4993K->897K(6848K), 0.0022370 secs] 4993K->897K(9920K), [Metaspace: 3664K->3664K(1056768K)], 0.0026405 secs] [Times: user=0.00 sys=0.00, real=0.00 secs] 
25.293: [GC (CMS Initial Mark) [1 CMS-initial-mark: 4993K(6848K)] 4993K(9920K), 0.0002103 secs] [Times: user=0.00 sys=0.00, real=0.00 secs] 
25.293: [CMS-concurrent-mark-start]
25.293: [GC (Allocation Failure) 25.293: [ParNew: 0K->0K(3072K), 0.0002191 secs]25.293: [CMS25.303: [CMS-concurrent-mark: 0.002/0.010 secs] [Times: user=0.03 sys=0.00, real=0.01 secs] 
 (concurrent mode failure): 4993K->897K(6848K), 0.0118715 secs] 4993K->897K(9920K), [Metaspace: 3664K->3664K(1056768K)], 0.0121625 secs] [Times: user=0.03 sys=0.00, real=0.01 secs] 
25.306: [GC (Allocation Failure) 25.306: [ParNew: 0K->0K(3072K), 0.0002456 secs]25.306: [CMS: 4993K->897K(6848K), 0.0021535 secs] 4993K->897K(9920K), [Metaspace: 3664K->3664K(1056768K)], 0.0024678 secs] [Times: user=0.00 sys=0.00, real=0.00 secs] 
25.309: [GC (CMS Initial Mark) [1 CMS-initial-mark: 4993K(6848K)] 4993K(9920K), 0.0001400 secs] [Times: user=0.00 sys=0.00, real=0.00 secs] 
25.309: [CMS-concurrent-mark-start]
25.309: [GC (Allocation Failure) 25.309: [ParNew: 0K->0K(3072K), 0.0002250 secs]25.309: [CMS25.318: [CMS-concurrent-mark: 0.002/0.009 secs] [Times: user=0.03 sys=0.00, real=0.01 secs] 
 (concurrent mode failure): 4993K->897K(6848K), 0.0110819 secs] 4993K->897K(9920K), [Metaspace: 3664K->3664K(1056768K)], 0.0113821 secs] [Times: user=0.03 sys=0.00, real=0.01 secs] 
25.321: [GC (Allocation Failure) 25.321: [ParNew: 0K->0K(3072K), 0.0002212 secs]25.321: [CMS: 4993K->897K(6848K), 0.0020190 secs] 4993K->897K(9920K), [Metaspace: 3664K->3664K(1056768K)], 0.0023064 secs] [Times: user=0.00 sys=0.00, real=0.00 secs] 
25.323: [GC (CMS Initial Mark) [1 CMS-initial-mark: 4993K(6848K)] 4993K(9920K), 0.0001168 secs] [Times: user=0.00 sys=0.00, real=0.00 secs] 
25.323: [CMS-concurrent-mark-start]
25.324: [GC (Allocation Failure) 25.324: [ParNew: 0K->0K(3072K), 0.0002391 secs]25.324: [CMS25.333: [CMS-concurrent-mark: 0.002/0.010 secs] [Times: user=0.03 sys=0.00, real=0.01 secs] 
 (concurrent mode failure): 4993K->897K(6848K), 0.0128571 secs] 4993K->897K(9920K), [Metaspace: 3664K->3664K(1056768K)], 0.0131753 secs] [Times: user=0.03 sys=0.00, real=0.01 secs] 
25.337: [GC (Allocation Failure) 25.337: [ParNew: 0K->0K(3072K), 0.0003191 secs]25.338: [CMS: 4993K->897K(6848K), 0.0025372 secs] 4993K->897K(9920K), [Metaspace: 3664K->3664K(1056768K)], 0.0029514 secs] [Times: user=0.00 sys=0.00, real=0.00 secs] 
25.341: [GC (CMS Initial Mark) [1 CMS-initial-mark: 4993K(6848K)] 4993K(9920K), 0.0001730 secs] [Times: user=0.00 sys=0.00, real=0.00 secs] 
25.341: [CMS-concurrent-mark-start]
25.341: [GC (Allocation Failure) 25.341: [ParNew: 0K->0K(3072K), 0.0002672 secs]25.341: [CMS25.348: [CMS-concurrent-mark: 0.002/0.008 secs] [Times: user=0.00 sys=0.00, real=0.01 secs] 
 (concurrent mode failure): 4993K->897K(6848K), 0.0113108 secs] 4993K->897K(9920K), [Metaspace: 3664K->3664K(1056768K)], 0.0116736 secs] [Times: user=0.02 sys=0.00, real=0.01 secs] 
25.353: [GC (Allocation Failure) 25.353: [ParNew: 0K->0K(3072K), 0.0003267 secs]25.353: [CMS: 4993K->897K(6848K), 0.0030173 secs] 4993K->897K(9920K), [Metaspace: 3664K->3664K(1056768K)], 0.0034489 secs] [Times: user=0.00 sys=0.00, real=0.00 secs] 
25.357: [GC (CMS Initial Mark) [1 CMS-initial-mark: 4993K(6848K)] 4993K(9920K), 0.0001411 secs] [Times: user=0.00 sys=0.00, real=0.00 secs] 
25.357: [CMS-concurrent-mark-start]
25.357: [GC (Allocation Failure) 25.357: [ParNew: 0K->0K(3072K), 0.0002434 secs]25.357: [CMS25.364: [CMS-concurrent-mark: 0.001/0.006 secs] [Times: user=0.00 sys=0.00, real=0.01 secs] 
 (concurrent mode failure): 4993K->897K(6848K), 0.0086754 secs] 4993K->897K(9920K), [Metaspace: 3664K->3664K(1056768K)], 0.0090196 secs] [Times: user=0.01 sys=0.00, real=0.01 secs] 
25.367: [GC (Allocation Failure) 25.367: [ParNew: 0K->0K(3072K), 0.0006682 secs]25.368: [CMS: 4993K->897K(6848K), 0.0025469 secs] 4993K->897K(9920K), [Metaspace: 3664K->3664K(1056768K)], 0.0033287 secs] [Times: user=0.00 sys=0.00, real=0.00 secs] 
25.370: [GC (CMS Initial Mark) [1 CMS-initial-mark: 4993K(6848K)] 4993K(9920K), 0.0001378 secs] [Times: user=0.00 sys=0.00, real=0.00 secs] 
25.371: [CMS-concurrent-mark-start]
25.371: [GC (Allocation Failure) 25.371: [ParNew: 0K->0K(3072K), 0.0002593 secs]25.371: [CMS25.379: [CMS-concurrent-mark: 0.001/0.008 secs] [Times: user=0.00 sys=0.00, real=0.01 secs] 
 (concurrent mode failure): 4993K->897K(6848K), 0.0119374 secs] 4993K->897K(9920K), [Metaspace: 3664K->3664K(1056768K)], 0.0123225 secs] [Times: user=0.02 sys=0.00, real=0.01 secs] 
25.384: [GC (Allocation Failure) 25.384: [ParNew: 0K->0K(3072K), 0.0006315 secs]25.384: [CMS: 4993K->897K(6848K), 0.0052840 secs] 4993K->897K(9920K), [Metaspace: 3664K->3664K(1056768K)], 0.0060168 secs] [Times: user=0.00 sys=0.00, real=0.01 secs] 
25.390: [GC (CMS Initial Mark) [1 CMS-initial-mark: 4993K(6848K)] 4993K(9920K), 0.0001397 secs] [Times: user=0.00 sys=0.00, real=0.00 secs] 
25.390: [CMS-concurrent-mark-start]
25.390: [GC (Allocation Failure) 25.390: [ParNew: 0K->0K(3072K), 0.0002507 secs]25.391: [CMS25.395: [CMS-concurrent-mark: 0.002/0.005 secs] [Times: user=0.00 sys=0.00, real=0.01 secs] 
 (concurrent mode failure): 4993K->897K(6848K), 0.0075783 secs] 4993K->897K(9920K), [Metaspace: 3664K->3664K(1056768K)], 0.0079090 secs] [Times: user=0.01 sys=0.00, real=0.01 secs] 
25.399: [GC (Allocation Failure) 25.399: [ParNew: 0K->0K(3072K), 0.0004189 secs]25.399: [CMS: 4993K->897K(6848K), 0.0057020 secs] 4993K->897K(9920K), [Metaspace: 3664K->3664K(1056768K)], 0.0062286 secs] [Times: user=0.00 sys=0.00, real=0.01 secs] 
25.405: [GC (CMS Initial Mark) [1 CMS-initial-mark: 4993K(6848K)] 4993K(9920K), 0.0001910 secs] [Times: user=0.00 sys=0.00, real=0.00 secs] 
25.406: [CMS-concurrent-mark-start]
25.406: [GC (Allocation Failure) 25.406: [ParNew: 0K->0K(3072K), 0.0002921 secs]25.406: [CMS25.411: [CMS-concurrent-mark: 0.001/0.005 secs] [Times: user=0.00 sys=0.00, real=0.00 secs] 
 (concurrent mode failure): 4993K->897K(6848K), 0.0078729 secs] 4993K->897K(9920K), [Metaspace: 3664K->3664K(1056768K)], 0.0082410 secs] [Times: user=0.02 sys=0.00, real=0.01 secs] 
25.414: [GC (Allocation Failure) 25.414: [ParNew: 0K->0K(3072K), 0.0002744 secs]25.415: [CMS: 4993K->897K(6848K), 0.0034620 secs] 4993K->897K(9920K), [Metaspace: 3664K->3664K(1056768K)], 0.0038131 secs] [Times: user=0.00 sys=0.00, real=0.00 secs] 
25.419: [GC (CMS Initial Mark) [1 CMS-initial-mark: 4993K(6848K)] 4993K(9920K), 0.0001883 secs] [Times: user=0.00 sys=0.00, real=0.00 secs] 
25.419: [CMS-concurrent-mark-start]
25.419: [GC (Allocation Failure) 25.419: [ParNew: 0K->0K(3072K), 0.0002816 secs]25.419: [CMS25.427: [CMS-concurrent-mark: 0.001/0.008 secs] [Times: user=0.00 sys=0.00, real=0.01 secs] 
 (concurrent mode failure): 4993K->897K(6848K), 0.0102268 secs] 4993K->897K(9920K), [Metaspace: 3664K->3664K(1056768K)], 0.0105784 secs] [Times: user=0.02 sys=0.00, real=0.01 secs] 
25.430: [GC (Allocation Failure) 25.430: [ParNew: 0K->0K(3072K), 0.0002743 secs]25.430: [CMS: 4993K->897K(6848K), 0.0029742 secs] 4993K->897K(9920K), [Metaspace: 3664K->3664K(1056768K)], 0.0033429 secs] [Times: user=0.00 sys=0.00, real=0.00 secs] 
25.434: [GC (CMS Initial Mark) [1 CMS-initial-mark: 4993K(6848K)] 4993K(9920K), 0.0001998 secs] [Times: user=0.00 sys=0.00, real=0.00 secs] 
25.434: [CMS-concurrent-mark-start]
25.434: [GC (Allocation Failure) 25.434: [ParNew: 0K->0K(3072K), 0.0002484 secs]25.434: [CMS25.442: [CMS-concurrent-mark: 0.002/0.008 secs] [Times: user=0.02 sys=0.00, real=0.01 secs] 
 (concurrent mode failure): 4993K->897K(6848K), 0.0107583 secs] 4993K->897K(9920K), [Metaspace: 3664K->3664K(1056768K)], 0.0110860 secs] [Times: user=0.02 sys=0.00, real=0.01 secs] 
25.446: [GC (Allocation Failure) 25.446: [ParNew: 0K->0K(3072K), 0.0003220 secs]25.446: [CMS: 4993K->897K(6848K), 0.0029587 secs] 4993K->897K(9920K), [Metaspace: 3664K->3664K(1056768K)], 0.0033644 secs] [Times: user=0.00 sys=0.00, real=0.00 secs] 
25.449: [GC (CMS Initial Mark) [1 CMS-initial-mark: 4993K(6848K)] 4993K(9920K), 0.0001315 secs] [Times: user=0.00 sys=0.00, real=0.00 secs] 
25.450: [CMS-concurrent-mark-start]
25.450: [GC (Allocation Failure) 25.450: [ParNew: 0K->0K(3072K), 0.0002586 secs]25.450: [CMS25.458: [CMS-concurrent-mark: 0.002/0.009 secs] [Times: user=0.03 sys=0.00, real=0.01 secs] 
 (concurrent mode failure): 4993K->897K(6848K), 0.0117839 secs] 4993K->897K(9920K), [Metaspace: 3664K->3664K(1056768K)], 0.0121219 secs] [Times: user=0.03 sys=0.00, real=0.01 secs] 
25.462: [GC (Allocation Failure) 25.462: [ParNew: 0K->0K(3072K), 0.0002791 secs]25.462: [CMS: 4993K->897K(6848K), 0.0034451 secs] 4993K->897K(9920K), [Metaspace: 3664K->3664K(1056768K)], 0.0038383 secs] [Times: user=0.00 sys=0.00, real=0.00 secs] 
25.467: [GC (CMS Initial Mark) [1 CMS-initial-mark: 4993K(6848K)] 4993K(9920K), 0.0002070 secs] [Times: user=0.00 sys=0.00, real=0.00 secs] 
25.467: [CMS-concurrent-mark-start]
25.467: [GC (Allocation Failure) 25.467: [ParNew: 0K->0K(3072K), 0.0002905 secs]25.467: [CMS25.473: [CMS-concurrent-mark: 0.002/0.007 secs] [Times: user=0.00 sys=0.00, real=0.01 secs] 
 (concurrent mode failure): 4993K->897K(6848K), 0.0086334 secs] 4993K->897K(9920K), [Metaspace: 3664K->3664K(1056768K)], 0.0090031 secs] [Times: user=0.01 sys=0.00, real=0.01 secs] 
25.476: [GC (Allocation Failure) 25.476: [ParNew: 0K->0K(3072K), 0.0002328 secs]25.477: [CMS: 4993K->897K(6848K), 0.0024730 secs] 4993K->897K(9920K), [Metaspace: 3664K->3664K(1056768K)], 0.0027786 secs] [Times: user=0.00 sys=0.00, real=0.00 secs] 
25.479: [GC (CMS Initial Mark) [1 CMS-initial-mark: 4993K(6848K)] 4993K(9920K), 0.0000935 secs] [Times: user=0.00 sys=0.00, real=0.00 secs] 
25.480: [CMS-concurrent-mark-start]
25.480: [GC (Allocation Failure) 25.480: [ParNew: 0K->0K(3072K), 0.0002437 secs]25.480: [CMS25.489: [CMS-concurrent-mark: 0.002/0.009 secs] [Times: user=0.00 sys=0.00, real=0.01 secs] 
 (concurrent mode failure): 4993K->897K(6848K), 0.0114082 secs] 4993K->897K(9920K), [Metaspace: 3664K->3664K(1056768K)], 0.0117208 secs] [Times: user=0.02 sys=0.00, real=0.01 secs] 
25.492: [GC (Allocation Failure) 25.492: [ParNew: 0K->0K(3072K), 0.0002608 secs]25.492: [CMS: 4993K->897K(6848K), 0.0022861 secs] 4993K->897K(9920K), [Metaspace: 3664K->3664K(1056768K)], 0.0026250 secs] [Times: user=0.00 sys=0.00, real=0.00 secs] 
25.495: [GC (CMS Initial Mark) [1 CMS-initial-mark: 4993K(6848K)] 4993K(9920K), 0.0001220 secs] [Times: user=0.00 sys=0.00, real=0.00 secs] 
25.495: [CMS-concurrent-mark-start]
25.495: [GC (Allocation Failure) 25.495: [ParNew: 0K->0K(3072K), 0.0002106 secs]25.495: [CMS25.504: [CMS-concurrent-mark: 0.001/0.009 secs] [Times: user=0.00 sys=0.00, real=0.01 secs] 
 (concurrent mode failure): 4993K->897K(6848K), 0.0109563 secs] 4993K->897K(9920K), [Metaspace: 3664K->3664K(1056768K)], 0.0112391 secs] [Times: user=0.01 sys=0.00, real=0.01 secs] 
25.507: [GC (Allocation Failure) 25.507: [ParNew: 0K->0K(3072K), 0.0002030 secs]25.507: [CMS: 4993K->897K(6848K), 0.0020355 secs] 4993K->897K(9920K), [Metaspace: 3664K->3664K(1056768K)], 0.0023050 secs] [Times: user=0.00 sys=0.00, real=0.00 secs] 
25.509: [GC (CMS Initial Mark) [1 CMS-initial-mark: 4993K(6848K)] 4993K(9920K), 0.0001234 secs] [Times: user=0.00 sys=0.00, real=0.00 secs] 
25.509: [CMS-concurrent-mark-start]
25.509: [GC (Allocation Failure) 25.509: [ParNew: 0K->0K(3072K), 0.0001880 secs]25.510: [CMS25.519: [CMS-concurrent-mark: 0.001/0.010 secs] [Times: user=0.00 sys=0.00, real=0.01 secs] 
 (concurrent mode failure): 4993K->897K(6848K), 0.0119228 secs] 4993K->897K(9920K), [Metaspace: 3664K->3664K(1056768K)], 0.0121879 secs] [Times: user=0.02 sys=0.00, real=0.01 secs] 
25.522: [GC (Allocation Failure) 25.522: [ParNew: 0K->0K(3072K), 0.0003926 secs]25.522: [CMS: 4993K->897K(6848K), 0.0020672 secs] 4993K->897K(9920K), [Metaspace: 3664K->3664K(1056768K)], 0.0025481 secs] [Times: user=0.00 sys=0.00, real=0.00 secs] 
25.525: [GC (CMS Initial Mark) [1 CMS-initial-mark: 4993K(6848K)] 4993K(9920K), 0.0001399 secs] [Times: user=0.00 sys=0.00, real=0.00 secs] 
25.525: [CMS-concurrent-mark-start]
25.525: [GC (Allocation Failure) 25.525: [ParNew: 0K->0K(3072K), 0.0002175 secs]25.525: [CMS25.535: [CMS-concurrent-mark: 0.001/0.010 secs] [Times: user=0.00 sys=0.00, real=0.01 secs] 
 (concurrent mode failure): 4993K->897K(6848K), 0.0122838 secs] 4993K->897K(9920K), [Metaspace: 3664K->3664K(1056768K)], 0.0126198 secs] [Times: user=0.02 sys=0.00, real=0.01 secs] 
25.538: [GC (Allocation Failure) 25.538: [ParNew: 0K->0K(3072K), 0.0002413 secs]25.538: [CMS: 4993K->897K(6848K), 0.0032665 secs] 4993K->897K(9920K), [Metaspace: 3664K->3664K(1056768K)], 0.0035990 secs] [Times: user=0.00 sys=0.00, real=0.00 secs] 
25.542: [GC (CMS Initial Mark) [1 CMS-initial-mark: 4993K(6848K)] 4993K(9920K), 0.0001666 secs] [Times: user=0.00 sys=0.00, real=0.00 secs] 
25.542: [CMS-concurrent-mark-start]
25.542: [GC (Allocation Failure) 25.542: [ParNew: 0K->0K(3072K), 0.0002766 secs]25.543: [CMS25.551: [CMS-concurrent-mark: 0.002/0.008 secs] [Times: user=0.00 sys=0.00, real=0.01 secs] 
 (concurrent mode failure): 4993K->897K(6848K), 0.0112378 secs] 4993K->897K(9920K), [Metaspace: 3664K->3664K(1056768K)], 0.0116095 secs] [Times: user=0.02 sys=0.00, real=0.01 secs] 
25.554: [GC (Allocation Failure) 25.554: [ParNew: 0K->0K(3072K), 0.0002510 secs]25.555: [CMS: 4993K->897K(6848K), 0.0024795 secs] 4993K->897K(9920K), [Metaspace: 3664K->3664K(1056768K)], 0.0028467 secs] [Times: user=0.00 sys=0.00, real=0.00 secs] 
25.558: [GC (CMS Initial Mark) [1 CMS-initial-mark: 4993K(6848K)] 4993K(9920K), 0.0002093 secs] [Times: user=0.00 sys=0.00, real=0.00 secs] 
25.558: [CMS-concurrent-mark-start]
25.558: [GC (Allocation Failure) 25.558: [ParNew: 0K->0K(3072K), 0.0002525 secs]25.558: [CMS25.566: [CMS-concurrent-mark: 0.002/0.008 secs] [Times: user=0.00 sys=0.00, real=0.01 secs] 
 (concurrent mode failure): 4993K->897K(6848K), 0.0124380 secs] 4993K->897K(9920K), [Metaspace: 3664K->3664K(1056768K)], 0.0127917 secs] [Times: user=0.00 sys=0.00, real=0.01 secs] 
25.571: [GC (Allocation Failure) 25.571: [ParNew: 0K->0K(3072K), 0.0002369 secs]25.572: [CMS: 4993K->897K(6848K), 0.0024873 secs] 4993K->897K(9920K), [Metaspace: 3664K->3664K(1056768K)], 0.0028202 secs] [Times: user=0.00 sys=0.00, real=0.00 secs] 
25.575: [GC (CMS Initial Mark) [1 CMS-initial-mark: 4993K(6848K)] 4993K(9920K), 0.0001415 secs] [Times: user=0.00 sys=0.00, real=0.00 secs] 
25.575: [CMS-concurrent-mark-start]
25.575: [GC (Allocation Failure) 25.575: [ParNew: 0K->0K(3072K), 0.0002293 secs]25.575: [CMS25.582: [CMS-concurrent-mark: 0.002/0.008 secs] [Times: user=0.00 sys=0.00, real=0.01 secs] 
 (concurrent mode failure): 4993K->897K(6848K), 0.0117258 secs] 4993K->897K(9920K), [Metaspace: 3664K->3664K(1056768K)], 0.0120493 secs] [Times: user=0.02 sys=0.00, real=0.01 secs] 
25.587: [GC (Allocation Failure) 25.587: [ParNew: 0K->0K(3072K), 0.0002188 secs]25.587: [CMS: 4993K->897K(6848K), 0.0017361 secs] 4993K->897K(9920K), [Metaspace: 3664K->3664K(1056768K)], 0.0020098 secs] [Times: user=0.00 sys=0.00, real=0.00 secs] 
25.590: [GC (CMS Initial Mark) [1 CMS-initial-mark: 4993K(6848K)] 4993K(9920K), 0.0001374 secs] [Times: user=0.00 sys=0.00, real=0.00 secs] 
25.590: [CMS-concurrent-mark-start]
25.590: [GC (Allocation Failure) 25.590: [ParNew: 0K->0K(3072K), 0.0002066 secs]25.590: [CMS25.598: [CMS-concurrent-mark: 0.002/0.009 secs] [Times: user=0.00 sys=0.02, real=0.01 secs] 
 (concurrent mode failure): 4993K->897K(6848K), 0.0120729 secs] 4993K->897K(9920K), [Metaspace: 3664K->3664K(1056768K)], 0.0123515 secs] [Times: user=0.00 sys=0.02, real=0.01 secs] 
25.602: [GC (Allocation Failure) 25.603: [ParNew: 0K->0K(3072K), 0.0002505 secs]25.603: [CMS: 4993K->897K(6848K), 0.0020288 secs] 4993K->897K(9920K), [Metaspace: 3664K->3664K(1056768K)], 0.0023685 secs] [Times: user=0.00 sys=0.00, real=0.00 secs] 
25.605: [GC (CMS Initial Mark) [1 CMS-initial-mark: 4993K(6848K)] 4993K(9920K), 0.0001250 secs] [Times: user=0.00 sys=0.00, real=0.00 secs] 
25.605: [CMS-concurrent-mark-start]
25.605: [GC (Allocation Failure) 25.605: [ParNew: 0K->0K(3072K), 0.0003508 secs]25.606: [CMS25.614: [CMS-concurrent-mark: 0.002/0.009 secs] [Times: user=0.00 sys=0.00, real=0.01 secs] 
 (concurrent mode failure): 4993K->897K(6848K), 0.0115229 secs] 4993K->897K(9920K), [Metaspace: 3664K->3664K(1056768K)], 0.0119734 secs] [Times: user=0.02 sys=0.00, real=0.01 secs] 
25.618: [GC (Allocation Failure) 25.618: [ParNew: 0K->0K(3072K), 0.0003752 secs]25.618: [CMS: 4993K->897K(6848K), 0.0021196 secs] 4993K->897K(9920K), [Metaspace: 3664K->3664K(1056768K)], 0.0025871 secs] [Times: user=0.00 sys=0.00, real=0.00 secs] 
25.621: [GC (CMS Initial Mark) [1 CMS-initial-mark: 4993K(6848K)] 4993K(9920K), 0.0001246 secs] [Times: user=0.00 sys=0.00, real=0.00 secs] 
25.621: [CMS-concurrent-mark-start]
25.621: [GC (Allocation Failure) 25.621: [ParNew: 0K->0K(3072K), 0.0002154 secs]25.621: [CMS25.629: [CMS-concurrent-mark: 0.002/0.008 secs] [Times: user=0.00 sys=0.00, real=0.01 secs] 
 (concurrent mode failure): 4993K->897K(6848K), 0.0099200 secs] 4993K->897K(9920K), [Metaspace: 3664K->3664K(1056768K)], 0.0102069 secs] [Times: user=0.01 sys=0.00, real=0.01 secs] 
25.632: [GC (Allocation Failure) 25.632: [ParNew: 0K->0K(3072K), 0.0003332 secs]25.632: [CMS: 4993K->897K(6848K), 0.0028185 secs] 4993K->897K(9920K), [Metaspace: 3664K->3664K(1056768K)], 0.0032675 secs] [Times: user=0.00 sys=0.00, real=0.00 secs] 
25.635: [GC (CMS Initial Mark) [1 CMS-initial-mark: 4993K(6848K)] 4993K(9920K), 0.0001412 secs] [Times: user=0.00 sys=0.00, real=0.00 secs] 
25.635: [CMS-concurrent-mark-start]
25.636: [GC (Allocation Failure) 25.636: [ParNew: 0K->0K(3072K), 0.0002268 secs]25.636: [CMS25.645: [CMS-concurrent-mark: 0.002/0.009 secs] [Times: user=0.00 sys=0.00, real=0.01 secs] 
 (concurrent mode failure): 4993K->897K(6848K), 0.0115267 secs] 4993K->897K(9920K), [Metaspace: 3664K->3664K(1056768K)], 0.0118337 secs] [Times: user=0.02 sys=0.00, real=0.01 secs] 
25.648: [GC (Allocation Failure) 25.648: [ParNew: 0K->0K(3072K), 0.0002742 secs]25.648: [CMS: 4993K->897K(6848K), 0.0028320 secs] 4993K->897K(9920K), [Metaspace: 3664K->3664K(1056768K)], 0.0031900 secs] [Times: user=0.00 sys=0.00, real=0.00 secs] 
25.651: [GC (CMS Initial Mark) [1 CMS-initial-mark: 4993K(6848K)] 4993K(9920K), 0.0001306 secs] [Times: user=0.00 sys=0.00, real=0.00 secs] 
25.652: [CMS-concurrent-mark-start]
25.652: [GC (Allocation Failure) 25.652: [ParNew: 0K->0K(3072K), 0.0002399 secs]25.652: [CMS25.661: [CMS-concurrent-mark: 0.002/0.009 secs] [Times: user=0.00 sys=0.00, real=0.01 secs] 
 (concurrent mode failure): 4993K->897K(6848K), 0.0110019 secs] 4993K->897K(9920K), [Metaspace: 3664K->3664K(1056768K)], 0.0113143 secs] [Times: user=0.01 sys=0.00, real=0.01 secs] 
25.663: [GC (Allocation Failure) 25.663: [ParNew: 0K->0K(3072K), 0.0002474 secs]25.664: [CMS: 4993K->897K(6848K), 0.0024732 secs] 4993K->897K(9920K), [Metaspace: 3664K->3664K(1056768K)], 0.0028297 secs] [Times: user=0.00 sys=0.00, real=0.00 secs] 
25.667: [GC (CMS Initial Mark) [1 CMS-initial-mark: 4993K(6848K)] 4993K(9920K), 0.0002218 secs] [Times: user=0.00 sys=0.00, real=0.00 secs] 
25.667: [CMS-concurrent-mark-start]
25.667: [GC (Allocation Failure) 25.667: [ParNew: 0K->0K(3072K), 0.0002789 secs]25.668: [CMS25.676: [CMS-concurrent-mark: 0.001/0.009 secs] [Times: user=0.00 sys=0.00, real=0.01 secs] 
 (concurrent mode failure): 4993K->897K(6848K), 0.0112181 secs] 4993K->897K(9920K), [Metaspace: 3664K->3664K(1056768K)], 0.0115788 secs] [Times: user=0.02 sys=0.00, real=0.01 secs] 
25.679: [GC (Allocation Failure) 25.679: [ParNew: 0K->0K(3072K), 0.0002376 secs]25.680: [CMS: 4993K->897K(6848K), 0.0019310 secs] 4993K->897K(9920K), [Metaspace: 3664K->3664K(1056768K)], 0.0022356 secs] [Times: user=0.00 sys=0.00, real=0.00 secs] 
25.682: [GC (CMS Initial Mark) [1 CMS-initial-mark: 4993K(6848K)] 4993K(9920K), 0.0001136 secs] [Times: user=0.00 sys=0.00, real=0.00 secs] 
25.682: [CMS-concurrent-mark-start]
25.682: [GC (Allocation Failure) 25.682: [ParNew: 0K->0K(3072K), 0.0002953 secs]25.683: [CMS25.692: [CMS-concurrent-mark: 0.001/0.009 secs] [Times: user=0.00 sys=0.00, real=0.01 secs] 
 (concurrent mode failure): 4993K->897K(6848K), 0.0112171 secs] 4993K->897K(9920K), [Metaspace: 3664K->3664K(1056768K)], 0.0115881 secs] [Times: user=0.02 sys=0.00, real=0.01 secs] 
25.694: [GC (Allocation Failure) 25.694: [ParNew: 0K->0K(3072K), 0.0002221 secs]25.694: [CMS: 4993K->897K(6848K), 0.0019223 secs] 4993K->897K(9920K), [Metaspace: 3664K->3664K(1056768K)], 0.0022078 secs] [Times: user=0.00 sys=0.00, real=0.00 secs] 
25.697: [GC (CMS Initial Mark) [1 CMS-initial-mark: 4993K(6848K)] 4993K(9920K), 0.0001195 secs] [Times: user=0.00 sys=0.00, real=0.00 secs] 
25.697: [CMS-concurrent-mark-start]
25.697: [GC (Allocation Failure) 25.697: [ParNew: 0K->0K(3072K), 0.0002024 secs]25.697: [CMS25.707: [CMS-concurrent-mark: 0.001/0.010 secs] [Times: user=0.00 sys=0.00, real=0.01 secs] 
 (concurrent mode failure): 4993K->897K(6848K), 0.0120740 secs] 4993K->897K(9920K), [Metaspace: 3664K->3664K(1056768K)], 0.0123460 secs] [Times: user=0.02 sys=0.00, real=0.01 secs] 
25.710: [GC (Allocation Failure) 25.710: [ParNew: 0K->0K(3072K), 0.0002305 secs]25.710: [CMS: 4993K->897K(6848K), 0.0019892 secs] 4993K->897K(9920K), [Metaspace: 3664K->3664K(1056768K)], 0.0022958 secs] [Times: user=0.00 sys=0.00, real=0.00 secs] 
25.712: [GC (CMS Initial Mark) [1 CMS-initial-mark: 4993K(6848K)] 4993K(9920K), 0.0001240 secs] [Times: user=0.00 sys=0.00, real=0.00 secs] 
25.712: [CMS-concurrent-mark-start]
25.712: [GC (Allocation Failure) 25.712: [ParNew: 0K->0K(3072K), 0.0002500 secs]25.713: [CMS25.723: [CMS-concurrent-mark: 0.001/0.010 secs] [Times: user=0.00 sys=0.00, real=0.01 secs] 
 (concurrent mode failure): 4993K->897K(6848K), 0.0124609 secs] 4993K->897K(9920K), [Metaspace: 3664K->3664K(1056768K)], 0.0127777 secs] [Times: user=0.02 sys=0.00, real=0.01 secs] 
25.726: [GC (Allocation Failure) 25.726: [ParNew: 0K->0K(3072K), 0.0002189 secs]25.726: [CMS: 4993K->897K(6848K), 0.0019032 secs] 4993K->897K(9920K), [Metaspace: 3664K->3664K(1056768K)], 0.0021920 secs] [Times: user=0.00 sys=0.00, real=0.00 secs] 
25.728: [GC (CMS Initial Mark) [1 CMS-initial-mark: 4993K(6848K)] 4993K(9920K), 0.0001292 secs] [Times: user=0.00 sys=0.00, real=0.00 secs] 
25.728: [CMS-concurrent-mark-start]
25.728: [GC (Allocation Failure) 25.728: [ParNew: 0K->0K(3072K), 0.0002052 secs]25.728: [CMS25.739: [CMS-concurrent-mark: 0.002/0.011 secs] [Times: user=0.03 sys=0.00, real=0.01 secs] 
 (concurrent mode failure): 4993K->897K(6848K), 0.0134169 secs] 4993K->897K(9920K), [Metaspace: 3664K->3664K(1056768K)], 0.0136912 secs] [Times: user=0.03 sys=0.00, real=0.01 secs] 
25.742: [GC (Allocation Failure) 25.742: [ParNew: 0K->0K(3072K), 0.0003246 secs]25.743: [CMS: 4993K->897K(6848K), 0.0020783 secs] 4993K->897K(9920K), [Metaspace: 3664K->3664K(1056768K)], 0.0024772 secs] [Times: user=0.00 sys=0.00, real=0.00 secs] 
25.745: [GC (CMS Initial Mark) [1 CMS-initial-mark: 4993K(6848K)] 4993K(9920K), 0.0000862 secs] [Times: user=0.00 sys=0.00, real=0.00 secs] 
25.745: [CMS-concurrent-mark-start]
25.745: [GC (Allocation Failure) 25.745: [ParNew: 0K->0K(3072K), 0.0002631 secs]25.746: [CMS25.754: [CMS-concurrent-mark: 0.001/0.009 secs] [Times: user=0.00 sys=0.00, real=0.01 secs] 
 (concurrent mode failure): 4993K->897K(6848K), 0.0107689 secs] 4993K->897K(9920K), [Metaspace: 3664K->3664K(1056768K)], 0.0111028 secs] [Times: user=0.02 sys=0.00, real=0.01 secs] 
25.757: [GC (Allocation Failure) 25.757: [ParNew: 0K->0K(3072K), 0.0002314 secs]25.757: [CMS: 4993K->897K(6848K), 0.0018076 secs] 4993K->897K(9920K), [Metaspace: 3664K->3664K(1056768K)], 0.0021063 secs] [Times: user=0.00 sys=0.00, real=0.00 secs] 
25.759: [GC (CMS Initial Mark) [1 CMS-initial-mark: 4993K(6848K)] 4993K(9920K), 0.0001189 secs] [Times: user=0.00 sys=0.00, real=0.00 secs] 
25.759: [CMS-concurrent-mark-start]
25.760: [GC (Allocation Failure) 25.760: [ParNew: 0K->0K(3072K), 0.0003294 secs]25.760: [CMS25.770: [CMS-concurrent-mark: 0.002/0.010 secs] [Times: user=0.00 sys=0.00, real=0.01 secs] 
 (concurrent mode failure): 4993K->897K(6848K), 0.0120102 secs] 4993K->897K(9920K), [Metaspace: 3664K->3664K(1056768K)], 0.0124135 secs] [Times: user=0.01 sys=0.00, real=0.01 secs] 
25.772: [GC (Allocation Failure) 25.772: [ParNew: 0K->0K(3072K), 0.0002272 secs]25.773: [CMS: 4993K->897K(6848K), 0.0017381 secs] 4993K->897K(9920K), [Metaspace: 3664K->3664K(1056768K)], 0.0020245 secs] [Times: user=0.00 sys=0.00, real=0.00 secs] 
25.775: [GC (CMS Initial Mark) [1 CMS-initial-mark: 4993K(6848K)] 4993K(9920K), 0.0001137 secs] [Times: user=0.00 sys=0.00, real=0.00 secs] 
25.775: [CMS-concurrent-mark-start]
25.775: [GC (Allocation Failure) 25.775: [ParNew: 0K->0K(3072K), 0.0001931 secs]25.775: [CMS25.785: [CMS-concurrent-mark: 0.002/0.010 secs] [Times: user=0.00 sys=0.00, real=0.01 secs] 
 (concurrent mode failure): 4993K->897K(6848K), 0.0128582 secs] 4993K->897K(9920K), [Metaspace: 3664K->3664K(1056768K)], 0.0131336 secs] [Times: user=0.02 sys=0.00, real=0.01 secs] 
25.788: [GC (Allocation Failure) 25.788: [ParNew: 0K->0K(3072K), 0.0002901 secs]25.789: [CMS: 4993K->897K(6848K), 0.0021928 secs] 4993K->897K(9920K), [Metaspace: 3664K->3664K(1056768K)], 0.0025602 secs] [Times: user=0.00 sys=0.00, real=0.00 secs] 
25.792: [GC (CMS Initial Mark) [1 CMS-initial-mark: 4993K(6848K)] 4993K(9920K), 0.0001162 secs] [Times: user=0.00 sys=0.00, real=0.00 secs] 
25.792: [CMS-concurrent-mark-start]
25.792: [GC (Allocation Failure) 25.792: [ParNew: 0K->0K(3072K), 0.0002433 secs]25.792: [CMS25.801: [CMS-concurrent-mark: 0.002/0.010 secs] [Times: user=0.00 sys=0.00, real=0.01 secs] 
 (concurrent mode failure): 4993K->897K(6848K), 0.0132843 secs] 4993K->897K(9920K), [Metaspace: 3664K->3664K(1056768K)], 0.0135937 secs] [Times: user=0.02 sys=0.00, real=0.01 secs] 
25.806: [GC (Allocation Failure) 25.806: [ParNew: 0K->0K(3072K), 0.0001883 secs]25.806: [CMS: 4993K->897K(6848K), 0.0017748 secs] 4993K->897K(9920K), [Metaspace: 3664K->3664K(1056768K)], 0.0020292 secs] [Times: user=0.00 sys=0.00, real=0.00 secs] 
25.808: [GC (CMS Initial Mark) [1 CMS-initial-mark: 4993K(6848K)] 4993K(9920K), 0.0000924 secs] [Times: user=0.00 sys=0.00, real=0.00 secs] 
25.808: [CMS-concurrent-mark-start]
25.808: [GC (Allocation Failure) 25.808: [ParNew: 0K->0K(3072K), 0.0001932 secs]25.808: [CMS25.816: [CMS-concurrent-mark: 0.001/0.008 secs] [Times: user=0.00 sys=0.00, real=0.01 secs] 
 (concurrent mode failure): 4993K->897K(6848K), 0.0105278 secs] 4993K->897K(9920K), [Metaspace: 3664K->3664K(1056768K)], 0.0107907 secs] [Times: user=0.02 sys=0.00, real=0.01 secs] 
25.819: [GC (Allocation Failure) 25.819: [ParNew: 0K->0K(3072K), 0.0002283 secs]25.820: [CMS: 4993K->897K(6848K), 0.0019817 secs] 4993K->897K(9920K), [Metaspace: 3664K->3664K(1056768K)], 0.0022735 secs] [Times: user=0.00 sys=0.00, real=0.00 secs] 
25.822: [GC (CMS Initial Mark) [1 CMS-initial-mark: 4993K(6848K)] 4993K(9920K), 0.0001512 secs] [Times: user=0.00 sys=0.00, real=0.00 secs] 
25.822: [CMS-concurrent-mark-start]
25.822: [GC (Allocation Failure) 25.822: [ParNew: 0K->0K(3072K), 0.0003067 secs]25.823: [CMS25.832: [CMS-concurrent-mark: 0.002/0.010 secs] [Times: user=0.00 sys=0.00, real=0.01 secs] 
 (concurrent mode failure): 4993K->897K(6848K), 0.0129678 secs] 4993K->897K(9920K), [Metaspace: 3664K->3664K(1056768K)], 0.0133496 secs] [Times: user=0.02 sys=0.00, real=0.01 secs] 
25.836: [GC (Allocation Failure) 25.836: [ParNew: 0K->0K(3072K), 0.0002250 secs]25.836: [CMS: 4993K->897K(6848K), 0.0019162 secs] 4993K->897K(9920K), [Metaspace: 3664K->3664K(1056768K)], 0.0022084 secs] [Times: user=0.00 sys=0.00, real=0.00 secs] 
25.839: [GC (CMS Initial Mark) [1 CMS-initial-mark: 4993K(6848K)] 4993K(9920K), 0.0000849 secs] [Times: user=0.00 sys=0.00, real=0.00 secs] 
25.839: [CMS-concurrent-mark-start]
25.839: [GC (Allocation Failure) 25.839: [ParNew: 0K->0K(3072K), 0.0001945 secs]25.839: [CMS25.848: [CMS-concurrent-mark: 0.001/0.009 secs] [Times: user=0.00 sys=0.00, real=0.01 secs] 
 (concurrent mode failure): 4993K->897K(6848K), 0.0128218 secs] 4993K->897K(9920K), [Metaspace: 3664K->3664K(1056768K)], 0.0131185 secs] [Times: user=0.00 sys=0.01, real=0.01 secs] 
25.853: [GC (Allocation Failure) 25.853: [ParNew: 0K->0K(3072K), 0.0002883 secs]25.853: [CMS: 4993K->897K(6848K), 0.0020644 secs] 4993K->897K(9920K), [Metaspace: 3664K->3664K(1056768K)], 0.0024234 secs] [Times: user=0.00 sys=0.00, real=0.00 secs] 
25.855: [GC (CMS Initial Mark) [1 CMS-initial-mark: 4993K(6848K)] 4993K(9920K), 0.0001185 secs] [Times: user=0.00 sys=0.00, real=0.00 secs] 
25.856: [CMS-concurrent-mark-start]
25.856: [GC (Allocation Failure) 25.856: [ParNew: 0K->0K(3072K), 0.0002861 secs]25.856: [CMS25.863: [CMS-concurrent-mark: 0.002/0.008 secs] [Times: user=0.00 sys=0.00, real=0.01 secs] 
 (concurrent mode failure): 4993K->897K(6848K), 0.0103497 secs] 4993K->897K(9920K), [Metaspace: 3664K->3664K(1056768K)], 0.0107125 secs] [Times: user=0.02 sys=0.00, real=0.01 secs] 
25.867: [GC (Allocation Failure) 25.867: [ParNew: 0K->0K(3072K), 0.0005798 secs]25.868: [CMS: 4993K->897K(6848K), 0.0030307 secs] 4993K->897K(9920K), [Metaspace: 3664K->3664K(1056768K)], 0.0037073 secs] [Times: user=0.00 sys=0.00, real=0.00 secs] 
25.871: [GC (CMS Initial Mark) [1 CMS-initial-mark: 4993K(6848K)] 4993K(9920K), 0.0001924 secs] [Times: user=0.00 sys=0.00, real=0.00 secs] 
25.871: [CMS-concurrent-mark-start]
25.872: [GC (Allocation Failure) 25.872: [ParNew: 0K->0K(3072K), 0.0002611 secs]25.872: [CMS25.885: [CMS-concurrent-mark: 0.007/0.013 secs] [Times: user=0.03 sys=0.00, real=0.01 secs] 
 (concurrent mode failure): 4993K->897K(6848K), 0.0191954 secs] 4993K->897K(9920K), [Metaspace: 3664K->3664K(1056768K)], 0.0195699 secs] [Times: user=0.03 sys=0.00, real=0.02 secs] 
25.892: [GC (Allocation Failure) 25.892: [ParNew: 0K->0K(3072K), 0.0005115 secs]25.892: [CMS: 4993K->897K(6848K), 0.0037870 secs] 4993K->897K(9920K), [Metaspace: 3664K->3664K(1056768K)], 0.0044333 secs] [Times: user=0.01 sys=0.00, real=0.01 secs] 
25.897: [GC (CMS Initial Mark) [1 CMS-initial-mark: 4993K(6848K)] 4993K(9920K), 0.0001878 secs] [Times: user=0.00 sys=0.00, real=0.00 secs] 
25.897: [CMS-concurrent-mark-start]
25.897: [GC (Allocation Failure) 25.897: [ParNew: 0K->0K(3072K), 0.0005348 secs]25.898: [CMS25.912: [CMS-concurrent-mark: 0.002/0.015 secs] [Times: user=0.03 sys=0.00, real=0.02 secs] 
 (concurrent mode failure): 4993K->897K(6848K), 0.0162683 secs] 4993K->897K(9920K), [Metaspace: 3664K->3664K(1056768K)], 0.0169087 secs] [Times: user=0.03 sys=0.00, real=0.02 secs] 
25.914: [GC (Allocation Failure) 25.914: [ParNew: 0K->0K(3072K), 0.0003043 secs]25.915: [CMS: 4993K->897K(6848K), 0.0026554 secs] 4993K->897K(9920K), [Metaspace: 3664K->3664K(1056768K)], 0.0030422 secs] [Times: user=0.00 sys=0.00, real=0.00 secs] 
25.918: [GC (CMS Initial Mark) [1 CMS-initial-mark: 4993K(6848K)] 4993K(9920K), 0.0002533 secs] [Times: user=0.00 sys=0.00, real=0.00 secs] 
25.918: [CMS-concurrent-mark-start]
25.918: [GC (Allocation Failure) 25.918: [ParNew: 0K->0K(3072K), 0.0002545 secs]25.918: [CMS25.927: [CMS-concurrent-mark: 0.002/0.009 secs] [Times: user=0.03 sys=0.00, real=0.01 secs] 
 (concurrent mode failure): 4993K->897K(6848K), 0.0113319 secs] 4993K->897K(9920K), [Metaspace: 3664K->3664K(1056768K)], 0.0116599 secs] [Times: user=0.03 sys=0.00, real=0.01 secs] 
25.930: [GC (Allocation Failure) 25.930: [ParNew: 0K->0K(3072K), 0.0002561 secs]25.930: [CMS: 4993K->897K(6848K), 0.0021197 secs] 4993K->897K(9920K), [Metaspace: 3664K->3664K(1056768K)], 0.0024767 secs] [Times: user=0.00 sys=0.00, real=0.00 secs] 
25.933: [GC (CMS Initial Mark) [1 CMS-initial-mark: 4993K(6848K)] 4993K(9920K), 0.0002818 secs] [Times: user=0.00 sys=0.00, real=0.00 secs] 
25.933: [CMS-concurrent-mark-start]
25.934: [GC (Allocation Failure) 25.934: [ParNew: 0K->0K(3072K), 0.0002081 secs]25.934: [CMS25.943: [CMS-concurrent-mark: 0.001/0.009 secs] [Times: user=0.00 sys=0.00, real=0.01 secs] 
 (concurrent mode failure): 4993K->897K(6848K), 0.0111809 secs] 4993K->897K(9920K), [Metaspace: 3664K->3664K(1056768K)], 0.0114649 secs] [Times: user=0.00 sys=0.02, real=0.01 secs] 
25.945: [GC (Allocation Failure) 25.945: [ParNew: 0K->0K(3072K), 0.0002438 secs]25.946: [CMS: 4993K->897K(6848K), 0.0019978 secs] 4993K->897K(9920K), [Metaspace: 3664K->3664K(1056768K)], 0.0023120 secs] [Times: user=0.00 sys=0.00, real=0.00 secs] 
25.948: [GC (CMS Initial Mark) [1 CMS-initial-mark: 4993K(6848K)] 4993K(9920K), 0.0002443 secs] [Times: user=0.00 sys=0.00, real=0.00 secs] 
25.948: [CMS-concurrent-mark-start]
25.948: [GC (Allocation Failure) 25.948: [ParNew: 0K->0K(3072K), 0.0003220 secs]25.949: [CMS25.958: [CMS-concurrent-mark: 0.002/0.010 secs] [Times: user=0.00 sys=0.00, real=0.01 secs] 
 (concurrent mode failure): 4993K->897K(6848K), 0.0119243 secs] 4993K->897K(9920K), [Metaspace: 3664K->3664K(1056768K)], 0.0123355 secs] [Times: user=0.02 sys=0.00, real=0.01 secs] 
25.961: [GC (Allocation Failure) 25.961: [ParNew: 0K->0K(3072K), 0.0002174 secs]25.961: [CMS: 4993K->897K(6848K), 0.0020422 secs] 4993K->897K(9920K), [Metaspace: 3664K->3664K(1056768K)], 0.0023379 secs] [Times: user=0.00 sys=0.00, real=0.00 secs] 
25.964: [GC (CMS Initial Mark) [1 CMS-initial-mark: 4993K(6848K)] 4993K(9920K), 0.0001606 secs] [Times: user=0.00 sys=0.00, real=0.00 secs] 
25.964: [CMS-concurrent-mark-start]
25.964: [GC (Allocation Failure) 25.964: [ParNew: 0K->0K(3072K), 0.0001829 secs]25.964: [CMS25.973: [CMS-concurrent-mark: 0.001/0.009 secs] [Times: user=0.03 sys=0.00, real=0.01 secs] 
 (concurrent mode failure): 4993K->897K(6848K), 0.0110660 secs] 4993K->897K(9920K), [Metaspace: 3664K->3664K(1056768K)], 0.0113191 secs] [Times: user=0.03 sys=0.00, real=0.01 secs] 
25.976: [GC (Allocation Failure) 25.976: [ParNew: 0K->0K(3072K), 0.0002517 secs]25.976: [CMS: 4993K->897K(6848K), 0.0018045 secs] 4993K->897K(9920K), [Metaspace: 3664K->3664K(1056768K)], 0.0021202 secs] [Times: user=0.00 sys=0.00, real=0.00 secs] 
25.978: [GC (CMS Initial Mark) [1 CMS-initial-mark: 4993K(6848K)] 4993K(9920K), 0.0002794 secs] [Times: user=0.00 sys=0.00, real=0.00 secs] 
25.979: [CMS-concurrent-mark-start]
25.979: [GC (Allocation Failure) 25.979: [ParNew: 0K->0K(3072K), 0.0003137 secs]25.979: [CMS25.989: [CMS-concurrent-mark: 0.002/0.011 secs] [Times: user=0.00 sys=0.00, real=0.01 secs] 
 (concurrent mode failure): 4993K->897K(6848K), 0.0129801 secs] 4993K->897K(9920K), [Metaspace: 3664K->3664K(1056768K)], 0.0133882 secs] [Times: user=0.00 sys=0.02, real=0.01 secs] 
25.993: [GC (Allocation Failure) 25.993: [ParNew: 0K->0K(3072K), 0.0003433 secs]25.993: [CMS: 4993K->897K(6848K), 0.0021723 secs] 4993K->897K(9920K), [Metaspace: 3664K->3664K(1056768K)], 0.0026006 secs] [Times: user=0.00 sys=0.00, real=0.00 secs] 
25.996: [GC (CMS Initial Mark) [1 CMS-initial-mark: 4993K(6848K)] 4993K(9920K), 0.0001305 secs] [Times: user=0.00 sys=0.00, real=0.00 secs] 
25.996: [CMS-concurrent-mark-start]
25.996: [GC (Allocation Failure) 25.996: [ParNew: 0K->0K(3072K), 0.0002029 secs]25.996: [CMS26.004: [CMS-concurrent-mark: 0.001/0.008 secs] [Times: user=0.00 sys=0.00, real=0.01 secs] 
 (concurrent mode failure): 4993K->897K(6848K), 0.0099413 secs] 4993K->897K(9920K), [Metaspace: 3664K->3664K(1056768K)], 0.0102071 secs] [Times: user=0.01 sys=0.00, real=0.01 secs] 
26.006: [GC (Allocation Failure) 26.006: [ParNew: 0K->0K(3072K), 0.0002084 secs]26.007: [CMS: 4993K->897K(6848K), 0.0016584 secs] 4993K->897K(9920K), [Metaspace: 3664K->3664K(1056768K)], 0.0019233 secs] [Times: user=0.00 sys=0.00, real=0.00 secs] 
26.009: [GC (CMS Initial Mark) [1 CMS-initial-mark: 4993K(6848K)] 4993K(9920K), 0.0001404 secs] [Times: user=0.00 sys=0.00, real=0.00 secs] 
26.009: [CMS-concurrent-mark-start]
26.009: [GC (Allocation Failure) 26.009: [ParNew: 0K->0K(3072K), 0.0002222 secs]26.009: [CMS26.020: [CMS-concurrent-mark: 0.001/0.011 secs] [Times: user=0.00 sys=0.00, real=0.01 secs] 
 (concurrent mode failure): 4993K->897K(6848K), 0.0124652 secs] 4993K->897K(9920K), [Metaspace: 3664K->3664K(1056768K)], 0.0127641 secs] [Times: user=0.02 sys=0.00, real=0.01 secs] 
26.022: [GC (Allocation Failure) 26.022: [ParNew: 0K->0K(3072K), 0.0001858 secs]26.022: [CMS: 4993K->897K(6848K), 0.0017846 secs] 4993K->897K(9920K), [Metaspace: 3664K->3664K(1056768K)], 0.0020343 secs] [Times: user=0.00 sys=0.00, real=0.00 secs] 
26.024: [GC (CMS Initial Mark) [1 CMS-initial-mark: 4993K(6848K)] 4993K(9920K), 0.0001196 secs] [Times: user=0.00 sys=0.00, real=0.00 secs] 
26.025: [CMS-concurrent-mark-start]
26.025: [GC (Allocation Failure) 26.025: [ParNew: 0K->0K(3072K), 0.0002310 secs]26.025: [CMS26.035: [CMS-concurrent-mark: 0.001/0.011 secs] [Times: user=0.00 sys=0.00, real=0.01 secs] 
 (concurrent mode failure): 4993K->897K(6848K), 0.0124747 secs] 4993K->897K(9920K), [Metaspace: 3664K->3664K(1056768K)], 0.0127748 secs] [Times: user=0.02 sys=0.00, real=0.01 secs] 
26.038: [GC (Allocation Failure) 26.038: [ParNew: 0K->0K(3072K), 0.0002331 secs]26.038: [CMS: 4993K->897K(6848K), 0.0017808 secs] 4993K->897K(9920K), [Metaspace: 3664K->3664K(1056768K)], 0.0020757 secs] [Times: user=0.00 sys=0.00, real=0.00 secs] 
26.040: [GC (CMS Initial Mark) [1 CMS-initial-mark: 4993K(6848K)] 4993K(9920K), 0.0001096 secs] [Times: user=0.00 sys=0.00, real=0.00 secs] 
26.040: [CMS-concurrent-mark-start]
26.040: [GC (Allocation Failure) 26.040: [ParNew: 0K->0K(3072K), 0.0001879 secs]26.041: [CMS26.050: [CMS-concurrent-mark: 0.002/0.010 secs] [Times: user=0.00 sys=0.00, real=0.01 secs] 
 (concurrent mode failure): 4993K->897K(6848K), 0.0121680 secs] 4993K->897K(9920K), [Metaspace: 3664K->3664K(1056768K)], 0.0124353 secs] [Times: user=0.02 sys=0.00, real=0.01 secs] 
26.053: [GC (Allocation Failure) 26.053: [ParNew: 0K->0K(3072K), 0.0002355 secs]26.054: [CMS: 4993K->897K(6848K), 0.0019525 secs] 4993K->897K(9920K), [Metaspace: 3664K->3664K(1056768K)], 0.0022598 secs] [Times: user=0.00 sys=0.00, real=0.00 secs] 
26.056: [GC (CMS Initial Mark) [1 CMS-initial-mark: 4993K(6848K)] 4993K(9920K), 0.0000824 secs] [Times: user=0.00 sys=0.00, real=0.00 secs] 
26.056: [CMS-concurrent-mark-start]
26.056: [GC (Allocation Failure) 26.056: [ParNew: 0K->0K(3072K), 0.0001840 secs]26.056: [CMS26.066: [CMS-concurrent-mark: 0.002/0.010 secs] [Times: user=0.00 sys=0.00, real=0.01 secs] 
 (concurrent mode failure): 4993K->897K(6848K), 0.0126000 secs] 4993K->897K(9920K), [Metaspace: 3664K->3664K(1056768K)], 0.0128818 secs] [Times: user=0.02 sys=0.00, real=0.01 secs] 
26.069: [GC (Allocation Failure) 26.069: [ParNew: 0K->0K(3072K), 0.0002626 secs]26.070: [CMS: 4993K->897K(6848K), 0.0024090 secs] 4993K->897K(9920K), [Metaspace: 3664K->3664K(1056768K)], 0.0027439 secs] [Times: user=0.00 sys=0.00, real=0.00 secs] 
26.072: [GC (CMS Initial Mark) [1 CMS-initial-mark: 4993K(6848K)] 4993K(9920K), 0.0001175 secs] [Times: user=0.00 sys=0.00, real=0.00 secs] 
26.073: [CMS-concurrent-mark-start]
26.073: [GC (Allocation Failure) 26.073: [ParNew: 0K->0K(3072K), 0.0002855 secs]26.073: [CMS26.081: [CMS-concurrent-mark: 0.002/0.009 secs] [Times: user=0.00 sys=0.00, real=0.01 secs] 
 (concurrent mode failure): 4993K->897K(6848K), 0.0114170 secs] 4993K->897K(9920K), [Metaspace: 3664K->3664K(1056768K)], 0.0117811 secs] [Times: user=0.02 sys=0.00, real=0.01 secs] 
26.085: [GC (Allocation Failure) 26.085: [ParNew: 0K->0K(3072K), 0.0002148 secs]26.085: [CMS: 4993K->897K(6848K), 0.0021527 secs] 4993K->897K(9920K), [Metaspace: 3664K->3664K(1056768K)], 0.0024428 secs] [Times: user=0.00 sys=0.00, real=0.00 secs] 
26.088: [GC (CMS Initial Mark) [1 CMS-initial-mark: 4993K(6848K)] 4993K(9920K), 0.0001780 secs] [Times: user=0.00 sys=0.00, real=0.00 secs] 
26.088: [CMS-concurrent-mark-start]
26.088: [GC (Allocation Failure) 26.088: [ParNew: 0K->0K(3072K), 0.0002807 secs]26.088: [CMS26.098: [CMS-concurrent-mark: 0.002/0.009 secs] [Times: user=0.00 sys=0.00, real=0.01 secs] 
 (concurrent mode failure): 4993K->897K(6848K), 0.0128253 secs] 4993K->897K(9920K), [Metaspace: 3664K->3664K(1056768K)], 0.0131966 secs] [Times: user=0.01 sys=0.00, real=0.01 secs] 
26.102: [GC (Allocation Failure) 26.102: [ParNew: 0K->0K(3072K), 0.0002386 secs]26.102: [CMS: 4993K->897K(6848K), 0.0019214 secs] 4993K->897K(9920K), [Metaspace: 3664K->3664K(1056768K)], 0.0022237 secs] [Times: user=0.00 sys=0.00, real=0.00 secs] 
26.104: [GC (CMS Initial Mark) [1 CMS-initial-mark: 4993K(6848K)] 4993K(9920K), 0.0001340 secs] [Times: user=0.00 sys=0.00, real=0.00 secs] 
26.104: [CMS-concurrent-mark-start]
26.104: [GC (Allocation Failure) 26.104: [ParNew: 0K->0K(3072K), 0.0002040 secs]26.105: [CMS26.112: [CMS-concurrent-mark: 0.002/0.008 secs] [Times: user=0.00 sys=0.00, real=0.01 secs] 
 (concurrent mode failure): 4993K->897K(6848K), 0.0100953 secs] 4993K->897K(9920K), [Metaspace: 3664K->3664K(1056768K)], 0.0104028 secs] [Times: user=0.02 sys=0.00, real=0.01 secs] 
26.115: [GC (Allocation Failure) 26.115: [ParNew: 0K->0K(3072K), 0.0003429 secs]26.116: [CMS: 4993K->897K(6848K), 0.0026695 secs] 4993K->897K(9920K), [Metaspace: 3664K->3664K(1056768K)], 0.0030944 secs] [Times: user=0.00 sys=0.00, real=0.00 secs] 
26.119: [GC (CMS Initial Mark) [1 CMS-initial-mark: 4993K(6848K)] 4993K(9920K), 0.0001231 secs] [Times: user=0.00 sys=0.00, real=0.00 secs] 
26.119: [CMS-concurrent-mark-start]
26.119: [GC (Allocation Failure) 26.119: [ParNew: 0K->0K(3072K), 0.0002118 secs]26.119: [CMS26.128: [CMS-concurrent-mark: 0.002/0.009 secs] [Times: user=0.00 sys=0.00, real=0.01 secs] 
 (concurrent mode failure): 4993K->897K(6848K), 0.0107646 secs] 4993K->897K(9920K), [Metaspace: 3664K->3664K(1056768K)], 0.0110519 secs] [Times: user=0.01 sys=0.00, real=0.01 secs] 
26.130: [GC (Allocation Failure) 26.131: [ParNew: 0K->0K(3072K), 0.0002200 secs]26.131: [CMS: 4993K->897K(6848K), 0.0032725 secs] 4993K->897K(9920K), [Metaspace: 3664K->3664K(1056768K)], 0.0037739 secs] [Times: user=0.00 sys=0.00, real=0.00 secs] 
26.135: [GC (CMS Initial Mark) [1 CMS-initial-mark: 4993K(6848K)] 4993K(9920K), 0.0001338 secs] [Times: user=0.00 sys=0.00, real=0.00 secs] 
26.135: [CMS-concurrent-mark-start]
26.135: [GC (Allocation Failure) 26.135: [ParNew: 0K->0K(3072K), 0.0001980 secs]26.135: [CMS26.143: [CMS-concurrent-mark: 0.001/0.008 secs] [Times: user=0.00 sys=0.00, real=0.01 secs] 
 (concurrent mode failure): 4993K->897K(6848K), 0.0099337 secs] 4993K->897K(9920K), [Metaspace: 3664K->3664K(1056768K)], 0.0101930 secs] [Times: user=0.02 sys=0.00, real=0.01 secs] 
26.146: [GC (Allocation Failure) 26.146: [ParNew: 0K->0K(3072K), 0.0002165 secs]26.146: [CMS: 4993K->897K(6848K), 0.0016909 secs] 4993K->897K(9920K), [Metaspace: 3664K->3664K(1056768K)], 0.0019669 secs] [Times: user=0.00 sys=0.00, real=0.00 secs] 
26.148: [GC (CMS Initial Mark) [1 CMS-initial-mark: 4993K(6848K)] 4993K(9920K), 0.0001128 secs] [Times: user=0.00 sys=0.00, real=0.00 secs] 
26.148: [CMS-concurrent-mark-start]
26.148: [GC (Allocation Failure) 26.148: [ParNew: 0K->0K(3072K), 0.0002920 secs]26.149: [CMS26.159: [CMS-concurrent-mark: 0.001/0.011 secs] [Times: user=0.00 sys=0.00, real=0.01 secs] 
 (concurrent mode failure): 4993K->897K(6848K), 0.0130380 secs] 4993K->897K(9920K), [Metaspace: 3664K->3664K(1056768K)], 0.0134075 secs] [Times: user=0.02 sys=0.00, real=0.01 secs] 
26.162: [GC (Allocation Failure) 26.162: [ParNew: 0K->0K(3072K), 0.0002288 secs]26.162: [CMS: 4993K->897K(6848K), 0.0020261 secs] 4993K->897K(9920K), [Metaspace: 3664K->3664K(1056768K)], 0.0023339 secs] [Times: user=0.00 sys=0.00, real=0.00 secs] 
26.165: [GC (CMS Initial Mark) [1 CMS-initial-mark: 4993K(6848K)] 4993K(9920K), 0.0001663 secs] [Times: user=0.00 sys=0.00, real=0.00 secs] 
26.165: [CMS-concurrent-mark-start]
26.165: [GC (Allocation Failure) 26.165: [ParNew: 0K->0K(3072K), 0.0002700 secs]26.165: [CMS26.174: [CMS-concurrent-mark: 0.001/0.010 secs] [Times: user=0.00 sys=0.00, real=0.01 secs] 
 (concurrent mode failure): 4993K->897K(6848K), 0.0114581 secs] 4993K->897K(9920K), [Metaspace: 3664K->3664K(1056768K)], 0.0118188 secs] [Times: user=0.02 sys=0.00, real=0.01 secs] 
26.177: [GC (Allocation Failure) 26.177: [ParNew: 0K->0K(3072K), 0.0002130 secs]26.177: [CMS: 4993K->897K(6848K), 0.0017765 secs] 4993K->897K(9920K), [Metaspace: 3664K->3664K(1056768K)], 0.0020458 secs] [Times: user=0.00 sys=0.00, real=0.00 secs] 
26.179: [GC (CMS Initial Mark) [1 CMS-initial-mark: 4993K(6848K)] 4993K(9920K), 0.0000826 secs] [Times: user=0.00 sys=0.00, real=0.00 secs] 
26.180: [CMS-concurrent-mark-start]
26.180: [GC (Allocation Failure) 26.180: [ParNew: 0K->0K(3072K), 0.0002399 secs]26.180: [CMS26.190: [CMS-concurrent-mark: 0.002/0.010 secs] [Times: user=0.00 sys=0.00, real=0.01 secs] 
 (concurrent mode failure): 4993K->897K(6848K), 0.0120376 secs] 4993K->897K(9920K), [Metaspace: 3664K->3664K(1056768K)], 0.0123501 secs] [Times: user=0.00 sys=0.00, real=0.01 secs] 
26.192: [GC (Allocation Failure) 26.192: [ParNew: 0K->0K(3072K), 0.0002378 secs]26.193: [CMS: 4993K->897K(6848K), 0.0018097 secs] 4993K->897K(9920K), [Metaspace: 3664K->3664K(1056768K)], 0.0021271 secs] [Times: user=0.02 sys=0.00, real=0.00 secs] 
26.195: [GC (CMS Initial Mark) [1 CMS-initial-mark: 4993K(6848K)] 4993K(9920K), 0.0000904 secs] [Times: user=0.00 sys=0.00, real=0.00 secs] 
26.195: [CMS-concurrent-mark-start]
26.195: [GC (Allocation Failure) 26.195: [ParNew: 0K->0K(3072K), 0.0002238 secs]26.195: [CMS26.206: [CMS-concurrent-mark: 0.002/0.011 secs] [Times: user=0.00 sys=0.00, real=0.01 secs] 
 (concurrent mode failure): 4993K->897K(6848K), 0.0130209 secs] 4993K->897K(9920K), [Metaspace: 3664K->3664K(1056768K)], 0.0133140 secs] [Times: user=0.00 sys=0.00, real=0.01 secs] 
26.209: [GC (Allocation Failure) 26.209: [ParNew: 0K->0K(3072K), 0.0002681 secs]26.209: [CMS: 4993K->897K(6848K), 0.0024474 secs] 4993K->897K(9920K), [Metaspace: 3664K->3664K(1056768K)], 0.0027829 secs] [Times: user=0.00 sys=0.00, real=0.00 secs] 
26.212: [GC (CMS Initial Mark) [1 CMS-initial-mark: 4993K(6848K)] 4993K(9920K), 0.0000970 secs] [Times: user=0.00 sys=0.00, real=0.00 secs] 
26.212: [CMS-concurrent-mark-start]
26.212: [GC (Allocation Failure) 26.212: [ParNew: 0K->0K(3072K), 0.0001869 secs]26.212: [CMS26.221: [CMS-concurrent-mark: 0.001/0.009 secs] [Times: user=0.00 sys=0.00, real=0.01 secs] 
 (concurrent mode failure): 4993K->897K(6848K), 0.0112872 secs] 4993K->897K(9920K), [Metaspace: 3664K->3664K(1056768K)], 0.0115356 secs] [Times: user=0.02 sys=0.00, real=0.01 secs] 
26.224: [GC (Allocation Failure) 26.224: [ParNew: 0K->0K(3072K), 0.0002307 secs]26.224: [CMS: 4993K->897K(6848K), 0.0018635 secs] 4993K->897K(9920K), [Metaspace: 3664K->3664K(1056768K)], 0.0021651 secs] [Times: user=0.00 sys=0.00, real=0.00 secs] 
26.226: [GC (CMS Initial Mark) [1 CMS-initial-mark: 4993K(6848K)] 4993K(9920K), 0.0001321 secs] [Times: user=0.00 sys=0.00, real=0.00 secs] 
26.227: [CMS-concurrent-mark-start]
26.227: [GC (Allocation Failure) 26.227: [ParNew: 0K->0K(3072K), 0.0002006 secs]26.227: [CMS26.237: [CMS-concurrent-mark: 0.001/0.010 secs] [Times: user=0.00 sys=0.00, real=0.01 secs] 
 (concurrent mode failure): 4993K->897K(6848K), 0.0125861 secs] 4993K->897K(9920K), [Metaspace: 3664K->3664K(1056768K)], 0.0128574 secs] [Times: user=0.01 sys=0.00, real=0.01 secs] 
26.240: [GC (Allocation Failure) 26.240: [ParNew: 0K->0K(3072K), 0.0002382 secs]26.240: [CMS: 4993K->897K(6848K), 0.0019186 secs] 4993K->897K(9920K), [Metaspace: 3664K->3664K(1056768K)], 0.0022297 secs] [Times: user=0.00 sys=0.00, real=0.00 secs] 
26.242: [GC (CMS Initial Mark) [1 CMS-initial-mark: 4993K(6848K)] 4993K(9920K), 0.0001225 secs] [Times: user=0.00 sys=0.00, real=0.00 secs] 
26.243: [CMS-concurrent-mark-start]
26.243: [GC (Allocation Failure) 26.243: [ParNew: 0K->0K(3072K), 0.0003430 secs]26.243: [CMS26.253: [CMS-concurrent-mark: 0.002/0.010 secs] [Times: user=0.00 sys=0.00, real=0.01 secs] 
 (concurrent mode failure): 4993K->897K(6848K), 0.0118589 secs] 4993K->897K(9920K), [Metaspace: 3664K->3664K(1056768K)], 0.0123009 secs] [Times: user=0.02 sys=0.00, real=0.01 secs] 
26.255: [GC (Allocation Failure) 26.255: [ParNew: 0K->0K(3072K), 0.0003035 secs]26.256: [CMS: 4993K->897K(6848K), 0.0020216 secs] 4993K->897K(9920K), [Metaspace: 3664K->3664K(1056768K)], 0.0023964 secs] [Times: user=0.00 sys=0.00, real=0.00 secs] 
26.258: [GC (CMS Initial Mark) [1 CMS-initial-mark: 4993K(6848K)] 4993K(9920K), 0.0000849 secs] [Times: user=0.00 sys=0.00, real=0.00 secs] 
26.258: [CMS-concurrent-mark-start]
26.258: [GC (Allocation Failure) 26.258: [ParNew: 0K->0K(3072K), 0.0002111 secs]26.258: [CMS26.268: [CMS-concurrent-mark: 0.001/0.010 secs] [Times: user=0.00 sys=0.00, real=0.01 secs] 
 (concurrent mode failure): 4993K->897K(6848K), 0.0122329 secs] 4993K->897K(9920K), [Metaspace: 3664K->3664K(1056768K)], 0.0125150 secs] [Times: user=0.00 sys=0.00, real=0.01 secs] 
26.271: [GC (Allocation Failure) 26.271: [ParNew: 0K->0K(3072K), 0.0002075 secs]26.271: [CMS: 4993K->897K(6848K), 0.0020146 secs] 4993K->897K(9920K), [Metaspace: 3664K->3664K(1056768K)], 0.0022958 secs] [Times: user=0.00 sys=0.00, real=0.00 secs] 
26.274: [GC (CMS Initial Mark) [1 CMS-initial-mark: 4993K(6848K)] 4993K(9920K), 0.0001175 secs] [Times: user=0.00 sys=0.00, real=0.00 secs] 
26.274: [CMS-concurrent-mark-start]
26.274: [GC (Allocation Failure) 26.274: [ParNew: 0K->0K(3072K), 0.0001985 secs]26.274: [CMS26.284: [CMS-concurrent-mark: 0.002/0.011 secs] [Times: user=0.00 sys=0.00, real=0.01 secs] 
 (concurrent mode failure): 4993K->897K(6848K), 0.0131059 secs] 4993K->897K(9920K), [Metaspace: 3664K->3664K(1056768K)], 0.0133864 secs] [Times: user=0.01 sys=0.00, real=0.01 secs] 
26.288: [GC (Allocation Failure) 26.288: [ParNew: 0K->0K(3072K), 0.0002760 secs]26.288: [CMS: 4993K->897K(6848K), 0.0027601 secs] 4993K->897K(9920K), [Metaspace: 3664K->3664K(1056768K)], 0.0031252 secs] [Times: user=0.00 sys=0.00, real=0.00 secs] 
26.291: [GC (CMS Initial Mark) [1 CMS-initial-mark: 4993K(6848K)] 4993K(9920K), 0.0001358 secs] [Times: user=0.00 sys=0.00, real=0.00 secs] 
26.291: [CMS-concurrent-mark-start]
26.291: [GC (Allocation Failure) 26.291: [ParNew: 0K->0K(3072K), 0.0002610 secs]26.292: [CMS26.300: [CMS-concurrent-mark: 0.002/0.008 secs] [Times: user=0.00 sys=0.00, real=0.01 secs] 
 (concurrent mode failure): 4993K->897K(6848K), 0.0120651 secs] 4993K->897K(9920K), [Metaspace: 3664K->3664K(1056768K)], 0.0124496 secs] [Times: user=0.02 sys=0.00, real=0.01 secs] 
26.304: [GC (Allocation Failure) 26.304: [ParNew: 0K->0K(3072K), 0.0002874 secs]26.305: [CMS: 4993K->897K(6848K), 0.0029130 secs] 4993K->897K(9920K), [Metaspace: 3664K->3664K(1056768K)], 0.0032928 secs] [Times: user=0.00 sys=0.00, real=0.00 secs] 
26.308: [GC (CMS Initial Mark) [1 CMS-initial-mark: 4993K(6848K)] 4993K(9920K), 0.0001926 secs] [Times: user=0.00 sys=0.00, real=0.00 secs] 
26.308: [CMS-concurrent-mark-start]
26.308: [GC (Allocation Failure) 26.308: [ParNew: 0K->0K(3072K), 0.0002339 secs]26.308: [CMS26.315: [CMS-concurrent-mark: 0.002/0.007 secs] [Times: user=0.00 sys=0.00, real=0.01 secs] 
 (concurrent mode failure): 4993K->897K(6848K), 0.0099911 secs] 4993K->897K(9920K), [Metaspace: 3664K->3664K(1056768K)], 0.0102911 secs] [Times: user=0.02 sys=0.00, real=0.01 secs] 
26.319: [GC (Allocation Failure) 26.319: [ParNew: 0K->0K(3072K), 0.0003222 secs]26.319: [CMS: 4993K->897K(6848K), 0.0023554 secs] 4993K->897K(9920K), [Metaspace: 3664K->3664K(1056768K)], 0.0027650 secs] [Times: user=0.00 sys=0.00, real=0.00 secs] 
26.322: [GC (CMS Initial Mark) [1 CMS-initial-mark: 4993K(6848K)] 4993K(9920K), 0.0000954 secs] [Times: user=0.00 sys=0.00, real=0.00 secs] 
26.322: [CMS-concurrent-mark-start]
26.322: [GC (Allocation Failure) 26.322: [ParNew: 0K->0K(3072K), 0.0002361 secs]26.322: [CMS26.331: [CMS-concurrent-mark: 0.001/0.009 secs] [Times: user=0.00 sys=0.00, real=0.01 secs] 
 (concurrent mode failure): 4993K->897K(6848K), 0.0127991 secs] 4993K->897K(9920K), [Metaspace: 3664K->3664K(1056768K)], 0.0131213 secs] [Times: user=0.02 sys=0.00, real=0.01 secs] 
26.336: [GC (Allocation Failure) 26.336: [ParNew: 0K->0K(3072K), 0.0002508 secs]26.336: [CMS: 4993K->897K(6848K), 0.0028296 secs] 4993K->897K(9920K), [Metaspace: 3664K->3664K(1056768K)], 0.0031918 secs] [Times: user=0.00 sys=0.00, real=0.00 secs] 
26.339: [GC (CMS Initial Mark) [1 CMS-initial-mark: 4993K(6848K)] 4993K(9920K), 0.0001105 secs] [Times: user=0.00 sys=0.00, real=0.00 secs] 
26.339: [CMS-concurrent-mark-start]
26.339: [GC (Allocation Failure) 26.339: [ParNew: 0K->0K(3072K), 0.0002332 secs]26.340: [CMS26.347: [CMS-concurrent-mark: 0.001/0.008 secs] [Times: user=0.00 sys=0.00, real=0.01 secs] 
 (concurrent mode failure): 4993K->897K(6848K), 0.0112514 secs] 4993K->897K(9920K), [Metaspace: 3664K->3664K(1056768K)], 0.0115682 secs] [Times: user=0.02 sys=0.00, real=0.01 secs] 
26.351: [GC (Allocation Failure) 26.351: [ParNew: 0K->0K(3072K), 0.0002413 secs]26.352: [CMS: 4993K->897K(6848K), 0.0018592 secs] 4993K->897K(9920K), [Metaspace: 3664K->3664K(1056768K)], 0.0021716 secs] [Times: user=0.00 sys=0.00, real=0.00 secs] 
26.354: [GC (CMS Initial Mark) [1 CMS-initial-mark: 4993K(6848K)] 4993K(9920K), 0.0000892 secs] [Times: user=0.00 sys=0.00, real=0.00 secs] 
26.354: [CMS-concurrent-mark-start]
26.354: [GC (Allocation Failure) 26.354: [ParNew: 0K->0K(3072K), 0.0002145 secs]26.354: [CMS26.363: [CMS-concurrent-mark: 0.001/0.009 secs] [Times: user=0.00 sys=0.00, real=0.01 secs] 
 (concurrent mode failure): 4993K->897K(6848K), 0.0108066 secs] 4993K->897K(9920K), [Metaspace: 3664K->3664K(1056768K)], 0.0111068 secs] [Times: user=0.02 sys=0.00, real=0.01 secs] 
26.366: [GC (Allocation Failure) 26.366: [ParNew: 0K->0K(3072K), 0.0003771 secs]26.366: [CMS: 4993K->897K(6848K), 0.0024079 secs] 4993K->897K(9920K), [Metaspace: 3664K->3664K(1056768K)], 0.0028891 secs] [Times: user=0.00 sys=0.00, real=0.00 secs] 
26.369: [GC (CMS Initial Mark) [1 CMS-initial-mark: 4993K(6848K)] 4993K(9920K), 0.0001964 secs] [Times: user=0.00 sys=0.00, real=0.00 secs] 
26.369: [CMS-concurrent-mark-start]
26.369: [GC (Allocation Failure) 26.369: [ParNew: 0K->0K(3072K), 0.0002202 secs]26.370: [CMS26.383: [CMS-concurrent-mark: 0.007/0.014 secs] [Times: user=0.03 sys=0.00, real=0.01 secs] 
 (concurrent mode failure): 4993K->897K(6848K), 0.0215046 secs] 4993K->897K(9920K), [Metaspace: 3664K->3664K(1056768K)], 0.0218261 secs] [Times: user=0.03 sys=0.00, real=0.02 secs] 
26.392: [GC (Allocation Failure) 26.392: [ParNew: 0K->0K(3072K), 0.0007471 secs]26.393: [CMS: 4993K->897K(6848K), 0.0047987 secs] 4993K->897K(9920K), [Metaspace: 3664K->3664K(1056768K)], 0.0057024 secs] [Times: user=0.01 sys=0.00, real=0.01 secs] 
26.398: [GC (CMS Initial Mark) [1 CMS-initial-mark: 4993K(6848K)] 4993K(9920K), 0.0002252 secs] [Times: user=0.00 sys=0.00, real=0.00 secs] 
26.398: [CMS-concurrent-mark-start]
26.399: [GC (Allocation Failure) 26.399: [ParNew: 0K->0K(3072K), 0.0004730 secs]26.399: [CMS26.410: [CMS-concurrent-mark: 0.002/0.012 secs] [Times: user=0.00 sys=0.00, real=0.01 secs] 
 (concurrent mode failure): 4993K->897K(6848K), 0.0144982 secs] 4993K->897K(9920K), [Metaspace: 3664K->3664K(1056768K)], 0.0151039 secs] [Times: user=0.02 sys=0.00, real=0.01 secs] 
26.414: [GC (Allocation Failure) 26.414: [ParNew: 0K->0K(3072K), 0.0003380 secs]26.414: [CMS: 4993K->897K(6848K), 0.0033540 secs] 4993K->897K(9920K), [Metaspace: 3664K->3664K(1056768K)], 0.0037933 secs] [Times: user=0.00 sys=0.00, real=0.00 secs] 
26.418: [GC (CMS Initial Mark) [1 CMS-initial-mark: 4993K(6848K)] 4993K(9920K), 0.0001458 secs] [Times: user=0.00 sys=0.00, real=0.00 secs] 
26.418: [CMS-concurrent-mark-start]
26.419: [GC (Allocation Failure) 26.419: [ParNew: 0K->0K(3072K), 0.0003048 secs]26.419: [CMS26.426: [CMS-concurrent-mark: 0.002/0.007 secs] [Times: user=0.00 sys=0.00, real=0.01 secs] 
 (concurrent mode failure): 4993K->897K(6848K), 0.0091288 secs] 4993K->897K(9920K), [Metaspace: 3664K->3664K(1056768K)], 0.0095149 secs] [Times: user=0.02 sys=0.00, real=0.01 secs] 
26.428: [GC (Allocation Failure) 26.428: [ParNew: 0K->0K(3072K), 0.0002314 secs]26.429: [CMS: 4993K->897K(6848K), 0.0017610 secs] 4993K->897K(9920K), [Metaspace: 3664K->3664K(1056768K)], 0.0020553 secs] [Times: user=0.00 sys=0.00, real=0.00 secs] 
26.431: [GC (CMS Initial Mark) [1 CMS-initial-mark: 4993K(6848K)] 4993K(9920K), 0.0001665 secs] [Times: user=0.00 sys=0.00, real=0.00 secs] 
26.431: [CMS-concurrent-mark-start]
26.431: [GC (Allocation Failure) 26.431: [ParNew: 0K->0K(3072K), 0.0002747 secs]26.432: [CMS26.441: [CMS-concurrent-mark: 0.001/0.010 secs] [Times: user=0.00 sys=0.00, real=0.01 secs] 
 (concurrent mode failure): 4993K->897K(6848K), 0.0116579 secs] 4993K->897K(9920K), [Metaspace: 3664K->3664K(1056768K)], 0.0120103 secs] [Times: user=0.02 sys=0.00, real=0.01 secs] 
26.444: [GC (Allocation Failure) 26.444: [ParNew: 0K->0K(3072K), 0.0002703 secs]26.444: [CMS: 4993K->897K(6848K), 0.0017263 secs] 4993K->897K(9920K), [Metaspace: 3664K->3664K(1056768K)], 0.0020466 secs] [Times: user=0.00 sys=0.00, real=0.00 secs] 
26.446: [GC (CMS Initial Mark) [1 CMS-initial-mark: 4993K(6848K)] 4993K(9920K), 0.0001259 secs] [Times: user=0.00 sys=0.00, real=0.00 secs] 
26.446: [CMS-concurrent-mark-start]
26.446: [GC (Allocation Failure) 26.446: [ParNew: 0K->0K(3072K), 0.0002909 secs]26.447: [CMS26.456: [CMS-concurrent-mark: 0.001/0.010 secs] [Times: user=0.00 sys=0.00, real=0.01 secs] 
 (concurrent mode failure): 4993K->897K(6848K), 0.0112917 secs] 4993K->897K(9920K), [Metaspace: 3664K->3664K(1056768K)], 0.0116626 secs] [Times: user=0.02 sys=0.00, real=0.01 secs] 
26.458: [GC (Allocation Failure) 26.458: [ParNew: 0K->0K(3072K), 0.0002265 secs]26.459: [CMS: 4993K->897K(6848K), 0.0017479 secs] 4993K->897K(9920K), [Metaspace: 3664K->3664K(1056768K)], 0.0020365 secs] [Times: user=0.00 sys=0.00, real=0.00 secs] 
26.461: [GC (CMS Initial Mark) [1 CMS-initial-mark: 4993K(6848K)] 4993K(9920K), 0.0000791 secs] [Times: user=0.00 sys=0.00, real=0.00 secs] 
26.461: [CMS-concurrent-mark-start]
26.461: [GC (Allocation Failure) 26.461: [ParNew: 0K->0K(3072K), 0.0002295 secs]26.461: [CMS26.472: [CMS-concurrent-mark: 0.001/0.011 secs] [Times: user=0.00 sys=0.00, real=0.01 secs] 
 (concurrent mode failure): 4993K->897K(6848K), 0.0124853 secs] 4993K->897K(9920K), [Metaspace: 3664K->3664K(1056768K)], 0.0127901 secs] [Times: user=0.02 sys=0.00, real=0.01 secs] 
26.474: [GC (Allocation Failure) 26.474: [ParNew: 0K->0K(3072K), 0.0002821 secs]26.474: [CMS: 4993K->897K(6848K), 0.0016945 secs] 4993K->897K(9920K), [Metaspace: 3664K->3664K(1056768K)], 0.0020353 secs] [Times: user=0.00 sys=0.00, real=0.00 secs] 
26.477: [GC (CMS Initial Mark) [1 CMS-initial-mark: 4993K(6848K)] 4993K(9920K), 0.0000808 secs] [Times: user=0.00 sys=0.00, real=0.00 secs] 
26.477: [CMS-concurrent-mark-start]
26.477: [GC (Allocation Failure) 26.477: [ParNew: 0K->0K(3072K), 0.0002254 secs]26.477: [CMS26.487: [CMS-concurrent-mark: 0.001/0.010 secs] [Times: user=0.00 sys=0.00, real=0.01 secs] 
 (concurrent mode failure): 4993K->897K(6848K), 0.0123907 secs] 4993K->897K(9920K), [Metaspace: 3664K->3664K(1056768K)], 0.0126934 secs] [Times: user=0.01 sys=0.00, real=0.01 secs] 
26.490: [GC (Allocation Failure) 26.490: [ParNew: 0K->0K(3072K), 0.0001954 secs]26.490: [CMS: 4993K->897K(6848K), 0.0016635 secs] 4993K->897K(9920K), [Metaspace: 3664K->3664K(1056768K)], 0.0019236 secs] [Times: user=0.00 sys=0.00, real=0.00 secs] 
26.492: [GC (CMS Initial Mark) [1 CMS-initial-mark: 4993K(6848K)] 4993K(9920K), 0.0000833 secs] [Times: user=0.00 sys=0.00, real=0.00 secs] 
26.492: [CMS-concurrent-mark-start]
26.492: [GC (Allocation Failure) 26.492: [ParNew: 0K->0K(3072K), 0.0001701 secs]26.492: [CMS26.503: [CMS-concurrent-mark: 0.001/0.010 secs] [Times: user=0.00 sys=0.00, real=0.01 secs] 
 (concurrent mode failure): 4993K->897K(6848K), 0.0127110 secs] 4993K->897K(9920K), [Metaspace: 3664K->3664K(1056768K)], 0.0129464 secs] [Times: user=0.02 sys=0.00, real=0.01 secs] 
26.506: [GC (Allocation Failure) 26.506: [ParNew: 0K->0K(3072K), 0.0001918 secs]26.506: [CMS: 4993K->897K(6848K), 0.0018070 secs] 4993K->897K(9920K), [Metaspace: 3664K->3664K(1056768K)], 0.0020697 secs] [Times: user=0.00 sys=0.00, real=0.00 secs] 
26.508: [GC (CMS Initial Mark) [1 CMS-initial-mark: 4993K(6848K)] 4993K(9920K), 0.0001328 secs] [Times: user=0.00 sys=0.00, real=0.00 secs] 
26.508: [CMS-concurrent-mark-start]
26.508: [GC (Allocation Failure) 26.508: [ParNew: 0K->0K(3072K), 0.0001782 secs]26.508: [CMS26.518: [CMS-concurrent-mark: 0.001/0.010 secs] [Times: user=0.00 sys=0.00, real=0.01 secs] 
 (concurrent mode failure): 4993K->897K(6848K), 0.0116968 secs] 4993K->897K(9920K), [Metaspace: 3664K->3664K(1056768K)], 0.0119361 secs] [Times: user=0.00 sys=0.00, real=0.01 secs] 
26.520: [GC (Allocation Failure) 26.520: [ParNew: 0K->0K(3072K), 0.0002628 secs]26.521: [CMS: 4993K->897K(6848K), 0.0019457 secs] 4993K->897K(9920K), [Metaspace: 3664K->3664K(1056768K)], 0.0023042 secs] [Times: user=0.00 sys=0.00, real=0.00 secs] 
26.523: [GC (CMS Initial Mark) [1 CMS-initial-mark: 4993K(6848K)] 4993K(9920K), 0.0001085 secs] [Times: user=0.00 sys=0.00, real=0.00 secs] 
26.523: [CMS-concurrent-mark-start]
26.523: [GC (Allocation Failure) 26.523: [ParNew: 0K->0K(3072K), 0.0001990 secs]26.524: [CMS26.534: [CMS-concurrent-mark: 0.002/0.011 secs] [Times: user=0.00 sys=0.00, real=0.01 secs] 
 (concurrent mode failure): 4993K->897K(6848K), 0.0128107 secs] 4993K->897K(9920K), [Metaspace: 3664K->3664K(1056768K)], 0.0130836 secs] [Times: user=0.00 sys=0.02, real=0.01 secs] 
26.537: [GC (Allocation Failure) 26.537: [ParNew: 0K->0K(3072K), 0.0003103 secs]26.537: [CMS: 4993K->897K(6848K), 0.0019332 secs] 4993K->897K(9920K), [Metaspace: 3664K->3664K(1056768K)], 0.0023328 secs] [Times: user=0.00 sys=0.00, real=0.00 secs] 
26.540: [GC (CMS Initial Mark) [1 CMS-initial-mark: 4993K(6848K)] 4993K(9920K), 0.0001364 secs] [Times: user=0.00 sys=0.00, real=0.00 secs] 
26.540: [CMS-concurrent-mark-start]
26.540: [GC (Allocation Failure) 26.540: [ParNew: 0K->0K(3072K), 0.0002151 secs]26.540: [CMS26.550: [CMS-concurrent-mark: 0.002/0.010 secs] [Times: user=0.00 sys=0.00, real=0.01 secs] 
 (concurrent mode failure): 4993K->897K(6848K), 0.0126679 secs] 4993K->897K(9920K), [Metaspace: 3664K->3664K(1056768K)], 0.0129615 secs] [Times: user=0.02 sys=0.00, real=0.01 secs] 
26.553: [GC (Allocation Failure) 26.553: [ParNew: 0K->0K(3072K), 0.0002246 secs]26.553: [CMS: 4993K->897K(6848K), 0.0019066 secs] 4993K->897K(9920K), [Metaspace: 3664K->3664K(1056768K)], 0.0021937 secs] [Times: user=0.00 sys=0.00, real=0.00 secs] 
26.556: [GC (CMS Initial Mark) [1 CMS-initial-mark: 4993K(6848K)] 4993K(9920K), 0.0001745 secs] [Times: user=0.00 sys=0.00, real=0.00 secs] 
26.556: [CMS-concurrent-mark-start]
26.556: [GC (Allocation Failure) 26.556: [ParNew: 0K->0K(3072K), 0.0002646 secs]26.556: [CMS26.565: [CMS-concurrent-mark: 0.001/0.009 secs] [Times: user=0.00 sys=0.00, real=0.01 secs] 
 (concurrent mode failure): 4993K->897K(6848K), 0.0111217 secs] 4993K->897K(9920K), [Metaspace: 3664K->3664K(1056768K)], 0.0114645 secs] [Times: user=0.02 sys=0.00, real=0.01 secs] 
26.568: [GC (Allocation Failure) 26.568: [ParNew: 0K->0K(3072K), 0.0002319 secs]26.568: [CMS: 4993K->897K(6848K), 0.0018923 secs] 4993K->897K(9920K), [Metaspace: 3664K->3664K(1056768K)], 0.0021911 secs] [Times: user=0.00 sys=0.00, real=0.00 secs] 
26.570: [GC (CMS Initial Mark) [1 CMS-initial-mark: 4993K(6848K)] 4993K(9920K), 0.0000764 secs] [Times: user=0.00 sys=0.00, real=0.00 secs] 
26.570: [CMS-concurrent-mark-start]
26.570: [GC (Allocation Failure) 26.570: [ParNew: 0K->0K(3072K), 0.0001844 secs]26.571: [CMS26.581: [CMS-concurrent-mark: 0.001/0.011 secs] [Times: user=0.00 sys=0.00, real=0.01 secs] 
 (concurrent mode failure): 4993K->897K(6848K), 0.0134099 secs] 4993K->897K(9920K), [Metaspace: 3664K->3664K(1056768K)], 0.0136807 secs] [Times: user=0.02 sys=0.00, real=0.01 secs] 
26.587: [GC (Allocation Failure) 26.587: [ParNew: 0K->0K(3072K), 0.0003465 secs]26.587: [CMS: 4993K->897K(6848K), 0.0037889 secs] 4993K->897K(9920K), [Metaspace: 3664K->3664K(1056768K)], 0.0042762 secs] [Times: user=0.00 sys=0.00, real=0.00 secs] 
26.594: [GC (CMS Initial Mark) [1 CMS-initial-mark: 4993K(6848K)] 4993K(9920K), 0.0001956 secs] [Times: user=0.00 sys=0.00, real=0.00 secs] 
26.594: [CMS-concurrent-mark-start]
26.594: [GC (Allocation Failure) 26.594: [ParNew: 0K->0K(3072K), 0.0002282 secs]26.594: [CMS26.611: [CMS-concurrent-mark: 0.002/0.017 secs] [Times: user=0.00 sys=0.00, real=0.02 secs] 
 (concurrent mode failure): 4993K->897K(6848K), 0.0203701 secs] 4993K->897K(9920K), [Metaspace: 3664K->3664K(1056768K)], 0.0208246 secs] [Times: user=0.02 sys=0.00, real=0.02 secs] 
26.615: [GC (Allocation Failure) 26.615: [ParNew: 0K->0K(3072K), 0.0003161 secs]26.616: [CMS: 4993K->897K(6848K), 0.0037277 secs] 4993K->897K(9920K), [Metaspace: 3664K->3664K(1056768K)], 0.0041619 secs] [Times: user=0.00 sys=0.00, real=0.00 secs] 
26.620: [GC (CMS Initial Mark) [1 CMS-initial-mark: 4993K(6848K)] 4993K(9920K), 0.0001350 secs] [Times: user=0.00 sys=0.00, real=0.00 secs] 
26.620: [CMS-concurrent-mark-start]
26.620: [GC (Allocation Failure) 26.620: [ParNew: 0K->0K(3072K), 0.0003780 secs]26.621: [CMS26.626: [CMS-concurrent-mark: 0.002/0.006 secs] [Times: user=0.00 sys=0.00, real=0.01 secs] 
 (concurrent mode failure): 4993K->897K(6848K), 0.0089792 secs] 4993K->897K(9920K), [Metaspace: 3664K->3664K(1056768K)], 0.0094525 secs] [Times: user=0.02 sys=0.00, real=0.01 secs] 
26.630: [GC (Allocation Failure) 26.630: [ParNew: 0K->0K(3072K), 0.0002826 secs]26.631: [CMS: 4993K->897K(6848K), 0.0044193 secs] 4993K->897K(9920K), [Metaspace: 3664K->3664K(1056768K)], 0.0048127 secs] [Times: user=0.00 sys=0.00, real=0.01 secs] 
26.636: [GC (CMS Initial Mark) [1 CMS-initial-mark: 4993K(6848K)] 4993K(9920K), 0.0001465 secs] [Times: user=0.00 sys=0.00, real=0.00 secs] 
26.636: [CMS-concurrent-mark-start]
26.636: [GC (Allocation Failure) 26.636: [ParNew: 0K->0K(3072K), 0.0002402 secs]26.636: [CMS26.642: [CMS-concurrent-mark: 0.002/0.006 secs] [Times: user=0.00 sys=0.00, real=0.01 secs] 
 (concurrent mode failure): 4993K->897K(6848K), 0.0081692 secs] 4993K->897K(9920K), [Metaspace: 3664K->3664K(1056768K)], 0.0084825 secs] [Times: user=0.00 sys=0.00, real=0.01 secs] 
26.645: [GC (Allocation Failure) 26.645: [ParNew: 0K->0K(3072K), 0.0003777 secs]26.645: [CMS: 4993K->897K(6848K), 0.0018894 secs] 4993K->897K(9920K), [Metaspace: 3664K->3664K(1056768K)], 0.0023350 secs] [Times: user=0.01 sys=0.00, real=0.00 secs] 
26.647: [GC (CMS Initial Mark) [1 CMS-initial-mark: 4993K(6848K)] 4993K(9920K), 0.0002015 secs] [Times: user=0.00 sys=0.00, real=0.00 secs] 
26.648: [CMS-concurrent-mark-start]
26.648: [GC (Allocation Failure) 26.648: [ParNew: 0K->0K(3072K), 0.0002617 secs]26.648: [CMS26.658: [CMS-concurrent-mark: 0.002/0.010 secs] [Times: user=0.00 sys=0.00, real=0.01 secs] 
 (concurrent mode failure): 4993K->897K(6848K), 0.0117867 secs] 4993K->897K(9920K), [Metaspace: 3664K->3664K(1056768K)], 0.0121230 secs] [Times: user=0.00 sys=0.00, real=0.01 secs] 
26.660: [GC (Allocation Failure) 26.660: [ParNew: 0K->0K(3072K), 0.0002075 secs]26.660: [CMS: 4993K->897K(6848K), 0.0018979 secs] 4993K->897K(9920K), [Metaspace: 3664K->3664K(1056768K)], 0.0021719 secs] [Times: user=0.02 sys=0.00, real=0.00 secs] 
26.663: [GC (CMS Initial Mark) [1 CMS-initial-mark: 4993K(6848K)] 4993K(9920K), 0.0002263 secs] [Times: user=0.00 sys=0.00, real=0.00 secs] 
26.663: [CMS-concurrent-mark-start]
26.663: [GC (Allocation Failure) 26.663: [ParNew: 0K->0K(3072K), 0.0002119 secs]26.663: [CMS26.673: [CMS-concurrent-mark: 0.002/0.010 secs] [Times: user=0.00 sys=0.00, real=0.01 secs] 
 (concurrent mode failure): 4993K->897K(6848K), 0.0115187 secs] 4993K->897K(9920K), [Metaspace: 3664K->3664K(1056768K)], 0.0117937 secs] [Times: user=0.00 sys=0.00, real=0.01 secs] 
26.675: [GC (Allocation Failure) 26.675: [ParNew: 0K->0K(3072K), 0.0002368 secs]26.675: [CMS: 4993K->897K(6848K), 0.0022782 secs] 4993K->897K(9920K), [Metaspace: 3664K->3664K(1056768K)], 0.0025895 secs] [Times: user=0.01 sys=0.00, real=0.00 secs] 
26.678: [GC (CMS Initial Mark) [1 CMS-initial-mark: 4993K(6848K)] 4993K(9920K), 0.0001615 secs] [Times: user=0.00 sys=0.00, real=0.00 secs] 
26.678: [CMS-concurrent-mark-start]
26.678: [GC (Allocation Failure) 26.678: [ParNew: 0K->0K(3072K), 0.0002080 secs]26.679: [CMS26.688: [CMS-concurrent-mark: 0.001/0.010 secs] [Times: user=0.00 sys=0.00, real=0.01 secs] 
 (concurrent mode failure): 4993K->897K(6848K), 0.0119080 secs] 4993K->897K(9920K), [Metaspace: 3664K->3664K(1056768K)], 0.0121844 secs] [Times: user=0.00 sys=0.00, real=0.01 secs] 
26.691: [GC (Allocation Failure) 26.691: [ParNew: 0K->0K(3072K), 0.0001933 secs]26.691: [CMS: 4993K->897K(6848K), 0.0019602 secs] 4993K->897K(9920K), [Metaspace: 3664K->3664K(1056768K)], 0.0022299 secs] [Times: user=0.02 sys=0.00, real=0.00 secs] 
26.693: [GC (CMS Initial Mark) [1 CMS-initial-mark: 4993K(6848K)] 4993K(9920K), 0.0001288 secs] [Times: user=0.00 sys=0.00, real=0.00 secs] 
26.694: [CMS-concurrent-mark-start]
26.694: [GC (Allocation Failure) 26.694: [ParNew: 0K->0K(3072K), 0.0002548 secs]26.694: [CMS26.704: [CMS-concurrent-mark: 0.002/0.010 secs] [Times: user=0.00 sys=0.00, real=0.01 secs] 
 (concurrent mode failure): 4993K->897K(6848K), 0.0117981 secs] 4993K->897K(9920K), [Metaspace: 3664K->3664K(1056768K)], 0.0121183 secs] [Times: user=0.00 sys=0.00, real=0.01 secs] 
26.706: [GC (Allocation Failure) 26.706: [ParNew: 0K->0K(3072K), 0.0002162 secs]26.706: [CMS: 4993K->897K(6848K), 0.0018470 secs] 4993K->897K(9920K), [Metaspace: 3664K->3664K(1056768K)], 0.0021331 secs] [Times: user=0.02 sys=0.00, real=0.00 secs] 
26.709: [GC (CMS Initial Mark) [1 CMS-initial-mark: 4993K(6848K)] 4993K(9920K), 0.0001008 secs] [Times: user=0.00 sys=0.00, real=0.00 secs] 
26.709: [CMS-concurrent-mark-start]
26.709: [GC (Allocation Failure) 26.709: [ParNew: 0K->0K(3072K), 0.0002088 secs]26.709: [CMS26.719: [CMS-concurrent-mark: 0.001/0.010 secs] [Times: user=0.00 sys=0.00, real=0.01 secs] 
 (concurrent mode failure): 4993K->897K(6848K), 0.0122858 secs] 4993K->897K(9920K), [Metaspace: 3664K->3664K(1056768K)], 0.0125773 secs] [Times: user=0.00 sys=0.00, real=0.01 secs] 
26.722: [GC (Allocation Failure) 26.722: [ParNew: 0K->0K(3072K), 0.0002170 secs]26.722: [CMS: 4993K->897K(6848K), 0.0018453 secs] 4993K->897K(9920K), [Metaspace: 3664K->3664K(1056768K)], 0.0021289 secs] [Times: user=0.02 sys=0.00, real=0.00 secs] 
26.724: [GC (CMS Initial Mark) [1 CMS-initial-mark: 4993K(6848K)] 4993K(9920K), 0.0002148 secs] [Times: user=0.00 sys=0.00, real=0.00 secs] 
26.724: [CMS-concurrent-mark-start]
26.724: [GC (Allocation Failure) 26.725: [ParNew: 0K->0K(3072K), 0.0002839 secs]26.725: [CMS26.735: [CMS-concurrent-mark: 0.001/0.010 secs] [Times: user=0.00 sys=0.00, real=0.01 secs] 
 (concurrent mode failure): 4993K->897K(6848K), 0.0122265 secs] 4993K->897K(9920K), [Metaspace: 3664K->3664K(1056768K)], 0.0125832 secs] [Times: user=0.00 sys=0.00, real=0.01 secs] 
26.737: [GC (Allocation Failure) 26.737: [ParNew: 0K->0K(3072K), 0.0002130 secs]26.738: [CMS: 4993K->897K(6848K), 0.0019322 secs] 4993K->897K(9920K), [Metaspace: 3664K->3664K(1056768K)], 0.0022073 secs] [Times: user=0.02 sys=0.00, real=0.00 secs] 
26.740: [GC (CMS Initial Mark) [1 CMS-initial-mark: 4993K(6848K)] 4993K(9920K), 0.0001118 secs] [Times: user=0.00 sys=0.00, real=0.00 secs] 
26.740: [CMS-concurrent-mark-start]
26.740: [GC (Allocation Failure) 26.740: [ParNew: 0K->0K(3072K), 0.0001879 secs]26.740: [CMS26.751: [CMS-concurrent-mark: 0.002/0.011 secs] [Times: user=0.00 sys=0.00, real=0.01 secs] 
 (concurrent mode failure): 4993K->897K(6848K), 0.0130050 secs] 4993K->897K(9920K), [Metaspace: 3664K->3664K(1056768K)], 0.0132674 secs] [Times: user=0.00 sys=0.00, real=0.01 secs] 
26.754: [GC (Allocation Failure) 26.754: [ParNew: 0K->0K(3072K), 0.0002195 secs]26.754: [CMS: 4993K->897K(6848K), 0.0018881 secs] 4993K->897K(9920K), [Metaspace: 3664K->3664K(1056768K)], 0.0021837 secs] [Times: user=0.02 sys=0.00, real=0.00 secs] 
26.756: [GC (CMS Initial Mark) [1 CMS-initial-mark: 4993K(6848K)] 4993K(9920K), 0.0001110 secs] [Times: user=0.00 sys=0.00, real=0.00 secs] 
26.757: [CMS-concurrent-mark-start]
26.757: [GC (Allocation Failure) 26.757: [ParNew: 0K->0K(3072K), 0.0002185 secs]26.757: [CMS26.766: [CMS-concurrent-mark: 0.001/0.010 secs] [Times: user=0.00 sys=0.00, real=0.01 secs] 
 (concurrent mode failure): 4993K->897K(6848K), 0.0116676 secs] 4993K->897K(9920K), [Metaspace: 3664K->3664K(1056768K)], 0.0119808 secs] [Times: user=0.00 sys=0.00, real=0.01 secs] 
26.769: [GC (Allocation Failure) 26.769: [ParNew: 0K->0K(3072K), 0.0002108 secs]26.769: [CMS: 4993K->897K(6848K), 0.0017359 secs] 4993K->897K(9920K), [Metaspace: 3664K->3664K(1056768K)], 0.0020034 secs] [Times: user=0.01 sys=0.00, real=0.00 secs] 
26.771: [GC (CMS Initial Mark) [1 CMS-initial-mark: 4993K(6848K)] 4993K(9920K), 0.0001108 secs] [Times: user=0.00 sys=0.00, real=0.00 secs] 
26.771: [CMS-concurrent-mark-start]
26.772: [GC (Allocation Failure) 26.772: [ParNew: 0K->0K(3072K), 0.0002224 secs]26.772: [CMS26.782: [CMS-concurrent-mark: 0.002/0.011 secs] [Times: user=0.00 sys=0.00, real=0.01 secs] 
 (concurrent mode failure): 4993K->897K(6848K), 0.0135518 secs] 4993K->897K(9920K), [Metaspace: 3664K->3664K(1056768K)], 0.0138505 secs] [Times: user=0.00 sys=0.00, real=0.01 secs] 
26.786: [GC (Allocation Failure) 26.786: [ParNew: 0K->0K(3072K), 0.0002448 secs]26.786: [CMS: 4993K->897K(6848K), 0.0019809 secs] 4993K->897K(9920K), [Metaspace: 3664K->3664K(1056768K)], 0.0022917 secs] [Times: user=0.02 sys=0.00, real=0.00 secs] 
26.788: [GC (CMS Initial Mark) [1 CMS-initial-mark: 4993K(6848K)] 4993K(9920K), 0.0001400 secs] [Times: user=0.00 sys=0.00, real=0.00 secs] 
26.789: [CMS-concurrent-mark-start]
26.789: [GC (Allocation Failure) 26.789: [ParNew: 0K->0K(3072K), 0.0002405 secs]26.789: [CMS26.797: [CMS-concurrent-mark: 0.002/0.009 secs] [Times: user=0.00 sys=0.00, real=0.01 secs] 
 (concurrent mode failure): 4993K->897K(6848K), 0.0115811 secs] 4993K->897K(9920K), [Metaspace: 3664K->3664K(1056768K)], 0.0118992 secs] [Times: user=0.00 sys=0.00, real=0.01 secs] 
26.801: [GC (Allocation Failure) 26.801: [ParNew: 0K->0K(3072K), 0.0002000 secs]26.801: [CMS: 4993K->897K(6848K), 0.0018847 secs] 4993K->897K(9920K), [Metaspace: 3664K->3664K(1056768K)], 0.0021430 secs] [Times: user=0.01 sys=0.00, real=0.00 secs] 
26.803: [GC (CMS Initial Mark) [1 CMS-initial-mark: 4993K(6848K)] 4993K(9920K), 0.0001687 secs] [Times: user=0.00 sys=0.00, real=0.00 secs] 
26.804: [CMS-concurrent-mark-start]
26.804: [GC (Allocation Failure) 26.804: [ParNew: 0K->0K(3072K), 0.0002219 secs]26.804: [CMS26.813: [CMS-concurrent-mark: 0.002/0.009 secs] [Times: user=0.00 sys=0.00, real=0.01 secs] 
 (concurrent mode failure): 4993K->897K(6848K), 0.0115382 secs] 4993K->897K(9920K), [Metaspace: 3664K->3664K(1056768K)], 0.0118413 secs] [Times: user=0.00 sys=0.00, real=0.01 secs] 
26.816: [GC (Allocation Failure) 26.816: [ParNew: 0K->0K(3072K), 0.0003058 secs]26.816: [CMS: 4993K->897K(6848K), 0.0020094 secs] 4993K->897K(9920K), [Metaspace: 3664K->3664K(1056768K)], 0.0023856 secs] [Times: user=0.02 sys=0.00, real=0.00 secs] 
26.819: [GC (CMS Initial Mark) [1 CMS-initial-mark: 4993K(6848K)] 4993K(9920K), 0.0000878 secs] [Times: user=0.00 sys=0.00, real=0.00 secs] 
26.819: [CMS-concurrent-mark-start]
26.819: [GC (Allocation Failure) 26.819: [ParNew: 0K->0K(3072K), 0.0001951 secs]26.819: [CMS26.828: [CMS-concurrent-mark: 0.002/0.010 secs] [Times: user=0.00 sys=0.00, real=0.01 secs] 
 (concurrent mode failure): 4993K->897K(6848K), 0.0114638 secs] 4993K->897K(9920K), [Metaspace: 3664K->3664K(1056768K)], 0.0117277 secs] [Times: user=0.00 sys=0.00, real=0.01 secs] 
26.831: [GC (Allocation Failure) 26.831: [ParNew: 0K->0K(3072K), 0.0002907 secs]26.831: [CMS: 4993K->897K(6848K), 0.0023306 secs] 4993K->897K(9920K), [Metaspace: 3664K->3664K(1056768K)], 0.0026970 secs] [Times: user=0.02 sys=0.00, real=0.00 secs] 
26.834: [GC (CMS Initial Mark) [1 CMS-initial-mark: 4993K(6848K)] 4993K(9920K), 0.0001427 secs] [Times: user=0.00 sys=0.00, real=0.00 secs] 
26.834: [CMS-concurrent-mark-start]
26.834: [GC (Allocation Failure) 26.834: [ParNew: 0K->0K(3072K), 0.0002099 secs]26.834: [CMS26.844: [CMS-concurrent-mark: 0.001/0.010 secs] [Times: user=0.00 sys=0.00, real=0.01 secs] 
 (concurrent mode failure): 4993K->897K(6848K), 0.0126757 secs] 4993K->897K(9920K), [Metaspace: 3664K->3664K(1056768K)], 0.0129649 secs] [Times: user=0.00 sys=0.00, real=0.01 secs] 
26.848: [GC (Allocation Failure) 26.848: [ParNew: 0K->0K(3072K), 0.0003492 secs]26.848: [CMS: 4993K->897K(6848K), 0.0038916 secs] 4993K->897K(9920K), [Metaspace: 3664K->3664K(1056768K)], 0.0043695 secs] [Times: user=0.02 sys=0.00, real=0.01 secs] 
26.852: [GC (CMS Initial Mark) [1 CMS-initial-mark: 4993K(6848K)] 4993K(9920K), 0.0001644 secs] [Times: user=0.00 sys=0.00, real=0.00 secs] 
26.853: [CMS-concurrent-mark-start]
26.853: [GC (Allocation Failure) 26.853: [ParNew: 0K->0K(3072K), 0.0003345 secs]26.853: [CMS26.859: [CMS-concurrent-mark: 0.001/0.006 secs] [Times: user=0.00 sys=0.00, real=0.01 secs] 
 (concurrent mode failure): 4993K->897K(6848K), 0.0089572 secs] 4993K->897K(9920K), [Metaspace: 3664K->3664K(1056768K)], 0.0094165 secs] [Times: user=0.00 sys=0.00, real=0.01 secs] 
26.862: [GC (Allocation Failure) 26.862: [ParNew: 0K->0K(3072K), 0.0003095 secs]26.863: [CMS: 4993K->897K(6848K), 0.0024642 secs] 4993K->897K(9920K), [Metaspace: 3664K->3664K(1056768K)], 0.0029048 secs] [Times: user=0.02 sys=0.00, real=0.00 secs] 
26.866: [GC (CMS Initial Mark) [1 CMS-initial-mark: 4993K(6848K)] 4993K(9920K), 0.0002015 secs] [Times: user=0.00 sys=0.00, real=0.00 secs] 
26.866: [CMS-concurrent-mark-start]
26.866: [GC (Allocation Failure) 26.866: [ParNew: 0K->0K(3072K), 0.0005575 secs]26.867: [CMS26.875: [CMS-concurrent-mark: 0.001/0.009 secs] [Times: user=0.00 sys=0.00, real=0.01 secs] 
 (concurrent mode failure): 4993K->897K(6848K), 0.0103338 secs] 4993K->897K(9920K), [Metaspace: 3664K->3664K(1056768K)], 0.0110061 secs] [Times: user=0.00 sys=0.00, real=0.01 secs] 
26.878: [GC (Allocation Failure) 26.878: [ParNew: 0K->0K(3072K), 0.0002261 secs]26.878: [CMS: 4993K->897K(6848K), 0.0022964 secs] 4993K->897K(9920K), [Metaspace: 3664K->3664K(1056768K)], 0.0026020 secs] [Times: user=0.02 sys=0.00, real=0.00 secs] 
26.881: [GC (CMS Initial Mark) [1 CMS-initial-mark: 4993K(6848K)] 4993K(9920K), 0.0001459 secs] [Times: user=0.00 sys=0.00, real=0.00 secs] 
26.881: [CMS-concurrent-mark-start]
26.881: [GC (Allocation Failure) 26.881: [ParNew: 0K->0K(3072K), 0.0003961 secs]26.882: [CMS26.891: [CMS-concurrent-mark: 0.001/0.010 secs] [Times: user=0.00 sys=0.00, real=0.01 secs] 
 (concurrent mode failure): 4993K->897K(6848K), 0.0133043 secs] 4993K->897K(9920K), [Metaspace: 3664K->3664K(1056768K)], 0.0138396 secs] [Times: user=0.00 sys=0.00, real=0.01 secs] 
26.895: [GC (Allocation Failure) 26.895: [ParNew: 0K->0K(3072K), 0.0002690 secs]26.896: [CMS: 4993K->897K(6848K), 0.0037624 secs] 4993K->897K(9920K), [Metaspace: 3664K->3664K(1056768K)], 0.0041620 secs] [Times: user=0.00 sys=0.00, real=0.00 secs] 
26.900: [GC (CMS Initial Mark) [1 CMS-initial-mark: 4993K(6848K)] 4993K(9920K), 0.0004747 secs] [Times: user=0.00 sys=0.00, real=0.00 secs] 
26.901: [CMS-concurrent-mark-start]
26.901: [GC (Allocation Failure) 26.901: [ParNew: 0K->0K(3072K), 0.0006893 secs]26.902: [CMS26.906: [CMS-concurrent-mark: 0.001/0.005 secs] [Times: user=0.00 sys=0.00, real=0.01 secs] 
 (concurrent mode failure): 4993K->897K(6848K), 0.0074695 secs] 4993K->897K(9920K), [Metaspace: 3664K->3664K(1056768K)], 0.0083378 secs] [Times: user=0.00 sys=0.00, real=0.01 secs] 
26.910: [GC (Allocation Failure) 26.910: [ParNew: 0K->0K(3072K), 0.0002967 secs]26.910: [CMS: 4993K->897K(6848K), 0.0047186 secs] 4993K->897K(9920K), [Metaspace: 3664K->3664K(1056768K)], 0.0051366 secs] [Times: user=0.00 sys=0.00, real=0.01 secs] 
26.915: [GC (CMS Initial Mark) [1 CMS-initial-mark: 4993K(6848K)] 4993K(9920K), 0.0002026 secs] [Times: user=0.00 sys=0.00, real=0.00 secs] 
26.916: [CMS-concurrent-mark-start]
26.916: [GC (Allocation Failure) 26.916: [ParNew: 0K->0K(3072K), 0.0003809 secs]26.916: [CMS26.921: [CMS-concurrent-mark: 0.002/0.006 secs] [Times: user=0.00 sys=0.00, real=0.01 secs] 
 (concurrent mode failure): 4993K->897K(6848K), 0.0092433 secs] 4993K->897K(9920K), [Metaspace: 3664K->3664K(1056768K)], 0.0097251 secs] [Times: user=0.00 sys=0.00, real=0.01 secs] 
26.926: [GC (Allocation Failure) 26.926: [ParNew: 0K->0K(3072K), 0.0002868 secs]26.926: [CMS: 4993K->897K(6848K), 0.0027155 secs] 4993K->897K(9920K), [Metaspace: 3664K->3664K(1056768K)], 0.0030936 secs] [Times: user=0.02 sys=0.00, real=0.00 secs] 
26.929: [GC (CMS Initial Mark) [1 CMS-initial-mark: 4993K(6848K)] 4993K(9920K), 0.0001160 secs] [Times: user=0.00 sys=0.00, real=0.00 secs] 
26.929: [CMS-concurrent-mark-start]
26.929: [GC (Allocation Failure) 26.930: [ParNew: 0K->0K(3072K), 0.0002674 secs]26.930: [CMS26.937: [CMS-concurrent-mark: 0.002/0.007 secs] [Times: user=0.00 sys=0.00, real=0.01 secs] 
 (concurrent mode failure): 4993K->897K(6848K), 0.0109612 secs] 4993K->897K(9920K), [Metaspace: 3664K->3664K(1056768K)], 0.0113182 secs] [Times: user=0.00 sys=0.00, real=0.01 secs] 
26.941: [GC (Allocation Failure) 26.941: [ParNew: 0K->0K(3072K), 0.0003036 secs]26.942: [CMS: 4993K->897K(6848K), 0.0031318 secs] 4993K->897K(9920K), [Metaspace: 3664K->3664K(1056768K)], 0.0035252 secs] [Times: user=0.01 sys=0.00, real=0.00 secs] 
26.945: [GC (CMS Initial Mark) [1 CMS-initial-mark: 4993K(6848K)] 4993K(9920K), 0.0002528 secs] [Times: user=0.00 sys=0.00, real=0.00 secs] 
26.946: [CMS-concurrent-mark-start]
26.946: [GC (Allocation Failure) 26.946: [ParNew: 0K->0K(3072K), 0.0003212 secs]26.946: [CMS26.952: [CMS-concurrent-mark: 0.002/0.007 secs] [Times: user=0.00 sys=0.00, real=0.01 secs] 
 (concurrent mode failure): 4993K->897K(6848K), 0.0102207 secs] 4993K->897K(9920K), [Metaspace: 3664K->3664K(1056768K)], 0.0106454 secs] [Times: user=0.00 sys=0.00, real=0.01 secs] 
26.957: [GC (Allocation Failure) 26.957: [ParNew: 0K->0K(3072K), 0.0003018 secs]26.957: [CMS: 4993K->897K(6848K), 0.0032803 secs] 4993K->897K(9920K), [Metaspace: 3664K->3664K(1056768K)], 0.0036849 secs] [Times: user=0.02 sys=0.00, real=0.00 secs] 
26.961: [GC (CMS Initial Mark) [1 CMS-initial-mark: 4993K(6848K)] 4993K(9920K), 0.0001713 secs] [Times: user=0.00 sys=0.00, real=0.00 secs] 
26.961: [CMS-concurrent-mark-start]
26.961: [GC (Allocation Failure) 26.961: [ParNew: 0K->0K(3072K), 0.0002853 secs]26.962: [CMS26.968: [CMS-concurrent-mark: 0.001/0.007 secs] [Times: user=0.00 sys=0.00, real=0.01 secs] 
 (concurrent mode failure): 4993K->897K(6848K), 0.0093767 secs] 4993K->897K(9920K), [Metaspace: 3664K->3664K(1056768K)], 0.0097617 secs] [Times: user=0.00 sys=0.00, real=0.01 secs] 
26.971: [GC (Allocation Failure) 26.972: [ParNew: 0K->0K(3072K), 0.0002485 secs]26.972: [CMS: 4993K->897K(6848K), 0.0036407 secs] 4993K->897K(9920K), [Metaspace: 3664K->3664K(1056768K)], 0.0039895 secs] [Times: user=0.02 sys=0.00, real=0.00 secs] 
26.976: [GC (CMS Initial Mark) [1 CMS-initial-mark: 4993K(6848K)] 4993K(9920K), 0.0001356 secs] [Times: user=0.00 sys=0.00, real=0.00 secs] 
26.976: [CMS-concurrent-mark-start]
26.976: [GC (Allocation Failure) 26.976: [ParNew: 0K->0K(3072K), 0.0002488 secs]26.976: [CMS26.983: [CMS-concurrent-mark: 0.002/0.007 secs] [Times: user=0.00 sys=0.00, real=0.01 secs] 
 (concurrent mode failure): 4993K->897K(6848K), 0.0103622 secs] 4993K->897K(9920K), [Metaspace: 3664K->3664K(1056768K)], 0.0107242 secs] [Times: user=0.00 sys=0.00, real=0.01 secs] 
26.987: [GC (Allocation Failure) 26.987: [ParNew: 0K->0K(3072K), 0.0002725 secs]26.988: [CMS: 4993K->897K(6848K), 0.0026493 secs] 4993K->897K(9920K), [Metaspace: 3664K->3664K(1056768K)], 0.0030159 secs] [Times: user=0.02 sys=0.00, real=0.00 secs] 
26.991: [GC (CMS Initial Mark) [1 CMS-initial-mark: 4993K(6848K)] 4993K(9920K), 0.0001218 secs] [Times: user=0.00 sys=0.00, real=0.00 secs] 
26.991: [CMS-concurrent-mark-start]
26.991: [GC (Allocation Failure) 26.991: [ParNew: 0K->0K(3072K), 0.0002074 secs]26.991: [CMS26.999: [CMS-concurrent-mark: 0.002/0.008 secs] [Times: user=0.00 sys=0.00, real=0.01 secs] 
 (concurrent mode failure): 4993K->897K(6848K), 0.0116535 secs] 4993K->897K(9920K), [Metaspace: 3664K->3664K(1056768K)], 0.0119391 secs] [Times: user=0.00 sys=0.00, real=0.01 secs] 
27.003: [GC (Allocation Failure) 27.003: [ParNew: 0K->0K(3072K), 0.0002628 secs]27.004: [CMS: 4993K->897K(6848K), 0.0022878 secs] 4993K->897K(9920K), [Metaspace: 3664K->3664K(1056768K)], 0.0026463 secs] [Times: user=0.02 sys=0.00, real=0.00 secs] 
27.006: [GC (CMS Initial Mark) [1 CMS-initial-mark: 4993K(6848K)] 4993K(9920K), 0.0000997 secs] [Times: user=0.00 sys=0.00, real=0.00 secs] 
27.006: [CMS-concurrent-mark-start]
27.006: [GC (Allocation Failure) 27.006: [ParNew: 0K->0K(3072K), 0.0001977 secs]27.007: [CMS27.015: [CMS-concurrent-mark: 0.002/0.008 secs] [Times: user=0.00 sys=0.00, real=0.01 secs] 
 (concurrent mode failure): 4993K->897K(6848K), 0.0106023 secs] 4993K->897K(9920K), [Metaspace: 3664K->3664K(1056768K)], 0.0109290 secs] [Times: user=0.00 sys=0.00, real=0.01 secs] 
27.018: [GC (Allocation Failure) 27.018: [ParNew: 0K->0K(3072K), 0.0003124 secs]27.018: [CMS: 4993K->897K(6848K), 0.0026646 secs] 4993K->897K(9920K), [Metaspace: 3664K->3664K(1056768K)], 0.0030548 secs] [Times: user=0.02 sys=0.00, real=0.00 secs] 
27.021: [GC (CMS Initial Mark) [1 CMS-initial-mark: 4993K(6848K)] 4993K(9920K), 0.0000854 secs] [Times: user=0.00 sys=0.00, real=0.00 secs] 
27.021: [CMS-concurrent-mark-start]
27.021: [GC (Allocation Failure) 27.021: [ParNew: 0K->0K(3072K), 0.0002190 secs]27.021: [CMS27.036: [CMS-concurrent-mark: 0.007/0.015 secs] [Times: user=0.00 sys=0.00, real=0.01 secs] 
 (concurrent mode failure): 4993K->897K(6848K), 0.0239950 secs] 4993K->897K(9920K), [Metaspace: 3664K->3664K(1056768K)], 0.0243929 secs] [Times: user=0.01 sys=0.00, real=0.02 secs] 
27.047: [GC (Allocation Failure) 27.047: [ParNew: 0K->0K(3072K), 0.0009895 secs]27.048: [CMS: 4993K->897K(6848K), 0.0063155 secs] 4993K->897K(9920K), [Metaspace: 3664K->3664K(1056768K)], 0.0075607 secs] [Times: user=0.02 sys=0.00, real=0.01 secs] 
27.055: [GC (CMS Initial Mark) [1 CMS-initial-mark: 4993K(6848K)] 4993K(9920K), 0.0002152 secs] [Times: user=0.00 sys=0.00, real=0.00 secs] 
27.055: [CMS-concurrent-mark-start]
27.055: [GC (Allocation Failure) 27.055: [ParNew: 0K->0K(3072K), 0.0005980 secs]27.056: [CMS27.063: [CMS-concurrent-mark: 0.002/0.008 secs] [Times: user=0.00 sys=0.00, real=0.01 secs] 
 (concurrent mode failure): 4993K->897K(6848K), 0.0113837 secs] 4993K->897K(9920K), [Metaspace: 3664K->3664K(1056768K)], 0.0121296 secs] [Times: user=0.00 sys=0.00, real=0.01 secs] 
27.068: [GC (Allocation Failure) 27.068: [ParNew: 0K->0K(3072K), 0.0003813 secs]27.068: [CMS: 4993K->897K(6848K), 0.0032702 secs] 4993K->897K(9920K), [Metaspace: 3664K->3664K(1056768K)], 0.0037656 secs] [Times: user=0.00 sys=0.00, real=0.00 secs] 
27.072: [GC (CMS Initial Mark) [1 CMS-initial-mark: 4993K(6848K)] 4993K(9920K), 0.0001451 secs] [Times: user=0.00 sys=0.00, real=0.00 secs] 
27.072: [CMS-concurrent-mark-start]
27.072: [GC (Allocation Failure) 27.072: [ParNew: 0K->0K(3072K), 0.0004471 secs]27.073: [CMS27.078: [CMS-concurrent-mark: 0.002/0.005 secs] [Times: user=0.00 sys=0.00, real=0.01 secs] 
 (concurrent mode failure): 4993K->897K(6848K), 0.0074879 secs] 4993K->897K(9920K), [Metaspace: 3664K->3664K(1056768K)], 0.0080435 secs] [Times: user=0.00 sys=0.00, real=0.01 secs] 
27.081: [GC (Allocation Failure) 27.081: [ParNew: 0K->0K(3072K), 0.0003123 secs]27.081: [CMS: 4993K->897K(6848K), 0.0032575 secs] 4993K->897K(9920K), [Metaspace: 3664K->3664K(1056768K)], 0.0036470 secs] [Times: user=0.02 sys=0.00, real=0.00 secs] 
27.085: [GC (CMS Initial Mark) [1 CMS-initial-mark: 4993K(6848K)] 4993K(9920K), 0.0001059 secs] [Times: user=0.00 sys=0.00, real=0.00 secs] 
27.085: [CMS-concurrent-mark-start]
27.085: [GC (Allocation Failure) 27.085: [ParNew: 0K->0K(3072K), 0.0001828 secs]27.085: [CMS27.093: [CMS-concurrent-mark: 0.001/0.008 secs] [Times: user=0.00 sys=0.00, real=0.01 secs] 
 (concurrent mode failure): 4993K->897K(6848K), 0.0101320 secs] 4993K->897K(9920K), [Metaspace: 3664K->3664K(1056768K)], 0.0103776 secs] [Times: user=0.00 sys=0.00, real=0.01 secs] 
27.096: [GC (Allocation Failure) 27.096: [ParNew: 0K->0K(3072K), 0.0002145 secs]27.096: [CMS: 4993K->897K(6848K), 0.0018895 secs] 4993K->897K(9920K), [Metaspace: 3664K->3664K(1056768K)], 0.0021896 secs] [Times: user=0.00 sys=0.00, real=0.00 secs] 
27.098: [GC (CMS Initial Mark) [1 CMS-initial-mark: 4993K(6848K)] 4993K(9920K), 0.0001054 secs] [Times: user=0.00 sys=0.00, real=0.00 secs] 
27.098: [CMS-concurrent-mark-start]
27.098: [GC (Allocation Failure) 27.098: [ParNew: 0K->0K(3072K), 0.0002452 secs]27.099: [CMS27.109: [CMS-concurrent-mark: 0.002/0.010 secs] [Times: user=0.06 sys=0.03, real=0.01 secs] 
 (concurrent mode failure): 4993K->897K(6848K), 0.0124555 secs] 4993K->897K(9920K), [Metaspace: 3664K->3664K(1056768K)], 0.0128077 secs] [Times: user=0.06 sys=0.03, real=0.01 secs] 
27.112: [GC (Allocation Failure) 27.112: [ParNew: 0K->0K(3072K), 0.0002499 secs]27.112: [CMS: 4993K->897K(6848K), 0.0019533 secs] 4993K->897K(9920K), [Metaspace: 3664K->3664K(1056768K)], 0.0022876 secs] [Times: user=0.00 sys=0.00, real=0.00 secs] 
27.114: [GC (CMS Initial Mark) [1 CMS-initial-mark: 4993K(6848K)] 4993K(9920K), 0.0000861 secs] [Times: user=0.00 sys=0.00, real=0.00 secs] 
27.114: [CMS-concurrent-mark-start]
27.114: [GC (Allocation Failure) 27.114: [ParNew: 0K->0K(3072K), 0.0002699 secs]27.115: [CMS27.129: [CMS-concurrent-mark: 0.006/0.015 secs] [Times: user=0.00 sys=0.00, real=0.02 secs] 
 (concurrent mode failure): 4993K->897K(6848K), 0.0244015 secs] 4993K->897K(9920K), [Metaspace: 3664K->3664K(1056768K)], 0.0249566 secs] [Times: user=0.01 sys=0.00, real=0.03 secs] 
27.141: [GC (Allocation Failure) 27.141: [ParNew: 0K->0K(3072K), 0.0013811 secs]27.142: [CMS: 4993K->897K(6848K), 0.0096381 secs] 4993K->897K(9920K), [Metaspace: 3664K->3664K(1056768K)], 0.0113753 secs] [Times: user=0.02 sys=0.00, real=0.01 secs] 
27.154: [GC (CMS Initial Mark) [1 CMS-initial-mark: 4993K(6848K)] 4993K(9920K), 0.0006190 secs] [Times: user=0.00 sys=0.00, real=0.00 secs] 
27.155: [CMS-concurrent-mark-start]
27.155: [GC (Allocation Failure) 27.155: [ParNew: 0K->0K(3072K), 0.0012395 secs]27.156: [CMS27.175: [CMS-concurrent-mark: 0.006/0.020 secs] [Times: user=0.00 sys=0.00, real=0.02 secs] 
 (concurrent mode failure): 4993K->897K(6848K), 0.0265242 secs] 4993K->897K(9920K), [Metaspace: 3664K->3664K(1056768K)], 0.0280765 secs] [Times: user=0.01 sys=0.00, real=0.03 secs] 
27.184: [GC (Allocation Failure) 27.184: [ParNew: 0K->0K(3072K), 0.0007972 secs]27.185: [CMS: 4993K->897K(6848K), 0.0050787 secs] 4993K->897K(9920K), [Metaspace: 3664K->3664K(1056768K)], 0.0060994 secs] [Times: user=0.00 sys=0.00, real=0.01 secs] 
27.191: [GC (CMS Initial Mark) [1 CMS-initial-mark: 4993K(6848K)] 4993K(9920K), 0.0002279 secs] [Times: user=0.00 sys=0.00, real=0.00 secs] 
27.191: [CMS-concurrent-mark-start]
27.191: [GC (Allocation Failure) 27.191: [ParNew: 0K->0K(3072K), 0.0004790 secs]27.192: [CMS27.203: [CMS-concurrent-mark: 0.003/0.012 secs] [Times: user=0.00 sys=0.00, real=0.01 secs] 
 (concurrent mode failure): 4993K->897K(6848K), 0.0155310 secs] 4993K->897K(9920K), [Metaspace: 3664K->3664K(1056768K)], 0.0161557 secs] [Times: user=0.00 sys=0.00, real=0.02 secs] 
27.208: [GC (Allocation Failure) 27.208: [ParNew: 0K->0K(3072K), 0.0005250 secs]27.208: [CMS: 4993K->897K(6848K), 0.0038414 secs] 4993K->897K(9920K), [Metaspace: 3664K->3664K(1056768K)], 0.0045062 secs] [Times: user=0.00 sys=0.00, real=0.00 secs] 
27.213: [GC (CMS Initial Mark) [1 CMS-initial-mark: 4993K(6848K)] 4993K(9920K), 0.0002776 secs] [Times: user=0.00 sys=0.00, real=0.00 secs] 
27.213: [CMS-concurrent-mark-start]
27.214: [GC (Allocation Failure) 27.214: [ParNew: 0K->0K(3072K), 0.0006065 secs]27.214: [CMS27.217: [CMS-concurrent-mark: 0.001/0.003 secs] [Times: user=0.00 sys=0.00, real=0.00 secs] 
 (concurrent mode failure): 4993K->897K(6848K), 0.0046028 secs] 4993K->897K(9920K), [Metaspace: 3664K->3664K(1056768K)], 0.0053472 secs] [Times: user=0.00 sys=0.00, real=0.01 secs] 
27.219: [GC (Allocation Failure) 27.219: [ParNew: 0K->0K(3072K), 0.0002167 secs]27.219: [CMS: 4993K->897K(6848K), 0.0019839 secs] 4993K->897K(9920K), [Metaspace: 3664K->3664K(1056768K)], 0.0022591 secs] [Times: user=0.00 sys=0.00, real=0.00 secs] 
27.222: [GC (CMS Initial Mark) [1 CMS-initial-mark: 4993K(6848K)] 4993K(9920K), 0.0001022 secs] [Times: user=0.00 sys=0.00, real=0.00 secs] 
27.222: [CMS-concurrent-mark-start]
27.222: [GC (Allocation Failure) 27.222: [ParNew: 0K->0K(3072K), 0.0002061 secs]27.222: [CMS27.232: [CMS-concurrent-mark: 0.002/0.010 secs] [Times: user=0.00 sys=0.00, real=0.01 secs] 
 (concurrent mode failure): 4993K->897K(6848K), 0.0130888 secs] 4993K->897K(9920K), [Metaspace: 3664K->3664K(1056768K)], 0.0133675 secs] [Times: user=0.00 sys=0.00, real=0.01 secs] 
27.236: [GC (Allocation Failure) 27.236: [ParNew: 0K->0K(3072K), 0.0002576 secs]27.236: [CMS: 4993K->897K(6848K), 0.0020587 secs] 4993K->897K(9920K), [Metaspace: 3664K->3664K(1056768K)], 0.0023879 secs] [Times: user=0.00 sys=0.00, real=0.00 secs] 
27.238: [GC (CMS Initial Mark) [1 CMS-initial-mark: 4993K(6848K)] 4993K(9920K), 0.0001322 secs] [Times: user=0.00 sys=0.00, real=0.00 secs] 
27.239: [CMS-concurrent-mark-start]
27.239: [GC (Allocation Failure) 27.239: [ParNew: 0K->0K(3072K), 0.0002022 secs]27.239: [CMS27.247: [CMS-concurrent-mark: 0.002/0.009 secs] [Times: user=0.00 sys=0.00, real=0.01 secs] 
 (concurrent mode failure): 4993K->897K(6848K), 0.0110437 secs] 4993K->897K(9920K), [Metaspace: 3664K->3664K(1056768K)], 0.0113432 secs] [Times: user=0.00 sys=0.00, real=0.01 secs] 
27.250: [GC (Allocation Failure) 27.250: [ParNew: 0K->0K(3072K), 0.0002105 secs]27.251: [CMS: 4993K->897K(6848K), 0.0020468 secs] 4993K->897K(9920K), [Metaspace: 3664K->3664K(1056768K)], 0.0023275 secs] [Times: user=0.00 sys=0.00, real=0.00 secs] 
27.253: [GC (CMS Initial Mark) [1 CMS-initial-mark: 4993K(6848K)] 4993K(9920K), 0.0000836 secs] [Times: user=0.00 sys=0.00, real=0.00 secs] 
27.253: [CMS-concurrent-mark-start]
27.253: [GC (Allocation Failure) 27.253: [ParNew: 0K->0K(3072K), 0.0002206 secs]27.253: [CMS27.267: [CMS-concurrent-mark: 0.006/0.014 secs] [Times: user=0.00 sys=0.00, real=0.01 secs] 
 (concurrent mode failure): 4993K->897K(6848K), 0.0251054 secs] 4993K->897K(9920K), [Metaspace: 3664K->3664K(1056768K)], 0.0255190 secs] [Times: user=0.02 sys=0.00, real=0.03 secs] 
27.280: [GC (Allocation Failure) 27.280: [ParNew: 0K->0K(3072K), 0.0012424 secs]27.282: [CMS: 4993K->897K(6848K), 0.0108898 secs] 4993K->897K(9920K), [Metaspace: 3664K->3664K(1056768K)], 0.0125903 secs] [Times: user=0.02 sys=0.00, real=0.01 secs] 
27.294: [GC (CMS Initial Mark) [1 CMS-initial-mark: 4993K(6848K)] 4993K(9920K), 0.0003574 secs] [Times: user=0.00 sys=0.00, real=0.00 secs] 
27.294: [CMS-concurrent-mark-start]
27.294: [GC (Allocation Failure) 27.294: [ParNew: 0K->0K(3072K), 0.0009229 secs]27.295: [CMS27.309: [CMS-concurrent-mark: 0.002/0.015 secs] [Times: user=0.00 sys=0.00, real=0.01 secs] 
 (concurrent mode failure): 4993K->897K(6848K), 0.0164282 secs] 4993K->897K(9920K), [Metaspace: 3664K->3664K(1056768K)], 0.0175220 secs] [Times: user=0.00 sys=0.00, real=0.02 secs] 
27.312: [GC (Allocation Failure) 27.312: [ParNew: 0K->0K(3072K), 0.0002259 secs]27.312: [CMS: 4993K->897K(6848K), 0.0020479 secs] 4993K->897K(9920K), [Metaspace: 3664K->3664K(1056768K)], 0.0023574 secs] [Times: user=0.00 sys=0.00, real=0.00 secs] 
27.315: [GC (CMS Initial Mark) [1 CMS-initial-mark: 4993K(6848K)] 4993K(9920K), 0.0001148 secs] [Times: user=0.00 sys=0.00, real=0.00 secs] 
27.315: [CMS-concurrent-mark-start]
27.315: [GC (Allocation Failure) 27.315: [ParNew: 0K->0K(3072K), 0.0002758 secs]27.315: [CMS27.325: [CMS-concurrent-mark: 0.001/0.010 secs] [Times: user=0.00 sys=0.00, real=0.01 secs] 
 (concurrent mode failure): 4993K->897K(6848K), 0.0116725 secs] 4993K->897K(9920K), [Metaspace: 3664K->3664K(1056768K)], 0.0120297 secs] [Times: user=0.00 sys=0.00, real=0.01 secs] 
27.327: [GC (Allocation Failure) 27.327: [ParNew: 0K->0K(3072K), 0.0002395 secs]27.328: [CMS: 4993K->897K(6848K), 0.0021539 secs] 4993K->897K(9920K), [Metaspace: 3664K->3664K(1056768K)], 0.0024681 secs] [Times: user=0.00 sys=0.00, real=0.00 secs] 
27.330: [GC (CMS Initial Mark) [1 CMS-initial-mark: 4993K(6848K)] 4993K(9920K), 0.0001352 secs] [Times: user=0.00 sys=0.00, real=0.00 secs] 
27.330: [CMS-concurrent-mark-start]
27.330: [GC (Allocation Failure) 27.330: [ParNew: 0K->0K(3072K), 0.0001957 secs]27.331: [CMS27.340: [CMS-concurrent-mark: 0.002/0.009 secs] [Times: user=0.00 sys=0.00, real=0.01 secs] 
 (concurrent mode failure): 4993K->897K(6848K), 0.0117202 secs] 4993K->897K(9920K), [Metaspace: 3664K->3664K(1056768K)], 0.0119937 secs] [Times: user=0.00 sys=0.00, real=0.01 secs] 
27.343: [GC (Allocation Failure) 27.343: [ParNew: 0K->0K(3072K), 0.0002953 secs]27.343: [CMS: 4993K->897K(6848K), 0.0021269 secs] 4993K->897K(9920K), [Metaspace: 3664K->3664K(1056768K)], 0.0025081 secs] [Times: user=0.00 sys=0.00, real=0.00 secs] 
27.346: [GC (CMS Initial Mark) [1 CMS-initial-mark: 4993K(6848K)] 4993K(9920K), 0.0000911 secs] [Times: user=0.00 sys=0.00, real=0.00 secs] 
27.346: [CMS-concurrent-mark-start]
27.346: [GC (Allocation Failure) 27.346: [ParNew: 0K->0K(3072K), 0.0001975 secs]27.346: [CMS27.355: [CMS-concurrent-mark: 0.001/0.009 secs] [Times: user=0.00 sys=0.00, real=0.01 secs] 
 (concurrent mode failure): 4993K->897K(6848K), 0.0123812 secs] 4993K->897K(9920K), [Metaspace: 3664K->3664K(1056768K)], 0.0126633 secs] [Times: user=0.00 sys=0.00, real=0.01 secs] 
27.359: [GC (Allocation Failure) 27.359: [ParNew: 0K->0K(3072K), 0.0002431 secs]27.359: [CMS: 4993K->897K(6848K), 0.0020553 secs] 4993K->897K(9920K), [Metaspace: 3664K->3664K(1056768K)], 0.0023688 secs] [Times: user=0.00 sys=0.00, real=0.00 secs] 
27.362: [GC (CMS Initial Mark) [1 CMS-initial-mark: 4993K(6848K)] 4993K(9920K), 0.0000848 secs] [Times: user=0.00 sys=0.00, real=0.00 secs] 
27.362: [CMS-concurrent-mark-start]
27.362: [GC (Allocation Failure) 27.362: [ParNew: 0K->0K(3072K), 0.0002749 secs]27.362: [CMS27.370: [CMS-concurrent-mark: 0.001/0.009 secs] [Times: user=0.00 sys=0.00, real=0.01 secs] 
 (concurrent mode failure): 4993K->897K(6848K), 0.0105411 secs] 4993K->897K(9920K), [Metaspace: 3664K->3664K(1056768K)], 0.0108845 secs] [Times: user=0.00 sys=0.00, real=0.01 secs] 
27.373: [GC (Allocation Failure) 27.373: [ParNew: 0K->0K(3072K), 0.0002531 secs]27.373: [CMS: 4993K->897K(6848K), 0.0027948 secs] 4993K->897K(9920K), [Metaspace: 3664K->3664K(1056768K)], 0.0031212 secs] [Times: user=0.00 sys=0.00, real=0.00 secs] 
27.376: [GC (CMS Initial Mark) [1 CMS-initial-mark: 4993K(6848K)] 4993K(9920K), 0.0001135 secs] [Times: user=0.00 sys=0.00, real=0.00 secs] 
27.377: [CMS-concurrent-mark-start]
27.377: [GC (Allocation Failure) 27.377: [ParNew: 0K->0K(3072K), 0.0002013 secs]27.377: [CMS27.386: [CMS-concurrent-mark: 0.001/0.010 secs] [Times: user=0.00 sys=0.00, real=0.01 secs] 
 (concurrent mode failure): 4993K->897K(6848K), 0.0122144 secs] 4993K->897K(9920K), [Metaspace: 3664K->3664K(1056768K)], 0.0124898 secs] [Times: user=0.00 sys=0.00, real=0.01 secs] 
27.389: [GC (Allocation Failure) 27.389: [ParNew: 0K->0K(3072K), 0.0002099 secs]27.390: [CMS: 4993K->897K(6848K), 0.0019221 secs] 4993K->897K(9920K), [Metaspace: 3664K->3664K(1056768K)], 0.0021967 secs] [Times: user=0.00 sys=0.00, real=0.00 secs] 
27.392: [GC (CMS Initial Mark) [1 CMS-initial-mark: 4993K(6848K)] 4993K(9920K), 0.0000787 secs] [Times: user=0.00 sys=0.00, real=0.00 secs] 
27.392: [CMS-concurrent-mark-start]
27.392: [GC (Allocation Failure) 27.392: [ParNew: 0K->0K(3072K), 0.0001690 secs]27.392: [CMS27.402: [CMS-concurrent-mark: 0.001/0.010 secs] [Times: user=0.00 sys=0.00, real=0.01 secs] 
 (concurrent mode failure): 4993K->897K(6848K), 0.0113358 secs] 4993K->897K(9920K), [Metaspace: 3664K->3664K(1056768K)], 0.0115881 secs] [Times: user=0.00 sys=0.00, real=0.01 secs] 
27.404: [GC (Allocation Failure) 27.404: [ParNew: 0K->0K(3072K), 0.0001852 secs]27.404: [CMS: 4993K->897K(6848K), 0.0016685 secs] 4993K->897K(9920K), [Metaspace: 3664K->3664K(1056768K)], 0.0019100 secs] [Times: user=0.00 sys=0.00, real=0.00 secs] 
27.406: [GC (CMS Initial Mark) [1 CMS-initial-mark: 4993K(6848K)] 4993K(9920K), 0.0000757 secs] [Times: user=0.00 sys=0.00, real=0.00 secs] 
27.406: [CMS-concurrent-mark-start]
27.406: [GC (Allocation Failure) 27.406: [ParNew: 0K->0K(3072K), 0.0001894 secs]27.407: [CMS27.417: [CMS-concurrent-mark: 0.001/0.011 secs] [Times: user=0.00 sys=0.00, real=0.01 secs] 
 (concurrent mode failure): 4993K->897K(6848K), 0.0135673 secs] 4993K->897K(9920K), [Metaspace: 3664K->3664K(1056768K)], 0.0138328 secs] [Times: user=0.00 sys=0.00, real=0.01 secs] 
27.421: [GC (Allocation Failure) 27.421: [ParNew: 0K->0K(3072K), 0.0002500 secs]27.421: [CMS: 4993K->897K(6848K), 0.0018488 secs] 4993K->897K(9920K), [Metaspace: 3664K->3664K(1056768K)], 0.0021851 secs] [Times: user=0.00 sys=0.00, real=0.00 secs] 
27.423: [GC (CMS Initial Mark) [1 CMS-initial-mark: 4993K(6848K)] 4993K(9920K), 0.0000806 secs] [Times: user=0.00 sys=0.00, real=0.00 secs] 
27.423: [CMS-concurrent-mark-start]
27.423: [GC (Allocation Failure) 27.423: [ParNew: 0K->0K(3072K), 0.0002413 secs]27.424: [CMS27.433: [CMS-concurrent-mark: 0.001/0.010 secs] [Times: user=0.00 sys=0.00, real=0.01 secs] 
 (concurrent mode failure): 4993K->897K(6848K), 0.0116679 secs] 4993K->897K(9920K), [Metaspace: 3664K->3664K(1056768K)], 0.0119761 secs] [Times: user=0.00 sys=0.00, real=0.01 secs] 
27.436: [GC (Allocation Failure) 27.436: [ParNew: 0K->0K(3072K), 0.0002785 secs]27.436: [CMS: 4993K->897K(6848K), 0.0018687 secs] 4993K->897K(9920K), [Metaspace: 3664K->3664K(1056768K)], 0.0022091 secs] [Times: user=0.00 sys=0.00, real=0.00 secs] 
27.438: [GC (CMS Initial Mark) [1 CMS-initial-mark: 4993K(6848K)] 4993K(9920K), 0.0001023 secs] [Times: user=0.00 sys=0.00, real=0.00 secs] 
27.438: [CMS-concurrent-mark-start]
27.438: [GC (Allocation Failure) 27.438: [ParNew: 0K->0K(3072K), 0.0002396 secs]27.439: [CMS27.448: [CMS-concurrent-mark: 0.001/0.010 secs] [Times: user=0.00 sys=0.00, real=0.01 secs] 
 (concurrent mode failure): 4993K->897K(6848K), 0.0127273 secs] 4993K->897K(9920K), [Metaspace: 3664K->3664K(1056768K)], 0.0130516 secs] [Times: user=0.00 sys=0.00, real=0.01 secs] 
27.452: [GC (Allocation Failure) 27.452: [ParNew: 0K->0K(3072K), 0.0002650 secs]27.452: [CMS: 4993K->897K(6848K), 0.0030665 secs] 4993K->897K(9920K), [Metaspace: 3664K->3664K(1056768K)], 0.0034228 secs] [Times: user=0.00 sys=0.00, real=0.00 secs] 
27.456: [GC (CMS Initial Mark) [1 CMS-initial-mark: 4993K(6848K)] 4993K(9920K), 0.0002805 secs] [Times: user=0.00 sys=0.00, real=0.00 secs] 
27.456: [CMS-concurrent-mark-start]
27.456: [GC (Allocation Failure) 27.456: [ParNew: 0K->0K(3072K), 0.0002701 secs]27.456: [CMS27.463: [CMS-concurrent-mark: 0.001/0.007 secs] [Times: user=0.00 sys=0.00, real=0.01 secs] 
 (concurrent mode failure): 4993K->897K(6848K), 0.0099114 secs] 4993K->897K(9920K), [Metaspace: 3664K->3664K(1056768K)], 0.0102892 secs] [Times: user=0.00 sys=0.00, real=0.01 secs] 
27.467: [GC (Allocation Failure) 27.467: [ParNew: 0K->0K(3072K), 0.0003382 secs]27.467: [CMS: 4993K->897K(6848K), 0.0032001 secs] 4993K->897K(9920K), [Metaspace: 3664K->3664K(1056768K)], 0.0036340 secs] [Times: user=0.00 sys=0.00, real=0.00 secs] 
27.471: [GC (CMS Initial Mark) [1 CMS-initial-mark: 4993K(6848K)] 4993K(9920K), 0.0001383 secs] [Times: user=0.00 sys=0.00, real=0.00 secs] 
27.471: [CMS-concurrent-mark-start]
27.471: [GC (Allocation Failure) 27.471: [ParNew: 0K->0K(3072K), 0.0002604 secs]27.472: [CMS27.479: [CMS-concurrent-mark: 0.001/0.008 secs] [Times: user=0.00 sys=0.00, real=0.01 secs] 
 (concurrent mode failure): 4993K->897K(6848K), 0.0097957 secs] 4993K->897K(9920K), [Metaspace: 3664K->3664K(1056768K)], 0.0101513 secs] [Times: user=0.00 sys=0.00, real=0.01 secs] 
27.482: [GC (Allocation Failure) 27.482: [ParNew: 0K->0K(3072K), 0.0003434 secs]27.483: [CMS: 4993K->897K(6848K), 0.0030606 secs] 4993K->897K(9920K), [Metaspace: 3664K->3664K(1056768K)], 0.0035125 secs] [Times: user=0.00 sys=0.00, real=0.00 secs] 
27.486: [GC (CMS Initial Mark) [1 CMS-initial-mark: 4993K(6848K)] 4993K(9920K), 0.0001209 secs] [Times: user=0.00 sys=0.00, real=0.00 secs] 
27.486: [CMS-concurrent-mark-start]
27.486: [GC (Allocation Failure) 27.486: [ParNew: 0K->0K(3072K), 0.0002114 secs]27.487: [CMS27.494: [CMS-concurrent-mark: 0.001/0.008 secs] [Times: user=0.00 sys=0.00, real=0.01 secs] 
 (concurrent mode failure): 4993K->897K(6848K), 0.0099004 secs] 4993K->897K(9920K), [Metaspace: 3664K->3664K(1056768K)], 0.0101853 secs] [Times: user=0.00 sys=0.00, real=0.01 secs] 
27.497: [GC (Allocation Failure) 27.497: [ParNew: 0K->0K(3072K), 0.0002067 secs]27.497: [CMS: 4993K->897K(6848K), 0.0035207 secs] 4993K->897K(9920K), [Metaspace: 3664K->3664K(1056768K)], 0.0038527 secs] [Times: user=0.00 sys=0.00, real=0.00 secs] 
27.501: [GC (CMS Initial Mark) [1 CMS-initial-mark: 4993K(6848K)] 4993K(9920K), 0.0002182 secs] [Times: user=0.00 sys=0.00, real=0.00 secs] 
27.501: [CMS-concurrent-mark-start]
27.501: [GC (Allocation Failure) 27.501: [ParNew: 0K->0K(3072K), 0.0001956 secs]27.502: [CMS27.510: [CMS-concurrent-mark: 0.001/0.009 secs] [Times: user=0.00 sys=0.00, real=0.01 secs] 
 (concurrent mode failure): 4993K->897K(6848K), 0.0106151 secs] 4993K->897K(9920K), [Metaspace: 3664K->3664K(1056768K)], 0.0108790 secs] [Times: user=0.00 sys=0.00, real=0.01 secs] 
27.513: [GC (Allocation Failure) 27.513: [ParNew: 0K->0K(3072K), 0.0002473 secs]27.513: [CMS: 4993K->897K(6848K), 0.0020206 secs] 4993K->897K(9920K), [Metaspace: 3664K->3664K(1056768K)], 0.0023453 secs] [Times: user=0.00 sys=0.00, real=0.00 secs] 
27.515: [GC (CMS Initial Mark) [1 CMS-initial-mark: 4993K(6848K)] 4993K(9920K), 0.0002012 secs] [Times: user=0.00 sys=0.00, real=0.00 secs] 
27.516: [CMS-concurrent-mark-start]
27.516: [GC (Allocation Failure) 27.516: [ParNew: 0K->0K(3072K), 0.0002899 secs]27.516: [CMS27.526: [CMS-concurrent-mark: 0.001/0.011 secs] [Times: user=0.00 sys=0.00, real=0.01 secs] 
 (concurrent mode failure): 4993K->897K(6848K), 0.0126509 secs] 4993K->897K(9920K), [Metaspace: 3664K->3664K(1056768K)], 0.0130110 secs] [Times: user=0.00 sys=0.00, real=0.01 secs] 
27.529: [GC (Allocation Failure) 27.529: [ParNew: 0K->0K(3072K), 0.0002420 secs]27.529: [CMS: 4993K->897K(6848K), 0.0019733 secs] 4993K->897K(9920K), [Metaspace: 3664K->3664K(1056768K)], 0.0022963 secs] [Times: user=0.00 sys=0.00, real=0.00 secs] 
27.532: [GC (CMS Initial Mark) [1 CMS-initial-mark: 4993K(6848K)] 4993K(9920K), 0.0001743 secs] [Times: user=0.00 sys=0.00, real=0.00 secs] 
27.532: [CMS-concurrent-mark-start]
27.532: [GC (Allocation Failure) 27.532: [ParNew: 0K->0K(3072K), 0.0002932 secs]27.532: [CMS27.542: [CMS-concurrent-mark: 0.001/0.010 secs] [Times: user=0.00 sys=0.00, real=0.01 secs] 
 (concurrent mode failure): 4993K->897K(6848K), 0.0120747 secs] 4993K->897K(9920K), [Metaspace: 3664K->3664K(1056768K)], 0.0124734 secs] [Times: user=0.00 sys=0.00, real=0.01 secs] 
27.545: [GC (Allocation Failure) 27.545: [ParNew: 0K->0K(3072K), 0.0002689 secs]27.545: [CMS: 4993K->897K(6848K), 0.0020443 secs] 4993K->897K(9920K), [Metaspace: 3664K->3664K(1056768K)], 0.0024047 secs] [Times: user=0.00 sys=0.00, real=0.00 secs] 
27.548: [GC (CMS Initial Mark) [1 CMS-initial-mark: 4993K(6848K)] 4993K(9920K), 0.0001543 secs] [Times: user=0.00 sys=0.00, real=0.00 secs] 
27.548: [CMS-concurrent-mark-start]
27.548: [GC (Allocation Failure) 27.548: [ParNew: 0K->0K(3072K), 0.0003757 secs]27.548: [CMS27.558: [CMS-concurrent-mark: 0.002/0.010 secs] [Times: user=0.00 sys=0.00, real=0.01 secs] 
 (concurrent mode failure): 4993K->897K(6848K), 0.0121166 secs] 4993K->897K(9920K), [Metaspace: 3664K->3664K(1056768K)], 0.0125756 secs] [Times: user=0.00 sys=0.00, real=0.01 secs] 
27.561: [GC (Allocation Failure) 27.561: [ParNew: 0K->0K(3072K), 0.0002705 secs]27.561: [CMS: 4993K->897K(6848K), 0.0021108 secs] 4993K->897K(9920K), [Metaspace: 3664K->3664K(1056768K)], 0.0024696 secs] [Times: user=0.00 sys=0.00, real=0.00 secs] 
27.564: [GC (CMS Initial Mark) [1 CMS-initial-mark: 4993K(6848K)] 4993K(9920K), 0.0001174 secs] [Times: user=0.00 sys=0.00, real=0.00 secs] 
27.564: [CMS-concurrent-mark-start]
27.564: [GC (Allocation Failure) 27.564: [ParNew: 0K->0K(3072K), 0.0002752 secs]27.564: [CMS27.573: [CMS-concurrent-mark: 0.001/0.009 secs] [Times: user=0.00 sys=0.00, real=0.01 secs] 
 (concurrent mode failure): 4993K->897K(6848K), 0.0111552 secs] 4993K->897K(9920K), [Metaspace: 3664K->3664K(1056768K)], 0.0115001 secs] [Times: user=0.00 sys=0.00, real=0.01 secs] 
27.576: [GC (Allocation Failure) 27.576: [ParNew: 0K->0K(3072K), 0.0001927 secs]27.576: [CMS: 4993K->897K(6848K), 0.0018016 secs] 4993K->897K(9920K), [Metaspace: 3664K->3664K(1056768K)], 0.0020676 secs] [Times: user=0.00 sys=0.00, real=0.00 secs] 
27.578: [GC (CMS Initial Mark) [1 CMS-initial-mark: 4993K(6848K)] 4993K(9920K), 0.0001149 secs] [Times: user=0.00 sys=0.00, real=0.00 secs] 
27.578: [CMS-concurrent-mark-start]
27.579: [GC (Allocation Failure) 27.579: [ParNew: 0K->0K(3072K), 0.0002023 secs]27.579: [CMS27.589: [CMS-concurrent-mark: 0.002/0.010 secs] [Times: user=0.00 sys=0.00, real=0.01 secs] 
 (concurrent mode failure): 4993K->897K(6848K), 0.0123760 secs] 4993K->897K(9920K), [Metaspace: 3664K->3664K(1056768K)], 0.0126510 secs] [Times: user=0.00 sys=0.00, real=0.01 secs] 
27.592: [GC (Allocation Failure) 27.592: [ParNew: 0K->0K(3072K), 0.0002247 secs]27.592: [CMS: 4993K->897K(6848K), 0.0021251 secs] 4993K->897K(9920K), [Metaspace: 3664K->3664K(1056768K)], 0.0024244 secs] [Times: user=0.00 sys=0.00, real=0.00 secs] 
27.594: [GC (CMS Initial Mark) [1 CMS-initial-mark: 4993K(6848K)] 4993K(9920K), 0.0001279 secs] [Times: user=0.00 sys=0.00, real=0.00 secs] 
27.594: [CMS-concurrent-mark-start]
27.595: [GC (Allocation Failure) 27.595: [ParNew: 0K->0K(3072K), 0.0002046 secs]27.595: [CMS27.604: [CMS-concurrent-mark: 0.001/0.009 secs] [Times: user=0.00 sys=0.00, real=0.01 secs] 
 (concurrent mode failure): 4993K->897K(6848K), 0.0113095 secs] 4993K->897K(9920K), [Metaspace: 3664K->3664K(1056768K)], 0.0116012 secs] [Times: user=0.00 sys=0.00, real=0.01 secs] 
27.607: [GC (Allocation Failure) 27.607: [ParNew: 0K->0K(3072K), 0.0002238 secs]27.607: [CMS: 4993K->897K(6848K), 0.0018480 secs] 4993K->897K(9920K), [Metaspace: 3664K->3664K(1056768K)], 0.0021349 secs] [Times: user=0.00 sys=0.00, real=0.00 secs] 
27.609: [GC (CMS Initial Mark) [1 CMS-initial-mark: 4993K(6848K)] 4993K(9920K), 0.0001383 secs] [Times: user=0.00 sys=0.00, real=0.00 secs] 
27.609: [CMS-concurrent-mark-start]
27.609: [GC (Allocation Failure) 27.609: [ParNew: 0K->0K(3072K), 0.0002810 secs]27.610: [CMS27.619: [CMS-concurrent-mark: 0.002/0.010 secs] [Times: user=0.00 sys=0.00, real=0.01 secs] 
 (concurrent mode failure): 4993K->897K(6848K), 0.0120119 secs] 4993K->897K(9920K), [Metaspace: 3664K->3664K(1056768K)], 0.0123598 secs] [Times: user=0.00 sys=0.00, real=0.01 secs] 
27.622: [GC (Allocation Failure) 27.622: [ParNew: 0K->0K(3072K), 0.0002133 secs]27.622: [CMS: 4993K->897K(6848K), 0.0017941 secs] 4993K->897K(9920K), [Metaspace: 3664K->3664K(1056768K)], 0.0020715 secs] [Times: user=0.00 sys=0.00, real=0.00 secs] 
27.624: [GC (CMS Initial Mark) [1 CMS-initial-mark: 4993K(6848K)] 4993K(9920K), 0.0002214 secs] [Times: user=0.00 sys=0.00, real=0.00 secs] 
27.625: [CMS-concurrent-mark-start]
27.625: [GC (Allocation Failure) 27.625: [ParNew: 0K->0K(3072K), 0.0002700 secs]27.625: [CMS27.634: [CMS-concurrent-mark: 0.001/0.010 secs] [Times: user=0.00 sys=0.00, real=0.01 secs] 
 (concurrent mode failure): 4993K->897K(6848K), 0.0116470 secs] 4993K->897K(9920K), [Metaspace: 3664K->3664K(1056768K)], 0.0119930 secs] [Times: user=0.00 sys=0.00, real=0.01 secs] 
27.637: [GC (Allocation Failure) 27.637: [ParNew: 0K->0K(3072K), 0.0002774 secs]27.637: [CMS: 4993K->897K(6848K), 0.0018495 secs] 4993K->897K(9920K), [Metaspace: 3664K->3664K(1056768K)], 0.0021991 secs] [Times: user=0.00 sys=0.00, real=0.00 secs] 
27.640: [GC (CMS Initial Mark) [1 CMS-initial-mark: 4993K(6848K)] 4993K(9920K), 0.0001406 secs] [Times: user=0.00 sys=0.00, real=0.00 secs] 
27.640: [CMS-concurrent-mark-start]
27.640: [GC (Allocation Failure) 27.640: [ParNew: 0K->0K(3072K), 0.0001971 secs]27.640: [CMS27.651: [CMS-concurrent-mark: 0.002/0.011 secs] [Times: user=0.00 sys=0.00, real=0.01 secs] 
 (concurrent mode failure): 4993K->897K(6848K), 0.0130720 secs] 4993K->897K(9920K), [Metaspace: 3664K->3664K(1056768K)], 0.0133543 secs] [Times: user=0.00 sys=0.00, real=0.01 secs] 
27.654: [GC (Allocation Failure) 27.654: [ParNew: 0K->0K(3072K), 0.0002735 secs]27.654: [CMS: 4993K->897K(6848K), 0.0020632 secs] 4993K->897K(9920K), [Metaspace: 3664K->3664K(1056768K)], 0.0024088 secs] [Times: user=0.00 sys=0.00, real=0.00 secs] 
27.656: [GC (CMS Initial Mark) [1 CMS-initial-mark: 4993K(6848K)] 4993K(9920K), 0.0000792 secs] [Times: user=0.00 sys=0.00, real=0.00 secs] 
27.656: [CMS-concurrent-mark-start]
27.656: [GC (Allocation Failure) 27.656: [ParNew: 0K->0K(3072K), 0.0001841 secs]27.657: [CMS27.667: [CMS-concurrent-mark: 0.002/0.010 secs] [Times: user=0.00 sys=0.00, real=0.01 secs] 
 (concurrent mode failure): 4993K->897K(6848K), 0.0127779 secs] 4993K->897K(9920K), [Metaspace: 3664K->3664K(1056768K)], 0.0130334 secs] [Times: user=0.00 sys=0.00, real=0.01 secs] 
27.670: [GC (Allocation Failure) 27.670: [ParNew: 0K->0K(3072K), 0.0002383 secs]27.670: [CMS: 4993K->897K(6848K), 0.0019758 secs] 4993K->897K(9920K), [Metaspace: 3664K->3664K(1056768K)], 0.0022898 secs] [Times: user=0.00 sys=0.00, real=0.00 secs] 
27.672: [GC (CMS Initial Mark) [1 CMS-initial-mark: 4993K(6848K)] 4993K(9920K), 0.0001435 secs] [Times: user=0.00 sys=0.00, real=0.00 secs] 
27.673: [CMS-concurrent-mark-start]
27.673: [GC (Allocation Failure) 27.673: [ParNew: 0K->0K(3072K), 0.0002512 secs]27.673: [CMS27.683: [CMS-concurrent-mark: 0.002/0.010 secs] [Times: user=0.00 sys=0.00, real=0.01 secs] 
 (concurrent mode failure): 4993K->897K(6848K), 0.0127583 secs] 4993K->897K(9920K), [Metaspace: 3664K->3664K(1056768K)], 0.0130942 secs] [Times: user=0.00 sys=0.00, real=0.01 secs] 
27.686: [GC (Allocation Failure) 27.686: [ParNew: 0K->0K(3072K), 0.0002522 secs]27.687: [CMS: 4993K->897K(6848K), 0.0020305 secs] 4993K->897K(9920K), [Metaspace: 3664K->3664K(1056768K)], 0.0023553 secs] [Times: user=0.00 sys=0.00, real=0.00 secs] 
27.689: [GC (CMS Initial Mark) [1 CMS-initial-mark: 4993K(6848K)] 4993K(9920K), 0.0001279 secs] [Times: user=0.00 sys=0.00, real=0.00 secs] 
27.689: [CMS-concurrent-mark-start]
27.689: [GC (Allocation Failure) 27.689: [ParNew: 0K->0K(3072K), 0.0002508 secs]27.690: [CMS27.698: [CMS-concurrent-mark: 0.002/0.008 secs] [Times: user=0.00 sys=0.00, real=0.01 secs] 
 (concurrent mode failure): 4993K->897K(6848K), 0.0122739 secs] 4993K->897K(9920K), [Metaspace: 3664K->3664K(1056768K)], 0.0126120 secs] [Times: user=0.00 sys=0.00, real=0.01 secs] 
27.702: [GC (Allocation Failure) 27.702: [ParNew: 0K->0K(3072K), 0.0002314 secs]27.703: [CMS: 4993K->897K(6848K), 0.0018449 secs] 4993K->897K(9920K), [Metaspace: 3664K->3664K(1056768K)], 0.0021389 secs] [Times: user=0.00 sys=0.00, real=0.00 secs] 
27.705: [GC (CMS Initial Mark) [1 CMS-initial-mark: 4993K(6848K)] 4993K(9920K), 0.0001270 secs] [Times: user=0.00 sys=0.00, real=0.00 secs] 
27.705: [CMS-concurrent-mark-start]
27.705: [GC (Allocation Failure) 27.705: [ParNew: 0K->0K(3072K), 0.0002524 secs]27.705: [CMS27.713: [CMS-concurrent-mark: 0.002/0.008 secs] [Times: user=0.00 sys=0.00, real=0.01 secs] 
 (concurrent mode failure): 4993K->897K(6848K), 0.0114031 secs] 4993K->897K(9920K), [Metaspace: 3664K->3664K(1056768K)], 0.0117486 secs] [Times: user=0.00 sys=0.00, real=0.01 secs] 
27.717: [GC (Allocation Failure) 27.717: [ParNew: 0K->0K(3072K), 0.0002534 secs]27.717: [CMS: 4993K->897K(6848K), 0.0023382 secs] 4993K->897K(9920K), [Metaspace: 3664K->3664K(1056768K)], 0.0026706 secs] [Times: user=0.00 sys=0.00, real=0.00 secs] 
27.720: [GC (CMS Initial Mark) [1 CMS-initial-mark: 4993K(6848K)] 4993K(9920K), 0.0001446 secs] [Times: user=0.00 sys=0.00, real=0.00 secs] 
27.720: [CMS-concurrent-mark-start]
27.720: [GC (Allocation Failure) 27.720: [ParNew: 0K->0K(3072K), 0.0002762 secs]27.721: [CMS27.728: [CMS-concurrent-mark: 0.002/0.008 secs] [Times: user=0.00 sys=0.00, real=0.01 secs] 
 (concurrent mode failure): 4993K->897K(6848K), 0.0096687 secs] 4993K->897K(9920K), [Metaspace: 3664K->3664K(1056768K)], 0.0100198 secs] [Times: user=0.00 sys=0.00, real=0.01 secs] 
27.731: [GC (Allocation Failure) 27.731: [ParNew: 0K->0K(3072K), 0.0003056 secs]27.731: [CMS: 4993K->897K(6848K), 0.0025622 secs] 4993K->897K(9920K), [Metaspace: 3664K->3664K(1056768K)], 0.0029489 secs] [Times: user=0.00 sys=0.00, real=0.00 secs] 
27.734: [GC (CMS Initial Mark) [1 CMS-initial-mark: 4993K(6848K)] 4993K(9920K), 0.0001097 secs] [Times: user=0.00 sys=0.00, real=0.00 secs] 
27.734: [CMS-concurrent-mark-start]
27.734: [GC (Allocation Failure) 27.735: [ParNew: 0K->0K(3072K), 0.0002658 secs]27.735: [CMS27.744: [CMS-concurrent-mark: 0.002/0.010 secs] [Times: user=0.00 sys=0.00, real=0.01 secs] 
 (concurrent mode failure): 4993K->897K(6848K), 0.0115892 secs] 4993K->897K(9920K), [Metaspace: 3664K->3664K(1056768K)], 0.0119436 secs] [Times: user=0.00 sys=0.00, real=0.01 secs] 
27.747: [GC (Allocation Failure) 27.747: [ParNew: 0K->0K(3072K), 0.0002201 secs]27.747: [CMS: 4993K->897K(6848K), 0.0022124 secs] 4993K->897K(9920K), [Metaspace: 3664K->3664K(1056768K)], 0.0025244 secs] [Times: user=0.00 sys=0.00, real=0.00 secs] 
27.750: [GC (CMS Initial Mark) [1 CMS-initial-mark: 4993K(6848K)] 4993K(9920K), 0.0000906 secs] [Times: user=0.00 sys=0.00, real=0.00 secs] 
27.750: [CMS-concurrent-mark-start]
27.750: [GC (Allocation Failure) 27.750: [ParNew: 0K->0K(3072K), 0.0002135 secs]27.750: [CMS27.760: [CMS-concurrent-mark: 0.002/0.010 secs] [Times: user=0.00 sys=0.00, real=0.01 secs] 
 (concurrent mode failure): 4993K->897K(6848K), 0.0119279 secs] 4993K->897K(9920K), [Metaspace: 3664K->3664K(1056768K)], 0.0122042 secs] [Times: user=0.00 sys=0.00, real=0.01 secs] 
27.762: [GC (Allocation Failure) 27.762: [ParNew: 0K->0K(3072K), 0.0002660 secs]27.763: [CMS: 4993K->897K(6848K), 0.0025185 secs] 4993K->897K(9920K), [Metaspace: 3664K->3664K(1056768K)], 0.0028748 secs] [Times: user=0.00 sys=0.00, real=0.00 secs] 
27.766: [GC (CMS Initial Mark) [1 CMS-initial-mark: 4993K(6848K)] 4993K(9920K), 0.0001907 secs] [Times: user=0.00 sys=0.00, real=0.00 secs] 
27.766: [CMS-concurrent-mark-start]
27.766: [GC (Allocation Failure) 27.766: [ParNew: 0K->0K(3072K), 0.0002522 secs]27.766: [CMS27.776: [CMS-concurrent-mark: 0.002/0.010 secs] [Times: user=0.00 sys=0.00, real=0.01 secs] 
 (concurrent mode failure): 4993K->897K(6848K), 0.0118825 secs] 4993K->897K(9920K), [Metaspace: 3664K->3664K(1056768K)], 0.0122119 secs] [Times: user=0.00 sys=0.00, real=0.01 secs] 
27.778: [GC (Allocation Failure) 27.778: [ParNew: 0K->0K(3072K), 0.0002275 secs]27.779: [CMS: 4993K->897K(6848K), 0.0017569 secs] 4993K->897K(9920K), [Metaspace: 3664K->3664K(1056768K)], 0.0020450 secs] [Times: user=0.00 sys=0.00, real=0.00 secs] 
27.781: [GC (CMS Initial Mark) [1 CMS-initial-mark: 4993K(6848K)] 4993K(9920K), 0.0000868 secs] [Times: user=0.00 sys=0.00, real=0.00 secs] 
27.781: [CMS-concurrent-mark-start]
27.781: [GC (Allocation Failure) 27.781: [ParNew: 0K->0K(3072K), 0.0002594 secs]27.781: [CMS27.791: [CMS-concurrent-mark: 0.001/0.010 secs] [Times: user=0.00 sys=0.00, real=0.01 secs] 
 (concurrent mode failure): 4993K->897K(6848K), 0.0119963 secs] 4993K->897K(9920K), [Metaspace: 3664K->3664K(1056768K)], 0.0123282 secs] [Times: user=0.00 sys=0.00, real=0.01 secs] 
27.794: [GC (Allocation Failure) 27.794: [ParNew: 0K->0K(3072K), 0.0002075 secs]27.794: [CMS: 4993K->897K(6848K), 0.0018797 secs] 4993K->897K(9920K), [Metaspace: 3664K->3664K(1056768K)], 0.0021593 secs] [Times: user=0.00 sys=0.00, real=0.00 secs] 
27.796: [GC (CMS Initial Mark) [1 CMS-initial-mark: 4993K(6848K)] 4993K(9920K), 0.0000916 secs] [Times: user=0.00 sys=0.00, real=0.00 secs] 
27.796: [CMS-concurrent-mark-start]
27.796: [GC (Allocation Failure) 27.796: [ParNew: 0K->0K(3072K), 0.0001946 secs]27.796: [CMS27.806: [CMS-concurrent-mark: 0.002/0.010 secs] [Times: user=0.00 sys=0.00, real=0.01 secs] 
 (concurrent mode failure): 4993K->897K(6848K), 0.0122794 secs] 4993K->897K(9920K), [Metaspace: 3664K->3664K(1056768K)], 0.0125460 secs] [Times: user=0.00 sys=0.00, real=0.01 secs] 
27.809: [GC (Allocation Failure) 27.809: [ParNew: 0K->0K(3072K), 0.0002101 secs]27.809: [CMS: 4993K->897K(6848K), 0.0019096 secs] 4993K->897K(9920K), [Metaspace: 3664K->3664K(1056768K)], 0.0021889 secs] [Times: user=0.00 sys=0.00, real=0.00 secs] 
27.812: [GC (CMS Initial Mark) [1 CMS-initial-mark: 4993K(6848K)] 4993K(9920K), 0.0002120 secs] [Times: user=0.00 sys=0.00, real=0.00 secs] 
27.812: [CMS-concurrent-mark-start]
27.812: [GC (Allocation Failure) 27.812: [ParNew: 0K->0K(3072K), 0.0002205 secs]27.812: [CMS27.821: [CMS-concurrent-mark: 0.002/0.009 secs] [Times: user=0.00 sys=0.00, real=0.01 secs] 
 (concurrent mode failure): 4993K->897K(6848K), 0.0110457 secs] 4993K->897K(9920K), [Metaspace: 3664K->3664K(1056768K)], 0.0113418 secs] [Times: user=0.00 sys=0.00, real=0.01 secs] 
27.824: [GC (Allocation Failure) 27.824: [ParNew: 0K->0K(3072K), 0.0002114 secs]27.824: [CMS: 4993K->897K(6848K), 0.0016665 secs] 4993K->897K(9920K), [Metaspace: 3664K->3664K(1056768K)], 0.0019302 secs] [Times: user=0.00 sys=0.00, real=0.00 secs] 
27.826: [GC (CMS Initial Mark) [1 CMS-initial-mark: 4993K(6848K)] 4993K(9920K), 0.0000884 secs] [Times: user=0.00 sys=0.00, real=0.00 secs] 
27.826: [CMS-concurrent-mark-start]
27.826: [GC (Allocation Failure) 27.826: [ParNew: 0K->0K(3072K), 0.0001720 secs]27.826: [CMS27.836: [CMS-concurrent-mark: 0.002/0.010 secs] [Times: user=0.00 sys=0.00, real=0.01 secs] 
 (concurrent mode failure): 4993K->897K(6848K), 0.0131135 secs] 4993K->897K(9920K), [Metaspace: 3664K->3664K(1056768K)], 0.0133576 secs] [Times: user=0.00 sys=0.00, real=0.01 secs] 
27.840: [GC (Allocation Failure) 27.840: [ParNew: 0K->0K(3072K), 0.0002317 secs]27.840: [CMS: 4993K->897K(6848K), 0.0020297 secs] 4993K->897K(9920K), [Metaspace: 3664K->3664K(1056768K)], 0.0023470 secs] [Times: user=0.00 sys=0.00, real=0.00 secs] 
27.842: [GC (CMS Initial Mark) [1 CMS-initial-mark: 4993K(6848K)] 4993K(9920K), 0.0001413 secs] [Times: user=0.00 sys=0.00, real=0.00 secs] 
27.843: [CMS-concurrent-mark-start]
27.843: [GC (Allocation Failure) 27.843: [ParNew: 0K->0K(3072K), 0.0002452 secs]27.843: [CMS27.852: [CMS-concurrent-mark: 0.001/0.009 secs] [Times: user=0.00 sys=0.00, real=0.01 secs] 
 (concurrent mode failure): 4993K->897K(6848K), 0.0114388 secs] 4993K->897K(9920K), [Metaspace: 3664K->3664K(1056768K)], 0.0117968 secs] [Times: user=0.00 sys=0.00, real=0.01 secs] 
27.855: [GC (Allocation Failure) 27.855: [ParNew: 0K->0K(3072K), 0.0003076 secs]27.855: [CMS: 4993K->897K(6848K), 0.0022357 secs] 4993K->897K(9920K), [Metaspace: 3664K->3664K(1056768K)], 0.0026437 secs] [Times: user=0.00 sys=0.00, real=0.00 secs] 
27.858: [GC (CMS Initial Mark) [1 CMS-initial-mark: 4993K(6848K)] 4993K(9920K), 0.0001404 secs] [Times: user=0.00 sys=0.00, real=0.00 secs] 
27.858: [CMS-concurrent-mark-start]
27.858: [GC (Allocation Failure) 27.858: [ParNew: 0K->0K(3072K), 0.0002511 secs]27.858: [CMS27.867: [CMS-concurrent-mark: 0.002/0.009 secs] [Times: user=0.00 sys=0.00, real=0.01 secs] 
 (concurrent mode failure): 4993K->897K(6848K), 0.0113221 secs] 4993K->897K(9920K), [Metaspace: 3664K->3664K(1056768K)], 0.0116518 secs] [Times: user=0.00 sys=0.00, real=0.01 secs] 
27.870: [GC (Allocation Failure) 27.870: [ParNew: 0K->0K(3072K), 0.0003132 secs]27.871: [CMS: 4993K->897K(6848K), 0.0034347 secs] 4993K->897K(9920K), [Metaspace: 3664K->3664K(1056768K)], 0.0038325 secs] [Times: user=0.00 sys=0.00, real=0.00 secs] 
27.874: [GC (CMS Initial Mark) [1 CMS-initial-mark: 4993K(6848K)] 4993K(9920K), 0.0001584 secs] [Times: user=0.00 sys=0.00, real=0.00 secs] 
27.875: [CMS-concurrent-mark-start]
27.875: [GC (Allocation Failure) 27.875: [ParNew: 0K->0K(3072K), 0.0003593 secs]27.875: [CMS27.883: [CMS-concurrent-mark: 0.002/0.008 secs] [Times: user=0.00 sys=0.00, real=0.01 secs] 
 (concurrent mode failure): 4993K->897K(6848K), 0.0108644 secs] 4993K->897K(9920K), [Metaspace: 3664K->3664K(1056768K)], 0.0113110 secs] [Times: user=0.00 sys=0.00, real=0.01 secs] 
27.886: [GC (Allocation Failure) 27.886: [ParNew: 0K->0K(3072K), 0.0002824 secs]27.887: [CMS: 4993K->897K(6848K), 0.0018954 secs] 4993K->897K(9920K), [Metaspace: 3664K->3664K(1056768K)], 0.0022483 secs] [Times: user=0.00 sys=0.00, real=0.00 secs] 
27.889: [GC (CMS Initial Mark) [1 CMS-initial-mark: 4993K(6848K)] 4993K(9920K), 0.0001492 secs] [Times: user=0.00 sys=0.00, real=0.00 secs] 
27.889: [CMS-concurrent-mark-start]
27.889: [GC (Allocation Failure) 27.889: [ParNew: 0K->0K(3072K), 0.0002372 secs]27.890: [CMS27.899: [CMS-concurrent-mark: 0.002/0.010 secs] [Times: user=0.00 sys=0.00, real=0.01 secs] 
 (concurrent mode failure): 4993K->897K(6848K), 0.0127421 secs] 4993K->897K(9920K), [Metaspace: 3664K->3664K(1056768K)], 0.0130696 secs] [Times: user=0.00 sys=0.00, real=0.01 secs] 
27.903: [GC (Allocation Failure) 27.903: [ParNew: 0K->0K(3072K), 0.0003622 secs]27.903: [CMS: 4993K->897K(6848K), 0.0022012 secs] 4993K->897K(9920K), [Metaspace: 3664K->3664K(1056768K)], 0.0026389 secs] [Times: user=0.00 sys=0.00, real=0.00 secs] 
27.906: [GC (CMS Initial Mark) [1 CMS-initial-mark: 4993K(6848K)] 4993K(9920K), 0.0002058 secs] [Times: user=0.00 sys=0.00, real=0.00 secs] 
27.906: [CMS-concurrent-mark-start]
27.906: [GC (Allocation Failure) 27.906: [ParNew: 0K->0K(3072K), 0.0002442 secs]27.907: [CMS27.915: [CMS-concurrent-mark: 0.002/0.008 secs] [Times: user=0.00 sys=0.00, real=0.01 secs] 
 (concurrent mode failure): 4993K->897K(6848K), 0.0111279 secs] 4993K->897K(9920K), [Metaspace: 3664K->3664K(1056768K)], 0.0114599 secs] [Times: user=0.00 sys=0.00, real=0.01 secs] 
27.918: [GC (Allocation Failure) 27.918: [ParNew: 0K->0K(3072K), 0.0002751 secs]27.919: [CMS: 4993K->897K(6848K), 0.0021333 secs] 4993K->897K(9920K), [Metaspace: 3664K->3664K(1056768K)], 0.0024803 secs] [Times: user=0.00 sys=0.00, real=0.00 secs] 
27.921: [GC (CMS Initial Mark) [1 CMS-initial-mark: 4993K(6848K)] 4993K(9920K), 0.0001736 secs] [Times: user=0.00 sys=0.00, real=0.00 secs] 
27.921: [CMS-concurrent-mark-start]
27.921: [GC (Allocation Failure) 27.921: [ParNew: 0K->0K(3072K), 0.0002181 secs]27.922: [CMS27.929: [CMS-concurrent-mark: 0.002/0.008 secs] [Times: user=0.00 sys=0.00, real=0.01 secs] 
 (concurrent mode failure): 4993K->897K(6848K), 0.0099953 secs] 4993K->897K(9920K), [Metaspace: 3664K->3664K(1056768K)], 0.0102873 secs] [Times: user=0.00 sys=0.00, real=0.01 secs] 
27.932: [GC (Allocation Failure) 27.932: [ParNew: 0K->0K(3072K), 0.0004249 secs]27.933: [CMS: 4993K->897K(6848K), 0.0019531 secs] 4993K->897K(9920K), [Metaspace: 3664K->3664K(1056768K)], 0.0024495 secs] [Times: user=0.00 sys=0.00, real=0.00 secs] 
27.935: [GC (CMS Initial Mark) [1 CMS-initial-mark: 4993K(6848K)] 4993K(9920K), 0.0001378 secs] [Times: user=0.00 sys=0.00, real=0.00 secs] 
27.935: [CMS-concurrent-mark-start]
27.935: [GC (Allocation Failure) 27.935: [ParNew: 0K->0K(3072K), 0.0001838 secs]27.936: [CMS27.945: [CMS-concurrent-mark: 0.002/0.010 secs] [Times: user=0.00 sys=0.00, real=0.01 secs] 
 (concurrent mode failure): 4993K->897K(6848K), 0.0117141 secs] 4993K->897K(9920K), [Metaspace: 3664K->3664K(1056768K)], 0.0119934 secs] [Times: user=0.00 sys=0.00, real=0.01 secs] 
27.948: [GC (Allocation Failure) 27.948: [ParNew: 0K->0K(3072K), 0.0003874 secs]27.948: [CMS: 4993K->897K(6848K), 0.0022505 secs] 4993K->897K(9920K), [Metaspace: 3664K->3664K(1056768K)], 0.0027321 secs] [Times: user=0.00 sys=0.00, real=0.00 secs] 
27.951: [GC (CMS Initial Mark) [1 CMS-initial-mark: 4993K(6848K)] 4993K(9920K), 0.0001231 secs] [Times: user=0.00 sys=0.00, real=0.00 secs] 
27.951: [CMS-concurrent-mark-start]
27.951: [GC (Allocation Failure) 27.951: [ParNew: 0K->0K(3072K), 0.0002633 secs]27.952: [CMS27.960: [CMS-concurrent-mark: 0.001/0.009 secs] [Times: user=0.00 sys=0.00, real=0.01 secs] 
 (concurrent mode failure): 4993K->897K(6848K), 0.0120158 secs] 4993K->897K(9920K), [Metaspace: 3664K->3664K(1056768K)], 0.0123723 secs] [Times: user=0.00 sys=0.00, real=0.01 secs] 
27.964: [GC (Allocation Failure) 27.964: [ParNew: 0K->0K(3072K), 0.0003031 secs]27.965: [CMS: 4993K->897K(6848K), 0.0034680 secs] 4993K->897K(9920K), [Metaspace: 3664K->3664K(1056768K)], 0.0038838 secs] [Times: user=0.00 sys=0.00, real=0.00 secs] 
27.969: [GC (CMS Initial Mark) [1 CMS-initial-mark: 4993K(6848K)] 4993K(9920K), 0.0001819 secs] [Times: user=0.00 sys=0.00, real=0.00 secs] 
27.969: [CMS-concurrent-mark-start]
27.969: [GC (Allocation Failure) 27.969: [ParNew: 0K->0K(3072K), 0.0002957 secs]27.969: [CMS27.975: [CMS-concurrent-mark: 0.001/0.006 secs] [Times: user=0.00 sys=0.00, real=0.01 secs] 
 (concurrent mode failure): 4993K->897K(6848K), 0.0083481 secs] 4993K->897K(9920K), [Metaspace: 3664K->3664K(1056768K)], 0.0087412 secs] [Times: user=0.00 sys=0.00, real=0.01 secs] 
27.978: [GC (Allocation Failure) 27.978: [ParNew: 0K->0K(3072K), 0.0002526 secs]27.978: [CMS: 4993K->897K(6848K), 0.0018573 secs] 4993K->897K(9920K), [Metaspace: 3664K->3664K(1056768K)], 0.0021805 secs] [Times: user=0.00 sys=0.00, real=0.00 secs] 
27.981: [GC (CMS Initial Mark) [1 CMS-initial-mark: 4993K(6848K)] 4993K(9920K), 0.0001315 secs] [Times: user=0.00 sys=0.00, real=0.00 secs] 
27.981: [CMS-concurrent-mark-start]
27.981: [GC (Allocation Failure) 27.981: [ParNew: 0K->0K(3072K), 0.0002759 secs]27.981: [CMS27.990: [CMS-concurrent-mark: 0.002/0.009 secs] [Times: user=0.03 sys=0.00, real=0.01 secs] 
 (concurrent mode failure): 4993K->897K(6848K), 0.0110217 secs] 4993K->897K(9920K), [Metaspace: 3664K->3664K(1056768K)], 0.0113899 secs] [Times: user=0.03 sys=0.00, real=0.01 secs] 
27.993: [GC (Allocation Failure) 27.993: [ParNew: 0K->0K(3072K), 0.0002610 secs]27.993: [CMS: 4993K->897K(6848K), 0.0028498 secs] 4993K->897K(9920K), [Metaspace: 3664K->3664K(1056768K)], 0.0032152 secs] [Times: user=0.00 sys=0.00, real=0.00 secs] 
27.996: [GC (CMS Initial Mark) [1 CMS-initial-mark: 4993K(6848K)] 4993K(9920K), 0.0001958 secs] [Times: user=0.00 sys=0.00, real=0.00 secs] 
27.997: [CMS-concurrent-mark-start]
27.997: [GC (Allocation Failure) 27.997: [ParNew: 0K->0K(3072K), 0.0002997 secs]27.997: [CMS28.005: [CMS-concurrent-mark: 0.001/0.008 secs] [Times: user=0.03 sys=0.00, real=0.01 secs] 
 (concurrent mode failure): 4993K->897K(6848K), 0.0106342 secs] 4993K->897K(9920K), [Metaspace: 3664K->3664K(1056768K)], 0.0110226 secs] [Times: user=0.03 sys=0.00, real=0.01 secs] 
28.008: [GC (Allocation Failure) 28.008: [ParNew: 0K->0K(3072K), 0.0002672 secs]28.009: [CMS: 4993K->897K(6848K), 0.0026866 secs] 4993K->897K(9920K), [Metaspace: 3664K->3664K(1056768K)], 0.0030295 secs] [Times: user=0.00 sys=0.00, real=0.00 secs] 
28.012: [GC (CMS Initial Mark) [1 CMS-initial-mark: 4993K(6848K)] 4993K(9920K), 0.0001453 secs] [Times: user=0.00 sys=0.00, real=0.00 secs] 
28.012: [CMS-concurrent-mark-start]
28.012: [GC (Allocation Failure) 28.012: [ParNew: 0K->0K(3072K), 0.0003135 secs]28.012: [CMS28.021: [CMS-concurrent-mark: 0.001/0.009 secs] [Times: user=0.03 sys=0.00, real=0.01 secs] 
 (concurrent mode failure): 4993K->897K(6848K), 0.0118116 secs] 4993K->897K(9920K), [Metaspace: 3664K->3664K(1056768K)], 0.0122299 secs] [Times: user=0.03 sys=0.00, real=0.01 secs] 
28.025: [GC (Allocation Failure) 28.025: [ParNew: 0K->0K(3072K), 0.0002163 secs]28.025: [CMS: 4993K->897K(6848K), 0.0022628 secs] 4993K->897K(9920K), [Metaspace: 3664K->3664K(1056768K)], 0.0025539 secs] [Times: user=0.00 sys=0.00, real=0.00 secs] 
28.027: [GC (CMS Initial Mark) [1 CMS-initial-mark: 4993K(6848K)] 4993K(9920K), 0.0001384 secs] [Times: user=0.00 sys=0.00, real=0.00 secs] 
28.028: [CMS-concurrent-mark-start]
28.028: [GC (Allocation Failure) 28.028: [ParNew: 0K->0K(3072K), 0.0002359 secs]28.028: [CMS28.036: [CMS-concurrent-mark: 0.001/0.008 secs] [Times: user=0.00 sys=0.00, real=0.01 secs] 
 (concurrent mode failure): 4993K->897K(6848K), 0.0099773 secs] 4993K->897K(9920K), [Metaspace: 3664K->3664K(1056768K)], 0.0102830 secs] [Times: user=0.02 sys=0.00, real=0.01 secs] 
28.038: [GC (Allocation Failure) 28.038: [ParNew: 0K->0K(3072K), 0.0002197 secs]28.039: [CMS: 4993K->897K(6848K), 0.0017529 secs] 4993K->897K(9920K), [Metaspace: 3664K->3664K(1056768K)], 0.0020334 secs] [Times: user=0.00 sys=0.00, real=0.00 secs] 
28.041: [GC (CMS Initial Mark) [1 CMS-initial-mark: 4993K(6848K)] 4993K(9920K), 0.0001199 secs] [Times: user=0.00 sys=0.00, real=0.00 secs] 
28.041: [CMS-concurrent-mark-start]
28.041: [GC (Allocation Failure) 28.041: [ParNew: 0K->0K(3072K), 0.0002236 secs]28.041: [CMS28.051: [CMS-concurrent-mark: 0.002/0.011 secs] [Times: user=0.00 sys=0.00, real=0.01 secs] 
 (concurrent mode failure): 4993K->897K(6848K), 0.0128421 secs] 4993K->897K(9920K), [Metaspace: 3664K->3664K(1056768K)], 0.0131351 secs] [Times: user=0.02 sys=0.00, real=0.01 secs] 
28.054: [GC (Allocation Failure) 28.054: [ParNew: 0K->0K(3072K), 0.0002475 secs]28.055: [CMS: 4993K->897K(6848K), 0.0016852 secs] 4993K->897K(9920K), [Metaspace: 3664K->3664K(1056768K)], 0.0019927 secs] [Times: user=0.00 sys=0.00, real=0.00 secs] 
28.057: [GC (CMS Initial Mark) [1 CMS-initial-mark: 4993K(6848K)] 4993K(9920K), 0.0000833 secs] [Times: user=0.00 sys=0.00, real=0.00 secs] 
28.057: [CMS-concurrent-mark-start]
28.057: [GC (Allocation Failure) 28.057: [ParNew: 0K->0K(3072K), 0.0001793 secs]28.057: [CMS28.067: [CMS-concurrent-mark: 0.002/0.010 secs] [Times: user=0.00 sys=0.00, real=0.01 secs] 
 (concurrent mode failure): 4993K->897K(6848K), 0.0123213 secs] 4993K->897K(9920K), [Metaspace: 3664K->3664K(1056768K)], 0.0125736 secs] [Times: user=0.02 sys=0.00, real=0.01 secs] 
28.070: [GC (Allocation Failure) 28.070: [ParNew: 0K->0K(3072K), 0.0002610 secs]28.070: [CMS: 4993K->897K(6848K), 0.0017194 secs] 4993K->897K(9920K), [Metaspace: 3664K->3664K(1056768K)], 0.0020373 secs] [Times: user=0.00 sys=0.00, real=0.00 secs] 
28.072: [GC (CMS Initial Mark) [1 CMS-initial-mark: 4993K(6848K)] 4993K(9920K), 0.0001144 secs] [Times: user=0.00 sys=0.00, real=0.00 secs] 
28.072: [CMS-concurrent-mark-start]
28.072: [GC (Allocation Failure) 28.073: [ParNew: 0K->0K(3072K), 0.0002361 secs]28.073: [CMS28.082: [CMS-concurrent-mark: 0.002/0.010 secs] [Times: user=0.00 sys=0.00, real=0.01 secs] 
 (concurrent mode failure): 4993K->897K(6848K), 0.0129512 secs] 4993K->897K(9920K), [Metaspace: 3664K->3664K(1056768K)], 0.0132648 secs] [Times: user=0.00 sys=0.00, real=0.01 secs] 
28.086: [GC (Allocation Failure) 28.086: [ParNew: 0K->0K(3072K), 0.0002987 secs]28.086: [CMS: 4993K->897K(6848K), 0.0027594 secs] 4993K->897K(9920K), [Metaspace: 3664K->3664K(1056768K)], 0.0031444 secs] [Times: user=0.00 sys=0.00, real=0.00 secs] 
28.090: [GC (CMS Initial Mark) [1 CMS-initial-mark: 4993K(6848K)] 4993K(9920K), 0.0002109 secs] [Times: user=0.00 sys=0.00, real=0.00 secs] 
28.090: [CMS-concurrent-mark-start]
28.090: [GC (Allocation Failure) 28.090: [ParNew: 0K->0K(3072K), 0.0003567 secs]28.090: [CMS28.098: [CMS-concurrent-mark: 0.002/0.008 secs] [Times: user=0.00 sys=0.00, real=0.01 secs] 
 (concurrent mode failure): 4993K->897K(6848K), 0.0121663 secs] 4993K->897K(9920K), [Metaspace: 3664K->3664K(1056768K)], 0.0126171 secs] [Times: user=0.02 sys=0.00, real=0.01 secs] 
28.103: [GC (Allocation Failure) 28.103: [ParNew: 0K->0K(3072K), 0.0003073 secs]28.103: [CMS: 4993K->897K(6848K), 0.0026807 secs] 4993K->897K(9920K), [Metaspace: 3664K->3664K(1056768K)], 0.0030741 secs] [Times: user=0.00 sys=0.00, real=0.00 secs] 
28.107: [GC (CMS Initial Mark) [1 CMS-initial-mark: 4993K(6848K)] 4993K(9920K), 0.0001290 secs] [Times: user=0.00 sys=0.00, real=0.00 secs] 
28.107: [CMS-concurrent-mark-start]
28.107: [GC (Allocation Failure) 28.107: [ParNew: 0K->0K(3072K), 0.0002066 secs]28.107: [CMS28.114: [CMS-concurrent-mark: 0.001/0.007 secs] [Times: user=0.00 sys=0.00, real=0.01 secs] 
 (concurrent mode failure): 4993K->897K(6848K), 0.0098319 secs] 4993K->897K(9920K), [Metaspace: 3664K->3664K(1056768K)], 0.0101119 secs] [Times: user=0.01 sys=0.00, real=0.01 secs] 
28.117: [GC (Allocation Failure) 28.117: [ParNew: 0K->0K(3072K), 0.0003997 secs]28.118: [CMS: 4993K->897K(6848K), 0.0025462 secs] 4993K->897K(9920K), [Metaspace: 3664K->3664K(1056768K)], 0.0030362 secs] [Times: user=0.00 sys=0.00, real=0.00 secs] 
28.121: [GC (CMS Initial Mark) [1 CMS-initial-mark: 4993K(6848K)] 4993K(9920K), 0.0001961 secs] [Times: user=0.00 sys=0.00, real=0.00 secs] 
28.121: [CMS-concurrent-mark-start]
28.121: [GC (Allocation Failure) 28.121: [ParNew: 0K->0K(3072K), 0.0003057 secs]28.121: [CMS28.129: [CMS-concurrent-mark: 0.001/0.008 secs] [Times: user=0.00 sys=0.00, real=0.01 secs] 
 (concurrent mode failure): 4993K->897K(6848K), 0.0112075 secs] 4993K->897K(9920K), [Metaspace: 3664K->3664K(1056768K)], 0.0115904 secs] [Times: user=0.02 sys=0.00, real=0.01 secs] 
28.133: [GC (Allocation Failure) 28.133: [ParNew: 0K->0K(3072K), 0.0002372 secs]28.133: [CMS: 4993K->897K(6848K), 0.0017928 secs] 4993K->897K(9920K), [Metaspace: 3664K->3664K(1056768K)], 0.0020973 secs] [Times: user=0.00 sys=0.00, real=0.00 secs] 
28.135: [GC (CMS Initial Mark) [1 CMS-initial-mark: 4993K(6848K)] 4993K(9920K), 0.0001156 secs] [Times: user=0.00 sys=0.00, real=0.00 secs] 
28.135: [CMS-concurrent-mark-start]
28.136: [GC (Allocation Failure) 28.136: [ParNew: 0K->0K(3072K), 0.0001969 secs]28.136: [CMS28.144: [CMS-concurrent-mark: 0.002/0.009 secs] [Times: user=0.00 sys=0.00, real=0.01 secs] 
 (concurrent mode failure): 4993K->897K(6848K), 0.0106991 secs] 4993K->897K(9920K), [Metaspace: 3664K->3664K(1056768K)], 0.0109730 secs] [Times: user=0.01 sys=0.00, real=0.01 secs] 
28.147: [GC (Allocation Failure) 28.147: [ParNew: 0K->0K(3072K), 0.0002538 secs]28.147: [CMS: 4993K->897K(6848K), 0.0025487 secs] 4993K->897K(9920K), [Metaspace: 3664K->3664K(1056768K)], 0.0028967 secs] [Times: user=0.00 sys=0.00, real=0.00 secs] 
28.150: [GC (CMS Initial Mark) [1 CMS-initial-mark: 4993K(6848K)] 4993K(9920K), 0.0001440 secs] [Times: user=0.00 sys=0.00, real=0.00 secs] 
28.150: [CMS-concurrent-mark-start]
28.150: [GC (Allocation Failure) 28.150: [ParNew: 0K->0K(3072K), 0.0002265 secs]28.151: [CMS28.160: [CMS-concurrent-mark: 0.002/0.010 secs] [Times: user=0.00 sys=0.00, real=0.01 secs] 
 (concurrent mode failure): 4993K->897K(6848K), 0.0119567 secs] 4993K->897K(9920K), [Metaspace: 3664K->3664K(1056768K)], 0.0122571 secs] [Times: user=0.02 sys=0.00, real=0.01 secs] 
28.163: [GC (Allocation Failure) 28.163: [ParNew: 0K->0K(3072K), 0.0002180 secs]28.163: [CMS: 4993K->897K(6848K), 0.0027262 secs] 4993K->897K(9920K), [Metaspace: 3664K->3664K(1056768K)], 0.0030195 secs] [Times: user=0.00 sys=0.00, real=0.00 secs] 
28.166: [GC (CMS Initial Mark) [1 CMS-initial-mark: 4993K(6848K)] 4993K(9920K), 0.0001599 secs] [Times: user=0.00 sys=0.00, real=0.00 secs] 
28.167: [CMS-concurrent-mark-start]
28.167: [GC (Allocation Failure) 28.167: [ParNew: 0K->0K(3072K), 0.0002300 secs]28.167: [CMS28.175: [CMS-concurrent-mark: 0.001/0.009 secs] [Times: user=0.00 sys=0.00, real=0.01 secs] 
 (concurrent mode failure): 4993K->897K(6848K), 0.0107058 secs] 4993K->897K(9920K), [Metaspace: 3664K->3664K(1056768K)], 0.0110156 secs] [Times: user=0.02 sys=0.00, real=0.01 secs] 
28.178: [GC (Allocation Failure) 28.178: [ParNew: 0K->0K(3072K), 0.0002178 secs]28.178: [CMS: 4993K->897K(6848K), 0.0017685 secs] 4993K->897K(9920K), [Metaspace: 3664K->3664K(1056768K)], 0.0020451 secs] [Times: user=0.00 sys=0.00, real=0.00 secs] 
28.180: [GC (CMS Initial Mark) [1 CMS-initial-mark: 4993K(6848K)] 4993K(9920K), 0.0000955 secs] [Times: user=0.00 sys=0.00, real=0.00 secs] 
28.180: [CMS-concurrent-mark-start]
28.181: [GC (Allocation Failure) 28.181: [ParNew: 0K->0K(3072K), 0.0002743 secs]28.181: [CMS28.191: [CMS-concurrent-mark: 0.002/0.010 secs] [Times: user=0.00 sys=0.00, real=0.01 secs] 
 (concurrent mode failure): 4993K->897K(6848K), 0.0126638 secs] 4993K->897K(9920K), [Metaspace: 3664K->3664K(1056768K)], 0.0130309 secs] [Times: user=0.02 sys=0.00, real=0.01 secs] 
28.194: [GC (Allocation Failure) 28.194: [ParNew: 0K->0K(3072K), 0.0002335 secs]28.194: [CMS: 4993K->897K(6848K), 0.0019543 secs] 4993K->897K(9920K), [Metaspace: 3664K->3664K(1056768K)], 0.0022644 secs] [Times: user=0.00 sys=0.00, real=0.00 secs] 
28.196: [GC (CMS Initial Mark) [1 CMS-initial-mark: 4993K(6848K)] 4993K(9920K), 0.0000803 secs] [Times: user=0.00 sys=0.00, real=0.00 secs] 
28.197: [CMS-concurrent-mark-start]
28.197: [GC (Allocation Failure) 28.197: [ParNew: 0K->0K(3072K), 0.0002063 secs]28.197: [CMS28.207: [CMS-concurrent-mark: 0.002/0.010 secs] [Times: user=0.00 sys=0.00, real=0.01 secs] 
 (concurrent mode failure): 4993K->897K(6848K), 0.0122263 secs] 4993K->897K(9920K), [Metaspace: 3664K->3664K(1056768K)], 0.0124993 secs] [Times: user=0.02 sys=0.00, real=0.01 secs] 
28.210: [GC (Allocation Failure) 28.210: [ParNew: 0K->0K(3072K), 0.0002080 secs]28.210: [CMS: 4993K->897K(6848K), 0.0017650 secs] 4993K->897K(9920K), [Metaspace: 3664K->3664K(1056768K)], 0.0020428 secs] [Times: user=0.00 sys=0.00, real=0.00 secs] 
28.212: [GC (CMS Initial Mark) [1 CMS-initial-mark: 4993K(6848K)] 4993K(9920K), 0.0001357 secs] [Times: user=0.00 sys=0.00, real=0.00 secs] 
28.212: [CMS-concurrent-mark-start]
28.212: [GC (Allocation Failure) 28.212: [ParNew: 0K->0K(3072K), 0.0002378 secs]28.212: [CMS28.222: [CMS-concurrent-mark: 0.002/0.010 secs] [Times: user=0.00 sys=0.00, real=0.01 secs] 
 (concurrent mode failure): 4993K->897K(6848K), 0.0120367 secs] 4993K->897K(9920K), [Metaspace: 3664K->3664K(1056768K)], 0.0123457 secs] [Times: user=0.02 sys=0.00, real=0.01 secs] 
28.225: [GC (Allocation Failure) 28.225: [ParNew: 0K->0K(3072K), 0.0002259 secs]28.225: [CMS: 4993K->897K(6848K), 0.0018996 secs] 4993K->897K(9920K), [Metaspace: 3664K->3664K(1056768K)], 0.0022062 secs] [Times: user=0.00 sys=0.00, real=0.00 secs] 
28.227: [GC (CMS Initial Mark) [1 CMS-initial-mark: 4993K(6848K)] 4993K(9920K), 0.0001053 secs] [Times: user=0.00 sys=0.00, real=0.00 secs] 
28.227: [CMS-concurrent-mark-start]
28.228: [GC (Allocation Failure) 28.228: [ParNew: 0K->0K(3072K), 0.0002157 secs]28.228: [CMS28.237: [CMS-concurrent-mark: 0.001/0.010 secs] [Times: user=0.00 sys=0.00, real=0.01 secs] 
 (concurrent mode failure): 4993K->897K(6848K), 0.0117121 secs] 4993K->897K(9920K), [Metaspace: 3664K->3664K(1056768K)], 0.0120219 secs] [Times: user=0.01 sys=0.00, real=0.01 secs] 
28.240: [GC (Allocation Failure) 28.240: [ParNew: 0K->0K(3072K), 0.0002467 secs]28.240: [CMS: 4993K->897K(6848K), 0.0017849 secs] 4993K->897K(9920K), [Metaspace: 3664K->3664K(1056768K)], 0.0020895 secs] [Times: user=0.00 sys=0.00, real=0.00 secs] 
28.242: [GC (CMS Initial Mark) [1 CMS-initial-mark: 4993K(6848K)] 4993K(9920K), 0.0001213 secs] [Times: user=0.00 sys=0.00, real=0.00 secs] 
28.242: [CMS-concurrent-mark-start]
28.243: [GC (Allocation Failure) 28.243: [ParNew: 0K->0K(3072K), 0.0003271 secs]28.243: [CMS28.253: [CMS-concurrent-mark: 0.001/0.010 secs] [Times: user=0.00 sys=0.00, real=0.01 secs] 
 (concurrent mode failure): 4993K->897K(6848K), 0.0122152 secs] 4993K->897K(9920K), [Metaspace: 3664K->3664K(1056768K)], 0.0126317 secs] [Times: user=0.02 sys=0.00, real=0.01 secs] 
28.256: [GC (Allocation Failure) 28.256: [ParNew: 0K->0K(3072K), 0.0002304 secs]28.256: [CMS: 4993K->897K(6848K), 0.0019803 secs] 4993K->897K(9920K), [Metaspace: 3664K->3664K(1056768K)], 0.0022969 secs] [Times: user=0.00 sys=0.00, real=0.00 secs] 
28.258: [GC (CMS Initial Mark) [1 CMS-initial-mark: 4993K(6848K)] 4993K(9920K), 0.0001106 secs] [Times: user=0.00 sys=0.00, real=0.00 secs] 
28.258: [CMS-concurrent-mark-start]
28.258: [GC (Allocation Failure) 28.258: [ParNew: 0K->0K(3072K), 0.0002036 secs]28.259: [CMS28.269: [CMS-concurrent-mark: 0.001/0.010 secs] [Times: user=0.00 sys=0.00, real=0.01 secs] 
 (concurrent mode failure): 4993K->897K(6848K), 0.0125906 secs] 4993K->897K(9920K), [Metaspace: 3664K->3664K(1056768K)], 0.0128725 secs] [Times: user=0.01 sys=0.00, real=0.01 secs] 
28.272: [GC (Allocation Failure) 28.272: [ParNew: 0K->0K(3072K), 0.0002292 secs]28.272: [CMS: 4993K->897K(6848K), 0.0018773 secs] 4993K->897K(9920K), [Metaspace: 3664K->3664K(1056768K)], 0.0021665 secs] [Times: user=0.00 sys=0.00, real=0.00 secs] 
28.274: [GC (CMS Initial Mark) [1 CMS-initial-mark: 4993K(6848K)] 4993K(9920K), 0.0001231 secs] [Times: user=0.00 sys=0.00, real=0.00 secs] 
28.274: [CMS-concurrent-mark-start]
28.274: [GC (Allocation Failure) 28.274: [ParNew: 0K->0K(3072K), 0.0002133 secs]28.275: [CMS28.285: [CMS-concurrent-mark: 0.001/0.010 secs] [Times: user=0.00 sys=0.00, real=0.01 secs] 
 (concurrent mode failure): 4993K->897K(6848K), 0.0122883 secs] 4993K->897K(9920K), [Metaspace: 3664K->3664K(1056768K)], 0.0125717 secs] [Times: user=0.02 sys=0.00, real=0.01 secs] 
28.287: [GC (Allocation Failure) 28.287: [ParNew: 0K->0K(3072K), 0.0002333 secs]28.288: [CMS: 4993K->897K(6848K), 0.0018388 secs] 4993K->897K(9920K), [Metaspace: 3664K->3664K(1056768K)], 0.0021354 secs] [Times: user=0.00 sys=0.00, real=0.00 secs] 
28.290: [GC (CMS Initial Mark) [1 CMS-initial-mark: 4993K(6848K)] 4993K(9920K), 0.0001243 secs] [Times: user=0.00 sys=0.00, real=0.00 secs] 
28.290: [CMS-concurrent-mark-start]
28.290: [GC (Allocation Failure) 28.290: [ParNew: 0K->0K(3072K), 0.0002135 secs]28.290: [CMS28.300: [CMS-concurrent-mark: 0.002/0.011 secs] [Times: user=0.00 sys=0.00, real=0.01 secs] 
 (concurrent mode failure): 4993K->897K(6848K), 0.0129791 secs] 4993K->897K(9920K), [Metaspace: 3664K->3664K(1056768K)], 0.0132735 secs] [Times: user=0.02 sys=0.00, real=0.01 secs] 
28.304: [GC (Allocation Failure) 28.304: [ParNew: 0K->0K(3072K), 0.0003200 secs]28.304: [CMS: 4993K->897K(6848K), 0.0027578 secs] 4993K->897K(9920K), [Metaspace: 3664K->3664K(1056768K)], 0.0031706 secs] [Times: user=0.00 sys=0.00, real=0.00 secs] 
28.307: [GC (CMS Initial Mark) [1 CMS-initial-mark: 4993K(6848K)] 4993K(9920K), 0.0001157 secs] [Times: user=0.00 sys=0.00, real=0.00 secs] 
28.307: [CMS-concurrent-mark-start]
28.307: [GC (Allocation Failure) 28.307: [ParNew: 0K->0K(3072K), 0.0002363 secs]28.308: [CMS28.316: [CMS-concurrent-mark: 0.002/0.009 secs] [Times: user=0.00 sys=0.00, real=0.01 secs] 
 (concurrent mode failure): 4993K->897K(6848K), 0.0111524 secs] 4993K->897K(9920K), [Metaspace: 3664K->3664K(1056768K)], 0.0114698 secs] [Times: user=0.02 sys=0.00, real=0.01 secs] 
28.319: [GC (Allocation Failure) 28.319: [ParNew: 0K->0K(3072K), 0.0002222 secs]28.319: [CMS: 4993K->897K(6848K), 0.0020268 secs] 4993K->897K(9920K), [Metaspace: 3664K->3664K(1056768K)], 0.0023183 secs] [Times: user=0.00 sys=0.00, real=0.00 secs] 
28.322: [GC (CMS Initial Mark) [1 CMS-initial-mark: 4993K(6848K)] 4993K(9920K), 0.0001556 secs] [Times: user=0.00 sys=0.00, real=0.00 secs] 
28.322: [CMS-concurrent-mark-start]
28.322: [GC (Allocation Failure) 28.322: [ParNew: 0K->0K(3072K), 0.0002351 secs]28.322: [CMS28.331: [CMS-concurrent-mark: 0.002/0.009 secs] [Times: user=0.00 sys=0.00, real=0.01 secs] 
 (concurrent mode failure): 4993K->897K(6848K), 0.0131182 secs] 4993K->897K(9920K), [Metaspace: 3664K->3664K(1056768K)], 0.0134305 secs] [Times: user=0.02 sys=0.00, real=0.01 secs] 
28.336: [GC (Allocation Failure) 28.336: [ParNew: 0K->0K(3072K), 0.0003290 secs]28.336: [CMS: 4993K->897K(6848K), 0.0031064 secs] 4993K->897K(9920K), [Metaspace: 3664K->3664K(1056768K)], 0.0035273 secs] [Times: user=0.00 sys=0.00, real=0.00 secs] 
28.340: [GC (CMS Initial Mark) [1 CMS-initial-mark: 4993K(6848K)] 4993K(9920K), 0.0002582 secs] [Times: user=0.00 sys=0.00, real=0.00 secs] 
28.340: [CMS-concurrent-mark-start]
28.340: [GC (Allocation Failure) 28.340: [ParNew: 0K->0K(3072K), 0.0002504 secs]28.340: [CMS28.347: [CMS-concurrent-mark: 0.002/0.007 secs] [Times: user=0.00 sys=0.00, real=0.01 secs] 
 (concurrent mode failure): 4993K->897K(6848K), 0.0106576 secs] 4993K->897K(9920K), [Metaspace: 3664K->3664K(1056768K)], 0.0110063 secs] [Times: user=0.02 sys=0.00, real=0.01 secs] 
28.352: [GC (Allocation Failure) 28.352: [ParNew: 0K->0K(3072K), 0.0002758 secs]28.352: [CMS: 4993K->897K(6848K), 0.0023337 secs] 4993K->897K(9920K), [Metaspace: 3664K->3664K(1056768K)], 0.0026999 secs] [Times: user=0.00 sys=0.00, real=0.00 secs] 
28.355: [GC (CMS Initial Mark) [1 CMS-initial-mark: 4993K(6848K)] 4993K(9920K), 0.0001800 secs] [Times: user=0.00 sys=0.00, real=0.00 secs] 
28.355: [CMS-concurrent-mark-start]
28.355: [GC (Allocation Failure) 28.355: [ParNew: 0K->0K(3072K), 0.0003231 secs]28.355: [CMS28.363: [CMS-concurrent-mark: 0.002/0.008 secs] [Times: user=0.00 sys=0.00, real=0.01 secs] 
 (concurrent mode failure): 4993K->897K(6848K), 0.0115389 secs] 4993K->897K(9920K), [Metaspace: 3664K->3664K(1056768K)], 0.0119623 secs] [Times: user=0.01 sys=0.00, real=0.01 secs] 
28.367: [GC (Allocation Failure) 28.367: [ParNew: 0K->0K(3072K), 0.0003147 secs]28.368: [CMS: 4993K->897K(6848K), 0.0026800 secs] 4993K->897K(9920K), [Metaspace: 3664K->3664K(1056768K)], 0.0030718 secs] [Times: user=0.00 sys=0.00, real=0.00 secs] 
28.371: [GC (CMS Initial Mark) [1 CMS-initial-mark: 4993K(6848K)] 4993K(9920K), 0.0001345 secs] [Times: user=0.00 sys=0.00, real=0.00 secs] 
28.371: [CMS-concurrent-mark-start]
28.371: [GC (Allocation Failure) 28.371: [ParNew: 0K->0K(3072K), 0.0004277 secs]28.372: [CMS28.378: [CMS-concurrent-mark: 0.001/0.007 secs] [Times: user=0.00 sys=0.00, real=0.01 secs] 
 (concurrent mode failure): 4993K->897K(6848K), 0.0089616 secs] 4993K->897K(9920K), [Metaspace: 3664K->3664K(1056768K)], 0.0094834 secs] [Times: user=0.02 sys=0.00, real=0.01 secs] 
28.381: [GC (Allocation Failure) 28.381: [ParNew: 0K->0K(3072K), 0.0002602 secs]28.381: [CMS: 4993K->897K(6848K), 0.0035483 secs] 4993K->897K(9920K), [Metaspace: 3664K->3664K(1056768K)], 0.0038994 secs] [Times: user=0.00 sys=0.00, real=0.00 secs] 
28.385: [GC (CMS Initial Mark) [1 CMS-initial-mark: 4993K(6848K)] 4993K(9920K), 0.0001958 secs] [Times: user=0.00 sys=0.00, real=0.00 secs] 
28.386: [CMS-concurrent-mark-start]
28.386: [GC (Allocation Failure) 28.386: [ParNew: 0K->0K(3072K), 0.0003734 secs]28.386: [CMS28.393: [CMS-concurrent-mark: 0.001/0.008 secs] [Times: user=0.00 sys=0.00, real=0.01 secs] 
 (concurrent mode failure): 4993K->897K(6848K), 0.0095356 secs] 4993K->897K(9920K), [Metaspace: 3664K->3664K(1056768K)], 0.0099824 secs] [Times: user=0.00 sys=0.00, real=0.01 secs] 
28.396: [GC (Allocation Failure) 28.396: [ParNew: 0K->0K(3072K), 0.0002229 secs]28.396: [CMS: 4993K->897K(6848K), 0.0029051 secs] 4993K->897K(9920K), [Metaspace: 3664K->3664K(1056768K)], 0.0032855 secs] [Times: user=0.00 sys=0.00, real=0.00 secs] 
28.400: [GC (CMS Initial Mark) [1 CMS-initial-mark: 4993K(6848K)] 4993K(9920K), 0.0002754 secs] [Times: user=0.00 sys=0.00, real=0.00 secs] 
28.400: [CMS-concurrent-mark-start]
28.400: [GC (Allocation Failure) 28.400: [ParNew: 0K->0K(3072K), 0.0002072 secs]28.400: [CMS28.408: [CMS-concurrent-mark: 0.002/0.008 secs] [Times: user=0.00 sys=0.00, real=0.01 secs] 
 (concurrent mode failure): 4993K->897K(6848K), 0.0105580 secs] 4993K->897K(9920K), [Metaspace: 3664K->3664K(1056768K)], 0.0108481 secs] [Times: user=0.02 sys=0.00, real=0.01 secs] 
28.411: [GC (Allocation Failure) 28.411: [ParNew: 0K->0K(3072K), 0.0002827 secs]28.412: [CMS: 4993K->897K(6848K), 0.0023019 secs] 4993K->897K(9920K), [Metaspace: 3664K->3664K(1056768K)], 0.0026746 secs] [Times: user=0.00 sys=0.00, real=0.00 secs] 
28.414: [GC (CMS Initial Mark) [1 CMS-initial-mark: 4993K(6848K)] 4993K(9920K), 0.0000968 secs] [Times: user=0.00 sys=0.00, real=0.00 secs] 
28.414: [CMS-concurrent-mark-start]
28.415: [GC (Allocation Failure) 28.415: [ParNew: 0K->0K(3072K), 0.0002681 secs]28.415: [CMS28.423: [CMS-concurrent-mark: 0.002/0.009 secs] [Times: user=0.00 sys=0.00, real=0.01 secs] 
 (concurrent mode failure): 4993K->897K(6848K), 0.0104730 secs] 4993K->897K(9920K), [Metaspace: 3664K->3664K(1056768K)], 0.0108166 secs] [Times: user=0.00 sys=0.00, real=0.01 secs] 
28.426: [GC (Allocation Failure) 28.426: [ParNew: 0K->0K(3072K), 0.0002601 secs]28.426: [CMS: 4993K->897K(6848K), 0.0017078 secs] 4993K->897K(9920K), [Metaspace: 3664K->3664K(1056768K)], 0.0020297 secs] [Times: user=0.02 sys=0.00, real=0.00 secs] 
28.428: [GC (CMS Initial Mark) [1 CMS-initial-mark: 4993K(6848K)] 4993K(9920K), 0.0001569 secs] [Times: user=0.00 sys=0.00, real=0.00 secs] 
28.428: [CMS-concurrent-mark-start]
28.429: [GC (Allocation Failure) 28.429: [ParNew: 0K->0K(3072K), 0.0002535 secs]28.429: [CMS28.439: [CMS-concurrent-mark: 0.001/0.011 secs] [Times: user=0.00 sys=0.00, real=0.01 secs] 
 (concurrent mode failure): 4993K->897K(6848K), 0.0124292 secs] 4993K->897K(9920K), [Metaspace: 3664K->3664K(1056768K)], 0.0127521 secs] [Times: user=0.00 sys=0.00, real=0.01 secs] 
28.442: [GC (Allocation Failure) 28.442: [ParNew: 0K->0K(3072K), 0.0002623 secs]28.442: [CMS: 4993K->897K(6848K), 0.0018965 secs] 4993K->897K(9920K), [Metaspace: 3664K->3664K(1056768K)], 0.0022359 secs] [Times: user=0.02 sys=0.00, real=0.00 secs] 
28.444: [GC (CMS Initial Mark) [1 CMS-initial-mark: 4993K(6848K)] 4993K(9920K), 0.0001136 secs] [Times: user=0.00 sys=0.00, real=0.00 secs] 
28.444: [CMS-concurrent-mark-start]
28.444: [GC (Allocation Failure) 28.444: [ParNew: 0K->0K(3072K), 0.0002259 secs]28.445: [CMS28.454: [CMS-concurrent-mark: 0.001/0.010 secs] [Times: user=0.00 sys=0.00, real=0.01 secs] 
 (concurrent mode failure): 4993K->897K(6848K), 0.0116609 secs] 4993K->897K(9920K), [Metaspace: 3664K->3664K(1056768K)], 0.0119745 secs] [Times: user=0.00 sys=0.00, real=0.01 secs] 
28.457: [GC (Allocation Failure) 28.457: [ParNew: 0K->0K(3072K), 0.0002237 secs]28.457: [CMS: 4993K->897K(6848K), 0.0017788 secs] 4993K->897K(9920K), [Metaspace: 3664K->3664K(1056768K)], 0.0020658 secs] [Times: user=0.02 sys=0.00, real=0.00 secs] 
28.459: [GC (CMS Initial Mark) [1 CMS-initial-mark: 4993K(6848K)] 4993K(9920K), 0.0001266 secs] [Times: user=0.00 sys=0.00, real=0.00 secs] 
28.459: [CMS-concurrent-mark-start]
28.460: [GC (Allocation Failure) 28.460: [ParNew: 0K->0K(3072K), 0.0002353 secs]28.460: [CMS28.470: [CMS-concurrent-mark: 0.001/0.011 secs] [Times: user=0.00 sys=0.00, real=0.01 secs] 
 (concurrent mode failure): 4993K->897K(6848K), 0.0123587 secs] 4993K->897K(9920K), [Metaspace: 3664K->3664K(1056768K)], 0.0126585 secs] [Times: user=0.00 sys=0.00, real=0.01 secs] 
28.473: [GC (Allocation Failure) 28.473: [ParNew: 0K->0K(3072K), 0.0002703 secs]28.473: [CMS: 4993K->897K(6848K), 0.0019743 secs] 4993K->897K(9920K), [Metaspace: 3664K->3664K(1056768K)], 0.0023229 secs] [Times: user=0.02 sys=0.00, real=0.00 secs] 
28.475: [GC (CMS Initial Mark) [1 CMS-initial-mark: 4993K(6848K)] 4993K(9920K), 0.0001295 secs] [Times: user=0.00 sys=0.00, real=0.00 secs] 
28.475: [CMS-concurrent-mark-start]
28.475: [GC (Allocation Failure) 28.475: [ParNew: 0K->0K(3072K), 0.0002357 secs]28.476: [CMS28.485: [CMS-concurrent-mark: 0.001/0.010 secs] [Times: user=0.00 sys=0.00, real=0.01 secs] 
 (concurrent mode failure): 4993K->897K(6848K), 0.0116451 secs] 4993K->897K(9920K), [Metaspace: 3664K->3664K(1056768K)], 0.0119466 secs] [Times: user=0.00 sys=0.00, real=0.01 secs] 
28.488: [GC (Allocation Failure) 28.488: [ParNew: 0K->0K(3072K), 0.0001765 secs]28.488: [CMS: 4993K->897K(6848K), 0.0016142 secs] 4993K->897K(9920K), [Metaspace: 3664K->3664K(1056768K)], 0.0018463 secs] [Times: user=0.01 sys=0.00, real=0.00 secs] 
28.490: [GC (CMS Initial Mark) [1 CMS-initial-mark: 4993K(6848K)] 4993K(9920K), 0.0001118 secs] [Times: user=0.00 sys=0.00, real=0.00 secs] 
28.490: [CMS-concurrent-mark-start]
28.490: [GC (Allocation Failure) 28.490: [ParNew: 0K->0K(3072K), 0.0001812 secs]28.490: [CMS28.501: [CMS-concurrent-mark: 0.002/0.011 secs] [Times: user=0.00 sys=0.00, real=0.01 secs] 
 (concurrent mode failure): 4993K->897K(6848K), 0.0138178 secs] 4993K->897K(9920K), [Metaspace: 3664K->3664K(1056768K)], 0.0140702 secs] [Times: user=0.00 sys=0.00, real=0.01 secs] 
28.505: [GC (Allocation Failure) 28.505: [ParNew: 0K->0K(3072K), 0.0002425 secs]28.505: [CMS: 4993K->897K(6848K), 0.0019986 secs] 4993K->897K(9920K), [Metaspace: 3664K->3664K(1056768K)], 0.0023110 secs] [Times: user=0.00 sys=0.00, real=0.00 secs] 
28.507: [GC (CMS Initial Mark) [1 CMS-initial-mark: 4993K(6848K)] 4993K(9920K), 0.0001634 secs] [Times: user=0.00 sys=0.00, real=0.00 secs] 
28.508: [CMS-concurrent-mark-start]
28.508: [GC (Allocation Failure) 28.508: [ParNew: 0K->0K(3072K), 0.0003631 secs]28.508: [CMS28.516: [CMS-concurrent-mark: 0.002/0.009 secs] [Times: user=0.00 sys=0.00, real=0.01 secs] 
 (concurrent mode failure): 4993K->897K(6848K), 0.0107135 secs] 4993K->897K(9920K), [Metaspace: 3664K->3664K(1056768K)], 0.0111549 secs] [Times: user=0.00 sys=0.00, real=0.01 secs] 
28.519: [GC (Allocation Failure) 28.519: [ParNew: 0K->0K(3072K), 0.0002131 secs]28.519: [CMS: 4993K->897K(6848K), 0.0017302 secs] 4993K->897K(9920K), [Metaspace: 3664K->3664K(1056768K)], 0.0020171 secs] [Times: user=0.01 sys=0.00, real=0.00 secs] 
28.522: [GC (CMS Initial Mark) [1 CMS-initial-mark: 4993K(6848K)] 4993K(9920K), 0.0002458 secs] [Times: user=0.00 sys=0.00, real=0.00 secs] 
28.522: [CMS-concurrent-mark-start]
28.522: [GC (Allocation Failure) 28.522: [ParNew: 0K->0K(3072K), 0.0002342 secs]28.522: [CMS28.531: [CMS-concurrent-mark: 0.001/0.009 secs] [Times: user=0.00 sys=0.00, real=0.01 secs] 
 (concurrent mode failure): 4993K->897K(6848K), 0.0121762 secs] 4993K->897K(9920K), [Metaspace: 3664K->3664K(1056768K)], 0.0124949 secs] [Times: user=0.00 sys=0.00, real=0.01 secs] 
28.535: [GC (Allocation Failure) 28.535: [ParNew: 0K->0K(3072K), 0.0002826 secs]28.535: [CMS: 4993K->897K(6848K), 0.0019505 secs] 4993K->897K(9920K), [Metaspace: 3664K->3664K(1056768K)], 0.0022983 secs] [Times: user=0.02 sys=0.00, real=0.00 secs] 
28.537: [GC (CMS Initial Mark) [1 CMS-initial-mark: 4993K(6848K)] 4993K(9920K), 0.0001772 secs] [Times: user=0.00 sys=0.00, real=0.00 secs] 
28.538: [CMS-concurrent-mark-start]
28.538: [GC (Allocation Failure) 28.538: [ParNew: 0K->0K(3072K), 0.0002631 secs]28.538: [CMS28.548: [CMS-concurrent-mark: 0.002/0.010 secs] [Times: user=0.00 sys=0.00, real=0.01 secs] 
 (concurrent mode failure): 4993K->897K(6848K), 0.0122799 secs] 4993K->897K(9920K), [Metaspace: 3664K->3664K(1056768K)], 0.0126201 secs] [Times: user=0.00 sys=0.00, real=0.01 secs] 
28.551: [GC (Allocation Failure) 28.551: [ParNew: 0K->0K(3072K), 0.0004311 secs]28.551: [CMS: 4993K->897K(6848K), 0.0018228 secs] 4993K->897K(9920K), [Metaspace: 3664K->3664K(1056768K)], 0.0023304 secs] [Times: user=0.02 sys=0.00, real=0.00 secs] 
28.553: [GC (CMS Initial Mark) [1 CMS-initial-mark: 4993K(6848K)] 4993K(9920K), 0.0001621 secs] [Times: user=0.00 sys=0.00, real=0.00 secs] 
28.554: [CMS-concurrent-mark-start]
28.554: [GC (Allocation Failure) 28.554: [ParNew: 0K->0K(3072K), 0.0002583 secs]28.554: [CMS28.563: [CMS-concurrent-mark: 0.002/0.010 secs] [Times: user=0.00 sys=0.00, real=0.01 secs] 
 (concurrent mode failure): 4993K->897K(6848K), 0.0125558 secs] 4993K->897K(9920K), [Metaspace: 3664K->3664K(1056768K)], 0.0129105 secs] [Times: user=0.00 sys=0.00, real=0.01 secs] 
28.567: [GC (Allocation Failure) 28.567: [ParNew: 0K->0K(3072K), 0.0002618 secs]28.567: [CMS: 4993K->897K(6848K), 0.0026058 secs] 4993K->897K(9920K), [Metaspace: 3664K->3664K(1056768K)], 0.0029635 secs] [Times: user=0.02 sys=0.00, real=0.00 secs] 
28.570: [GC (CMS Initial Mark) [1 CMS-initial-mark: 4993K(6848K)] 4993K(9920K), 0.0001179 secs] [Times: user=0.00 sys=0.00, real=0.00 secs] 
28.570: [CMS-concurrent-mark-start]
28.571: [GC (Allocation Failure) 28.571: [ParNew: 0K->0K(3072K), 0.0002496 secs]28.571: [CMS28.578: [CMS-concurrent-mark: 0.001/0.008 secs] [Times: user=0.00 sys=0.00, real=0.01 secs] 
 (concurrent mode failure): 4993K->897K(6848K), 0.0093265 secs] 4993K->897K(9920K), [Metaspace: 3664K->3664K(1056768K)], 0.0096460 secs] [Times: user=0.00 sys=0.00, real=0.01 secs] 
28.581: [GC (Allocation Failure) 28.581: [ParNew: 0K->0K(3072K), 0.0003045 secs]28.581: [CMS: 4993K->897K(6848K), 0.0033089 secs] 4993K->897K(9920K), [Metaspace: 3664K->3664K(1056768K)], 0.0037084 secs] [Times: user=0.02 sys=0.00, real=0.00 secs] 
28.585: [GC (CMS Initial Mark) [1 CMS-initial-mark: 4993K(6848K)] 4993K(9920K), 0.0000811 secs] [Times: user=0.00 sys=0.00, real=0.00 secs] 
28.585: [CMS-concurrent-mark-start]
28.585: [GC (Allocation Failure) 28.585: [ParNew: 0K->0K(3072K), 0.0002326 secs]28.585: [CMS28.594: [CMS-concurrent-mark: 0.001/0.010 secs] [Times: user=0.00 sys=0.00, real=0.01 secs] 
 (concurrent mode failure): 4993K->897K(6848K), 0.0112673 secs] 4993K->897K(9920K), [Metaspace: 3664K->3664K(1056768K)], 0.0115673 secs] [Times: user=0.00 sys=0.00, real=0.01 secs] 
28.597: [GC (Allocation Failure) 28.597: [ParNew: 0K->0K(3072K), 0.0003238 secs]28.597: [CMS: 4993K->897K(6848K), 0.0030198 secs] 4993K->897K(9920K), [Metaspace: 3664K->3664K(1056768K)], 0.0034256 secs] [Times: user=0.02 sys=0.00, real=0.00 secs] 
28.601: [GC (CMS Initial Mark) [1 CMS-initial-mark: 4993K(6848K)] 4993K(9920K), 0.0001278 secs] [Times: user=0.00 sys=0.00, real=0.00 secs] 
28.601: [CMS-concurrent-mark-start]
28.601: [GC (Allocation Failure) 28.601: [ParNew: 0K->0K(3072K), 0.0002532 secs]28.601: [CMS28.615: [CMS-concurrent-mark: 0.007/0.014 secs] [Times: user=0.03 sys=0.00, real=0.01 secs] 
 (concurrent mode failure): 4993K->897K(6848K), 0.0213515 secs] 4993K->897K(9920K), [Metaspace: 3664K->3664K(1056768K)], 0.0217166 secs] [Times: user=0.03 sys=0.00, real=0.02 secs] 
28.623: [GC (Allocation Failure) 28.623: [ParNew: 0K->0K(3072K), 0.0006388 secs]28.624: [CMS: 4993K->897K(6848K), 0.0038642 secs] 4993K->897K(9920K), [Metaspace: 3664K->3664K(1056768K)], 0.0046668 secs] [Times: user=0.00 sys=0.00, real=0.00 secs] 
28.628: [GC (CMS Initial Mark) [1 CMS-initial-mark: 4993K(6848K)] 4993K(9920K), 0.0001882 secs] [Times: user=0.00 sys=0.00, real=0.00 secs] 
28.629: [CMS-concurrent-mark-start]
28.629: [GC (Allocation Failure) 28.629: [ParNew: 0K->0K(3072K), 0.0003618 secs]28.629: [CMS28.642: [CMS-concurrent-mark: 0.002/0.013 secs] [Times: user=0.00 sys=0.00, real=0.01 secs] 
 (concurrent mode failure): 4993K->897K(6848K), 0.0157497 secs] 4993K->897K(9920K), [Metaspace: 3664K->3664K(1056768K)], 0.0162165 secs] [Times: user=0.00 sys=0.00, real=0.02 secs] 
28.645: [GC (Allocation Failure) 28.645: [ParNew: 0K->0K(3072K), 0.0002726 secs]28.646: [CMS: 4993K->897K(6848K), 0.0021252 secs] 4993K->897K(9920K), [Metaspace: 3664K->3664K(1056768K)], 0.0024769 secs] [Times: user=0.01 sys=0.00, real=0.00 secs] 
28.648: [GC (CMS Initial Mark) [1 CMS-initial-mark: 4993K(6848K)] 4993K(9920K), 0.0001413 secs] [Times: user=0.00 sys=0.00, real=0.00 secs] 
28.648: [CMS-concurrent-mark-start]
28.649: [GC (Allocation Failure) 28.649: [ParNew: 0K->0K(3072K), 0.0002316 secs]28.649: [CMS28.657: [CMS-concurrent-mark: 0.002/0.009 secs] [Times: user=0.00 sys=0.00, real=0.01 secs] 
 (concurrent mode failure): 4993K->897K(6848K), 0.0105684 secs] 4993K->897K(9920K), [Metaspace: 3664K->3664K(1056768K)], 0.0108722 secs] [Times: user=0.00 sys=0.00, real=0.01 secs] 
28.660: [GC (Allocation Failure) 28.660: [ParNew: 0K->0K(3072K), 0.0002304 secs]28.660: [CMS: 4993K->897K(6848K), 0.0019335 secs] 4993K->897K(9920K), [Metaspace: 3664K->3664K(1056768K)], 0.0022265 secs] [Times: user=0.02 sys=0.00, real=0.00 secs] 
28.662: [GC (CMS Initial Mark) [1 CMS-initial-mark: 4993K(6848K)] 4993K(9920K), 0.0001627 secs] [Times: user=0.00 sys=0.00, real=0.00 secs] 
28.663: [CMS-concurrent-mark-start]
28.663: [GC (Allocation Failure) 28.663: [ParNew: 0K->0K(3072K), 0.0002660 secs]28.663: [CMS28.672: [CMS-concurrent-mark: 0.001/0.010 secs] [Times: user=0.00 sys=0.00, real=0.01 secs] 
 (concurrent mode failure): 4993K->897K(6848K), 0.0116145 secs] 4993K->897K(9920K), [Metaspace: 3664K->3664K(1056768K)], 0.0119596 secs] [Times: user=0.00 sys=0.00, real=0.01 secs] 
28.675: [GC (Allocation Failure) 28.675: [ParNew: 0K->0K(3072K), 0.0002236 secs]28.675: [CMS: 4993K->897K(6848K), 0.0020529 secs] 4993K->897K(9920K), [Metaspace: 3664K->3664K(1056768K)], 0.0023475 secs] [Times: user=0.02 sys=0.00, real=0.00 secs] 
28.678: [GC (CMS Initial Mark) [1 CMS-initial-mark: 4993K(6848K)] 4993K(9920K), 0.0000948 secs] [Times: user=0.00 sys=0.00, real=0.00 secs] 
28.678: [CMS-concurrent-mark-start]
28.678: [GC (Allocation Failure) 28.678: [ParNew: 0K->0K(3072K), 0.0002434 secs]28.678: [CMS28.688: [CMS-concurrent-mark: 0.002/0.010 secs] [Times: user=0.00 sys=0.00, real=0.01 secs] 
 (concurrent mode failure): 4993K->897K(6848K), 0.0122586 secs] 4993K->897K(9920K), [Metaspace: 3664K->3664K(1056768K)], 0.0125675 secs] [Times: user=0.00 sys=0.00, real=0.01 secs] 
28.691: [GC (Allocation Failure) 28.691: [ParNew: 0K->0K(3072K), 0.0002260 secs]28.691: [CMS: 4993K->897K(6848K), 0.0019962 secs] 4993K->897K(9920K), [Metaspace: 3664K->3664K(1056768K)], 0.0022852 secs] [Times: user=0.02 sys=0.00, real=0.00 secs] 
28.693: [GC (CMS Initial Mark) [1 CMS-initial-mark: 4993K(6848K)] 4993K(9920K), 0.0001197 secs] [Times: user=0.00 sys=0.00, real=0.00 secs] 
28.694: [CMS-concurrent-mark-start]
28.694: [GC (Allocation Failure) 28.694: [ParNew: 0K->0K(3072K), 0.0001947 secs]28.694: [CMS28.703: [CMS-concurrent-mark: 0.002/0.009 secs] [Times: user=0.00 sys=0.00, real=0.01 secs] 
 (concurrent mode failure): 4993K->897K(6848K), 0.0114192 secs] 4993K->897K(9920K), [Metaspace: 3664K->3664K(1056768K)], 0.0116986 secs] [Times: user=0.00 sys=0.00, real=0.01 secs] 
28.706: [GC (Allocation Failure) 28.706: [ParNew: 0K->0K(3072K), 0.0003609 secs]28.706: [CMS: 4993K->897K(6848K), 0.0021303 secs] 4993K->897K(9920K), [Metaspace: 3664K->3664K(1056768K)], 0.0025819 secs] [Times: user=0.02 sys=0.00, real=0.00 secs] 
28.709: [GC (CMS Initial Mark) [1 CMS-initial-mark: 4993K(6848K)] 4993K(9920K), 0.0000940 secs] [Times: user=0.00 sys=0.00, real=0.00 secs] 
28.709: [CMS-concurrent-mark-start]
28.709: [GC (Allocation Failure) 28.709: [ParNew: 0K->0K(3072K), 0.0002018 secs]28.709: [CMS28.718: [CMS-concurrent-mark: 0.001/0.010 secs] [Times: user=0.00 sys=0.00, real=0.01 secs] 
 (concurrent mode failure): 4993K->897K(6848K), 0.0112996 secs] 4993K->897K(9920K), [Metaspace: 3664K->3664K(1056768K)], 0.0115721 secs] [Times: user=0.00 sys=0.00, real=0.01 secs] 
28.721: [GC (Allocation Failure) 28.721: [ParNew: 0K->0K(3072K), 0.0002171 secs]28.721: [CMS: 4993K->897K(6848K), 0.0018974 secs] 4993K->897K(9920K), [Metaspace: 3664K->3664K(1056768K)], 0.0021829 secs] [Times: user=0.00 sys=0.00, real=0.00 secs] 
28.723: [GC (CMS Initial Mark) [1 CMS-initial-mark: 4993K(6848K)] 4993K(9920K), 0.0001191 secs] [Times: user=0.00 sys=0.00, real=0.00 secs] 
28.723: [CMS-concurrent-mark-start]
28.724: [GC (Allocation Failure) 28.724: [ParNew: 0K->0K(3072K), 0.0002655 secs]28.724: [CMS28.734: [CMS-concurrent-mark: 0.002/0.010 secs] [Times: user=0.00 sys=0.01, real=0.01 secs] 
 (concurrent mode failure): 4993K->897K(6848K), 0.0120319 secs] 4993K->897K(9920K), [Metaspace: 3664K->3664K(1056768K)], 0.0123723 secs] [Times: user=0.00 sys=0.00, real=0.01 secs] 
28.736: [GC (Allocation Failure) 28.736: [ParNew: 0K->0K(3072K), 0.0002194 secs]28.737: [CMS: 4993K->897K(6848K), 0.0019229 secs] 4993K->897K(9920K), [Metaspace: 3664K->3664K(1056768K)], 0.0022030 secs] [Times: user=0.00 sys=0.00, real=0.00 secs] 
28.739: [GC (CMS Initial Mark) [1 CMS-initial-mark: 4993K(6848K)] 4993K(9920K), 0.0001129 secs] [Times: user=0.00 sys=0.00, real=0.00 secs] 
28.739: [CMS-concurrent-mark-start]
28.739: [GC (Allocation Failure) 28.739: [ParNew: 0K->0K(3072K), 0.0002524 secs]28.739: [CMS28.749: [CMS-concurrent-mark: 0.002/0.010 secs] [Times: user=0.11 sys=0.00, real=0.01 secs] 
 (concurrent mode failure): 4993K->897K(6848K), 0.0117270 secs] 4993K->897K(9920K), [Metaspace: 3664K->3664K(1056768K)], 0.0120540 secs] [Times: user=0.11 sys=0.00, real=0.01 secs] 
28.752: [GC (Allocation Failure) 28.752: [ParNew: 0K->0K(3072K), 0.0002394 secs]28.752: [CMS: 4993K->897K(6848K), 0.0018142 secs] 4993K->897K(9920K), [Metaspace: 3664K->3664K(1056768K)], 0.0021144 secs] [Times: user=0.00 sys=0.00, real=0.00 secs] 
28.754: [GC (CMS Initial Mark) [1 CMS-initial-mark: 4993K(6848K)] 4993K(9920K), 0.0002567 secs] [Times: user=0.00 sys=0.00, real=0.00 secs] 
28.754: [CMS-concurrent-mark-start]
28.755: [GC (Allocation Failure) 28.755: [ParNew: 0K->0K(3072K), 0.0001984 secs]28.755: [CMS28.764: [CMS-concurrent-mark: 0.002/0.010 secs] [Times: user=0.00 sys=0.00, real=0.01 secs] 
 (concurrent mode failure): 4993K->897K(6848K), 0.0131481 secs] 4993K->897K(9920K), [Metaspace: 3664K->3664K(1056768K)], 0.0134202 secs] [Times: user=0.00 sys=0.00, real=0.01 secs] 
28.768: [GC (Allocation Failure) 28.768: [ParNew: 0K->0K(3072K), 0.0003261 secs]28.769: [CMS: 4993K->897K(6848K), 0.0019254 secs] 4993K->897K(9920K), [Metaspace: 3664K->3664K(1056768K)], 0.0023193 secs] [Times: user=0.02 sys=0.00, real=0.00 secs] 
28.771: [GC (CMS Initial Mark) [1 CMS-initial-mark: 4993K(6848K)] 4993K(9920K), 0.0001096 secs] [Times: user=0.00 sys=0.00, real=0.00 secs] 
28.771: [CMS-concurrent-mark-start]
28.771: [GC (Allocation Failure) 28.771: [ParNew: 0K->0K(3072K), 0.0002382 secs]28.772: [CMS28.780: [CMS-concurrent-mark: 0.002/0.009 secs] [Times: user=0.00 sys=0.00, real=0.01 secs] 
 (concurrent mode failure): 4993K->897K(6848K), 0.0111367 secs] 4993K->897K(9920K), [Metaspace: 3664K->3664K(1056768K)], 0.0114677 secs] [Times: user=0.00 sys=0.00, real=0.01 secs] 
28.783: [GC (Allocation Failure) 28.783: [ParNew: 0K->0K(3072K), 0.0003315 secs]28.784: [CMS: 4993K->897K(6848K), 0.0019056 secs] 4993K->897K(9920K), [Metaspace: 3664K->3664K(1056768K)], 0.0023063 secs] [Times: user=0.00 sys=0.00, real=0.00 secs] 
28.786: [GC (CMS Initial Mark) [1 CMS-initial-mark: 4993K(6848K)] 4993K(9920K), 0.0001210 secs] [Times: user=0.00 sys=0.00, real=0.00 secs] 
28.786: [CMS-concurrent-mark-start]
28.786: [GC (Allocation Failure) 28.786: [ParNew: 0K->0K(3072K), 0.0002058 secs]28.786: [CMS28.796: [CMS-concurrent-mark: 0.002/0.010 secs] [Times: user=0.00 sys=0.00, real=0.01 secs] 
 (concurrent mode failure): 4993K->897K(6848K), 0.0131391 secs] 4993K->897K(9920K), [Metaspace: 3664K->3664K(1056768K)], 0.0134469 secs] [Times: user=0.00 sys=0.00, real=0.01 secs] 
28.800: [GC (Allocation Failure) 28.800: [ParNew: 0K->0K(3072K), 0.0003190 secs]28.801: [CMS: 4993K->897K(6848K), 0.0025243 secs] 4993K->897K(9920K), [Metaspace: 3664K->3664K(1056768K)], 0.0029600 secs] [Times: user=0.01 sys=0.00, real=0.00 secs] 
28.804: [GC (CMS Initial Mark) [1 CMS-initial-mark: 4993K(6848K)] 4993K(9920K), 0.0001741 secs] [Times: user=0.00 sys=0.00, real=0.00 secs] 
28.804: [CMS-concurrent-mark-start]
28.804: [GC (Allocation Failure) 28.804: [ParNew: 0K->0K(3072K), 0.0001947 secs]28.804: [CMS28.811: [CMS-concurrent-mark: 0.002/0.007 secs] [Times: user=0.00 sys=0.00, real=0.01 secs] 
 (concurrent mode failure): 4993K->897K(6848K), 0.0098251 secs] 4993K->897K(9920K), [Metaspace: 3664K->3664K(1056768K)], 0.0100966 secs] [Times: user=0.00 sys=0.00, real=0.01 secs] 
28.814: [GC (Allocation Failure) 28.814: [ParNew: 0K->0K(3072K), 0.0004370 secs]28.815: [CMS: 4993K->897K(6848K), 0.0023615 secs] 4993K->897K(9920K), [Metaspace: 3664K->3664K(1056768K)], 0.0029053 secs] [Times: user=0.00 sys=0.00, real=0.00 secs] 
28.818: [GC (CMS Initial Mark) [1 CMS-initial-mark: 4993K(6848K)] 4993K(9920K), 0.0001335 secs] [Times: user=0.00 sys=0.00, real=0.00 secs] 
28.818: [CMS-concurrent-mark-start]
28.818: [GC (Allocation Failure) 28.818: [ParNew: 0K->0K(3072K), 0.0001627 secs]28.818: [CMS28.828: [CMS-concurrent-mark: 0.002/0.010 secs] [Times: user=0.00 sys=0.00, real=0.01 secs] 
 (concurrent mode failure): 4993K->897K(6848K), 0.0119473 secs] 4993K->897K(9920K), [Metaspace: 3664K->3664K(1056768K)], 0.0121803 secs] [Times: user=0.00 sys=0.00, real=0.01 secs] 
28.830: [GC (Allocation Failure) 28.830: [ParNew: 0K->0K(3072K), 0.0003392 secs]28.831: [CMS: 4993K->897K(6848K), 0.0026196 secs] 4993K->897K(9920K), [Metaspace: 3664K->3664K(1056768K)], 0.0030439 secs] [Times: user=0.02 sys=0.00, real=0.00 secs] 
28.834: [GC (CMS Initial Mark) [1 CMS-initial-mark: 4993K(6848K)] 4993K(9920K), 0.0001866 secs] [Times: user=0.00 sys=0.00, real=0.00 secs] 
28.834: [CMS-concurrent-mark-start]
28.834: [GC (Allocation Failure) 28.834: [ParNew: 0K->0K(3072K), 0.0002170 secs]28.834: [CMS28.843: [CMS-concurrent-mark: 0.002/0.009 secs] [Times: user=0.00 sys=0.00, real=0.01 secs] 
 (concurrent mode failure): 4993K->897K(6848K), 0.0112438 secs] 4993K->897K(9920K), [Metaspace: 3664K->3664K(1056768K)], 0.0115386 secs] [Times: user=0.00 sys=0.00, real=0.01 secs] 
28.846: [GC (Allocation Failure) 28.846: [ParNew: 0K->0K(3072K), 0.0002698 secs]28.846: [CMS: 4993K->897K(6848K), 0.0027867 secs] 4993K->897K(9920K), [Metaspace: 3664K->3664K(1056768K)], 0.0031334 secs] [Times: user=0.01 sys=0.00, real=0.00 secs] 
28.850: [GC (CMS Initial Mark) [1 CMS-initial-mark: 4993K(6848K)] 4993K(9920K), 0.0001041 secs] [Times: user=0.00 sys=0.00, real=0.00 secs] 
28.850: [CMS-concurrent-mark-start]
28.850: [GC (Allocation Failure) 28.850: [ParNew: 0K->0K(3072K), 0.0002345 secs]28.850: [CMS28.858: [CMS-concurrent-mark: 0.002/0.009 secs] [Times: user=0.00 sys=0.00, real=0.01 secs] 
 (concurrent mode failure): 4993K->897K(6848K), 0.0105026 secs] 4993K->897K(9920K), [Metaspace: 3664K->3664K(1056768K)], 0.0108039 secs] [Times: user=0.00 sys=0.00, real=0.01 secs] 
28.861: [GC (Allocation Failure) 28.861: [ParNew: 0K->0K(3072K), 0.0002272 secs]28.861: [CMS: 4993K->897K(6848K), 0.0023539 secs] 4993K->897K(9920K), [Metaspace: 3664K->3664K(1056768K)], 0.0026815 secs] [Times: user=0.00 sys=0.00, real=0.00 secs] 
28.864: [GC (CMS Initial Mark) [1 CMS-initial-mark: 4993K(6848K)] 4993K(9920K), 0.0001914 secs] [Times: user=0.00 sys=0.00, real=0.00 secs] 
28.864: [CMS-concurrent-mark-start]
28.864: [GC (Allocation Failure) 28.864: [ParNew: 0K->0K(3072K), 0.0003455 secs]28.865: [CMS28.874: [CMS-concurrent-mark: 0.002/0.010 secs] [Times: user=0.00 sys=0.00, real=0.01 secs] 
 (concurrent mode failure): 4993K->897K(6848K), 0.0115205 secs] 4993K->897K(9920K), [Metaspace: 3664K->3664K(1056768K)], 0.0119439 secs] [Times: user=0.00 sys=0.00, real=0.01 secs] 
28.877: [GC (Allocation Failure) 28.877: [ParNew: 0K->0K(3072K), 0.0002132 secs]28.877: [CMS: 4993K->897K(6848K), 0.0018301 secs] 4993K->897K(9920K), [Metaspace: 3664K->3664K(1056768K)], 0.0021140 secs] [Times: user=0.00 sys=0.00, real=0.00 secs] 
28.879: [GC (CMS Initial Mark) [1 CMS-initial-mark: 4993K(6848K)] 4993K(9920K), 0.0000969 secs] [Times: user=0.00 sys=0.00, real=0.00 secs] 
28.879: [CMS-concurrent-mark-start]
28.879: [GC (Allocation Failure) 28.879: [ParNew: 0K->0K(3072K), 0.0002853 secs]28.880: [CMS28.890: [CMS-concurrent-mark: 0.002/0.011 secs] [Times: user=0.00 sys=0.02, real=0.01 secs] 
 (concurrent mode failure): 4993K->897K(6848K), 0.0125004 secs] 4993K->897K(9920K), [Metaspace: 3664K->3664K(1056768K)], 0.0128619 secs] [Times: user=0.00 sys=0.02, real=0.01 secs] 
28.893: [GC (Allocation Failure) 28.893: [ParNew: 0K->0K(3072K), 0.0003075 secs]28.893: [CMS: 4993K->897K(6848K), 0.0019747 secs] 4993K->897K(9920K), [Metaspace: 3664K->3664K(1056768K)], 0.0023538 secs] [Times: user=0.00 sys=0.00, real=0.00 secs] 
28.895: [GC (CMS Initial Mark) [1 CMS-initial-mark: 4993K(6848K)] 4993K(9920K), 0.0000816 secs] [Times: user=0.00 sys=0.00, real=0.00 secs] 
28.895: [CMS-concurrent-mark-start]
28.896: [GC (Allocation Failure) 28.896: [ParNew: 0K->0K(3072K), 0.0001917 secs]28.896: [CMS28.905: [CMS-concurrent-mark: 0.002/0.010 secs] [Times: user=0.00 sys=0.00, real=0.01 secs] 
 (concurrent mode failure): 4993K->897K(6848K), 0.0123821 secs] 4993K->897K(9920K), [Metaspace: 3664K->3664K(1056768K)], 0.0126447 secs] [Times: user=0.00 sys=0.00, real=0.01 secs] 
28.909: [GC (Allocation Failure) 28.909: [ParNew: 0K->0K(3072K), 0.0002318 secs]28.909: [CMS: 4993K->897K(6848K), 0.0018054 secs] 4993K->897K(9920K), [Metaspace: 3664K->3664K(1056768K)], 0.0020943 secs] [Times: user=0.00 sys=0.00, real=0.00 secs] 
28.911: [GC (CMS Initial Mark) [1 CMS-initial-mark: 4993K(6848K)] 4993K(9920K), 0.0001561 secs] [Times: user=0.00 sys=0.00, real=0.00 secs] 
28.911: [CMS-concurrent-mark-start]
28.911: [GC (Allocation Failure) 28.911: [ParNew: 0K->0K(3072K), 0.0002384 secs]28.912: [CMS28.921: [CMS-concurrent-mark: 0.001/0.010 secs] [Times: user=0.00 sys=0.00, real=0.01 secs] 
 (concurrent mode failure): 4993K->897K(6848K), 0.0115282 secs] 4993K->897K(9920K), [Metaspace: 3664K->3664K(1056768K)], 0.0118410 secs] [Times: user=0.00 sys=0.00, real=0.01 secs] 
28.923: [GC (Allocation Failure) 28.923: [ParNew: 0K->0K(3072K), 0.0002106 secs]28.924: [CMS: 4993K->897K(6848K), 0.0018321 secs] 4993K->897K(9920K), [Metaspace: 3664K->3664K(1056768K)], 0.0021075 secs] [Times: user=0.00 sys=0.00, real=0.00 secs] 
28.926: [GC (CMS Initial Mark) [1 CMS-initial-mark: 4993K(6848K)] 4993K(9920K), 0.0000855 secs] [Times: user=0.00 sys=0.00, real=0.00 secs] 
28.926: [CMS-concurrent-mark-start]
28.926: [GC (Allocation Failure) 28.926: [ParNew: 0K->0K(3072K), 0.0001876 secs]28.926: [CMS28.936: [CMS-concurrent-mark: 0.002/0.010 secs] [Times: user=0.00 sys=0.00, real=0.01 secs] 
 (concurrent mode failure): 4993K->897K(6848K), 0.0126355 secs] 4993K->897K(9920K), [Metaspace: 3664K->3664K(1056768K)], 0.0128920 secs] [Times: user=0.00 sys=0.00, real=0.01 secs] 
28.939: [GC (Allocation Failure) 28.939: [ParNew: 0K->0K(3072K), 0.0002306 secs]28.940: [CMS: 4993K->897K(6848K), 0.0020247 secs] 4993K->897K(9920K), [Metaspace: 3664K->3664K(1056768K)], 0.0023292 secs] [Times: user=0.00 sys=0.00, real=0.00 secs] 
28.942: [GC (CMS Initial Mark) [1 CMS-initial-mark: 4993K(6848K)] 4993K(9920K), 0.0000785 secs] [Times: user=0.00 sys=0.00, real=0.00 secs] 
28.942: [CMS-concurrent-mark-start]
28.942: [GC (Allocation Failure) 28.942: [ParNew: 0K->0K(3072K), 0.0002149 secs]28.942: [CMS28.953: [CMS-concurrent-mark: 0.002/0.010 secs] [Times: user=0.00 sys=0.00, real=0.01 secs] 
 (concurrent mode failure): 4993K->897K(6848K), 0.0124794 secs] 4993K->897K(9920K), [Metaspace: 3664K->3664K(1056768K)], 0.0128523 secs] [Times: user=0.00 sys=0.00, real=0.01 secs] 
28.955: [GC (Allocation Failure) 28.955: [ParNew: 0K->0K(3072K), 0.0002577 secs]28.956: [CMS: 4993K->897K(6848K), 0.0023853 secs] 4993K->897K(9920K), [Metaspace: 3664K->3664K(1056768K)], 0.0027219 secs] [Times: user=0.02 sys=0.00, real=0.00 secs] 
28.958: [GC (CMS Initial Mark) [1 CMS-initial-mark: 4993K(6848K)] 4993K(9920K), 0.0001376 secs] [Times: user=0.00 sys=0.00, real=0.00 secs] 
28.959: [CMS-concurrent-mark-start]
28.959: [GC (Allocation Failure) 28.959: [ParNew: 0K->0K(3072K), 0.0002067 secs]28.959: [CMS28.967: [CMS-concurrent-mark: 0.001/0.009 secs] [Times: user=0.00 sys=0.00, real=0.01 secs] 
 (concurrent mode failure): 4993K->897K(6848K), 0.0103108 secs] 4993K->897K(9920K), [Metaspace: 3664K->3664K(1056768K)], 0.0105863 secs] [Times: user=0.00 sys=0.00, real=0.01 secs] 
28.970: [GC (Allocation Failure) 28.970: [ParNew: 0K->0K(3072K), 0.0002820 secs]28.970: [CMS: 4993K->897K(6848K), 0.0016613 secs] 4993K->897K(9920K), [Metaspace: 3664K->3664K(1056768K)], 0.0020085 secs] [Times: user=0.00 sys=0.00, real=0.00 secs] 
28.972: [GC (CMS Initial Mark) [1 CMS-initial-mark: 4993K(6848K)] 4993K(9920K), 0.0001230 secs] [Times: user=0.00 sys=0.00, real=0.00 secs] 
28.972: [CMS-concurrent-mark-start]
28.972: [GC (Allocation Failure) 28.972: [ParNew: 0K->0K(3072K), 0.0002006 secs]28.972: [CMS28.983: [CMS-concurrent-mark: 0.001/0.011 secs] [Times: user=0.00 sys=0.00, real=0.01 secs] 
 (concurrent mode failure): 4993K->897K(6848K), 0.0133954 secs] 4993K->897K(9920K), [Metaspace: 3664K->3664K(1056768K)], 0.0136813 secs] [Times: user=0.00 sys=0.00, real=0.01 secs] 
28.986: [GC (Allocation Failure) 28.986: [ParNew: 0K->0K(3072K), 0.0001838 secs]28.986: [CMS: 4993K->897K(6848K), 0.0018975 secs] 4993K->897K(9920K), [Metaspace: 3664K->3664K(1056768K)], 0.0021468 secs] [Times: user=0.00 sys=0.00, real=0.00 secs] 
28.989: [GC (CMS Initial Mark) [1 CMS-initial-mark: 4993K(6848K)] 4993K(9920K), 0.0001420 secs] [Times: user=0.00 sys=0.00, real=0.00 secs] 
28.989: [CMS-concurrent-mark-start]
28.989: [GC (Allocation Failure) 28.989: [ParNew: 0K->0K(3072K), 0.0001791 secs]28.989: [CMS28.999: [CMS-concurrent-mark: 0.002/0.011 secs] [Times: user=0.02 sys=0.02, real=0.01 secs] 
 (concurrent mode failure): 4993K->897K(6848K), 0.0130538 secs] 4993K->897K(9920K), [Metaspace: 3664K->3664K(1056768K)], 0.0132972 secs] [Times: user=0.00 sys=0.00, real=0.01 secs] 
29.002: [GC (Allocation Failure) 29.003: [ParNew: 0K->0K(3072K), 0.0002702 secs]29.003: [CMS: 4993K->897K(6848K), 0.0018820 secs] 4993K->897K(9920K), [Metaspace: 3664K->3664K(1056768K)], 0.0022171 secs] [Times: user=0.02 sys=0.00, real=0.00 secs] 
29.005: [GC (CMS Initial Mark) [1 CMS-initial-mark: 4993K(6848K)] 4993K(9920K), 0.0001433 secs] [Times: user=0.00 sys=0.00, real=0.00 secs] 
29.005: [CMS-concurrent-mark-start]
29.005: [GC (Allocation Failure) 29.005: [ParNew: 0K->0K(3072K), 0.0003268 secs]29.006: [CMS29.015: [CMS-concurrent-mark: 0.002/0.009 secs] [Times: user=0.00 sys=0.00, real=0.01 secs] 
 (concurrent mode failure): 4993K->897K(6848K), 0.0121959 secs] 4993K->897K(9920K), [Metaspace: 3664K->3664K(1056768K)], 0.0126052 secs] [Times: user=0.00 sys=0.00, real=0.01 secs] 
29.018: [GC (Allocation Failure) 29.018: [ParNew: 0K->0K(3072K), 0.0002536 secs]29.019: [CMS: 4993K->897K(6848K), 0.0020173 secs] 4993K->897K(9920K), [Metaspace: 3664K->3664K(1056768K)], 0.0023421 secs] [Times: user=0.00 sys=0.00, real=0.00 secs] 
29.021: [GC (CMS Initial Mark) [1 CMS-initial-mark: 4993K(6848K)] 4993K(9920K), 0.0001195 secs] [Times: user=0.00 sys=0.00, real=0.00 secs] 
29.021: [CMS-concurrent-mark-start]
29.021: [GC (Allocation Failure) 29.021: [ParNew: 0K->0K(3072K), 0.0001884 secs]29.021: [CMS29.030: [CMS-concurrent-mark: 0.002/0.009 secs] [Times: user=0.00 sys=0.00, real=0.01 secs] 
 (concurrent mode failure): 4993K->897K(6848K), 0.0122501 secs] 4993K->897K(9920K), [Metaspace: 3664K->3664K(1056768K)], 0.0125093 secs] [Times: user=0.00 sys=0.00, real=0.01 secs] 
29.034: [GC (Allocation Failure) 29.034: [ParNew: 0K->0K(3072K), 0.0002176 secs]29.034: [CMS: 4993K->897K(6848K), 0.0017482 secs] 4993K->897K(9920K), [Metaspace: 3664K->3664K(1056768K)], 0.0020329 secs] [Times: user=0.01 sys=0.00, real=0.00 secs] 
29.036: [GC (CMS Initial Mark) [1 CMS-initial-mark: 4993K(6848K)] 4993K(9920K), 0.0001121 secs] [Times: user=0.00 sys=0.00, real=0.00 secs] 
29.037: [CMS-concurrent-mark-start]
29.037: [GC (Allocation Failure) 29.037: [ParNew: 0K->0K(3072K), 0.0001908 secs]29.037: [CMS29.046: [CMS-concurrent-mark: 0.002/0.009 secs] [Times: user=0.00 sys=0.00, real=0.01 secs] 
 (concurrent mode failure): 4993K->897K(6848K), 0.0121707 secs] 4993K->897K(9920K), [Metaspace: 3664K->3664K(1056768K)], 0.0124401 secs] [Times: user=0.00 sys=0.00, real=0.01 secs] 
29.049: [GC (Allocation Failure) 29.050: [ParNew: 0K->0K(3072K), 0.0002328 secs]29.050: [CMS: 4993K->897K(6848K), 0.0019092 secs] 4993K->897K(9920K), [Metaspace: 3664K->3664K(1056768K)], 0.0022107 secs] [Times: user=0.02 sys=0.00, real=0.00 secs] 
29.052: [GC (CMS Initial Mark) [1 CMS-initial-mark: 4993K(6848K)] 4993K(9920K), 0.0000948 secs] [Times: user=0.00 sys=0.00, real=0.00 secs] 
29.052: [CMS-concurrent-mark-start]
29.052: [GC (Allocation Failure) 29.052: [ParNew: 0K->0K(3072K), 0.0002473 secs]29.053: [CMS29.061: [CMS-concurrent-mark: 0.001/0.009 secs] [Times: user=0.00 sys=0.00, real=0.01 secs] 
 (concurrent mode failure): 4993K->897K(6848K), 0.0109824 secs] 4993K->897K(9920K), [Metaspace: 3664K->3664K(1056768K)], 0.0113234 secs] [Times: user=0.00 sys=0.00, real=0.01 secs] 
29.064: [GC (Allocation Failure) 29.064: [ParNew: 0K->0K(3072K), 0.0002501 secs]29.064: [CMS: 4993K->897K(6848K), 0.0023101 secs] 4993K->897K(9920K), [Metaspace: 3664K->3664K(1056768K)], 0.0026835 secs] [Times: user=0.00 sys=0.00, real=0.00 secs] 
29.067: [GC (CMS Initial Mark) [1 CMS-initial-mark: 4993K(6848K)] 4993K(9920K), 0.0001165 secs] [Times: user=0.00 sys=0.00, real=0.00 secs] 
29.067: [CMS-concurrent-mark-start]
29.067: [GC (Allocation Failure) 29.067: [ParNew: 0K->0K(3072K), 0.0002280 secs]29.068: [CMS29.076: [CMS-concurrent-mark: 0.002/0.009 secs] [Times: user=0.00 sys=0.00, real=0.01 secs] 
 (concurrent mode failure): 4993K->897K(6848K), 0.0109039 secs] 4993K->897K(9920K), [Metaspace: 3664K->3664K(1056768K)], 0.0112024 secs] [Times: user=0.00 sys=0.00, real=0.01 secs] 
29.079: [GC (Allocation Failure) 29.079: [ParNew: 0K->0K(3072K), 0.0002314 secs]29.079: [CMS: 4993K->897K(6848K), 0.0032178 secs] 4993K->897K(9920K), [Metaspace: 3664K->3664K(1056768K)], 0.0035398 secs] [Times: user=0.00 sys=0.00, real=0.00 secs] 
29.083: [GC (CMS Initial Mark) [1 CMS-initial-mark: 4993K(6848K)] 4993K(9920K), 0.0001740 secs] [Times: user=0.01 sys=0.02, real=0.00 secs] 
29.083: [CMS-concurrent-mark-start]
29.083: [GC (Allocation Failure) 29.083: [ParNew: 0K->0K(3072K), 0.0004885 secs]29.084: [CMS29.092: [CMS-concurrent-mark: 0.001/0.009 secs] [Times: user=0.00 sys=0.00, real=0.01 secs] 
 (concurrent mode failure): 4993K->897K(6848K), 0.0112737 secs] 4993K->897K(9920K), [Metaspace: 3664K->3664K(1056768K)], 0.0118969 secs] [Times: user=0.00 sys=0.00, real=0.01 secs] 
29.095: [GC (Allocation Failure) 29.095: [ParNew: 0K->0K(3072K), 0.0002127 secs]29.096: [CMS: 4993K->897K(6848K), 0.0021637 secs] 4993K->897K(9920K), [Metaspace: 3664K->3664K(1056768K)], 0.0024508 secs] [Times: user=0.00 sys=0.00, real=0.00 secs] 
29.099: [GC (CMS Initial Mark) [1 CMS-initial-mark: 4993K(6848K)] 4993K(9920K), 0.0003058 secs] [Times: user=0.00 sys=0.00, real=0.00 secs] 
29.099: [CMS-concurrent-mark-start]
29.099: [GC (Allocation Failure) 29.099: [ParNew: 0K->0K(3072K), 0.0002520 secs]29.100: [CMS29.108: [CMS-concurrent-mark: 0.001/0.009 secs] [Times: user=0.00 sys=0.00, real=0.01 secs] 
 (concurrent mode failure): 4993K->897K(6848K), 0.0103439 secs] 4993K->897K(9920K), [Metaspace: 3664K->3664K(1056768K)], 0.0106815 secs] [Times: user=0.00 sys=0.00, real=0.01 secs] 
29.110: [GC (Allocation Failure) 29.110: [ParNew: 0K->0K(3072K), 0.0002908 secs]29.111: [CMS: 4993K->897K(6848K), 0.0017748 secs] 4993K->897K(9920K), [Metaspace: 3664K->3664K(1056768K)], 0.0021424 secs] [Times: user=0.00 sys=0.00, real=0.00 secs] 
29.113: [GC (CMS Initial Mark) [1 CMS-initial-mark: 4993K(6848K)] 4993K(9920K), 0.0001227 secs] [Times: user=0.00 sys=0.00, real=0.00 secs] 
29.113: [CMS-concurrent-mark-start]
29.113: [GC (Allocation Failure) 29.113: [ParNew: 0K->0K(3072K), 0.0002131 secs]29.113: [CMS29.123: [CMS-concurrent-mark: 0.002/0.010 secs] [Times: user=0.00 sys=0.00, real=0.01 secs] 
 (concurrent mode failure): 4993K->897K(6848K), 0.0124922 secs] 4993K->897K(9920K), [Metaspace: 3664K->3664K(1056768K)], 0.0127845 secs] [Times: user=0.00 sys=0.00, real=0.01 secs] 
29.126: [GC (Allocation Failure) 29.126: [ParNew: 0K->0K(3072K), 0.0002870 secs]29.127: [CMS: 4993K->897K(6848K), 0.0030227 secs] 4993K->897K(9920K), [Metaspace: 3664K->3664K(1056768K)], 0.0034042 secs] [Times: user=0.02 sys=0.00, real=0.00 secs] 
29.130: [GC (CMS Initial Mark) [1 CMS-initial-mark: 4993K(6848K)] 4993K(9920K), 0.0001896 secs] [Times: user=0.00 sys=0.00, real=0.00 secs] 
29.131: [CMS-concurrent-mark-start]
29.132: [GC (Allocation Failure) 29.132: [ParNew: 0K->0K(3072K), 0.0005660 secs]29.133: [CMS29.137: [CMS-concurrent-mark: 0.002/0.007 secs] [Times: user=0.00 sys=0.00, real=0.01 secs] 
 (concurrent mode failure): 4993K->897K(6848K), 0.0081539 secs] 4993K->897K(9920K), [Metaspace: 3664K->3664K(1056768K)], 0.0088414 secs] [Times: user=0.00 sys=0.00, real=0.01 secs] 
29.142: [GC (Allocation Failure) 29.142: [ParNew: 0K->0K(3072K), 0.0003022 secs]29.142: [CMS: 4993K->897K(6848K), 0.0028959 secs] 4993K->897K(9920K), [Metaspace: 3664K->3664K(1056768K)], 0.0032806 secs] [Times: user=0.02 sys=0.00, real=0.00 secs] 
29.145: [GC (CMS Initial Mark) [1 CMS-initial-mark: 4993K(6848K)] 4993K(9920K), 0.0001151 secs] [Times: user=0.00 sys=0.00, real=0.00 secs] 
29.146: [CMS-concurrent-mark-start]
29.146: [GC (Allocation Failure) 29.146: [ParNew: 0K->0K(3072K), 0.0002253 secs]29.146: [CMS29.154: [CMS-concurrent-mark: 0.002/0.008 secs] [Times: user=0.00 sys=0.00, real=0.01 secs] 
 (concurrent mode failure): 4993K->897K(6848K), 0.0118296 secs] 4993K->897K(9920K), [Metaspace: 3664K->3664K(1056768K)], 0.0121411 secs] [Times: user=0.00 sys=0.00, real=0.01 secs] 
29.158: [GC (Allocation Failure) 29.158: [ParNew: 0K->0K(3072K), 0.0003188 secs]29.159: [CMS: 4993K->897K(6848K), 0.0031065 secs] 4993K->897K(9920K), [Metaspace: 3664K->3664K(1056768K)], 0.0035197 secs] [Times: user=0.02 sys=0.00, real=0.00 secs] 
29.162: [GC (CMS Initial Mark) [1 CMS-initial-mark: 4993K(6848K)] 4993K(9920K), 0.0001522 secs] [Times: user=0.00 sys=0.00, real=0.00 secs] 
29.162: [CMS-concurrent-mark-start]
29.162: [GC (Allocation Failure) 29.162: [ParNew: 0K->0K(3072K), 0.0002395 secs]29.163: [CMS29.170: [CMS-concurrent-mark: 0.001/0.007 secs] [Times: user=0.00 sys=0.00, real=0.01 secs] 
 (concurrent mode failure): 4993K->897K(6848K), 0.0106791 secs] 4993K->897K(9920K), [Metaspace: 3664K->3664K(1056768K)], 0.0110125 secs] [Times: user=0.00 sys=0.00, real=0.01 secs] 
29.174: [GC (Allocation Failure) 29.174: [ParNew: 0K->0K(3072K), 0.0002547 secs]29.174: [CMS: 4993K->897K(6848K), 0.0026871 secs] 4993K->897K(9920K), [Metaspace: 3664K->3664K(1056768K)], 0.0030517 secs] [Times: user=0.02 sys=0.00, real=0.00 secs] 
29.177: [GC (CMS Initial Mark) [1 CMS-initial-mark: 4993K(6848K)] 4993K(9920K), 0.0000949 secs] [Times: user=0.00 sys=0.00, real=0.00 secs] 
29.177: [CMS-concurrent-mark-start]
29.177: [GC (Allocation Failure) 29.177: [ParNew: 0K->0K(3072K), 0.0002338 secs]29.178: [CMS29.185: [CMS-concurrent-mark: 0.001/0.007 secs] [Times: user=0.00 sys=0.00, real=0.01 secs] 
 (concurrent mode failure): 4993K->897K(6848K), 0.0096548 secs] 4993K->897K(9920K), [Metaspace: 3664K->3664K(1056768K)], 0.0099663 secs] [Times: user=0.00 sys=0.00, real=0.01 secs] 
29.188: [GC (Allocation Failure) 29.188: [ParNew: 0K->0K(3072K), 0.0004049 secs]29.188: [CMS: 4993K->897K(6848K), 0.0028648 secs] 4993K->897K(9920K), [Metaspace: 3664K->3664K(1056768K)], 0.0033791 secs] [Times: user=0.00 sys=0.00, real=0.00 secs] 
29.192: [GC (CMS Initial Mark) [1 CMS-initial-mark: 4993K(6848K)] 4993K(9920K), 0.0002014 secs] [Times: user=0.00 sys=0.00, real=0.00 secs] 
29.192: [CMS-concurrent-mark-start]
29.192: [GC (Allocation Failure) 29.192: [ParNew: 0K->0K(3072K), 0.0002711 secs]29.192: [CMS29.200: [CMS-concurrent-mark: 0.002/0.009 secs] [Times: user=0.00 sys=0.00, real=0.01 secs] 
 (concurrent mode failure): 4993K->897K(6848K), 0.0115765 secs] 4993K->897K(9920K), [Metaspace: 3664K->3664K(1056768K)], 0.0119255 secs] [Times: user=0.00 sys=0.00, real=0.01 secs] 
29.204: [GC (Allocation Failure) 29.204: [ParNew: 0K->0K(3072K), 0.0002707 secs]29.204: [CMS: 4993K->897K(6848K), 0.0024946 secs] 4993K->897K(9920K), [Metaspace: 3664K->3664K(1056768K)], 0.0028444 secs] [Times: user=0.00 sys=0.00, real=0.00 secs] 
29.207: [GC (CMS Initial Mark) [1 CMS-initial-mark: 4993K(6848K)] 4993K(9920K), 0.0001161 secs] [Times: user=0.00 sys=0.00, real=0.00 secs] 
29.208: [CMS-concurrent-mark-start]
29.208: [GC (Allocation Failure) 29.208: [ParNew: 0K->0K(3072K), 0.0002992 secs]29.208: [CMS29.216: [CMS-concurrent-mark: 0.002/0.009 secs] [Times: user=0.06 sys=0.00, real=0.01 secs] 
 (concurrent mode failure): 4993K->897K(6848K), 0.0108138 secs] 4993K->897K(9920K), [Metaspace: 3664K->3664K(1056768K)], 0.0111855 secs] [Times: user=0.06 sys=0.00, real=0.01 secs] 
29.219: [GC (Allocation Failure) 29.219: [ParNew: 0K->0K(3072K), 0.0002651 secs]29.219: [CMS: 4993K->897K(6848K), 0.0019317 secs] 4993K->897K(9920K), [Metaspace: 3664K->3664K(1056768K)], 0.0022671 secs] [Times: user=0.00 sys=0.00, real=0.00 secs] 
29.222: [GC (CMS Initial Mark) [1 CMS-initial-mark: 4993K(6848K)] 4993K(9920K), 0.0001074 secs] [Times: user=0.00 sys=0.00, real=0.00 secs] 
29.222: [CMS-concurrent-mark-start]
29.222: [GC (Allocation Failure) 29.222: [ParNew: 0K->0K(3072K), 0.0002517 secs]29.222: [CMS29.233: [CMS-concurrent-mark: 0.002/0.011 secs] [Times: user=0.00 sys=0.00, real=0.01 secs] 
 (concurrent mode failure): 4993K->897K(6848K), 0.0130787 secs] 4993K->897K(9920K), [Metaspace: 3664K->3664K(1056768K)], 0.0133982 secs] [Times: user=0.00 sys=0.00, real=0.01 secs] 
29.236: [GC (Allocation Failure) 29.236: [ParNew: 0K->0K(3072K), 0.0003490 secs]29.236: [CMS: 4993K->897K(6848K), 0.0020613 secs] 4993K->897K(9920K), [Metaspace: 3664K->3664K(1056768K)], 0.0025098 secs] [Times: user=0.00 sys=0.00, real=0.00 secs] 
29.239: [GC (CMS Initial Mark) [1 CMS-initial-mark: 4993K(6848K)] 4993K(9920K), 0.0002142 secs] [Times: user=0.00 sys=0.00, real=0.00 secs] 
29.239: [CMS-concurrent-mark-start]
29.239: [GC (Allocation Failure) 29.239: [ParNew: 0K->0K(3072K), 0.0002952 secs]29.239: [CMS29.247: [CMS-concurrent-mark: 0.001/0.008 secs] [Times: user=0.00 sys=0.00, real=0.01 secs] 
 (concurrent mode failure): 4993K->897K(6848K), 0.0112920 secs] 4993K->897K(9920K), [Metaspace: 3664K->3664K(1056768K)], 0.0116673 secs] [Times: user=0.00 sys=0.00, real=0.01 secs] 
29.251: [GC (Allocation Failure) 29.251: [ParNew: 0K->0K(3072K), 0.0002072 secs]29.251: [CMS: 4993K->897K(6848K), 0.0017219 secs] 4993K->897K(9920K), [Metaspace: 3664K->3664K(1056768K)], 0.0019961 secs] [Times: user=0.00 sys=0.00, real=0.00 secs] 
29.253: [GC (CMS Initial Mark) [1 CMS-initial-mark: 4993K(6848K)] 4993K(9920K), 0.0001317 secs] [Times: user=0.00 sys=0.00, real=0.00 secs] 
29.254: [CMS-concurrent-mark-start]
29.254: [GC (Allocation Failure) 29.254: [ParNew: 0K->0K(3072K), 0.0002372 secs]29.254: [CMS29.263: [CMS-concurrent-mark: 0.002/0.010 secs] [Times: user=0.00 sys=0.00, real=0.01 secs] 
 (concurrent mode failure): 4993K->897K(6848K), 0.0129615 secs] 4993K->897K(9920K), [Metaspace: 3664K->3664K(1056768K)], 0.0132880 secs] [Times: user=0.00 sys=0.00, real=0.01 secs] 
29.267: [GC (Allocation Failure) 29.267: [ParNew: 0K->0K(3072K), 0.0002888 secs]29.268: [CMS: 4993K->897K(6848K), 0.0023381 secs] 4993K->897K(9920K), [Metaspace: 3664K->3664K(1056768K)], 0.0027031 secs] [Times: user=0.00 sys=0.00, real=0.00 secs] 
29.270: [GC (CMS Initial Mark) [1 CMS-initial-mark: 4993K(6848K)] 4993K(9920K), 0.0000888 secs] [Times: user=0.02 sys=0.02, real=0.00 secs] 
29.271: [CMS-concurrent-mark-start]
29.271: [GC (Allocation Failure) 29.271: [ParNew: 0K->0K(3072K), 0.0002262 secs]29.271: [CMS29.278: [CMS-concurrent-mark: 0.002/0.008 secs] [Times: user=0.00 sys=0.00, real=0.01 secs] 
 (concurrent mode failure): 4993K->897K(6848K), 0.0113599 secs] 4993K->897K(9920K), [Metaspace: 3664K->3664K(1056768K)], 0.0116821 secs] [Times: user=0.00 sys=0.00, real=0.01 secs] 
29.283: [GC (Allocation Failure) 29.283: [ParNew: 0K->0K(3072K), 0.0003564 secs]29.283: [CMS: 4993K->897K(6848K), 0.0025137 secs] 4993K->897K(9920K), [Metaspace: 3664K->3664K(1056768K)], 0.0029561 secs] [Times: user=0.00 sys=0.00, real=0.00 secs] 
29.286: [GC (CMS Initial Mark) [1 CMS-initial-mark: 4993K(6848K)] 4993K(9920K), 0.0001465 secs] [Times: user=0.00 sys=0.00, real=0.00 secs] 
29.287: [CMS-concurrent-mark-start]
29.287: [GC (Allocation Failure) 29.287: [ParNew: 0K->0K(3072K), 0.0002175 secs]29.287: [CMS29.293: [CMS-concurrent-mark: 0.002/0.007 secs] [Times: user=0.00 sys=0.00, real=0.01 secs] 
 (concurrent mode failure): 4993K->897K(6848K), 0.0088894 secs] 4993K->897K(9920K), [Metaspace: 3664K->3664K(1056768K)], 0.0091886 secs] [Times: user=0.00 sys=0.00, real=0.01 secs] 
29.296: [GC (Allocation Failure) 29.296: [ParNew: 0K->0K(3072K), 0.0002772 secs]29.297: [CMS: 4993K->897K(6848K), 0.0034182 secs] 4993K->897K(9920K), [Metaspace: 3664K->3664K(1056768K)], 0.0037836 secs] [Times: user=0.00 sys=0.00, real=0.00 secs] 
29.300: [GC (CMS Initial Mark) [1 CMS-initial-mark: 4993K(6848K)] 4993K(9920K), 0.0001435 secs] [Times: user=0.00 sys=0.00, real=0.00 secs] 
29.301: [CMS-concurrent-mark-start]
29.301: [GC (Allocation Failure) 29.301: [ParNew: 0K->0K(3072K), 0.0002612 secs]29.301: [CMS29.309: [CMS-concurrent-mark: 0.002/0.008 secs] [Times: user=0.00 sys=0.00, real=0.01 secs] 
 (concurrent mode failure): 4993K->897K(6848K), 0.0101558 secs] 4993K->897K(9920K), [Metaspace: 3664K->3664K(1056768K)], 0.0104921 secs] [Times: user=0.00 sys=0.00, real=0.01 secs] 
29.312: [GC (Allocation Failure) 29.312: [ParNew: 0K->0K(3072K), 0.0002467 secs]29.312: [CMS: 4993K->897K(6848K), 0.0020254 secs] 4993K->897K(9920K), [Metaspace: 3664K->3664K(1056768K)], 0.0023560 secs] [Times: user=0.00 sys=0.00, real=0.00 secs] 
29.314: [GC (CMS Initial Mark) [1 CMS-initial-mark: 4993K(6848K)] 4993K(9920K), 0.0001797 secs] [Times: user=0.00 sys=0.00, real=0.00 secs] 
29.315: [CMS-concurrent-mark-start]
29.315: [GC (Allocation Failure) 29.315: [ParNew: 0K->0K(3072K), 0.0004076 secs]29.315: [CMS29.324: [CMS-concurrent-mark: 0.002/0.010 secs] [Times: user=0.00 sys=0.00, real=0.01 secs] 
 (concurrent mode failure): 4993K->897K(6848K), 0.0115053 secs] 4993K->897K(9920K), [Metaspace: 3664K->3664K(1056768K)], 0.0120072 secs] [Times: user=0.00 sys=0.00, real=0.01 secs] 
29.327: [GC (Allocation Failure) 29.327: [ParNew: 0K->0K(3072K), 0.0002281 secs]29.327: [CMS: 4993K->897K(6848K), 0.0018563 secs] 4993K->897K(9920K), [Metaspace: 3664K->3664K(1056768K)], 0.0021513 secs] [Times: user=0.00 sys=0.00, real=0.00 secs] 
29.329: [GC (CMS Initial Mark) [1 CMS-initial-mark: 4993K(6848K)] 4993K(9920K), 0.0002163 secs] [Times: user=0.00 sys=0.00, real=0.00 secs] 
29.330: [CMS-concurrent-mark-start]
29.330: [GC (Allocation Failure) 29.330: [ParNew: 0K->0K(3072K), 0.0003359 secs]29.330: [CMS29.341: [CMS-concurrent-mark: 0.002/0.011 secs] [Times: user=0.00 sys=0.00, real=0.01 secs] 
 (concurrent mode failure): 4993K->897K(6848K), 0.0133791 secs] 4993K->897K(9920K), [Metaspace: 3664K->3664K(1056768K)], 0.0138030 secs] [Times: user=0.00 sys=0.00, real=0.01 secs] 
29.344: [GC (Allocation Failure) 29.344: [ParNew: 0K->0K(3072K), 0.0003829 secs]29.344: [CMS: 4993K->897K(6848K), 0.0026586 secs] 4993K->897K(9920K), [Metaspace: 3664K->3664K(1056768K)], 0.0031279 secs] [Times: user=0.00 sys=0.00, real=0.00 secs] 
29.348: [GC (CMS Initial Mark) [1 CMS-initial-mark: 4993K(6848K)] 4993K(9920K), 0.0001682 secs] [Times: user=0.00 sys=0.00, real=0.00 secs] 
29.348: [CMS-concurrent-mark-start]
29.348: [GC (Allocation Failure) 29.348: [ParNew: 0K->0K(3072K), 0.0003900 secs]29.348: [CMS29.356: [CMS-concurrent-mark: 0.002/0.008 secs] [Times: user=0.00 sys=0.02, real=0.01 secs] 
 (concurrent mode failure): 4993K->897K(6848K), 0.0101014 secs] 4993K->897K(9920K), [Metaspace: 3664K->3664K(1056768K)], 0.0106166 secs] [Times: user=0.00 sys=0.02, real=0.01 secs] 
29.359: [GC (Allocation Failure) 29.359: [ParNew: 0K->0K(3072K), 0.0002164 secs]29.359: [CMS: 4993K->897K(6848K), 0.0017788 secs] 4993K->897K(9920K), [Metaspace: 3664K->3664K(1056768K)], 0.0020511 secs] [Times: user=0.00 sys=0.00, real=0.00 secs] 
29.361: [GC (CMS Initial Mark) [1 CMS-initial-mark: 4993K(6848K)] 4993K(9920K), 0.0001292 secs] [Times: user=0.00 sys=0.00, real=0.00 secs] 
29.361: [CMS-concurrent-mark-start]
29.362: [GC (Allocation Failure) 29.362: [ParNew: 0K->0K(3072K), 0.0002123 secs]29.362: [CMS29.372: [CMS-concurrent-mark: 0.001/0.010 secs] [Times: user=0.00 sys=0.00, real=0.01 secs] 
 (concurrent mode failure): 4993K->897K(6848K), 0.0123266 secs] 4993K->897K(9920K), [Metaspace: 3664K->3664K(1056768K)], 0.0126137 secs] [Times: user=0.00 sys=0.00, real=0.01 secs] 
29.375: [GC (Allocation Failure) 29.375: [ParNew: 0K->0K(3072K), 0.0002340 secs]29.375: [CMS: 4993K->897K(6848K), 0.0018261 secs] 4993K->897K(9920K), [Metaspace: 3664K->3664K(1056768K)], 0.0021252 secs] [Times: user=0.00 sys=0.00, real=0.00 secs] 
29.377: [GC (CMS Initial Mark) [1 CMS-initial-mark: 4993K(6848K)] 4993K(9920K), 0.0001628 secs] [Times: user=0.00 sys=0.00, real=0.00 secs] 
29.377: [CMS-concurrent-mark-start]
29.377: [GC (Allocation Failure) 29.377: [ParNew: 0K->0K(3072K), 0.0002270 secs]29.378: [CMS29.388: [CMS-concurrent-mark: 0.002/0.010 secs] [Times: user=0.00 sys=0.00, real=0.01 secs] 
 (concurrent mode failure): 4993K->897K(6848K), 0.0122032 secs] 4993K->897K(9920K), [Metaspace: 3664K->3664K(1056768K)], 0.0124997 secs] [Times: user=0.00 sys=0.00, real=0.01 secs] 
29.390: [GC (Allocation Failure) 29.390: [ParNew: 0K->0K(3072K), 0.0002186 secs]29.391: [CMS: 4993K->897K(6848K), 0.0017141 secs] 4993K->897K(9920K), [Metaspace: 3664K->3664K(1056768K)], 0.0019909 secs] [Times: user=0.00 sys=0.00, real=0.00 secs] 
29.393: [GC (CMS Initial Mark) [1 CMS-initial-mark: 4993K(6848K)] 4993K(9920K), 0.0001090 secs] [Times: user=0.00 sys=0.00, real=0.00 secs] 
29.393: [CMS-concurrent-mark-start]
29.393: [GC (Allocation Failure) 29.393: [ParNew: 0K->0K(3072K), 0.0001937 secs]29.393: [CMS29.403: [CMS-concurrent-mark: 0.002/0.011 secs] [Times: user=0.00 sys=0.00, real=0.01 secs] 
 (concurrent mode failure): 4993K->897K(6848K), 0.0125604 secs] 4993K->897K(9920K), [Metaspace: 3664K->3664K(1056768K)], 0.0128208 secs] [Times: user=0.00 sys=0.00, real=0.01 secs] 
29.406: [GC (Allocation Failure) 29.406: [ParNew: 0K->0K(3072K), 0.0002138 secs]29.406: [CMS: 4993K->897K(6848K), 0.0019160 secs] 4993K->897K(9920K), [Metaspace: 3664K->3664K(1056768K)], 0.0022054 secs] [Times: user=0.00 sys=0.00, real=0.00 secs] 
29.409: [GC (CMS Initial Mark) [1 CMS-initial-mark: 4993K(6848K)] 4993K(9920K), 0.0001212 secs] [Times: user=0.00 sys=0.00, real=0.00 secs] 
29.409: [CMS-concurrent-mark-start]
29.409: [GC (Allocation Failure) 29.409: [ParNew: 0K->0K(3072K), 0.0002116 secs]29.409: [CMS29.419: [CMS-concurrent-mark: 0.002/0.010 secs] [Times: user=0.00 sys=0.00, real=0.01 secs] 
 (concurrent mode failure): 4993K->897K(6848K), 0.0119131 secs] 4993K->897K(9920K), [Metaspace: 3664K->3664K(1056768K)], 0.0121965 secs] [Times: user=0.00 sys=0.00, real=0.01 secs] 
29.422: [GC (Allocation Failure) 29.422: [ParNew: 0K->0K(3072K), 0.0002333 secs]29.422: [CMS: 4993K->897K(6848K), 0.0019162 secs] 4993K->897K(9920K), [Metaspace: 3664K->3664K(1056768K)], 0.0022191 secs] [Times: user=0.00 sys=0.00, real=0.00 secs] 
29.424: [GC (CMS Initial Mark) [1 CMS-initial-mark: 4993K(6848K)] 4993K(9920K), 0.0001171 secs] [Times: user=0.00 sys=0.00, real=0.00 secs] 
29.424: [CMS-concurrent-mark-start]
29.424: [GC (Allocation Failure) 29.424: [ParNew: 0K->0K(3072K), 0.0003128 secs]29.425: [CMS29.435: [CMS-concurrent-mark: 0.001/0.010 secs] [Times: user=0.00 sys=0.00, real=0.01 secs] 
 (concurrent mode failure): 4993K->897K(6848K), 0.0122133 secs] 4993K->897K(9920K), [Metaspace: 3664K->3664K(1056768K)], 0.0125926 secs] [Times: user=0.00 sys=0.00, real=0.01 secs] 
29.437: [GC (Allocation Failure) 29.437: [ParNew: 0K->0K(3072K), 0.0002469 secs]29.438: [CMS: 4993K->897K(6848K), 0.0018578 secs] 4993K->897K(9920K), [Metaspace: 3664K->3664K(1056768K)], 0.0021807 secs] [Times: user=0.00 sys=0.00, real=0.00 secs] 
29.440: [GC (CMS Initial Mark) [1 CMS-initial-mark: 4993K(6848K)] 4993K(9920K), 0.0000804 secs] [Times: user=0.00 sys=0.00, real=0.00 secs] 
29.440: [CMS-concurrent-mark-start]
29.440: [GC (Allocation Failure) 29.440: [ParNew: 0K->0K(3072K), 0.0002053 secs]29.440: [CMS29.451: [CMS-concurrent-mark: 0.001/0.011 secs] [Times: user=0.00 sys=0.00, real=0.01 secs] 
 (concurrent mode failure): 4993K->897K(6848K), 0.0130643 secs] 4993K->897K(9920K), [Metaspace: 3664K->3664K(1056768K)], 0.0133367 secs] [Times: user=0.00 sys=0.00, real=0.01 secs] 
29.454: [GC (Allocation Failure) 29.454: [ParNew: 0K->0K(3072K), 0.0002591 secs]29.454: [CMS: 4993K->897K(6848K), 0.0017994 secs] 4993K->897K(9920K), [Metaspace: 3664K->3664K(1056768K)], 0.0021725 secs] [Times: user=0.00 sys=0.00, real=0.00 secs] 
29.456: [GC (CMS Initial Mark) [1 CMS-initial-mark: 4993K(6848K)] 4993K(9920K), 0.0001580 secs] [Times: user=0.00 sys=0.00, real=0.00 secs] 
29.457: [CMS-concurrent-mark-start]
29.457: [GC (Allocation Failure) 29.457: [ParNew: 0K->0K(3072K), 0.0002857 secs]29.457: [CMS29.466: [CMS-concurrent-mark: 0.002/0.009 secs] [Times: user=0.00 sys=0.00, real=0.01 secs] 
 (concurrent mode failure): 4993K->897K(6848K), 0.0116419 secs] 4993K->897K(9920K), [Metaspace: 3664K->3664K(1056768K)], 0.0120275 secs] [Times: user=0.00 sys=0.00, real=0.01 secs] 
29.469: [GC (Allocation Failure) 29.469: [ParNew: 0K->0K(3072K), 0.0003834 secs]29.470: [CMS: 4993K->897K(6848K), 0.0019929 secs] 4993K->897K(9920K), [Metaspace: 3664K->3664K(1056768K)], 0.0024648 secs] [Times: user=0.00 sys=0.00, real=0.00 secs] 
29.472: [GC (CMS Initial Mark) [1 CMS-initial-mark: 4993K(6848K)] 4993K(9920K), 0.0001281 secs] [Times: user=0.00 sys=0.00, real=0.00 secs] 
29.472: [CMS-concurrent-mark-start]
29.472: [GC (Allocation Failure) 29.472: [ParNew: 0K->0K(3072K), 0.0003982 secs]29.473: [CMS29.481: [CMS-concurrent-mark: 0.001/0.009 secs] [Times: user=0.00 sys=0.00, real=0.01 secs] 
 (concurrent mode failure): 4993K->897K(6848K), 0.0114309 secs] 4993K->897K(9920K), [Metaspace: 3664K->3664K(1056768K)], 0.0119014 secs] [Times: user=0.00 sys=0.00, real=0.01 secs] 
29.485: [GC (Allocation Failure) 29.485: [ParNew: 0K->0K(3072K), 0.0002174 secs]29.485: [CMS: 4993K->897K(6848K), 0.0018321 secs] 4993K->897K(9920K), [Metaspace: 3664K->3664K(1056768K)], 0.0021066 secs] [Times: user=0.00 sys=0.00, real=0.00 secs] 
29.487: [GC (CMS Initial Mark) [1 CMS-initial-mark: 4993K(6848K)] 4993K(9920K), 0.0002058 secs] [Times: user=0.00 sys=0.00, real=0.00 secs] 
29.487: [CMS-concurrent-mark-start]
29.487: [GC (Allocation Failure) 29.487: [ParNew: 0K->0K(3072K), 0.0001785 secs]29.488: [CMS29.497: [CMS-concurrent-mark: 0.002/0.010 secs] [Times: user=0.00 sys=0.00, real=0.01 secs] 
 (concurrent mode failure): 4993K->897K(6848K), 0.0131136 secs] 4993K->897K(9920K), [Metaspace: 3664K->3664K(1056768K)], 0.0133762 secs] [Times: user=0.00 sys=0.00, real=0.01 secs] 
29.501: [GC (Allocation Failure) 29.501: [ParNew: 0K->0K(3072K), 0.0002442 secs]29.501: [CMS: 4993K->897K(6848K), 0.0020062 secs] 4993K->897K(9920K), [Metaspace: 3664K->3664K(1056768K)], 0.0023140 secs] [Times: user=0.00 sys=0.00, real=0.00 secs] 
29.504: [GC (CMS Initial Mark) [1 CMS-initial-mark: 4993K(6848K)] 4993K(9920K), 0.0001132 secs] [Times: user=0.00 sys=0.00, real=0.00 secs] 
29.504: [CMS-concurrent-mark-start]
29.504: [GC (Allocation Failure) 29.504: [ParNew: 0K->0K(3072K), 0.0002882 secs]29.505: [CMS29.513: [CMS-concurrent-mark: 0.002/0.009 secs] [Times: user=0.00 sys=0.00, real=0.01 secs] 
 (concurrent mode failure): 4993K->897K(6848K), 0.0120169 secs] 4993K->897K(9920K), [Metaspace: 3664K->3664K(1056768K)], 0.0123870 secs] [Times: user=0.00 sys=0.00, real=0.01 secs] 
29.517: [GC (Allocation Failure) 29.517: [ParNew: 0K->0K(3072K), 0.0002359 secs]29.517: [CMS: 4993K->897K(6848K), 0.0018763 secs] 4993K->897K(9920K), [Metaspace: 3664K->3664K(1056768K)], 0.0021761 secs] [Times: user=0.00 sys=0.00, real=0.00 secs] 
29.519: [GC (CMS Initial Mark) [1 CMS-initial-mark: 4993K(6848K)] 4993K(9920K), 0.0001222 secs] [Times: user=0.00 sys=0.00, real=0.00 secs] 
29.520: [CMS-concurrent-mark-start]
29.520: [GC (Allocation Failure) 29.520: [ParNew: 0K->0K(3072K), 0.0003246 secs]29.520: [CMS29.529: [CMS-concurrent-mark: 0.002/0.009 secs] [Times: user=0.00 sys=0.00, real=0.01 secs] 
 (concurrent mode failure): 4993K->897K(6848K), 0.0115116 secs] 4993K->897K(9920K), [Metaspace: 3664K->3664K(1056768K)], 0.0119126 secs] [Times: user=0.00 sys=0.00, real=0.01 secs] 
29.532: [GC (Allocation Failure) 29.532: [ParNew: 0K->0K(3072K), 0.0002420 secs]29.532: [CMS: 4993K->897K(6848K), 0.0018404 secs] 4993K->897K(9920K), [Metaspace: 3664K->3664K(1056768K)], 0.0021476 secs] [Times: user=0.00 sys=0.00, real=0.00 secs] 
29.535: [GC (CMS Initial Mark) [1 CMS-initial-mark: 4993K(6848K)] 4993K(9920K), 0.0001390 secs] [Times: user=0.00 sys=0.00, real=0.00 secs] 
29.535: [CMS-concurrent-mark-start]
29.535: [GC (Allocation Failure) 29.535: [ParNew: 0K->0K(3072K), 0.0001896 secs]29.535: [CMS29.544: [CMS-concurrent-mark: 0.002/0.010 secs] [Times: user=0.00 sys=0.00, real=0.01 secs] 
 (concurrent mode failure): 4993K->897K(6848K), 0.0117033 secs] 4993K->897K(9920K), [Metaspace: 3664K->3664K(1056768K)], 0.0120058 secs] [Times: user=0.00 sys=0.00, real=0.01 secs] 
29.547: [GC (Allocation Failure) 29.547: [ParNew: 0K->0K(3072K), 0.0003230 secs]29.548: [CMS: 4993K->897K(6848K), 0.0022258 secs] 4993K->897K(9920K), [Metaspace: 3664K->3664K(1056768K)], 0.0026670 secs] [Times: user=0.00 sys=0.00, real=0.00 secs] 
29.550: [GC (CMS Initial Mark) [1 CMS-initial-mark: 4993K(6848K)] 4993K(9920K), 0.0001772 secs] [Times: user=0.00 sys=0.00, real=0.00 secs] 
29.551: [CMS-concurrent-mark-start]
29.551: [GC (Allocation Failure) 29.551: [ParNew: 0K->0K(3072K), 0.0002923 secs]29.551: [CMS29.560: [CMS-concurrent-mark: 0.002/0.010 secs] [Times: user=0.00 sys=0.00, real=0.01 secs] 
 (concurrent mode failure): 4993K->897K(6848K), 0.0119231 secs] 4993K->897K(9920K), [Metaspace: 3664K->3664K(1056768K)], 0.0123063 secs] [Times: user=0.00 sys=0.00, real=0.01 secs] 
29.563: [GC (Allocation Failure) 29.564: [ParNew: 0K->0K(3072K), 0.0002723 secs]29.564: [CMS: 4993K->897K(6848K), 0.0036899 secs] 4993K->897K(9920K), [Metaspace: 3664K->3664K(1056768K)], 0.0040865 secs] [Times: user=0.00 sys=0.01, real=0.00 secs] 
29.568: [GC (CMS Initial Mark) [1 CMS-initial-mark: 4993K(6848K)] 4993K(9920K), 0.0001566 secs] [Times: user=0.00 sys=0.00, real=0.00 secs] 
29.568: [CMS-concurrent-mark-start]
29.568: [GC (Allocation Failure) 29.568: [ParNew: 0K->0K(3072K), 0.0001935 secs]29.569: [CMS29.576: [CMS-concurrent-mark: 0.001/0.008 secs] [Times: user=0.00 sys=0.00, real=0.01 secs] 
 (concurrent mode failure): 4993K->897K(6848K), 0.0095872 secs] 4993K->897K(9920K), [Metaspace: 3664K->3664K(1056768K)], 0.0098569 secs] [Times: user=0.00 sys=0.00, real=0.01 secs] 
29.579: [GC (Allocation Failure) 29.579: [ParNew: 0K->0K(3072K), 0.0002041 secs]29.579: [CMS: 4993K->897K(6848K), 0.0019779 secs] 4993K->897K(9920K), [Metaspace: 3664K->3664K(1056768K)], 0.0022608 secs] [Times: user=0.00 sys=0.00, real=0.00 secs] 
29.581: [GC (CMS Initial Mark) [1 CMS-initial-mark: 4993K(6848K)] 4993K(9920K), 0.0001344 secs] [Times: user=0.00 sys=0.00, real=0.00 secs] 
29.581: [CMS-concurrent-mark-start]
29.581: [GC (Allocation Failure) 29.581: [ParNew: 0K->0K(3072K), 0.0003286 secs]29.582: [CMS29.591: [CMS-concurrent-mark: 0.001/0.009 secs] [Times: user=0.00 sys=0.00, real=0.01 secs] 
 (concurrent mode failure): 4993K->897K(6848K), 0.0113699 secs] 4993K->897K(9920K), [Metaspace: 3664K->3664K(1056768K)], 0.0117804 secs] [Times: user=0.00 sys=0.00, real=0.01 secs] 
29.593: [GC (Allocation Failure) 29.593: [ParNew: 0K->0K(3072K), 0.0002082 secs]29.594: [CMS: 4993K->897K(6848K), 0.0018630 secs] 4993K->897K(9920K), [Metaspace: 3664K->3664K(1056768K)], 0.0021368 secs] [Times: user=0.00 sys=0.00, real=0.00 secs] 
29.596: [GC (CMS Initial Mark) [1 CMS-initial-mark: 4993K(6848K)] 4993K(9920K), 0.0000819 secs] [Times: user=0.00 sys=0.00, real=0.00 secs] 
29.596: [CMS-concurrent-mark-start]
29.596: [GC (Allocation Failure) 29.596: [ParNew: 0K->0K(3072K), 0.0001940 secs]29.596: [CMS29.607: [CMS-concurrent-mark: 0.002/0.011 secs] [Times: user=0.00 sys=0.00, real=0.01 secs] 
 (concurrent mode failure): 4993K->897K(6848K), 0.0140245 secs] 4993K->897K(9920K), [Metaspace: 3664K->3664K(1056768K)], 0.0143099 secs] [Times: user=0.00 sys=0.00, real=0.01 secs] 
29.611: [GC (Allocation Failure) 29.611: [ParNew: 0K->0K(3072K), 0.0003172 secs]29.611: [CMS: 4993K->897K(6848K), 0.0021535 secs] 4993K->897K(9920K), [Metaspace: 3664K->3664K(1056768K)], 0.0025717 secs] [Times: user=0.00 sys=0.00, real=0.00 secs] 
29.614: [GC (CMS Initial Mark) [1 CMS-initial-mark: 4993K(6848K)] 4993K(9920K), 0.0002512 secs] [Times: user=0.00 sys=0.02, real=0.00 secs] 
29.614: [CMS-concurrent-mark-start]
29.614: [GC (Allocation Failure) 29.614: [ParNew: 0K->0K(3072K), 0.0002967 secs]29.615: [CMS29.622: [CMS-concurrent-mark: 0.002/0.008 secs] [Times: user=0.00 sys=0.00, real=0.01 secs] 
 (concurrent mode failure): 4993K->897K(6848K), 0.0107229 secs] 4993K->897K(9920K), [Metaspace: 3664K->3664K(1056768K)], 0.0111145 secs] [Times: user=0.00 sys=0.00, real=0.01 secs] 
29.626: [GC (Allocation Failure) 29.626: [ParNew: 0K->0K(3072K), 0.0004353 secs]29.626: [CMS: 4993K->897K(6848K), 0.0027523 secs] 4993K->897K(9920K), [Metaspace: 3664K->3664K(1056768K)], 0.0032850 secs] [Times: user=0.00 sys=0.00, real=0.00 secs] 
29.629: [GC (CMS Initial Mark) [1 CMS-initial-mark: 4993K(6848K)] 4993K(9920K), 0.0001202 secs] [Times: user=0.00 sys=0.00, real=0.00 secs] 
29.629: [CMS-concurrent-mark-start]
29.630: [GC (Allocation Failure) 29.630: [ParNew: 0K->0K(3072K), 0.0002801 secs]29.630: [CMS29.637: [CMS-concurrent-mark: 0.001/0.007 secs] [Times: user=0.05 sys=0.00, real=0.01 secs] 
 (concurrent mode failure): 4993K->897K(6848K), 0.0099825 secs] 4993K->897K(9920K), [Metaspace: 3664K->3664K(1056768K)], 0.0103503 secs] [Times: user=0.05 sys=0.00, real=0.01 secs] 
29.640: [GC (Allocation Failure) 29.640: [ParNew: 0K->0K(3072K), 0.0002291 secs]29.640: [CMS: 4993K->897K(6848K), 0.0019192 secs] 4993K->897K(9920K), [Metaspace: 3664K->3664K(1056768K)], 0.0022254 secs] [Times: user=0.00 sys=0.00, real=0.00 secs] 
29.643: [GC (CMS Initial Mark) [1 CMS-initial-mark: 4993K(6848K)] 4993K(9920K), 0.0001232 secs] [Times: user=0.00 sys=0.00, real=0.00 secs] 
29.643: [CMS-concurrent-mark-start]
29.643: [GC (Allocation Failure) 29.643: [ParNew: 0K->0K(3072K), 0.0002016 secs]29.643: [CMS29.652: [CMS-concurrent-mark: 0.001/0.009 secs] [Times: user=0.00 sys=0.00, real=0.01 secs] 
 (concurrent mode failure): 4993K->897K(6848K), 0.0114647 secs] 4993K->897K(9920K), [Metaspace: 3664K->3664K(1056768K)], 0.0117332 secs] [Times: user=0.00 sys=0.00, real=0.01 secs] 
29.655: [GC (Allocation Failure) 29.655: [ParNew: 0K->0K(3072K), 0.0003010 secs]29.655: [CMS: 4993K->897K(6848K), 0.0026138 secs] 4993K->897K(9920K), [Metaspace: 3664K->3664K(1056768K)], 0.0030222 secs] [Times: user=0.00 sys=0.00, real=0.00 secs] 
29.659: [GC (CMS Initial Mark) [1 CMS-initial-mark: 4993K(6848K)] 4993K(9920K), 0.0001753 secs] [Times: user=0.00 sys=0.00, real=0.00 secs] 
29.659: [CMS-concurrent-mark-start]
29.659: [GC (Allocation Failure) 29.659: [ParNew: 0K->0K(3072K), 0.0002527 secs]29.659: [CMS29.668: [CMS-concurrent-mark: 0.001/0.009 secs] [Times: user=0.00 sys=0.00, real=0.01 secs] 
 (concurrent mode failure): 4993K->897K(6848K), 0.0121585 secs] 4993K->897K(9920K), [Metaspace: 3664K->3664K(1056768K)], 0.0125044 secs] [Times: user=0.00 sys=0.00, real=0.01 secs] 
29.672: [GC (Allocation Failure) 29.672: [ParNew: 0K->0K(3072K), 0.0003111 secs]29.672: [CMS: 4993K->897K(6848K), 0.0030490 secs] 4993K->897K(9920K), [Metaspace: 3664K->3664K(1056768K)], 0.0034554 secs] [Times: user=0.00 sys=0.00, real=0.00 secs] 
29.676: [GC (CMS Initial Mark) [1 CMS-initial-mark: 4993K(6848K)] 4993K(9920K), 0.0001601 secs] [Times: user=0.00 sys=0.00, real=0.00 secs] 
29.676: [CMS-concurrent-mark-start]
29.676: [GC (Allocation Failure) 29.676: [ParNew: 0K->0K(3072K), 0.0002600 secs]29.676: [CMS29.684: [CMS-concurrent-mark: 0.001/0.008 secs] [Times: user=0.00 sys=0.00, real=0.01 secs] 
 (concurrent mode failure): 4993K->897K(6848K), 0.0102778 secs] 4993K->897K(9920K), [Metaspace: 3664K->3664K(1056768K)], 0.0106263 secs] [Times: user=0.00 sys=0.00, real=0.01 secs] 
29.687: [GC (Allocation Failure) 29.687: [ParNew: 0K->0K(3072K), 0.0002455 secs]29.687: [CMS: 4993K->897K(6848K), 0.0027146 secs] 4993K->897K(9920K), [Metaspace: 3664K->3664K(1056768K)], 0.0030429 secs] [Times: user=0.00 sys=0.00, real=0.00 secs] 
29.691: [GC (CMS Initial Mark) [1 CMS-initial-mark: 4993K(6848K)] 4993K(9920K), 0.0001561 secs] [Times: user=0.00 sys=0.00, real=0.00 secs] 
29.691: [CMS-concurrent-mark-start]
29.691: [GC (Allocation Failure) 29.691: [ParNew: 0K->0K(3072K), 0.0002879 secs]29.691: [CMS29.700: [CMS-concurrent-mark: 0.002/0.010 secs] [Times: user=0.00 sys=0.00, real=0.01 secs] 
 (concurrent mode failure): 4993K->897K(6848K), 0.0119613 secs] 4993K->897K(9920K), [Metaspace: 3664K->3664K(1056768K)], 0.0123293 secs] [Times: user=0.00 sys=0.00, real=0.01 secs] 
29.704: [GC (Allocation Failure) 29.704: [ParNew: 0K->0K(3072K), 0.0002926 secs]29.704: [CMS: 4993K->897K(6848K), 0.0022504 secs] 4993K->897K(9920K), [Metaspace: 3664K->3664K(1056768K)], 0.0026189 secs] [Times: user=0.00 sys=0.00, real=0.00 secs] 
29.707: [GC (CMS Initial Mark) [1 CMS-initial-mark: 4993K(6848K)] 4993K(9920K), 0.0003325 secs] [Times: user=0.00 sys=0.00, real=0.00 secs] 
29.707: [CMS-concurrent-mark-start]
29.707: [GC (Allocation Failure) 29.707: [ParNew: 0K->0K(3072K), 0.0004465 secs]29.708: [CMS29.715: [CMS-concurrent-mark: 0.002/0.008 secs] [Times: user=0.00 sys=0.00, real=0.01 secs] 
 (concurrent mode failure): 4993K->897K(6848K), 0.0105006 secs] 4993K->897K(9920K), [Metaspace: 3664K->3664K(1056768K)], 0.0110675 secs] [Times: user=0.00 sys=0.00, real=0.01 secs] 
29.719: [GC (Allocation Failure) 29.719: [ParNew: 0K->0K(3072K), 0.0002794 secs]29.719: [CMS: 4993K->897K(6848K), 0.0024093 secs] 4993K->897K(9920K), [Metaspace: 3664K->3664K(1056768K)], 0.0027752 secs] [Times: user=0.00 sys=0.00, real=0.00 secs] 
29.722: [GC (CMS Initial Mark) [1 CMS-initial-mark: 4993K(6848K)] 4993K(9920K), 0.0002648 secs] [Times: user=0.00 sys=0.00, real=0.00 secs] 
29.722: [CMS-concurrent-mark-start]
29.722: [GC (Allocation Failure) 29.722: [ParNew: 0K->0K(3072K), 0.0003271 secs]29.723: [CMS29.731: [CMS-concurrent-mark: 0.002/0.009 secs] [Times: user=0.00 sys=0.00, real=0.01 secs] 
 (concurrent mode failure): 4993K->897K(6848K), 0.0120272 secs] 4993K->897K(9920K), [Metaspace: 3664K->3664K(1056768K)], 0.0124619 secs] [Times: user=0.00 sys=0.00, real=0.01 secs] 
29.735: [GC (Allocation Failure) 29.735: [ParNew: 0K->0K(3072K), 0.0002385 secs]29.735: [CMS: 4993K->897K(6848K), 0.0026790 secs] 4993K->897K(9920K), [Metaspace: 3664K->3664K(1056768K)], 0.0030044 secs] [Times: user=0.00 sys=0.00, real=0.00 secs] 
29.738: [GC (CMS Initial Mark) [1 CMS-initial-mark: 4993K(6848K)] 4993K(9920K), 0.0001157 secs] [Times: user=0.00 sys=0.00, real=0.00 secs] 
29.739: [CMS-concurrent-mark-start]
29.739: [GC (Allocation Failure) 29.739: [ParNew: 0K->0K(3072K), 0.0002590 secs]29.739: [CMS29.747: [CMS-concurrent-mark: 0.001/0.008 secs] [Times: user=0.00 sys=0.00, real=0.01 secs] 
 (concurrent mode failure): 4993K->897K(6848K), 0.0105202 secs] 4993K->897K(9920K), [Metaspace: 3664K->3664K(1056768K)], 0.0108586 secs] [Times: user=0.00 sys=0.00, real=0.01 secs] 
29.750: [GC (Allocation Failure) 29.750: [ParNew: 0K->0K(3072K), 0.0002248 secs]29.750: [CMS: 4993K->897K(6848K), 0.0020091 secs] 4993K->897K(9920K), [Metaspace: 3664K->3664K(1056768K)], 0.0022993 secs] [Times: user=0.00 sys=0.00, real=0.00 secs] 
29.752: [GC (CMS Initial Mark) [1 CMS-initial-mark: 4993K(6848K)] 4993K(9920K), 0.0001865 secs] [Times: user=0.00 sys=0.00, real=0.00 secs] 
29.753: [CMS-concurrent-mark-start]
29.753: [GC (Allocation Failure) 29.753: [ParNew: 0K->0K(3072K), 0.0002489 secs]29.753: [CMS29.763: [CMS-concurrent-mark: 0.002/0.010 secs] [Times: user=0.00 sys=0.00, real=0.01 secs] 
 (concurrent mode failure): 4993K->897K(6848K), 0.0132027 secs] 4993K->897K(9920K), [Metaspace: 3664K->3664K(1056768K)], 0.0135409 secs] [Times: user=0.00 sys=0.00, real=0.01 secs] 
29.767: [GC (Allocation Failure) 29.767: [ParNew: 0K->0K(3072K), 0.0002358 secs]29.767: [CMS: 4993K->897K(6848K), 0.0020990 secs] 4993K->897K(9920K), [Metaspace: 3664K->3664K(1056768K)], 0.0024213 secs] [Times: user=0.00 sys=0.00, real=0.00 secs] 
29.769: [GC (CMS Initial Mark) [1 CMS-initial-mark: 4993K(6848K)] 4993K(9920K), 0.0000929 secs] [Times: user=0.00 sys=0.00, real=0.00 secs] 
29.769: [CMS-concurrent-mark-start]
29.770: [GC (Allocation Failure) 29.770: [ParNew: 0K->0K(3072K), 0.0002125 secs]29.770: [CMS29.778: [CMS-concurrent-mark: 0.001/0.008 secs] [Times: user=0.00 sys=0.00, real=0.01 secs] 
 (concurrent mode failure): 4993K->897K(6848K), 0.0105851 secs] 4993K->897K(9920K), [Metaspace: 3664K->3664K(1056768K)], 0.0108894 secs] [Times: user=0.00 sys=0.00, real=0.01 secs] 
29.781: [GC (Allocation Failure) 29.781: [ParNew: 0K->0K(3072K), 0.0002574 secs]29.781: [CMS: 4993K->897K(6848K), 0.0028046 secs] 4993K->897K(9920K), [Metaspace: 3664K->3664K(1056768K)], 0.0031550 secs] [Times: user=0.00 sys=0.00, real=0.00 secs] 
29.784: [GC (CMS Initial Mark) [1 CMS-initial-mark: 4993K(6848K)] 4993K(9920K), 0.0000911 secs] [Times: user=0.00 sys=0.00, real=0.00 secs] 
29.784: [CMS-concurrent-mark-start]
29.784: [GC (Allocation Failure) 29.784: [ParNew: 0K->0K(3072K), 0.0001780 secs]29.785: [CMS29.793: [CMS-concurrent-mark: 0.001/0.009 secs] [Times: user=0.00 sys=0.00, real=0.01 secs] 
 (concurrent mode failure): 4993K->897K(6848K), 0.0109548 secs] 4993K->897K(9920K), [Metaspace: 3664K->3664K(1056768K)], 0.0112037 secs] [Times: user=0.00 sys=0.00, real=0.01 secs] 
29.796: [GC (Allocation Failure) 29.796: [ParNew: 0K->0K(3072K), 0.0002716 secs]29.796: [CMS: 4993K->897K(6848K), 0.0038016 secs] 4993K->897K(9920K), [Metaspace: 3664K->3664K(1056768K)], 0.0041577 secs] [Times: user=0.00 sys=0.00, real=0.00 secs] 
29.801: [GC (CMS Initial Mark) [1 CMS-initial-mark: 4993K(6848K)] 4993K(9920K), 0.0000846 secs] [Times: user=0.00 sys=0.00, real=0.00 secs] 
29.801: [CMS-concurrent-mark-start]
29.801: [GC (Allocation Failure) 29.801: [ParNew: 0K->0K(3072K), 0.0001900 secs]29.801: [CMS29.809: [CMS-concurrent-mark: 0.002/0.009 secs] [Times: user=0.00 sys=0.00, real=0.01 secs] 
 (concurrent mode failure): 4993K->897K(6848K), 0.0107685 secs] 4993K->897K(9920K), [Metaspace: 3664K->3664K(1056768K)], 0.0110451 secs] [Times: user=0.00 sys=0.00, real=0.01 secs] 
29.812: [GC (Allocation Failure) 29.812: [ParNew: 0K->0K(3072K), 0.0002333 secs]29.812: [CMS: 4993K->897K(6848K), 0.0034063 secs] 4993K->897K(9920K), [Metaspace: 3664K->3664K(1056768K)], 0.0037204 secs] [Times: user=0.00 sys=0.00, real=0.00 secs] 
29.816: [GC (CMS Initial Mark) [1 CMS-initial-mark: 4993K(6848K)] 4993K(9920K), 0.0001206 secs] [Times: user=0.00 sys=0.00, real=0.00 secs] 
29.816: [CMS-concurrent-mark-start]
29.816: [GC (Allocation Failure) 29.816: [ParNew: 0K->0K(3072K), 0.0001993 secs]29.817: [CMS29.824: [CMS-concurrent-mark: 0.001/0.008 secs] [Times: user=0.00 sys=0.00, real=0.01 secs] 
 (concurrent mode failure): 4993K->897K(6848K), 0.0101476 secs] 4993K->897K(9920K), [Metaspace: 3664K->3664K(1056768K)], 0.0104194 secs] [Times: user=0.00 sys=0.00, real=0.01 secs] 
29.827: [GC (Allocation Failure) 29.827: [ParNew: 0K->0K(3072K), 0.0002518 secs]29.827: [CMS: 4993K->897K(6848K), 0.0019611 secs] 4993K->897K(9920K), [Metaspace: 3664K->3664K(1056768K)], 0.0022866 secs] [Times: user=0.00 sys=0.00, real=0.00 secs] 
29.830: [GC (CMS Initial Mark) [1 CMS-initial-mark: 4993K(6848K)] 4993K(9920K), 0.0001579 secs] [Times: user=0.00 sys=0.00, real=0.00 secs] 
29.830: [CMS-concurrent-mark-start]
29.830: [GC (Allocation Failure) 29.830: [ParNew: 0K->0K(3072K), 0.0002532 secs]29.830: [CMS29.840: [CMS-concurrent-mark: 0.001/0.010 secs] [Times: user=0.00 sys=0.00, real=0.01 secs] 
 (concurrent mode failure): 4993K->897K(6848K), 0.0123603 secs] 4993K->897K(9920K), [Metaspace: 3664K->3664K(1056768K)], 0.0127020 secs] [Times: user=0.00 sys=0.00, real=0.01 secs] 
29.843: [GC (Allocation Failure) 29.843: [ParNew: 0K->0K(3072K), 0.0002567 secs]29.843: [CMS: 4993K->897K(6848K), 0.0019639 secs] 4993K->897K(9920K), [Metaspace: 3664K->3664K(1056768K)], 0.0023025 secs] [Times: user=0.00 sys=0.00, real=0.00 secs] 
29.846: [GC (CMS Initial Mark) [1 CMS-initial-mark: 4993K(6848K)] 4993K(9920K), 0.0000789 secs] [Times: user=0.00 sys=0.00, real=0.00 secs] 
29.846: [CMS-concurrent-mark-start]
29.846: [GC (Allocation Failure) 29.846: [ParNew: 0K->0K(3072K), 0.0002673 secs]29.846: [CMS29.856: [CMS-concurrent-mark: 0.001/0.010 secs] [Times: user=0.00 sys=0.00, real=0.01 secs] 
 (concurrent mode failure): 4993K->897K(6848K), 0.0116114 secs] 4993K->897K(9920K), [Metaspace: 3664K->3664K(1056768K)], 0.0119589 secs] [Times: user=0.00 sys=0.00, real=0.01 secs] 
29.858: [GC (Allocation Failure) 29.858: [ParNew: 0K->0K(3072K), 0.0002058 secs]29.859: [CMS: 4993K->897K(6848K), 0.0020521 secs] 4993K->897K(9920K), [Metaspace: 3664K->3664K(1056768K)], 0.0023337 secs] [Times: user=0.00 sys=0.00, real=0.00 secs] 
29.861: [GC (CMS Initial Mark) [1 CMS-initial-mark: 4993K(6848K)] 4993K(9920K), 0.0000784 secs] [Times: user=0.00 sys=0.00, real=0.00 secs] 
29.861: [CMS-concurrent-mark-start]
29.861: [GC (Allocation Failure) 29.861: [ParNew: 0K->0K(3072K), 0.0001976 secs]29.861: [CMS29.872: [CMS-concurrent-mark: 0.002/0.011 secs] [Times: user=0.00 sys=0.00, real=0.01 secs] 
 (concurrent mode failure): 4993K->897K(6848K), 0.0125247 secs] 4993K->897K(9920K), [Metaspace: 3664K->3664K(1056768K)], 0.0127919 secs] [Times: user=0.00 sys=0.00, real=0.01 secs] 
29.874: [GC (Allocation Failure) 29.874: [ParNew: 0K->0K(3072K), 0.0002473 secs]29.875: [CMS: 4993K->897K(6848K), 0.0020574 secs] 4993K->897K(9920K), [Metaspace: 3664K->3664K(1056768K)], 0.0023832 secs] [Times: user=0.00 sys=0.00, real=0.00 secs] 
29.877: [GC (CMS Initial Mark) [1 CMS-initial-mark: 4993K(6848K)] 4993K(9920K), 0.0000925 secs] [Times: user=0.00 sys=0.00, real=0.00 secs] 
29.877: [CMS-concurrent-mark-start]
29.877: [GC (Allocation Failure) 29.877: [ParNew: 0K->0K(3072K), 0.0002006 secs]29.877: [CMS29.887: [CMS-concurrent-mark: 0.001/0.010 secs] [Times: user=0.00 sys=0.00, real=0.01 secs] 
 (concurrent mode failure): 4993K->897K(6848K), 0.0119719 secs] 4993K->897K(9920K), [Metaspace: 3664K->3664K(1056768K)], 0.0122533 secs] [Times: user=0.00 sys=0.00, real=0.01 secs] 
29.890: [GC (Allocation Failure) 29.890: [ParNew: 0K->0K(3072K), 0.0002151 secs]29.890: [CMS: 4993K->897K(6848K), 0.0019324 secs] 4993K->897K(9920K), [Metaspace: 3664K->3664K(1056768K)], 0.0022184 secs] [Times: user=0.00 sys=0.00, real=0.00 secs] 
29.892: [GC (CMS Initial Mark) [1 CMS-initial-mark: 4993K(6848K)] 4993K(9920K), 0.0000847 secs] [Times: user=0.00 sys=0.00, real=0.00 secs] 
29.892: [CMS-concurrent-mark-start]
29.892: [GC (Allocation Failure) 29.892: [ParNew: 0K->0K(3072K), 0.0002336 secs]29.893: [CMS29.903: [CMS-concurrent-mark: 0.001/0.011 secs] [Times: user=0.00 sys=0.00, real=0.01 secs] 
 (concurrent mode failure): 4993K->897K(6848K), 0.0128218 secs] 4993K->897K(9920K), [Metaspace: 3664K->3664K(1056768K)], 0.0131279 secs] [Times: user=0.00 sys=0.00, real=0.01 secs] 
29.906: [GC (Allocation Failure) 29.906: [ParNew: 0K->0K(3072K), 0.0002407 secs]29.906: [CMS: 4993K->897K(6848K), 0.0019999 secs] 4993K->897K(9920K), [Metaspace: 3664K->3664K(1056768K)], 0.0023247 secs] [Times: user=0.00 sys=0.00, real=0.00 secs] 
29.909: [GC (CMS Initial Mark) [1 CMS-initial-mark: 4993K(6848K)] 4993K(9920K), 0.0001136 secs] [Times: user=0.00 sys=0.00, real=0.00 secs] 
29.909: [CMS-concurrent-mark-start]
29.909: [GC (Allocation Failure) 29.909: [ParNew: 0K->0K(3072K), 0.0001843 secs]29.909: [CMS29.918: [CMS-concurrent-mark: 0.001/0.010 secs] [Times: user=0.00 sys=0.00, real=0.01 secs] 
 (concurrent mode failure): 4993K->897K(6848K), 0.0118554 secs] 4993K->897K(9920K), [Metaspace: 3664K->3664K(1056768K)], 0.0121068 secs] [Times: user=0.00 sys=0.00, real=0.01 secs] 
29.921: [GC (Allocation Failure) 29.921: [ParNew: 0K->0K(3072K), 0.0002492 secs]29.921: [CMS: 4993K->897K(6848K), 0.0023385 secs] 4993K->897K(9920K), [Metaspace: 3664K->3664K(1056768K)], 0.0026744 secs] [Times: user=0.00 sys=0.00, real=0.00 secs] 
29.924: [GC (CMS Initial Mark) [1 CMS-initial-mark: 4993K(6848K)] 4993K(9920K), 0.0000867 secs] [Times: user=0.00 sys=0.00, real=0.00 secs] 
29.924: [CMS-concurrent-mark-start]
29.924: [GC (Allocation Failure) 29.924: [ParNew: 0K->0K(3072K), 0.0001993 secs]29.925: [CMS29.934: [CMS-concurrent-mark: 0.001/0.009 secs] [Times: user=0.00 sys=0.00, real=0.01 secs] 
 (concurrent mode failure): 4993K->897K(6848K), 0.0115368 secs] 4993K->897K(9920K), [Metaspace: 3664K->3664K(1056768K)], 0.0118213 secs] [Times: user=0.00 sys=0.00, real=0.01 secs] 
29.937: [GC (Allocation Failure) 29.937: [ParNew: 0K->0K(3072K), 0.0002029 secs]29.937: [CMS: 4993K->897K(6848K), 0.0019460 secs] 4993K->897K(9920K), [Metaspace: 3664K->3664K(1056768K)], 0.0022177 secs] [Times: user=0.00 sys=0.00, real=0.00 secs] 
29.939: [GC (CMS Initial Mark) [1 CMS-initial-mark: 4993K(6848K)] 4993K(9920K), 0.0000896 secs] [Times: user=0.00 sys=0.00, real=0.00 secs] 
29.939: [CMS-concurrent-mark-start]
29.939: [GC (Allocation Failure) 29.939: [ParNew: 0K->0K(3072K), 0.0001926 secs]29.939: [CMS29.949: [CMS-concurrent-mark: 0.001/0.010 secs] [Times: user=0.00 sys=0.00, real=0.01 secs] 
 (concurrent mode failure): 4993K->897K(6848K), 0.0116866 secs] 4993K->897K(9920K), [Metaspace: 3664K->3664K(1056768K)], 0.0119562 secs] [Times: user=0.00 sys=0.00, real=0.01 secs] 
29.951: [GC (Allocation Failure) 29.952: [ParNew: 0K->0K(3072K), 0.0002220 secs]29.952: [CMS: 4993K->897K(6848K), 0.0017915 secs] 4993K->897K(9920K), [Metaspace: 3664K->3664K(1056768K)], 0.0020775 secs] [Times: user=0.00 sys=0.00, real=0.00 secs] 
29.954: [GC (CMS Initial Mark) [1 CMS-initial-mark: 4993K(6848K)] 4993K(9920K), 0.0000728 secs] [Times: user=0.00 sys=0.00, real=0.00 secs] 
29.954: [CMS-concurrent-mark-start]
29.954: [GC (Allocation Failure) 29.954: [ParNew: 0K->0K(3072K), 0.0001984 secs]29.954: [CMS29.965: [CMS-concurrent-mark: 0.002/0.011 secs] [Times: user=0.00 sys=0.00, real=0.01 secs] 
 (concurrent mode failure): 4993K->897K(6848K), 0.0141811 secs] 4993K->897K(9920K), [Metaspace: 3664K->3664K(1056768K)], 0.0144441 secs] [Times: user=0.00 sys=0.00, real=0.01 secs] 
29.969: [GC (Allocation Failure) 29.969: [ParNew: 0K->0K(3072K), 0.0002598 secs]29.969: [CMS: 4993K->897K(6848K), 0.0027305 secs] 4993K->897K(9920K), [Metaspace: 3664K->3664K(1056768K)], 0.0031017 secs] [Times: user=0.00 sys=0.00, real=0.00 secs] 
29.972: [GC (CMS Initial Mark) [1 CMS-initial-mark: 4993K(6848K)] 4993K(9920K), 0.0001891 secs] [Times: user=0.00 sys=0.00, real=0.00 secs] 
29.973: [CMS-concurrent-mark-start]
29.973: [GC (Allocation Failure) 29.973: [ParNew: 0K->0K(3072K), 0.0002226 secs]29.973: [CMS29.981: [CMS-concurrent-mark: 0.001/0.008 secs] [Times: user=0.00 sys=0.00, real=0.01 secs] 
 (concurrent mode failure): 4993K->897K(6848K), 0.0107409 secs] 4993K->897K(9920K), [Metaspace: 3664K->3664K(1056768K)], 0.0110321 secs] [Times: user=0.00 sys=0.00, real=0.01 secs] 
29.984: [GC (Allocation Failure) 29.984: [ParNew: 0K->0K(3072K), 0.0002702 secs]29.984: [CMS: 4993K->897K(6848K), 0.0027059 secs] 4993K->897K(9920K), [Metaspace: 3664K->3664K(1056768K)], 0.0030669 secs] [Times: user=0.00 sys=0.00, real=0.00 secs] 
29.987: [GC (CMS Initial Mark) [1 CMS-initial-mark: 4993K(6848K)] 4993K(9920K), 0.0001148 secs] [Times: user=0.00 sys=0.00, real=0.00 secs] 
29.988: [CMS-concurrent-mark-start]
29.988: [GC (Allocation Failure) 29.988: [ParNew: 0K->0K(3072K), 0.0002558 secs]29.988: [CMS29.996: [CMS-concurrent-mark: 0.001/0.009 secs] [Times: user=0.00 sys=0.00, real=0.01 secs] 
 (concurrent mode failure): 4993K->897K(6848K), 0.0127856 secs] 4993K->897K(9920K), [Metaspace: 3664K->3664K(1056768K)], 0.0131151 secs] [Times: user=0.00 sys=0.00, real=0.01 secs] 
30.001: [GC (Allocation Failure) 30.001: [ParNew: 0K->0K(3072K), 0.0002492 secs]30.002: [CMS: 4993K->897K(6848K), 0.0029296 secs] 4993K->897K(9920K), [Metaspace: 3664K->3664K(1056768K)], 0.0032868 secs] [Times: user=0.00 sys=0.00, real=0.00 secs] 
30.005: [GC (CMS Initial Mark) [1 CMS-initial-mark: 4993K(6848K)] 4993K(9920K), 0.0000919 secs] [Times: user=0.00 sys=0.00, real=0.00 secs] 
30.005: [CMS-concurrent-mark-start]
30.005: [GC (Allocation Failure) 30.005: [ParNew: 0K->0K(3072K), 0.0002430 secs]30.005: [CMS30.013: [CMS-concurrent-mark: 0.002/0.008 secs] [Times: user=0.03 sys=0.00, real=0.01 secs] 
 (concurrent mode failure): 4993K->897K(6848K), 0.0114083 secs] 4993K->897K(9920K), [Metaspace: 3664K->3664K(1056768K)], 0.0117335 secs] [Times: user=0.00 sys=0.00, real=0.01 secs] 
30.017: [GC (Allocation Failure) 30.017: [ParNew: 0K->0K(3072K), 0.0002650 secs]30.018: [CMS: 4993K->897K(6848K), 0.0025464 secs] 4993K->897K(9920K), [Metaspace: 3664K->3664K(1056768K)], 0.0029284 secs] [Times: user=0.01 sys=0.00, real=0.00 secs] 
30.020: [GC (CMS Initial Mark) [1 CMS-initial-mark: 4993K(6848K)] 4993K(9920K), 0.0000969 secs] [Times: user=0.00 sys=0.00, real=0.00 secs] 
30.021: [CMS-concurrent-mark-start]
30.021: [GC (Allocation Failure) 30.021: [ParNew: 0K->0K(3072K), 0.0002424 secs]30.021: [CMS30.028: [CMS-concurrent-mark: 0.002/0.007 secs] [Times: user=0.00 sys=0.00, real=0.01 secs] 
 (concurrent mode failure): 4993K->897K(6848K), 0.0099293 secs] 4993K->897K(9920K), [Metaspace: 3664K->3664K(1056768K)], 0.0102848 secs] [Times: user=0.00 sys=0.00, real=0.01 secs] 
30.032: [GC (Allocation Failure) 30.032: [ParNew: 0K->0K(3072K), 0.0004457 secs]30.032: [CMS: 4993K->897K(6848K), 0.0025677 secs] 4993K->897K(9920K), [Metaspace: 3664K->3664K(1056768K)], 0.0031534 secs] [Times: user=0.00 sys=0.00, real=0.00 secs] 
30.035: [GC (CMS Initial Mark) [1 CMS-initial-mark: 4993K(6848K)] 4993K(9920K), 0.0000960 secs] [Times: user=0.00 sys=0.00, real=0.00 secs] 
30.035: [CMS-concurrent-mark-start]
30.035: [GC (Allocation Failure) 30.035: [ParNew: 0K->0K(3072K), 0.0002115 secs]30.036: [CMS30.043: [CMS-concurrent-mark: 0.001/0.008 secs] [Times: user=0.00 sys=0.00, real=0.01 secs] 
 (concurrent mode failure): 4993K->897K(6848K), 0.0103370 secs] 4993K->897K(9920K), [Metaspace: 3664K->3664K(1056768K)], 0.0106390 secs] [Times: user=0.00 sys=0.00, real=0.01 secs] 
30.046: [GC (Allocation Failure) 30.046: [ParNew: 0K->0K(3072K), 0.0003537 secs]30.047: [CMS: 4993K->897K(6848K), 0.0038660 secs] 4993K->897K(9920K), [Metaspace: 3664K->3664K(1056768K)], 0.0043220 secs] [Times: user=0.00 sys=0.00, real=0.00 secs] 
30.051: [GC (CMS Initial Mark) [1 CMS-initial-mark: 4993K(6848K)] 4993K(9920K), 0.0001248 secs] [Times: user=0.00 sys=0.00, real=0.00 secs] 
30.051: [CMS-concurrent-mark-start]
30.051: [GC (Allocation Failure) 30.051: [ParNew: 0K->0K(3072K), 0.0002183 secs]30.052: [CMS30.058: [CMS-concurrent-mark: 0.001/0.007 secs] [Times: user=0.00 sys=0.01, real=0.01 secs] 
 (concurrent mode failure): 4993K->897K(6848K), 0.0092755 secs] 4993K->897K(9920K), [Metaspace: 3664K->3664K(1056768K)], 0.0095669 secs] [Times: user=0.00 sys=0.01, real=0.01 secs] 
30.061: [GC (Allocation Failure) 30.061: [ParNew: 0K->0K(3072K), 0.0001969 secs]30.061: [CMS: 4993K->897K(6848K), 0.0027818 secs] 4993K->897K(9920K), [Metaspace: 3664K->3664K(1056768K)], 0.0031233 secs] [Times: user=0.00 sys=0.00, real=0.00 secs] 
30.065: [GC (CMS Initial Mark) [1 CMS-initial-mark: 4993K(6848K)] 4993K(9920K), 0.0002055 secs] [Times: user=0.00 sys=0.00, real=0.00 secs] 
30.065: [CMS-concurrent-mark-start]
30.065: [GC (Allocation Failure) 30.065: [ParNew: 0K->0K(3072K), 0.0002834 secs]30.066: [CMS30.075: [CMS-concurrent-mark: 0.001/0.009 secs] [Times: user=0.00 sys=0.00, real=0.01 secs] 
 (concurrent mode failure): 4993K->897K(6848K), 0.0115745 secs] 4993K->897K(9920K), [Metaspace: 3664K->3664K(1056768K)], 0.0119536 secs] [Times: user=0.00 sys=0.00, real=0.01 secs] 
30.078: [GC (Allocation Failure) 30.078: [ParNew: 0K->0K(3072K), 0.0002183 secs]30.078: [CMS: 4993K->897K(6848K), 0.0026390 secs] 4993K->897K(9920K), [Metaspace: 3664K->3664K(1056768K)], 0.0029582 secs] [Times: user=0.00 sys=0.00, real=0.00 secs] 
30.081: [GC (CMS Initial Mark) [1 CMS-initial-mark: 4993K(6848K)] 4993K(9920K), 0.0001997 secs] [Times: user=0.00 sys=0.00, real=0.00 secs] 
30.081: [CMS-concurrent-mark-start]
30.081: [GC (Allocation Failure) 30.081: [ParNew: 0K->0K(3072K), 0.0005335 secs]30.082: [CMS30.083: [CMS-concurrent-mark: 0.002/0.002 secs] [Times: user=0.03 sys=0.00, real=0.00 secs] 
 (concurrent mode failure): 4993K->897K(6848K), 0.0048379 secs] 4993K->897K(9920K), [Metaspace: 3664K->3664K(1056768K)], 0.0055211 secs] [Times: user=0.03 sys=0.00, real=0.01 secs] 
30.087: [GC (Allocation Failure) 30.087: [ParNew: 0K->0K(3072K), 0.0002438 secs]30.087: [CMS: 4993K->897K(6848K), 0.0028766 secs] 4993K->897K(9920K), [Metaspace: 3664K->3664K(1056768K)], 0.0032171 secs] [Times: user=0.00 sys=0.00, real=0.00 secs] 
30.091: [GC (CMS Initial Mark) [1 CMS-initial-mark: 4993K(6848K)] 4993K(9920K), 0.0001279 secs] [Times: user=0.00 sys=0.00, real=0.00 secs] 
30.091: [CMS-concurrent-mark-start]
30.091: [GC (Allocation Failure) 30.091: [ParNew: 0K->0K(3072K), 0.0002344 secs]30.091: [CMS30.106: [CMS-concurrent-mark: 0.002/0.015 secs] [Times: user=0.00 sys=0.00, real=0.02 secs] 
 (concurrent mode failure): 4993K->897K(6848K), 0.0174085 secs] 4993K->897K(9920K), [Metaspace: 3664K->3664K(1056768K)], 0.0177271 secs] [Times: user=0.00 sys=0.00, real=0.02 secs] 
30.109: [GC (Allocation Failure) 30.109: [ParNew: 0K->0K(3072K), 0.0002767 secs]30.109: [CMS: 4993K->897K(6848K), 0.0027269 secs] 4993K->897K(9920K), [Metaspace: 3664K->3664K(1056768K)], 0.0030952 secs] [Times: user=0.00 sys=0.00, real=0.00 secs] 
30.113: [GC (CMS Initial Mark) [1 CMS-initial-mark: 4993K(6848K)] 4993K(9920K), 0.0001715 secs] [Times: user=0.00 sys=0.00, real=0.00 secs] 
30.113: [CMS-concurrent-mark-start]
30.113: [GC (Allocation Failure) 30.113: [ParNew: 0K->0K(3072K), 0.0003526 secs]30.113: [CMS30.121: [CMS-concurrent-mark: 0.002/0.008 secs] [Times: user=0.00 sys=0.00, real=0.01 secs] 
 (concurrent mode failure): 4993K->897K(6848K), 0.0112167 secs] 4993K->897K(9920K), [Metaspace: 3664K->3664K(1056768K)], 0.0116580 secs] [Times: user=0.00 sys=0.00, real=0.01 secs] 
30.125: [GC (Allocation Failure) 30.125: [ParNew: 0K->0K(3072K), 0.0002850 secs]30.125: [CMS: 4993K->897K(6848K), 0.0026142 secs] 4993K->897K(9920K), [Metaspace: 3664K->3664K(1056768K)], 0.0029922 secs] [Times: user=0.00 sys=0.00, real=0.00 secs] 
30.128: [GC (CMS Initial Mark) [1 CMS-initial-mark: 4993K(6848K)] 4993K(9920K), 0.0000991 secs] [Times: user=0.00 sys=0.00, real=0.00 secs] 
30.128: [CMS-concurrent-mark-start]
30.128: [GC (Allocation Failure) 30.128: [ParNew: 0K->0K(3072K), 0.0002067 secs]30.129: [CMS30.136: [CMS-concurrent-mark: 0.002/0.008 secs] [Times: user=0.00 sys=0.00, real=0.01 secs] 
 (concurrent mode failure): 4993K->897K(6848K), 0.0103630 secs] 4993K->897K(9920K), [Metaspace: 3664K->3664K(1056768K)], 0.0106419 secs] [Times: user=0.00 sys=0.00, real=0.01 secs] 
30.140: [GC (Allocation Failure) 30.140: [ParNew: 0K->0K(3072K), 0.0002555 secs]30.140: [CMS: 4993K->897K(6848K), 0.0027585 secs] 4993K->897K(9920K), [Metaspace: 3664K->3664K(1056768K)], 0.0030932 secs] [Times: user=0.00 sys=0.00, real=0.00 secs] 
30.143: [GC (CMS Initial Mark) [1 CMS-initial-mark: 4993K(6848K)] 4993K(9920K), 0.0001470 secs] [Times: user=0.00 sys=0.00, real=0.00 secs] 
30.143: [CMS-concurrent-mark-start]
30.143: [GC (Allocation Failure) 30.143: [ParNew: 0K->0K(3072K), 0.0002056 secs]30.143: [CMS30.152: [CMS-concurrent-mark: 0.002/0.009 secs] [Times: user=0.00 sys=0.00, real=0.01 secs] 
 (concurrent mode failure): 4993K->897K(6848K), 0.0114385 secs] 4993K->897K(9920K), [Metaspace: 3664K->3664K(1056768K)], 0.0117540 secs] [Times: user=0.00 sys=0.00, real=0.01 secs] 
30.155: [GC (Allocation Failure) 30.155: [ParNew: 0K->0K(3072K), 0.0002333 secs]30.156: [CMS: 4993K->897K(6848K), 0.0023872 secs] 4993K->897K(9920K), [Metaspace: 3664K->3664K(1056768K)], 0.0027005 secs] [Times: user=0.00 sys=0.00, real=0.00 secs] 
30.158: [GC (CMS Initial Mark) [1 CMS-initial-mark: 4993K(6848K)] 4993K(9920K), 0.0000855 secs] [Times: user=0.00 sys=0.00, real=0.00 secs] 
30.158: [CMS-concurrent-mark-start]
30.159: [GC (Allocation Failure) 30.159: [ParNew: 0K->0K(3072K), 0.0002010 secs]30.159: [CMS30.167: [CMS-concurrent-mark: 0.001/0.009 secs] [Times: user=0.00 sys=0.00, real=0.01 secs] 
 (concurrent mode failure): 4993K->897K(6848K), 0.0108962 secs] 4993K->897K(9920K), [Metaspace: 3664K->3664K(1056768K)], 0.0111715 secs] [Times: user=0.00 sys=0.00, real=0.01 secs] 
30.170: [GC (Allocation Failure) 30.170: [ParNew: 0K->0K(3072K), 0.0002371 secs]30.170: [CMS: 4993K->897K(6848K), 0.0022629 secs] 4993K->897K(9920K), [Metaspace: 3664K->3664K(1056768K)], 0.0025742 secs] [Times: user=0.00 sys=0.00, real=0.00 secs] 
30.173: [GC (CMS Initial Mark) [1 CMS-initial-mark: 4993K(6848K)] 4993K(9920K), 0.0001309 secs] [Times: user=0.00 sys=0.00, real=0.00 secs] 
30.173: [CMS-concurrent-mark-start]
30.173: [GC (Allocation Failure) 30.173: [ParNew: 0K->0K(3072K), 0.0002103 secs]30.173: [CMS30.183: [CMS-concurrent-mark: 0.002/0.010 secs] [Times: user=0.00 sys=0.00, real=0.01 secs] 
 (concurrent mode failure): 4993K->897K(6848K), 0.0127818 secs] 4993K->897K(9920K), [Metaspace: 3664K->3664K(1056768K)], 0.0130746 secs] [Times: user=0.00 sys=0.00, real=0.01 secs] 
30.187: [GC (Allocation Failure) 30.187: [ParNew: 0K->0K(3072K), 0.0002836 secs]30.187: [CMS: 4993K->897K(6848K), 0.0022946 secs] 4993K->897K(9920K), [Metaspace: 3664K->3664K(1056768K)], 0.0026653 secs] [Times: user=0.00 sys=0.00, real=0.00 secs] 
30.190: [GC (CMS Initial Mark) [1 CMS-initial-mark: 4993K(6848K)] 4993K(9920K), 0.0001219 secs] [Times: user=0.00 sys=0.00, real=0.00 secs] 
30.190: [CMS-concurrent-mark-start]
30.190: [GC (Allocation Failure) 30.190: [ParNew: 0K->0K(3072K), 0.0002096 secs]30.190: [CMS30.198: [CMS-concurrent-mark: 0.002/0.008 secs] [Times: user=0.00 sys=0.00, real=0.01 secs] 
 (concurrent mode failure): 4993K->897K(6848K), 0.0119903 secs] 4993K->897K(9920K), [Metaspace: 3664K->3664K(1056768K)], 0.0122707 secs] [Times: user=0.00 sys=0.00, real=0.01 secs] 
30.203: [GC (Allocation Failure) 30.203: [ParNew: 0K->0K(3072K), 0.0002353 secs]30.203: [CMS: 4993K->897K(6848K), 0.0025646 secs] 4993K->897K(9920K), [Metaspace: 3664K->3664K(1056768K)], 0.0028976 secs] [Times: user=0.00 sys=0.00, real=0.00 secs] 
30.206: [GC (CMS Initial Mark) [1 CMS-initial-mark: 4993K(6848K)] 4993K(9920K), 0.0001131 secs] [Times: user=0.00 sys=0.00, real=0.00 secs] 
30.206: [CMS-concurrent-mark-start]
30.206: [GC (Allocation Failure) 30.206: [ParNew: 0K->0K(3072K), 0.0002349 secs]30.206: [CMS30.214: [CMS-concurrent-mark: 0.002/0.008 secs] [Times: user=0.00 sys=0.00, real=0.01 secs] 
 (concurrent mode failure): 4993K->897K(6848K), 0.0123375 secs] 4993K->897K(9920K), [Metaspace: 3664K->3664K(1056768K)], 0.0126556 secs] [Times: user=0.00 sys=0.00, real=0.01 secs] 
30.219: [GC (Allocation Failure) 30.219: [ParNew: 0K->0K(3072K), 0.0003181 secs]30.219: [CMS: 4993K->897K(6848K), 0.0027373 secs] 4993K->897K(9920K), [Metaspace: 3664K->3664K(1056768K)], 0.0031572 secs] [Times: user=0.00 sys=0.00, real=0.00 secs] 
30.223: [GC (CMS Initial Mark) [1 CMS-initial-mark: 4993K(6848K)] 4993K(9920K), 0.0001237 secs] [Times: user=0.00 sys=0.00, real=0.00 secs] 
30.223: [CMS-concurrent-mark-start]
30.223: [GC (Allocation Failure) 30.223: [ParNew: 0K->0K(3072K), 0.0003282 secs]30.223: [CMS30.230: [CMS-concurrent-mark: 0.002/0.007 secs] [Times: user=0.00 sys=0.00, real=0.01 secs] 
 (concurrent mode failure): 4993K->897K(6848K), 0.0108259 secs] 4993K->897K(9920K), [Metaspace: 3664K->3664K(1056768K)], 0.0112466 secs] [Times: user=0.00 sys=0.00, real=0.01 secs] 
30.235: [GC (Allocation Failure) 30.235: [ParNew: 0K->0K(3072K), 0.0002384 secs]30.235: [CMS: 4993K->897K(6848K), 0.0027635 secs] 4993K->897K(9920K), [Metaspace: 3664K->3664K(1056768K)], 0.0030959 secs] [Times: user=0.00 sys=0.00, real=0.00 secs] 
30.238: [GC (CMS Initial Mark) [1 CMS-initial-mark: 4993K(6848K)] 4993K(9920K), 0.0001244 secs] [Times: user=0.00 sys=0.00, real=0.00 secs] 
30.238: [CMS-concurrent-mark-start]
30.238: [GC (Allocation Failure) 30.238: [ParNew: 0K->0K(3072K), 0.0003332 secs]30.239: [CMS30.245: [CMS-concurrent-mark: 0.002/0.007 secs] [Times: user=0.00 sys=0.00, real=0.01 secs] 
 (concurrent mode failure): 4993K->897K(6848K), 0.0109673 secs] 4993K->897K(9920K), [Metaspace: 3664K->3664K(1056768K)], 0.0113961 secs] [Times: user=0.00 sys=0.00, real=0.01 secs] 
30.250: [GC (Allocation Failure) 30.250: [ParNew: 0K->0K(3072K), 0.0005060 secs]30.251: [CMS: 4993K->897K(6848K), 0.0027884 secs] 4993K->897K(9920K), [Metaspace: 3664K->3664K(1056768K)], 0.0034096 secs] [Times: user=0.00 sys=0.00, real=0.00 secs] 
30.254: [GC (CMS Initial Mark) [1 CMS-initial-mark: 4993K(6848K)] 4993K(9920K), 0.0001483 secs] [Times: user=0.00 sys=0.00, real=0.00 secs] 
30.254: [CMS-concurrent-mark-start]
30.254: [GC (Allocation Failure) 30.254: [ParNew: 0K->0K(3072K), 0.0002208 secs]30.254: [CMS30.261: [CMS-concurrent-mark: 0.001/0.007 secs] [Times: user=0.00 sys=0.00, real=0.01 secs] 
 (concurrent mode failure): 4993K->897K(6848K), 0.0121676 secs] 4993K->897K(9920K), [Metaspace: 3664K->3664K(1056768K)], 0.0125240 secs] [Times: user=0.00 sys=0.00, real=0.01 secs] 
30.267: [GC (Allocation Failure) 30.267: [ParNew: 0K->0K(3072K), 0.0003133 secs]30.268: [CMS: 4993K->897K(6848K), 0.0028389 secs] 4993K->897K(9920K), [Metaspace: 3664K->3664K(1056768K)], 0.0032495 secs] [Times: user=0.00 sys=0.00, real=0.00 secs] 
30.271: [GC (CMS Initial Mark) [1 CMS-initial-mark: 4993K(6848K)] 4993K(9920K), 0.0001708 secs] [Times: user=0.00 sys=0.00, real=0.00 secs] 
30.271: [CMS-concurrent-mark-start]
30.271: [GC (Allocation Failure) 30.271: [ParNew: 0K->0K(3072K), 0.0002712 secs]30.271: [CMS30.277: [CMS-concurrent-mark: 0.001/0.005 secs] [Times: user=0.00 sys=0.00, real=0.00 secs] 
 (concurrent mode failure): 4993K->897K(6848K), 0.0077489 secs] 4993K->897K(9920K), [Metaspace: 3664K->3664K(1056768K)], 0.0081087 secs] [Times: user=0.00 sys=0.00, real=0.01 secs] 
30.280: [GC (Allocation Failure) 30.280: [ParNew: 0K->0K(3072K), 0.0003045 secs]30.280: [CMS: 4993K->897K(6848K), 0.0043181 secs] 4993K->897K(9920K), [Metaspace: 3664K->3664K(1056768K)], 0.0047149 secs] [Times: user=0.00 sys=0.00, real=0.01 secs] 
30.285: [GC (CMS Initial Mark) [1 CMS-initial-mark: 4993K(6848K)] 4993K(9920K), 0.0001378 secs] [Times: user=0.00 sys=0.00, real=0.00 secs] 
30.285: [CMS-concurrent-mark-start]
30.285: [GC (Allocation Failure) 30.285: [ParNew: 0K->0K(3072K), 0.0003146 secs]30.285: [CMS30.292: [CMS-concurrent-mark: 0.002/0.007 secs] [Times: user=0.00 sys=0.00, real=0.01 secs] 
 (concurrent mode failure): 4993K->897K(6848K), 0.0095338 secs] 4993K->897K(9920K), [Metaspace: 3664K->3664K(1056768K)], 0.0099381 secs] [Times: user=0.00 sys=0.00, real=0.01 secs] 
30.295: [GC (Allocation Failure) 30.295: [ParNew: 0K->0K(3072K), 0.0002459 secs]30.296: [CMS: 4993K->897K(6848K), 0.0035353 secs] 4993K->897K(9920K), [Metaspace: 3664K->3664K(1056768K)], 0.0038762 secs] [Times: user=0.00 sys=0.00, real=0.00 secs] 
30.300: [GC (CMS Initial Mark) [1 CMS-initial-mark: 4993K(6848K)] 4993K(9920K), 0.0001542 secs] [Times: user=0.00 sys=0.00, real=0.00 secs] 
30.300: [CMS-concurrent-mark-start]
30.300: [GC (Allocation Failure) 30.301: [ParNew: 0K->0K(3072K), 0.0002484 secs]30.301: [CMS30.308: [CMS-concurrent-mark: 0.002/0.008 secs] [Times: user=0.00 sys=0.00, real=0.01 secs] 
 (concurrent mode failure): 4993K->897K(6848K), 0.0101029 secs] 4993K->897K(9920K), [Metaspace: 3664K->3664K(1056768K)], 0.0104318 secs] [Times: user=0.00 sys=0.00, real=0.01 secs] 
30.311: [GC (Allocation Failure) 30.311: [ParNew: 0K->0K(3072K), 0.0002384 secs]30.312: [CMS: 4993K->897K(6848K), 0.0036997 secs] 4993K->897K(9920K), [Metaspace: 3664K->3664K(1056768K)], 0.0040442 secs] [Times: user=0.00 sys=0.00, real=0.01 secs] 
30.316: [GC (CMS Initial Mark) [1 CMS-initial-mark: 4993K(6848K)] 4993K(9920K), 0.0001752 secs] [Times: user=0.00 sys=0.00, real=0.00 secs] 
30.316: [CMS-concurrent-mark-start]
30.316: [GC (Allocation Failure) 30.316: [ParNew: 0K->0K(3072K), 0.0003908 secs]30.317: [CMS30.324: [CMS-concurrent-mark: 0.002/0.008 secs] [Times: user=0.00 sys=0.00, real=0.01 secs] 
 (concurrent mode failure): 4993K->897K(6848K), 0.0103506 secs] 4993K->897K(9920K), [Metaspace: 3664K->3664K(1056768K)], 0.0108860 secs] [Times: user=0.00 sys=0.00, real=0.01 secs] 
30.327: [GC (Allocation Failure) 30.327: [ParNew: 0K->0K(3072K), 0.0003289 secs]30.328: [CMS: 4993K->897K(6848K), 0.0027342 secs] 4993K->897K(9920K), [Metaspace: 3664K->3664K(1056768K)], 0.0031502 secs] [Times: user=0.00 sys=0.00, real=0.00 secs] 
30.331: [GC (CMS Initial Mark) [1 CMS-initial-mark: 4993K(6848K)] 4993K(9920K), 0.0002943 secs] [Times: user=0.00 sys=0.00, real=0.00 secs] 
30.332: [CMS-concurrent-mark-start]
30.332: [GC (Allocation Failure) 30.332: [ParNew: 0K->0K(3072K), 0.0005731 secs]30.332: [CMS30.339: [CMS-concurrent-mark: 0.001/0.008 secs] [Times: user=0.00 sys=0.00, real=0.01 secs] 
 (concurrent mode failure): 4993K->897K(6848K), 0.0094296 secs] 4993K->897K(9920K), [Metaspace: 3664K->3664K(1056768K)], 0.0101213 secs] [Times: user=0.00 sys=0.00, real=0.01 secs] 
30.342: [GC (Allocation Failure) 30.342: [ParNew: 0K->0K(3072K), 0.0002712 secs]30.343: [CMS: 4993K->897K(6848K), 0.0020822 secs] 4993K->897K(9920K), [Metaspace: 3664K->3664K(1056768K)], 0.0024358 secs] [Times: user=0.00 sys=0.00, real=0.00 secs] 
30.345: [GC (CMS Initial Mark) [1 CMS-initial-mark: 4993K(6848K)] 4993K(9920K), 0.0001501 secs] [Times: user=0.00 sys=0.00, real=0.00 secs] 
30.345: [CMS-concurrent-mark-start]
30.345: [GC (Allocation Failure) 30.345: [ParNew: 0K->0K(3072K), 0.0002265 secs]30.346: [CMS30.355: [CMS-concurrent-mark: 0.002/0.010 secs] [Times: user=0.00 sys=0.00, real=0.01 secs] 
 (concurrent mode failure): 4993K->897K(6848K), 0.0122010 secs] 4993K->897K(9920K), [Metaspace: 3664K->3664K(1056768K)], 0.0124964 secs] [Times: user=0.00 sys=0.00, real=0.01 secs] 
30.358: [GC (Allocation Failure) 30.358: [ParNew: 0K->0K(3072K), 0.0002649 secs]30.358: [CMS: 4993K->897K(6848K), 0.0021364 secs] 4993K->897K(9920K), [Metaspace: 3664K->3664K(1056768K)], 0.0024768 secs] [Times: user=0.00 sys=0.00, real=0.00 secs] 
30.361: [GC (CMS Initial Mark) [1 CMS-initial-mark: 4993K(6848K)] 4993K(9920K), 0.0001232 secs] [Times: user=0.00 sys=0.00, real=0.00 secs] 
30.361: [CMS-concurrent-mark-start]
30.361: [GC (Allocation Failure) 30.361: [ParNew: 0K->0K(3072K), 0.0002149 secs]30.361: [CMS30.371: [CMS-concurrent-mark: 0.002/0.010 secs] [Times: user=0.00 sys=0.00, real=0.01 secs] 
 (concurrent mode failure): 4993K->897K(6848K), 0.0125584 secs] 4993K->897K(9920K), [Metaspace: 3664K->3664K(1056768K)], 0.0128497 secs] [Times: user=0.00 sys=0.00, real=0.01 secs] 
30.374: [GC (Allocation Failure) 30.374: [ParNew: 0K->0K(3072K), 0.0002478 secs]30.375: [CMS: 4993K->897K(6848K), 0.0026329 secs] 4993K->897K(9920K), [Metaspace: 3664K->3664K(1056768K)], 0.0029719 secs] [Times: user=0.00 sys=0.00, real=0.00 secs] 
30.378: [GC (CMS Initial Mark) [1 CMS-initial-mark: 4993K(6848K)] 4993K(9920K), 0.0001250 secs] [Times: user=0.00 sys=0.00, real=0.00 secs] 
30.378: [CMS-concurrent-mark-start]
30.378: [GC (Allocation Failure) 30.378: [ParNew: 0K->0K(3072K), 0.0002388 secs]30.378: [CMS30.387: [CMS-concurrent-mark: 0.002/0.009 secs] [Times: user=0.00 sys=0.00, real=0.01 secs] 
 (concurrent mode failure): 4993K->897K(6848K), 0.0105829 secs] 4993K->897K(9920K), [Metaspace: 3664K->3664K(1056768K)], 0.0108966 secs] [Times: user=0.00 sys=0.00, real=0.01 secs] 
30.389: [GC (Allocation Failure) 30.389: [ParNew: 0K->0K(3072K), 0.0002509 secs]30.390: [CMS: 4993K->897K(6848K), 0.0020486 secs] 4993K->897K(9920K), [Metaspace: 3664K->3664K(1056768K)], 0.0024566 secs] [Times: user=0.00 sys=0.00, real=0.00 secs] 
30.392: [GC (CMS Initial Mark) [1 CMS-initial-mark: 4993K(6848K)] 4993K(9920K), 0.0001240 secs] [Times: user=0.00 sys=0.00, real=0.00 secs] 
30.392: [CMS-concurrent-mark-start]
30.392: [GC (Allocation Failure) 30.392: [ParNew: 0K->0K(3072K), 0.0002570 secs]30.393: [CMS30.402: [CMS-concurrent-mark: 0.002/0.010 secs] [Times: user=0.00 sys=0.00, real=0.01 secs] 
 (concurrent mode failure): 4993K->897K(6848K), 0.0118243 secs] 4993K->897K(9920K), [Metaspace: 3664K->3664K(1056768K)], 0.0121562 secs] [Times: user=0.00 sys=0.00, real=0.01 secs] 
30.405: [GC (Allocation Failure) 30.405: [ParNew: 0K->0K(3072K), 0.0002572 secs]30.405: [CMS: 4993K->897K(6848K), 0.0021752 secs] 4993K->897K(9920K), [Metaspace: 3664K->3664K(1056768K)], 0.0025021 secs] [Times: user=0.00 sys=0.00, real=0.00 secs] 
30.408: [GC (CMS Initial Mark) [1 CMS-initial-mark: 4993K(6848K)] 4993K(9920K), 0.0000998 secs] [Times: user=0.00 sys=0.00, real=0.00 secs] 
30.408: [CMS-concurrent-mark-start]
30.408: [GC (Allocation Failure) 30.408: [ParNew: 0K->0K(3072K), 0.0002739 secs]30.408: [CMS30.418: [CMS-concurrent-mark: 0.002/0.010 secs] [Times: user=0.00 sys=0.00, real=0.01 secs] 
 (concurrent mode failure): 4993K->897K(6848K), 0.0126144 secs] 4993K->897K(9920K), [Metaspace: 3664K->3664K(1056768K)], 0.0129673 secs] [Times: user=0.00 sys=0.00, real=0.01 secs] 
30.421: [GC (Allocation Failure) 30.421: [ParNew: 0K->0K(3072K), 0.0002774 secs]30.422: [CMS: 4993K->897K(6848K), 0.0024475 secs] 4993K->897K(9920K), [Metaspace: 3664K->3664K(1056768K)], 0.0028082 secs] [Times: user=0.00 sys=0.00, real=0.00 secs] 
30.424: [GC (CMS Initial Mark) [1 CMS-initial-mark: 4993K(6848K)] 4993K(9920K), 0.0000986 secs] [Times: user=0.00 sys=0.00, real=0.00 secs] 
30.424: [CMS-concurrent-mark-start]
30.425: [GC (Allocation Failure) 30.425: [ParNew: 0K->0K(3072K), 0.0002191 secs]30.425: [CMS30.433: [CMS-concurrent-mark: 0.001/0.009 secs] [Times: user=0.00 sys=0.00, real=0.01 secs] 
 (concurrent mode failure): 4993K->897K(6848K), 0.0108829 secs] 4993K->897K(9920K), [Metaspace: 3664K->3664K(1056768K)], 0.0111790 secs] [Times: user=0.00 sys=0.00, real=0.01 secs] 
30.436: [GC (Allocation Failure) 30.436: [ParNew: 0K->0K(3072K), 0.0002492 secs]30.436: [CMS: 4993K->897K(6848K), 0.0021899 secs] 4993K->897K(9920K), [Metaspace: 3664K->3664K(1056768K)], 0.0025310 secs] [Times: user=0.00 sys=0.00, real=0.00 secs] 
30.439: [GC (CMS Initial Mark) [1 CMS-initial-mark: 4993K(6848K)] 4993K(9920K), 0.0000913 secs] [Times: user=0.00 sys=0.00, real=0.00 secs] 
30.439: [CMS-concurrent-mark-start]
30.439: [GC (Allocation Failure) 30.439: [ParNew: 0K->0K(3072K), 0.0002196 secs]30.439: [CMS30.449: [CMS-concurrent-mark: 0.002/0.010 secs] [Times: user=0.00 sys=0.00, real=0.01 secs] 
 (concurrent mode failure): 4993K->897K(6848K), 0.0117458 secs] 4993K->897K(9920K), [Metaspace: 3664K->3664K(1056768K)], 0.0120655 secs] [Times: user=0.00 sys=0.00, real=0.01 secs] 
30.451: [GC (Allocation Failure) 30.452: [ParNew: 0K->0K(3072K), 0.0002219 secs]30.452: [CMS: 4993K->897K(6848K), 0.0021261 secs] 4993K->897K(9920K), [Metaspace: 3664K->3664K(1056768K)], 0.0024187 secs] [Times: user=0.00 sys=0.00, real=0.00 secs] 
30.454: [GC (CMS Initial Mark) [1 CMS-initial-mark: 4993K(6848K)] 4993K(9920K), 0.0000912 secs] [Times: user=0.00 sys=0.00, real=0.00 secs] 
30.454: [CMS-concurrent-mark-start]
30.454: [GC (Allocation Failure) 30.454: [ParNew: 0K->0K(3072K), 0.0002138 secs]30.455: [CMS30.464: [CMS-concurrent-mark: 0.002/0.010 secs] [Times: user=0.00 sys=0.00, real=0.01 secs] 
 (concurrent mode failure): 4993K->897K(6848K), 0.0129698 secs] 4993K->897K(9920K), [Metaspace: 3664K->3664K(1056768K)], 0.0132647 secs] [Times: user=0.00 sys=0.00, real=0.01 secs] 
30.468: [GC (Allocation Failure) 30.468: [ParNew: 0K->0K(3072K), 0.0002449 secs]30.468: [CMS: 4993K->897K(6848K), 0.0023811 secs] 4993K->897K(9920K), [Metaspace: 3664K->3664K(1056768K)], 0.0028099 secs] [Times: user=0.00 sys=0.00, real=0.00 secs] 
30.471: [GC (CMS Initial Mark) [1 CMS-initial-mark: 4993K(6848K)] 4993K(9920K), 0.0001347 secs] [Times: user=0.00 sys=0.00, real=0.00 secs] 
30.472: [CMS-concurrent-mark-start]
30.472: [GC (Allocation Failure) 30.472: [ParNew: 0K->0K(3072K), 0.0002180 secs]30.472: [CMS30.480: [CMS-concurrent-mark: 0.001/0.008 secs] [Times: user=0.00 sys=0.00, real=0.01 secs] 
 (concurrent mode failure): 4993K->897K(6848K), 0.0104109 secs] 4993K->897K(9920K), [Metaspace: 3664K->3664K(1056768K)], 0.0106949 secs] [Times: user=0.00 sys=0.00, real=0.01 secs] 
30.483: [GC (Allocation Failure) 30.483: [ParNew: 0K->0K(3072K), 0.0003303 secs]30.483: [CMS: 4993K->897K(6848K), 0.0031307 secs] 4993K->897K(9920K), [Metaspace: 3664K->3664K(1056768K)], 0.0035406 secs] [Times: user=0.00 sys=0.00, real=0.00 secs] 
30.487: [GC (CMS Initial Mark) [1 CMS-initial-mark: 4993K(6848K)] 4993K(9920K), 0.0001711 secs] [Times: user=0.00 sys=0.00, real=0.00 secs] 
30.487: [CMS-concurrent-mark-start]
30.487: [GC (Allocation Failure) 30.487: [ParNew: 0K->0K(3072K), 0.0002331 secs]30.487: [CMS30.496: [CMS-concurrent-mark: 0.001/0.009 secs] [Times: user=0.00 sys=0.00, real=0.01 secs] 
 (concurrent mode failure): 4993K->897K(6848K), 0.0127192 secs] 4993K->897K(9920K), [Metaspace: 3664K->3664K(1056768K)], 0.0130257 secs] [Times: user=0.00 sys=0.00, real=0.01 secs] 
30.500: [GC (Allocation Failure) 30.500: [ParNew: 0K->0K(3072K), 0.0002232 secs]30.501: [CMS: 4993K->897K(6848K), 0.0019893 secs] 4993K->897K(9920K), [Metaspace: 3664K->3664K(1056768K)], 0.0022792 secs] [Times: user=0.00 sys=0.00, real=0.00 secs] 
30.503: [GC (CMS Initial Mark) [1 CMS-initial-mark: 4993K(6848K)] 4993K(9920K), 0.0001267 secs] [Times: user=0.00 sys=0.00, real=0.00 secs] 
30.503: [CMS-concurrent-mark-start]
30.503: [GC (Allocation Failure) 30.503: [ParNew: 0K->0K(3072K), 0.0002062 secs]30.503: [CMS30.511: [CMS-concurrent-mark: 0.001/0.008 secs] [Times: user=0.00 sys=0.00, real=0.01 secs] 
 (concurrent mode failure): 4993K->897K(6848K), 0.0102845 secs] 4993K->897K(9920K), [Metaspace: 3664K->3664K(1056768K)], 0.0105826 secs] [Times: user=0.00 sys=0.00, real=0.01 secs] 
30.514: [GC (Allocation Failure) 30.514: [ParNew: 0K->0K(3072K), 0.0004485 secs]30.515: [CMS: 4993K->897K(6848K), 0.0022965 secs] 4993K->897K(9920K), [Metaspace: 3664K->3664K(1056768K)], 0.0028670 secs] [Times: user=0.00 sys=0.00, real=0.00 secs] 
30.517: [GC (CMS Initial Mark) [1 CMS-initial-mark: 4993K(6848K)] 4993K(9920K), 0.0001350 secs] [Times: user=0.00 sys=0.00, real=0.00 secs] 
30.518: [CMS-concurrent-mark-start]
30.518: [GC (Allocation Failure) 30.518: [ParNew: 0K->0K(3072K), 0.0003033 secs]30.518: [CMS30.527: [CMS-concurrent-mark: 0.001/0.009 secs] [Times: user=0.00 sys=0.00, real=0.01 secs] 
 (concurrent mode failure): 4993K->897K(6848K), 0.0109321 secs] 4993K->897K(9920K), [Metaspace: 3664K->3664K(1056768K)], 0.0113035 secs] [Times: user=0.00 sys=0.00, real=0.01 secs] 
30.529: [GC (Allocation Failure) 30.529: [ParNew: 0K->0K(3072K), 0.0002755 secs]30.530: [CMS: 4993K->897K(6848K), 0.0023872 secs] 4993K->897K(9920K), [Metaspace: 3664K->3664K(1056768K)], 0.0027432 secs] [Times: user=0.00 sys=0.00, real=0.00 secs] 
30.532: [GC (CMS Initial Mark) [1 CMS-initial-mark: 4993K(6848K)] 4993K(9920K), 0.0000852 secs] [Times: user=0.00 sys=0.00, real=0.00 secs] 
30.532: [CMS-concurrent-mark-start]
30.532: [GC (Allocation Failure) 30.532: [ParNew: 0K->0K(3072K), 0.0002577 secs]30.533: [CMS30.542: [CMS-concurrent-mark: 0.002/0.010 secs] [Times: user=0.00 sys=0.00, real=0.01 secs] 
 (concurrent mode failure): 4993K->897K(6848K), 0.0122075 secs] 4993K->897K(9920K), [Metaspace: 3664K->3664K(1056768K)], 0.0125382 secs] [Times: user=0.00 sys=0.00, real=0.01 secs] 
30.545: [GC (Allocation Failure) 30.545: [ParNew: 0K->0K(3072K), 0.0002639 secs]30.546: [CMS: 4993K->897K(6848K), 0.0025355 secs] 4993K->897K(9920K), [Metaspace: 3664K->3664K(1056768K)], 0.0028730 secs] [Times: user=0.00 sys=0.00, real=0.00 secs] 
30.549: [GC (CMS Initial Mark) [1 CMS-initial-mark: 4993K(6848K)] 4993K(9920K), 0.0001594 secs] [Times: user=0.00 sys=0.00, real=0.00 secs] 
30.549: [CMS-concurrent-mark-start]
30.549: [GC (Allocation Failure) 30.549: [ParNew: 0K->0K(3072K), 0.0002733 secs]30.549: [CMS30.558: [CMS-concurrent-mark: 0.002/0.009 secs] [Times: user=0.00 sys=0.00, real=0.01 secs] 
 (concurrent mode failure): 4993K->897K(6848K), 0.0115159 secs] 4993K->897K(9920K), [Metaspace: 3664K->3664K(1056768K)], 0.0118619 secs] [Times: user=0.00 sys=0.00, real=0.01 secs] 
30.561: [GC (Allocation Failure) 30.561: [ParNew: 0K->0K(3072K), 0.0002796 secs]30.561: [CMS: 4993K->897K(6848K), 0.0023051 secs] 4993K->897K(9920K), [Metaspace: 3664K->3664K(1056768K)], 0.0026627 secs] [Times: user=0.00 sys=0.00, real=0.00 secs] 
30.564: [GC (CMS Initial Mark) [1 CMS-initial-mark: 4993K(6848K)] 4993K(9920K), 0.0001219 secs] [Times: user=0.00 sys=0.00, real=0.00 secs] 
30.564: [CMS-concurrent-mark-start]
30.564: [GC (Allocation Failure) 30.564: [ParNew: 0K->0K(3072K), 0.0002585 secs]30.565: [CMS30.573: [CMS-concurrent-mark: 0.001/0.009 secs] [Times: user=0.00 sys=0.00, real=0.01 secs] 
 (concurrent mode failure): 4993K->897K(6848K), 0.0104328 secs] 4993K->897K(9920K), [Metaspace: 3664K->3664K(1056768K)], 0.0107602 secs] [Times: user=0.00 sys=0.00, real=0.01 secs] 
30.575: [GC (Allocation Failure) 30.575: [ParNew: 0K->0K(3072K), 0.0002451 secs]30.576: [CMS: 4993K->897K(6848K), 0.0016703 secs] 4993K->897K(9920K), [Metaspace: 3664K->3664K(1056768K)], 0.0019828 secs] [Times: user=0.00 sys=0.00, real=0.00 secs] 
30.578: [GC (CMS Initial Mark) [1 CMS-initial-mark: 4993K(6848K)] 4993K(9920K), 0.0001010 secs] [Times: user=0.00 sys=0.00, real=0.00 secs] 
30.578: [CMS-concurrent-mark-start]
30.578: [GC (Allocation Failure) 30.578: [ParNew: 0K->0K(3072K), 0.0001924 secs]30.578: [CMS30.589: [CMS-concurrent-mark: 0.002/0.011 secs] [Times: user=0.00 sys=0.00, real=0.01 secs] 
 (concurrent mode failure): 4993K->897K(6848K), 0.0126098 secs] 4993K->897K(9920K), [Metaspace: 3664K->3664K(1056768K)], 0.0128626 secs] [Times: user=0.00 sys=0.00, real=0.01 secs] 
30.591: [GC (Allocation Failure) 30.591: [ParNew: 0K->0K(3072K), 0.0001902 secs]30.591: [CMS: 4993K->897K(6848K), 0.0018380 secs] 4993K->897K(9920K), [Metaspace: 3664K->3664K(1056768K)], 0.0020972 secs] [Times: user=0.00 sys=0.00, real=0.00 secs] 
30.593: [GC (CMS Initial Mark) [1 CMS-initial-mark: 4993K(6848K)] 4993K(9920K), 0.0001151 secs] [Times: user=0.00 sys=0.00, real=0.00 secs] 
30.594: [CMS-concurrent-mark-start]
30.594: [GC (Allocation Failure) 30.594: [ParNew: 0K->0K(3072K), 0.0001850 secs]30.594: [CMS30.603: [CMS-concurrent-mark: 0.001/0.010 secs] [Times: user=0.00 sys=0.00, real=0.01 secs] 
 (concurrent mode failure): 4993K->897K(6848K), 0.0116486 secs] 4993K->897K(9920K), [Metaspace: 3664K->3664K(1056768K)], 0.0118931 secs] [Times: user=0.00 sys=0.00, real=0.01 secs] 
30.606: [GC (Allocation Failure) 30.606: [ParNew: 0K->0K(3072K), 0.0002214 secs]30.606: [CMS: 4993K->897K(6848K), 0.0017176 secs] 4993K->897K(9920K), [Metaspace: 3664K->3664K(1056768K)], 0.0019993 secs] [Times: user=0.00 sys=0.00, real=0.00 secs] 
30.608: [GC (CMS Initial Mark) [1 CMS-initial-mark: 4993K(6848K)] 4993K(9920K), 0.0002307 secs] [Times: user=0.00 sys=0.00, real=0.00 secs] 
30.608: [CMS-concurrent-mark-start]
30.608: [GC (Allocation Failure) 30.609: [ParNew: 0K->0K(3072K), 0.0002019 secs]30.609: [CMS30.619: [CMS-concurrent-mark: 0.001/0.011 secs] [Times: user=0.00 sys=0.00, real=0.01 secs] 
 (concurrent mode failure): 4993K->897K(6848K), 0.0125172 secs] 4993K->897K(9920K), [Metaspace: 3664K->3664K(1056768K)], 0.0127794 secs] [Times: user=0.00 sys=0.00, real=0.01 secs] 
30.622: [GC (Allocation Failure) 30.622: [ParNew: 0K->0K(3072K), 0.0001998 secs]30.622: [CMS: 4993K->897K(6848K), 0.0022318 secs] 4993K->897K(9920K), [Metaspace: 3664K->3664K(1056768K)], 0.0025017 secs] [Times: user=0.00 sys=0.00, real=0.00 secs] 
30.624: [GC (CMS Initial Mark) [1 CMS-initial-mark: 4993K(6848K)] 4993K(9920K), 0.0000801 secs] [Times: user=0.00 sys=0.00, real=0.00 secs] 
30.625: [CMS-concurrent-mark-start]
30.625: [GC (Allocation Failure) 30.625: [ParNew: 0K->0K(3072K), 0.0002109 secs]30.625: [CMS30.635: [CMS-concurrent-mark: 0.002/0.011 secs] [Times: user=0.00 sys=0.00, real=0.01 secs] 
 (concurrent mode failure): 4993K->897K(6848K), 0.0124725 secs] 4993K->897K(9920K), [Metaspace: 3664K->3664K(1056768K)], 0.0127549 secs] [Times: user=0.00 sys=0.00, real=0.01 secs] 
30.638: [GC (Allocation Failure) 30.638: [ParNew: 0K->0K(3072K), 0.0002207 secs]30.638: [CMS: 4993K->897K(6848K), 0.0018510 secs] 4993K->897K(9920K), [Metaspace: 3664K->3664K(1056768K)], 0.0021287 secs] [Times: user=0.00 sys=0.00, real=0.00 secs] 
30.640: [GC (CMS Initial Mark) [1 CMS-initial-mark: 4993K(6848K)] 4993K(9920K), 0.0001108 secs] [Times: user=0.00 sys=0.00, real=0.00 secs] 
30.640: [CMS-concurrent-mark-start]
30.641: [GC (Allocation Failure) 30.641: [ParNew: 0K->0K(3072K), 0.0001996 secs]30.641: [CMS30.651: [CMS-concurrent-mark: 0.001/0.011 secs] [Times: user=0.00 sys=0.00, real=0.01 secs] 
 (concurrent mode failure): 4993K->897K(6848K), 0.0125736 secs] 4993K->897K(9920K), [Metaspace: 3664K->3664K(1056768K)], 0.0128459 secs] [Times: user=0.00 sys=0.00, real=0.01 secs] 
30.654: [GC (Allocation Failure) 30.654: [ParNew: 0K->0K(3072K), 0.0002572 secs]30.654: [CMS: 4993K->897K(6848K), 0.0018785 secs] 4993K->897K(9920K), [Metaspace: 3664K->3664K(1056768K)], 0.0021981 secs] [Times: user=0.00 sys=0.00, real=0.00 secs] 
30.656: [GC (CMS Initial Mark) [1 CMS-initial-mark: 4993K(6848K)] 4993K(9920K), 0.0001263 secs] [Times: user=0.00 sys=0.00, real=0.00 secs] 
30.657: [CMS-concurrent-mark-start]
30.657: [GC (Allocation Failure) 30.657: [ParNew: 0K->0K(3072K), 0.0002326 secs]30.657: [CMS30.667: [CMS-concurrent-mark: 0.001/0.010 secs] [Times: user=0.00 sys=0.00, real=0.01 secs] 
 (concurrent mode failure): 4993K->897K(6848K), 0.0122904 secs] 4993K->897K(9920K), [Metaspace: 3664K->3664K(1056768K)], 0.0126067 secs] [Times: user=0.00 sys=0.00, real=0.01 secs] 
30.670: [GC (Allocation Failure) 30.670: [ParNew: 0K->0K(3072K), 0.0002961 secs]30.670: [CMS: 4993K->897K(6848K), 0.0024281 secs] 4993K->897K(9920K), [Metaspace: 3664K->3664K(1056768K)], 0.0027953 secs] [Times: user=0.00 sys=0.00, real=0.00 secs] 
30.673: [GC (CMS Initial Mark) [1 CMS-initial-mark: 4993K(6848K)] 4993K(9920K), 0.0001083 secs] [Times: user=0.00 sys=0.00, real=0.00 secs] 
30.673: [CMS-concurrent-mark-start]
30.673: [GC (Allocation Failure) 30.673: [ParNew: 0K->0K(3072K), 0.0002158 secs]30.673: [CMS30.682: [CMS-concurrent-mark: 0.002/0.010 secs] [Times: user=0.00 sys=0.00, real=0.01 secs] 
 (concurrent mode failure): 4993K->897K(6848K), 0.0115764 secs] 4993K->897K(9920K), [Metaspace: 3664K->3664K(1056768K)], 0.0118669 secs] [Times: user=0.00 sys=0.00, real=0.01 secs] 
30.685: [GC (Allocation Failure) 30.685: [ParNew: 0K->0K(3072K), 0.0001848 secs]30.685: [CMS: 4993K->897K(6848K), 0.0016719 secs] 4993K->897K(9920K), [Metaspace: 3664K->3664K(1056768K)], 0.0019159 secs] [Times: user=0.00 sys=0.00, real=0.00 secs] 
30.687: [GC (CMS Initial Mark) [1 CMS-initial-mark: 4993K(6848K)] 4993K(9920K), 0.0000857 secs] [Times: user=0.00 sys=0.00, real=0.00 secs] 
30.687: [CMS-concurrent-mark-start]
30.688: [GC (Allocation Failure) 30.688: [ParNew: 0K->0K(3072K), 0.0001879 secs]30.688: [CMS30.698: [CMS-concurrent-mark: 0.002/0.011 secs] [Times: user=0.00 sys=0.00, real=0.01 secs] 
 (concurrent mode failure): 4993K->897K(6848K), 0.0133277 secs] 4993K->897K(9920K), [Metaspace: 3664K->3664K(1056768K)], 0.0135848 secs] [Times: user=0.00 sys=0.00, real=0.01 secs] 
30.701: [GC (Allocation Failure) 30.701: [ParNew: 0K->0K(3072K), 0.0002017 secs]30.702: [CMS: 4993K->897K(6848K), 0.0019105 secs] 4993K->897K(9920K), [Metaspace: 3664K->3664K(1056768K)], 0.0021730 secs] [Times: user=0.00 sys=0.00, real=0.00 secs] 
30.704: [GC (CMS Initial Mark) [1 CMS-initial-mark: 4993K(6848K)] 4993K(9920K), 0.0001682 secs] [Times: user=0.00 sys=0.00, real=0.00 secs] 
30.704: [CMS-concurrent-mark-start]
30.704: [GC (Allocation Failure) 30.704: [ParNew: 0K->0K(3072K), 0.0002283 secs]30.705: [CMS30.714: [CMS-concurrent-mark: 0.002/0.010 secs] [Times: user=0.00 sys=0.00, real=0.01 secs] 
 (concurrent mode failure): 4993K->897K(6848K), 0.0121217 secs] 4993K->897K(9920K), [Metaspace: 3664K->3664K(1056768K)], 0.0124774 secs] [Times: user=0.00 sys=0.00, real=0.01 secs] 
30.717: [GC (Allocation Failure) 30.717: [ParNew: 0K->0K(3072K), 0.0002354 secs]30.717: [CMS: 4993K->897K(6848K), 0.0019156 secs] 4993K->897K(9920K), [Metaspace: 3664K->3664K(1056768K)], 0.0022212 secs] [Times: user=0.00 sys=0.00, real=0.00 secs] 
30.720: [GC (CMS Initial Mark) [1 CMS-initial-mark: 4993K(6848K)] 4993K(9920K), 0.0001596 secs] [Times: user=0.00 sys=0.00, real=0.00 secs] 
30.720: [CMS-concurrent-mark-start]
30.720: [GC (Allocation Failure) 30.720: [ParNew: 0K->0K(3072K), 0.0002009 secs]30.720: [CMS30.730: [CMS-concurrent-mark: 0.002/0.010 secs] [Times: user=0.00 sys=0.00, real=0.01 secs] 
 (concurrent mode failure): 4993K->897K(6848K), 0.0128047 secs] 4993K->897K(9920K), [Metaspace: 3664K->3664K(1056768K)], 0.0130872 secs] [Times: user=0.00 sys=0.00, real=0.01 secs] 
30.733: [GC (Allocation Failure) 30.734: [ParNew: 0K->0K(3072K), 0.0002161 secs]30.734: [CMS: 4993K->897K(6848K), 0.0017358 secs] 4993K->897K(9920K), [Metaspace: 3664K->3664K(1056768K)], 0.0020093 secs] [Times: user=0.00 sys=0.00, real=0.00 secs] 
30.736: [GC (CMS Initial Mark) [1 CMS-initial-mark: 4993K(6848K)] 4993K(9920K), 0.0000677 secs] [Times: user=0.00 sys=0.00, real=0.00 secs] 
30.736: [CMS-concurrent-mark-start]
30.736: [GC (Allocation Failure) 30.736: [ParNew: 0K->0K(3072K), 0.0001797 secs]30.736: [CMS30.746: [CMS-concurrent-mark: 0.001/0.010 secs] [Times: user=0.00 sys=0.00, real=0.01 secs] 
 (concurrent mode failure): 4993K->897K(6848K), 0.0121689 secs] 4993K->897K(9920K), [Metaspace: 3664K->3664K(1056768K)], 0.0124149 secs] [Times: user=0.00 sys=0.00, real=0.01 secs] 
30.749: [GC (Allocation Failure) 30.749: [ParNew: 0K->0K(3072K), 0.0002066 secs]30.749: [CMS: 4993K->897K(6848K), 0.0018233 secs] 4993K->897K(9920K), [Metaspace: 3664K->3664K(1056768K)], 0.0020882 secs] [Times: user=0.00 sys=0.00, real=0.00 secs] 
30.751: [GC (CMS Initial Mark) [1 CMS-initial-mark: 4993K(6848K)] 4993K(9920K), 0.0001343 secs] [Times: user=0.00 sys=0.00, real=0.00 secs] 
30.751: [CMS-concurrent-mark-start]
30.751: [GC (Allocation Failure) 30.751: [ParNew: 0K->0K(3072K), 0.0002520 secs]30.752: [CMS30.761: [CMS-concurrent-mark: 0.001/0.010 secs] [Times: user=0.00 sys=0.00, real=0.01 secs] 
 (concurrent mode failure): 4993K->897K(6848K), 0.0118043 secs] 4993K->897K(9920K), [Metaspace: 3664K->3664K(1056768K)], 0.0121271 secs] [Times: user=0.00 sys=0.00, real=0.01 secs] 
30.764: [GC (Allocation Failure) 30.764: [ParNew: 0K->0K(3072K), 0.0002256 secs]30.764: [CMS: 4993K->897K(6848K), 0.0019335 secs] 4993K->897K(9920K), [Metaspace: 3664K->3664K(1056768K)], 0.0022224 secs] [Times: user=0.00 sys=0.00, real=0.00 secs] 
30.767: [GC (CMS Initial Mark) [1 CMS-initial-mark: 4993K(6848K)] 4993K(9920K), 0.0001319 secs] [Times: user=0.00 sys=0.00, real=0.00 secs] 
30.767: [CMS-concurrent-mark-start]
30.767: [GC (Allocation Failure) 30.767: [ParNew: 0K->0K(3072K), 0.0001932 secs]30.767: [CMS30.777: [CMS-concurrent-mark: 0.002/0.011 secs] [Times: user=0.00 sys=0.00, real=0.01 secs] 
 (concurrent mode failure): 4993K->897K(6848K), 0.0131668 secs] 4993K->897K(9920K), [Metaspace: 3664K->3664K(1056768K)], 0.0134382 secs] [Times: user=0.00 sys=0.00, real=0.01 secs] 
30.781: [GC (Allocation Failure) 30.781: [ParNew: 0K->0K(3072K), 0.0004431 secs]30.781: [CMS: 4993K->897K(6848K), 0.0023790 secs] 4993K->897K(9920K), [Metaspace: 3664K->3664K(1056768K)], 0.0029146 secs] [Times: user=0.00 sys=0.00, real=0.00 secs] 
30.784: [GC (CMS Initial Mark) [1 CMS-initial-mark: 4993K(6848K)] 4993K(9920K), 0.0001273 secs] [Times: user=0.00 sys=0.00, real=0.00 secs] 
30.784: [CMS-concurrent-mark-start]
30.784: [GC (Allocation Failure) 30.784: [ParNew: 0K->0K(3072K), 0.0002128 secs]30.784: [CMS30.793: [CMS-concurrent-mark: 0.002/0.009 secs] [Times: user=0.00 sys=0.00, real=0.01 secs] 
 (concurrent mode failure): 4993K->897K(6848K), 0.0109255 secs] 4993K->897K(9920K), [Metaspace: 3664K->3664K(1056768K)], 0.0112177 secs] [Times: user=0.00 sys=0.00, real=0.01 secs] 
30.796: [GC (Allocation Failure) 30.796: [ParNew: 0K->0K(3072K), 0.0002632 secs]30.796: [CMS: 4993K->897K(6848K), 0.0030081 secs] 4993K->897K(9920K), [Metaspace: 3664K->3664K(1056768K)], 0.0033517 secs] [Times: user=0.00 sys=0.00, real=0.00 secs] 
30.799: [GC (CMS Initial Mark) [1 CMS-initial-mark: 4993K(6848K)] 4993K(9920K), 0.0000954 secs] [Times: user=0.00 sys=0.00, real=0.00 secs] 
30.800: [CMS-concurrent-mark-start]
30.800: [GC (Allocation Failure) 30.800: [ParNew: 0K->0K(3072K), 0.0001816 secs]30.800: [CMS30.808: [CMS-concurrent-mark: 0.001/0.009 secs] [Times: user=0.00 sys=0.00, real=0.01 secs] 
 (concurrent mode failure): 4993K->897K(6848K), 0.0105993 secs] 4993K->897K(9920K), [Metaspace: 3664K->3664K(1056768K)], 0.0108457 secs] [Times: user=0.00 sys=0.00, real=0.01 secs] 
30.811: [GC (Allocation Failure) 30.811: [ParNew: 0K->0K(3072K), 0.0002113 secs]30.811: [CMS: 4993K->897K(6848K), 0.0021793 secs] 4993K->897K(9920K), [Metaspace: 3664K->3664K(1056768K)], 0.0024820 secs] [Times: user=0.00 sys=0.00, real=0.00 secs] 
30.814: [GC (CMS Initial Mark) [1 CMS-initial-mark: 4993K(6848K)] 4993K(9920K), 0.0001717 secs] [Times: user=0.00 sys=0.00, real=0.00 secs] 
30.814: [CMS-concurrent-mark-start]
30.814: [GC (Allocation Failure) 30.814: [ParNew: 0K->0K(3072K), 0.0003835 secs]30.814: [CMS30.824: [CMS-concurrent-mark: 0.002/0.010 secs] [Times: user=0.00 sys=0.00, real=0.01 secs] 
 (concurrent mode failure): 4993K->897K(6848K), 0.0119226 secs] 4993K->897K(9920K), [Metaspace: 3664K->3664K(1056768K)], 0.0123823 secs] [Times: user=0.00 sys=0.00, real=0.01 secs] 
30.827: [GC (Allocation Failure) 30.827: [ParNew: 0K->0K(3072K), 0.0002403 secs]30.827: [CMS: 4993K->897K(6848K), 0.0018248 secs] 4993K->897K(9920K), [Metaspace: 3664K->3664K(1056768K)], 0.0021271 secs] [Times: user=0.00 sys=0.00, real=0.00 secs] 
30.829: [GC (CMS Initial Mark) [1 CMS-initial-mark: 4993K(6848K)] 4993K(9920K), 0.0001807 secs] [Times: user=0.00 sys=0.00, real=0.00 secs] 
30.830: [CMS-concurrent-mark-start]
30.830: [GC (Allocation Failure) 30.830: [ParNew: 0K->0K(3072K), 0.0003607 secs]30.830: [CMS30.840: [CMS-concurrent-mark: 0.001/0.010 secs] [Times: user=0.00 sys=0.00, real=0.01 secs] 
 (concurrent mode failure): 4993K->897K(6848K), 0.0119850 secs] 4993K->897K(9920K), [Metaspace: 3664K->3664K(1056768K)], 0.0124488 secs] [Times: user=0.00 sys=0.00, real=0.01 secs] 
30.842: [GC (Allocation Failure) 30.842: [ParNew: 0K->0K(3072K), 0.0003097 secs]30.843: [CMS: 4993K->897K(6848K), 0.0021395 secs] 4993K->897K(9920K), [Metaspace: 3664K->3664K(1056768K)], 0.0025268 secs] [Times: user=0.00 sys=0.00, real=0.00 secs] 
30.845: [GC (CMS Initial Mark) [1 CMS-initial-mark: 4993K(6848K)] 4993K(9920K), 0.0001285 secs] [Times: user=0.00 sys=0.00, real=0.00 secs] 
30.845: [CMS-concurrent-mark-start]
30.845: [GC (Allocation Failure) 30.846: [ParNew: 0K->0K(3072K), 0.0002461 secs]30.846: [CMS30.855: [CMS-concurrent-mark: 0.001/0.010 secs] [Times: user=0.00 sys=0.00, real=0.01 secs] 
 (concurrent mode failure): 4993K->897K(6848K), 0.0117718 secs] 4993K->897K(9920K), [Metaspace: 3664K->3664K(1056768K)], 0.0120893 secs] [Times: user=0.00 sys=0.00, real=0.01 secs] 
30.858: [GC (Allocation Failure) 30.858: [ParNew: 0K->0K(3072K), 0.0002322 secs]30.858: [CMS: 4993K->897K(6848K), 0.0018001 secs] 4993K->897K(9920K), [Metaspace: 3664K->3664K(1056768K)], 0.0021002 secs] [Times: user=0.00 sys=0.00, real=0.00 secs] 
30.860: [GC (CMS Initial Mark) [1 CMS-initial-mark: 4993K(6848K)] 4993K(9920K), 0.0001486 secs] [Times: user=0.00 sys=0.00, real=0.00 secs] 
30.860: [CMS-concurrent-mark-start]
30.861: [GC (Allocation Failure) 30.861: [ParNew: 0K->0K(3072K), 0.0002689 secs]30.861: [CMS30.871: [CMS-concurrent-mark: 0.001/0.011 secs] [Times: user=0.00 sys=0.00, real=0.01 secs] 
 (concurrent mode failure): 4993K->897K(6848K), 0.0122700 secs] 4993K->897K(9920K), [Metaspace: 3664K->3664K(1056768K)], 0.0126242 secs] [Times: user=0.00 sys=0.00, real=0.01 secs] 
30.873: [GC (Allocation Failure) 30.873: [ParNew: 0K->0K(3072K), 0.0002023 secs]30.874: [CMS: 4993K->897K(6848K), 0.0016998 secs] 4993K->897K(9920K), [Metaspace: 3664K->3664K(1056768K)], 0.0019616 secs] [Times: user=0.00 sys=0.00, real=0.00 secs] 
30.876: [GC (CMS Initial Mark) [1 CMS-initial-mark: 4993K(6848K)] 4993K(9920K), 0.0000710 secs] [Times: user=0.00 sys=0.00, real=0.00 secs] 
30.876: [CMS-concurrent-mark-start]
30.876: [GC (Allocation Failure) 30.876: [ParNew: 0K->0K(3072K), 0.0001787 secs]30.876: [CMS30.886: [CMS-concurrent-mark: 0.001/0.010 secs] [Times: user=0.00 sys=0.00, real=0.01 secs] 
 (concurrent mode failure): 4993K->897K(6848K), 0.0121678 secs] 4993K->897K(9920K), [Metaspace: 3664K->3664K(1056768K)], 0.0124169 secs] [Times: user=0.00 sys=0.00, real=0.01 secs] 
30.889: [GC (Allocation Failure) 30.889: [ParNew: 0K->0K(3072K), 0.0003183 secs]30.889: [CMS: 4993K->897K(6848K), 0.0021188 secs] 4993K->897K(9920K), [Metaspace: 3664K->3664K(1056768K)], 0.0025254 secs] [Times: user=0.00 sys=0.00, real=0.00 secs] 
30.892: [GC (CMS Initial Mark) [1 CMS-initial-mark: 4993K(6848K)] 4993K(9920K), 0.0000944 secs] [Times: user=0.00 sys=0.00, real=0.00 secs] 
30.892: [CMS-concurrent-mark-start]
30.892: [GC (Allocation Failure) 30.892: [ParNew: 0K->0K(3072K), 0.0002876 secs]30.892: [CMS30.901: [CMS-concurrent-mark: 0.001/0.009 secs] [Times: user=0.00 sys=0.00, real=0.01 secs] 
 (concurrent mode failure): 4993K->897K(6848K), 0.0117555 secs] 4993K->897K(9920K), [Metaspace: 3664K->3664K(1056768K)], 0.0121323 secs] [Times: user=0.00 sys=0.00, real=0.01 secs] 
30.904: [GC (Allocation Failure) 30.904: [ParNew: 0K->0K(3072K), 0.0001986 secs]30.905: [CMS: 4993K->897K(6848K), 0.0019808 secs] 4993K->897K(9920K), [Metaspace: 3664K->3664K(1056768K)], 0.0022547 secs] [Times: user=0.00 sys=0.00, real=0.00 secs] 
30.907: [GC (CMS Initial Mark) [1 CMS-initial-mark: 4993K(6848K)] 4993K(9920K), 0.0000796 secs] [Times: user=0.00 sys=0.00, real=0.00 secs] 
30.907: [CMS-concurrent-mark-start]
30.907: [GC (Allocation Failure) 30.907: [ParNew: 0K->0K(3072K), 0.0001937 secs]30.907: [CMS30.917: [CMS-concurrent-mark: 0.002/0.010 secs] [Times: user=0.00 sys=0.00, real=0.01 secs] 
 (concurrent mode failure): 4993K->897K(6848K), 0.0125186 secs] 4993K->897K(9920K), [Metaspace: 3664K->3664K(1056768K)], 0.0127880 secs] [Times: user=0.00 sys=0.00, real=0.01 secs] 
30.920: [GC (Allocation Failure) 30.920: [ParNew: 0K->0K(3072K), 0.0002347 secs]30.920: [CMS: 4993K->897K(6848K), 0.0023615 secs] 4993K->897K(9920K), [Metaspace: 3664K->3664K(1056768K)], 0.0026767 secs] [Times: user=0.00 sys=0.00, real=0.00 secs] 
30.923: [GC (CMS Initial Mark) [1 CMS-initial-mark: 4993K(6848K)] 4993K(9920K), 0.0001085 secs] [Times: user=0.00 sys=0.00, real=0.00 secs] 
30.923: [CMS-concurrent-mark-start]
30.923: [GC (Allocation Failure) 30.923: [ParNew: 0K->0K(3072K), 0.0002388 secs]30.924: [CMS30.933: [CMS-concurrent-mark: 0.002/0.010 secs] [Times: user=0.00 sys=0.00, real=0.01 secs] 
 (concurrent mode failure): 4993K->897K(6848K), 0.0123234 secs] 4993K->897K(9920K), [Metaspace: 3664K->3664K(1056768K)], 0.0126346 secs] [Times: user=0.00 sys=0.00, real=0.01 secs] 
30.936: [GC (Allocation Failure) 30.936: [ParNew: 0K->0K(3072K), 0.0002489 secs]30.937: [CMS: 4993K->897K(6848K), 0.0023047 secs] 4993K->897K(9920K), [Metaspace: 3664K->3664K(1056768K)], 0.0026290 secs] [Times: user=0.00 sys=0.00, real=0.00 secs] 
30.939: [GC (CMS Initial Mark) [1 CMS-initial-mark: 4993K(6848K)] 4993K(9920K), 0.0000983 secs] [Times: user=0.00 sys=0.00, real=0.00 secs] 
30.939: [CMS-concurrent-mark-start]
30.939: [GC (Allocation Failure) 30.940: [ParNew: 0K->0K(3072K), 0.0001962 secs]30.940: [CMS30.949: [CMS-concurrent-mark: 0.001/0.009 secs] [Times: user=0.00 sys=0.00, real=0.01 secs] 
 (concurrent mode failure): 4993K->897K(6848K), 0.0113353 secs] 4993K->897K(9920K), [Metaspace: 3664K->3664K(1056768K)], 0.0116226 secs] [Times: user=0.00 sys=0.00, real=0.01 secs] 
30.951: [GC (Allocation Failure) 30.951: [ParNew: 0K->0K(3072K), 0.0001955 secs]30.952: [CMS: 4993K->897K(6848K), 0.0022367 secs] 4993K->897K(9920K), [Metaspace: 3664K->3664K(1056768K)], 0.0025299 secs] [Times: user=0.00 sys=0.00, real=0.00 secs] 
30.954: [GC (CMS Initial Mark) [1 CMS-initial-mark: 4993K(6848K)] 4993K(9920K), 0.0001065 secs] [Times: user=0.00 sys=0.00, real=0.00 secs] 
30.954: [CMS-concurrent-mark-start]
30.954: [GC (Allocation Failure) 30.955: [ParNew: 0K->0K(3072K), 0.0002021 secs]30.955: [CMS30.964: [CMS-concurrent-mark: 0.002/0.010 secs] [Times: user=0.00 sys=0.00, real=0.01 secs] 
 (concurrent mode failure): 4993K->897K(6848K), 0.0124269 secs] 4993K->897K(9920K), [Metaspace: 3664K->3664K(1056768K)], 0.0127096 secs] [Times: user=0.00 sys=0.00, real=0.01 secs] 
30.968: [GC (Allocation Failure) 30.968: [ParNew: 0K->0K(3072K), 0.0002155 secs]30.968: [CMS: 4993K->897K(6848K), 0.0022436 secs] 4993K->897K(9920K), [Metaspace: 3664K->3664K(1056768K)], 0.0025574 secs] [Times: user=0.00 sys=0.00, real=0.00 secs] 
30.970: [GC (CMS Initial Mark) [1 CMS-initial-mark: 4993K(6848K)] 4993K(9920K), 0.0000765 secs] [Times: user=0.00 sys=0.00, real=0.00 secs] 
30.971: [CMS-concurrent-mark-start]
30.971: [GC (Allocation Failure) 30.971: [ParNew: 0K->0K(3072K), 0.0001811 secs]30.971: [CMS30.980: [CMS-concurrent-mark: 0.002/0.010 secs] [Times: user=0.00 sys=0.00, real=0.01 secs] 
 (concurrent mode failure): 4993K->897K(6848K), 0.0130574 secs] 4993K->897K(9920K), [Metaspace: 3664K->3664K(1056768K)], 0.0133139 secs] [Times: user=0.00 sys=0.00, real=0.01 secs] 
30.984: [GC (Allocation Failure) 30.984: [ParNew: 0K->0K(3072K), 0.0001983 secs]30.985: [CMS: 4993K->897K(6848K), 0.0021825 secs] 4993K->897K(9920K), [Metaspace: 3664K->3664K(1056768K)], 0.0024476 secs] [Times: user=0.00 sys=0.00, real=0.00 secs] 
30.987: [GC (CMS Initial Mark) [1 CMS-initial-mark: 4993K(6848K)] 4993K(9920K), 0.0000887 secs] [Times: user=0.00 sys=0.00, real=0.00 secs] 
30.987: [CMS-concurrent-mark-start]
30.987: [GC (Allocation Failure) 30.987: [ParNew: 0K->0K(3072K), 0.0001932 secs]30.987: [CMS30.995: [CMS-concurrent-mark: 0.001/0.008 secs] [Times: user=0.00 sys=0.00, real=0.01 secs] 
 (concurrent mode failure): 4993K->897K(6848K), 0.0113499 secs] 4993K->897K(9920K), [Metaspace: 3664K->3664K(1056768K)], 0.0116184 secs] [Times: user=0.00 sys=0.00, real=0.01 secs] 
30.999: [GC (Allocation Failure) 30.999: [ParNew: 0K->0K(3072K), 0.0002076 secs]30.999: [CMS: 4993K->897K(6848K), 0.0021554 secs] 4993K->897K(9920K), [Metaspace: 3664K->3664K(1056768K)], 0.0024369 secs] [Times: user=0.00 sys=0.00, real=0.00 secs] 
31.002: [GC (CMS Initial Mark) [1 CMS-initial-mark: 4993K(6848K)] 4993K(9920K), 0.0001035 secs] [Times: user=0.00 sys=0.00, real=0.00 secs] 
31.002: [CMS-concurrent-mark-start]
31.002: [GC (Allocation Failure) 31.002: [ParNew: 0K->0K(3072K), 0.0002047 secs]31.002: [CMS31.011: [CMS-concurrent-mark: 0.001/0.009 secs] [Times: user=0.00 sys=0.00, real=0.01 secs] 
 (concurrent mode failure): 4993K->897K(6848K), 0.0120607 secs] 4993K->897K(9920K), [Metaspace: 3664K->3664K(1056768K)], 0.0124283 secs] [Times: user=0.00 sys=0.00, real=0.01 secs] 
31.015: [GC (Allocation Failure) 31.015: [ParNew: 0K->0K(3072K), 0.0002416 secs]31.015: [CMS: 4993K->897K(6848K), 0.0023900 secs] 4993K->897K(9920K), [Metaspace: 3664K->3664K(1056768K)], 0.0027139 secs] [Times: user=0.00 sys=0.00, real=0.00 secs] 
31.018: [GC (CMS Initial Mark) [1 CMS-initial-mark: 4993K(6848K)] 4993K(9920K), 0.0001073 secs] [Times: user=0.00 sys=0.00, real=0.00 secs] 
31.018: [CMS-concurrent-mark-start]
31.018: [GC (Allocation Failure) 31.018: [ParNew: 0K->0K(3072K), 0.0002113 secs]31.019: [CMS31.027: [CMS-concurrent-mark: 0.002/0.009 secs] [Times: user=0.00 sys=0.00, real=0.01 secs] 
 (concurrent mode failure): 4993K->897K(6848K), 0.0113179 secs] 4993K->897K(9920K), [Metaspace: 3664K->3664K(1056768K)], 0.0116395 secs] [Times: user=0.00 sys=0.00, real=0.01 secs] 
31.030: [GC (Allocation Failure) 31.030: [ParNew: 0K->0K(3072K), 0.0004560 secs]31.031: [CMS: 4993K->897K(6848K), 0.0024147 secs] 4993K->897K(9920K), [Metaspace: 3664K->3664K(1056768K)], 0.0029614 secs] [Times: user=0.00 sys=0.00, real=0.00 secs] 
31.034: [GC (CMS Initial Mark) [1 CMS-initial-mark: 4993K(6848K)] 4993K(9920K), 0.0001099 secs] [Times: user=0.00 sys=0.00, real=0.00 secs] 
31.034: [CMS-concurrent-mark-start]
31.034: [GC (Allocation Failure) 31.034: [ParNew: 0K->0K(3072K), 0.0001953 secs]31.034: [CMS31.043: [CMS-concurrent-mark: 0.002/0.009 secs] [Times: user=0.00 sys=0.00, real=0.01 secs] 
 (concurrent mode failure): 4993K->897K(6848K), 0.0117350 secs] 4993K->897K(9920K), [Metaspace: 3664K->3664K(1056768K)], 0.0120343 secs] [Times: user=0.00 sys=0.00, real=0.01 secs] 
31.046: [GC (Allocation Failure) 31.046: [ParNew: 0K->0K(3072K), 0.0002621 secs]31.047: [CMS: 4993K->897K(6848K), 0.0027166 secs] 4993K->897K(9920K), [Metaspace: 3664K->3664K(1056768K)], 0.0030956 secs] [Times: user=0.00 sys=0.00, real=0.00 secs] 
31.050: [GC (CMS Initial Mark) [1 CMS-initial-mark: 4993K(6848K)] 4993K(9920K), 0.0001379 secs] [Times: user=0.00 sys=0.00, real=0.00 secs] 
31.050: [CMS-concurrent-mark-start]
31.050: [GC (Allocation Failure) 31.050: [ParNew: 0K->0K(3072K), 0.0002547 secs]31.050: [CMS31.059: [CMS-concurrent-mark: 0.002/0.009 secs] [Times: user=0.00 sys=0.00, real=0.01 secs] 
 (concurrent mode failure): 4993K->897K(6848K), 0.0115460 secs] 4993K->897K(9920K), [Metaspace: 3664K->3664K(1056768K)], 0.0119174 secs] [Times: user=0.00 sys=0.00, real=0.01 secs] 
31.062: [GC (Allocation Failure) 31.063: [ParNew: 0K->0K(3072K), 0.0003110 secs]31.063: [CMS: 4993K->897K(6848K), 0.0041708 secs] 4993K->897K(9920K), [Metaspace: 3664K->3664K(1056768K)], 0.0045809 secs] [Times: user=0.00 sys=0.00, real=0.01 secs] 
31.067: [GC (CMS Initial Mark) [1 CMS-initial-mark: 4993K(6848K)] 4993K(9920K), 0.0001499 secs] [Times: user=0.00 sys=0.00, real=0.00 secs] 
31.068: [CMS-concurrent-mark-start]
31.068: [GC (Allocation Failure) 31.068: [ParNew: 0K->0K(3072K), 0.0002139 secs]31.068: [CMS31.075: [CMS-concurrent-mark: 0.001/0.007 secs] [Times: user=0.02 sys=0.00, real=0.01 secs] 
 (concurrent mode failure): 4993K->897K(6848K), 0.0096936 secs] 4993K->897K(9920K), [Metaspace: 3664K->3664K(1056768K)], 0.0099831 secs] [Times: user=0.00 sys=0.00, real=0.01 secs] 
31.078: [GC (Allocation Failure) 31.078: [ParNew: 0K->0K(3072K), 0.0002827 secs]31.078: [CMS: 4993K->897K(6848K), 0.0036621 secs] 4993K->897K(9920K), [Metaspace: 3664K->3664K(1056768K)], 0.0040513 secs] [Times: user=0.00 sys=0.00, real=0.00 secs] 
31.083: [GC (CMS Initial Mark) [1 CMS-initial-mark: 4993K(6848K)] 4993K(9920K), 0.0001399 secs] [Times: user=0.00 sys=0.02, real=0.00 secs] 
31.083: [CMS-concurrent-mark-start]
31.083: [GC (Allocation Failure) 31.083: [ParNew: 0K->0K(3072K), 0.0002653 secs]31.083: [CMS31.090: [CMS-concurrent-mark: 0.001/0.007 secs] [Times: user=0.00 sys=0.00, real=0.01 secs] 
 (concurrent mode failure): 4993K->897K(6848K), 0.0093581 secs] 4993K->897K(9920K), [Metaspace: 3664K->3664K(1056768K)], 0.0097124 secs] [Times: user=0.00 sys=0.00, real=0.01 secs] 
31.093: [GC (Allocation Failure) 31.093: [ParNew: 0K->0K(3072K), 0.0002608 secs]31.093: [CMS: 4993K->897K(6848K), 0.0023056 secs] 4993K->897K(9920K), [Metaspace: 3664K->3664K(1056768K)], 0.0026692 secs] [Times: user=0.00 sys=0.00, real=0.00 secs] 
31.096: [GC (CMS Initial Mark) [1 CMS-initial-mark: 4993K(6848K)] 4993K(9920K), 0.0001883 secs] [Times: user=0.00 sys=0.00, real=0.00 secs] 
31.096: [CMS-concurrent-mark-start]
31.096: [GC (Allocation Failure) 31.096: [ParNew: 0K->0K(3072K), 0.0002431 secs]31.097: [CMS31.105: [CMS-concurrent-mark: 0.001/0.009 secs] [Times: user=0.00 sys=0.00, real=0.01 secs] 
 (concurrent mode failure): 4993K->897K(6848K), 0.0112932 secs] 4993K->897K(9920K), [Metaspace: 3664K->3664K(1056768K)], 0.0116159 secs] [Times: user=0.00 sys=0.00, real=0.01 secs] 
31.108: [GC (Allocation Failure) 31.108: [ParNew: 0K->0K(3072K), 0.0002131 secs]31.109: [CMS: 4993K->897K(6848K), 0.0024863 secs] 4993K->897K(9920K), [Metaspace: 3664K->3664K(1056768K)], 0.0027926 secs] [Times: user=0.00 sys=0.00, real=0.00 secs] 
31.111: [GC (CMS Initial Mark) [1 CMS-initial-mark: 4993K(6848K)] 4993K(9920K), 0.0000908 secs] [Times: user=0.00 sys=0.00, real=0.00 secs] 
31.112: [CMS-concurrent-mark-start]
31.112: [GC (Allocation Failure) 31.112: [ParNew: 0K->0K(3072K), 0.0001790 secs]31.112: [CMS31.121: [CMS-concurrent-mark: 0.001/0.009 secs] [Times: user=0.00 sys=0.00, real=0.01 secs] 
 (concurrent mode failure): 4993K->897K(6848K), 0.0118738 secs] 4993K->897K(9920K), [Metaspace: 3664K->3664K(1056768K)], 0.0121292 secs] [Times: user=0.00 sys=0.00, real=0.01 secs] 
31.124: [GC (Allocation Failure) 31.124: [ParNew: 0K->0K(3072K), 0.0002260 secs]31.124: [CMS: 4993K->897K(6848K), 0.0029690 secs] 4993K->897K(9920K), [Metaspace: 3664K->3664K(1056768K)], 0.0032819 secs] [Times: user=0.00 sys=0.00, real=0.00 secs] 
31.128: [GC (CMS Initial Mark) [1 CMS-initial-mark: 4993K(6848K)] 4993K(9920K), 0.0001236 secs] [Times: user=0.00 sys=0.00, real=0.00 secs] 
31.128: [CMS-concurrent-mark-start]
31.128: [GC (Allocation Failure) 31.128: [ParNew: 0K->0K(3072K), 0.0001930 secs]31.128: [CMS31.136: [CMS-concurrent-mark: 0.001/0.008 secs] [Times: user=0.00 sys=0.00, real=0.01 secs] 
 (concurrent mode failure): 4993K->897K(6848K), 0.0106085 secs] 4993K->897K(9920K), [Metaspace: 3664K->3664K(1056768K)], 0.0108730 secs] [Times: user=0.00 sys=0.00, real=0.01 secs] 
31.139: [GC (Allocation Failure) 31.139: [ParNew: 0K->0K(3072K), 0.0002191 secs]31.139: [CMS: 4993K->897K(6848K), 0.0022744 secs] 4993K->897K(9920K), [Metaspace: 3664K->3664K(1056768K)], 0.0025807 secs] [Times: user=0.00 sys=0.00, real=0.00 secs] 
31.142: [GC (CMS Initial Mark) [1 CMS-initial-mark: 4993K(6848K)] 4993K(9920K), 0.0001216 secs] [Times: user=0.00 sys=0.00, real=0.00 secs] 
31.142: [CMS-concurrent-mark-start]
31.142: [GC (Allocation Failure) 31.142: [ParNew: 0K->0K(3072K), 0.0002157 secs]31.143: [CMS31.152: [CMS-concurrent-mark: 0.002/0.010 secs] [Times: user=0.00 sys=0.00, real=0.01 secs] 
 (concurrent mode failure): 4993K->897K(6848K), 0.0125714 secs] 4993K->897K(9920K), [Metaspace: 3664K->3664K(1056768K)], 0.0128802 secs] [Times: user=0.00 sys=0.00, real=0.01 secs] 
31.156: [GC (Allocation Failure) 31.156: [ParNew: 0K->0K(3072K), 0.0002855 secs]31.156: [CMS: 4993K->897K(6848K), 0.0029125 secs] 4993K->897K(9920K), [Metaspace: 3664K->3664K(1056768K)], 0.0032865 secs] [Times: user=0.00 sys=0.00, real=0.00 secs] 
31.159: [GC (CMS Initial Mark) [1 CMS-initial-mark: 4993K(6848K)] 4993K(9920K), 0.0001152 secs] [Times: user=0.00 sys=0.00, real=0.00 secs] 
31.159: [CMS-concurrent-mark-start]
31.160: [GC (Allocation Failure) 31.160: [ParNew: 0K->0K(3072K), 0.0002326 secs]31.160: [CMS31.168: [CMS-concurrent-mark: 0.002/0.009 secs] [Times: user=0.00 sys=0.00, real=0.01 secs] 
 (concurrent mode failure): 4993K->897K(6848K), 0.0112499 secs] 4993K->897K(9920K), [Metaspace: 3664K->3664K(1056768K)], 0.0115805 secs] [Times: user=0.00 sys=0.00, real=0.01 secs] 
31.172: [GC (Allocation Failure) 31.172: [ParNew: 0K->0K(3072K), 0.0002568 secs]31.172: [CMS: 4993K->897K(6848K), 0.0032797 secs] 4993K->897K(9920K), [Metaspace: 3664K->3664K(1056768K)], 0.0036307 secs] [Times: user=0.00 sys=0.00, real=0.00 secs] 
31.176: [GC (CMS Initial Mark) [1 CMS-initial-mark: 4993K(6848K)] 4993K(9920K), 0.0001261 secs] [Times: user=0.00 sys=0.00, real=0.00 secs] 
31.176: [CMS-concurrent-mark-start]
31.176: [GC (Allocation Failure) 31.176: [ParNew: 0K->0K(3072K), 0.0002394 secs]31.176: [CMS31.183: [CMS-concurrent-mark: 0.002/0.007 secs] [Times: user=0.00 sys=0.00, real=0.01 secs] 
 (concurrent mode failure): 4993K->897K(6848K), 0.0110696 secs] 4993K->897K(9920K), [Metaspace: 3664K->3664K(1056768K)], 0.0113967 secs] [Times: user=0.00 sys=0.00, real=0.01 secs] 
31.188: [GC (Allocation Failure) 31.188: [ParNew: 0K->0K(3072K), 0.0002726 secs]31.188: [CMS: 4993K->897K(6848K), 0.0027419 secs] 4993K->897K(9920K), [Metaspace: 3664K->3664K(1056768K)], 0.0031244 secs] [Times: user=0.00 sys=0.00, real=0.00 secs] 
31.191: [GC (CMS Initial Mark) [1 CMS-initial-mark: 4993K(6848K)] 4993K(9920K), 0.0001401 secs] [Times: user=0.00 sys=0.00, real=0.00 secs] 
31.191: [CMS-concurrent-mark-start]
31.191: [GC (Allocation Failure) 31.191: [ParNew: 0K->0K(3072K), 0.0002248 secs]31.192: [CMS31.199: [CMS-concurrent-mark: 0.001/0.008 secs] [Times: user=0.00 sys=0.00, real=0.01 secs] 
 (concurrent mode failure): 4993K->897K(6848K), 0.0106501 secs] 4993K->897K(9920K), [Metaspace: 3664K->3664K(1056768K)], 0.0109635 secs] [Times: user=0.00 sys=0.00, real=0.01 secs] 
31.203: [GC (Allocation Failure) 31.203: [ParNew: 0K->0K(3072K), 0.0003638 secs]31.203: [CMS: 4993K->897K(6848K), 0.0026742 secs] 4993K->897K(9920K), [Metaspace: 3664K->3664K(1056768K)], 0.0031632 secs] [Times: user=0.00 sys=0.00, real=0.00 secs] 
31.206: [GC (CMS Initial Mark) [1 CMS-initial-mark: 4993K(6848K)] 4993K(9920K), 0.0001513 secs] [Times: user=0.00 sys=0.00, real=0.00 secs] 
31.207: [CMS-concurrent-mark-start]
31.207: [GC (Allocation Failure) 31.207: [ParNew: 0K->0K(3072K), 0.0002254 secs]31.207: [CMS31.215: [CMS-concurrent-mark: 0.002/0.009 secs] [Times: user=0.00 sys=0.00, real=0.01 secs] 
 (concurrent mode failure): 4993K->897K(6848K), 0.0120267 secs] 4993K->897K(9920K), [Metaspace: 3664K->3664K(1056768K)], 0.0123481 secs] [Times: user=0.00 sys=0.00, real=0.01 secs] 
31.219: [GC (Allocation Failure) 31.219: [ParNew: 0K->0K(3072K), 0.0002320 secs]31.220: [CMS: 4993K->897K(6848K), 0.0025581 secs] 4993K->897K(9920K), [Metaspace: 3664K->3664K(1056768K)], 0.0028824 secs] [Times: user=0.00 sys=0.00, real=0.00 secs] 
31.223: [GC (CMS Initial Mark) [1 CMS-initial-mark: 4993K(6848K)] 4993K(9920K), 0.0001389 secs] [Times: user=0.00 sys=0.00, real=0.00 secs] 
31.223: [CMS-concurrent-mark-start]
31.223: [GC (Allocation Failure) 31.223: [ParNew: 0K->0K(3072K), 0.0002645 secs]31.223: [CMS31.230: [CMS-concurrent-mark: 0.002/0.007 secs] [Times: user=0.00 sys=0.00, real=0.01 secs] 
 (concurrent mode failure): 4993K->897K(6848K), 0.0105741 secs] 4993K->897K(9920K), [Metaspace: 3664K->3664K(1056768K)], 0.0109368 secs] [Times: user=0.00 sys=0.00, real=0.01 secs] 
31.234: [GC (Allocation Failure) 31.234: [ParNew: 0K->0K(3072K), 0.0002734 secs]31.235: [CMS: 4993K->897K(6848K), 0.0034431 secs] 4993K->897K(9920K), [Metaspace: 3664K->3664K(1056768K)], 0.0038178 secs] [Times: user=0.00 sys=0.00, real=0.00 secs] 
31.239: [GC (CMS Initial Mark) [1 CMS-initial-mark: 4993K(6848K)] 4993K(9920K), 0.0001282 secs] [Times: user=0.00 sys=0.00, real=0.00 secs] 
31.239: [CMS-concurrent-mark-start]
31.239: [GC (Allocation Failure) 31.239: [ParNew: 0K->0K(3072K), 0.0002707 secs]31.239: [CMS31.246: [CMS-concurrent-mark: 0.002/0.007 secs] [Times: user=0.00 sys=0.00, real=0.01 secs] 
 (concurrent mode failure): 4993K->897K(6848K), 0.0106651 secs] 4993K->897K(9920K), [Metaspace: 3664K->3664K(1056768K)], 0.0110270 secs] [Times: user=0.00 sys=0.00, real=0.01 secs] 
31.250: [GC (Allocation Failure) 31.250: [ParNew: 0K->0K(3072K), 0.0002865 secs]31.251: [CMS: 4993K->897K(6848K), 0.0032225 secs] 4993K->897K(9920K), [Metaspace: 3664K->3664K(1056768K)], 0.0035988 secs] [Times: user=0.00 sys=0.00, real=0.00 secs] 
31.254: [GC (CMS Initial Mark) [1 CMS-initial-mark: 4993K(6848K)] 4993K(9920K), 0.0001243 secs] [Times: user=0.00 sys=0.00, real=0.00 secs] 
31.254: [CMS-concurrent-mark-start]
31.254: [GC (Allocation Failure) 31.254: [ParNew: 0K->0K(3072K), 0.0001995 secs]31.255: [CMS31.261: [CMS-concurrent-mark: 0.001/0.007 secs] [Times: user=0.00 sys=0.00, real=0.01 secs] 
 (concurrent mode failure): 4993K->897K(6848K), 0.0105997 secs] 4993K->897K(9920K), [Metaspace: 3664K->3664K(1056768K)], 0.0109197 secs] [Times: user=0.00 sys=0.00, real=0.01 secs] 
31.266: [GC (Allocation Failure) 31.266: [ParNew: 0K->0K(3072K), 0.0002292 secs]31.266: [CMS: 4993K->897K(6848K), 0.0030769 secs] 4993K->897K(9920K), [Metaspace: 3664K->3664K(1056768K)], 0.0033949 secs] [Times: user=0.00 sys=0.00, real=0.00 secs] 
31.269: [GC (CMS Initial Mark) [1 CMS-initial-mark: 4993K(6848K)] 4993K(9920K), 0.0001058 secs] [Times: user=0.00 sys=0.00, real=0.00 secs] 
31.270: [CMS-concurrent-mark-start]
31.270: [GC (Allocation Failure) 31.270: [ParNew: 0K->0K(3072K), 0.0002012 secs]31.270: [CMS31.277: [CMS-concurrent-mark: 0.001/0.008 secs] [Times: user=0.00 sys=0.00, real=0.01 secs] 
 (concurrent mode failure): 4993K->897K(6848K), 0.0115420 secs] 4993K->897K(9920K), [Metaspace: 3664K->3664K(1056768K)], 0.0118549 secs] [Times: user=0.00 sys=0.00, real=0.01 secs] 
31.282: [GC (Allocation Failure) 31.282: [ParNew: 0K->0K(3072K), 0.0002451 secs]31.282: [CMS: 4993K->897K(6848K), 0.0033344 secs] 4993K->897K(9920K), [Metaspace: 3664K->3664K(1056768K)], 0.0036892 secs] [Times: user=0.00 sys=0.00, real=0.00 secs] 
31.286: [GC (CMS Initial Mark) [1 CMS-initial-mark: 4993K(6848K)] 4993K(9920K), 0.0001267 secs] [Times: user=0.00 sys=0.00, real=0.00 secs] 
31.286: [CMS-concurrent-mark-start]
31.286: [GC (Allocation Failure) 31.286: [ParNew: 0K->0K(3072K), 0.0002385 secs]31.287: [CMS31.293: [CMS-concurrent-mark: 0.002/0.006 secs] [Times: user=0.00 sys=0.00, real=0.01 secs] 
 (concurrent mode failure): 4993K->897K(6848K), 0.0091261 secs] 4993K->897K(9920K), [Metaspace: 3664K->3664K(1056768K)], 0.0094878 secs] [Times: user=0.00 sys=0.00, real=0.01 secs] 
31.296: [GC (Allocation Failure) 31.296: [ParNew: 0K->0K(3072K), 0.0002807 secs]31.297: [CMS: 4993K->897K(6848K), 0.0038887 secs] 4993K->897K(9920K), [Metaspace: 3664K->3664K(1056768K)], 0.0042702 secs] [Times: user=0.00 sys=0.00, real=0.00 secs] 
31.301: [GC (CMS Initial Mark) [1 CMS-initial-mark: 4993K(6848K)] 4993K(9920K), 0.0001125 secs] [Times: user=0.00 sys=0.00, real=0.00 secs] 
31.301: [CMS-concurrent-mark-start]
31.301: [GC (Allocation Failure) 31.301: [ParNew: 0K->0K(3072K), 0.0002027 secs]31.301: [CMS31.307: [CMS-concurrent-mark: 0.001/0.006 secs] [Times: user=0.00 sys=0.00, real=0.01 secs] 
 (concurrent mode failure): 4993K->897K(6848K), 0.0087312 secs] 4993K->897K(9920K), [Metaspace: 3664K->3664K(1056768K)], 0.0090165 secs] [Times: user=0.00 sys=0.00, real=0.01 secs] 
31.310: [GC (Allocation Failure) 31.311: [ParNew: 0K->0K(3072K), 0.0002092 secs]31.311: [CMS: 4993K->897K(6848K), 0.0039108 secs] 4993K->897K(9920K), [Metaspace: 3664K->3664K(1056768K)], 0.0042494 secs] [Times: user=0.00 sys=0.00, real=0.00 secs] 
31.315: [GC (CMS Initial Mark) [1 CMS-initial-mark: 4993K(6848K)] 4993K(9920K), 0.0002326 secs] [Times: user=0.00 sys=0.00, real=0.00 secs] 
31.315: [CMS-concurrent-mark-start]
31.316: [GC (Allocation Failure) 31.316: [ParNew: 0K->0K(3072K), 0.0003058 secs]31.316: [CMS31.324: [CMS-concurrent-mark: 0.002/0.008 secs] [Times: user=0.00 sys=0.00, real=0.01 secs] 
 (concurrent mode failure): 4993K->897K(6848K), 0.0103146 secs] 4993K->897K(9920K), [Metaspace: 3664K->3664K(1056768K)], 0.0107358 secs] [Times: user=0.00 sys=0.00, real=0.01 secs] 
31.327: [GC (Allocation Failure) 31.327: [ParNew: 0K->0K(3072K), 0.0002355 secs]31.327: [CMS: 4993K->897K(6848K), 0.0026927 secs] 4993K->897K(9920K), [Metaspace: 3664K->3664K(1056768K)], 0.0030153 secs] [Times: user=0.00 sys=0.00, real=0.00 secs] 
31.330: [GC (CMS Initial Mark) [1 CMS-initial-mark: 4993K(6848K)] 4993K(9920K), 0.0001319 secs] [Times: user=0.00 sys=0.00, real=0.00 secs] 
31.330: [CMS-concurrent-mark-start]
31.330: [GC (Allocation Failure) 31.330: [ParNew: 0K->0K(3072K), 0.0002242 secs]31.331: [CMS31.339: [CMS-concurrent-mark: 0.002/0.009 secs] [Times: user=0.00 sys=0.00, real=0.01 secs] 
 (concurrent mode failure): 4993K->897K(6848K), 0.0113377 secs] 4993K->897K(9920K), [Metaspace: 3664K->3664K(1056768K)], 0.0116560 secs] [Times: user=0.00 sys=0.00, real=0.01 secs] 
31.342: [GC (Allocation Failure) 31.342: [ParNew: 0K->0K(3072K), 0.0002742 secs]31.343: [CMS: 4993K->897K(6848K), 0.0030834 secs] 4993K->897K(9920K), [Metaspace: 3664K->3664K(1056768K)], 0.0034858 secs] [Times: user=0.00 sys=0.00, real=0.00 secs] 
31.346: [GC (CMS Initial Mark) [1 CMS-initial-mark: 4993K(6848K)] 4993K(9920K), 0.0002309 secs] [Times: user=0.00 sys=0.00, real=0.00 secs] 
31.347: [CMS-concurrent-mark-start]
31.347: [GC (Allocation Failure) 31.347: [ParNew: 0K->0K(3072K), 0.0003025 secs]31.347: [CMS31.355: [CMS-concurrent-mark: 0.001/0.008 secs] [Times: user=0.00 sys=0.00, real=0.01 secs] 
 (concurrent mode failure): 4993K->897K(6848K), 0.0103422 secs] 4993K->897K(9920K), [Metaspace: 3664K->3664K(1056768K)], 0.0107645 secs] [Times: user=0.00 sys=0.00, real=0.01 secs] 
31.358: [GC (Allocation Failure) 31.358: [ParNew: 0K->0K(3072K), 0.0002574 secs]31.358: [CMS: 4993K->897K(6848K), 0.0024823 secs] 4993K->897K(9920K), [Metaspace: 3664K->3664K(1056768K)], 0.0028163 secs] [Times: user=0.00 sys=0.00, real=0.00 secs] 
31.361: [GC (CMS Initial Mark) [1 CMS-initial-mark: 4993K(6848K)] 4993K(9920K), 0.0001156 secs] [Times: user=0.00 sys=0.00, real=0.00 secs] 
31.361: [CMS-concurrent-mark-start]
31.361: [GC (Allocation Failure) 31.361: [ParNew: 0K->0K(3072K), 0.0001992 secs]31.361: [CMS31.370: [CMS-concurrent-mark: 0.001/0.009 secs] [Times: user=0.00 sys=0.00, real=0.01 secs] 
 (concurrent mode failure): 4993K->897K(6848K), 0.0111083 secs] 4993K->897K(9920K), [Metaspace: 3664K->3664K(1056768K)], 0.0113888 secs] [Times: user=0.00 sys=0.00, real=0.01 secs] 
31.373: [GC (Allocation Failure) 31.373: [ParNew: 0K->0K(3072K), 0.0002490 secs]31.373: [CMS: 4993K->897K(6848K), 0.0026450 secs] 4993K->897K(9920K), [Metaspace: 3664K->3664K(1056768K)], 0.0029820 secs] [Times: user=0.00 sys=0.00, real=0.00 secs] 
31.376: [GC (CMS Initial Mark) [1 CMS-initial-mark: 4993K(6848K)] 4993K(9920K), 0.0001330 secs] [Times: user=0.00 sys=0.00, real=0.00 secs] 
31.377: [CMS-concurrent-mark-start]
31.377: [GC (Allocation Failure) 31.377: [ParNew: 0K->0K(3072K), 0.0002154 secs]31.377: [CMS31.386: [CMS-concurrent-mark: 0.002/0.009 secs] [Times: user=0.00 sys=0.00, real=0.01 secs] 
 (concurrent mode failure): 4993K->897K(6848K), 0.0119974 secs] 4993K->897K(9920K), [Metaspace: 3664K->3664K(1056768K)], 0.0123204 secs] [Times: user=0.00 sys=0.00, real=0.01 secs] 
31.389: [GC (Allocation Failure) 31.389: [ParNew: 0K->0K(3072K), 0.0002271 secs]31.390: [CMS: 4993K->897K(6848K), 0.0027142 secs] 4993K->897K(9920K), [Metaspace: 3664K->3664K(1056768K)], 0.0030254 secs] [Times: user=0.00 sys=0.00, real=0.00 secs] 
31.393: [GC (CMS Initial Mark) [1 CMS-initial-mark: 4993K(6848K)] 4993K(9920K), 0.0001426 secs] [Times: user=0.00 sys=0.00, real=0.00 secs] 
31.393: [CMS-concurrent-mark-start]
31.393: [GC (Allocation Failure) 31.393: [ParNew: 0K->0K(3072K), 0.0002465 secs]31.393: [CMS31.401: [CMS-concurrent-mark: 0.001/0.008 secs] [Times: user=0.00 sys=0.00, real=0.01 secs] 
 (concurrent mode failure): 4993K->897K(6848K), 0.0103249 secs] 4993K->897K(9920K), [Metaspace: 3664K->3664K(1056768K)], 0.0106529 secs] [Times: user=0.00 sys=0.00, real=0.01 secs] 
31.404: [GC (Allocation Failure) 31.404: [ParNew: 0K->0K(3072K), 0.0002536 secs]31.404: [CMS: 4993K->897K(6848K), 0.0024470 secs] 4993K->897K(9920K), [Metaspace: 3664K->3664K(1056768K)], 0.0027922 secs] [Times: user=0.00 sys=0.00, real=0.00 secs] 
31.407: [GC (CMS Initial Mark) [1 CMS-initial-mark: 4993K(6848K)] 4993K(9920K), 0.0001129 secs] [Times: user=0.00 sys=0.00, real=0.00 secs] 
31.407: [CMS-concurrent-mark-start]
31.407: [GC (Allocation Failure) 31.407: [ParNew: 0K->0K(3072K), 0.0002090 secs]31.407: [CMS31.417: [CMS-concurrent-mark: 0.001/0.010 secs] [Times: user=0.00 sys=0.00, real=0.01 secs] 
 (concurrent mode failure): 4993K->897K(6848K), 0.0123921 secs] 4993K->897K(9920K), [Metaspace: 3664K->3664K(1056768K)], 0.0126838 secs] [Times: user=0.00 sys=0.00, real=0.01 secs] 
31.420: [GC (Allocation Failure) 31.420: [ParNew: 0K->0K(3072K), 0.0002787 secs]31.421: [CMS: 4993K->897K(6848K), 0.0027200 secs] 4993K->897K(9920K), [Metaspace: 3664K->3664K(1056768K)], 0.0030981 secs] [Times: user=0.00 sys=0.00, real=0.00 secs] 
31.424: [GC (CMS Initial Mark) [1 CMS-initial-mark: 4993K(6848K)] 4993K(9920K), 0.0001073 secs] [Times: user=0.00 sys=0.00, real=0.00 secs] 
31.424: [CMS-concurrent-mark-start]
31.424: [GC (Allocation Failure) 31.424: [ParNew: 0K->0K(3072K), 0.0002162 secs]31.424: [CMS31.432: [CMS-concurrent-mark: 0.001/0.008 secs] [Times: user=0.00 sys=0.00, real=0.01 secs] 
 (concurrent mode failure): 4993K->897K(6848K), 0.0107168 secs] 4993K->897K(9920K), [Metaspace: 3664K->3664K(1056768K)], 0.0110340 secs] [Times: user=0.00 sys=0.00, real=0.01 secs] 
31.435: [GC (Allocation Failure) 31.435: [ParNew: 0K->0K(3072K), 0.0002411 secs]31.436: [CMS: 4993K->897K(6848K), 0.0024696 secs] 4993K->897K(9920K), [Metaspace: 3664K->3664K(1056768K)], 0.0027913 secs] [Times: user=0.00 sys=0.00, real=0.00 secs] 
31.439: [GC (CMS Initial Mark) [1 CMS-initial-mark: 4993K(6848K)] 4993K(9920K), 0.0001121 secs] [Times: user=0.00 sys=0.00, real=0.00 secs] 
31.439: [CMS-concurrent-mark-start]
31.439: [GC (Allocation Failure) 31.439: [ParNew: 0K->0K(3072K), 0.0002349 secs]31.439: [CMS31.448: [CMS-concurrent-mark: 0.002/0.009 secs] [Times: user=0.00 sys=0.00, real=0.01 secs] 
 (concurrent mode failure): 4993K->897K(6848K), 0.0116111 secs] 4993K->897K(9920K), [Metaspace: 3664K->3664K(1056768K)], 0.0119192 secs] [Times: user=0.00 sys=0.00, real=0.01 secs] 
31.451: [GC (Allocation Failure) 31.451: [ParNew: 0K->0K(3072K), 0.0002304 secs]31.451: [CMS: 4993K->897K(6848K), 0.0025588 secs] 4993K->897K(9920K), [Metaspace: 3664K->3664K(1056768K)], 0.0028791 secs] [Times: user=0.00 sys=0.00, real=0.00 secs] 
31.454: [GC (CMS Initial Mark) [1 CMS-initial-mark: 4993K(6848K)] 4993K(9920K), 0.0000911 secs] [Times: user=0.00 sys=0.00, real=0.00 secs] 
31.454: [CMS-concurrent-mark-start]
31.455: [GC (Allocation Failure) 31.455: [ParNew: 0K->0K(3072K), 0.0002073 secs]31.455: [CMS31.464: [CMS-concurrent-mark: 0.002/0.009 secs] [Times: user=0.00 sys=0.00, real=0.01 secs] 
 (concurrent mode failure): 4993K->897K(6848K), 0.0128837 secs] 4993K->897K(9920K), [Metaspace: 3664K->3664K(1056768K)], 0.0131705 secs] [Times: user=0.00 sys=0.00, real=0.01 secs] 
31.468: [GC (Allocation Failure) 31.468: [ParNew: 0K->0K(3072K), 0.0002544 secs]31.468: [CMS: 4993K->897K(6848K), 0.0025551 secs] 4993K->897K(9920K), [Metaspace: 3664K->3664K(1056768K)], 0.0028959 secs] [Times: user=0.00 sys=0.00, real=0.00 secs] 
31.471: [GC (CMS Initial Mark) [1 CMS-initial-mark: 4993K(6848K)] 4993K(9920K), 0.0001106 secs] [Times: user=0.00 sys=0.00, real=0.00 secs] 
31.472: [CMS-concurrent-mark-start]
31.472: [GC (Allocation Failure) 31.472: [ParNew: 0K->0K(3072K), 0.0002832 secs]31.472: [CMS31.479: [CMS-concurrent-mark: 0.001/0.008 secs] [Times: user=0.00 sys=0.00, real=0.01 secs] 
 (concurrent mode failure): 4993K->897K(6848K), 0.0118083 secs] 4993K->897K(9920K), [Metaspace: 3664K->3664K(1056768K)], 0.0122118 secs] [Times: user=0.00 sys=0.00, real=0.01 secs] 
31.484: [GC (Allocation Failure) 31.484: [ParNew: 0K->0K(3072K), 0.0003263 secs]31.485: [CMS: 4993K->897K(6848K), 0.0024739 secs] 4993K->897K(9920K), [Metaspace: 3664K->3664K(1056768K)], 0.0028948 secs] [Times: user=0.00 sys=0.00, real=0.00 secs] 
31.488: [GC (CMS Initial Mark) [1 CMS-initial-mark: 4993K(6848K)] 4993K(9920K), 0.0001438 secs] [Times: user=0.00 sys=0.00, real=0.00 secs] 
31.488: [CMS-concurrent-mark-start]
31.488: [GC (Allocation Failure) 31.488: [ParNew: 0K->0K(3072K), 0.0002635 secs]31.488: [CMS31.495: [CMS-concurrent-mark: 0.002/0.008 secs] [Times: user=0.00 sys=0.00, real=0.01 secs] 
 (concurrent mode failure): 4993K->897K(6848K), 0.0098867 secs] 4993K->897K(9920K), [Metaspace: 3664K->3664K(1056768K)], 0.0102313 secs] [Times: user=0.00 sys=0.00, real=0.01 secs] 
31.498: [GC (Allocation Failure) 31.499: [ParNew: 0K->0K(3072K), 0.0002768 secs]31.499: [CMS: 4993K->897K(6848K), 0.0020710 secs] 4993K->897K(9920K), [Metaspace: 3664K->3664K(1056768K)], 0.0024219 secs] [Times: user=0.00 sys=0.00, real=0.00 secs] 
31.501: [GC (CMS Initial Mark) [1 CMS-initial-mark: 4993K(6848K)] 4993K(9920K), 0.0002242 secs] [Times: user=0.00 sys=0.00, real=0.00 secs] 
31.501: [CMS-concurrent-mark-start]
31.502: [GC (Allocation Failure) 31.502: [ParNew: 0K->0K(3072K), 0.0002172 secs]31.502: [CMS31.510: [CMS-concurrent-mark: 0.001/0.009 secs] [Times: user=0.00 sys=0.00, real=0.01 secs] 
 (concurrent mode failure): 4993K->897K(6848K), 0.0117671 secs] 4993K->897K(9920K), [Metaspace: 3664K->3664K(1056768K)], 0.0121077 secs] [Times: user=0.00 sys=0.00, real=0.01 secs] 
31.515: [GC (Allocation Failure) 31.515: [ParNew: 0K->0K(3072K), 0.0004223 secs]31.515: [CMS: 4993K->897K(6848K), 0.0028658 secs] 4993K->897K(9920K), [Metaspace: 3664K->3664K(1056768K)], 0.0034444 secs] [Times: user=0.00 sys=0.00, real=0.00 secs] 
31.518: [GC (CMS Initial Mark) [1 CMS-initial-mark: 4993K(6848K)] 4993K(9920K), 0.0000879 secs] [Times: user=0.00 sys=0.00, real=0.00 secs] 
31.519: [CMS-concurrent-mark-start]
31.519: [GC (Allocation Failure) 31.519: [ParNew: 0K->0K(3072K), 0.0001875 secs]31.519: [CMS31.525: [CMS-concurrent-mark: 0.001/0.007 secs] [Times: user=0.00 sys=0.00, real=0.01 secs] 
 (concurrent mode failure): 4993K->897K(6848K), 0.0094732 secs] 4993K->897K(9920K), [Metaspace: 3664K->3664K(1056768K)], 0.0097325 secs] [Times: user=0.00 sys=0.00, real=0.01 secs] 
31.529: [GC (Allocation Failure) 31.529: [ParNew: 0K->0K(3072K), 0.0002537 secs]31.529: [CMS: 4993K->897K(6848K), 0.0036621 secs] 4993K->897K(9920K), [Metaspace: 3664K->3664K(1056768K)], 0.0040085 secs] [Times: user=0.00 sys=0.00, real=0.00 secs] 
31.533: [GC (CMS Initial Mark) [1 CMS-initial-mark: 4993K(6848K)] 4993K(9920K), 0.0001253 secs] [Times: user=0.00 sys=0.00, real=0.00 secs] 
31.533: [CMS-concurrent-mark-start]
31.533: [GC (Allocation Failure) 31.533: [ParNew: 0K->0K(3072K), 0.0001949 secs]31.533: [CMS31.541: [CMS-concurrent-mark: 0.002/0.008 secs] [Times: user=0.00 sys=0.00, real=0.01 secs] 
 (concurrent mode failure): 4993K->897K(6848K), 0.0108881 secs] 4993K->897K(9920K), [Metaspace: 3664K->3664K(1056768K)], 0.0111724 secs] [Times: user=0.00 sys=0.00, real=0.01 secs] 
31.545: [GC (Allocation Failure) 31.545: [ParNew: 0K->0K(3072K), 0.0002362 secs]31.545: [CMS: 4993K->897K(6848K), 0.0041250 secs] 4993K->897K(9920K), [Metaspace: 3664K->3664K(1056768K)], 0.0044508 secs] [Times: user=0.00 sys=0.00, real=0.00 secs] 
31.550: [GC (CMS Initial Mark) [1 CMS-initial-mark: 4993K(6848K)] 4993K(9920K), 0.0001240 secs] [Times: user=0.00 sys=0.00, real=0.00 secs] 
31.550: [CMS-concurrent-mark-start]
31.550: [GC (Allocation Failure) 31.550: [ParNew: 0K->0K(3072K), 0.0002486 secs]31.550: [CMS31.557: [CMS-concurrent-mark: 0.001/0.007 secs] [Times: user=0.00 sys=0.00, real=0.01 secs] 
 (concurrent mode failure): 4993K->897K(6848K), 0.0103825 secs] 4993K->897K(9920K), [Metaspace: 3664K->3664K(1056768K)], 0.0107226 secs] [Times: user=0.00 sys=0.00, real=0.01 secs] 
31.561: [GC (Allocation Failure) 31.561: [ParNew: 0K->0K(3072K), 0.0002619 secs]31.561: [CMS: 4993K->897K(6848K), 0.0037927 secs] 4993K->897K(9920K), [Metaspace: 3664K->3664K(1056768K)], 0.0041705 secs] [Times: user=0.00 sys=0.00, real=0.00 secs] 
31.566: [GC (CMS Initial Mark) [1 CMS-initial-mark: 4993K(6848K)] 4993K(9920K), 0.0002358 secs] [Times: user=0.00 sys=0.00, real=0.00 secs] 
31.566: [CMS-concurrent-mark-start]
31.566: [GC (Allocation Failure) 31.566: [ParNew: 0K->0K(3072K), 0.0002524 secs]31.566: [CMS31.573: [CMS-concurrent-mark: 0.001/0.007 secs] [Times: user=0.00 sys=0.00, real=0.01 secs] 
 (concurrent mode failure): 4993K->897K(6848K), 0.0091844 secs] 4993K->897K(9920K), [Metaspace: 3664K->3664K(1056768K)], 0.0095232 secs] [Times: user=0.00 sys=0.00, real=0.01 secs] 
31.576: [GC (Allocation Failure) 31.576: [ParNew: 0K->0K(3072K), 0.0002937 secs]31.576: [CMS: 4993K->897K(6848K), 0.0033137 secs] 4993K->897K(9920K), [Metaspace: 3664K->3664K(1056768K)], 0.0037223 secs] [Times: user=0.00 sys=0.00, real=0.00 secs] 
31.580: [GC (CMS Initial Mark) [1 CMS-initial-mark: 4993K(6848K)] 4993K(9920K), 0.0001892 secs] [Times: user=0.00 sys=0.00, real=0.00 secs] 
31.580: [CMS-concurrent-mark-start]
31.580: [GC (Allocation Failure) 31.580: [ParNew: 0K->0K(3072K), 0.0002569 secs]31.581: [CMS31.588: [CMS-concurrent-mark: 0.001/0.008 secs] [Times: user=0.00 sys=0.00, real=0.01 secs] 
 (concurrent mode failure): 4993K->897K(6848K), 0.0098060 secs] 4993K->897K(9920K), [Metaspace: 3664K->3664K(1056768K)], 0.0101475 secs] [Times: user=0.00 sys=0.00, real=0.01 secs] 
31.591: [GC (Allocation Failure) 31.591: [ParNew: 0K->0K(3072K), 0.0002760 secs]31.591: [CMS: 4993K->897K(6848K), 0.0030563 secs] 4993K->897K(9920K), [Metaspace: 3664K->3664K(1056768K)], 0.0034488 secs] [Times: user=0.00 sys=0.00, real=0.00 secs] 
31.595: [GC (CMS Initial Mark) [1 CMS-initial-mark: 4993K(6848K)] 4993K(9920K), 0.0001113 secs] [Times: user=0.00 sys=0.00, real=0.00 secs] 
31.595: [CMS-concurrent-mark-start]
31.595: [GC (Allocation Failure) 31.595: [ParNew: 0K->0K(3072K), 0.0002223 secs]31.595: [CMS31.604: [CMS-concurrent-mark: 0.001/0.009 secs] [Times: user=0.00 sys=0.00, real=0.01 secs] 
 (concurrent mode failure): 4993K->897K(6848K), 0.0115474 secs] 4993K->897K(9920K), [Metaspace: 3664K->3664K(1056768K)], 0.0118582 secs] [Times: user=0.00 sys=0.00, real=0.01 secs] 
31.607: [GC (Allocation Failure) 31.607: [ParNew: 0K->0K(3072K), 0.0002117 secs]31.607: [CMS: 4993K->897K(6848K), 0.0026624 secs] 4993K->897K(9920K), [Metaspace: 3664K->3664K(1056768K)], 0.0029651 secs] [Times: user=0.00 sys=0.00, real=0.00 secs] 
31.610: [GC (CMS Initial Mark) [1 CMS-initial-mark: 4993K(6848K)] 4993K(9920K), 0.0001653 secs] [Times: user=0.00 sys=0.00, real=0.00 secs] 
31.611: [CMS-concurrent-mark-start]
31.611: [GC (Allocation Failure) 31.611: [ParNew: 0K->0K(3072K), 0.0002671 secs]31.611: [CMS31.619: [CMS-concurrent-mark: 0.001/0.008 secs] [Times: user=0.00 sys=0.00, real=0.01 secs] 
 (concurrent mode failure): 4993K->897K(6848K), 0.0103890 secs] 4993K->897K(9920K), [Metaspace: 3664K->3664K(1056768K)], 0.0107405 secs] [Times: user=0.00 sys=0.00, real=0.01 secs] 
31.622: [GC (Allocation Failure) 31.622: [ParNew: 0K->0K(3072K), 0.0002501 secs]31.622: [CMS: 4993K->897K(6848K), 0.0024660 secs] 4993K->897K(9920K), [Metaspace: 3664K->3664K(1056768K)], 0.0028007 secs] [Times: user=0.00 sys=0.00, real=0.00 secs] 
31.625: [GC (CMS Initial Mark) [1 CMS-initial-mark: 4993K(6848K)] 4993K(9920K), 0.0001102 secs] [Times: user=0.00 sys=0.00, real=0.00 secs] 
31.625: [CMS-concurrent-mark-start]
31.625: [GC (Allocation Failure) 31.625: [ParNew: 0K->0K(3072K), 0.0002033 secs]31.625: [CMS31.634: [CMS-concurrent-mark: 0.001/0.009 secs] [Times: user=0.00 sys=0.00, real=0.01 secs] 
 (concurrent mode failure): 4993K->897K(6848K), 0.0117776 secs] 4993K->897K(9920K), [Metaspace: 3664K->3664K(1056768K)], 0.0120734 secs] [Times: user=0.00 sys=0.00, real=0.01 secs] 
31.638: [GC (Allocation Failure) 31.638: [ParNew: 0K->0K(3072K), 0.0002218 secs]31.638: [CMS: 4993K->897K(6848K), 0.0020839 secs] 4993K->897K(9920K), [Metaspace: 3664K->3664K(1056768K)], 0.0023764 secs] [Times: user=0.00 sys=0.00, real=0.00 secs] 
31.640: [GC (CMS Initial Mark) [1 CMS-initial-mark: 4993K(6848K)] 4993K(9920K), 0.0000869 secs] [Times: user=0.00 sys=0.00, real=0.00 secs] 
31.640: [CMS-concurrent-mark-start]
31.641: [GC (Allocation Failure) 31.641: [ParNew: 0K->0K(3072K), 0.0002136 secs]31.641: [CMS31.650: [CMS-concurrent-mark: 0.001/0.009 secs] [Times: user=0.00 sys=0.00, real=0.01 secs] 
 (concurrent mode failure): 4993K->897K(6848K), 0.0108542 secs] 4993K->897K(9920K), [Metaspace: 3664K->3664K(1056768K)], 0.0111309 secs] [Times: user=0.00 sys=0.00, real=0.01 secs] 
31.652: [GC (Allocation Failure) 31.652: [ParNew: 0K->0K(3072K), 0.0002321 secs]31.652: [CMS: 4993K->897K(6848K), 0.0022766 secs] 4993K->897K(9920K), [Metaspace: 3664K->3664K(1056768K)], 0.0025833 secs] [Times: user=0.00 sys=0.00, real=0.00 secs] 
31.655: [GC (CMS Initial Mark) [1 CMS-initial-mark: 4993K(6848K)] 4993K(9920K), 0.0000841 secs] [Times: user=0.00 sys=0.00, real=0.00 secs] 
31.655: [CMS-concurrent-mark-start]
31.655: [GC (Allocation Failure) 31.655: [ParNew: 0K->0K(3072K), 0.0002236 secs]31.655: [CMS31.656: [CMS-concurrent-mark: 0.001/0.001 secs] [Times: user=0.00 sys=0.00, real=0.00 secs] 
 (concurrent mode failure): 4993K->897K(6848K), 0.0031357 secs] 4993K->897K(9920K), [Metaspace: 3664K->3664K(1056768K)], 0.0034283 secs] [Times: user=0.00 sys=0.00, real=0.00 secs] 
31.659: [GC (Allocation Failure) 31.659: [ParNew: 0K->0K(3072K), 0.0001955 secs]31.659: [CMS: 4993K->897K(6848K), 0.0018542 secs] 4993K->897K(9920K), [Metaspace: 3664K->3664K(1056768K)], 0.0021098 secs] [Times: user=0.00 sys=0.00, real=0.00 secs] 
31.661: [GC (CMS Initial Mark) [1 CMS-initial-mark: 4993K(6848K)] 4993K(9920K), 0.0000964 secs] [Times: user=0.00 sys=0.00, real=0.00 secs] 
31.661: [CMS-concurrent-mark-start]
31.661: [GC (Allocation Failure) 31.662: [ParNew: 0K->0K(3072K), 0.0002511 secs]31.662: [CMS31.665: [CMS-concurrent-mark: 0.002/0.004 secs] [Times: user=0.00 sys=0.00, real=0.00 secs] 
 (concurrent mode failure): 4993K->897K(6848K), 0.0058657 secs] 4993K->897K(9920K), [Metaspace: 3664K->3664K(1056768K)], 0.0062026 secs] [Times: user=0.00 sys=0.00, real=0.01 secs] 
31.668: [GC (Allocation Failure) 31.668: [ParNew: 0K->0K(3072K), 0.0002292 secs]31.668: [CMS: 4993K->897K(6848K), 0.0022947 secs] 4993K->897K(9920K), [Metaspace: 3664K->3664K(1056768K)], 0.0025999 secs] [Times: user=0.00 sys=0.00, real=0.00 secs] 
31.671: [GC (CMS Initial Mark) [1 CMS-initial-mark: 4993K(6848K)] 4993K(9920K), 0.0002080 secs] [Times: user=0.00 sys=0.00, real=0.00 secs] 
31.671: [CMS-concurrent-mark-start]
31.671: [GC (Allocation Failure) 31.671: [ParNew: 0K->0K(3072K), 0.0002955 secs]31.672: [CMS31.680: [CMS-concurrent-mark: 0.002/0.009 secs] [Times: user=0.00 sys=0.00, real=0.01 secs] 
 (concurrent mode failure): 4993K->897K(6848K), 0.0124303 secs] 4993K->897K(9920K), [Metaspace: 3664K->3664K(1056768K)], 0.0128223 secs] [Times: user=0.00 sys=0.00, real=0.01 secs] 
31.685: [GC (Allocation Failure) 31.685: [ParNew: 0K->0K(3072K), 0.0002560 secs]31.685: [CMS: 4993K->897K(6848K), 0.0018749 secs] 4993K->897K(9920K), [Metaspace: 3664K->3664K(1056768K)], 0.0022253 secs] [Times: user=0.00 sys=0.00, real=0.00 secs] 
31.687: [GC (CMS Initial Mark) [1 CMS-initial-mark: 4993K(6848K)] 4993K(9920K), 0.0001072 secs] [Times: user=0.00 sys=0.00, real=0.00 secs] 
31.687: [CMS-concurrent-mark-start]
31.687: [GC (Allocation Failure) 31.687: [ParNew: 0K->0K(3072K), 0.0001942 secs]31.688: [CMS31.696: [CMS-concurrent-mark: 0.001/0.009 secs] [Times: user=0.00 sys=0.00, real=0.01 secs] 
 (concurrent mode failure): 4993K->897K(6848K), 0.0117654 secs] 4993K->897K(9920K), [Metaspace: 3664K->3664K(1056768K)], 0.0120270 secs] [Times: user=0.00 sys=0.00, real=0.01 secs] 
31.700: [GC (Allocation Failure) 31.700: [ParNew: 0K->0K(3072K), 0.0002513 secs]31.700: [CMS: 4993K->897K(6848K), 0.0019052 secs] 4993K->897K(9920K), [Metaspace: 3664K->3664K(1056768K)], 0.0022186 secs] [Times: user=0.00 sys=0.00, real=0.00 secs] 
31.702: [GC (CMS Initial Mark) [1 CMS-initial-mark: 4993K(6848K)] 4993K(9920K), 0.0001152 secs] [Times: user=0.00 sys=0.00, real=0.00 secs] 
31.702: [CMS-concurrent-mark-start]
31.702: [GC (Allocation Failure) 31.702: [ParNew: 0K->0K(3072K), 0.0002540 secs]31.703: [CMS31.712: [CMS-concurrent-mark: 0.002/0.009 secs] [Times: user=0.00 sys=0.00, real=0.01 secs] 
 (concurrent mode failure): 4993K->897K(6848K), 0.0120906 secs] 4993K->897K(9920K), [Metaspace: 3664K->3664K(1056768K)], 0.0124203 secs] [Times: user=0.00 sys=0.00, real=0.01 secs] 
31.715: [GC (Allocation Failure) 31.715: [ParNew: 0K->0K(3072K), 0.0002259 secs]31.715: [CMS: 4993K->897K(6848K), 0.0019572 secs] 4993K->897K(9920K), [Metaspace: 3664K->3664K(1056768K)], 0.0022521 secs] [Times: user=0.00 sys=0.00, real=0.00 secs] 
31.718: [GC (CMS Initial Mark) [1 CMS-initial-mark: 4993K(6848K)] 4993K(9920K), 0.0001349 secs] [Times: user=0.00 sys=0.00, real=0.00 secs] 
31.718: [CMS-concurrent-mark-start]
31.718: [GC (Allocation Failure) 31.718: [ParNew: 0K->0K(3072K), 0.0002507 secs]31.718: [CMS31.727: [CMS-concurrent-mark: 0.002/0.009 secs] [Times: user=0.00 sys=0.00, real=0.01 secs] 
 (concurrent mode failure): 4993K->897K(6848K), 0.0115218 secs] 4993K->897K(9920K), [Metaspace: 3664K->3664K(1056768K)], 0.0118736 secs] [Times: user=0.00 sys=0.00, real=0.01 secs] 
31.730: [GC (Allocation Failure) 31.730: [ParNew: 0K->0K(3072K), 0.0003632 secs]31.731: [CMS: 4993K->897K(6848K), 0.0020221 secs] 4993K->897K(9920K), [Metaspace: 3664K->3664K(1056768K)], 0.0024542 secs] [Times: user=0.00 sys=0.00, real=0.00 secs] 
31.733: [GC (CMS Initial Mark) [1 CMS-initial-mark: 4993K(6848K)] 4993K(9920K), 0.0001260 secs] [Times: user=0.00 sys=0.00, real=0.00 secs] 
31.733: [CMS-concurrent-mark-start]
31.733: [GC (Allocation Failure) 31.733: [ParNew: 0K->0K(3072K), 0.0002404 secs]31.734: [CMS31.747: [CMS-concurrent-mark: 0.006/0.014 secs] [Times: user=0.00 sys=0.00, real=0.01 secs] 
 (concurrent mode failure): 4993K->897K(6848K), 0.0222519 secs] 4993K->897K(9920K), [Metaspace: 3664K->3664K(1056768K)], 0.0226346 secs] [Times: user=0.01 sys=0.00, real=0.02 secs] 
31.757: [GC (Allocation Failure) 31.757: [ParNew: 0K->0K(3072K), 0.0008154 secs]31.758: [CMS: 4993K->897K(6848K), 0.0045033 secs] 4993K->897K(9920K), [Metaspace: 3664K->3664K(1056768K)], 0.0055630 secs] [Times: user=0.00 sys=0.00, real=0.01 secs] 
31.763: [GC (CMS Initial Mark) [1 CMS-initial-mark: 4993K(6848K)] 4993K(9920K), 0.0002587 secs] [Times: user=0.00 sys=0.00, real=0.00 secs] 
31.764: [CMS-concurrent-mark-start]
31.764: [GC (Allocation Failure) 31.764: [ParNew: 0K->0K(3072K), 0.0005439 secs]31.764: [CMS31.774: [CMS-concurrent-mark: 0.002/0.010 secs] [Times: user=0.00 sys=0.00, real=0.01 secs] 
 (concurrent mode failure): 4993K->897K(6848K), 0.0132214 secs] 4993K->897K(9920K), [Metaspace: 3664K->3664K(1056768K)], 0.0138967 secs] [Times: user=0.00 sys=0.00, real=0.01 secs] 
31.778: [GC (Allocation Failure) 31.778: [ParNew: 0K->0K(3072K), 0.0003833 secs]31.779: [CMS: 4993K->897K(6848K), 0.0035021 secs] 4993K->897K(9920K), [Metaspace: 3664K->3664K(1056768K)], 0.0040020 secs] [Times: user=0.00 sys=0.00, real=0.00 secs] 
31.783: [GC (CMS Initial Mark) [1 CMS-initial-mark: 4993K(6848K)] 4993K(9920K), 0.0002440 secs] [Times: user=0.00 sys=0.00, real=0.00 secs] 
31.783: [CMS-concurrent-mark-start]
31.783: [GC (Allocation Failure) 31.783: [ParNew: 0K->0K(3072K), 0.0003207 secs]31.783: [CMS31.789: [CMS-concurrent-mark: 0.002/0.006 secs] [Times: user=0.00 sys=0.00, real=0.01 secs] 
 (concurrent mode failure): 4993K->897K(6848K), 0.0085021 secs] 4993K->897K(9920K), [Metaspace: 3664K->3664K(1056768K)], 0.0089113 secs] [Times: user=0.00 sys=0.00, real=0.01 secs] 
31.792: [GC (Allocation Failure) 31.792: [ParNew: 0K->0K(3072K), 0.0003170 secs]31.793: [CMS: 4993K->897K(6848K), 0.0029997 secs] 4993K->897K(9920K), [Metaspace: 3664K->3664K(1056768K)], 0.0034257 secs] [Times: user=0.00 sys=0.00, real=0.00 secs] 
31.796: [GC (CMS Initial Mark) [1 CMS-initial-mark: 4993K(6848K)] 4993K(9920K), 0.0001697 secs] [Times: user=0.00 sys=0.00, real=0.00 secs] 
31.796: [CMS-concurrent-mark-start]
31.797: [GC (Allocation Failure) 31.797: [ParNew: 0K->0K(3072K), 0.0002539 secs]31.797: [CMS31.804: [CMS-concurrent-mark: 0.001/0.007 secs] [Times: user=0.00 sys=0.00, real=0.01 secs] 
 (concurrent mode failure): 4993K->897K(6848K), 0.0094310 secs] 4993K->897K(9920K), [Metaspace: 3664K->3664K(1056768K)], 0.0097558 secs] [Times: user=0.00 sys=0.00, real=0.01 secs] 
31.807: [GC (Allocation Failure) 31.807: [ParNew: 0K->0K(3072K), 0.0002583 secs]31.807: [CMS: 4993K->897K(6848K), 0.0020175 secs] 4993K->897K(9920K), [Metaspace: 3664K->3664K(1056768K)], 0.0023478 secs] [Times: user=0.00 sys=0.00, real=0.00 secs] 
31.809: [GC (CMS Initial Mark) [1 CMS-initial-mark: 4993K(6848K)] 4993K(9920K), 0.0001306 secs] [Times: user=0.00 sys=0.00, real=0.00 secs] 
31.809: [CMS-concurrent-mark-start]
31.810: [GC (Allocation Failure) 31.810: [ParNew: 0K->0K(3072K), 0.0002153 secs]31.810: [CMS31.819: [CMS-concurrent-mark: 0.001/0.010 secs] [Times: user=0.00 sys=0.00, real=0.01 secs] 
 (concurrent mode failure): 4993K->897K(6848K), 0.0117833 secs] 4993K->897K(9920K), [Metaspace: 3664K->3664K(1056768K)], 0.0120683 secs] [Times: user=0.00 sys=0.00, real=0.01 secs] 
31.822: [GC (Allocation Failure) 31.822: [ParNew: 0K->0K(3072K), 0.0002181 secs]31.822: [CMS: 4993K->897K(6848K), 0.0021181 secs] 4993K->897K(9920K), [Metaspace: 3664K->3664K(1056768K)], 0.0024057 secs] [Times: user=0.00 sys=0.00, real=0.00 secs] 
31.825: [GC (CMS Initial Mark) [1 CMS-initial-mark: 4993K(6848K)] 4993K(9920K), 0.0001232 secs] [Times: user=0.00 sys=0.00, real=0.00 secs] 
31.825: [CMS-concurrent-mark-start]
31.825: [GC (Allocation Failure) 31.825: [ParNew: 0K->0K(3072K), 0.0001975 secs]31.825: [CMS31.834: [CMS-concurrent-mark: 0.001/0.009 secs] [Times: user=0.00 sys=0.00, real=0.01 secs] 
 (concurrent mode failure): 4993K->897K(6848K), 0.0112175 secs] 4993K->897K(9920K), [Metaspace: 3664K->3664K(1056768K)], 0.0114918 secs] [Times: user=0.00 sys=0.00, real=0.01 secs] 
31.837: [GC (Allocation Failure) 31.837: [ParNew: 0K->0K(3072K), 0.0002426 secs]31.837: [CMS: 4993K->897K(6848K), 0.0020389 secs] 4993K->897K(9920K), [Metaspace: 3664K->3664K(1056768K)], 0.0023604 secs] [Times: user=0.00 sys=0.00, real=0.00 secs] 
31.840: [GC (CMS Initial Mark) [1 CMS-initial-mark: 4993K(6848K)] 4993K(9920K), 0.0001276 secs] [Times: user=0.00 sys=0.00, real=0.00 secs] 
31.840: [CMS-concurrent-mark-start]
31.840: [GC (Allocation Failure) 31.840: [ParNew: 0K->0K(3072K), 0.0002590 secs]31.840: [CMS31.849: [CMS-concurrent-mark: 0.002/0.010 secs] [Times: user=0.03 sys=0.00, real=0.01 secs] 
 (concurrent mode failure): 4993K->897K(6848K), 0.0115793 secs] 4993K->897K(9920K), [Metaspace: 3664K->3664K(1056768K)], 0.0119285 secs] [Times: user=0.03 sys=0.00, real=0.01 secs] 
31.852: [GC (Allocation Failure) 31.852: [ParNew: 0K->0K(3072K), 0.0002196 secs]31.852: [CMS: 4993K->897K(6848K), 0.0020060 secs] 4993K->897K(9920K), [Metaspace: 3664K->3664K(1056768K)], 0.0023042 secs] [Times: user=0.00 sys=0.00, real=0.00 secs] 
31.855: [GC (CMS Initial Mark) [1 CMS-initial-mark: 4993K(6848K)] 4993K(9920K), 0.0001446 secs] [Times: user=0.00 sys=0.00, real=0.00 secs] 
31.855: [CMS-concurrent-mark-start]
31.855: [GC (Allocation Failure) 31.855: [ParNew: 0K->0K(3072K), 0.0002046 secs]31.855: [CMS31.865: [CMS-concurrent-mark: 0.002/0.010 secs] [Times: user=0.03 sys=0.00, real=0.01 secs] 
 (concurrent mode failure): 4993K->897K(6848K), 0.0121689 secs] 4993K->897K(9920K), [Metaspace: 3664K->3664K(1056768K)], 0.0124529 secs] [Times: user=0.03 sys=0.00, real=0.01 secs] 
31.868: [GC (Allocation Failure) 31.868: [ParNew: 0K->0K(3072K), 0.0002623 secs]31.868: [CMS: 4993K->897K(6848K), 0.0017911 secs] 4993K->897K(9920K), [Metaspace: 3664K->3664K(1056768K)], 0.0021064 secs] [Times: user=0.00 sys=0.00, real=0.00 secs] 
31.870: [GC (CMS Initial Mark) [1 CMS-initial-mark: 4993K(6848K)] 4993K(9920K), 0.0001153 secs] [Times: user=0.00 sys=0.00, real=0.00 secs] 
31.871: [CMS-concurrent-mark-start]
31.871: [GC (Allocation Failure) 31.871: [ParNew: 0K->0K(3072K), 0.0002370 secs]31.871: [CMS31.881: [CMS-concurrent-mark: 0.002/0.010 secs] [Times: user=0.00 sys=0.00, real=0.01 secs] 
 (concurrent mode failure): 4993K->897K(6848K), 0.0177578 secs] 4993K->897K(9920K), [Metaspace: 3664K->3664K(1056768K)], 0.0180852 secs] [Times: user=0.00 sys=0.00, real=0.02 secs] 
31.889: [GC (Allocation Failure) 31.889: [ParNew: 0K->0K(3072K), 0.0002905 secs]31.890: [CMS: 4993K->897K(6848K), 0.0024551 secs] 4993K->897K(9920K), [Metaspace: 3664K->3664K(1056768K)], 0.0028306 secs] [Times: user=0.00 sys=0.00, real=0.00 secs] 
31.892: [GC (CMS Initial Mark) [1 CMS-initial-mark: 4993K(6848K)] 4993K(9920K), 0.0001592 secs] [Times: user=0.00 sys=0.00, real=0.00 secs] 
31.893: [CMS-concurrent-mark-start]
31.893: [GC (Allocation Failure) 31.893: [ParNew: 0K->0K(3072K), 0.0004225 secs]31.893: [CMS31.896: [CMS-concurrent-mark: 0.002/0.003 secs] [Times: user=0.03 sys=0.00, real=0.00 secs] 
 (concurrent mode failure): 4993K->897K(6848K), 0.0066966 secs] 4993K->897K(9920K), [Metaspace: 3664K->3664K(1056768K)], 0.0072094 secs] [Times: user=0.03 sys=0.00, real=0.01 secs] 
31.901: [GC (Allocation Failure) 31.901: [ParNew: 0K->0K(3072K), 0.0002499 secs]31.901: [CMS: 4993K->897K(6848K), 0.0023062 secs] 4993K->897K(9920K), [Metaspace: 3664K->3664K(1056768K)], 0.0026755 secs] [Times: user=0.00 sys=0.00, real=0.00 secs] 
31.904: [GC (CMS Initial Mark) [1 CMS-initial-mark: 4993K(6848K)] 4993K(9920K), 0.0002072 secs] [Times: user=0.00 sys=0.00, real=0.00 secs] 
31.904: [CMS-concurrent-mark-start]
31.904: [GC (Allocation Failure) 31.904: [ParNew: 0K->0K(3072K), 0.0002398 secs]31.904: [CMS31.911: [CMS-concurrent-mark: 0.001/0.007 secs] [Times: user=0.00 sys=0.00, real=0.01 secs] 
 (concurrent mode failure): 4993K->897K(6848K), 0.0097266 secs] 4993K->897K(9920K), [Metaspace: 3664K->3664K(1056768K)], 0.0100645 secs] [Times: user=0.02 sys=0.00, real=0.01 secs] 
31.915: [GC (Allocation Failure) 31.915: [ParNew: 0K->0K(3072K), 0.0003819 secs]31.915: [CMS: 4993K->897K(6848K), 0.0023851 secs] 4993K->897K(9920K), [Metaspace: 3664K->3664K(1056768K)], 0.0028612 secs] [Times: user=0.00 sys=0.00, real=0.00 secs] 
31.918: [GC (CMS Initial Mark) [1 CMS-initial-mark: 4993K(6848K)] 4993K(9920K), 0.0001185 secs] [Times: user=0.00 sys=0.00, real=0.00 secs] 
31.918: [CMS-concurrent-mark-start]
31.918: [GC (Allocation Failure) 31.919: [ParNew: 0K->0K(3072K), 0.0002161 secs]31.919: [CMS31.927: [CMS-concurrent-mark: 0.002/0.009 secs] [Times: user=0.03 sys=0.00, real=0.01 secs] 
 (concurrent mode failure): 4993K->897K(6848K), 0.0108500 secs] 4993K->897K(9920K), [Metaspace: 3664K->3664K(1056768K)], 0.0111491 secs] [Times: user=0.03 sys=0.00, real=0.01 secs] 
31.930: [GC (Allocation Failure) 31.930: [ParNew: 0K->0K(3072K), 0.0003151 secs]31.930: [CMS: 4993K->897K(6848K), 0.0022815 secs] 4993K->897K(9920K), [Metaspace: 3664K->3664K(1056768K)], 0.0026956 secs] [Times: user=0.00 sys=0.00, real=0.00 secs] 
31.933: [GC (CMS Initial Mark) [1 CMS-initial-mark: 4993K(6848K)] 4993K(9920K), 0.0001224 secs] [Times: user=0.00 sys=0.00, real=0.00 secs] 
31.933: [CMS-concurrent-mark-start]
31.933: [GC (Allocation Failure) 31.933: [ParNew: 0K->0K(3072K), 0.0004008 secs]31.934: [CMS31.943: [CMS-concurrent-mark: 0.002/0.010 secs] [Times: user=0.03 sys=0.00, real=0.01 secs] 
 (concurrent mode failure): 4993K->897K(6848K), 0.0119293 secs] 4993K->897K(9920K), [Metaspace: 3664K->3664K(1056768K)], 0.0124417 secs] [Times: user=0.03 sys=0.00, real=0.01 secs] 
31.946: [GC (Allocation Failure) 31.946: [ParNew: 0K->0K(3072K), 0.0003140 secs]31.947: [CMS: 4993K->897K(6848K), 0.0029393 secs] 4993K->897K(9920K), [Metaspace: 3664K->3664K(1056768K)], 0.0033415 secs] [Times: user=0.00 sys=0.00, real=0.00 secs] 
31.950: [GC (CMS Initial Mark) [1 CMS-initial-mark: 4993K(6848K)] 4993K(9920K), 0.0001866 secs] [Times: user=0.00 sys=0.00, real=0.00 secs] 
31.950: [CMS-concurrent-mark-start]
31.950: [GC (Allocation Failure) 31.950: [ParNew: 0K->0K(3072K), 0.0002419 secs]31.950: [CMS31.958: [CMS-concurrent-mark: 0.002/0.008 secs] [Times: user=0.03 sys=0.00, real=0.01 secs] 
 (concurrent mode failure): 4993K->897K(6848K), 0.0125845 secs] 4993K->897K(9920K), [Metaspace: 3664K->3664K(1056768K)], 0.0130142 secs] [Times: user=0.03 sys=0.00, real=0.01 secs] 
31.964: [GC (Allocation Failure) 31.964: [ParNew: 0K->0K(3072K), 0.0004030 secs]31.964: [CMS: 4993K->897K(6848K), 0.0065826 secs] 4993K->897K(9920K), [Metaspace: 3664K->3664K(1056768K)], 0.0071433 secs] [Times: user=0.00 sys=0.00, real=0.01 secs] 
31.972: [GC (CMS Initial Mark) [1 CMS-initial-mark: 4993K(6848K)] 4993K(9920K), 0.0001532 secs] [Times: user=0.00 sys=0.00, real=0.00 secs] 
31.972: [CMS-concurrent-mark-start]
31.972: [GC (Allocation Failure) 31.972: [ParNew: 0K->0K(3072K), 0.0003206 secs]31.972: [CMS31.990: [CMS-concurrent-mark: 0.003/0.019 secs] [Times: user=0.02 sys=0.00, real=0.02 secs] 
 (concurrent mode failure): 4993K->897K(6848K), 0.0263763 secs] 4993K->897K(9920K), [Metaspace: 3664K->3664K(1056768K)], 0.0269028 secs] [Times: user=0.02 sys=0.00, real=0.03 secs] 
31.999: [GC (Allocation Failure) 31.999: [ParNew: 0K->0K(3072K), 0.0003521 secs]32.000: [CMS: 4993K->897K(6848K), 0.0081545 secs] 4993K->897K(9920K), [Metaspace: 3664K->3664K(1056768K)], 0.0086777 secs] [Times: user=0.02 sys=0.00, real=0.01 secs] 
32.009: [GC (CMS Initial Mark) [1 CMS-initial-mark: 4993K(6848K)] 4993K(9920K), 0.0003606 secs] [Times: user=0.00 sys=0.00, real=0.00 secs] 
32.009: [CMS-concurrent-mark-start]
32.009: [GC (Allocation Failure) 32.009: [ParNew: 0K->0K(3072K), 0.0006324 secs]32.010: [CMS32.021: [CMS-concurrent-mark: 0.002/0.012 secs] [Times: user=0.01 sys=0.00, real=0.01 secs] 
 (concurrent mode failure): 4993K->897K(6848K), 0.0153133 secs] 4993K->897K(9920K), [Metaspace: 3664K->3664K(1056768K)], 0.0160625 secs] [Times: user=0.01 sys=0.00, real=0.02 secs] 
32.026: [GC (Allocation Failure) 32.026: [ParNew: 0K->0K(3072K), 0.0003199 secs]32.026: [CMS: 4993K->897K(6848K), 0.0038008 secs] 4993K->897K(9920K), [Metaspace: 3664K->3664K(1056768K)], 0.0042527 secs] [Times: user=0.00 sys=0.00, real=0.01 secs] 
32.031: [GC (CMS Initial Mark) [1 CMS-initial-mark: 4993K(6848K)] 4993K(9920K), 0.0002075 secs] [Times: user=0.00 sys=0.00, real=0.00 secs] 
32.031: [CMS-concurrent-mark-start]
32.031: [GC (Allocation Failure) 32.031: [ParNew: 0K->0K(3072K), 0.0006993 secs]32.032: [CMS32.037: [CMS-concurrent-mark: 0.002/0.006 secs] [Times: user=0.03 sys=0.00, real=0.01 secs] 
 (concurrent mode failure): 4993K->897K(6848K), 0.0104007 secs] 4993K->897K(9920K), [Metaspace: 3664K->3664K(1056768K)], 0.0112472 secs] [Times: user=0.03 sys=0.00, real=0.01 secs] 
32.043: [GC (Allocation Failure) 32.043: [ParNew: 0K->0K(3072K), 0.0007804 secs]32.044: [CMS: 4993K->897K(6848K), 0.0077205 secs] 4993K->897K(9920K), [Metaspace: 3664K->3664K(1056768K)], 0.0086236 secs] [Times: user=0.00 sys=0.00, real=0.01 secs] 
32.052: [GC (CMS Initial Mark) [1 CMS-initial-mark: 4993K(6848K)] 4993K(9920K), 0.0001597 secs] [Times: user=0.00 sys=0.00, real=0.00 secs] 
32.052: [CMS-concurrent-mark-start]
32.052: [GC (Allocation Failure) 32.052: [ParNew: 0K->0K(3072K), 0.0003379 secs]32.053: [CMS32.068: [CMS-concurrent-mark: 0.002/0.016 secs] [Times: user=0.03 sys=0.00, real=0.02 secs] 
 (concurrent mode failure): 4993K->897K(6848K), 0.0196582 secs] 4993K->897K(9920K), [Metaspace: 3664K->3664K(1056768K)], 0.0200954 secs] [Times: user=0.03 sys=0.00, real=0.02 secs] 
32.073: [GC (Allocation Failure) 32.073: [ParNew: 0K->0K(3072K), 0.0003201 secs]32.073: [CMS: 4993K->897K(6848K), 0.0032432 secs] 4993K->897K(9920K), [Metaspace: 3664K->3664K(1056768K)], 0.0036535 secs] [Times: user=0.00 sys=0.00, real=0.00 secs] 
32.077: [GC (CMS Initial Mark) [1 CMS-initial-mark: 4993K(6848K)] 4993K(9920K), 0.0001260 secs] [Times: user=0.00 sys=0.00, real=0.00 secs] 
32.077: [CMS-concurrent-mark-start]
32.077: [GC (Allocation Failure) 32.077: [ParNew: 0K->0K(3072K), 0.0002836 secs]32.077: [CMS32.085: [CMS-concurrent-mark: 0.003/0.008 secs] [Times: user=0.03 sys=0.00, real=0.01 secs] 
 (concurrent mode failure): 4993K->897K(6848K), 0.0125021 secs] 4993K->897K(9920K), [Metaspace: 3664K->3664K(1056768K)], 0.0128734 secs] [Times: user=0.03 sys=0.00, real=0.01 secs] 
32.090: [GC (Allocation Failure) 32.090: [ParNew: 0K->0K(3072K), 0.0002292 secs]32.091: [CMS: 4993K->897K(6848K), 0.0030277 secs] 4993K->897K(9920K), [Metaspace: 3664K->3664K(1056768K)], 0.0033382 secs] [Times: user=0.00 sys=0.00, real=0.00 secs] 
32.094: [GC (CMS Initial Mark) [1 CMS-initial-mark: 4993K(6848K)] 4993K(9920K), 0.0001495 secs] [Times: user=0.00 sys=0.00, real=0.00 secs] 
32.094: [CMS-concurrent-mark-start]
32.094: [GC (Allocation Failure) 32.094: [ParNew: 0K->0K(3072K), 0.0002681 secs]32.095: [CMS32.100: [CMS-concurrent-mark: 0.002/0.006 secs] [Times: user=0.00 sys=0.00, real=0.01 secs] 
 (concurrent mode failure): 4993K->897K(6848K), 0.0078629 secs] 4993K->897K(9920K), [Metaspace: 3664K->3664K(1056768K)], 0.0082210 secs] [Times: user=0.00 sys=0.00, real=0.01 secs] 
32.103: [GC (Allocation Failure) 32.103: [ParNew: 0K->0K(3072K), 0.0002848 secs]32.103: [CMS: 4993K->897K(6848K), 0.0021393 secs] 4993K->897K(9920K), [Metaspace: 3664K->3664K(1056768K)], 0.0025017 secs] [Times: user=0.00 sys=0.00, real=0.00 secs] 
32.106: [GC (CMS Initial Mark) [1 CMS-initial-mark: 4993K(6848K)] 4993K(9920K), 0.0001357 secs] [Times: user=0.00 sys=0.00, real=0.00 secs] 
32.106: [CMS-concurrent-mark-start]
32.106: [GC (Allocation Failure) 32.106: [ParNew: 0K->0K(3072K), 0.0002358 secs]32.106: [CMS32.115: [CMS-concurrent-mark: 0.002/0.009 secs] [Times: user=0.03 sys=0.00, real=0.01 secs] 
 (concurrent mode failure): 4993K->897K(6848K), 0.0126809 secs] 4993K->897K(9920K), [Metaspace: 3664K->3664K(1056768K)], 0.0130043 secs] [Times: user=0.03 sys=0.00, real=0.01 secs] 
32.119: [GC (Allocation Failure) 32.119: [ParNew: 0K->0K(3072K), 0.0002603 secs]32.120: [CMS: 4993K->897K(6848K), 0.0023819 secs] 4993K->897K(9920K), [Metaspace: 3664K->3664K(1056768K)], 0.0027337 secs] [Times: user=0.00 sys=0.00, real=0.00 secs] 
32.122: [GC (CMS Initial Mark) [1 CMS-initial-mark: 4993K(6848K)] 4993K(9920K), 0.0001118 secs] [Times: user=0.00 sys=0.00, real=0.00 secs] 
32.123: [CMS-concurrent-mark-start]
32.123: [GC (Allocation Failure) 32.123: [ParNew: 0K->0K(3072K), 0.0002411 secs]32.123: [CMS32.130: [CMS-concurrent-mark: 0.001/0.007 secs] [Times: user=0.03 sys=0.00, real=0.01 secs] 
 (concurrent mode failure): 4993K->897K(6848K), 0.0097533 secs] 4993K->897K(9920K), [Metaspace: 3664K->3664K(1056768K)], 0.0100647 secs] [Times: user=0.03 sys=0.00, real=0.01 secs] 
32.133: [GC (Allocation Failure) 32.133: [ParNew: 0K->0K(3072K), 0.0002510 secs]32.133: [CMS: 4993K->897K(6848K), 0.0020389 secs] 4993K->897K(9920K), [Metaspace: 3664K->3664K(1056768K)], 0.0023684 secs] [Times: user=0.00 sys=0.00, real=0.00 secs] 
32.136: [GC (CMS Initial Mark) [1 CMS-initial-mark: 4993K(6848K)] 4993K(9920K), 0.0000692 secs] [Times: user=0.00 sys=0.00, real=0.00 secs] 
32.136: [CMS-concurrent-mark-start]
32.136: [GC (Allocation Failure) 32.136: [ParNew: 0K->0K(3072K), 0.0002425 secs]32.136: [CMS32.145: [CMS-concurrent-mark: 0.001/0.009 secs] [Times: user=0.00 sys=0.00, real=0.01 secs] 
 (concurrent mode failure): 4993K->897K(6848K), 0.0125910 secs] 4993K->897K(9920K), [Metaspace: 3664K->3664K(1056768K)], 0.0129568 secs] [Times: user=0.02 sys=0.00, real=0.01 secs] 
32.150: [GC (Allocation Failure) 32.150: [ParNew: 0K->0K(3072K), 0.0002557 secs]32.151: [CMS: 4993K->897K(6848K), 0.0032750 secs] 4993K->897K(9920K), [Metaspace: 3664K->3664K(1056768K)], 0.0036456 secs] [Times: user=0.00 sys=0.00, real=0.00 secs] 
32.161: [GC (CMS Initial Mark) [1 CMS-initial-mark: 4993K(6848K)] 4993K(9920K), 0.0002843 secs] [Times: user=0.00 sys=0.00, real=0.00 secs] 
32.161: [CMS-concurrent-mark-start]
32.162: [GC (Allocation Failure) 32.162: [ParNew: 0K->0K(3072K), 0.0008433 secs]32.163: [CMS32.176: [CMS-concurrent-mark: 0.002/0.014 secs] [Times: user=0.00 sys=0.00, real=0.01 secs] 
 (concurrent mode failure): 4993K->897K(6848K), 0.0171240 secs] 4993K->897K(9920K), [Metaspace: 3664K->3664K(1056768K)], 0.0181630 secs] [Times: user=0.02 sys=0.00, real=0.02 secs] 
32.180: [GC (Allocation Failure) 32.180: [ParNew: 0K->0K(3072K), 0.0002584 secs]32.181: [CMS: 4993K->897K(6848K), 0.0055312 secs] 4993K->897K(9920K), [Metaspace: 3664K->3664K(1056768K)], 0.0059055 secs] [Times: user=0.00 sys=0.00, real=0.01 secs] 
32.187: [GC (CMS Initial Mark) [1 CMS-initial-mark: 4993K(6848K)] 4993K(9920K), 0.0001351 secs] [Times: user=0.00 sys=0.00, real=0.00 secs] 
32.187: [CMS-concurrent-mark-start]
32.187: [GC (Allocation Failure) 32.187: [ParNew: 0K->0K(3072K), 0.0002401 secs]32.187: [CMS32.191: [CMS-concurrent-mark: 0.002/0.004 secs] [Times: user=0.00 sys=0.00, real=0.00 secs] 
 (concurrent mode failure): 4993K->897K(6848K), 0.0069829 secs] 4993K->897K(9920K), [Metaspace: 3664K->3664K(1056768K)], 0.0073159 secs] [Times: user=0.02 sys=0.00, real=0.01 secs] 
32.195: [GC (Allocation Failure) 32.195: [ParNew: 0K->0K(3072K), 0.0004262 secs]32.195: [CMS: 4993K->897K(6848K), 0.0049773 secs] 4993K->897K(9920K), [Metaspace: 3664K->3664K(1056768K)], 0.0055364 secs] [Times: user=0.00 sys=0.00, real=0.01 secs] 
32.201: [GC (CMS Initial Mark) [1 CMS-initial-mark: 4993K(6848K)] 4993K(9920K), 0.0002093 secs] [Times: user=0.00 sys=0.00, real=0.00 secs] 
32.201: [CMS-concurrent-mark-start]
32.201: [GC (Allocation Failure) 32.201: [ParNew: 0K->0K(3072K), 0.0002420 secs]32.202: [CMS32.206: [CMS-concurrent-mark: 0.002/0.005 secs] [Times: user=0.00 sys=0.00, real=0.00 secs] 
 (concurrent mode failure): 4993K->897K(6848K), 0.0084933 secs] 4993K->897K(9920K), [Metaspace: 3664K->3664K(1056768K)], 0.0088330 secs] [Times: user=0.02 sys=0.00, real=0.01 secs] 
32.211: [GC (Allocation Failure) 32.211: [ParNew: 0K->0K(3072K), 0.0002785 secs]32.211: [CMS: 4993K->897K(6848K), 0.0057811 secs] 4993K->897K(9920K), [Metaspace: 3664K->3664K(1056768K)], 0.0062231 secs] [Times: user=0.00 sys=0.00, real=0.01 secs] 
32.219: [GC (CMS Initial Mark) [1 CMS-initial-mark: 4993K(6848K)] 4993K(9920K), 0.0003598 secs] [Times: user=0.00 sys=0.00, real=0.00 secs] 
32.219: [CMS-concurrent-mark-start]
32.219: [GC (Allocation Failure) 32.219: [ParNew: 0K->0K(3072K), 0.0008918 secs]32.220: [CMS32.237: [CMS-concurrent-mark: 0.002/0.018 secs] [Times: user=0.00 sys=0.00, real=0.02 secs] 
 (concurrent mode failure): 4993K->897K(6848K), 0.0217335 secs] 4993K->897K(9920K), [Metaspace: 3664K->3664K(1056768K)], 0.0228332 secs] [Times: user=0.01 sys=0.00, real=0.02 secs] 
32.244: [GC (Allocation Failure) 32.244: [ParNew: 0K->0K(3072K), 0.0003966 secs]32.244: [CMS: 4993K->897K(6848K), 0.0060015 secs] 4993K->897K(9920K), [Metaspace: 3664K->3664K(1056768K)], 0.0065556 secs] [Times: user=0.00 sys=0.00, real=0.01 secs] 
32.250: [GC (CMS Initial Mark) [1 CMS-initial-mark: 4993K(6848K)] 4993K(9920K), 0.0001312 secs] [Times: user=0.00 sys=0.00, real=0.00 secs] 
32.251: [CMS-concurrent-mark-start]
32.251: [GC (Allocation Failure) 32.251: [ParNew: 0K->0K(3072K), 0.0003017 secs]32.251: [CMS32.267: [CMS-concurrent-mark: 0.001/0.017 secs] [Times: user=0.00 sys=0.00, real=0.02 secs] 
 (concurrent mode failure): 4993K->897K(6848K), 0.0187317 secs] 4993K->897K(9920K), [Metaspace: 3664K->3664K(1056768K)], 0.0191472 secs] [Times: user=0.00 sys=0.00, real=0.02 secs] 
32.270: [GC (Allocation Failure) 32.270: [ParNew: 0K->0K(3072K), 0.0002486 secs]32.271: [CMS: 4993K->897K(6848K), 0.0022361 secs] 4993K->897K(9920K), [Metaspace: 3664K->3664K(1056768K)], 0.0025545 secs] [Times: user=0.02 sys=0.00, real=0.00 secs] 
32.273: [GC (CMS Initial Mark) [1 CMS-initial-mark: 4993K(6848K)] 4993K(9920K), 0.0001071 secs] [Times: user=0.00 sys=0.00, real=0.00 secs] 
32.273: [CMS-concurrent-mark-start]
32.273: [GC (Allocation Failure) 32.273: [ParNew: 0K->0K(3072K), 0.0001907 secs]32.274: [CMS32.283: [CMS-concurrent-mark: 0.002/0.010 secs] [Times: user=0.00 sys=0.00, real=0.01 secs] 
 (concurrent mode failure): 4993K->897K(6848K), 0.0125963 secs] 4993K->897K(9920K), [Metaspace: 3664K->3664K(1056768K)], 0.0128573 secs] [Times: user=0.00 sys=0.00, real=0.01 secs] 
32.287: [GC (Allocation Failure) 32.287: [ParNew: 0K->0K(3072K), 0.0001922 secs]32.287: [CMS: 4993K->897K(6848K), 0.0018730 secs] 4993K->897K(9920K), [Metaspace: 3664K->3664K(1056768K)], 0.0021567 secs] [Times: user=0.00 sys=0.00, real=0.00 secs] 
32.289: [GC (CMS Initial Mark) [1 CMS-initial-mark: 4993K(6848K)] 4993K(9920K), 0.0000717 secs] [Times: user=0.00 sys=0.00, real=0.00 secs] 
32.289: [CMS-concurrent-mark-start]
32.289: [GC (Allocation Failure) 32.289: [ParNew: 0K->0K(3072K), 0.0001935 secs]32.289: [CMS32.298: [CMS-concurrent-mark: 0.001/0.009 secs] [Times: user=0.00 sys=0.00, real=0.01 secs] 
 (concurrent mode failure): 4993K->897K(6848K), 0.0112238 secs] 4993K->897K(9920K), [Metaspace: 3664K->3664K(1056768K)], 0.0114933 secs] [Times: user=0.00 sys=0.00, real=0.01 secs] 
32.301: [GC (Allocation Failure) 32.301: [ParNew: 0K->0K(3072K), 0.0002125 secs]32.301: [CMS: 4993K->897K(6848K), 0.0019610 secs] 4993K->897K(9920K), [Metaspace: 3664K->3664K(1056768K)], 0.0022509 secs] [Times: user=0.02 sys=0.00, real=0.00 secs] 
32.304: [GC (CMS Initial Mark) [1 CMS-initial-mark: 4993K(6848K)] 4993K(9920K), 0.0000948 secs] [Times: user=0.00 sys=0.00, real=0.00 secs] 
32.304: [CMS-concurrent-mark-start]
32.304: [GC (Allocation Failure) 32.304: [ParNew: 0K->0K(3072K), 0.0002494 secs]32.304: [CMS32.314: [CMS-concurrent-mark: 0.002/0.010 secs] [Times: user=0.00 sys=0.00, real=0.01 secs] 
 (concurrent mode failure): 4993K->897K(6848K), 0.0137496 secs] 4993K->897K(9920K), [Metaspace: 3664K->3664K(1056768K)], 0.0140835 secs] [Times: user=0.02 sys=0.00, real=0.01 secs] 
32.318: [GC (Allocation Failure) 32.318: [ParNew: 0K->0K(3072K), 0.0002453 secs]32.318: [CMS: 4993K->897K(6848K), 0.0019606 secs] 4993K->897K(9920K), [Metaspace: 3664K->3664K(1056768K)], 0.0022818 secs] [Times: user=0.00 sys=0.00, real=0.00 secs] 
32.321: [GC (CMS Initial Mark) [1 CMS-initial-mark: 4993K(6848K)] 4993K(9920K), 0.0000999 secs] [Times: user=0.00 sys=0.00, real=0.00 secs] 
32.321: [CMS-concurrent-mark-start]
32.321: [GC (Allocation Failure) 32.321: [ParNew: 0K->0K(3072K), 0.0002095 secs]32.321: [CMS32.330: [CMS-concurrent-mark: 0.002/0.009 secs] [Times: user=0.00 sys=0.00, real=0.01 secs] 
 (concurrent mode failure): 4993K->897K(6848K), 0.0119204 secs] 4993K->897K(9920K), [Metaspace: 3664K->3664K(1056768K)], 0.0122135 secs] [Times: user=0.00 sys=0.00, real=0.01 secs] 
32.334: [GC (Allocation Failure) 32.334: [ParNew: 0K->0K(3072K), 0.0003128 secs]32.334: [CMS: 4993K->897K(6848K), 0.0026136 secs] 4993K->897K(9920K), [Metaspace: 3664K->3664K(1056768K)], 0.0030191 secs] [Times: user=0.00 sys=0.00, real=0.00 secs] 
32.337: [GC (CMS Initial Mark) [1 CMS-initial-mark: 4993K(6848K)] 4993K(9920K), 0.0001107 secs] [Times: user=0.00 sys=0.00, real=0.00 secs] 
32.337: [CMS-concurrent-mark-start]
32.337: [GC (Allocation Failure) 32.337: [ParNew: 0K->0K(3072K), 0.0002264 secs]32.337: [CMS32.345: [CMS-concurrent-mark: 0.002/0.008 secs] [Times: user=0.00 sys=0.00, real=0.01 secs] 
 (concurrent mode failure): 4993K->897K(6848K), 0.0120624 secs] 4993K->897K(9920K), [Metaspace: 3664K->3664K(1056768K)], 0.0123682 secs] [Times: user=0.02 sys=0.00, real=0.01 secs] 
32.350: [GC (Allocation Failure) 32.350: [ParNew: 0K->0K(3072K), 0.0002196 secs]32.350: [CMS: 4993K->897K(6848K), 0.0021358 secs] 4993K->897K(9920K), [Metaspace: 3664K->3664K(1056768K)], 0.0024402 secs] [Times: user=0.00 sys=0.00, real=0.00 secs] 
32.353: [GC (CMS Initial Mark) [1 CMS-initial-mark: 4993K(6848K)] 4993K(9920K), 0.0002760 secs] [Times: user=0.00 sys=0.00, real=0.00 secs] 
32.353: [CMS-concurrent-mark-start]
32.353: [GC (Allocation Failure) 32.353: [ParNew: 0K->0K(3072K), 0.0002908 secs]32.354: [CMS32.361: [CMS-concurrent-mark: 0.002/0.007 secs] [Times: user=0.00 sys=0.00, real=0.01 secs] 
 (concurrent mode failure): 4993K->897K(6848K), 0.0096306 secs] 4993K->897K(9920K), [Metaspace: 3664K->3664K(1056768K)], 0.0100253 secs] [Times: user=0.00 sys=0.00, real=0.01 secs] 
32.364: [GC (Allocation Failure) 32.364: [ParNew: 0K->0K(3072K), 0.0003614 secs]32.365: [CMS: 4993K->897K(6848K), 0.0026541 secs] 4993K->897K(9920K), [Metaspace: 3664K->3664K(1056768K)], 0.0031761 secs] [Times: user=0.00 sys=0.02, real=0.00 secs] 
32.368: [GC (CMS Initial Mark) [1 CMS-initial-mark: 4993K(6848K)] 4993K(9920K), 0.0000796 secs] [Times: user=0.00 sys=0.00, real=0.00 secs] 
32.368: [CMS-concurrent-mark-start]
32.368: [GC (Allocation Failure) 32.368: [ParNew: 0K->0K(3072K), 0.0002290 secs]32.368: [CMS32.376: [CMS-concurrent-mark: 0.002/0.009 secs] [Times: user=0.00 sys=0.00, real=0.01 secs] 
 (concurrent mode failure): 4993K->897K(6848K), 0.0106541 secs] 4993K->897K(9920K), [Metaspace: 3664K->3664K(1056768K)], 0.0109589 secs] [Times: user=0.00 sys=0.00, real=0.01 secs] 
32.379: [GC (Allocation Failure) 32.379: [ParNew: 0K->0K(3072K), 0.0002553 secs]32.379: [CMS: 4993K->897K(6848K), 0.0027865 secs] 4993K->897K(9920K), [Metaspace: 3664K->3664K(1056768K)], 0.0031248 secs] [Times: user=0.02 sys=0.00, real=0.00 secs] 
32.383: [GC (CMS Initial Mark) [1 CMS-initial-mark: 4993K(6848K)] 4993K(9920K), 0.0000942 secs] [Times: user=0.00 sys=0.00, real=0.00 secs] 
32.383: [CMS-concurrent-mark-start]
32.383: [GC (Allocation Failure) 32.383: [ParNew: 0K->0K(3072K), 0.0002348 secs]32.383: [CMS32.391: [CMS-concurrent-mark: 0.001/0.008 secs] [Times: user=0.00 sys=0.00, real=0.01 secs] 
 (concurrent mode failure): 4993K->897K(6848K), 0.0104972 secs] 4993K->897K(9920K), [Metaspace: 3664K->3664K(1056768K)], 0.0108121 secs] [Times: user=0.00 sys=0.00, real=0.01 secs] 
32.394: [GC (Allocation Failure) 32.394: [ParNew: 0K->0K(3072K), 0.0002708 secs]32.394: [CMS: 4993K->897K(6848K), 0.0026104 secs] 4993K->897K(9920K), [Metaspace: 3664K->3664K(1056768K)], 0.0030505 secs] [Times: user=0.01 sys=0.00, real=0.00 secs] 
32.397: [GC (CMS Initial Mark) [1 CMS-initial-mark: 4993K(6848K)] 4993K(9920K), 0.0001666 secs] [Times: user=0.00 sys=0.00, real=0.00 secs] 
32.398: [CMS-concurrent-mark-start]
32.398: [GC (Allocation Failure) 32.398: [ParNew: 0K->0K(3072K), 0.0003144 secs]32.398: [CMS32.407: [CMS-concurrent-mark: 0.001/0.009 secs] [Times: user=0.00 sys=0.00, real=0.01 secs] 
 (concurrent mode failure): 4993K->897K(6848K), 0.0111320 secs] 4993K->897K(9920K), [Metaspace: 3664K->3664K(1056768K)], 0.0115199 secs] [Times: user=0.00 sys=0.00, real=0.01 secs] 
32.410: [GC (Allocation Failure) 32.410: [ParNew: 0K->0K(3072K), 0.0002216 secs]32.410: [CMS: 4993K->897K(6848K), 0.0023013 secs] 4993K->897K(9920K), [Metaspace: 3664K->3664K(1056768K)], 0.0026164 secs] [Times: user=0.02 sys=0.00, real=0.00 secs] 
32.413: [GC (CMS Initial Mark) [1 CMS-initial-mark: 4993K(6848K)] 4993K(9920K), 0.0001322 secs] [Times: user=0.00 sys=0.00, real=0.00 secs] 
32.413: [CMS-concurrent-mark-start]
32.413: [GC (Allocation Failure) 32.413: [ParNew: 0K->0K(3072K), 0.0002774 secs]32.413: [CMS32.423: [CMS-concurrent-mark: 0.001/0.010 secs] [Times: user=0.00 sys=0.00, real=0.01 secs] 
 (concurrent mode failure): 4993K->897K(6848K), 0.0125081 secs] 4993K->897K(9920K), [Metaspace: 3664K->3664K(1056768K)], 0.0128677 secs] [Times: user=0.00 sys=0.00, real=0.01 secs] 
32.426: [GC (Allocation Failure) 32.426: [ParNew: 0K->0K(3072K), 0.0002333 secs]32.426: [CMS: 4993K->897K(6848K), 0.0019866 secs] 4993K->897K(9920K), [Metaspace: 3664K->3664K(1056768K)], 0.0022882 secs] [Times: user=0.01 sys=0.00, real=0.00 secs] 
32.429: [GC (CMS Initial Mark) [1 CMS-initial-mark: 4993K(6848K)] 4993K(9920K), 0.0001166 secs] [Times: user=0.00 sys=0.00, real=0.00 secs] 
32.429: [CMS-concurrent-mark-start]
32.429: [GC (Allocation Failure) 32.429: [ParNew: 0K->0K(3072K), 0.0003045 secs]32.429: [CMS32.438: [CMS-concurrent-mark: 0.001/0.009 secs] [Times: user=0.00 sys=0.00, real=0.01 secs] 
 (concurrent mode failure): 4993K->897K(6848K), 0.0109784 secs] 4993K->897K(9920K), [Metaspace: 3664K->3664K(1056768K)], 0.0113612 secs] [Times: user=0.00 sys=0.00, real=0.01 secs] 
32.441: [GC (Allocation Failure) 32.441: [ParNew: 0K->0K(3072K), 0.0002668 secs]32.441: [CMS: 4993K->897K(6848K), 0.0018658 secs] 4993K->897K(9920K), [Metaspace: 3664K->3664K(1056768K)], 0.0022265 secs] [Times: user=0.02 sys=0.00, real=0.00 secs] 
32.443: [GC (CMS Initial Mark) [1 CMS-initial-mark: 4993K(6848K)] 4993K(9920K), 0.0002043 secs] [Times: user=0.00 sys=0.00, real=0.00 secs] 
32.443: [CMS-concurrent-mark-start]
32.443: [GC (Allocation Failure) 32.443: [ParNew: 0K->0K(3072K), 0.0002386 secs]32.444: [CMS32.454: [CMS-concurrent-mark: 0.002/0.010 secs] [Times: user=0.00 sys=0.00, real=0.01 secs] 
 (concurrent mode failure): 4993K->897K(6848K), 0.0124451 secs] 4993K->897K(9920K), [Metaspace: 3664K->3664K(1056768K)], 0.0127610 secs] [Times: user=0.00 sys=0.00, real=0.01 secs] 
32.457: [GC (Allocation Failure) 32.457: [ParNew: 0K->0K(3072K), 0.0002437 secs]32.457: [CMS: 4993K->897K(6848K), 0.0017509 secs] 4993K->897K(9920K), [Metaspace: 3664K->3664K(1056768K)], 0.0020655 secs] [Times: user=0.02 sys=0.00, real=0.00 secs] 
32.459: [GC (CMS Initial Mark) [1 CMS-initial-mark: 4993K(6848K)] 4993K(9920K), 0.0002482 secs] [Times: user=0.00 sys=0.00, real=0.00 secs] 
32.459: [CMS-concurrent-mark-start]
32.459: [GC (Allocation Failure) 32.459: [ParNew: 0K->0K(3072K), 0.0002685 secs]32.460: [CMS32.469: [CMS-concurrent-mark: 0.001/0.010 secs] [Times: user=0.00 sys=0.00, real=0.01 secs] 
 (concurrent mode failure): 4993K->897K(6848K), 0.0114938 secs] 4993K->897K(9920K), [Metaspace: 3664K->3664K(1056768K)], 0.0118266 secs] [Times: user=0.00 sys=0.00, real=0.01 secs] 
32.471: [GC (Allocation Failure) 32.471: [ParNew: 0K->0K(3072K), 0.0002303 secs]32.472: [CMS: 4993K->897K(6848K), 0.0018099 secs] 4993K->897K(9920K), [Metaspace: 3664K->3664K(1056768K)], 0.0021187 secs] [Times: user=0.00 sys=0.00, real=0.00 secs] 
32.474: [GC (CMS Initial Mark) [1 CMS-initial-mark: 4993K(6848K)] 4993K(9920K), 0.0001707 secs] [Times: user=0.00 sys=0.00, real=0.00 secs] 
32.474: [CMS-concurrent-mark-start]
32.474: [GC (Allocation Failure) 32.474: [ParNew: 0K->0K(3072K), 0.0002408 secs]32.474: [CMS32.484: [CMS-concurrent-mark: 0.001/0.010 secs] [Times: user=0.00 sys=0.00, real=0.01 secs] 
 (concurrent mode failure): 4993K->897K(6848K), 0.0120146 secs] 4993K->897K(9920K), [Metaspace: 3664K->3664K(1056768K)], 0.0123282 secs] [Times: user=0.00 sys=0.00, real=0.01 secs] 
32.487: [GC (Allocation Failure) 32.487: [ParNew: 0K->0K(3072K), 0.0002519 secs]32.487: [CMS: 4993K->897K(6848K), 0.0017357 secs] 4993K->897K(9920K), [Metaspace: 3664K->3664K(1056768K)], 0.0020594 secs] [Times: user=0.00 sys=0.00, real=0.00 secs] 
32.489: [GC (CMS Initial Mark) [1 CMS-initial-mark: 4993K(6848K)] 4993K(9920K), 0.0001052 secs] [Times: user=0.00 sys=0.00, real=0.00 secs] 
32.489: [CMS-concurrent-mark-start]
32.489: [GC (Allocation Failure) 32.489: [ParNew: 0K->0K(3072K), 0.0002302 secs]32.490: [CMS32.500: [CMS-concurrent-mark: 0.001/0.011 secs] [Times: user=0.02 sys=0.00, real=0.01 secs] 
 (concurrent mode failure): 4993K->897K(6848K), 0.0129158 secs] 4993K->897K(9920K), [Metaspace: 3664K->3664K(1056768K)], 0.0132334 secs] [Times: user=0.02 sys=0.00, real=0.01 secs] 
32.503: [GC (Allocation Failure) 32.503: [ParNew: 0K->0K(3072K), 0.0002352 secs]32.503: [CMS: 4993K->897K(6848K), 0.0017854 secs] 4993K->897K(9920K), [Metaspace: 3664K->3664K(1056768K)], 0.0020768 secs] [Times: user=0.01 sys=0.00, real=0.00 secs] 
32.505: [GC (CMS Initial Mark) [1 CMS-initial-mark: 4993K(6848K)] 4993K(9920K), 0.0000742 secs] [Times: user=0.00 sys=0.00, real=0.00 secs] 
32.505: [CMS-concurrent-mark-start]
32.506: [GC (Allocation Failure) 32.506: [ParNew: 0K->0K(3072K), 0.0001802 secs]32.506: [CMS32.516: [CMS-concurrent-mark: 0.002/0.010 secs] [Times: user=0.00 sys=0.00, real=0.01 secs] 
 (concurrent mode failure): 4993K->897K(6848K), 0.0122017 secs] 4993K->897K(9920K), [Metaspace: 3664K->3664K(1056768K)], 0.0124531 secs] [Times: user=0.00 sys=0.00, real=0.01 secs] 
32.518: [GC (Allocation Failure) 32.518: [ParNew: 0K->0K(3072K), 0.0002095 secs]32.519: [CMS: 4993K->897K(6848K), 0.0016682 secs] 4993K->897K(9920K), [Metaspace: 3664K->3664K(1056768K)], 0.0019365 secs] [Times: user=0.00 sys=0.00, real=0.00 secs] 
32.521: [GC (CMS Initial Mark) [1 CMS-initial-mark: 4993K(6848K)] 4993K(9920K), 0.0000699 secs] [Times: user=0.00 sys=0.00, real=0.00 secs] 
32.521: [CMS-concurrent-mark-start]
32.521: [GC (Allocation Failure) 32.521: [ParNew: 0K->0K(3072K), 0.0001782 secs]32.521: [CMS32.531: [CMS-concurrent-mark: 0.002/0.011 secs] [Times: user=0.02 sys=0.02, real=0.01 secs] 
 (concurrent mode failure): 4993K->897K(6848K), 0.0128572 secs] 4993K->897K(9920K), [Metaspace: 3664K->3664K(1056768K)], 0.0130967 secs] [Times: user=0.00 sys=0.00, real=0.01 secs] 
32.534: [GC (Allocation Failure) 32.534: [ParNew: 0K->0K(3072K), 0.0001999 secs]32.534: [CMS: 4993K->897K(6848K), 0.0019153 secs] 4993K->897K(9920K), [Metaspace: 3664K->3664K(1056768K)], 0.0021795 secs] [Times: user=0.01 sys=0.00, real=0.00 secs] 
32.537: [GC (CMS Initial Mark) [1 CMS-initial-mark: 4993K(6848K)] 4993K(9920K), 0.0001046 secs] [Times: user=0.00 sys=0.00, real=0.00 secs] 
32.537: [CMS-concurrent-mark-start]
32.537: [GC (Allocation Failure) 32.537: [ParNew: 0K->0K(3072K), 0.0002014 secs]32.537: [CMS32.547: [CMS-concurrent-mark: 0.001/0.010 secs] [Times: user=0.00 sys=0.00, real=0.01 secs] 
 (concurrent mode failure): 4993K->897K(6848K), 0.0126877 secs] 4993K->897K(9920K), [Metaspace: 3664K->3664K(1056768K)], 0.0129721 secs] [Times: user=0.00 sys=0.00, real=0.01 secs] 
32.550: [GC (Allocation Failure) 32.550: [ParNew: 0K->0K(3072K), 0.0002337 secs]32.550: [CMS: 4993K->897K(6848K), 0.0017742 secs] 4993K->897K(9920K), [Metaspace: 3664K->3664K(1056768K)], 0.0020676 secs] [Times: user=0.02 sys=0.00, real=0.00 secs] 
32.553: [GC (CMS Initial Mark) [1 CMS-initial-mark: 4993K(6848K)] 4993K(9920K), 0.0001081 secs] [Times: user=0.00 sys=0.00, real=0.00 secs] 
32.553: [CMS-concurrent-mark-start]
32.553: [GC (Allocation Failure) 32.553: [ParNew: 0K->0K(3072K), 0.0002918 secs]32.553: [CMS32.563: [CMS-concurrent-mark: 0.002/0.011 secs] [Times: user=0.00 sys=0.00, real=0.01 secs] 
 (concurrent mode failure): 4993K->897K(6848K), 0.0134922 secs] 4993K->897K(9920K), [Metaspace: 3664K->3664K(1056768K)], 0.0138578 secs] [Times: user=0.00 sys=0.00, real=0.01 secs] 
32.567: [GC (Allocation Failure) 32.567: [ParNew: 0K->0K(3072K), 0.0002429 secs]32.567: [CMS: 4993K->897K(6848K), 0.0023676 secs] 4993K->897K(9920K), [Metaspace: 3664K->3664K(1056768K)], 0.0026939 secs] [Times: user=0.02 sys=0.00, real=0.00 secs] 
32.570: [GC (CMS Initial Mark) [1 CMS-initial-mark: 4993K(6848K)] 4993K(9920K), 0.0001215 secs] [Times: user=0.00 sys=0.00, real=0.00 secs] 
32.570: [CMS-concurrent-mark-start]
32.570: [GC (Allocation Failure) 32.570: [ParNew: 0K->0K(3072K), 0.0002400 secs]32.570: [CMS32.579: [CMS-concurrent-mark: 0.001/0.009 secs] [Times: user=0.00 sys=0.00, real=0.01 secs] 
 (concurrent mode failure): 4993K->897K(6848K), 0.0111233 secs] 4993K->897K(9920K), [Metaspace: 3664K->3664K(1056768K)], 0.0114388 secs] [Times: user=0.00 sys=0.00, real=0.01 secs] 
32.582: [GC (Allocation Failure) 32.582: [ParNew: 0K->0K(3072K), 0.0005427 secs]32.583: [CMS: 4993K->897K(6848K), 0.0055968 secs] 4993K->897K(9920K), [Metaspace: 3664K->3664K(1056768K)], 0.0063019 secs] [Times: user=0.02 sys=0.00, real=0.01 secs] 
32.589: [GC (CMS Initial Mark) [1 CMS-initial-mark: 4993K(6848K)] 4993K(9920K), 0.0001421 secs] [Times: user=0.00 sys=0.00, real=0.00 secs] 
32.589: [CMS-concurrent-mark-start]
32.589: [GC (Allocation Failure) 32.589: [ParNew: 0K->0K(3072K), 0.0002519 secs]32.589: [CMS32.594: [CMS-concurrent-mark: 0.002/0.005 secs] [Times: user=0.00 sys=0.00, real=0.00 secs] 
 (concurrent mode failure): 4993K->897K(6848K), 0.0098184 secs] 4993K->897K(9920K), [Metaspace: 3664K->3664K(1056768K)], 0.0101913 secs] [Times: user=0.02 sys=0.00, real=0.01 secs] 
32.600: [GC (Allocation Failure) 32.600: [ParNew: 0K->0K(3072K), 0.0006864 secs]32.601: [CMS: 4993K->897K(6848K), 0.0052219 secs] 4993K->897K(9920K), [Metaspace: 3664K->3664K(1056768K)], 0.0061042 secs] [Times: user=0.00 sys=0.00, real=0.01 secs] 
32.607: [GC (CMS Initial Mark) [1 CMS-initial-mark: 4993K(6848K)] 4993K(9920K), 0.0001813 secs] [Times: user=0.00 sys=0.00, real=0.00 secs] 
32.607: [CMS-concurrent-mark-start]
32.607: [GC (Allocation Failure) 32.607: [ParNew: 0K->0K(3072K), 0.0004533 secs]32.607: [CMS32.610: [CMS-concurrent-mark: 0.001/0.003 secs] [Times: user=0.00 sys=0.00, real=0.00 secs] 
 (concurrent mode failure): 4993K->897K(6848K), 0.0081210 secs] 4993K->897K(9920K), [Metaspace: 3664K->3664K(1056768K)], 0.0088329 secs] [Times: user=0.00 sys=0.00, real=0.01 secs] 
32.618: [GC (Allocation Failure) 32.618: [ParNew: 0K->0K(3072K), 0.0005055 secs]32.618: [CMS: 4993K->897K(6848K), 0.0032728 secs] 4993K->897K(9920K), [Metaspace: 3664K->3664K(1056768K)], 0.0039663 secs] [Times: user=0.00 sys=0.00, real=0.00 secs] 
32.622: [GC (CMS Initial Mark) [1 CMS-initial-mark: 4993K(6848K)] 4993K(9920K), 0.0001301 secs] [Times: user=0.00 sys=0.00, real=0.00 secs] 
32.622: [CMS-concurrent-mark-start]
32.622: [GC (Allocation Failure) 32.622: [ParNew: 0K->0K(3072K), 0.0003614 secs]32.623: [CMS32.626: [CMS-concurrent-mark: 0.002/0.004 secs] [Times: user=0.00 sys=0.00, real=0.01 secs] 
 (concurrent mode failure): 4993K->897K(6848K), 0.0070119 secs] 4993K->897K(9920K), [Metaspace: 3664K->3664K(1056768K)], 0.0074789 secs] [Times: user=0.02 sys=0.00, real=0.01 secs] 
32.630: [GC (Allocation Failure) 32.630: [ParNew: 0K->0K(3072K), 0.0008217 secs]32.631: [CMS: 4993K->897K(6848K), 0.0034702 secs] 4993K->897K(9920K), [Metaspace: 3664K->3664K(1056768K)], 0.0044575 secs] [Times: user=0.00 sys=0.00, real=0.01 secs] 
32.635: [GC (CMS Initial Mark) [1 CMS-initial-mark: 4993K(6848K)] 4993K(9920K), 0.0001659 secs] [Times: user=0.00 sys=0.00, real=0.00 secs] 
32.635: [CMS-concurrent-mark-start]
32.635: [GC (Allocation Failure) 32.635: [ParNew: 0K->0K(3072K), 0.0002645 secs]32.636: [CMS32.642: [CMS-concurrent-mark: 0.002/0.007 secs] [Times: user=0.00 sys=0.00, real=0.01 secs] 
 (concurrent mode failure): 4993K->897K(6848K), 0.0097958 secs] 4993K->897K(9920K), [Metaspace: 3664K->3664K(1056768K)], 0.0101829 secs] [Times: user=0.00 sys=0.02, real=0.01 secs] 
32.646: [GC (Allocation Failure) 32.646: [ParNew: 0K->0K(3072K), 0.0003321 secs]32.647: [CMS: 4993K->897K(6848K), 0.0035429 secs] 4993K->897K(9920K), [Metaspace: 3664K->3664K(1056768K)], 0.0040082 secs] [Times: user=0.00 sys=0.00, real=0.00 secs] 
32.651: [GC (CMS Initial Mark) [1 CMS-initial-mark: 4993K(6848K)] 4993K(9920K), 0.0001336 secs] [Times: user=0.00 sys=0.00, real=0.00 secs] 
32.651: [CMS-concurrent-mark-start]
32.651: [GC (Allocation Failure) 32.651: [ParNew: 0K->0K(3072K), 0.0002568 secs]32.651: [CMS32.658: [CMS-concurrent-mark: 0.002/0.007 secs] [Times: user=0.00 sys=0.00, real=0.01 secs] 
 (concurrent mode failure): 4993K->897K(6848K), 0.0103378 secs] 4993K->897K(9920K), [Metaspace: 3664K->3664K(1056768K)], 0.0106879 secs] [Times: user=0.01 sys=0.00, real=0.01 secs] 
32.662: [GC (Allocation Failure) 32.662: [ParNew: 0K->0K(3072K), 0.0003095 secs]32.662: [CMS: 4993K->897K(6848K), 0.0041218 secs] 4993K->897K(9920K), [Metaspace: 3664K->3664K(1056768K)], 0.0045455 secs] [Times: user=0.00 sys=0.00, real=0.00 secs] 
32.667: [GC (CMS Initial Mark) [1 CMS-initial-mark: 4993K(6848K)] 4993K(9920K), 0.0001386 secs] [Times: user=0.00 sys=0.00, real=0.00 secs] 
32.667: [CMS-concurrent-mark-start]
32.667: [GC (Allocation Failure) 32.667: [ParNew: 0K->0K(3072K), 0.0002721 secs]32.668: [CMS32.674: [CMS-concurrent-mark: 0.002/0.007 secs] [Times: user=0.00 sys=0.00, real=0.01 secs] 
 (concurrent mode failure): 4993K->897K(6848K), 0.0101472 secs] 4993K->897K(9920K), [Metaspace: 3664K->3664K(1056768K)], 0.0105146 secs] [Times: user=0.02 sys=0.00, real=0.01 secs] 
32.678: [GC (Allocation Failure) 32.678: [ParNew: 0K->0K(3072K), 0.0003993 secs]32.679: [CMS: 4993K->897K(6848K), 0.0061643 secs] 4993K->897K(9920K), [Metaspace: 3664K->3664K(1056768K)], 0.0067056 secs] [Times: user=0.00 sys=0.00, real=0.01 secs] 
32.686: [GC (CMS Initial Mark) [1 CMS-initial-mark: 4993K(6848K)] 4993K(9920K), 0.0002090 secs] [Times: user=0.00 sys=0.00, real=0.00 secs] 
32.686: [CMS-concurrent-mark-start]
32.686: [GC (Allocation Failure) 32.686: [ParNew: 0K->0K(3072K), 0.0004349 secs]32.687: [CMS32.690: [CMS-concurrent-mark: 0.002/0.004 secs] [Times: user=0.00 sys=0.00, real=0.00 secs] 
 (concurrent mode failure): 4993K->897K(6848K), 0.0078211 secs] 4993K->897K(9920K), [Metaspace: 3664K->3664K(1056768K)], 0.0084437 secs] [Times: user=0.01 sys=0.00, real=0.01 secs] 
32.695: [GC (Allocation Failure) 32.695: [ParNew: 0K->0K(3072K), 0.0003217 secs]32.695: [CMS: 4993K->897K(6848K), 0.0077072 secs] 4993K->897K(9920K), [Metaspace: 3664K->3664K(1056768K)], 0.0082072 secs] [Times: user=0.00 sys=0.00, real=0.01 secs] 
32.704: [GC (CMS Initial Mark) [1 CMS-initial-mark: 4993K(6848K)] 4993K(9920K), 0.0001633 secs] [Times: user=0.00 sys=0.00, real=0.00 secs] 
32.704: [CMS-concurrent-mark-start]
32.704: [GC (Allocation Failure) 32.704: [ParNew: 0K->0K(3072K), 0.0002981 secs]32.704: [CMS32.721: [CMS-concurrent-mark: 0.001/0.017 secs] [Times: user=0.00 sys=0.00, real=0.02 secs] 
 (concurrent mode failure): 4993K->897K(6848K), 0.0191772 secs] 4993K->897K(9920K), [Metaspace: 3664K->3664K(1056768K)], 0.0195679 secs] [Times: user=0.02 sys=0.00, real=0.02 secs] 
32.724: [GC (Allocation Failure) 32.724: [ParNew: 0K->0K(3072K), 0.0002770 secs]32.724: [CMS: 4993K->897K(6848K), 0.0021124 secs] 4993K->897K(9920K), [Metaspace: 3664K->3664K(1056768K)], 0.0024637 secs] [Times: user=0.00 sys=0.00, real=0.00 secs] 
32.727: [GC (CMS Initial Mark) [1 CMS-initial-mark: 4993K(6848K)] 4993K(9920K), 0.0001389 secs] [Times: user=0.00 sys=0.00, real=0.00 secs] 
32.727: [CMS-concurrent-mark-start]
32.727: [GC (Allocation Failure) 32.727: [ParNew: 0K->0K(3072K), 0.0002407 secs]32.727: [CMS32.737: [CMS-concurrent-mark: 0.002/0.010 secs] [Times: user=0.00 sys=0.00, real=0.01 secs] 
 (concurrent mode failure): 4993K->897K(6848K), 0.0129936 secs] 4993K->897K(9920K), [Metaspace: 3664K->3664K(1056768K)], 0.0133388 secs] [Times: user=0.02 sys=0.00, real=0.01 secs] 
32.741: [GC (Allocation Failure) 32.741: [ParNew: 0K->0K(3072K), 0.0002918 secs]32.741: [CMS: 4993K->897K(6848K), 0.0027970 secs] 4993K->897K(9920K), [Metaspace: 3664K->3664K(1056768K)], 0.0031900 secs] [Times: user=0.00 sys=0.00, real=0.00 secs] 
32.745: [GC (CMS Initial Mark) [1 CMS-initial-mark: 4993K(6848K)] 4993K(9920K), 0.0001376 secs] [Times: user=0.00 sys=0.00, real=0.00 secs] 
32.745: [CMS-concurrent-mark-start]
32.745: [GC (Allocation Failure) 32.745: [ParNew: 0K->0K(3072K), 0.0003350 secs]32.745: [CMS32.753: [CMS-concurrent-mark: 0.002/0.008 secs] [Times: user=0.00 sys=0.00, real=0.01 secs] 
 (concurrent mode failure): 4993K->897K(6848K), 0.0107871 secs] 4993K->897K(9920K), [Metaspace: 3664K->3664K(1056768K)], 0.0112106 secs] [Times: user=0.02 sys=0.00, real=0.01 secs] 
32.756: [GC (Allocation Failure) 32.756: [ParNew: 0K->0K(3072K), 0.0002304 secs]32.757: [CMS: 4993K->897K(6848K), 0.0021583 secs] 4993K->897K(9920K), [Metaspace: 3664K->3664K(1056768K)], 0.0024710 secs] [Times: user=0.00 sys=0.00, real=0.00 secs] 
32.759: [GC (CMS Initial Mark) [1 CMS-initial-mark: 4993K(6848K)] 4993K(9920K), 0.0000959 secs] [Times: user=0.00 sys=0.00, real=0.00 secs] 
32.759: [CMS-concurrent-mark-start]
32.759: [GC (Allocation Failure) 32.759: [ParNew: 0K->0K(3072K), 0.0002388 secs]32.760: [CMS32.769: [CMS-concurrent-mark: 0.001/0.010 secs] [Times: user=0.00 sys=0.00, real=0.01 secs] 
 (concurrent mode failure): 4993K->897K(6848K), 0.0116122 secs] 4993K->897K(9920K), [Metaspace: 3664K->3664K(1056768K)], 0.0119331 secs] [Times: user=0.02 sys=0.00, real=0.01 secs] 
32.772: [GC (Allocation Failure) 32.772: [ParNew: 0K->0K(3072K), 0.0002188 secs]32.772: [CMS: 4993K->897K(6848K), 0.0019784 secs] 4993K->897K(9920K), [Metaspace: 3664K->3664K(1056768K)], 0.0022713 secs] [Times: user=0.00 sys=0.00, real=0.00 secs] 
32.774: [GC (CMS Initial Mark) [1 CMS-initial-mark: 4993K(6848K)] 4993K(9920K), 0.0000856 secs] [Times: user=0.00 sys=0.00, real=0.00 secs] 
32.774: [CMS-concurrent-mark-start]
32.774: [GC (Allocation Failure) 32.774: [ParNew: 0K->0K(3072K), 0.0002104 secs]32.775: [CMS32.784: [CMS-concurrent-mark: 0.002/0.010 secs] [Times: user=0.00 sys=0.00, real=0.01 secs] 
 (concurrent mode failure): 4993K->897K(6848K), 0.0119191 secs] 4993K->897K(9920K), [Metaspace: 3664K->3664K(1056768K)], 0.0122026 secs] [Times: user=0.02 sys=0.00, real=0.01 secs] 
32.787: [GC (Allocation Failure) 32.787: [ParNew: 0K->0K(3072K), 0.0002541 secs]32.787: [CMS: 4993K->897K(6848K), 0.0019673 secs] 4993K->897K(9920K), [Metaspace: 3664K->3664K(1056768K)], 0.0022897 secs] [Times: user=0.00 sys=0.00, real=0.00 secs] 
32.790: [GC (CMS Initial Mark) [1 CMS-initial-mark: 4993K(6848K)] 4993K(9920K), 0.0000811 secs] [Times: user=0.00 sys=0.00, real=0.00 secs] 
32.790: [CMS-concurrent-mark-start]
32.790: [GC (Allocation Failure) 32.790: [ParNew: 0K->0K(3072K), 0.0001798 secs]32.790: [CMS32.800: [CMS-concurrent-mark: 0.002/0.010 secs] [Times: user=0.00 sys=0.00, real=0.01 secs] 
 (concurrent mode failure): 4993K->897K(6848K), 0.0123546 secs] 4993K->897K(9920K), [Metaspace: 3664K->3664K(1056768K)], 0.0126151 secs] [Times: user=0.01 sys=0.00, real=0.01 secs] 
32.803: [GC (Allocation Failure) 32.803: [ParNew: 0K->0K(3072K), 0.0002360 secs]32.803: [CMS: 4993K->897K(6848K), 0.0023166 secs] 4993K->897K(9920K), [Metaspace: 3664K->3664K(1056768K)], 0.0026297 secs] [Times: user=0.00 sys=0.00, real=0.00 secs] 
32.806: [GC (CMS Initial Mark) [1 CMS-initial-mark: 4993K(6848K)] 4993K(9920K), 0.0000772 secs] [Times: user=0.00 sys=0.00, real=0.00 secs] 
32.806: [CMS-concurrent-mark-start]
32.806: [GC (Allocation Failure) 32.806: [ParNew: 0K->0K(3072K), 0.0002064 secs]32.806: [CMS32.816: [CMS-concurrent-mark: 0.001/0.010 secs] [Times: user=0.00 sys=0.00, real=0.01 secs] 
 (concurrent mode failure): 4993K->897K(6848K), 0.0122683 secs] 4993K->897K(9920K), [Metaspace: 3664K->3664K(1056768K)], 0.0125417 secs] [Times: user=0.02 sys=0.00, real=0.01 secs] 
32.819: [GC (Allocation Failure) 32.819: [ParNew: 0K->0K(3072K), 0.0002017 secs]32.819: [CMS: 4993K->897K(6848K), 0.0022214 secs] 4993K->897K(9920K), [Metaspace: 3664K->3664K(1056768K)], 0.0025022 secs] [Times: user=0.00 sys=0.00, real=0.00 secs] 
32.821: [GC (CMS Initial Mark) [1 CMS-initial-mark: 4993K(6848K)] 4993K(9920K), 0.0001040 secs] [Times: user=0.00 sys=0.00, real=0.00 secs] 
32.822: [CMS-concurrent-mark-start]
32.822: [GC (Allocation Failure) 32.822: [ParNew: 0K->0K(3072K), 0.0001815 secs]32.822: [CMS32.832: [CMS-concurrent-mark: 0.002/0.011 secs] [Times: user=0.00 sys=0.00, real=0.01 secs] 
 (concurrent mode failure): 4993K->897K(6848K), 0.0131817 secs] 4993K->897K(9920K), [Metaspace: 3664K->3664K(1056768K)], 0.0134308 secs] [Times: user=0.01 sys=0.00, real=0.01 secs] 
32.835: [GC (Allocation Failure) 32.835: [ParNew: 0K->0K(3072K), 0.0002003 secs]32.836: [CMS: 4993K->897K(6848K), 0.0019634 secs] 4993K->897K(9920K), [Metaspace: 3664K->3664K(1056768K)], 0.0022323 secs] [Times: user=0.00 sys=0.00, real=0.00 secs] 
32.838: [GC (CMS Initial Mark) [1 CMS-initial-mark: 4993K(6848K)] 4993K(9920K), 0.0000825 secs] [Times: user=0.00 sys=0.00, real=0.00 secs] 
32.838: [CMS-concurrent-mark-start]
32.838: [GC (Allocation Failure) 32.838: [ParNew: 0K->0K(3072K), 0.0002224 secs]32.838: [CMS32.848: [CMS-concurrent-mark: 0.002/0.009 secs] [Times: user=0.00 sys=0.00, real=0.01 secs] 
 (concurrent mode failure): 4993K->897K(6848K), 0.0117675 secs] 4993K->897K(9920K), [Metaspace: 3664K->3664K(1056768K)], 0.0120660 secs] [Times: user=0.02 sys=0.00, real=0.01 secs] 
32.851: [GC (Allocation Failure) 32.851: [ParNew: 0K->0K(3072K), 0.0002016 secs]32.851: [CMS: 4993K->897K(6848K), 0.0019281 secs] 4993K->897K(9920K), [Metaspace: 3664K->3664K(1056768K)], 0.0022115 secs] [Times: user=0.00 sys=0.00, real=0.00 secs] 
32.853: [GC (CMS Initial Mark) [1 CMS-initial-mark: 4993K(6848K)] 4993K(9920K), 0.0000937 secs] [Times: user=0.00 sys=0.00, real=0.00 secs] 
32.853: [CMS-concurrent-mark-start]
32.853: [GC (Allocation Failure) 32.853: [ParNew: 0K->0K(3072K), 0.0002338 secs]32.854: [CMS32.863: [CMS-concurrent-mark: 0.002/0.009 secs] [Times: user=0.00 sys=0.00, real=0.01 secs] 
 (concurrent mode failure): 4993K->897K(6848K), 0.0124345 secs] 4993K->897K(9920K), [Metaspace: 3664K->3664K(1056768K)], 0.0127490 secs] [Times: user=0.02 sys=0.00, real=0.01 secs] 
32.866: [GC (Allocation Failure) 32.866: [ParNew: 0K->0K(3072K), 0.0002809 secs]32.867: [CMS: 4993K->897K(6848K), 0.0024408 secs] 4993K->897K(9920K), [Metaspace: 3664K->3664K(1056768K)], 0.0028093 secs] [Times: user=0.00 sys=0.00, real=0.00 secs] 
32.870: [GC (CMS Initial Mark) [1 CMS-initial-mark: 4993K(6848K)] 4993K(9920K), 0.0001554 secs] [Times: user=0.00 sys=0.00, real=0.00 secs] 
32.870: [CMS-concurrent-mark-start]
32.870: [GC (Allocation Failure) 32.870: [ParNew: 0K->0K(3072K), 0.0002137 secs]32.870: [CMS32.878: [CMS-concurrent-mark: 0.001/0.008 secs] [Times: user=0.00 sys=0.00, real=0.01 secs] 
 (concurrent mode failure): 4993K->897K(6848K), 0.0113013 secs] 4993K->897K(9920K), [Metaspace: 3664K->3664K(1056768K)], 0.0115988 secs] [Times: user=0.02 sys=0.00, real=0.01 secs] 
32.882: [GC (Allocation Failure) 32.882: [ParNew: 0K->0K(3072K), 0.0002687 secs]32.882: [CMS: 4993K->897K(6848K), 0.0020459 secs] 4993K->897K(9920K), [Metaspace: 3664K->3664K(1056768K)], 0.0023803 secs] [Times: user=0.00 sys=0.00, real=0.00 secs] 
32.885: [GC (CMS Initial Mark) [1 CMS-initial-mark: 4993K(6848K)] 4993K(9920K), 0.0000821 secs] [Times: user=0.00 sys=0.00, real=0.00 secs] 
32.885: [CMS-concurrent-mark-start]
32.885: [GC (Allocation Failure) 32.885: [ParNew: 0K->0K(3072K), 0.0002074 secs]32.885: [CMS32.894: [CMS-concurrent-mark: 0.002/0.009 secs] [Times: user=0.00 sys=0.00, real=0.01 secs] 
 (concurrent mode failure): 4993K->897K(6848K), 0.0113879 secs] 4993K->897K(9920K), [Metaspace: 3664K->3664K(1056768K)], 0.0116675 secs] [Times: user=0.02 sys=0.00, real=0.01 secs] 
32.897: [GC (Allocation Failure) 32.897: [ParNew: 0K->0K(3072K), 0.0003092 secs]32.897: [CMS: 4993K->897K(6848K), 0.0021151 secs] 4993K->897K(9920K), [Metaspace: 3664K->3664K(1056768K)], 0.0025131 secs] [Times: user=0.00 sys=0.00, real=0.00 secs] 
32.900: [GC (CMS Initial Mark) [1 CMS-initial-mark: 4993K(6848K)] 4993K(9920K), 0.0001413 secs] [Times: user=0.00 sys=0.00, real=0.00 secs] 
32.900: [CMS-concurrent-mark-start]
32.900: [GC (Allocation Failure) 32.900: [ParNew: 0K->0K(3072K), 0.0002255 secs]32.900: [CMS32.909: [CMS-concurrent-mark: 0.001/0.009 secs] [Times: user=0.00 sys=0.00, real=0.01 secs] 
 (concurrent mode failure): 4993K->897K(6848K), 0.0105960 secs] 4993K->897K(9920K), [Metaspace: 3664K->3664K(1056768K)], 0.0108894 secs] [Times: user=0.00 sys=0.00, real=0.01 secs] 
32.911: [GC (Allocation Failure) 32.911: [ParNew: 0K->0K(3072K), 0.0002689 secs]32.912: [CMS: 4993K->897K(6848K), 0.0043360 secs] 4993K->897K(9920K), [Metaspace: 3664K->3664K(1056768K)], 0.0047024 secs] [Times: user=0.00 sys=0.00, real=0.01 secs] 
32.916: [GC (CMS Initial Mark) [1 CMS-initial-mark: 4993K(6848K)] 4993K(9920K), 0.0001672 secs] [Times: user=0.00 sys=0.00, real=0.00 secs] 
32.917: [CMS-concurrent-mark-start]
32.917: [GC (Allocation Failure) 32.917: [ParNew: 0K->0K(3072K), 0.0003144 secs]32.917: [CMS32.925: [CMS-concurrent-mark: 0.002/0.008 secs] [Times: user=0.00 sys=0.00, real=0.01 secs] 
 (concurrent mode failure): 4993K->897K(6848K), 0.0098742 secs] 4993K->897K(9920K), [Metaspace: 3664K->3664K(1056768K)], 0.0102544 secs] [Times: user=0.00 sys=0.00, real=0.01 secs] 
32.927: [GC (Allocation Failure) 32.927: [ParNew: 0K->0K(3072K), 0.0001987 secs]32.928: [CMS: 4993K->897K(6848K), 0.0024281 secs] 4993K->897K(9920K), [Metaspace: 3664K->3664K(1056768K)], 0.0027204 secs] [Times: user=0.00 sys=0.00, real=0.00 secs] 
32.931: [GC (CMS Initial Mark) [1 CMS-initial-mark: 4993K(6848K)] 4993K(9920K), 0.0002600 secs] [Times: user=0.00 sys=0.00, real=0.00 secs] 
32.931: [CMS-concurrent-mark-start]
32.931: [GC (Allocation Failure) 32.931: [ParNew: 0K->0K(3072K), 0.0002179 secs]32.931: [CMS32.940: [CMS-concurrent-mark: 0.002/0.009 secs] [Times: user=0.00 sys=0.00, real=0.01 secs] 
 (concurrent mode failure): 4993K->897K(6848K), 0.0110312 secs] 4993K->897K(9920K), [Metaspace: 3664K->3664K(1056768K)], 0.0113258 secs] [Times: user=0.02 sys=0.00, real=0.01 secs] 
32.943: [GC (Allocation Failure) 32.943: [ParNew: 0K->0K(3072K), 0.0002801 secs]32.943: [CMS: 4993K->897K(6848K), 0.0022014 secs] 4993K->897K(9920K), [Metaspace: 3664K->3664K(1056768K)], 0.0025801 secs] [Times: user=0.00 sys=0.00, real=0.00 secs] 
32.946: [GC (CMS Initial Mark) [1 CMS-initial-mark: 4993K(6848K)] 4993K(9920K), 0.0001681 secs] [Times: user=0.00 sys=0.00, real=0.00 secs] 
32.946: [CMS-concurrent-mark-start]
32.946: [GC (Allocation Failure) 32.946: [ParNew: 0K->0K(3072K), 0.0002734 secs]32.946: [CMS32.955: [CMS-concurrent-mark: 0.002/0.009 secs] [Times: user=0.00 sys=0.00, real=0.01 secs] 
 (concurrent mode failure): 4993K->897K(6848K), 0.0110444 secs] 4993K->897K(9920K), [Metaspace: 3664K->3664K(1056768K)], 0.0114084 secs] [Times: user=0.01 sys=0.00, real=0.01 secs] 
32.958: [GC (Allocation Failure) 32.958: [ParNew: 0K->0K(3072K), 0.0002201 secs]32.958: [CMS: 4993K->897K(6848K), 0.0020182 secs] 4993K->897K(9920K), [Metaspace: 3664K->3664K(1056768K)], 0.0023064 secs] [Times: user=0.00 sys=0.00, real=0.00 secs] 
32.960: [GC (CMS Initial Mark) [1 CMS-initial-mark: 4993K(6848K)] 4993K(9920K), 0.0001245 secs] [Times: user=0.00 sys=0.00, real=0.00 secs] 
32.961: [CMS-concurrent-mark-start]
32.961: [GC (Allocation Failure) 32.961: [ParNew: 0K->0K(3072K), 0.0002195 secs]32.961: [CMS32.971: [CMS-concurrent-mark: 0.002/0.010 secs] [Times: user=0.00 sys=0.00, real=0.01 secs] 
 (concurrent mode failure): 4993K->897K(6848K), 0.0122572 secs] 4993K->897K(9920K), [Metaspace: 3664K->3664K(1056768K)], 0.0125439 secs] [Times: user=0.00 sys=0.00, real=0.01 secs] 
32.974: [GC (Allocation Failure) 32.974: [ParNew: 0K->0K(3072K), 0.0002172 secs]32.974: [CMS: 4993K->897K(6848K), 0.0018506 secs] 4993K->897K(9920K), [Metaspace: 3664K->3664K(1056768K)], 0.0021322 secs] [Times: user=0.00 sys=0.00, real=0.00 secs] 
32.976: [GC (CMS Initial Mark) [1 CMS-initial-mark: 4993K(6848K)] 4993K(9920K), 0.0000853 secs] [Times: user=0.00 sys=0.00, real=0.00 secs] 
32.976: [CMS-concurrent-mark-start]
32.976: [GC (Allocation Failure) 32.976: [ParNew: 0K->0K(3072K), 0.0001934 secs]32.976: [CMS32.987: [CMS-concurrent-mark: 0.002/0.011 secs] [Times: user=0.00 sys=0.00, real=0.01 secs] 
 (concurrent mode failure): 4993K->897K(6848K), 0.0129932 secs] 4993K->897K(9920K), [Metaspace: 3664K->3664K(1056768K)], 0.0132646 secs] [Times: user=0.00 sys=0.00, real=0.01 secs] 
32.990: [GC (Allocation Failure) 32.990: [ParNew: 0K->0K(3072K), 0.0002383 secs]32.990: [CMS: 4993K->897K(6848K), 0.0019714 secs] 4993K->897K(9920K), [Metaspace: 3664K->3664K(1056768K)], 0.0022925 secs] [Times: user=0.00 sys=0.00, real=0.00 secs] 
32.992: [GC (CMS Initial Mark) [1 CMS-initial-mark: 4993K(6848K)] 4993K(9920K), 0.0001714 secs] [Times: user=0.00 sys=0.00, real=0.00 secs] 
32.993: [CMS-concurrent-mark-start]
32.993: [GC (Allocation Failure) 32.993: [ParNew: 0K->0K(3072K), 0.0002703 secs]32.993: [CMS33.002: [CMS-concurrent-mark: 0.001/0.010 secs] [Times: user=0.00 sys=0.00, real=0.01 secs] 
 (concurrent mode failure): 4993K->897K(6848K), 0.0116470 secs] 4993K->897K(9920K), [Metaspace: 3664K->3664K(1056768K)], 0.0119957 secs] [Times: user=0.02 sys=0.00, real=0.01 secs] 
33.005: [GC (Allocation Failure) 33.005: [ParNew: 0K->0K(3072K), 0.0002110 secs]33.005: [CMS: 4993K->897K(6848K), 0.0019228 secs] 4993K->897K(9920K), [Metaspace: 3664K->3664K(1056768K)], 0.0022051 secs] [Times: user=0.00 sys=0.00, real=0.00 secs] 
33.008: [GC (CMS Initial Mark) [1 CMS-initial-mark: 4993K(6848K)] 4993K(9920K), 0.0001403 secs] [Times: user=0.00 sys=0.00, real=0.00 secs] 
33.008: [CMS-concurrent-mark-start]
33.008: [GC (Allocation Failure) 33.008: [ParNew: 0K->0K(3072K), 0.0002116 secs]33.008: [CMS33.017: [CMS-concurrent-mark: 0.001/0.009 secs] [Times: user=0.00 sys=0.00, real=0.01 secs] 
 (concurrent mode failure): 4993K->897K(6848K), 0.0112709 secs] 4993K->897K(9920K), [Metaspace: 3664K->3664K(1056768K)], 0.0115573 secs] [Times: user=0.00 sys=0.00, real=0.01 secs] 
33.020: [GC (Allocation Failure) 33.020: [ParNew: 0K->0K(3072K), 0.0002558 secs]33.020: [CMS: 4993K->897K(6848K), 0.0019909 secs] 4993K->897K(9920K), [Metaspace: 3664K->3664K(1056768K)], 0.0023196 secs] [Times: user=0.02 sys=0.00, real=0.00 secs] 
33.022: [GC (CMS Initial Mark) [1 CMS-initial-mark: 4993K(6848K)] 4993K(9920K), 0.0001891 secs] [Times: user=0.00 sys=0.00, real=0.00 secs] 
33.023: [CMS-concurrent-mark-start]
33.023: [GC (Allocation Failure) 33.023: [ParNew: 0K->0K(3072K), 0.0002976 secs]33.023: [CMS33.033: [CMS-concurrent-mark: 0.002/0.011 secs] [Times: user=0.00 sys=0.00, real=0.01 secs] 
 (concurrent mode failure): 4993K->897K(6848K), 0.0124529 secs] 4993K->897K(9920K), [Metaspace: 3664K->3664K(1056768K)], 0.0128353 secs] [Times: user=0.00 sys=0.00, real=0.01 secs] 
33.036: [GC (Allocation Failure) 33.036: [ParNew: 0K->0K(3072K), 0.0002117 secs]33.036: [CMS: 4993K->897K(6848K), 0.0020617 secs] 4993K->897K(9920K), [Metaspace: 3664K->3664K(1056768K)], 0.0023530 secs] [Times: user=0.00 sys=0.00, real=0.00 secs] 
33.039: [GC (CMS Initial Mark) [1 CMS-initial-mark: 4993K(6848K)] 4993K(9920K), 0.0000817 secs] [Times: user=0.00 sys=0.00, real=0.00 secs] 
33.039: [CMS-concurrent-mark-start]
33.039: [GC (Allocation Failure) 33.039: [ParNew: 0K->0K(3072K), 0.0001807 secs]33.039: [CMS33.049: [CMS-concurrent-mark: 0.002/0.010 secs] [Times: user=0.00 sys=0.00, real=0.01 secs] 
 (concurrent mode failure): 4993K->897K(6848K), 0.0124313 secs] 4993K->897K(9920K), [Metaspace: 3664K->3664K(1056768K)], 0.0126731 secs] [Times: user=0.00 sys=0.00, real=0.01 secs] 
33.052: [GC (Allocation Failure) 33.052: [ParNew: 0K->0K(3072K), 0.0002508 secs]33.052: [CMS: 4993K->897K(6848K), 0.0020250 secs] 4993K->897K(9920K), [Metaspace: 3664K->3664K(1056768K)], 0.0023562 secs] [Times: user=0.00 sys=0.00, real=0.00 secs] 
33.054: [GC (CMS Initial Mark) [1 CMS-initial-mark: 4993K(6848K)] 4993K(9920K), 0.0001298 secs] [Times: user=0.00 sys=0.00, real=0.00 secs] 
33.055: [CMS-concurrent-mark-start]
33.055: [GC (Allocation Failure) 33.055: [ParNew: 0K->0K(3072K), 0.0002289 secs]33.055: [CMS33.065: [CMS-concurrent-mark: 0.002/0.010 secs] [Times: user=0.00 sys=0.00, real=0.01 secs] 
 (concurrent mode failure): 4993K->897K(6848K), 0.0126096 secs] 4993K->897K(9920K), [Metaspace: 3664K->3664K(1056768K)], 0.0129169 secs] [Times: user=0.01 sys=0.00, real=0.01 secs] 
33.068: [GC (Allocation Failure) 33.068: [ParNew: 0K->0K(3072K), 0.0002276 secs]33.068: [CMS: 4993K->897K(6848K), 0.0019859 secs] 4993K->897K(9920K), [Metaspace: 3664K->3664K(1056768K)], 0.0022761 secs] [Times: user=0.00 sys=0.00, real=0.00 secs] 
33.071: [GC (CMS Initial Mark) [1 CMS-initial-mark: 4993K(6848K)] 4993K(9920K), 0.0001167 secs] [Times: user=0.00 sys=0.00, real=0.00 secs] 
33.071: [CMS-concurrent-mark-start]
33.071: [GC (Allocation Failure) 33.071: [ParNew: 0K->0K(3072K), 0.0001858 secs]33.071: [CMS33.081: [CMS-concurrent-mark: 0.002/0.010 secs] [Times: user=0.00 sys=0.00, real=0.01 secs] 
 (concurrent mode failure): 4993K->897K(6848K), 0.0124336 secs] 4993K->897K(9920K), [Metaspace: 3664K->3664K(1056768K)], 0.0127014 secs] [Times: user=0.02 sys=0.00, real=0.01 secs] 
33.084: [GC (Allocation Failure) 33.084: [ParNew: 0K->0K(3072K), 0.0002191 secs]33.084: [CMS: 4993K->897K(6848K), 0.0019381 secs] 4993K->897K(9920K), [Metaspace: 3664K->3664K(1056768K)], 0.0022246 secs] [Times: user=0.00 sys=0.00, real=0.00 secs] 
33.087: [GC (CMS Initial Mark) [1 CMS-initial-mark: 4993K(6848K)] 4993K(9920K), 0.0002749 secs] [Times: user=0.00 sys=0.00, real=0.00 secs] 
33.087: [CMS-concurrent-mark-start]
33.087: [GC (Allocation Failure) 33.087: [ParNew: 0K->0K(3072K), 0.0003357 secs]33.087: [CMS33.096: [CMS-concurrent-mark: 0.002/0.009 secs] [Times: user=0.00 sys=0.00, real=0.01 secs] 
 (concurrent mode failure): 4993K->897K(6848K), 0.0117036 secs] 4993K->897K(9920K), [Metaspace: 3664K->3664K(1056768K)], 0.0121192 secs] [Times: user=0.01 sys=0.00, real=0.01 secs] 
33.100: [GC (Allocation Failure) 33.100: [ParNew: 0K->0K(3072K), 0.0002489 secs]33.100: [CMS: 4993K->897K(6848K), 0.0018024 secs] 4993K->897K(9920K), [Metaspace: 3664K->3664K(1056768K)], 0.0021123 secs] [Times: user=0.00 sys=0.00, real=0.00 secs] 
33.102: [GC (CMS Initial Mark) [1 CMS-initial-mark: 4993K(6848K)] 4993K(9920K), 0.0001127 secs] [Times: user=0.00 sys=0.00, real=0.00 secs] 
33.102: [CMS-concurrent-mark-start]
33.102: [GC (Allocation Failure) 33.102: [ParNew: 0K->0K(3072K), 0.0002775 secs]33.103: [CMS33.112: [CMS-concurrent-mark: 0.002/0.009 secs] [Times: user=0.00 sys=0.00, real=0.01 secs] 
 (concurrent mode failure): 4993K->897K(6848K), 0.0127591 secs] 4993K->897K(9920K), [Metaspace: 3664K->3664K(1056768K)], 0.0131137 secs] [Times: user=0.02 sys=0.00, real=0.01 secs] 
33.116: [GC (Allocation Failure) 33.116: [ParNew: 0K->0K(3072K), 0.0002327 secs]33.116: [CMS: 4993K->897K(6848K), 0.0019003 secs] 4993K->897K(9920K), [Metaspace: 3664K->3664K(1056768K)], 0.0021981 secs] [Times: user=0.00 sys=0.00, real=0.00 secs] 
33.118: [GC (CMS Initial Mark) [1 CMS-initial-mark: 4993K(6848K)] 4993K(9920K), 0.0001184 secs] [Times: user=0.00 sys=0.00, real=0.00 secs] 
33.118: [CMS-concurrent-mark-start]
33.119: [GC (Allocation Failure) 33.119: [ParNew: 0K->0K(3072K), 0.0002224 secs]33.119: [CMS33.127: [CMS-concurrent-mark: 0.002/0.009 secs] [Times: user=0.00 sys=0.00, real=0.01 secs] 
 (concurrent mode failure): 4993K->897K(6848K), 0.0119580 secs] 4993K->897K(9920K), [Metaspace: 3664K->3664K(1056768K)], 0.0122636 secs] [Times: user=0.02 sys=0.00, real=0.01 secs] 
33.131: [GC (Allocation Failure) 33.131: [ParNew: 0K->0K(3072K), 0.0002341 secs]33.131: [CMS: 4993K->897K(6848K), 0.0033847 secs] 4993K->897K(9920K), [Metaspace: 3664K->3664K(1056768K)], 0.0037254 secs] [Times: user=0.00 sys=0.00, real=0.00 secs] 
33.135: [GC (CMS Initial Mark) [1 CMS-initial-mark: 4993K(6848K)] 4993K(9920K), 0.0001403 secs] [Times: user=0.00 sys=0.00, real=0.00 secs] 
33.135: [CMS-concurrent-mark-start]
33.136: [GC (Allocation Failure) 33.136: [ParNew: 0K->0K(3072K), 0.0002319 secs]33.136: [CMS33.143: [CMS-concurrent-mark: 0.002/0.008 secs] [Times: user=0.00 sys=0.00, real=0.01 secs] 
 (concurrent mode failure): 4993K->897K(6848K), 0.0103301 secs] 4993K->897K(9920K), [Metaspace: 3664K->3664K(1056768K)], 0.0106555 secs] [Times: user=0.02 sys=0.00, real=0.01 secs] 
33.147: [GC (Allocation Failure) 33.147: [ParNew: 0K->0K(3072K), 0.0002596 secs]33.147: [CMS: 4993K->897K(6848K), 0.0021278 secs] 4993K->897K(9920K), [Metaspace: 3664K->3664K(1056768K)], 0.0024808 secs] [Times: user=0.00 sys=0.00, real=0.00 secs] 
33.149: [GC (CMS Initial Mark) [1 CMS-initial-mark: 4993K(6848K)] 4993K(9920K), 0.0002284 secs] [Times: user=0.00 sys=0.00, real=0.00 secs] 
33.150: [CMS-concurrent-mark-start]
33.150: [GC (Allocation Failure) 33.150: [ParNew: 0K->0K(3072K), 0.0003234 secs]33.150: [CMS33.159: [CMS-concurrent-mark: 0.002/0.009 secs] [Times: user=0.00 sys=0.00, real=0.01 secs] 
 (concurrent mode failure): 4993K->897K(6848K), 0.0109549 secs] 4993K->897K(9920K), [Metaspace: 3664K->3664K(1056768K)], 0.0114007 secs] [Times: user=0.00 sys=0.00, real=0.01 secs] 
33.162: [GC (Allocation Failure) 33.162: [ParNew: 0K->0K(3072K), 0.0002646 secs]33.162: [CMS: 4993K->897K(6848K), 0.0022327 secs] 4993K->897K(9920K), [Metaspace: 3664K->3664K(1056768K)], 0.0025721 secs] [Times: user=0.00 sys=0.00, real=0.00 secs] 
33.164: [GC (CMS Initial Mark) [1 CMS-initial-mark: 4993K(6848K)] 4993K(9920K), 0.0001136 secs] [Times: user=0.00 sys=0.00, real=0.00 secs] 
33.165: [CMS-concurrent-mark-start]
33.165: [GC (Allocation Failure) 33.165: [ParNew: 0K->0K(3072K), 0.0001995 secs]33.165: [CMS33.174: [CMS-concurrent-mark: 0.002/0.009 secs] [Times: user=0.00 sys=0.00, real=0.01 secs] 
 (concurrent mode failure): 4993K->897K(6848K), 0.0114239 secs] 4993K->897K(9920K), [Metaspace: 3664K->3664K(1056768K)], 0.0117065 secs] [Times: user=0.02 sys=0.00, real=0.01 secs] 
33.177: [GC (Allocation Failure) 33.177: [ParNew: 0K->0K(3072K), 0.0002393 secs]33.177: [CMS: 4993K->897K(6848K), 0.0025323 secs] 4993K->897K(9920K), [Metaspace: 3664K->3664K(1056768K)], 0.0028617 secs] [Times: user=0.00 sys=0.00, real=0.00 secs] 
33.180: [GC (CMS Initial Mark) [1 CMS-initial-mark: 4993K(6848K)] 4993K(9920K), 0.0004195 secs] [Times: user=0.00 sys=0.00, real=0.00 secs] 
33.181: [CMS-concurrent-mark-start]
33.181: [GC (Allocation Failure) 33.181: [ParNew: 0K->0K(3072K), 0.0002839 secs]33.181: [CMS33.189: [CMS-concurrent-mark: 0.001/0.009 secs] [Times: user=0.00 sys=0.00, real=0.01 secs] 
 (concurrent mode failure): 4993K->897K(6848K), 0.0104758 secs] 4993K->897K(9920K), [Metaspace: 3664K->3664K(1056768K)], 0.0108296 secs] [Times: user=0.00 sys=0.00, real=0.01 secs] 
33.192: [GC (Allocation Failure) 33.192: [ParNew: 0K->0K(3072K), 0.0002515 secs]33.192: [CMS: 4993K->897K(6848K), 0.0017618 secs] 4993K->897K(9920K), [Metaspace: 3664K->3664K(1056768K)], 0.0020910 secs] [Times: user=0.08 sys=0.00, real=0.00 secs] 
33.194: [GC (CMS Initial Mark) [1 CMS-initial-mark: 4993K(6848K)] 4993K(9920K), 0.0001379 secs] [Times: user=0.00 sys=0.00, real=0.00 secs] 
33.194: [CMS-concurrent-mark-start]
33.194: [GC (Allocation Failure) 33.194: [ParNew: 0K->0K(3072K), 0.0002324 secs]33.195: [CMS33.204: [CMS-concurrent-mark: 0.001/0.010 secs] [Times: user=0.00 sys=0.00, real=0.01 secs] 
 (concurrent mode failure): 4993K->897K(6848K), 0.0119584 secs] 4993K->897K(9920K), [Metaspace: 3664K->3664K(1056768K)], 0.0122617 secs] [Times: user=0.00 sys=0.00, real=0.01 secs] 
33.207: [GC (Allocation Failure) 33.207: [ParNew: 0K->0K(3072K), 0.0001928 secs]33.207: [CMS: 4993K->897K(6848K), 0.0020823 secs] 4993K->897K(9920K), [Metaspace: 3664K->3664K(1056768K)], 0.0023487 secs] [Times: user=0.02 sys=0.00, real=0.00 secs] 
33.210: [GC (CMS Initial Mark) [1 CMS-initial-mark: 4993K(6848K)] 4993K(9920K), 0.0000797 secs] [Times: user=0.00 sys=0.00, real=0.00 secs] 
33.210: [CMS-concurrent-mark-start]
33.210: [GC (Allocation Failure) 33.210: [ParNew: 0K->0K(3072K), 0.0002086 secs]33.210: [CMS33.220: [CMS-concurrent-mark: 0.001/0.010 secs] [Times: user=0.00 sys=0.00, real=0.01 secs] 
 (concurrent mode failure): 4993K->897K(6848K), 0.0122049 secs] 4993K->897K(9920K), [Metaspace: 3664K->3664K(1056768K)], 0.0124918 secs] [Times: user=0.00 sys=0.00, real=0.01 secs] 
33.223: [GC (Allocation Failure) 33.223: [ParNew: 0K->0K(3072K), 0.0002475 secs]33.223: [CMS: 4993K->897K(6848K), 0.0026206 secs] 4993K->897K(9920K), [Metaspace: 3664K->3664K(1056768K)], 0.0029393 secs] [Times: user=0.02 sys=0.00, real=0.00 secs] 
33.226: [GC (CMS Initial Mark) [1 CMS-initial-mark: 4993K(6848K)] 4993K(9920K), 0.0001051 secs] [Times: user=0.00 sys=0.00, real=0.00 secs] 
33.226: [CMS-concurrent-mark-start]
33.226: [GC (Allocation Failure) 33.226: [ParNew: 0K->0K(3072K), 0.0002267 secs]33.226: [CMS33.235: [CMS-concurrent-mark: 0.001/0.009 secs] [Times: user=0.00 sys=0.00, real=0.01 secs] 
 (concurrent mode failure): 4993K->897K(6848K), 0.0114694 secs] 4993K->897K(9920K), [Metaspace: 3664K->3664K(1056768K)], 0.0117841 secs] [Times: user=0.00 sys=0.00, real=0.01 secs] 
33.238: [GC (Allocation Failure) 33.238: [ParNew: 0K->0K(3072K), 0.0002426 secs]33.238: [CMS: 4993K->897K(6848K), 0.0022295 secs] 4993K->897K(9920K), [Metaspace: 3664K->3664K(1056768K)], 0.0025473 secs] [Times: user=0.02 sys=0.00, real=0.00 secs] 
33.241: [GC (CMS Initial Mark) [1 CMS-initial-mark: 4993K(6848K)] 4993K(9920K), 0.0000828 secs] [Times: user=0.00 sys=0.00, real=0.00 secs] 
33.241: [CMS-concurrent-mark-start]
33.241: [GC (Allocation Failure) 33.241: [ParNew: 0K->0K(3072K), 0.0002073 secs]33.241: [CMS33.251: [CMS-concurrent-mark: 0.002/0.010 secs] [Times: user=0.00 sys=0.00, real=0.01 secs] 
 (concurrent mode failure): 4993K->897K(6848K), 0.0118900 secs] 4993K->897K(9920K), [Metaspace: 3664K->3664K(1056768K)], 0.0121711 secs] [Times: user=0.00 sys=0.00, real=0.01 secs] 
33.254: [GC (Allocation Failure) 33.254: [ParNew: 0K->0K(3072K), 0.0002353 secs]33.254: [CMS: 4993K->897K(6848K), 0.0018700 secs] 4993K->897K(9920K), [Metaspace: 3664K->3664K(1056768K)], 0.0021714 secs] [Times: user=0.02 sys=0.00, real=0.00 secs] 
33.256: [GC (CMS Initial Mark) [1 CMS-initial-mark: 4993K(6848K)] 4993K(9920K), 0.0000877 secs] [Times: user=0.00 sys=0.00, real=0.00 secs] 
33.256: [CMS-concurrent-mark-start]
33.256: [GC (Allocation Failure) 33.256: [ParNew: 0K->0K(3072K), 0.0001829 secs]33.257: [CMS33.266: [CMS-concurrent-mark: 0.001/0.010 secs] [Times: user=0.00 sys=0.00, real=0.01 secs] 
 (concurrent mode failure): 4993K->897K(6848K), 0.0115352 secs] 4993K->897K(9920K), [Metaspace: 3664K->3664K(1056768K)], 0.0117825 secs] [Times: user=0.00 sys=0.00, real=0.01 secs] 
33.268: [GC (Allocation Failure) 33.269: [ParNew: 0K->0K(3072K), 0.0002042 secs]33.269: [CMS: 4993K->897K(6848K), 0.0017785 secs] 4993K->897K(9920K), [Metaspace: 3664K->3664K(1056768K)], 0.0020479 secs] [Times: user=0.01 sys=0.00, real=0.00 secs] 
33.271: [GC (CMS Initial Mark) [1 CMS-initial-mark: 4993K(6848K)] 4993K(9920K), 0.0000762 secs] [Times: user=0.00 sys=0.00, real=0.00 secs] 
33.271: [CMS-concurrent-mark-start]
33.271: [GC (Allocation Failure) 33.271: [ParNew: 0K->0K(3072K), 0.0002183 secs]33.271: [CMS33.281: [CMS-concurrent-mark: 0.001/0.010 secs] [Times: user=0.00 sys=0.00, real=0.01 secs] 
 (concurrent mode failure): 4993K->897K(6848K), 0.0123182 secs] 4993K->897K(9920K), [Metaspace: 3664K->3664K(1056768K)], 0.0126147 secs] [Times: user=0.00 sys=0.00, real=0.01 secs] 
33.284: [GC (Allocation Failure) 33.284: [ParNew: 0K->0K(3072K), 0.0002194 secs]33.284: [CMS: 4993K->897K(6848K), 0.0018341 secs] 4993K->897K(9920K), [Metaspace: 3664K->3664K(1056768K)], 0.0021282 secs] [Times: user=0.02 sys=0.00, real=0.00 secs] 
33.286: [GC (CMS Initial Mark) [1 CMS-initial-mark: 4993K(6848K)] 4993K(9920K), 0.0000760 secs] [Times: user=0.00 sys=0.00, real=0.00 secs] 
33.286: [CMS-concurrent-mark-start]
33.287: [GC (Allocation Failure) 33.287: [ParNew: 0K->0K(3072K), 0.0001586 secs]33.287: [CMS33.297: [CMS-concurrent-mark: 0.002/0.011 secs] [Times: user=0.00 sys=0.00, real=0.01 secs] 
 (concurrent mode failure): 4993K->897K(6848K), 0.0124409 secs] 4993K->897K(9920K), [Metaspace: 3664K->3664K(1056768K)], 0.0126622 secs] [Times: user=0.00 sys=0.00, real=0.01 secs] 
33.300: [GC (Allocation Failure) 33.300: [ParNew: 0K->0K(3072K), 0.0002131 secs]33.300: [CMS: 4993K->897K(6848K), 0.0016756 secs] 4993K->897K(9920K), [Metaspace: 3664K->3664K(1056768K)], 0.0019470 secs] [Times: user=0.01 sys=0.00, real=0.00 secs] 
33.302: [GC (CMS Initial Mark) [1 CMS-initial-mark: 4993K(6848K)] 4993K(9920K), 0.0001536 secs] [Times: user=0.00 sys=0.00, real=0.00 secs] 
33.302: [CMS-concurrent-mark-start]
33.302: [GC (Allocation Failure) 33.302: [ParNew: 0K->0K(3072K), 0.0001865 secs]33.302: [CMS33.313: [CMS-concurrent-mark: 0.002/0.011 secs] [Times: user=0.00 sys=0.00, real=0.01 secs] 
 (concurrent mode failure): 4993K->897K(6848K), 0.0132817 secs] 4993K->897K(9920K), [Metaspace: 3664K->3664K(1056768K)], 0.0135388 secs] [Times: user=0.00 sys=0.00, real=0.01 secs] 
33.316: [GC (Allocation Failure) 33.316: [ParNew: 0K->0K(3072K), 0.0002235 secs]33.316: [CMS: 4993K->897K(6848K), 0.0019400 secs] 4993K->897K(9920K), [Metaspace: 3664K->3664K(1056768K)], 0.0022310 secs] [Times: user=0.02 sys=0.00, real=0.00 secs] 
33.319: [GC (CMS Initial Mark) [1 CMS-initial-mark: 4993K(6848K)] 4993K(9920K), 0.0001597 secs] [Times: user=0.00 sys=0.00, real=0.00 secs] 
33.319: [CMS-concurrent-mark-start]
33.319: [GC (Allocation Failure) 33.319: [ParNew: 0K->0K(3072K), 0.0002157 secs]33.319: [CMS33.328: [CMS-concurrent-mark: 0.002/0.009 secs] [Times: user=0.00 sys=0.00, real=0.01 secs] 
 (concurrent mode failure): 4993K->897K(6848K), 0.0116475 secs] 4993K->897K(9920K), [Metaspace: 3664K->3664K(1056768K)], 0.0119362 secs] [Times: user=0.00 sys=0.00, real=0.01 secs] 
33.331: [GC (Allocation Failure) 33.331: [ParNew: 0K->0K(3072K), 0.0002155 secs]33.332: [CMS: 4993K->897K(6848K), 0.0018276 secs] 4993K->897K(9920K), [Metaspace: 3664K->3664K(1056768K)], 0.0021033 secs] [Times: user=0.02 sys=0.00, real=0.00 secs] 
33.334: [GC (CMS Initial Mark) [1 CMS-initial-mark: 4993K(6848K)] 4993K(9920K), 0.0001184 secs] [Times: user=0.00 sys=0.00, real=0.00 secs] 
33.334: [CMS-concurrent-mark-start]
33.334: [GC (Allocation Failure) 33.334: [ParNew: 0K->0K(3072K), 0.0002309 secs]33.334: [CMS33.343: [CMS-concurrent-mark: 0.001/0.009 secs] [Times: user=0.00 sys=0.00, real=0.01 secs] 
 (concurrent mode failure): 4993K->897K(6848K), 0.0120405 secs] 4993K->897K(9920K), [Metaspace: 3664K->3664K(1056768K)], 0.0124033 secs] [Times: user=0.00 sys=0.00, real=0.01 secs] 
33.347: [GC (Allocation Failure) 33.347: [ParNew: 0K->0K(3072K), 0.0002481 secs]33.347: [CMS: 4993K->897K(6848K), 0.0019525 secs] 4993K->897K(9920K), [Metaspace: 3664K->3664K(1056768K)], 0.0022710 secs] [Times: user=0.02 sys=0.00, real=0.00 secs] 
33.349: [GC (CMS Initial Mark) [1 CMS-initial-mark: 4993K(6848K)] 4993K(9920K), 0.0000825 secs] [Times: user=0.00 sys=0.00, real=0.00 secs] 
33.349: [CMS-concurrent-mark-start]
33.349: [GC (Allocation Failure) 33.349: [ParNew: 0K->0K(3072K), 0.0001827 secs]33.350: [CMS33.359: [CMS-concurrent-mark: 0.001/0.009 secs] [Times: user=0.00 sys=0.00, real=0.01 secs] 
 (concurrent mode failure): 4993K->897K(6848K), 0.0110736 secs] 4993K->897K(9920K), [Metaspace: 3664K->3664K(1056768K)], 0.0113267 secs] [Times: user=0.00 sys=0.00, real=0.01 secs] 
33.361: [GC (Allocation Failure) 33.361: [ParNew: 0K->0K(3072K), 0.0002619 secs]33.361: [CMS: 4993K->897K(6848K), 0.0026484 secs] 4993K->897K(9920K), [Metaspace: 3664K->3664K(1056768K)], 0.0029912 secs] [Times: user=0.02 sys=0.00, real=0.00 secs] 
33.364: [GC (CMS Initial Mark) [1 CMS-initial-mark: 4993K(6848K)] 4993K(9920K), 0.0001200 secs] [Times: user=0.00 sys=0.00, real=0.00 secs] 
33.365: [CMS-concurrent-mark-start]
33.365: [GC (Allocation Failure) 33.365: [ParNew: 0K->0K(3072K), 0.0002010 secs]33.365: [CMS33.374: [CMS-concurrent-mark: 0.001/0.009 secs] [Times: user=0.00 sys=0.00, real=0.01 secs] 
 (concurrent mode failure): 4993K->897K(6848K), 0.0114904 secs] 4993K->897K(9920K), [Metaspace: 3664K->3664K(1056768K)], 0.0117737 secs] [Times: user=0.00 sys=0.00, real=0.01 secs] 
33.377: [GC (Allocation Failure) 33.377: [ParNew: 0K->0K(3072K), 0.0002308 secs]33.377: [CMS: 4993K->897K(6848K), 0.0024660 secs] 4993K->897K(9920K), [Metaspace: 3664K->3664K(1056768K)], 0.0028104 secs] [Times: user=0.00 sys=0.00, real=0.00 secs] 
33.380: [GC (CMS Initial Mark) [1 CMS-initial-mark: 4993K(6848K)] 4993K(9920K), 0.0000952 secs] [Times: user=0.00 sys=0.00, real=0.00 secs] 
33.380: [CMS-concurrent-mark-start]
33.380: [GC (Allocation Failure) 33.380: [ParNew: 0K->0K(3072K), 0.0001877 secs]33.380: [CMS33.389: [CMS-concurrent-mark: 0.001/0.009 secs] [Times: user=0.00 sys=0.00, real=0.01 secs] 
 (concurrent mode failure): 4993K->897K(6848K), 0.0110028 secs] 4993K->897K(9920K), [Metaspace: 3664K->3664K(1056768K)], 0.0112576 secs] [Times: user=0.00 sys=0.00, real=0.01 secs] 
33.392: [GC (Allocation Failure) 33.392: [ParNew: 0K->0K(3072K), 0.0002292 secs]33.392: [CMS: 4993K->897K(6848K), 0.0019553 secs] 4993K->897K(9920K), [Metaspace: 3664K->3664K(1056768K)], 0.0022638 secs] [Times: user=0.00 sys=0.00, real=0.00 secs] 
33.394: [GC (CMS Initial Mark) [1 CMS-initial-mark: 4993K(6848K)] 4993K(9920K), 0.0000933 secs] [Times: user=0.00 sys=0.00, real=0.00 secs] 
33.395: [CMS-concurrent-mark-start]
33.395: [GC (Allocation Failure) 33.395: [ParNew: 0K->0K(3072K), 0.0002946 secs]33.395: [CMS33.405: [CMS-concurrent-mark: 0.002/0.011 secs] [Times: user=0.00 sys=0.00, real=0.01 secs] 
 (concurrent mode failure): 4993K->897K(6848K), 0.0123587 secs] 4993K->897K(9920K), [Metaspace: 3664K->3664K(1056768K)], 0.0127391 secs] [Times: user=0.00 sys=0.00, real=0.01 secs] 
33.408: [GC (Allocation Failure) 33.408: [ParNew: 0K->0K(3072K), 0.0002256 secs]33.408: [CMS: 4993K->897K(6848K), 0.0019059 secs] 4993K->897K(9920K), [Metaspace: 3664K->3664K(1056768K)], 0.0022026 secs] [Times: user=0.00 sys=0.00, real=0.00 secs] 
33.410: [GC (CMS Initial Mark) [1 CMS-initial-mark: 4993K(6848K)] 4993K(9920K), 0.0001228 secs] [Times: user=0.00 sys=0.00, real=0.00 secs] 
33.410: [CMS-concurrent-mark-start]
33.410: [GC (Allocation Failure) 33.410: [ParNew: 0K->0K(3072K), 0.0002145 secs]33.411: [CMS33.421: [CMS-concurrent-mark: 0.002/0.011 secs] [Times: user=0.00 sys=0.00, real=0.01 secs] 
 (concurrent mode failure): 4993K->897K(6848K), 0.0127761 secs] 4993K->897K(9920K), [Metaspace: 3664K->3664K(1056768K)], 0.0130651 secs] [Times: user=0.00 sys=0.00, real=0.01 secs] 
33.424: [GC (Allocation Failure) 33.424: [ParNew: 0K->0K(3072K), 0.0001809 secs]33.424: [CMS: 4993K->897K(6848K), 0.0018697 secs] 4993K->897K(9920K), [Metaspace: 3664K->3664K(1056768K)], 0.0021138 secs] [Times: user=0.00 sys=0.00, real=0.00 secs] 
33.426: [GC (CMS Initial Mark) [1 CMS-initial-mark: 4993K(6848K)] 4993K(9920K), 0.0001410 secs] [Times: user=0.00 sys=0.01, real=0.00 secs] 
33.427: [CMS-concurrent-mark-start]
33.427: [GC (Allocation Failure) 33.427: [ParNew: 0K->0K(3072K), 0.0003024 secs]33.427: [CMS33.436: [CMS-concurrent-mark: 0.001/0.009 secs] [Times: user=0.00 sys=0.00, real=0.01 secs] 
 (concurrent mode failure): 4993K->897K(6848K), 0.0112426 secs] 4993K->897K(9920K), [Metaspace: 3664K->3664K(1056768K)], 0.0116140 secs] [Times: user=0.00 sys=0.00, real=0.01 secs] 
33.439: [GC (Allocation Failure) 33.439: [ParNew: 0K->0K(3072K), 0.0002458 secs]33.439: [CMS: 4993K->897K(6848K), 0.0017516 secs] 4993K->897K(9920K), [Metaspace: 3664K->3664K(1056768K)], 0.0020638 secs] [Times: user=0.00 sys=0.00, real=0.00 secs] 
33.441: [GC (CMS Initial Mark) [1 CMS-initial-mark: 4993K(6848K)] 4993K(9920K), 0.0000850 secs] [Times: user=0.00 sys=0.00, real=0.00 secs] 
33.441: [CMS-concurrent-mark-start]
33.441: [GC (Allocation Failure) 33.441: [ParNew: 0K->0K(3072K), 0.0002475 secs]33.441: [CMS33.452: [CMS-concurrent-mark: 0.001/0.011 secs] [Times: user=0.00 sys=0.00, real=0.01 secs] 
 (concurrent mode failure): 4993K->897K(6848K), 0.0126174 secs] 4993K->897K(9920K), [Metaspace: 3664K->3664K(1056768K)], 0.0129354 secs] [Times: user=0.00 sys=0.00, real=0.01 secs] 
33.454: [GC (Allocation Failure) 33.454: [ParNew: 0K->0K(3072K), 0.0002806 secs]33.455: [CMS: 4993K->897K(6848K), 0.0018388 secs] 4993K->897K(9920K), [Metaspace: 3664K->3664K(1056768K)], 0.0021882 secs] [Times: user=0.00 sys=0.00, real=0.00 secs] 
33.457: [GC (CMS Initial Mark) [1 CMS-initial-mark: 4993K(6848K)] 4993K(9920K), 0.0001180 secs] [Times: user=0.00 sys=0.00, real=0.00 secs] 
33.457: [CMS-concurrent-mark-start]
33.457: [GC (Allocation Failure) 33.457: [ParNew: 0K->0K(3072K), 0.0002761 secs]33.458: [CMS33.468: [CMS-concurrent-mark: 0.001/0.011 secs] [Times: user=0.11 sys=0.00, real=0.01 secs] 
 (concurrent mode failure): 4993K->897K(6848K), 0.0126512 secs] 4993K->897K(9920K), [Metaspace: 3664K->3664K(1056768K)], 0.0130007 secs] [Times: user=0.11 sys=0.00, real=0.01 secs] 
33.471: [GC (Allocation Failure) 33.471: [ParNew: 0K->0K(3072K), 0.0002282 secs]33.471: [CMS: 4993K->897K(6848K), 0.0020273 secs] 4993K->897K(9920K), [Metaspace: 3664K->3664K(1056768K)], 0.0023177 secs] [Times: user=0.00 sys=0.00, real=0.00 secs] 
33.473: [GC (CMS Initial Mark) [1 CMS-initial-mark: 4993K(6848K)] 4993K(9920K), 0.0001703 secs] [Times: user=0.00 sys=0.02, real=0.00 secs] 
33.474: [CMS-concurrent-mark-start]
33.474: [GC (Allocation Failure) 33.474: [ParNew: 0K->0K(3072K), 0.0002083 secs]33.474: [CMS33.483: [CMS-concurrent-mark: 0.001/0.009 secs] [Times: user=0.00 sys=0.00, real=0.01 secs] 
 (concurrent mode failure): 4993K->897K(6848K), 0.0108629 secs] 4993K->897K(9920K), [Metaspace: 3664K->3664K(1056768K)], 0.0111349 secs] [Times: user=0.00 sys=0.00, real=0.01 secs] 
33.485: [GC (Allocation Failure) 33.485: [ParNew: 0K->0K(3072K), 0.0003102 secs]33.486: [CMS: 4993K->897K(6848K), 0.0018100 secs] 4993K->897K(9920K), [Metaspace: 3664K->3664K(1056768K)], 0.0021830 secs] [Times: user=0.00 sys=0.00, real=0.00 secs] 
33.488: [GC (CMS Initial Mark) [1 CMS-initial-mark: 4993K(6848K)] 4993K(9920K), 0.0002102 secs] [Times: user=0.00 sys=0.00, real=0.00 secs] 
33.488: [CMS-concurrent-mark-start]
33.488: [GC (Allocation Failure) 33.488: [ParNew: 0K->0K(3072K), 0.0002829 secs]33.489: [CMS33.498: [CMS-concurrent-mark: 0.001/0.010 secs] [Times: user=0.00 sys=0.00, real=0.01 secs] 
 (concurrent mode failure): 4993K->897K(6848K), 0.0117242 secs] 4993K->897K(9920K), [Metaspace: 3664K->3664K(1056768K)], 0.0120751 secs] [Times: user=0.00 sys=0.00, real=0.01 secs] 
33.501: [GC (Allocation Failure) 33.501: [ParNew: 0K->0K(3072K), 0.0002285 secs]33.501: [CMS: 4993K->897K(6848K), 0.0018150 secs] 4993K->897K(9920K), [Metaspace: 3664K->3664K(1056768K)], 0.0021189 secs] [Times: user=0.00 sys=0.00, real=0.00 secs] 
33.503: [GC (CMS Initial Mark) [1 CMS-initial-mark: 4993K(6848K)] 4993K(9920K), 0.0001865 secs] [Times: user=0.00 sys=0.00, real=0.00 secs] 
33.503: [CMS-concurrent-mark-start]
33.504: [GC (Allocation Failure) 33.504: [ParNew: 0K->0K(3072K), 0.0003342 secs]33.504: [CMS33.515: [CMS-concurrent-mark: 0.002/0.011 secs] [Times: user=0.00 sys=0.00, real=0.01 secs] 
 (concurrent mode failure): 4993K->897K(6848K), 0.0130239 secs] 4993K->897K(9920K), [Metaspace: 3664K->3664K(1056768K)], 0.0134440 secs] [Times: user=0.00 sys=0.00, real=0.01 secs] 
33.517: [GC (Allocation Failure) 33.517: [ParNew: 0K->0K(3072K), 0.0002799 secs]33.518: [CMS: 4993K->897K(6848K), 0.0019489 secs] 4993K->897K(9920K), [Metaspace: 3664K->3664K(1056768K)], 0.0023050 secs] [Times: user=0.00 sys=0.00, real=0.00 secs] 
33.520: [GC (CMS Initial Mark) [1 CMS-initial-mark: 4993K(6848K)] 4993K(9920K), 0.0001034 secs] [Times: user=0.00 sys=0.00, real=0.00 secs] 
33.520: [CMS-concurrent-mark-start]
33.520: [GC (Allocation Failure) 33.520: [ParNew: 0K->0K(3072K), 0.0002256 secs]33.520: [CMS33.529: [CMS-concurrent-mark: 0.001/0.009 secs] [Times: user=0.02 sys=0.02, real=0.01 secs] 
 (concurrent mode failure): 4993K->897K(6848K), 0.0118846 secs] 4993K->897K(9920K), [Metaspace: 3664K->3664K(1056768K)], 0.0121885 secs] [Times: user=0.00 sys=0.00, real=0.01 secs] 
33.533: [GC (Allocation Failure) 33.533: [ParNew: 0K->0K(3072K), 0.0002540 secs]33.533: [CMS: 4993K->897K(6848K), 0.0019909 secs] 4993K->897K(9920K), [Metaspace: 3664K->3664K(1056768K)], 0.0023118 secs] [Times: user=0.00 sys=0.00, real=0.00 secs] 
33.535: [GC (CMS Initial Mark) [1 CMS-initial-mark: 4993K(6848K)] 4993K(9920K), 0.0000863 secs] [Times: user=0.00 sys=0.00, real=0.00 secs] 
33.535: [CMS-concurrent-mark-start]
33.535: [GC (Allocation Failure) 33.535: [ParNew: 0K->0K(3072K), 0.0001926 secs]33.536: [CMS33.545: [CMS-concurrent-mark: 0.002/0.010 secs] [Times: user=0.00 sys=0.00, real=0.01 secs] 
 (concurrent mode failure): 4993K->897K(6848K), 0.0126263 secs] 4993K->897K(9920K), [Metaspace: 3664K->3664K(1056768K)], 0.0128960 secs] [Times: user=0.00 sys=0.00, real=0.01 secs] 
33.549: [GC (Allocation Failure) 33.549: [ParNew: 0K->0K(3072K), 0.0002006 secs]33.549: [CMS: 4993K->897K(6848K), 0.0020070 secs] 4993K->897K(9920K), [Metaspace: 3664K->3664K(1056768K)], 0.0023669 secs] [Times: user=0.00 sys=0.00, real=0.00 secs] 
33.551: [GC (CMS Initial Mark) [1 CMS-initial-mark: 4993K(6848K)] 4993K(9920K), 0.0000800 secs] [Times: user=0.00 sys=0.00, real=0.00 secs] 
33.551: [CMS-concurrent-mark-start]
33.551: [GC (Allocation Failure) 33.551: [ParNew: 0K->0K(3072K), 0.0001824 secs]33.552: [CMS33.561: [CMS-concurrent-mark: 0.001/0.010 secs] [Times: user=0.00 sys=0.00, real=0.01 secs] 
 (concurrent mode failure): 4993K->897K(6848K), 0.0124862 secs] 4993K->897K(9920K), [Metaspace: 3664K->3664K(1056768K)], 0.0127387 secs] [Times: user=0.00 sys=0.00, real=0.01 secs] 
33.565: [GC (Allocation Failure) 33.565: [ParNew: 0K->0K(3072K), 0.0002100 secs]33.565: [CMS: 4993K->897K(6848K), 0.0019675 secs] 4993K->897K(9920K), [Metaspace: 3664K->3664K(1056768K)], 0.0022400 secs] [Times: user=0.00 sys=0.00, real=0.00 secs] 
33.567: [GC (CMS Initial Mark) [1 CMS-initial-mark: 4993K(6848K)] 4993K(9920K), 0.0000831 secs] [Times: user=0.00 sys=0.00, real=0.00 secs] 
33.567: [CMS-concurrent-mark-start]
33.567: [GC (Allocation Failure) 33.567: [ParNew: 0K->0K(3072K), 0.0002102 secs]33.568: [CMS33.577: [CMS-concurrent-mark: 0.002/0.010 secs] [Times: user=0.00 sys=0.00, real=0.01 secs] 
 (concurrent mode failure): 4993K->897K(6848K), 0.0122666 secs] 4993K->897K(9920K), [Metaspace: 3664K->3664K(1056768K)], 0.0125738 secs] [Times: user=0.00 sys=0.00, real=0.01 secs] 
33.580: [GC (Allocation Failure) 33.580: [ParNew: 0K->0K(3072K), 0.0002096 secs]33.580: [CMS: 4993K->897K(6848K), 0.0020726 secs] 4993K->897K(9920K), [Metaspace: 3664K->3664K(1056768K)], 0.0023564 secs] [Times: user=0.00 sys=0.00, real=0.00 secs] 
33.583: [GC (CMS Initial Mark) [1 CMS-initial-mark: 4993K(6848K)] 4993K(9920K), 0.0000995 secs] [Times: user=0.00 sys=0.00, real=0.00 secs] 
33.583: [CMS-concurrent-mark-start]
33.583: [GC (Allocation Failure) 33.583: [ParNew: 0K->0K(3072K), 0.0002512 secs]33.583: [CMS33.592: [CMS-concurrent-mark: 0.002/0.009 secs] [Times: user=0.11 sys=0.00, real=0.01 secs] 
 (concurrent mode failure): 4993K->897K(6848K), 0.0110061 secs] 4993K->897K(9920K), [Metaspace: 3664K->3664K(1056768K)], 0.0113434 secs] [Times: user=0.11 sys=0.00, real=0.01 secs] 
33.595: [GC (Allocation Failure) 33.595: [ParNew: 0K->0K(3072K), 0.0003746 secs]33.595: [CMS: 4993K->897K(6848K), 0.0031629 secs] 4993K->897K(9920K), [Metaspace: 3664K->3664K(1056768K)], 0.0036407 secs] [Times: user=0.00 sys=0.00, real=0.00 secs] 
33.599: [GC (CMS Initial Mark) [1 CMS-initial-mark: 4993K(6848K)] 4993K(9920K), 0.0001030 secs] [Times: user=0.00 sys=0.00, real=0.00 secs] 
33.599: [CMS-concurrent-mark-start]
33.599: [GC (Allocation Failure) 33.599: [ParNew: 0K->0K(3072K), 0.0001963 secs]33.599: [CMS33.608: [CMS-concurrent-mark: 0.001/0.009 secs] [Times: user=0.00 sys=0.00, real=0.01 secs] 
 (concurrent mode failure): 4993K->897K(6848K), 0.0110403 secs] 4993K->897K(9920K), [Metaspace: 3664K->3664K(1056768K)], 0.0113148 secs] [Times: user=0.00 sys=0.00, real=0.01 secs] 
33.611: [GC (Allocation Failure) 33.611: [ParNew: 0K->0K(3072K), 0.0001923 secs]33.611: [CMS: 4993K->897K(6848K), 0.0031012 secs] 4993K->897K(9920K), [Metaspace: 3664K->3664K(1056768K)], 0.0034126 secs] [Times: user=0.00 sys=0.00, real=0.00 secs] 
33.614: [GC (CMS Initial Mark) [1 CMS-initial-mark: 4993K(6848K)] 4993K(9920K), 0.0001120 secs] [Times: user=0.00 sys=0.00, real=0.00 secs] 
33.615: [CMS-concurrent-mark-start]
33.615: [GC (Allocation Failure) 33.615: [ParNew: 0K->0K(3072K), 0.0002240 secs]33.615: [CMS33.624: [CMS-concurrent-mark: 0.001/0.009 secs] [Times: user=0.03 sys=0.00, real=0.01 secs] 
 (concurrent mode failure): 4993K->897K(6848K), 0.0110969 secs] 4993K->897K(9920K), [Metaspace: 3664K->3664K(1056768K)], 0.0113952 secs] [Times: user=0.00 sys=0.00, real=0.01 secs] 
33.626: [GC (Allocation Failure) 33.626: [ParNew: 0K->0K(3072K), 0.0002157 secs]33.627: [CMS: 4993K->897K(6848K), 0.0025556 secs] 4993K->897K(9920K), [Metaspace: 3664K->3664K(1056768K)], 0.0028554 secs] [Times: user=0.00 sys=0.00, real=0.00 secs] 
33.630: [GC (CMS Initial Mark) [1 CMS-initial-mark: 4993K(6848K)] 4993K(9920K), 0.0001025 secs] [Times: user=0.00 sys=0.00, real=0.00 secs] 
33.630: [CMS-concurrent-mark-start]
33.630: [GC (Allocation Failure) 33.630: [ParNew: 0K->0K(3072K), 0.0001835 secs]33.630: [CMS33.639: [CMS-concurrent-mark: 0.002/0.010 secs] [Times: user=0.00 sys=0.00, real=0.01 secs] 
 (concurrent mode failure): 4993K->897K(6848K), 0.0117094 secs] 4993K->897K(9920K), [Metaspace: 3664K->3664K(1056768K)], 0.0119586 secs] [Times: user=0.00 sys=0.00, real=0.01 secs] 
33.642: [GC (Allocation Failure) 33.642: [ParNew: 0K->0K(3072K), 0.0002580 secs]33.642: [CMS: 4993K->897K(6848K), 0.0024694 secs] 4993K->897K(9920K), [Metaspace: 3664K->3664K(1056768K)], 0.0028467 secs] [Times: user=0.00 sys=0.00, real=0.00 secs] 
33.645: [GC (CMS Initial Mark) [1 CMS-initial-mark: 4993K(6848K)] 4993K(9920K), 0.0002048 secs] [Times: user=0.03 sys=0.00, real=0.00 secs] 
33.646: [CMS-concurrent-mark-start]
33.646: [GC (Allocation Failure) 33.646: [ParNew: 0K->0K(3072K), 0.0003067 secs]33.646: [CMS33.654: [CMS-concurrent-mark: 0.001/0.009 secs] [Times: user=0.00 sys=0.00, real=0.01 secs] 
 (concurrent mode failure): 4993K->897K(6848K), 0.0104801 secs] 4993K->897K(9920K), [Metaspace: 3664K->3664K(1056768K)], 0.0108846 secs] [Times: user=0.00 sys=0.00, real=0.01 secs] 
33.657: [GC (Allocation Failure) 33.657: [ParNew: 0K->0K(3072K), 0.0002434 secs]33.657: [CMS: 4993K->897K(6848K), 0.0019014 secs] 4993K->897K(9920K), [Metaspace: 3664K->3664K(1056768K)], 0.0022183 secs] [Times: user=0.00 sys=0.00, real=0.00 secs] 
33.659: [GC (CMS Initial Mark) [1 CMS-initial-mark: 4993K(6848K)] 4993K(9920K), 0.0000776 secs] [Times: user=0.00 sys=0.00, real=0.00 secs] 
33.660: [CMS-concurrent-mark-start]
33.660: [GC (Allocation Failure) 33.660: [ParNew: 0K->0K(3072K), 0.0001815 secs]33.660: [CMS33.670: [CMS-concurrent-mark: 0.001/0.010 secs] [Times: user=0.00 sys=0.00, real=0.01 secs] 
 (concurrent mode failure): 4993K->897K(6848K), 0.0131559 secs] 4993K->897K(9920K), [Metaspace: 3664K->3664K(1056768K)], 0.0134061 secs] [Times: user=0.00 sys=0.00, real=0.01 secs] 
33.673: [GC (Allocation Failure) 33.673: [ParNew: 0K->0K(3072K), 0.0002302 secs]33.674: [CMS: 4993K->897K(6848K), 0.0024559 secs] 4993K->897K(9920K), [Metaspace: 3664K->3664K(1056768K)], 0.0027718 secs] [Times: user=0.00 sys=0.00, real=0.00 secs] 
33.677: [GC (CMS Initial Mark) [1 CMS-initial-mark: 4993K(6848K)] 4993K(9920K), 0.0001208 secs] [Times: user=0.00 sys=0.00, real=0.00 secs] 
33.677: [CMS-concurrent-mark-start]
33.677: [GC (Allocation Failure) 33.677: [ParNew: 0K->0K(3072K), 0.0002772 secs]33.677: [CMS33.685: [CMS-concurrent-mark: 0.001/0.008 secs] [Times: user=0.00 sys=0.00, real=0.01 secs] 
 (concurrent mode failure): 4993K->897K(6848K), 0.0100182 secs] 4993K->897K(9920K), [Metaspace: 3664K->3664K(1056768K)], 0.0103652 secs] [Times: user=0.00 sys=0.00, real=0.01 secs] 
33.687: [GC (Allocation Failure) 33.687: [ParNew: 0K->0K(3072K), 0.0001999 secs]33.688: [CMS: 4993K->897K(6848K), 0.0020666 secs] 4993K->897K(9920K), [Metaspace: 3664K->3664K(1056768K)], 0.0023372 secs] [Times: user=0.00 sys=0.00, real=0.00 secs] 
33.690: [GC (CMS Initial Mark) [1 CMS-initial-mark: 4993K(6848K)] 4993K(9920K), 0.0000880 secs] [Times: user=0.00 sys=0.00, real=0.00 secs] 
33.690: [CMS-concurrent-mark-start]
33.690: [GC (Allocation Failure) 33.690: [ParNew: 0K->0K(3072K), 0.0002107 secs]33.691: [CMS33.701: [CMS-concurrent-mark: 0.001/0.011 secs] [Times: user=0.00 sys=0.00, real=0.01 secs] 
 (concurrent mode failure): 4993K->897K(6848K), 0.0126993 secs] 4993K->897K(9920K), [Metaspace: 3664K->3664K(1056768K)], 0.0129864 secs] [Times: user=0.00 sys=0.00, real=0.01 secs] 
33.704: [GC (Allocation Failure) 33.704: [ParNew: 0K->0K(3072K), 0.0002279 secs]33.704: [CMS: 4993K->897K(6848K), 0.0019241 secs] 4993K->897K(9920K), [Metaspace: 3664K->3664K(1056768K)], 0.0022333 secs] [Times: user=0.00 sys=0.00, real=0.00 secs] 
33.706: [GC (CMS Initial Mark) [1 CMS-initial-mark: 4993K(6848K)] 4993K(9920K), 0.0000869 secs] [Times: user=0.00 sys=0.00, real=0.00 secs] 
33.706: [CMS-concurrent-mark-start]
33.706: [GC (Allocation Failure) 33.706: [ParNew: 0K->0K(3072K), 0.0001938 secs]33.706: [CMS33.716: [CMS-concurrent-mark: 0.001/0.010 secs] [Times: user=0.00 sys=0.00, real=0.01 secs] 
 (concurrent mode failure): 4993K->897K(6848K), 0.0118826 secs] 4993K->897K(9920K), [Metaspace: 3664K->3664K(1056768K)], 0.0121421 secs] [Times: user=0.00 sys=0.00, real=0.01 secs] 
33.719: [GC (Allocation Failure) 33.719: [ParNew: 0K->0K(3072K), 0.0002164 secs]33.719: [CMS: 4993K->897K(6848K), 0.0019303 secs] 4993K->897K(9920K), [Metaspace: 3664K->3664K(1056768K)], 0.0022094 secs] [Times: user=0.00 sys=0.00, real=0.00 secs] 
33.721: [GC (CMS Initial Mark) [1 CMS-initial-mark: 4993K(6848K)] 4993K(9920K), 0.0000842 secs] [Times: user=0.00 sys=0.00, real=0.00 secs] 
33.721: [CMS-concurrent-mark-start]
33.721: [GC (Allocation Failure) 33.721: [ParNew: 0K->0K(3072K), 0.0001953 secs]33.722: [CMS33.732: [CMS-concurrent-mark: 0.002/0.010 secs] [Times: user=0.00 sys=0.00, real=0.01 secs] 
 (concurrent mode failure): 4993K->897K(6848K), 0.0124749 secs] 4993K->897K(9920K), [Metaspace: 3664K->3664K(1056768K)], 0.0127520 secs] [Times: user=0.00 sys=0.00, real=0.01 secs] 
33.735: [GC (Allocation Failure) 33.735: [ParNew: 0K->0K(3072K), 0.0002099 secs]33.735: [CMS: 4993K->897K(6848K), 0.0020250 secs] 4993K->897K(9920K), [Metaspace: 3664K->3664K(1056768K)], 0.0023110 secs] [Times: user=0.00 sys=0.00, real=0.00 secs] 
33.737: [GC (CMS Initial Mark) [1 CMS-initial-mark: 4993K(6848K)] 4993K(9920K), 0.0000869 secs] [Times: user=0.00 sys=0.00, real=0.00 secs] 
33.737: [CMS-concurrent-mark-start]
33.737: [GC (Allocation Failure) 33.737: [ParNew: 0K->0K(3072K), 0.0001928 secs]33.738: [CMS33.747: [CMS-concurrent-mark: 0.002/0.010 secs] [Times: user=0.00 sys=0.00, real=0.01 secs] 
 (concurrent mode failure): 4993K->897K(6848K), 0.0122259 secs] 4993K->897K(9920K), [Metaspace: 3664K->3664K(1056768K)], 0.0124854 secs] [Times: user=0.00 sys=0.00, real=0.01 secs] 
33.750: [GC (Allocation Failure) 33.750: [ParNew: 0K->0K(3072K), 0.0002630 secs]33.751: [CMS: 4993K->897K(6848K), 0.0021109 secs] 4993K->897K(9920K), [Metaspace: 3664K->3664K(1056768K)], 0.0024454 secs] [Times: user=0.00 sys=0.00, real=0.00 secs] 
33.753: [GC (CMS Initial Mark) [1 CMS-initial-mark: 4993K(6848K)] 4993K(9920K), 0.0000852 secs] [Times: user=0.00 sys=0.00, real=0.00 secs] 
33.753: [CMS-concurrent-mark-start]
33.753: [GC (Allocation Failure) 33.753: [ParNew: 0K->0K(3072K), 0.0002078 secs]33.753: [CMS33.763: [CMS-concurrent-mark: 0.001/0.010 secs] [Times: user=0.00 sys=0.00, real=0.01 secs] 
 (concurrent mode failure): 4993K->897K(6848K), 0.0120180 secs] 4993K->897K(9920K), [Metaspace: 3664K->3664K(1056768K)], 0.0122965 secs] [Times: user=0.00 sys=0.00, real=0.01 secs] 
33.766: [GC (Allocation Failure) 33.766: [ParNew: 0K->0K(3072K), 0.0002140 secs]33.766: [CMS: 4993K->897K(6848K), 0.0018806 secs] 4993K->897K(9920K), [Metaspace: 3664K->3664K(1056768K)], 0.0021575 secs] [Times: user=0.00 sys=0.00, real=0.00 secs] 
33.768: [GC (CMS Initial Mark) [1 CMS-initial-mark: 4993K(6848K)] 4993K(9920K), 0.0000767 secs] [Times: user=0.00 sys=0.00, real=0.00 secs] 
33.768: [CMS-concurrent-mark-start]
33.768: [GC (Allocation Failure) 33.768: [ParNew: 0K->0K(3072K), 0.0001751 secs]33.769: [CMS33.778: [CMS-concurrent-mark: 0.001/0.010 secs] [Times: user=0.00 sys=0.00, real=0.01 secs] 
 (concurrent mode failure): 4993K->897K(6848K), 0.0131065 secs] 4993K->897K(9920K), [Metaspace: 3664K->3664K(1056768K)], 0.0133512 secs] [Times: user=0.00 sys=0.00, real=0.01 secs] 
33.782: [GC (Allocation Failure) 33.782: [ParNew: 0K->0K(3072K), 0.0002184 secs]33.782: [CMS: 4993K->897K(6848K), 0.0021565 secs] 4993K->897K(9920K), [Metaspace: 3664K->3664K(1056768K)], 0.0024623 secs] [Times: user=0.00 sys=0.00, real=0.00 secs] 
33.785: [GC (CMS Initial Mark) [1 CMS-initial-mark: 4993K(6848K)] 4993K(9920K), 0.0000796 secs] [Times: user=0.00 sys=0.00, real=0.00 secs] 
33.785: [CMS-concurrent-mark-start]
33.785: [GC (Allocation Failure) 33.785: [ParNew: 0K->0K(3072K), 0.0002204 secs]33.785: [CMS33.794: [CMS-concurrent-mark: 0.002/0.009 secs] [Times: user=0.00 sys=0.00, real=0.01 secs] 
 (concurrent mode failure): 4993K->897K(6848K), 0.0129894 secs] 4993K->897K(9920K), [Metaspace: 3664K->3664K(1056768K)], 0.0133005 secs] [Times: user=0.00 sys=0.00, real=0.01 secs] 
33.799: [GC (Allocation Failure) 33.799: [ParNew: 0K->0K(3072K), 0.0002274 secs]33.799: [CMS: 4993K->897K(6848K), 0.0024144 secs] 4993K->897K(9920K), [Metaspace: 3664K->3664K(1056768K)], 0.0027183 secs] [Times: user=0.00 sys=0.00, real=0.00 secs] 
33.802: [GC (CMS Initial Mark) [1 CMS-initial-mark: 4993K(6848K)] 4993K(9920K), 0.0000918 secs] [Times: user=0.00 sys=0.00, real=0.00 secs] 
33.802: [CMS-concurrent-mark-start]
33.802: [GC (Allocation Failure) 33.802: [ParNew: 0K->0K(3072K), 0.0002189 secs]33.802: [CMS33.809: [CMS-concurrent-mark: 0.002/0.007 secs] [Times: user=0.00 sys=0.00, real=0.01 secs] 
 (concurrent mode failure): 4993K->897K(6848K), 0.0096174 secs] 4993K->897K(9920K), [Metaspace: 3664K->3664K(1056768K)], 0.0099649 secs] [Times: user=0.00 sys=0.00, real=0.01 secs] 
33.812: [GC (Allocation Failure) 33.812: [ParNew: 0K->0K(3072K), 0.0003209 secs]33.813: [CMS: 4993K->897K(6848K), 0.0037334 secs] 4993K->897K(9920K), [Metaspace: 3664K->3664K(1056768K)], 0.0041653 secs] [Times: user=0.00 sys=0.00, real=0.01 secs] 
33.817: [GC (CMS Initial Mark) [1 CMS-initial-mark: 4993K(6848K)] 4993K(9920K), 0.0001073 secs] [Times: user=0.00 sys=0.00, real=0.00 secs] 
33.817: [CMS-concurrent-mark-start]
33.817: [GC (Allocation Failure) 33.817: [ParNew: 0K->0K(3072K), 0.0002419 secs]33.817: [CMS33.825: [CMS-concurrent-mark: 0.001/0.008 secs] [Times: user=0.00 sys=0.00, real=0.01 secs] 
 (concurrent mode failure): 4993K->897K(6848K), 0.0097505 secs] 4993K->897K(9920K), [Metaspace: 3664K->3664K(1056768K)], 0.0100654 secs] [Times: user=0.00 sys=0.00, real=0.01 secs] 
33.827: [GC (Allocation Failure) 33.828: [ParNew: 0K->0K(3072K), 0.0002670 secs]33.828: [CMS: 4993K->897K(6848K), 0.0029436 secs] 4993K->897K(9920K), [Metaspace: 3664K->3664K(1056768K)], 0.0032962 secs] [Times: user=0.00 sys=0.00, real=0.00 secs] 
33.831: [GC (CMS Initial Mark) [1 CMS-initial-mark: 4993K(6848K)] 4993K(9920K), 0.0000934 secs] [Times: user=0.00 sys=0.00, real=0.00 secs] 
33.831: [CMS-concurrent-mark-start]
33.831: [GC (Allocation Failure) 33.831: [ParNew: 0K->0K(3072K), 0.0002228 secs]33.832: [CMS33.841: [CMS-concurrent-mark: 0.002/0.010 secs] [Times: user=0.00 sys=0.00, real=0.01 secs] 
 (concurrent mode failure): 4993K->897K(6848K), 0.0114924 secs] 4993K->897K(9920K), [Metaspace: 3664K->3664K(1056768K)], 0.0117970 secs] [Times: user=0.00 sys=0.00, real=0.01 secs] 
33.843: [GC (Allocation Failure) 33.843: [ParNew: 0K->0K(3072K), 0.0002389 secs]33.844: [CMS: 4993K->897K(6848K), 0.0035198 secs] 4993K->897K(9920K), [Metaspace: 3664K->3664K(1056768K)], 0.0038342 secs] [Times: user=0.00 sys=0.00, real=0.00 secs] 
33.848: [GC (CMS Initial Mark) [1 CMS-initial-mark: 4993K(6848K)] 4993K(9920K), 0.0000847 secs] [Times: user=0.00 sys=0.00, real=0.00 secs] 
33.848: [CMS-concurrent-mark-start]
33.848: [GC (Allocation Failure) 33.848: [ParNew: 0K->0K(3072K), 0.0002190 secs]33.848: [CMS33.856: [CMS-concurrent-mark: 0.001/0.008 secs] [Times: user=0.00 sys=0.00, real=0.01 secs] 
 (concurrent mode failure): 4993K->897K(6848K), 0.0096318 secs] 4993K->897K(9920K), [Metaspace: 3664K->3664K(1056768K)], 0.0099107 secs] [Times: user=0.00 sys=0.00, real=0.01 secs] 
33.858: [GC (Allocation Failure) 33.858: [ParNew: 0K->0K(3072K), 0.0002222 secs]33.858: [CMS: 4993K->897K(6848K), 0.0016622 secs] 4993K->897K(9920K), [Metaspace: 3664K->3664K(1056768K)], 0.0019445 secs] [Times: user=0.00 sys=0.00, real=0.00 secs] 
33.860: [GC (CMS Initial Mark) [1 CMS-initial-mark: 4993K(6848K)] 4993K(9920K), 0.0000847 secs] [Times: user=0.00 sys=0.00, real=0.00 secs] 
33.860: [CMS-concurrent-mark-start]
33.860: [GC (Allocation Failure) 33.860: [ParNew: 0K->0K(3072K), 0.0002318 secs]33.861: [CMS33.871: [CMS-concurrent-mark: 0.001/0.011 secs] [Times: user=0.00 sys=0.00, real=0.01 secs] 
 (concurrent mode failure): 4993K->897K(6848K), 0.0129253 secs] 4993K->897K(9920K), [Metaspace: 3664K->3664K(1056768K)], 0.0132303 secs] [Times: user=0.00 sys=0.00, real=0.01 secs] 
33.874: [GC (Allocation Failure) 33.874: [ParNew: 0K->0K(3072K), 0.0002515 secs]33.874: [CMS: 4993K->897K(6848K), 0.0019296 secs] 4993K->897K(9920K), [Metaspace: 3664K->3664K(1056768K)], 0.0022533 secs] [Times: user=0.00 sys=0.00, real=0.00 secs] 
33.877: [GC (CMS Initial Mark) [1 CMS-initial-mark: 4993K(6848K)] 4993K(9920K), 0.0000759 secs] [Times: user=0.00 sys=0.00, real=0.00 secs] 
33.877: [CMS-concurrent-mark-start]
33.877: [GC (Allocation Failure) 33.877: [ParNew: 0K->0K(3072K), 0.0001878 secs]33.877: [CMS33.887: [CMS-concurrent-mark: 0.001/0.011 secs] [Times: user=0.00 sys=0.00, real=0.01 secs] 
 (concurrent mode failure): 4993K->897K(6848K), 0.0126756 secs] 4993K->897K(9920K), [Metaspace: 3664K->3664K(1056768K)], 0.0129263 secs] [Times: user=0.00 sys=0.00, real=0.01 secs] 
33.890: [GC (Allocation Failure) 33.890: [ParNew: 0K->0K(3072K), 0.0002322 secs]33.890: [CMS: 4993K->897K(6848K), 0.0019038 secs] 4993K->897K(9920K), [Metaspace: 3664K->3664K(1056768K)], 0.0022093 secs] [Times: user=0.00 sys=0.00, real=0.00 secs] 
33.893: [GC (CMS Initial Mark) [1 CMS-initial-mark: 4993K(6848K)] 4993K(9920K), 0.0000784 secs] [Times: user=0.00 sys=0.00, real=0.00 secs] 
33.893: [CMS-concurrent-mark-start]
33.893: [GC (Allocation Failure) 33.893: [ParNew: 0K->0K(3072K), 0.0001873 secs]33.893: [CMS33.903: [CMS-concurrent-mark: 0.002/0.010 secs] [Times: user=0.00 sys=0.00, real=0.01 secs] 
 (concurrent mode failure): 4993K->897K(6848K), 0.0120393 secs] 4993K->897K(9920K), [Metaspace: 3664K->3664K(1056768K)], 0.0122967 secs] [Times: user=0.00 sys=0.00, real=0.01 secs] 
33.905: [GC (Allocation Failure) 33.905: [ParNew: 0K->0K(3072K), 0.0002012 secs]33.906: [CMS: 4993K->897K(6848K), 0.0019402 secs] 4993K->897K(9920K), [Metaspace: 3664K->3664K(1056768K)], 0.0022142 secs] [Times: user=0.00 sys=0.00, real=0.00 secs] 
33.908: [GC (CMS Initial Mark) [1 CMS-initial-mark: 4993K(6848K)] 4993K(9920K), 0.0000979 secs] [Times: user=0.00 sys=0.00, real=0.00 secs] 
33.908: [CMS-concurrent-mark-start]
33.908: [GC (Allocation Failure) 33.908: [ParNew: 0K->0K(3072K), 0.0002382 secs]33.908: [CMS33.918: [CMS-concurrent-mark: 0.001/0.010 secs] [Times: user=0.00 sys=0.00, real=0.01 secs] 
 (concurrent mode failure): 4993K->897K(6848K), 0.0127730 secs] 4993K->897K(9920K), [Metaspace: 3664K->3664K(1056768K)], 0.0130999 secs] [Times: user=0.00 sys=0.00, real=0.01 secs] 
33.922: [GC (Allocation Failure) 33.922: [ParNew: 0K->0K(3072K), 0.0002661 secs]33.922: [CMS: 4993K->897K(6848K), 0.0028648 secs] 4993K->897K(9920K), [Metaspace: 3664K->3664K(1056768K)], 0.0032179 secs] [Times: user=0.00 sys=0.00, real=0.00 secs] 
33.925: [GC (CMS Initial Mark) [1 CMS-initial-mark: 4993K(6848K)] 4993K(9920K), 0.0001086 secs] [Times: user=0.00 sys=0.00, real=0.00 secs] 
33.925: [CMS-concurrent-mark-start]
33.925: [GC (Allocation Failure) 33.925: [ParNew: 0K->0K(3072K), 0.0002289 secs]33.926: [CMS33.933: [CMS-concurrent-mark: 0.001/0.008 secs] [Times: user=0.00 sys=0.00, real=0.01 secs] 
 (concurrent mode failure): 4993K->897K(6848K), 0.0104716 secs] 4993K->897K(9920K), [Metaspace: 3664K->3664K(1056768K)], 0.0107975 secs] [Times: user=0.00 sys=0.00, real=0.01 secs] 
33.937: [GC (Allocation Failure) 33.937: [ParNew: 0K->0K(3072K), 0.0003246 secs]33.937: [CMS: 4993K->897K(6848K), 0.0026913 secs] 4993K->897K(9920K), [Metaspace: 3664K->3664K(1056768K)], 0.0031093 secs] [Times: user=0.00 sys=0.00, real=0.00 secs] 
33.940: [GC (CMS Initial Mark) [1 CMS-initial-mark: 4993K(6848K)] 4993K(9920K), 0.0001063 secs] [Times: user=0.00 sys=0.00, real=0.00 secs] 
33.940: [CMS-concurrent-mark-start]
33.940: [GC (Allocation Failure) 33.940: [ParNew: 0K->0K(3072K), 0.0002199 secs]33.940: [CMS33.950: [CMS-concurrent-mark: 0.002/0.009 secs] [Times: user=0.00 sys=0.00, real=0.01 secs] 
 (concurrent mode failure): 4993K->897K(6848K), 0.0112952 secs] 4993K->897K(9920K), [Metaspace: 3664K->3664K(1056768K)], 0.0115891 secs] [Times: user=0.00 sys=0.00, real=0.01 secs] 
33.952: [GC (Allocation Failure) 33.952: [ParNew: 0K->0K(3072K), 0.0002320 secs]33.952: [CMS: 4993K->897K(6848K), 0.0020611 secs] 4993K->897K(9920K), [Metaspace: 3664K->3664K(1056768K)], 0.0023853 secs] [Times: user=0.00 sys=0.00, real=0.00 secs] 
33.955: [GC (CMS Initial Mark) [1 CMS-initial-mark: 4993K(6848K)] 4993K(9920K), 0.0000762 secs] [Times: user=0.00 sys=0.00, real=0.00 secs] 
33.955: [CMS-concurrent-mark-start]
33.955: [GC (Allocation Failure) 33.955: [ParNew: 0K->0K(3072K), 0.0002289 secs]33.955: [CMS33.965: [CMS-concurrent-mark: 0.001/0.010 secs] [Times: user=0.00 sys=0.00, real=0.01 secs] 
 (concurrent mode failure): 4993K->897K(6848K), 0.0125350 secs] 4993K->897K(9920K), [Metaspace: 3664K->3664K(1056768K)], 0.0128292 secs] [Times: user=0.00 sys=0.00, real=0.01 secs] 
33.968: [GC (Allocation Failure) 33.968: [ParNew: 0K->0K(3072K), 0.0002370 secs]33.968: [CMS: 4993K->897K(6848K), 0.0020130 secs] 4993K->897K(9920K), [Metaspace: 3664K->3664K(1056768K)], 0.0023242 secs] [Times: user=0.00 sys=0.00, real=0.00 secs] 
33.971: [GC (CMS Initial Mark) [1 CMS-initial-mark: 4993K(6848K)] 4993K(9920K), 0.0000922 secs] [Times: user=0.00 sys=0.00, real=0.00 secs] 
33.971: [CMS-concurrent-mark-start]
33.971: [GC (Allocation Failure) 33.971: [ParNew: 0K->0K(3072K), 0.0002178 secs]33.971: [CMS33.981: [CMS-concurrent-mark: 0.002/0.010 secs] [Times: user=0.00 sys=0.00, real=0.01 secs] 
 (concurrent mode failure): 4993K->897K(6848K), 0.0122827 secs] 4993K->897K(9920K), [Metaspace: 3664K->3664K(1056768K)], 0.0125746 secs] [Times: user=0.00 sys=0.00, real=0.01 secs] 
33.984: [GC (Allocation Failure) 33.984: [ParNew: 0K->0K(3072K), 0.0002628 secs]33.984: [CMS: 4993K->897K(6848K), 0.0022631 secs] 4993K->897K(9920K), [Metaspace: 3664K->3664K(1056768K)], 0.0025953 secs] [Times: user=0.00 sys=0.00, real=0.00 secs] 
33.987: [GC (CMS Initial Mark) [1 CMS-initial-mark: 4993K(6848K)] 4993K(9920K), 0.0000784 secs] [Times: user=0.00 sys=0.00, real=0.00 secs] 
33.987: [CMS-concurrent-mark-start]
33.987: [GC (Allocation Failure) 33.987: [ParNew: 0K->0K(3072K), 0.0002219 secs]33.987: [CMS33.996: [CMS-concurrent-mark: 0.002/0.010 secs] [Times: user=0.00 sys=0.00, real=0.01 secs] 
 (concurrent mode failure): 4993K->897K(6848K), 0.0125634 secs] 4993K->897K(9920K), [Metaspace: 3664K->3664K(1056768K)], 0.0128520 secs] [Times: user=0.00 sys=0.00, real=0.01 secs] 
34.000: [GC (Allocation Failure) 34.000: [ParNew: 0K->0K(3072K), 0.0002884 secs]34.001: [CMS: 4993K->897K(6848K), 0.0024266 secs] 4993K->897K(9920K), [Metaspace: 3664K->3664K(1056768K)], 0.0028022 secs] [Times: user=0.00 sys=0.00, real=0.00 secs] 
34.003: [GC (CMS Initial Mark) [1 CMS-initial-mark: 4993K(6848K)] 4993K(9920K), 0.0000984 secs] [Times: user=0.00 sys=0.00, real=0.00 secs] 
34.003: [CMS-concurrent-mark-start]
34.003: [GC (Allocation Failure) 34.004: [ParNew: 0K->0K(3072K), 0.0001842 secs]34.004: [CMS34.012: [CMS-concurrent-mark: 0.002/0.009 secs] [Times: user=0.00 sys=0.00, real=0.01 secs] 
 (concurrent mode failure): 4993K->897K(6848K), 0.0125175 secs] 4993K->897K(9920K), [Metaspace: 3664K->3664K(1056768K)], 0.0127914 secs] [Times: user=0.00 sys=0.00, real=0.01 secs] 
34.017: [GC (Allocation Failure) 34.017: [ParNew: 0K->0K(3072K), 0.0002817 secs]34.017: [CMS: 4993K->897K(6848K), 0.0020548 secs] 4993K->897K(9920K), [Metaspace: 3664K->3664K(1056768K)], 0.0024429 secs] [Times: user=0.00 sys=0.00, real=0.00 secs] 
34.020: [GC (CMS Initial Mark) [1 CMS-initial-mark: 4993K(6848K)] 4993K(9920K), 0.0000861 secs] [Times: user=0.00 sys=0.00, real=0.00 secs] 
34.020: [CMS-concurrent-mark-start]
34.020: [GC (Allocation Failure) 34.020: [ParNew: 0K->0K(3072K), 0.0002144 secs]34.020: [CMS34.028: [CMS-concurrent-mark: 0.001/0.008 secs] [Times: user=0.00 sys=0.00, real=0.01 secs] 
 (concurrent mode failure): 4993K->897K(6848K), 0.0117863 secs] 4993K->897K(9920K), [Metaspace: 3664K->3664K(1056768K)], 0.0120791 secs] [Times: user=0.00 sys=0.00, real=0.01 secs] 
34.032: [GC (Allocation Failure) 34.032: [ParNew: 0K->0K(3072K), 0.0003148 secs]34.033: [CMS: 4993K->897K(6848K), 0.0022740 secs] 4993K->897K(9920K), [Metaspace: 3664K->3664K(1056768K)], 0.0026719 secs] [Times: user=0.00 sys=0.00, real=0.00 secs] 
34.035: [GC (CMS Initial Mark) [1 CMS-initial-mark: 4993K(6848K)] 4993K(9920K), 0.0001324 secs] [Times: user=0.00 sys=0.00, real=0.00 secs] 
34.036: [CMS-concurrent-mark-start]
34.036: [GC (Allocation Failure) 34.036: [ParNew: 0K->0K(3072K), 0.0002294 secs]34.036: [CMS34.043: [CMS-concurrent-mark: 0.002/0.008 secs] [Times: user=0.11 sys=0.00, real=0.01 secs] 
 (concurrent mode failure): 4993K->897K(6848K), 0.0115991 secs] 4993K->897K(9920K), [Metaspace: 3664K->3664K(1056768K)], 0.0119000 secs] [Times: user=0.11 sys=0.00, real=0.01 secs] 
34.048: [GC (Allocation Failure) 34.048: [ParNew: 0K->0K(3072K), 0.0002329 secs]34.048: [CMS: 4993K->897K(6848K), 0.0027347 secs] 4993K->897K(9920K), [Metaspace: 3664K->3664K(1056768K)], 0.0030567 secs] [Times: user=0.00 sys=0.00, real=0.00 secs] 
34.051: [GC (CMS Initial Mark) [1 CMS-initial-mark: 4993K(6848K)] 4993K(9920K), 0.0001505 secs] [Times: user=0.00 sys=0.00, real=0.00 secs] 
34.052: [CMS-concurrent-mark-start]
34.052: [GC (Allocation Failure) 34.052: [ParNew: 0K->0K(3072K), 0.0002613 secs]34.052: [CMS34.060: [CMS-concurrent-mark: 0.002/0.008 secs] [Times: user=0.02 sys=0.00, real=0.01 secs] 
 (concurrent mode failure): 4993K->897K(6848K), 0.0108274 secs] 4993K->897K(9920K), [Metaspace: 3664K->3664K(1056768K)], 0.0111920 secs] [Times: user=0.02 sys=0.00, real=0.01 secs] 
34.064: [GC (Allocation Failure) 34.064: [ParNew: 0K->0K(3072K), 0.0003520 secs]34.064: [CMS: 4993K->897K(6848K), 0.0028541 secs] 4993K->897K(9920K), [Metaspace: 3664K->3664K(1056768K)], 0.0033362 secs] [Times: user=0.00 sys=0.00, real=0.00 secs] 
34.067: [GC (CMS Initial Mark) [1 CMS-initial-mark: 4993K(6848K)] 4993K(9920K), 0.0001690 secs] [Times: user=0.05 sys=0.00, real=0.00 secs] 
34.067: [CMS-concurrent-mark-start]
34.068: [GC (Allocation Failure) 34.068: [ParNew: 0K->0K(3072K), 0.0002269 secs]34.068: [CMS34.075: [CMS-concurrent-mark: 0.002/0.007 secs] [Times: user=0.00 sys=0.00, real=0.01 secs] 
 (concurrent mode failure): 4993K->897K(6848K), 0.0098806 secs] 4993K->897K(9920K), [Metaspace: 3664K->3664K(1056768K)], 0.0102160 secs] [Times: user=0.00 sys=0.00, real=0.01 secs] 
34.078: [GC (Allocation Failure) 34.078: [ParNew: 0K->0K(3072K), 0.0003108 secs]34.079: [CMS: 4993K->897K(6848K), 0.0047715 secs] 4993K->897K(9920K), [Metaspace: 3664K->3664K(1056768K)], 0.0052038 secs] [Times: user=0.02 sys=0.00, real=0.01 secs] 
34.084: [GC (CMS Initial Mark) [1 CMS-initial-mark: 4993K(6848K)] 4993K(9920K), 0.0001554 secs] [Times: user=0.00 sys=0.00, real=0.00 secs] 
34.084: [CMS-concurrent-mark-start]
34.084: [GC (Allocation Failure) 34.084: [ParNew: 0K->0K(3072K), 0.0002199 secs]34.084: [CMS34.090: [CMS-concurrent-mark: 0.002/0.006 secs] [Times: user=0.00 sys=0.00, real=0.01 secs] 
 (concurrent mode failure): 4993K->897K(6848K), 0.0082943 secs] 4993K->897K(9920K), [Metaspace: 3664K->3664K(1056768K)], 0.0085920 secs] [Times: user=0.00 sys=0.00, real=0.01 secs] 
34.093: [GC (Allocation Failure) 34.093: [ParNew: 0K->0K(3072K), 0.0002953 secs]34.093: [CMS: 4993K->897K(6848K), 0.0034779 secs] 4993K->897K(9920K), [Metaspace: 3664K->3664K(1056768K)], 0.0039302 secs] [Times: user=0.00 sys=0.00, real=0.00 secs] 
34.098: [GC (CMS Initial Mark) [1 CMS-initial-mark: 4993K(6848K)] 4993K(9920K), 0.0001852 secs] [Times: user=0.00 sys=0.00, real=0.00 secs] 
34.098: [CMS-concurrent-mark-start]
34.098: [GC (Allocation Failure) 34.098: [ParNew: 0K->0K(3072K), 0.0002357 secs]34.098: [CMS34.105: [CMS-concurrent-mark: 0.002/0.007 secs] [Times: user=0.13 sys=0.00, real=0.01 secs] 
 (concurrent mode failure): 4993K->897K(6848K), 0.0092181 secs] 4993K->897K(9920K), [Metaspace: 3664K->3664K(1056768K)], 0.0095370 secs] [Times: user=0.13 sys=0.00, real=0.01 secs] 
34.108: [GC (Allocation Failure) 34.108: [ParNew: 0K->0K(3072K), 0.0002059 secs]34.108: [CMS: 4993K->897K(6848K), 0.0023035 secs] 4993K->897K(9920K), [Metaspace: 3664K->3664K(1056768K)], 0.0025920 secs] [Times: user=0.00 sys=0.00, real=0.00 secs] 
34.111: [GC (CMS Initial Mark) [1 CMS-initial-mark: 4993K(6848K)] 4993K(9920K), 0.0001173 secs] [Times: user=0.00 sys=0.00, real=0.00 secs] 
34.111: [CMS-concurrent-mark-start]
34.111: [GC (Allocation Failure) 34.111: [ParNew: 0K->0K(3072K), 0.0002808 secs]34.111: [CMS34.121: [CMS-concurrent-mark: 0.002/0.010 secs] [Times: user=0.00 sys=0.00, real=0.01 secs] 
 (concurrent mode failure): 4993K->897K(6848K), 0.0118972 secs] 4993K->897K(9920K), [Metaspace: 3664K->3664K(1056768K)], 0.0122658 secs] [Times: user=0.00 sys=0.00, real=0.01 secs] 
34.124: [GC (Allocation Failure) 34.124: [ParNew: 0K->0K(3072K), 0.0003097 secs]34.124: [CMS: 4993K->897K(6848K), 0.0020381 secs] 4993K->897K(9920K), [Metaspace: 3664K->3664K(1056768K)], 0.0024198 secs] [Times: user=0.00 sys=0.00, real=0.00 secs] 
34.127: [GC (CMS Initial Mark) [1 CMS-initial-mark: 4993K(6848K)] 4993K(9920K), 0.0001287 secs] [Times: user=0.00 sys=0.00, real=0.00 secs] 
34.127: [CMS-concurrent-mark-start]
34.127: [GC (Allocation Failure) 34.127: [ParNew: 0K->0K(3072K), 0.0003329 secs]34.127: [CMS34.136: [CMS-concurrent-mark: 0.002/0.010 secs] [Times: user=0.00 sys=0.00, real=0.01 secs] 
 (concurrent mode failure): 4993K->897K(6848K), 0.0115596 secs] 4993K->897K(9920K), [Metaspace: 3664K->3664K(1056768K)], 0.0119833 secs] [Times: user=0.00 sys=0.00, real=0.01 secs] 
34.139: [GC (Allocation Failure) 34.139: [ParNew: 0K->0K(3072K), 0.0002333 secs]34.139: [CMS: 4993K->897K(6848K), 0.0018593 secs] 4993K->897K(9920K), [Metaspace: 3664K->3664K(1056768K)], 0.0021666 secs] [Times: user=0.00 sys=0.00, real=0.00 secs] 
34.142: [GC (CMS Initial Mark) [1 CMS-initial-mark: 4993K(6848K)] 4993K(9920K), 0.0000986 secs] [Times: user=0.00 sys=0.00, real=0.00 secs] 
34.142: [CMS-concurrent-mark-start]
34.142: [GC (Allocation Failure) 34.142: [ParNew: 0K->0K(3072K), 0.0001909 secs]34.142: [CMS34.152: [CMS-concurrent-mark: 0.001/0.010 secs] [Times: user=0.00 sys=0.00, real=0.01 secs] 
 (concurrent mode failure): 4993K->897K(6848K), 0.0121162 secs] 4993K->897K(9920K), [Metaspace: 3664K->3664K(1056768K)], 0.0123744 secs] [Times: user=0.00 sys=0.00, real=0.01 secs] 
34.155: [GC (Allocation Failure) 34.155: [ParNew: 0K->0K(3072K), 0.0002100 secs]34.155: [CMS: 4993K->897K(6848K), 0.0019334 secs] 4993K->897K(9920K), [Metaspace: 3664K->3664K(1056768K)], 0.0022026 secs] [Times: user=0.00 sys=0.00, real=0.00 secs] 
34.157: [GC (CMS Initial Mark) [1 CMS-initial-mark: 4993K(6848K)] 4993K(9920K), 0.0000861 secs] [Times: user=0.00 sys=0.00, real=0.00 secs] 
34.157: [CMS-concurrent-mark-start]
34.157: [GC (Allocation Failure) 34.157: [ParNew: 0K->0K(3072K), 0.0002052 secs]34.157: [CMS34.168: [CMS-concurrent-mark: 0.002/0.011 secs] [Times: user=0.00 sys=0.00, real=0.01 secs] 
 (concurrent mode failure): 4993K->897K(6848K), 0.0134048 secs] 4993K->897K(9920K), [Metaspace: 3664K->3664K(1056768K)], 0.0136801 secs] [Times: user=0.00 sys=0.00, real=0.01 secs] 
34.171: [GC (Allocation Failure) 34.171: [ParNew: 0K->0K(3072K), 0.0002023 secs]34.171: [CMS: 4993K->897K(6848K), 0.0019495 secs] 4993K->897K(9920K), [Metaspace: 3664K->3664K(1056768K)], 0.0022238 secs] [Times: user=0.00 sys=0.00, real=0.00 secs] 
34.174: [GC (CMS Initial Mark) [1 CMS-initial-mark: 4993K(6848K)] 4993K(9920K), 0.0001025 secs] [Times: user=0.00 sys=0.00, real=0.00 secs] 
34.174: [CMS-concurrent-mark-start]
34.174: [GC (Allocation Failure) 34.174: [ParNew: 0K->0K(3072K), 0.0002115 secs]34.174: [CMS34.184: [CMS-concurrent-mark: 0.002/0.010 secs] [Times: user=0.00 sys=0.00, real=0.01 secs] 
 (concurrent mode failure): 4993K->897K(6848K), 0.0126257 secs] 4993K->897K(9920K), [Metaspace: 3664K->3664K(1056768K)], 0.0129209 secs] [Times: user=0.00 sys=0.00, real=0.01 secs] 
34.187: [GC (Allocation Failure) 34.187: [ParNew: 0K->0K(3072K), 0.0002556 secs]34.188: [CMS: 4993K->897K(6848K), 0.0019955 secs] 4993K->897K(9920K), [Metaspace: 3664K->3664K(1056768K)], 0.0023282 secs] [Times: user=0.00 sys=0.00, real=0.00 secs] 
34.190: [GC (CMS Initial Mark) [1 CMS-initial-mark: 4993K(6848K)] 4993K(9920K), 0.0000730 secs] [Times: user=0.00 sys=0.00, real=0.00 secs] 
34.190: [CMS-concurrent-mark-start]
34.190: [GC (Allocation Failure) 34.190: [ParNew: 0K->0K(3072K), 0.0002453 secs]34.190: [CMS34.199: [CMS-concurrent-mark: 0.001/0.009 secs] [Times: user=0.00 sys=0.00, real=0.01 secs] 
 (concurrent mode failure): 4993K->897K(6848K), 0.0115612 secs] 4993K->897K(9920K), [Metaspace: 3664K->3664K(1056768K)], 0.0118817 secs] [Times: user=0.00 sys=0.00, real=0.01 secs] 
34.202: [GC (Allocation Failure) 34.202: [ParNew: 0K->0K(3072K), 0.0002420 secs]34.203: [CMS: 4993K->897K(6848K), 0.0022303 secs] 4993K->897K(9920K), [Metaspace: 3664K->3664K(1056768K)], 0.0025559 secs] [Times: user=0.00 sys=0.00, real=0.00 secs] 
34.205: [GC (CMS Initial Mark) [1 CMS-initial-mark: 4993K(6848K)] 4993K(9920K), 0.0000968 secs] [Times: user=0.00 sys=0.00, real=0.00 secs] 
34.205: [CMS-concurrent-mark-start]
34.205: [GC (Allocation Failure) 34.205: [ParNew: 0K->0K(3072K), 0.0002445 secs]34.206: [CMS34.215: [CMS-concurrent-mark: 0.002/0.010 secs] [Times: user=0.00 sys=0.00, real=0.01 secs] 
 (concurrent mode failure): 4993K->897K(6848K), 0.0122185 secs] 4993K->897K(9920K), [Metaspace: 3664K->3664K(1056768K)], 0.0125432 secs] [Times: user=0.00 sys=0.00, real=0.01 secs] 
34.218: [GC (Allocation Failure) 34.218: [ParNew: 0K->0K(3072K), 0.0002614 secs]34.219: [CMS: 4993K->897K(6848K), 0.0019908 secs] 4993K->897K(9920K), [Metaspace: 3664K->3664K(1056768K)], 0.0023356 secs] [Times: user=0.00 sys=0.00, real=0.00 secs] 
34.221: [GC (CMS Initial Mark) [1 CMS-initial-mark: 4993K(6848K)] 4993K(9920K), 0.0000860 secs] [Times: user=0.00 sys=0.00, real=0.00 secs] 
34.221: [CMS-concurrent-mark-start]
34.221: [GC (Allocation Failure) 34.221: [ParNew: 0K->0K(3072K), 0.0001988 secs]34.221: [CMS34.231: [CMS-concurrent-mark: 0.002/0.010 secs] [Times: user=0.00 sys=0.00, real=0.01 secs] 
 (concurrent mode failure): 4993K->897K(6848K), 0.0127683 secs] 4993K->897K(9920K), [Metaspace: 3664K->3664K(1056768K)], 0.0130465 secs] [Times: user=0.00 sys=0.00, real=0.01 secs] 
34.234: [GC (Allocation Failure) 34.234: [ParNew: 0K->0K(3072K), 0.0002549 secs]34.235: [CMS: 4993K->897K(6848K), 0.0021241 secs] 4993K->897K(9920K), [Metaspace: 3664K->3664K(1056768K)], 0.0024500 secs] [Times: user=0.00 sys=0.00, real=0.00 secs] 
34.237: [GC (CMS Initial Mark) [1 CMS-initial-mark: 4993K(6848K)] 4993K(9920K), 0.0000879 secs] [Times: user=0.00 sys=0.00, real=0.00 secs] 
34.237: [CMS-concurrent-mark-start]
34.237: [GC (Allocation Failure) 34.237: [ParNew: 0K->0K(3072K), 0.0002004 secs]34.238: [CMS34.247: [CMS-concurrent-mark: 0.002/0.009 secs] [Times: user=0.00 sys=0.00, real=0.01 secs] 
 (concurrent mode failure): 4993K->897K(6848K), 0.0132601 secs] 4993K->897K(9920K), [Metaspace: 3664K->3664K(1056768K)], 0.0135378 secs] [Times: user=0.00 sys=0.00, real=0.01 secs] 
34.251: [GC (Allocation Failure) 34.251: [ParNew: 0K->0K(3072K), 0.0002321 secs]34.252: [CMS: 4993K->897K(6848K), 0.0022286 secs] 4993K->897K(9920K), [Metaspace: 3664K->3664K(1056768K)], 0.0025366 secs] [Times: user=0.00 sys=0.00, real=0.00 secs] 
34.254: [GC (CMS Initial Mark) [1 CMS-initial-mark: 4993K(6848K)] 4993K(9920K), 0.0000913 secs] [Times: user=0.00 sys=0.00, real=0.00 secs] 
34.254: [CMS-concurrent-mark-start]
34.254: [GC (Allocation Failure) 34.254: [ParNew: 0K->0K(3072K), 0.0002013 secs]34.255: [CMS34.262: [CMS-concurrent-mark: 0.002/0.008 secs] [Times: user=0.02 sys=0.00, real=0.01 secs] 
 (concurrent mode failure): 4993K->897K(6848K), 0.0121308 secs] 4993K->897K(9920K), [Metaspace: 3664K->3664K(1056768K)], 0.0124858 secs] [Times: user=0.02 sys=0.00, real=0.01 secs] 
34.267: [GC (Allocation Failure) 34.267: [ParNew: 0K->0K(3072K), 0.0002638 secs]34.268: [CMS: 4993K->897K(6848K), 0.0024928 secs] 4993K->897K(9920K), [Metaspace: 3664K->3664K(1056768K)], 0.0028416 secs] [Times: user=0.00 sys=0.00, real=0.00 secs] 
34.271: [GC (CMS Initial Mark) [1 CMS-initial-mark: 4993K(6848K)] 4993K(9920K), 0.0001313 secs] [Times: user=0.00 sys=0.00, real=0.00 secs] 
34.271: [CMS-concurrent-mark-start]
34.271: [GC (Allocation Failure) 34.271: [ParNew: 0K->0K(3072K), 0.0002290 secs]34.271: [CMS34.278: [CMS-concurrent-mark: 0.002/0.007 secs] [Times: user=0.00 sys=0.00, real=0.01 secs] 
 (concurrent mode failure): 4993K->897K(6848K), 0.0115562 secs] 4993K->897K(9920K), [Metaspace: 3664K->3664K(1056768K)], 0.0119382 secs] [Times: user=0.00 sys=0.00, real=0.01 secs] 
34.283: [GC (Allocation Failure) 34.283: [ParNew: 0K->0K(3072K), 0.0002626 secs]34.284: [CMS: 4993K->897K(6848K), 0.0024065 secs] 4993K->897K(9920K), [Metaspace: 3664K->3664K(1056768K)], 0.0027703 secs] [Times: user=0.00 sys=0.00, real=0.00 secs] 
34.286: [GC (CMS Initial Mark) [1 CMS-initial-mark: 4993K(6848K)] 4993K(9920K), 0.0001126 secs] [Times: user=0.00 sys=0.00, real=0.00 secs] 
34.287: [CMS-concurrent-mark-start]
34.287: [GC (Allocation Failure) 34.287: [ParNew: 0K->0K(3072K), 0.0002082 secs]34.287: [CMS34.294: [CMS-concurrent-mark: 0.001/0.007 secs] [Times: user=0.00 sys=0.00, real=0.01 secs] 
 (concurrent mode failure): 4993K->897K(6848K), 0.0116169 secs] 4993K->897K(9920K), [Metaspace: 3664K->3664K(1056768K)], 0.0119017 secs] [Times: user=0.00 sys=0.00, real=0.01 secs] 
34.299: [GC (Allocation Failure) 34.299: [ParNew: 0K->0K(3072K), 0.0002828 secs]34.299: [CMS: 4993K->897K(6848K), 0.0023824 secs] 4993K->897K(9920K), [Metaspace: 3664K->3664K(1056768K)], 0.0027555 secs] [Times: user=0.02 sys=0.00, real=0.00 secs] 
34.302: [GC (CMS Initial Mark) [1 CMS-initial-mark: 4993K(6848K)] 4993K(9920K), 0.0000881 secs] [Times: user=0.00 sys=0.00, real=0.00 secs] 
34.302: [CMS-concurrent-mark-start]
34.302: [GC (Allocation Failure) 34.302: [ParNew: 0K->0K(3072K), 0.0002227 secs]34.302: [CMS34.309: [CMS-concurrent-mark: 0.001/0.007 secs] [Times: user=0.00 sys=0.00, real=0.01 secs] 
 (concurrent mode failure): 4993K->897K(6848K), 0.0091431 secs] 4993K->897K(9920K), [Metaspace: 3664K->3664K(1056768K)], 0.0094472 secs] [Times: user=0.00 sys=0.00, real=0.01 secs] 
34.312: [GC (Allocation Failure) 34.312: [ParNew: 0K->0K(3072K), 0.0007012 secs]34.313: [CMS: 4993K->897K(6848K), 0.0030019 secs] 4993K->897K(9920K), [Metaspace: 3664K->3664K(1056768K)], 0.0038944 secs] [Times: user=0.00 sys=0.00, real=0.00 secs] 
34.316: [GC (CMS Initial Mark) [1 CMS-initial-mark: 4993K(6848K)] 4993K(9920K), 0.0001771 secs] [Times: user=0.00 sys=0.00, real=0.00 secs] 
34.317: [CMS-concurrent-mark-start]
34.317: [GC (Allocation Failure) 34.317: [ParNew: 0K->0K(3072K), 0.0002645 secs]34.317: [CMS34.324: [CMS-concurrent-mark: 0.002/0.007 secs] [Times: user=0.00 sys=0.00, real=0.01 secs] 
 (concurrent mode failure): 4993K->897K(6848K), 0.0095878 secs] 4993K->897K(9920K), [Metaspace: 3664K->3664K(1056768K)], 0.0099420 secs] [Times: user=0.00 sys=0.00, real=0.01 secs] 
34.327: [GC (Allocation Failure) 34.327: [ParNew: 0K->0K(3072K), 0.0003079 secs]34.327: [CMS: 4993K->897K(6848K), 0.0029692 secs] 4993K->897K(9920K), [Metaspace: 3664K->3664K(1056768K)], 0.0033930 secs] [Times: user=0.00 sys=0.00, real=0.00 secs] 
34.331: [GC (CMS Initial Mark) [1 CMS-initial-mark: 4993K(6848K)] 4993K(9920K), 0.0001215 secs] [Times: user=0.00 sys=0.00, real=0.00 secs] 
34.331: [CMS-concurrent-mark-start]
34.331: [GC (Allocation Failure) 34.331: [ParNew: 0K->0K(3072K), 0.0002799 secs]34.331: [CMS34.339: [CMS-concurrent-mark: 0.001/0.008 secs] [Times: user=0.00 sys=0.00, real=0.01 secs] 
 (concurrent mode failure): 4993K->897K(6848K), 0.0115743 secs] 4993K->897K(9920K), [Metaspace: 3664K->3664K(1056768K)], 0.0119471 secs] [Times: user=0.00 sys=0.00, real=0.01 secs] 
34.343: [GC (Allocation Failure) 34.343: [ParNew: 0K->0K(3072K), 0.0002654 secs]34.344: [CMS: 4993K->897K(6848K), 0.0035157 secs] 4993K->897K(9920K), [Metaspace: 3664K->3664K(1056768K)], 0.0038773 secs] [Times: user=0.00 sys=0.00, real=0.00 secs] 
34.348: [GC (CMS Initial Mark) [1 CMS-initial-mark: 4993K(6848K)] 4993K(9920K), 0.0001483 secs] [Times: user=0.00 sys=0.00, real=0.00 secs] 
34.348: [CMS-concurrent-mark-start]
34.348: [GC (Allocation Failure) 34.348: [ParNew: 0K->0K(3072K), 0.0004111 secs]34.348: [CMS34.356: [CMS-concurrent-mark: 0.002/0.008 secs] [Times: user=0.01 sys=0.00, real=0.01 secs] 
 (concurrent mode failure): 4993K->897K(6848K), 0.0098535 secs] 4993K->897K(9920K), [Metaspace: 3664K->3664K(1056768K)], 0.0103533 secs] [Times: user=0.01 sys=0.00, real=0.01 secs] 
34.359: [GC (Allocation Failure) 34.359: [ParNew: 0K->0K(3072K), 0.0002281 secs]34.359: [CMS: 4993K->897K(6848K), 0.0020113 secs] 4993K->897K(9920K), [Metaspace: 3664K->3664K(1056768K)], 0.0023459 secs] [Times: user=0.00 sys=0.00, real=0.00 secs] 
34.361: [GC (CMS Initial Mark) [1 CMS-initial-mark: 4993K(6848K)] 4993K(9920K), 0.0001371 secs] [Times: user=0.00 sys=0.00, real=0.00 secs] 
34.362: [CMS-concurrent-mark-start]
34.362: [GC (Allocation Failure) 34.362: [ParNew: 0K->0K(3072K), 0.0003197 secs]34.362: [CMS34.371: [CMS-concurrent-mark: 0.001/0.009 secs] [Times: user=0.00 sys=0.00, real=0.01 secs] 
 (concurrent mode failure): 4993K->897K(6848K), 0.0109969 secs] 4993K->897K(9920K), [Metaspace: 3664K->3664K(1056768K)], 0.0114321 secs] [Times: user=0.00 sys=0.00, real=0.01 secs] 
34.373: [GC (Allocation Failure) 34.373: [ParNew: 0K->0K(3072K), 0.0002581 secs]34.374: [CMS: 4993K->897K(6848K), 0.0026839 secs] 4993K->897K(9920K), [Metaspace: 3664K->3664K(1056768K)], 0.0030365 secs] [Times: user=0.00 sys=0.00, real=0.00 secs] 
34.377: [GC (CMS Initial Mark) [1 CMS-initial-mark: 4993K(6848K)] 4993K(9920K), 0.0001565 secs] [Times: user=0.00 sys=0.00, real=0.00 secs] 
34.377: [CMS-concurrent-mark-start]
34.377: [GC (Allocation Failure) 34.377: [ParNew: 0K->0K(3072K), 0.0003138 secs]34.378: [CMS34.386: [CMS-concurrent-mark: 0.002/0.009 secs] [Times: user=0.00 sys=0.00, real=0.01 secs] 
 (concurrent mode failure): 4993K->897K(6848K), 0.0103597 secs] 4993K->897K(9920K), [Metaspace: 3664K->3664K(1056768K)], 0.0107570 secs] [Times: user=0.00 sys=0.00, real=0.01 secs] 
34.388: [GC (Allocation Failure) 34.388: [ParNew: 0K->0K(3072K), 0.0002791 secs]34.389: [CMS: 4993K->897K(6848K), 0.0021413 secs] 4993K->897K(9920K), [Metaspace: 3664K->3664K(1056768K)], 0.0024887 secs] [Times: user=0.00 sys=0.00, real=0.00 secs] 
34.391: [GC (CMS Initial Mark) [1 CMS-initial-mark: 4993K(6848K)] 4993K(9920K), 0.0001086 secs] [Times: user=0.00 sys=0.00, real=0.00 secs] 
34.391: [CMS-concurrent-mark-start]
34.391: [GC (Allocation Failure) 34.391: [ParNew: 0K->0K(3072K), 0.0002178 secs]34.392: [CMS34.402: [CMS-concurrent-mark: 0.001/0.011 secs] [Times: user=0.00 sys=0.00, real=0.01 secs] 
 (concurrent mode failure): 4993K->897K(6848K), 0.0127811 secs] 4993K->897K(9920K), [Metaspace: 3664K->3664K(1056768K)], 0.0130848 secs] [Times: user=0.00 sys=0.00, real=0.01 secs] 
34.405: [GC (Allocation Failure) 34.405: [ParNew: 0K->0K(3072K), 0.0003052 secs]34.405: [CMS: 4993K->897K(6848K), 0.0021328 secs] 4993K->897K(9920K), [Metaspace: 3664K->3664K(1056768K)], 0.0025151 secs] [Times: user=0.00 sys=0.00, real=0.00 secs] 
34.408: [GC (CMS Initial Mark) [1 CMS-initial-mark: 4993K(6848K)] 4993K(9920K), 0.0000746 secs] [Times: user=0.00 sys=0.00, real=0.00 secs] 
34.408: [CMS-concurrent-mark-start]
34.408: [GC (Allocation Failure) 34.408: [ParNew: 0K->0K(3072K), 0.0002204 secs]34.408: [CMS34.418: [CMS-concurrent-mark: 0.002/0.010 secs] [Times: user=0.00 sys=0.00, real=0.01 secs] 
 (concurrent mode failure): 4993K->897K(6848K), 0.0119239 secs] 4993K->897K(9920K), [Metaspace: 3664K->3664K(1056768K)], 0.0122949 secs] [Times: user=0.00 sys=0.00, real=0.01 secs] 
34.420: [GC (Allocation Failure) 34.421: [ParNew: 0K->0K(3072K), 0.0001992 secs]34.421: [CMS: 4993K->897K(6848K), 0.0019305 secs] 4993K->897K(9920K), [Metaspace: 3664K->3664K(1056768K)], 0.0022190 secs] [Times: user=0.00 sys=0.00, real=0.00 secs] 
34.423: [GC (CMS Initial Mark) [1 CMS-initial-mark: 4993K(6848K)] 4993K(9920K), 0.0001166 secs] [Times: user=0.00 sys=0.00, real=0.00 secs] 
34.423: [CMS-concurrent-mark-start]
34.423: [GC (Allocation Failure) 34.423: [ParNew: 0K->0K(3072K), 0.0002116 secs]34.424: [CMS34.434: [CMS-concurrent-mark: 0.001/0.011 secs] [Times: user=0.00 sys=0.00, real=0.01 secs] 
 (concurrent mode failure): 4993K->897K(6848K), 0.0126031 secs] 4993K->897K(9920K), [Metaspace: 3664K->3664K(1056768K)], 0.0129170 secs] [Times: user=0.00 sys=0.00, real=0.01 secs] 
34.437: [GC (Allocation Failure) 34.437: [ParNew: 0K->0K(3072K), 0.0002481 secs]34.437: [CMS: 4993K->897K(6848K), 0.0020463 secs] 4993K->897K(9920K), [Metaspace: 3664K->3664K(1056768K)], 0.0023774 secs] [Times: user=0.00 sys=0.00, real=0.00 secs] 
34.439: [GC (CMS Initial Mark) [1 CMS-initial-mark: 4993K(6848K)] 4993K(9920K), 0.0001132 secs] [Times: user=0.00 sys=0.00, real=0.00 secs] 
34.440: [CMS-concurrent-mark-start]
34.440: [GC (Allocation Failure) 34.440: [ParNew: 0K->0K(3072K), 0.0002113 secs]34.440: [CMS34.449: [CMS-concurrent-mark: 0.002/0.009 secs] [Times: user=0.00 sys=0.00, real=0.01 secs] 
 (concurrent mode failure): 4993K->897K(6848K), 0.0120275 secs] 4993K->897K(9920K), [Metaspace: 3664K->3664K(1056768K)], 0.0123072 secs] [Times: user=0.00 sys=0.00, real=0.01 secs] 
34.452: [GC (Allocation Failure) 34.452: [ParNew: 0K->0K(3072K), 0.0003055 secs]34.453: [CMS: 4993K->897K(6848K), 0.0022703 secs] 4993K->897K(9920K), [Metaspace: 3664K->3664K(1056768K)], 0.0026606 secs] [Times: user=0.00 sys=0.00, real=0.00 secs] 
34.455: [GC (CMS Initial Mark) [1 CMS-initial-mark: 4993K(6848K)] 4993K(9920K), 0.0001067 secs] [Times: user=0.00 sys=0.00, real=0.00 secs] 
34.455: [CMS-concurrent-mark-start]
34.455: [GC (Allocation Failure) 34.455: [ParNew: 0K->0K(3072K), 0.0002305 secs]34.456: [CMS34.465: [CMS-concurrent-mark: 0.002/0.010 secs] [Times: user=0.00 sys=0.00, real=0.01 secs] 
 (concurrent mode failure): 4993K->897K(6848K), 0.0125293 secs] 4993K->897K(9920K), [Metaspace: 3664K->3664K(1056768K)], 0.0128558 secs] [Times: user=0.00 sys=0.00, real=0.01 secs] 
34.469: [GC (Allocation Failure) 34.469: [ParNew: 0K->0K(3072K), 0.0002840 secs]34.469: [CMS: 4993K->897K(6848K), 0.0024567 secs] 4993K->897K(9920K), [Metaspace: 3664K->3664K(1056768K)], 0.0028135 secs] [Times: user=0.00 sys=0.00, real=0.00 secs] 
34.472: [GC (CMS Initial Mark) [1 CMS-initial-mark: 4993K(6848K)] 4993K(9920K), 0.0000810 secs] [Times: user=0.00 sys=0.00, real=0.00 secs] 
34.472: [CMS-concurrent-mark-start]
34.472: [GC (Allocation Failure) 34.472: [ParNew: 0K->0K(3072K), 0.0002439 secs]34.472: [CMS34.481: [CMS-concurrent-mark: 0.002/0.009 secs] [Times: user=0.00 sys=0.00, real=0.01 secs] 
 (concurrent mode failure): 4993K->897K(6848K), 0.0129362 secs] 4993K->897K(9920K), [Metaspace: 3664K->3664K(1056768K)], 0.0132586 secs] [Times: user=0.00 sys=0.00, real=0.01 secs] 
34.486: [GC (Allocation Failure) 34.486: [ParNew: 0K->0K(3072K), 0.0002544 secs]34.486: [CMS: 4993K->897K(6848K), 0.0022985 secs] 4993K->897K(9920K), [Metaspace: 3664K->3664K(1056768K)], 0.0026314 secs] [Times: user=0.00 sys=0.00, real=0.00 secs] 
34.489: [GC (CMS Initial Mark) [1 CMS-initial-mark: 4993K(6848K)] 4993K(9920K), 0.0000811 secs] [Times: user=0.00 sys=0.00, real=0.00 secs] 
34.489: [CMS-concurrent-mark-start]
34.489: [GC (Allocation Failure) 34.489: [ParNew: 0K->0K(3072K), 0.0002324 secs]34.489: [CMS34.495: [CMS-concurrent-mark: 0.002/0.007 secs] [Times: user=0.00 sys=0.00, real=0.01 secs] 
 (concurrent mode failure): 4993K->897K(6848K), 0.0116697 secs] 4993K->897K(9920K), [Metaspace: 3664K->3664K(1056768K)], 0.0119879 secs] [Times: user=0.00 sys=0.00, real=0.01 secs] 
34.501: [GC (Allocation Failure) 34.501: [ParNew: 0K->0K(3072K), 0.0003002 secs]34.502: [CMS: 4993K->897K(6848K), 0.0022698 secs] 4993K->897K(9920K), [Metaspace: 3664K->3664K(1056768K)], 0.0026700 secs] [Times: user=0.00 sys=0.00, real=0.00 secs] 
34.504: [GC (CMS Initial Mark) [1 CMS-initial-mark: 4993K(6848K)] 4993K(9920K), 0.0000919 secs] [Times: user=0.00 sys=0.00, real=0.00 secs] 
34.504: [CMS-concurrent-mark-start]
34.504: [GC (Allocation Failure) 34.504: [ParNew: 0K->0K(3072K), 0.0002441 secs]34.505: [CMS34.511: [CMS-concurrent-mark: 0.002/0.007 secs] [Times: user=0.11 sys=0.00, real=0.01 secs] 
 (concurrent mode failure): 4993K->897K(6848K), 0.0130217 secs] 4993K->897K(9920K), [Metaspace: 3664K->3664K(1056768K)], 0.0133464 secs] [Times: user=0.11 sys=0.00, real=0.01 secs] 
34.518: [GC (Allocation Failure) 34.518: [ParNew: 0K->0K(3072K), 0.0003136 secs]34.518: [CMS: 4993K->897K(6848K), 0.0029485 secs] 4993K->897K(9920K), [Metaspace: 3664K->3664K(1056768K)], 0.0033465 secs] [Times: user=0.01 sys=0.00, real=0.00 secs] 
34.522: [GC (CMS Initial Mark) [1 CMS-initial-mark: 4993K(6848K)] 4993K(9920K), 0.0002185 secs] [Times: user=0.00 sys=0.00, real=0.00 secs] 
34.522: [CMS-concurrent-mark-start]
34.522: [GC (Allocation Failure) 34.522: [ParNew: 0K->0K(3072K), 0.0002628 secs]34.523: [CMS34.526: [CMS-concurrent-mark: 0.001/0.004 secs] [Times: user=0.00 sys=0.00, real=0.00 secs] 
 (concurrent mode failure): 4993K->897K(6848K), 0.0067348 secs] 4993K->897K(9920K), [Metaspace: 3664K->3664K(1056768K)], 0.0070904 secs] [Times: user=0.00 sys=0.00, real=0.01 secs] 
34.530: [GC (Allocation Failure) 34.530: [ParNew: 0K->0K(3072K), 0.0004361 secs]34.531: [CMS: 4993K->897K(6848K), 0.0044804 secs] 4993K->897K(9920K), [Metaspace: 3664K->3664K(1056768K)], 0.0050672 secs] [Times: user=0.00 sys=0.00, real=0.00 secs] 
34.536: [GC (CMS Initial Mark) [1 CMS-initial-mark: 4993K(6848K)] 4993K(9920K), 0.0001116 secs] [Times: user=0.00 sys=0.00, real=0.00 secs] 
34.536: [CMS-concurrent-mark-start]
34.536: [GC (Allocation Failure) 34.536: [ParNew: 0K->0K(3072K), 0.0002704 secs]34.536: [CMS34.542: [CMS-concurrent-mark: 0.002/0.006 secs] [Times: user=0.02 sys=0.02, real=0.01 secs] 
 (concurrent mode failure): 4993K->897K(6848K), 0.0080442 secs] 4993K->897K(9920K), [Metaspace: 3664K->3664K(1056768K)], 0.0084232 secs] [Times: user=0.02 sys=0.02, real=0.01 secs] 
34.545: [GC (Allocation Failure) 34.545: [ParNew: 0K->0K(3072K), 0.0004385 secs]34.545: [CMS: 4993K->897K(6848K), 0.0065582 secs] 4993K->897K(9920K), [Metaspace: 3664K->3664K(1056768K)], 0.0071751 secs] [Times: user=0.01 sys=0.00, real=0.01 secs] 
34.553: [GC (CMS Initial Mark) [1 CMS-initial-mark: 4993K(6848K)] 4993K(9920K), 0.0003388 secs] [Times: user=0.00 sys=0.00, real=0.00 secs] 
34.553: [CMS-concurrent-mark-start]
34.553: [GC (Allocation Failure) 34.554: [ParNew: 0K->0K(3072K), 0.0007146 secs]34.554: [CMS34.557: [CMS-concurrent-mark: 0.002/0.004 secs] [Times: user=0.00 sys=0.00, real=0.00 secs] 
 (concurrent mode failure): 4993K->897K(6848K), 0.0053373 secs] 4993K->897K(9920K), [Metaspace: 3664K->3664K(1056768K)], 0.0062592 secs] [Times: user=0.00 sys=0.00, real=0.01 secs] 
34.560: [GC (Allocation Failure) 34.560: [ParNew: 0K->0K(3072K), 0.0002903 secs]34.560: [CMS: 4993K->897K(6848K), 0.0060782 secs] 4993K->897K(9920K), [Metaspace: 3664K->3664K(1056768K)], 0.0065494 secs] [Times: user=0.00 sys=0.00, real=0.01 secs] 
34.567: [GC (CMS Initial Mark) [1 CMS-initial-mark: 4993K(6848K)] 4993K(9920K), 0.0002479 secs] [Times: user=0.00 sys=0.00, real=0.00 secs] 
34.568: [CMS-concurrent-mark-start]
34.568: [GC (Allocation Failure) 34.568: [ParNew: 0K->0K(3072K), 0.0004347 secs]34.569: [CMS34.572: [CMS-concurrent-mark: 0.002/0.004 secs] [Times: user=0.00 sys=0.00, real=0.00 secs] 
 (concurrent mode failure): 4993K->897K(6848K), 0.0060728 secs] 4993K->897K(9920K), [Metaspace: 3664K->3664K(1056768K)], 0.0068514 secs] [Times: user=0.00 sys=0.00, real=0.01 secs] 
34.575: [GC (Allocation Failure) 34.575: [ParNew: 0K->0K(3072K), 0.0002697 secs]34.576: [CMS: 4993K->897K(6848K), 0.0030919 secs] 4993K->897K(9920K), [Metaspace: 3664K->3664K(1056768K)], 0.0035961 secs] [Times: user=0.00 sys=0.00, real=0.00 secs] 
34.580: [GC (CMS Initial Mark) [1 CMS-initial-mark: 4993K(6848K)] 4993K(9920K), 0.0002291 secs] [Times: user=0.00 sys=0.00, real=0.00 secs] 
34.580: [CMS-concurrent-mark-start]
34.580: [GC (Allocation Failure) 34.580: [ParNew: 0K->0K(3072K), 0.0002888 secs]34.581: [CMS34.589: [CMS-concurrent-mark: 0.003/0.009 secs] [Times: user=0.00 sys=0.00, real=0.01 secs] 
 (concurrent mode failure): 4993K->897K(6848K), 0.0120355 secs] 4993K->897K(9920K), [Metaspace: 3664K->3664K(1056768K)], 0.0124285 secs] [Times: user=0.00 sys=0.00, real=0.01 secs] 
34.593: [GC (Allocation Failure) 34.593: [ParNew: 0K->0K(3072K), 0.0003341 secs]34.593: [CMS: 4993K->897K(6848K), 0.0046695 secs] 4993K->897K(9920K), [Metaspace: 3664K->3664K(1056768K)], 0.0051101 secs] [Times: user=0.00 sys=0.00, real=0.00 secs] 
34.599: [GC (CMS Initial Mark) [1 CMS-initial-mark: 4993K(6848K)] 4993K(9920K), 0.0001300 secs] [Times: user=0.00 sys=0.00, real=0.00 secs] 
34.599: [CMS-concurrent-mark-start]
34.599: [GC (Allocation Failure) 34.599: [ParNew: 0K->0K(3072K), 0.0003138 secs]34.599: [CMS34.603: [CMS-concurrent-mark: 0.002/0.005 secs] [Times: user=0.00 sys=0.00, real=0.00 secs] 
 (concurrent mode failure): 4993K->897K(6848K), 0.0068752 secs] 4993K->897K(9920K), [Metaspace: 3664K->3664K(1056768K)], 0.0072820 secs] [Times: user=0.00 sys=0.00, real=0.01 secs] 
34.606: [GC (Allocation Failure) 34.606: [ParNew: 0K->0K(3072K), 0.0002578 secs]34.607: [CMS: 4993K->897K(6848K), 0.0021924 secs] 4993K->897K(9920K), [Metaspace: 3664K->3664K(1056768K)], 0.0025226 secs] [Times: user=0.00 sys=0.00, real=0.00 secs] 
34.609: [GC (CMS Initial Mark) [1 CMS-initial-mark: 4993K(6848K)] 4993K(9920K), 0.0001025 secs] [Times: user=0.00 sys=0.00, real=0.00 secs] 
34.610: [CMS-concurrent-mark-start]
34.610: [GC (Allocation Failure) 34.610: [ParNew: 0K->0K(3072K), 0.0002161 secs]34.610: [CMS34.619: [CMS-concurrent-mark: 0.002/0.009 secs] [Times: user=0.00 sys=0.00, real=0.01 secs] 
 (concurrent mode failure): 4993K->897K(6848K), 0.0116964 secs] 4993K->897K(9920K), [Metaspace: 3664K->3664K(1056768K)], 0.0119901 secs] [Times: user=0.00 sys=0.00, real=0.01 secs] 
34.622: [GC (Allocation Failure) 34.622: [ParNew: 0K->0K(3072K), 0.0002262 secs]34.622: [CMS: 4993K->897K(6848K), 0.0020927 secs] 4993K->897K(9920K), [Metaspace: 3664K->3664K(1056768K)], 0.0023885 secs] [Times: user=0.00 sys=0.00, real=0.00 secs] 
34.625: [GC (CMS Initial Mark) [1 CMS-initial-mark: 4993K(6848K)] 4993K(9920K), 0.0001162 secs] [Times: user=0.00 sys=0.00, real=0.00 secs] 
34.625: [CMS-concurrent-mark-start]
34.625: [GC (Allocation Failure) 34.625: [ParNew: 0K->0K(3072K), 0.0002351 secs]34.625: [CMS34.634: [CMS-concurrent-mark: 0.002/0.009 secs] [Times: user=0.00 sys=0.00, real=0.01 secs] 
 (concurrent mode failure): 4993K->897K(6848K), 0.0113156 secs] 4993K->897K(9920K), [Metaspace: 3664K->3664K(1056768K)], 0.0116284 secs] [Times: user=0.00 sys=0.00, real=0.01 secs] 
34.637: [GC (Allocation Failure) 34.637: [ParNew: 0K->0K(3072K), 0.0002628 secs]34.637: [CMS: 4993K->897K(6848K), 0.0020774 secs] 4993K->897K(9920K), [Metaspace: 3664K->3664K(1056768K)], 0.0024149 secs] [Times: user=0.00 sys=0.00, real=0.00 secs] 
34.640: [GC (CMS Initial Mark) [1 CMS-initial-mark: 4993K(6848K)] 4993K(9920K), 0.0001404 secs] [Times: user=0.00 sys=0.00, real=0.00 secs] 
34.640: [CMS-concurrent-mark-start]
34.640: [GC (Allocation Failure) 34.640: [ParNew: 0K->0K(3072K), 0.0002180 secs]34.640: [CMS34.650: [CMS-concurrent-mark: 0.001/0.010 secs] [Times: user=0.00 sys=0.00, real=0.01 secs] 
 (concurrent mode failure): 4993K->897K(6848K), 0.0118108 secs] 4993K->897K(9920K), [Metaspace: 3664K->3664K(1056768K)], 0.0121017 secs] [Times: user=0.00 sys=0.00, real=0.01 secs] 
34.653: [GC (Allocation Failure) 34.653: [ParNew: 0K->0K(3072K), 0.0002412 secs]34.653: [CMS: 4993K->897K(6848K), 0.0020767 secs] 4993K->897K(9920K), [Metaspace: 3664K->3664K(1056768K)], 0.0024091 secs] [Times: user=0.00 sys=0.00, real=0.00 secs] 
34.655: [GC (CMS Initial Mark) [1 CMS-initial-mark: 4993K(6848K)] 4993K(9920K), 0.0001008 secs] [Times: user=0.00 sys=0.00, real=0.00 secs] 
34.656: [CMS-concurrent-mark-start]
34.656: [GC (Allocation Failure) 34.656: [ParNew: 0K->0K(3072K), 0.0002501 secs]34.656: [CMS34.667: [CMS-concurrent-mark: 0.003/0.011 secs] [Times: user=0.00 sys=0.00, real=0.01 secs] 
 (concurrent mode failure): 4993K->897K(6848K), 0.0145162 secs] 4993K->897K(9920K), [Metaspace: 3664K->3664K(1056768K)], 0.0148472 secs] [Times: user=0.00 sys=0.00, real=0.01 secs] 
34.671: [GC (Allocation Failure) 34.671: [ParNew: 0K->0K(3072K), 0.0002893 secs]34.671: [CMS: 4993K->897K(6848K), 0.0021450 secs] 4993K->897K(9920K), [Metaspace: 3664K->3664K(1056768K)], 0.0025157 secs] [Times: user=0.00 sys=0.00, real=0.00 secs] 
34.674: [GC (CMS Initial Mark) [1 CMS-initial-mark: 4993K(6848K)] 4993K(9920K), 0.0000870 secs] [Times: user=0.00 sys=0.00, real=0.00 secs] 
34.674: [CMS-concurrent-mark-start]
34.674: [GC (Allocation Failure) 34.674: [ParNew: 0K->0K(3072K), 0.0002192 secs]34.674: [CMS34.682: [CMS-concurrent-mark: 0.002/0.008 secs] [Times: user=0.00 sys=0.00, real=0.01 secs] 
 (concurrent mode failure): 4993K->897K(6848K), 0.0100874 secs] 4993K->897K(9920K), [Metaspace: 3664K->3664K(1056768K)], 0.0103859 secs] [Times: user=0.00 sys=0.00, real=0.01 secs] 
34.685: [GC (Allocation Failure) 34.685: [ParNew: 0K->0K(3072K), 0.0002536 secs]34.685: [CMS: 4993K->897K(6848K), 0.0019842 secs] 4993K->897K(9920K), [Metaspace: 3664K->3664K(1056768K)], 0.0023104 secs] [Times: user=0.00 sys=0.00, real=0.00 secs] 
34.687: [GC (CMS Initial Mark) [1 CMS-initial-mark: 4993K(6848K)] 4993K(9920K), 0.0001699 secs] [Times: user=0.00 sys=0.00, real=0.00 secs] 
34.688: [CMS-concurrent-mark-start]
34.688: [GC (Allocation Failure) 34.688: [ParNew: 0K->0K(3072K), 0.0003183 secs]34.688: [CMS34.698: [CMS-concurrent-mark: 0.003/0.010 secs] [Times: user=0.00 sys=0.00, real=0.01 secs] 
 (concurrent mode failure): 4993K->897K(6848K), 0.0131246 secs] 4993K->897K(9920K), [Metaspace: 3664K->3664K(1056768K)], 0.0135267 secs] [Times: user=0.00 sys=0.00, real=0.01 secs] 
34.702: [GC (Allocation Failure) 34.702: [ParNew: 0K->0K(3072K), 0.0003123 secs]34.702: [CMS: 4993K->897K(6848K), 0.0021803 secs] 4993K->897K(9920K), [Metaspace: 3664K->3664K(1056768K)], 0.0025702 secs] [Times: user=0.00 sys=0.00, real=0.00 secs] 
34.705: [GC (CMS Initial Mark) [1 CMS-initial-mark: 4993K(6848K)] 4993K(9920K), 0.0002029 secs] [Times: user=0.00 sys=0.00, real=0.00 secs] 
34.705: [CMS-concurrent-mark-start]
34.705: [GC (Allocation Failure) 34.705: [ParNew: 0K->0K(3072K), 0.0002557 secs]34.705: [CMS34.713: [CMS-concurrent-mark: 0.003/0.008 secs] [Times: user=0.00 sys=0.00, real=0.01 secs] 
 (concurrent mode failure): 4993K->897K(6848K), 0.0121795 secs] 4993K->897K(9920K), [Metaspace: 3664K->3664K(1056768K)], 0.0125209 secs] [Times: user=0.00 sys=0.00, real=0.01 secs] 
34.718: [GC (Allocation Failure) 34.718: [ParNew: 0K->0K(3072K), 0.0002929 secs]34.718: [CMS: 4993K->897K(6848K), 0.0021835 secs] 4993K->897K(9920K), [Metaspace: 3664K->3664K(1056768K)], 0.0025495 secs] [Times: user=0.00 sys=0.00, real=0.00 secs] 
34.721: [GC (CMS Initial Mark) [1 CMS-initial-mark: 4993K(6848K)] 4993K(9920K), 0.0001272 secs] [Times: user=0.00 sys=0.00, real=0.00 secs] 
34.721: [CMS-concurrent-mark-start]
34.721: [GC (Allocation Failure) 34.721: [ParNew: 0K->0K(3072K), 0.0002449 secs]34.721: [CMS34.729: [CMS-concurrent-mark: 0.002/0.008 secs] [Times: user=0.00 sys=0.00, real=0.01 secs] 
 (concurrent mode failure): 4993K->897K(6848K), 0.0130195 secs] 4993K->897K(9920K), [Metaspace: 3664K->3664K(1056768K)], 0.0133769 secs] [Times: user=0.00 sys=0.00, real=0.01 secs] 
34.735: [GC (Allocation Failure) 34.735: [ParNew: 0K->0K(3072K), 0.0002979 secs]34.735: [CMS: 4993K->897K(6848K), 0.0025157 secs] 4993K->897K(9920K), [Metaspace: 3664K->3664K(1056768K)], 0.0029051 secs] [Times: user=0.00 sys=0.00, real=0.00 secs] 
34.738: [GC (CMS Initial Mark) [1 CMS-initial-mark: 4993K(6848K)] 4993K(9920K), 0.0003699 secs] [Times: user=0.00 sys=0.01, real=0.00 secs] 
34.739: [CMS-concurrent-mark-start]
34.739: [GC (Allocation Failure) 34.739: [ParNew: 0K->0K(3072K), 0.0004867 secs]34.740: [CMS34.744: [CMS-concurrent-mark: 0.002/0.005 secs] [Times: user=0.00 sys=0.00, real=0.01 secs] 
 (concurrent mode failure): 4993K->897K(6848K), 0.0096524 secs] 4993K->897K(9920K), [Metaspace: 3664K->3664K(1056768K)], 0.0102598 secs] [Times: user=0.00 sys=0.00, real=0.01 secs] 
34.750: [GC (Allocation Failure) 34.750: [ParNew: 0K->0K(3072K), 0.0003240 secs]34.750: [CMS: 4993K->897K(6848K), 0.0024227 secs] 4993K->897K(9920K), [Metaspace: 3664K->3664K(1056768K)], 0.0028400 secs] [Times: user=0.00 sys=0.00, real=0.00 secs] 
34.753: [GC (CMS Initial Mark) [1 CMS-initial-mark: 4993K(6848K)] 4993K(9920K), 0.0001534 secs] [Times: user=0.00 sys=0.00, real=0.00 secs] 
34.753: [CMS-concurrent-mark-start]
34.753: [GC (Allocation Failure) 34.753: [ParNew: 0K->0K(3072K), 0.0002138 secs]34.753: [CMS34.759: [CMS-concurrent-mark: 0.002/0.005 secs] [Times: user=0.00 sys=0.00, real=0.01 secs] 
 (concurrent mode failure): 4993K->897K(6848K), 0.0085648 secs] 4993K->897K(9920K), [Metaspace: 3664K->3664K(1056768K)], 0.0090315 secs] [Times: user=0.00 sys=0.00, real=0.01 secs] 
34.763: [GC (Allocation Failure) 34.763: [ParNew: 0K->0K(3072K), 0.0004034 secs]34.764: [CMS: 4993K->897K(6848K), 0.0035485 secs] 4993K->897K(9920K), [Metaspace: 3664K->3664K(1056768K)], 0.0041903 secs] [Times: user=0.00 sys=0.00, real=0.00 secs] 
34.768: [GC (CMS Initial Mark) [1 CMS-initial-mark: 4993K(6848K)] 4993K(9920K), 0.0002144 secs] [Times: user=0.00 sys=0.00, real=0.00 secs] 
34.768: [CMS-concurrent-mark-start]
34.768: [GC (Allocation Failure) 34.768: [ParNew: 0K->0K(3072K), 0.0002049 secs]34.768: [CMS34.774: [CMS-concurrent-mark: 0.002/0.006 secs] [Times: user=0.00 sys=0.00, real=0.01 secs] 
 (concurrent mode failure): 4993K->897K(6848K), 0.0081544 secs] 4993K->897K(9920K), [Metaspace: 3664K->3664K(1056768K)], 0.0084266 secs] [Times: user=0.00 sys=0.00, real=0.01 secs] 
34.777: [GC (Allocation Failure) 34.777: [ParNew: 0K->0K(3072K), 0.0002767 secs]34.777: [CMS: 4993K->897K(6848K), 0.0047614 secs] 4993K->897K(9920K), [Metaspace: 3664K->3664K(1056768K)], 0.0051283 secs] [Times: user=0.00 sys=0.00, real=0.00 secs] 
34.782: [GC (CMS Initial Mark) [1 CMS-initial-mark: 4993K(6848K)] 4993K(9920K), 0.0001298 secs] [Times: user=0.00 sys=0.00, real=0.00 secs] 
34.783: [CMS-concurrent-mark-start]
34.783: [GC (Allocation Failure) 34.783: [ParNew: 0K->0K(3072K), 0.0003251 secs]34.783: [CMS34.790: [CMS-concurrent-mark: 0.001/0.007 secs] [Times: user=0.00 sys=0.00, real=0.01 secs] 
 (concurrent mode failure): 4993K->897K(6848K), 0.0090728 secs] 4993K->897K(9920K), [Metaspace: 3664K->3664K(1056768K)], 0.0094767 secs] [Times: user=0.00 sys=0.00, real=0.01 secs] 
34.792: [GC (Allocation Failure) 34.792: [ParNew: 0K->0K(3072K), 0.0002646 secs]34.793: [CMS: 4993K->897K(6848K), 0.0038587 secs] 4993K->897K(9920K), [Metaspace: 3664K->3664K(1056768K)], 0.0042072 secs] [Times: user=0.00 sys=0.00, real=0.00 secs] 
34.797: [GC (CMS Initial Mark) [1 CMS-initial-mark: 4993K(6848K)] 4993K(9920K), 0.0002124 secs] [Times: user=0.00 sys=0.00, real=0.00 secs] 
34.797: [CMS-concurrent-mark-start]
34.798: [GC (Allocation Failure) 34.798: [ParNew: 0K->0K(3072K), 0.0002851 secs]34.798: [CMS34.805: [CMS-concurrent-mark: 0.002/0.008 secs] [Times: user=0.00 sys=0.00, real=0.01 secs] 
 (concurrent mode failure): 4993K->897K(6848K), 0.0098982 secs] 4993K->897K(9920K), [Metaspace: 3664K->3664K(1056768K)], 0.0102945 secs] [Times: user=0.00 sys=0.00, real=0.01 secs] 
34.808: [GC (Allocation Failure) 34.808: [ParNew: 0K->0K(3072K), 0.0002289 secs]34.808: [CMS: 4993K->897K(6848K), 0.0018912 secs] 4993K->897K(9920K), [Metaspace: 3664K->3664K(1056768K)], 0.0021882 secs] [Times: user=0.00 sys=0.00, real=0.00 secs] 
34.811: [GC (CMS Initial Mark) [1 CMS-initial-mark: 4993K(6848K)] 4993K(9920K), 0.0001842 secs] [Times: user=0.00 sys=0.00, real=0.00 secs] 
34.811: [CMS-concurrent-mark-start]
34.811: [GC (Allocation Failure) 34.811: [ParNew: 0K->0K(3072K), 0.0010254 secs]34.812: [CMS34.820: [CMS-concurrent-mark: 0.001/0.009 secs] [Times: user=0.00 sys=0.00, real=0.01 secs] 
 (concurrent mode failure): 4993K->897K(6848K), 0.0104498 secs] 4993K->897K(9920K), [Metaspace: 3664K->3664K(1056768K)], 0.0117330 secs] [Times: user=0.00 sys=0.00, real=0.01 secs] 
34.823: [GC (Allocation Failure) 34.823: [ParNew: 0K->0K(3072K), 0.0002255 secs]34.823: [CMS: 4993K->897K(6848K), 0.0022105 secs] 4993K->897K(9920K), [Metaspace: 3664K->3664K(1056768K)], 0.0025067 secs] [Times: user=0.00 sys=0.00, real=0.00 secs] 
34.826: [GC (CMS Initial Mark) [1 CMS-initial-mark: 4993K(6848K)] 4993K(9920K), 0.0001482 secs] [Times: user=0.00 sys=0.00, real=0.00 secs] 
34.826: [CMS-concurrent-mark-start]
34.826: [GC (Allocation Failure) 34.826: [ParNew: 0K->0K(3072K), 0.0002276 secs]34.827: [CMS34.836: [CMS-concurrent-mark: 0.002/0.010 secs] [Times: user=0.00 sys=0.00, real=0.01 secs] 
 (concurrent mode failure): 4993K->897K(6848K), 0.0113610 secs] 4993K->897K(9920K), [Metaspace: 3664K->3664K(1056768K)], 0.0116589 secs] [Times: user=0.00 sys=0.00, real=0.01 secs] 
34.838: [GC (Allocation Failure) 34.838: [ParNew: 0K->0K(3072K), 0.0002071 secs]34.839: [CMS: 4993K->897K(6848K), 0.0020784 secs] 4993K->897K(9920K), [Metaspace: 3664K->3664K(1056768K)], 0.0023626 secs] [Times: user=0.00 sys=0.00, real=0.00 secs] 
34.841: [GC (CMS Initial Mark) [1 CMS-initial-mark: 4993K(6848K)] 4993K(9920K), 0.0001207 secs] [Times: user=0.00 sys=0.00, real=0.00 secs] 
34.841: [CMS-concurrent-mark-start]
34.841: [GC (Allocation Failure) 34.841: [ParNew: 0K->0K(3072K), 0.0002238 secs]34.842: [CMS34.852: [CMS-concurrent-mark: 0.001/0.010 secs] [Times: user=0.00 sys=0.00, real=0.01 secs] 
 (concurrent mode failure): 4993K->897K(6848K), 0.0126769 secs] 4993K->897K(9920K), [Metaspace: 3664K->3664K(1056768K)], 0.0129970 secs] [Times: user=0.00 sys=0.00, real=0.01 secs] 
34.855: [GC (Allocation Failure) 34.855: [ParNew: 0K->0K(3072K), 0.0002450 secs]34.855: [CMS: 4993K->897K(6848K), 0.0022000 secs] 4993K->897K(9920K), [Metaspace: 3664K->3664K(1056768K)], 0.0025323 secs] [Times: user=0.00 sys=0.00, real=0.00 secs] 
34.858: [GC (CMS Initial Mark) [1 CMS-initial-mark: 4993K(6848K)] 4993K(9920K), 0.0001835 secs] [Times: user=0.00 sys=0.00, real=0.00 secs] 
34.858: [CMS-concurrent-mark-start]
34.858: [GC (Allocation Failure) 34.858: [ParNew: 0K->0K(3072K), 0.0002056 secs]34.858: [CMS34.867: [CMS-concurrent-mark: 0.002/0.009 secs] [Times: user=0.00 sys=0.00, real=0.01 secs] 
 (concurrent mode failure): 4993K->897K(6848K), 0.0116264 secs] 4993K->897K(9920K), [Metaspace: 3664K->3664K(1056768K)], 0.0119019 secs] [Times: user=0.00 sys=0.00, real=0.01 secs] 
34.870: [GC (Allocation Failure) 34.870: [ParNew: 0K->0K(3072K), 0.0002001 secs]34.870: [CMS: 4993K->897K(6848K), 0.0021218 secs] 4993K->897K(9920K), [Metaspace: 3664K->3664K(1056768K)], 0.0023987 secs] [Times: user=0.00 sys=0.00, real=0.00 secs] 
34.873: [GC (CMS Initial Mark) [1 CMS-initial-mark: 4993K(6848K)] 4993K(9920K), 0.0001544 secs] [Times: user=0.00 sys=0.00, real=0.00 secs] 
34.873: [CMS-concurrent-mark-start]
34.873: [GC (Allocation Failure) 34.873: [ParNew: 0K->0K(3072K), 0.0002736 secs]34.874: [CMS34.883: [CMS-concurrent-mark: 0.002/0.010 secs] [Times: user=0.00 sys=0.00, real=0.01 secs] 
 (concurrent mode failure): 4993K->897K(6848K), 0.0127430 secs] 4993K->897K(9920K), [Metaspace: 3664K->3664K(1056768K)], 0.0131037 secs] [Times: user=0.00 sys=0.00, real=0.01 secs] 
34.887: [GC (Allocation Failure) 34.887: [ParNew: 0K->0K(3072K), 0.0002816 secs]34.887: [CMS: 4993K->897K(6848K), 0.0023805 secs] 4993K->897K(9920K), [Metaspace: 3664K->3664K(1056768K)], 0.0027565 secs] [Times: user=0.00 sys=0.00, real=0.00 secs] 
34.890: [GC (CMS Initial Mark) [1 CMS-initial-mark: 4993K(6848K)] 4993K(9920K), 0.0001407 secs] [Times: user=0.00 sys=0.00, real=0.00 secs] 
34.890: [CMS-concurrent-mark-start]
34.890: [GC (Allocation Failure) 34.890: [ParNew: 0K->0K(3072K), 0.0003019 secs]34.891: [CMS34.899: [CMS-concurrent-mark: 0.002/0.009 secs] [Times: user=0.00 sys=0.00, real=0.01 secs] 
 (concurrent mode failure): 4993K->897K(6848K), 0.0108558 secs] 4993K->897K(9920K), [Metaspace: 3664K->3664K(1056768K)], 0.0112328 secs] [Times: user=0.00 sys=0.00, real=0.01 secs] 
34.902: [GC (Allocation Failure) 34.902: [ParNew: 0K->0K(3072K), 0.0002570 secs]34.902: [CMS: 4993K->897K(6848K), 0.0021694 secs] 4993K->897K(9920K), [Metaspace: 3664K->3664K(1056768K)], 0.0025045 secs] [Times: user=0.00 sys=0.00, real=0.00 secs] 
34.905: [GC (CMS Initial Mark) [1 CMS-initial-mark: 4993K(6848K)] 4993K(9920K), 0.0002485 secs] [Times: user=0.00 sys=0.00, real=0.00 secs] 
34.905: [CMS-concurrent-mark-start]
34.905: [GC (Allocation Failure) 34.905: [ParNew: 0K->0K(3072K), 0.0002370 secs]34.905: [CMS34.914: [CMS-concurrent-mark: 0.002/0.009 secs] [Times: user=0.00 sys=0.00, real=0.01 secs] 
 (concurrent mode failure): 4993K->897K(6848K), 0.0125646 secs] 4993K->897K(9920K), [Metaspace: 3664K->3664K(1056768K)], 0.0128867 secs] [Times: user=0.00 sys=0.00, real=0.01 secs] 
34.918: [GC (Allocation Failure) 34.918: [ParNew: 0K->0K(3072K), 0.0002903 secs]34.919: [CMS: 4993K->897K(6848K), 0.0021324 secs] 4993K->897K(9920K), [Metaspace: 3664K->3664K(1056768K)], 0.0025046 secs] [Times: user=0.00 sys=0.00, real=0.00 secs] 
34.921: [GC (CMS Initial Mark) [1 CMS-initial-mark: 4993K(6848K)] 4993K(9920K), 0.0001208 secs] [Times: user=0.00 sys=0.00, real=0.00 secs] 
34.922: [CMS-concurrent-mark-start]
34.922: [GC (Allocation Failure) 34.922: [ParNew: 0K->0K(3072K), 0.0002531 secs]34.922: [CMS34.931: [CMS-concurrent-mark: 0.002/0.010 secs] [Times: user=0.00 sys=0.00, real=0.01 secs] 
 (concurrent mode failure): 4993K->897K(6848K), 0.0130712 secs] 4993K->897K(9920K), [Metaspace: 3664K->3664K(1056768K)], 0.0134088 secs] [Times: user=0.00 sys=0.00, real=0.01 secs] 
34.935: [GC (Allocation Failure) 34.935: [ParNew: 0K->0K(3072K), 0.0003071 secs]34.936: [CMS: 4993K->897K(6848K), 0.0022179 secs] 4993K->897K(9920K), [Metaspace: 3664K->3664K(1056768K)], 0.0025988 secs] [Times: user=0.00 sys=0.00, real=0.00 secs] 
34.938: [GC (CMS Initial Mark) [1 CMS-initial-mark: 4993K(6848K)] 4993K(9920K), 0.0001310 secs] [Times: user=0.00 sys=0.00, real=0.00 secs] 
34.939: [CMS-concurrent-mark-start]
34.939: [GC (Allocation Failure) 34.939: [ParNew: 0K->0K(3072K), 0.0002305 secs]34.939: [CMS34.947: [CMS-concurrent-mark: 0.002/0.008 secs] [Times: user=0.00 sys=0.00, real=0.01 secs] 
 (concurrent mode failure): 4993K->897K(6848K), 0.0115710 secs] 4993K->897K(9920K), [Metaspace: 3664K->3664K(1056768K)], 0.0118806 secs] [Times: user=0.00 sys=0.00, real=0.01 secs] 
34.951: [GC (Allocation Failure) 34.951: [ParNew: 0K->0K(3072K), 0.0002935 secs]34.951: [CMS: 4993K->897K(6848K), 0.0022654 secs] 4993K->897K(9920K), [Metaspace: 3664K->3664K(1056768K)], 0.0026364 secs] [Times: user=0.00 sys=0.00, real=0.00 secs] 
34.954: [GC (CMS Initial Mark) [1 CMS-initial-mark: 4993K(6848K)] 4993K(9920K), 0.0001227 secs] [Times: user=0.00 sys=0.00, real=0.00 secs] 
34.954: [CMS-concurrent-mark-start]
34.954: [GC (Allocation Failure) 34.954: [ParNew: 0K->0K(3072K), 0.0002232 secs]34.954: [CMS34.961: [CMS-concurrent-mark: 0.002/0.007 secs] [Times: user=0.00 sys=0.00, real=0.01 secs] 
 (concurrent mode failure): 4993K->897K(6848K), 0.0117756 secs] 4993K->897K(9920K), [Metaspace: 3664K->3664K(1056768K)], 0.0121028 secs] [Times: user=0.00 sys=0.00, real=0.01 secs] 
34.967: [GC (Allocation Failure) 34.967: [ParNew: 0K->0K(3072K), 0.0003047 secs]34.967: [CMS: 4993K->897K(6848K), 0.0020039 secs] 4993K->897K(9920K), [Metaspace: 3664K->3664K(1056768K)], 0.0023745 secs] [Times: user=0.00 sys=0.00, real=0.00 secs] 
34.969: [GC (CMS Initial Mark) [1 CMS-initial-mark: 4993K(6848K)] 4993K(9920K), 0.0002092 secs] [Times: user=0.00 sys=0.00, real=0.00 secs] 
34.970: [CMS-concurrent-mark-start]
34.970: [GC (Allocation Failure) 34.970: [ParNew: 0K->0K(3072K), 0.0002353 secs]34.970: [CMS34.977: [CMS-concurrent-mark: 0.002/0.007 secs] [Times: user=0.00 sys=0.00, real=0.01 secs] 
 (concurrent mode failure): 4993K->897K(6848K), 0.0106881 secs] 4993K->897K(9920K), [Metaspace: 3664K->3664K(1056768K)], 0.0110040 secs] [Times: user=0.00 sys=0.00, real=0.01 secs] 
34.981: [GC (Allocation Failure) 34.981: [ParNew: 0K->0K(3072K), 0.0002553 secs]34.981: [CMS: 4993K->897K(6848K), 0.0024822 secs] 4993K->897K(9920K), [Metaspace: 3664K->3664K(1056768K)], 0.0028176 secs] [Times: user=0.00 sys=0.00, real=0.00 secs] 
34.984: [GC (CMS Initial Mark) [1 CMS-initial-mark: 4993K(6848K)] 4993K(9920K), 0.0001658 secs] [Times: user=0.00 sys=0.00, real=0.00 secs] 
34.984: [CMS-concurrent-mark-start]
34.985: [GC (Allocation Failure) 34.985: [ParNew: 0K->0K(3072K), 0.0002011 secs]34.985: [CMS34.992: [CMS-concurrent-mark: 0.002/0.008 secs] [Times: user=0.00 sys=0.00, real=0.01 secs] 
 (concurrent mode failure): 4993K->897K(6848K), 0.0115409 secs] 4993K->897K(9920K), [Metaspace: 3664K->3664K(1056768K)], 0.0118481 secs] [Times: user=0.00 sys=0.00, real=0.01 secs] 
34.997: [GC (Allocation Failure) 34.997: [ParNew: 0K->0K(3072K), 0.0003395 secs]34.997: [CMS: 4993K->897K(6848K), 0.0026174 secs] 4993K->897K(9920K), [Metaspace: 3664K->3664K(1056768K)], 0.0030563 secs] [Times: user=0.00 sys=0.00, real=0.00 secs] 
35.000: [GC (CMS Initial Mark) [1 CMS-initial-mark: 4993K(6848K)] 4993K(9920K), 0.0001095 secs] [Times: user=0.00 sys=0.00, real=0.00 secs] 
35.000: [CMS-concurrent-mark-start]
35.001: [GC (Allocation Failure) 35.001: [ParNew: 0K->0K(3072K), 0.0001971 secs]35.001: [CMS35.008: [CMS-concurrent-mark: 0.002/0.007 secs] [Times: user=0.00 sys=0.00, real=0.01 secs] 
 (concurrent mode failure): 4993K->897K(6848K), 0.0094472 secs] 4993K->897K(9920K), [Metaspace: 3664K->3664K(1056768K)], 0.0097159 secs] [Times: user=0.00 sys=0.00, real=0.01 secs] 
35.011: [GC (Allocation Failure) 35.011: [ParNew: 0K->0K(3072K), 0.0003672 secs]35.011: [CMS: 4993K->897K(6848K), 0.0038616 secs] 4993K->897K(9920K), [Metaspace: 3664K->3664K(1056768K)], 0.0043355 secs] [Times: user=0.00 sys=0.00, real=0.00 secs] 
35.015: [GC (CMS Initial Mark) [1 CMS-initial-mark: 4993K(6848K)] 4993K(9920K), 0.0001212 secs] [Times: user=0.00 sys=0.00, real=0.00 secs] 
35.016: [CMS-concurrent-mark-start]
35.016: [GC (Allocation Failure) 35.016: [ParNew: 0K->0K(3072K), 0.0002129 secs]35.016: [CMS35.023: [CMS-concurrent-mark: 0.002/0.008 secs] [Times: user=0.00 sys=0.00, real=0.01 secs] 
 (concurrent mode failure): 4993K->897K(6848K), 0.0097676 secs] 4993K->897K(9920K), [Metaspace: 3664K->3664K(1056768K)], 0.0100415 secs] [Times: user=0.00 sys=0.00, real=0.01 secs] 
35.026: [GC (Allocation Failure) 35.026: [ParNew: 0K->0K(3072K), 0.0002239 secs]35.026: [CMS: 4993K->897K(6848K), 0.0040338 secs] 4993K->897K(9920K), [Metaspace: 3664K->3664K(1056768K)], 0.0043310 secs] [Times: user=0.00 sys=0.00, real=0.00 secs] 
35.031: [GC (CMS Initial Mark) [1 CMS-initial-mark: 4993K(6848K)] 4993K(9920K), 0.0002118 secs] [Times: user=0.00 sys=0.00, real=0.00 secs] 
35.031: [CMS-concurrent-mark-start]
35.031: [GC (Allocation Failure) 35.031: [ParNew: 0K->0K(3072K), 0.0003146 secs]35.031: [CMS35.040: [CMS-concurrent-mark: 0.002/0.009 secs] [Times: user=0.00 sys=0.00, real=0.01 secs] 
 (concurrent mode failure): 4993K->897K(6848K), 0.0105968 secs] 4993K->897K(9920K), [Metaspace: 3664K->3664K(1056768K)], 0.0109888 secs] [Times: user=0.00 sys=0.00, real=0.01 secs] 
35.042: [GC (Allocation Failure) 35.042: [ParNew: 0K->0K(3072K), 0.0002672 secs]35.043: [CMS: 4993K->897K(6848K), 0.0043165 secs] 4993K->897K(9920K), [Metaspace: 3664K->3664K(1056768K)], 0.0046729 secs] [Times: user=0.00 sys=0.00, real=0.01 secs] 
35.047: [GC (CMS Initial Mark) [1 CMS-initial-mark: 4993K(6848K)] 4993K(9920K), 0.0001539 secs] [Times: user=0.00 sys=0.00, real=0.00 secs] 
35.048: [CMS-concurrent-mark-start]
35.048: [GC (Allocation Failure) 35.048: [ParNew: 0K->0K(3072K), 0.0003356 secs]35.048: [CMS35.054: [CMS-concurrent-mark: 0.001/0.006 secs] [Times: user=0.00 sys=0.00, real=0.01 secs] 
 (concurrent mode failure): 4993K->897K(6848K), 0.0083171 secs] 4993K->897K(9920K), [Metaspace: 3664K->3664K(1056768K)], 0.0087378 secs] [Times: user=0.00 sys=0.00, real=0.01 secs] 
35.057: [GC (Allocation Failure) 35.057: [ParNew: 0K->0K(3072K), 0.0002474 secs]35.057: [CMS: 4993K->897K(6848K), 0.0020153 secs] 4993K->897K(9920K), [Metaspace: 3664K->3664K(1056768K)], 0.0023465 secs] [Times: user=0.00 sys=0.00, real=0.00 secs] 
35.060: [GC (CMS Initial Mark) [1 CMS-initial-mark: 4993K(6848K)] 4993K(9920K), 0.0001436 secs] [Times: user=0.00 sys=0.00, real=0.00 secs] 
35.060: [CMS-concurrent-mark-start]
35.060: [GC (Allocation Failure) 35.060: [ParNew: 0K->0K(3072K), 0.0002322 secs]35.060: [CMS35.070: [CMS-concurrent-mark: 0.002/0.010 secs] [Times: user=0.00 sys=0.00, real=0.01 secs] 
 (concurrent mode failure): 4993K->897K(6848K), 0.0117852 secs] 4993K->897K(9920K), [Metaspace: 3664K->3664K(1056768K)], 0.0121026 secs] [Times: user=0.00 sys=0.00, real=0.01 secs] 
35.072: [GC (Allocation Failure) 35.072: [ParNew: 0K->0K(3072K), 0.0003328 secs]35.073: [CMS: 4993K->897K(6848K), 0.0019704 secs] 4993K->897K(9920K), [Metaspace: 3664K->3664K(1056768K)], 0.0023750 secs] [Times: user=0.00 sys=0.00, real=0.00 secs] 
35.075: [GC (CMS Initial Mark) [1 CMS-initial-mark: 4993K(6848K)] 4993K(9920K), 0.0002824 secs] [Times: user=0.00 sys=0.00, real=0.00 secs] 
35.075: [CMS-concurrent-mark-start]
35.075: [GC (Allocation Failure) 35.075: [ParNew: 0K->0K(3072K), 0.0002386 secs]35.076: [CMS35.085: [CMS-concurrent-mark: 0.002/0.010 secs] [Times: user=0.00 sys=0.00, real=0.01 secs] 
 (concurrent mode failure): 4993K->897K(6848K), 0.0114933 secs] 4993K->897K(9920K), [Metaspace: 3664K->3664K(1056768K)], 0.0118091 secs] [Times: user=0.00 sys=0.00, real=0.01 secs] 
35.088: [GC (Allocation Failure) 35.088: [ParNew: 0K->0K(3072K), 0.0002356 secs]35.088: [CMS: 4993K->897K(6848K), 0.0018829 secs] 4993K->897K(9920K), [Metaspace: 3664K->3664K(1056768K)], 0.0022006 secs] [Times: user=0.00 sys=0.00, real=0.00 secs] 
35.090: [GC (CMS Initial Mark) [1 CMS-initial-mark: 4993K(6848K)] 4993K(9920K), 0.0001183 secs] [Times: user=0.00 sys=0.00, real=0.00 secs] 
35.090: [CMS-concurrent-mark-start]
35.090: [GC (Allocation Failure) 35.090: [ParNew: 0K->0K(3072K), 0.0002208 secs]35.091: [CMS35.100: [CMS-concurrent-mark: 0.002/0.010 secs] [Times: user=0.00 sys=0.00, real=0.01 secs] 
 (concurrent mode failure): 4993K->897K(6848K), 0.0119379 secs] 4993K->897K(9920K), [Metaspace: 3664K->3664K(1056768K)], 0.0122276 secs] [Times: user=0.00 sys=0.00, real=0.01 secs] 
35.103: [GC (Allocation Failure) 35.103: [ParNew: 0K->0K(3072K), 0.0002638 secs]35.103: [CMS: 4993K->897K(6848K), 0.0020208 secs] 4993K->897K(9920K), [Metaspace: 3664K->3664K(1056768K)], 0.0023565 secs] [Times: user=0.00 sys=0.00, real=0.00 secs] 
35.106: [GC (CMS Initial Mark) [1 CMS-initial-mark: 4993K(6848K)] 4993K(9920K), 0.0001139 secs] [Times: user=0.00 sys=0.00, real=0.00 secs] 
35.106: [CMS-concurrent-mark-start]
35.106: [GC (Allocation Failure) 35.106: [ParNew: 0K->0K(3072K), 0.0002586 secs]35.106: [CMS35.115: [CMS-concurrent-mark: 0.001/0.009 secs] [Times: user=0.00 sys=0.00, real=0.01 secs] 
 (concurrent mode failure): 4993K->897K(6848K), 0.0115796 secs] 4993K->897K(9920K), [Metaspace: 3664K->3664K(1056768K)], 0.0119128 secs] [Times: user=0.00 sys=0.00, real=0.01 secs] 
35.118: [GC (Allocation Failure) 35.118: [ParNew: 0K->0K(3072K), 0.0002136 secs]35.119: [CMS: 4993K->897K(6848K), 0.0020035 secs] 4993K->897K(9920K), [Metaspace: 3664K->3664K(1056768K)], 0.0023073 secs] [Times: user=0.00 sys=0.00, real=0.00 secs] 
35.121: [GC (CMS Initial Mark) [1 CMS-initial-mark: 4993K(6848K)] 4993K(9920K), 0.0000845 secs] [Times: user=0.00 sys=0.00, real=0.00 secs] 
35.121: [CMS-concurrent-mark-start]
35.121: [GC (Allocation Failure) 35.121: [ParNew: 0K->0K(3072K), 0.0002835 secs]35.121: [CMS35.131: [CMS-concurrent-mark: 0.002/0.010 secs] [Times: user=0.03 sys=0.00, real=0.01 secs] 
 (concurrent mode failure): 4993K->897K(6848K), 0.0118243 secs] 4993K->897K(9920K), [Metaspace: 3664K->3664K(1056768K)], 0.0121855 secs] [Times: user=0.03 sys=0.00, real=0.01 secs] 
35.134: [GC (Allocation Failure) 35.134: [ParNew: 0K->0K(3072K), 0.0002641 secs]35.134: [CMS: 4993K->897K(6848K), 0.0018737 secs] 4993K->897K(9920K), [Metaspace: 3664K->3664K(1056768K)], 0.0022233 secs] [Times: user=0.00 sys=0.00, real=0.00 secs] 
35.136: [GC (CMS Initial Mark) [1 CMS-initial-mark: 4993K(6848K)] 4993K(9920K), 0.0001408 secs] [Times: user=0.00 sys=0.00, real=0.00 secs] 
35.136: [CMS-concurrent-mark-start]
35.137: [GC (Allocation Failure) 35.137: [ParNew: 0K->0K(3072K), 0.0002427 secs]35.137: [CMS35.147: [CMS-concurrent-mark: 0.002/0.010 secs] [Times: user=0.00 sys=0.00, real=0.01 secs] 
 (concurrent mode failure): 4993K->897K(6848K), 0.0123175 secs] 4993K->897K(9920K), [Metaspace: 3664K->3664K(1056768K)], 0.0126321 secs] [Times: user=0.00 sys=0.00, real=0.01 secs] 
35.149: [GC (Allocation Failure) 35.149: [ParNew: 0K->0K(3072K), 0.0002023 secs]35.150: [CMS: 4993K->897K(6848K), 0.0020095 secs] 4993K->897K(9920K), [Metaspace: 3664K->3664K(1056768K)], 0.0022809 secs] [Times: user=0.00 sys=0.00, real=0.00 secs] 
35.152: [GC (CMS Initial Mark) [1 CMS-initial-mark: 4993K(6848K)] 4993K(9920K), 0.0000836 secs] [Times: user=0.00 sys=0.00, real=0.00 secs] 
35.152: [CMS-concurrent-mark-start]
35.152: [GC (Allocation Failure) 35.152: [ParNew: 0K->0K(3072K), 0.0002083 secs]35.152: [CMS35.163: [CMS-concurrent-mark: 0.002/0.010 secs] [Times: user=0.02 sys=0.00, real=0.01 secs] 
 (concurrent mode failure): 4993K->897K(6848K), 0.0137668 secs] 4993K->897K(9920K), [Metaspace: 3664K->3664K(1056768K)], 0.0140458 secs] [Times: user=0.02 sys=0.00, real=0.01 secs] 
35.167: [GC (Allocation Failure) 35.167: [ParNew: 0K->0K(3072K), 0.0002786 secs]35.167: [CMS: 4993K->897K(6848K), 0.0028445 secs] 4993K->897K(9920K), [Metaspace: 3664K->3664K(1056768K)], 0.0032199 secs] [Times: user=0.00 sys=0.00, real=0.00 secs] 
35.170: [GC (CMS Initial Mark) [1 CMS-initial-mark: 4993K(6848K)] 4993K(9920K), 0.0002288 secs] [Times: user=0.00 sys=0.00, real=0.00 secs] 
35.171: [CMS-concurrent-mark-start]
35.171: [GC (Allocation Failure) 35.171: [ParNew: 0K->0K(3072K), 0.0003684 secs]35.171: [CMS35.177: [CMS-concurrent-mark: 0.002/0.007 secs] [Times: user=0.03 sys=0.00, real=0.01 secs] 
 (concurrent mode failure): 4993K->897K(6848K), 0.0113062 secs] 4993K->897K(9920K), [Metaspace: 3664K->3664K(1056768K)], 0.0117778 secs] [Times: user=0.03 sys=0.00, real=0.01 secs] 
35.183: [GC (Allocation Failure) 35.183: [ParNew: 0K->0K(3072K), 0.0003218 secs]35.183: [CMS: 4993K->897K(6848K), 0.0024344 secs] 4993K->897K(9920K), [Metaspace: 3664K->3664K(1056768K)], 0.0028670 secs] [Times: user=0.00 sys=0.00, real=0.00 secs] 
35.186: [GC (CMS Initial Mark) [1 CMS-initial-mark: 4993K(6848K)] 4993K(9920K), 0.0000883 secs] [Times: user=0.00 sys=0.00, real=0.00 secs] 
35.186: [CMS-concurrent-mark-start]
35.186: [GC (Allocation Failure) 35.186: [ParNew: 0K->0K(3072K), 0.0002175 secs]35.187: [CMS35.193: [CMS-concurrent-mark: 0.002/0.007 secs] [Times: user=0.03 sys=0.00, real=0.01 secs] 
 (concurrent mode failure): 4993K->897K(6848K), 0.0102205 secs] 4993K->897K(9920K), [Metaspace: 3664K->3664K(1056768K)], 0.0105156 secs] [Times: user=0.03 sys=0.00, real=0.01 secs] 
35.197: [GC (Allocation Failure) 35.197: [ParNew: 0K->0K(3072K), 0.0003103 secs]35.198: [CMS: 4993K->897K(6848K), 0.0021701 secs] 4993K->897K(9920K), [Metaspace: 3664K->3664K(1056768K)], 0.0025821 secs] [Times: user=0.00 sys=0.00, real=0.00 secs] 
35.200: [GC (CMS Initial Mark) [1 CMS-initial-mark: 4993K(6848K)] 4993K(9920K), 0.0001083 secs] [Times: user=0.00 sys=0.00, real=0.00 secs] 
35.200: [CMS-concurrent-mark-start]
35.200: [GC (Allocation Failure) 35.200: [ParNew: 0K->0K(3072K), 0.0003034 secs]35.201: [CMS35.209: [CMS-concurrent-mark: 0.002/0.008 secs] [Times: user=0.03 sys=0.00, real=0.01 secs] 
 (concurrent mode failure): 4993K->897K(6848K), 0.0112214 secs] 4993K->897K(9920K), [Metaspace: 3664K->3664K(1056768K)], 0.0116259 secs] [Times: user=0.03 sys=0.00, real=0.01 secs] 
35.212: [GC (Allocation Failure) 35.212: [ParNew: 0K->0K(3072K), 0.0002704 secs]35.213: [CMS: 4993K->897K(6848K), 0.0021117 secs] 4993K->897K(9920K), [Metaspace: 3664K->3664K(1056768K)], 0.0024738 secs] [Times: user=0.00 sys=0.00, real=0.00 secs] 
35.215: [GC (CMS Initial Mark) [1 CMS-initial-mark: 4993K(6848K)] 4993K(9920K), 0.0000988 secs] [Times: user=0.00 sys=0.00, real=0.00 secs] 
35.215: [CMS-concurrent-mark-start]
35.215: [GC (Allocation Failure) 35.215: [ParNew: 0K->0K(3072K), 0.0002478 secs]35.216: [CMS35.224: [CMS-concurrent-mark: 0.002/0.009 secs] [Times: user=0.03 sys=0.00, real=0.01 secs] 
 (concurrent mode failure): 4993K->897K(6848K), 0.0106883 secs] 4993K->897K(9920K), [Metaspace: 3664K->3664K(1056768K)], 0.0110042 secs] [Times: user=0.03 sys=0.00, real=0.01 secs] 
35.227: [GC (Allocation Failure) 35.227: [ParNew: 0K->0K(3072K), 0.0003362 secs]35.227: [CMS: 4993K->897K(6848K), 0.0052008 secs] 4993K->897K(9920K), [Metaspace: 3664K->3664K(1056768K)], 0.0056488 secs] [Times: user=0.00 sys=0.00, real=0.00 secs] 
35.233: [GC (CMS Initial Mark) [1 CMS-initial-mark: 4993K(6848K)] 4993K(9920K), 0.0001917 secs] [Times: user=0.00 sys=0.00, real=0.00 secs] 
35.233: [CMS-concurrent-mark-start]
35.233: [GC (Allocation Failure) 35.233: [ParNew: 0K->0K(3072K), 0.0002867 secs]35.234: [CMS35.240: [CMS-concurrent-mark: 0.002/0.006 secs] [Times: user=0.03 sys=0.00, real=0.01 secs] 
 (concurrent mode failure): 4993K->897K(6848K), 0.0080333 secs] 4993K->897K(9920K), [Metaspace: 3664K->3664K(1056768K)], 0.0083967 secs] [Times: user=0.03 sys=0.00, real=0.01 secs] 
35.242: [GC (Allocation Failure) 35.242: [ParNew: 0K->0K(3072K), 0.0003904 secs]35.243: [CMS: 4993K->897K(6848K), 0.0036924 secs] 4993K->897K(9920K), [Metaspace: 3664K->3664K(1056768K)], 0.0041698 secs] [Times: user=0.00 sys=0.00, real=0.00 secs] 
35.247: [GC (CMS Initial Mark) [1 CMS-initial-mark: 4993K(6848K)] 4993K(9920K), 0.0001354 secs] [Times: user=0.00 sys=0.00, real=0.00 secs] 
35.247: [CMS-concurrent-mark-start]
35.247: [GC (Allocation Failure) 35.247: [ParNew: 0K->0K(3072K), 0.0002976 secs]35.247: [CMS35.254: [CMS-concurrent-mark: 0.001/0.007 secs] [Times: user=0.00 sys=0.00, real=0.01 secs] 
 (concurrent mode failure): 4993K->897K(6848K), 0.0092634 secs] 4993K->897K(9920K), [Metaspace: 3664K->3664K(1056768K)], 0.0096460 secs] [Times: user=0.01 sys=0.00, real=0.01 secs] 
35.257: [GC (Allocation Failure) 35.257: [ParNew: 0K->0K(3072K), 0.0002774 secs]35.258: [CMS: 4993K->897K(6848K), 0.0021649 secs] 4993K->897K(9920K), [Metaspace: 3664K->3664K(1056768K)], 0.0025232 secs] [Times: user=0.00 sys=0.00, real=0.00 secs] 
35.260: [GC (CMS Initial Mark) [1 CMS-initial-mark: 4993K(6848K)] 4993K(9920K), 0.0001092 secs] [Times: user=0.00 sys=0.00, real=0.00 secs] 
35.260: [CMS-concurrent-mark-start]
35.260: [GC (Allocation Failure) 35.260: [ParNew: 0K->0K(3072K), 0.0003054 secs]35.261: [CMS35.270: [CMS-concurrent-mark: 0.002/0.010 secs] [Times: user=0.00 sys=0.00, real=0.01 secs] 
 (concurrent mode failure): 4993K->897K(6848K), 0.0119127 secs] 4993K->897K(9920K), [Metaspace: 3664K->3664K(1056768K)], 0.0123237 secs] [Times: user=0.02 sys=0.00, real=0.01 secs] 
35.273: [GC (Allocation Failure) 35.273: [ParNew: 0K->0K(3072K), 0.0002351 secs]35.273: [CMS: 4993K->897K(6848K), 0.0020272 secs] 4993K->897K(9920K), [Metaspace: 3664K->3664K(1056768K)], 0.0023334 secs] [Times: user=0.00 sys=0.00, real=0.00 secs] 
35.276: [GC (CMS Initial Mark) [1 CMS-initial-mark: 4993K(6848K)] 4993K(9920K), 0.0001533 secs] [Times: user=0.00 sys=0.00, real=0.00 secs] 
35.276: [CMS-concurrent-mark-start]
35.276: [GC (Allocation Failure) 35.276: [ParNew: 0K->0K(3072K), 0.0002284 secs]35.276: [CMS35.286: [CMS-concurrent-mark: 0.002/0.010 secs] [Times: user=0.00 sys=0.00, real=0.01 secs] 
 (concurrent mode failure): 4993K->897K(6848K), 0.0119263 secs] 4993K->897K(9920K), [Metaspace: 3664K->3664K(1056768K)], 0.0122370 secs] [Times: user=0.02 sys=0.00, real=0.01 secs] 
35.289: [GC (Allocation Failure) 35.289: [ParNew: 0K->0K(3072K), 0.0002391 secs]35.289: [CMS: 4993K->897K(6848K), 0.0022764 secs] 4993K->897K(9920K), [Metaspace: 3664K->3664K(1056768K)], 0.0025918 secs] [Times: user=0.00 sys=0.00, real=0.00 secs] 
35.292: [GC (CMS Initial Mark) [1 CMS-initial-mark: 4993K(6848K)] 4993K(9920K), 0.0001241 secs] [Times: user=0.00 sys=0.00, real=0.00 secs] 
35.292: [CMS-concurrent-mark-start]
35.292: [GC (Allocation Failure) 35.292: [ParNew: 0K->0K(3072K), 0.0002046 secs]35.292: [CMS35.301: [CMS-concurrent-mark: 0.001/0.010 secs] [Times: user=0.00 sys=0.00, real=0.01 secs] 
 (concurrent mode failure): 4993K->897K(6848K), 0.0114022 secs] 4993K->897K(9920K), [Metaspace: 3664K->3664K(1056768K)], 0.0116845 secs] [Times: user=0.02 sys=0.00, real=0.01 secs] 
35.304: [GC (Allocation Failure) 35.304: [ParNew: 0K->0K(3072K), 0.0002186 secs]35.304: [CMS: 4993K->897K(6848K), 0.0019265 secs] 4993K->897K(9920K), [Metaspace: 3664K->3664K(1056768K)], 0.0022203 secs] [Times: user=0.00 sys=0.00, real=0.00 secs] 
35.307: [GC (CMS Initial Mark) [1 CMS-initial-mark: 4993K(6848K)] 4993K(9920K), 0.0001455 secs] [Times: user=0.00 sys=0.00, real=0.00 secs] 
35.307: [CMS-concurrent-mark-start]
35.307: [GC (Allocation Failure) 35.307: [ParNew: 0K->0K(3072K), 0.0002413 secs]35.307: [CMS35.316: [CMS-concurrent-mark: 0.001/0.009 secs] [Times: user=0.00 sys=0.00, real=0.01 secs] 
 (concurrent mode failure): 4993K->897K(6848K), 0.0116193 secs] 4993K->897K(9920K), [Metaspace: 3664K->3664K(1056768K)], 0.0119431 secs] [Times: user=0.02 sys=0.00, real=0.01 secs] 
35.319: [GC (Allocation Failure) 35.319: [ParNew: 0K->0K(3072K), 0.0003094 secs]35.319: [CMS: 4993K->897K(6848K), 0.0021278 secs] 4993K->897K(9920K), [Metaspace: 3664K->3664K(1056768K)], 0.0025106 secs] [Times: user=0.00 sys=0.00, real=0.00 secs] 
35.322: [GC (CMS Initial Mark) [1 CMS-initial-mark: 4993K(6848K)] 4993K(9920K), 0.0001227 secs] [Times: user=0.00 sys=0.00, real=0.00 secs] 
35.322: [CMS-concurrent-mark-start]
35.322: [GC (Allocation Failure) 35.322: [ParNew: 0K->0K(3072K), 0.0002743 secs]35.323: [CMS35.331: [CMS-concurrent-mark: 0.002/0.009 secs] [Times: user=0.00 sys=0.00, real=0.01 secs] 
 (concurrent mode failure): 4993K->897K(6848K), 0.0107524 secs] 4993K->897K(9920K), [Metaspace: 3664K->3664K(1056768K)], 0.0111049 secs] [Times: user=0.02 sys=0.00, real=0.01 secs] 
35.334: [GC (Allocation Failure) 35.334: [ParNew: 0K->0K(3072K), 0.0002234 secs]35.334: [CMS: 4993K->897K(6848K), 0.0019921 secs] 4993K->897K(9920K), [Metaspace: 3664K->3664K(1056768K)], 0.0022851 secs] [Times: user=0.00 sys=0.00, real=0.00 secs] 
35.336: [GC (CMS Initial Mark) [1 CMS-initial-mark: 4993K(6848K)] 4993K(9920K), 0.0001564 secs] [Times: user=0.00 sys=0.00, real=0.00 secs] 
35.337: [CMS-concurrent-mark-start]
35.337: [GC (Allocation Failure) 35.337: [ParNew: 0K->0K(3072K), 0.0002242 secs]35.337: [CMS35.347: [CMS-concurrent-mark: 0.002/0.010 secs] [Times: user=0.00 sys=0.00, real=0.01 secs] 
 (concurrent mode failure): 4993K->897K(6848K), 0.0122082 secs] 4993K->897K(9920K), [Metaspace: 3664K->3664K(1056768K)], 0.0125014 secs] [Times: user=0.01 sys=0.00, real=0.01 secs] 
35.350: [GC (Allocation Failure) 35.350: [ParNew: 0K->0K(3072K), 0.0002398 secs]35.350: [CMS: 4993K->897K(6848K), 0.0020725 secs] 4993K->897K(9920K), [Metaspace: 3664K->3664K(1056768K)], 0.0023841 secs] [Times: user=0.00 sys=0.00, real=0.00 secs] 
35.352: [GC (CMS Initial Mark) [1 CMS-initial-mark: 4993K(6848K)] 4993K(9920K), 0.0002353 secs] [Times: user=0.00 sys=0.00, real=0.00 secs] 
35.353: [CMS-concurrent-mark-start]
35.353: [GC (Allocation Failure) 35.353: [ParNew: 0K->0K(3072K), 0.0002676 secs]35.353: [CMS35.362: [CMS-concurrent-mark: 0.002/0.009 secs] [Times: user=0.00 sys=0.00, real=0.01 secs] 
 (concurrent mode failure): 4993K->897K(6848K), 0.0123380 secs] 4993K->897K(9920K), [Metaspace: 3664K->3664K(1056768K)], 0.0127034 secs] [Times: user=0.02 sys=0.00, real=0.01 secs] 
35.366: [GC (Allocation Failure) 35.366: [ParNew: 0K->0K(3072K), 0.0004893 secs]35.366: [CMS: 4993K->897K(6848K), 0.0022122 secs] 4993K->897K(9920K), [Metaspace: 3664K->3664K(1056768K)], 0.0027825 secs] [Times: user=0.00 sys=0.00, real=0.00 secs] 
35.369: [GC (CMS Initial Mark) [1 CMS-initial-mark: 4993K(6848K)] 4993K(9920K), 0.0001315 secs] [Times: user=0.00 sys=0.00, real=0.00 secs] 
35.369: [CMS-concurrent-mark-start]
35.369: [GC (Allocation Failure) 35.370: [ParNew: 0K->0K(3072K), 0.0003747 secs]35.370: [CMS35.378: [CMS-concurrent-mark: 0.002/0.008 secs] [Times: user=0.00 sys=0.00, real=0.01 secs] 
 (concurrent mode failure): 4993K->897K(6848K), 0.0110232 secs] 4993K->897K(9920K), [Metaspace: 3664K->3664K(1056768K)], 0.0115015 secs] [Times: user=0.01 sys=0.00, real=0.01 secs] 
35.381: [GC (Allocation Failure) 35.381: [ParNew: 0K->0K(3072K), 0.0003197 secs]35.382: [CMS: 4993K->897K(6848K), 0.0022190 secs] 4993K->897K(9920K), [Metaspace: 3664K->3664K(1056768K)], 0.0026189 secs] [Times: user=0.00 sys=0.00, real=0.00 secs] 
35.384: [GC (CMS Initial Mark) [1 CMS-initial-mark: 4993K(6848K)] 4993K(9920K), 0.0001249 secs] [Times: user=0.00 sys=0.00, real=0.00 secs] 
35.385: [CMS-concurrent-mark-start]
35.385: [GC (Allocation Failure) 35.385: [ParNew: 0K->0K(3072K), 0.0003350 secs]35.385: [CMS35.393: [CMS-concurrent-mark: 0.002/0.008 secs] [Times: user=0.00 sys=0.00, real=0.01 secs] 
 (concurrent mode failure): 4993K->897K(6848K), 0.0121268 secs] 4993K->897K(9920K), [Metaspace: 3664K->3664K(1056768K)], 0.0125447 secs] [Times: user=0.02 sys=0.00, real=0.01 secs] 
35.398: [GC (Allocation Failure) 35.398: [ParNew: 0K->0K(3072K), 0.0002915 secs]35.398: [CMS: 4993K->897K(6848K), 0.0019274 secs] 4993K->897K(9920K), [Metaspace: 3664K->3664K(1056768K)], 0.0022873 secs] [Times: user=0.00 sys=0.00, real=0.00 secs] 
35.400: [GC (CMS Initial Mark) [1 CMS-initial-mark: 4993K(6848K)] 4993K(9920K), 0.0001106 secs] [Times: user=0.00 sys=0.00, real=0.00 secs] 
35.401: [CMS-concurrent-mark-start]
35.401: [GC (Allocation Failure) 35.401: [ParNew: 0K->0K(3072K), 0.0002375 secs]35.401: [CMS35.408: [CMS-concurrent-mark: 0.001/0.007 secs] [Times: user=0.00 sys=0.00, real=0.01 secs] 
 (concurrent mode failure): 4993K->897K(6848K), 0.0093582 secs] 4993K->897K(9920K), [Metaspace: 3664K->3664K(1056768K)], 0.0097024 secs] [Times: user=0.00 sys=0.00, real=0.01 secs] 
35.411: [GC (Allocation Failure) 35.411: [ParNew: 0K->0K(3072K), 0.0005629 secs]35.412: [CMS: 4993K->897K(6848K), 0.0031857 secs] 4993K->897K(9920K), [Metaspace: 3664K->3664K(1056768K)], 0.0039274 secs] [Times: user=0.02 sys=0.00, real=0.01 secs] 
35.415: [GC (CMS Initial Mark) [1 CMS-initial-mark: 4993K(6848K)] 4993K(9920K), 0.0001025 secs] [Times: user=0.00 sys=0.00, real=0.00 secs] 
35.416: [CMS-concurrent-mark-start]
35.416: [GC (Allocation Failure) 35.416: [ParNew: 0K->0K(3072K), 0.0001982 secs]35.416: [CMS35.423: [CMS-concurrent-mark: 0.001/0.008 secs] [Times: user=0.00 sys=0.00, real=0.01 secs] 
 (concurrent mode failure): 4993K->897K(6848K), 0.0097608 secs] 4993K->897K(9920K), [Metaspace: 3664K->3664K(1056768K)], 0.0100328 secs] [Times: user=0.00 sys=0.00, real=0.01 secs] 
35.426: [GC (Allocation Failure) 35.426: [ParNew: 0K->0K(3072K), 0.0002732 secs]35.426: [CMS: 4993K->897K(6848K), 0.0047072 secs] 4993K->897K(9920K), [Metaspace: 3664K->3664K(1056768K)], 0.0050579 secs] [Times: user=0.02 sys=0.00, real=0.01 secs] 
35.431: [GC (CMS Initial Mark) [1 CMS-initial-mark: 4993K(6848K)] 4993K(9920K), 0.0001850 secs] [Times: user=0.00 sys=0.00, real=0.00 secs] 
35.432: [CMS-concurrent-mark-start]
35.432: [GC (Allocation Failure) 35.432: [ParNew: 0K->0K(3072K), 0.0002444 secs]35.432: [CMS35.438: [CMS-concurrent-mark: 0.002/0.006 secs] [Times: user=0.00 sys=0.00, real=0.01 secs] 
 (concurrent mode failure): 4993K->897K(6848K), 0.0082428 secs] 4993K->897K(9920K), [Metaspace: 3664K->3664K(1056768K)], 0.0085691 secs] [Times: user=0.00 sys=0.00, real=0.01 secs] 
35.441: [GC (Allocation Failure) 35.441: [ParNew: 0K->0K(3072K), 0.0002431 secs]35.441: [CMS: 4993K->897K(6848K), 0.0018392 secs] 4993K->897K(9920K), [Metaspace: 3664K->3664K(1056768K)], 0.0021534 secs] [Times: user=0.02 sys=0.00, real=0.00 secs] 
35.443: [GC (CMS Initial Mark) [1 CMS-initial-mark: 4993K(6848K)] 4993K(9920K), 0.0001489 secs] [Times: user=0.00 sys=0.00, real=0.00 secs] 
35.444: [CMS-concurrent-mark-start]
35.444: [GC (Allocation Failure) 35.444: [ParNew: 0K->0K(3072K), 0.0003227 secs]35.444: [CMS35.454: [CMS-concurrent-mark: 0.002/0.011 secs] [Times: user=0.00 sys=0.00, real=0.01 secs] 
 (concurrent mode failure): 4993K->897K(6848K), 0.0126012 secs] 4993K->897K(9920K), [Metaspace: 3664K->3664K(1056768K)], 0.0130325 secs] [Times: user=0.00 sys=0.00, real=0.01 secs] 
35.457: [GC (Allocation Failure) 35.457: [ParNew: 0K->0K(3072K), 0.0002756 secs]35.458: [CMS: 4993K->897K(6848K), 0.0021255 secs] 4993K->897K(9920K), [Metaspace: 3664K->3664K(1056768K)], 0.0024885 secs] [Times: user=0.02 sys=0.00, real=0.00 secs] 
35.460: [GC (CMS Initial Mark) [1 CMS-initial-mark: 4993K(6848K)] 4993K(9920K), 0.0001291 secs] [Times: user=0.00 sys=0.00, real=0.00 secs] 
35.460: [CMS-concurrent-mark-start]
35.460: [GC (Allocation Failure) 35.460: [ParNew: 0K->0K(3072K), 0.0005599 secs]35.461: [CMS35.470: [CMS-concurrent-mark: 0.002/0.010 secs] [Times: user=0.00 sys=0.00, real=0.01 secs] 
 (concurrent mode failure): 4993K->897K(6848K), 0.0116721 secs] 4993K->897K(9920K), [Metaspace: 3664K->3664K(1056768K)], 0.0124119 secs] [Times: user=0.00 sys=0.00, real=0.01 secs] 
35.473: [GC (Allocation Failure) 35.473: [ParNew: 0K->0K(3072K), 0.0002706 secs]35.473: [CMS: 4993K->897K(6848K), 0.0019439 secs] 4993K->897K(9920K), [Metaspace: 3664K->3664K(1056768K)], 0.0022880 secs] [Times: user=0.01 sys=0.00, real=0.00 secs] 
35.476: [GC (CMS Initial Mark) [1 CMS-initial-mark: 4993K(6848K)] 4993K(9920K), 0.0001263 secs] [Times: user=0.00 sys=0.00, real=0.00 secs] 
35.476: [CMS-concurrent-mark-start]
35.476: [GC (Allocation Failure) 35.476: [ParNew: 0K->0K(3072K), 0.0002026 secs]35.476: [CMS35.485: [CMS-concurrent-mark: 0.001/0.009 secs] [Times: user=0.00 sys=0.00, real=0.01 secs] 
 (concurrent mode failure): 4993K->897K(6848K), 0.0107295 secs] 4993K->897K(9920K), [Metaspace: 3664K->3664K(1056768K)], 0.0110063 secs] [Times: user=0.00 sys=0.00, real=0.01 secs] 
35.487: [GC (Allocation Failure) 35.487: [ParNew: 0K->0K(3072K), 0.0002348 secs]35.488: [CMS: 4993K->897K(6848K), 0.0017845 secs] 4993K->897K(9920K), [Metaspace: 3664K->3664K(1056768K)], 0.0020764 secs] [Times: user=0.00 sys=0.00, real=0.00 secs] 
35.490: [GC (CMS Initial Mark) [1 CMS-initial-mark: 4993K(6848K)] 4993K(9920K), 0.0000925 secs] [Times: user=0.00 sys=0.00, real=0.00 secs] 
35.490: [CMS-concurrent-mark-start]
35.490: [GC (Allocation Failure) 35.490: [ParNew: 0K->0K(3072K), 0.0002399 secs]35.490: [CMS35.500: [CMS-concurrent-mark: 0.001/0.010 secs] [Times: user=0.00 sys=0.00, real=0.01 secs] 
 (concurrent mode failure): 4993K->897K(6848K), 0.0127569 secs] 4993K->897K(9920K), [Metaspace: 3664K->3664K(1056768K)], 0.0130828 secs] [Times: user=0.00 sys=0.00, real=0.01 secs] 
35.503: [GC (Allocation Failure) 35.503: [ParNew: 0K->0K(3072K), 0.0002342 secs]35.504: [CMS: 4993K->897K(6848K), 0.0018774 secs] 4993K->897K(9920K), [Metaspace: 3664K->3664K(1056768K)], 0.0021733 secs] [Times: user=0.02 sys=0.00, real=0.00 secs] 
35.506: [GC (CMS Initial Mark) [1 CMS-initial-mark: 4993K(6848K)] 4993K(9920K), 0.0001273 secs] [Times: user=0.00 sys=0.00, real=0.00 secs] 
35.506: [CMS-concurrent-mark-start]
35.506: [GC (Allocation Failure) 35.506: [ParNew: 0K->0K(3072K), 0.0001990 secs]35.506: [CMS35.517: [CMS-concurrent-mark: 0.002/0.011 secs] [Times: user=0.00 sys=0.00, real=0.01 secs] 
 (concurrent mode failure): 4993K->897K(6848K), 0.0125545 secs] 4993K->897K(9920K), [Metaspace: 3664K->3664K(1056768K)], 0.0128267 secs] [Times: user=0.00 sys=0.00, real=0.01 secs] 
35.519: [GC (Allocation Failure) 35.519: [ParNew: 0K->0K(3072K), 0.0002243 secs]35.520: [CMS: 4993K->897K(6848K), 0.0019563 secs] 4993K->897K(9920K), [Metaspace: 3664K->3664K(1056768K)], 0.0022451 secs] [Times: user=0.01 sys=0.00, real=0.00 secs] 
35.522: [GC (CMS Initial Mark) [1 CMS-initial-mark: 4993K(6848K)] 4993K(9920K), 0.0001592 secs] [Times: user=0.00 sys=0.00, real=0.00 secs] 
35.522: [CMS-concurrent-mark-start]
35.522: [GC (Allocation Failure) 35.522: [ParNew: 0K->0K(3072K), 0.0002408 secs]35.522: [CMS35.532: [CMS-concurrent-mark: 0.002/0.010 secs] [Times: user=0.00 sys=0.00, real=0.01 secs] 
 (concurrent mode failure): 4993K->897K(6848K), 0.0124199 secs] 4993K->897K(9920K), [Metaspace: 3664K->3664K(1056768K)], 0.0127355 secs] [Times: user=0.00 sys=0.00, real=0.01 secs] 
35.535: [GC (Allocation Failure) 35.535: [ParNew: 0K->0K(3072K), 0.0002157 secs]35.536: [CMS: 4993K->897K(6848K), 0.0018349 secs] 4993K->897K(9920K), [Metaspace: 3664K->3664K(1056768K)], 0.0021158 secs] [Times: user=0.02 sys=0.00, real=0.00 secs] 
35.538: [GC (CMS Initial Mark) [1 CMS-initial-mark: 4993K(6848K)] 4993K(9920K), 0.0001109 secs] [Times: user=0.00 sys=0.00, real=0.00 secs] 
35.538: [CMS-concurrent-mark-start]
35.538: [GC (Allocation Failure) 35.538: [ParNew: 0K->0K(3072K), 0.0002448 secs]35.538: [CMS35.548: [CMS-concurrent-mark: 0.002/0.010 secs] [Times: user=0.00 sys=0.00, real=0.01 secs] 
 (concurrent mode failure): 4993K->897K(6848K), 0.0123191 secs] 4993K->897K(9920K), [Metaspace: 3664K->3664K(1056768K)], 0.0126402 secs] [Times: user=0.00 sys=0.00, real=0.01 secs] 
35.551: [GC (Allocation Failure) 35.551: [ParNew: 0K->0K(3072K), 0.0002788 secs]35.551: [CMS: 4993K->897K(6848K), 0.0020820 secs] 4993K->897K(9920K), [Metaspace: 3664K->3664K(1056768K)], 0.0024319 secs] [Times: user=0.09 sys=0.00, real=0.00 secs] 
35.554: [GC (CMS Initial Mark) [1 CMS-initial-mark: 4993K(6848K)] 4993K(9920K), 0.0000814 secs] [Times: user=0.00 sys=0.00, real=0.00 secs] 
35.554: [CMS-concurrent-mark-start]
35.554: [GC (Allocation Failure) 35.554: [ParNew: 0K->0K(3072K), 0.0001942 secs]35.554: [CMS35.564: [CMS-concurrent-mark: 0.003/0.010 secs] [Times: user=0.00 sys=0.00, real=0.01 secs] 
 (concurrent mode failure): 4993K->897K(6848K), 0.0137917 secs] 4993K->897K(9920K), [Metaspace: 3664K->3664K(1056768K)], 0.0140752 secs] [Times: user=0.01 sys=0.00, real=0.01 secs] 
35.568: [GC (Allocation Failure) 35.568: [ParNew: 0K->0K(3072K), 0.0002467 secs]35.569: [CMS: 4993K->897K(6848K), 0.0024496 secs] 4993K->897K(9920K), [Metaspace: 3664K->3664K(1056768K)], 0.0027686 secs] [Times: user=0.00 sys=0.00, real=0.00 secs] 
35.572: [GC (CMS Initial Mark) [1 CMS-initial-mark: 4993K(6848K)] 4993K(9920K), 0.0001391 secs] [Times: user=0.00 sys=0.00, real=0.00 secs] 
35.572: [CMS-concurrent-mark-start]
35.572: [GC (Allocation Failure) 35.572: [ParNew: 0K->0K(3072K), 0.0002541 secs]35.572: [CMS35.579: [CMS-concurrent-mark: 0.002/0.008 secs] [Times: user=0.00 sys=0.00, real=0.01 secs] 
 (concurrent mode failure): 4993K->897K(6848K), 0.0115891 secs] 4993K->897K(9920K), [Metaspace: 3664K->3664K(1056768K)], 0.0119467 secs] [Times: user=0.02 sys=0.00, real=0.01 secs] 
35.584: [GC (Allocation Failure) 35.584: [ParNew: 0K->0K(3072K), 0.0003187 secs]35.585: [CMS: 4993K->897K(6848K), 0.0024274 secs] 4993K->897K(9920K), [Metaspace: 3664K->3664K(1056768K)], 0.0028445 secs] [Times: user=0.00 sys=0.00, real=0.00 secs] 
35.587: [GC (CMS Initial Mark) [1 CMS-initial-mark: 4993K(6848K)] 4993K(9920K), 0.0001288 secs] [Times: user=0.00 sys=0.00, real=0.00 secs] 
35.588: [CMS-concurrent-mark-start]
35.588: [GC (Allocation Failure) 35.588: [ParNew: 0K->0K(3072K), 0.0002588 secs]35.588: [CMS35.594: [CMS-concurrent-mark: 0.002/0.007 secs] [Times: user=0.00 sys=0.00, real=0.01 secs] 
 (concurrent mode failure): 4993K->897K(6848K), 0.0117985 secs] 4993K->897K(9920K), [Metaspace: 3664K->3664K(1056768K)], 0.0121476 secs] [Times: user=0.02 sys=0.00, real=0.01 secs] 
35.600: [GC (Allocation Failure) 35.600: [ParNew: 0K->0K(3072K), 0.0003069 secs]35.601: [CMS: 4993K->897K(6848K), 0.0024747 secs] 4993K->897K(9920K), [Metaspace: 3664K->3664K(1056768K)], 0.0028820 secs] [Times: user=0.00 sys=0.00, real=0.00 secs] 
35.604: [GC (CMS Initial Mark) [1 CMS-initial-mark: 4993K(6848K)] 4993K(9920K), 0.0001715 secs] [Times: user=0.00 sys=0.00, real=0.00 secs] 
35.604: [CMS-concurrent-mark-start]
35.604: [GC (Allocation Failure) 35.604: [ParNew: 0K->0K(3072K), 0.0003590 secs]35.604: [CMS35.610: [CMS-concurrent-mark: 0.001/0.006 secs] [Times: user=0.00 sys=0.00, real=0.01 secs] 
 (concurrent mode failure): 4993K->897K(6848K), 0.0098832 secs] 4993K->897K(9920K), [Metaspace: 3664K->3664K(1056768K)], 0.0103339 secs] [Times: user=0.00 sys=0.00, real=0.01 secs] 
35.615: [GC (Allocation Failure) 35.615: [ParNew: 0K->0K(3072K), 0.0003210 secs]35.615: [CMS: 4993K->897K(6848K), 0.0023275 secs] 4993K->897K(9920K), [Metaspace: 3664K->3664K(1056768K)], 0.0027339 secs] [Times: user=0.00 sys=0.00, real=0.00 secs] 
35.618: [GC (CMS Initial Mark) [1 CMS-initial-mark: 4993K(6848K)] 4993K(9920K), 0.0001275 secs] [Times: user=0.00 sys=0.00, real=0.00 secs] 
35.618: [CMS-concurrent-mark-start]
35.618: [GC (Allocation Failure) 35.618: [ParNew: 0K->0K(3072K), 0.0003129 secs]35.618: [CMS35.625: [CMS-concurrent-mark: 0.002/0.007 secs] [Times: user=0.00 sys=0.00, real=0.01 secs] 
 (concurrent mode failure): 4993K->897K(6848K), 0.0105307 secs] 4993K->897K(9920K), [Metaspace: 3664K->3664K(1056768K)], 0.0110475 secs] [Times: user=0.00 sys=0.00, real=0.01 secs] 
35.630: [GC (Allocation Failure) 35.630: [ParNew: 0K->0K(3072K), 0.0005591 secs]35.630: [CMS: 4993K->897K(6848K), 0.0026925 secs] 4993K->897K(9920K), [Metaspace: 3664K->3664K(1056768K)], 0.0033533 secs] [Times: user=0.00 sys=0.02, real=0.00 secs] 
35.633: [GC (CMS Initial Mark) [1 CMS-initial-mark: 4993K(6848K)] 4993K(9920K), 0.0001249 secs] [Times: user=0.00 sys=0.00, real=0.00 secs] 
35.633: [CMS-concurrent-mark-start]
35.634: [GC (Allocation Failure) 35.634: [ParNew: 0K->0K(3072K), 0.0002608 secs]35.634: [CMS35.641: [CMS-concurrent-mark: 0.002/0.007 secs] [Times: user=0.00 sys=0.00, real=0.01 secs] 
 (concurrent mode failure): 4993K->897K(6848K), 0.0091666 secs] 4993K->897K(9920K), [Metaspace: 3664K->3664K(1056768K)], 0.0095232 secs] [Times: user=0.00 sys=0.00, real=0.01 secs] 
35.643: [GC (Allocation Failure) 35.643: [ParNew: 0K->0K(3072K), 0.0003576 secs]35.644: [CMS: 4993K->897K(6848K), 0.0052471 secs] 4993K->897K(9920K), [Metaspace: 3664K->3664K(1056768K)], 0.0057081 secs] [Times: user=0.02 sys=0.00, real=0.01 secs] 
35.650: [GC (CMS Initial Mark) [1 CMS-initial-mark: 4993K(6848K)] 4993K(9920K), 0.0001568 secs] [Times: user=0.00 sys=0.00, real=0.00 secs] 
35.650: [CMS-concurrent-mark-start]
35.650: [GC (Allocation Failure) 35.650: [ParNew: 0K->0K(3072K), 0.0002940 secs]35.650: [CMS35.656: [CMS-concurrent-mark: 0.001/0.006 secs] [Times: user=0.00 sys=0.00, real=0.01 secs] 
 (concurrent mode failure): 4993K->897K(6848K), 0.0078308 secs] 4993K->897K(9920K), [Metaspace: 3664K->3664K(1056768K)], 0.0081951 secs] [Times: user=0.00 sys=0.00, real=0.01 secs] 
35.658: [GC (Allocation Failure) 35.658: [ParNew: 0K->0K(3072K), 0.0003103 secs]35.659: [CMS: 4993K->897K(6848K), 0.0032672 secs] 4993K->897K(9920K), [Metaspace: 3664K->3664K(1056768K)], 0.0037211 secs] [Times: user=0.02 sys=0.00, real=0.00 secs] 
35.663: [GC (CMS Initial Mark) [1 CMS-initial-mark: 4993K(6848K)] 4993K(9920K), 0.0002368 secs] [Times: user=0.00 sys=0.00, real=0.00 secs] 
35.663: [CMS-concurrent-mark-start]
35.663: [GC (Allocation Failure) 35.663: [ParNew: 0K->0K(3072K), 0.0004058 secs]35.664: [CMS35.672: [CMS-concurrent-mark: 0.002/0.008 secs] [Times: user=0.00 sys=0.00, real=0.01 secs] 
 (concurrent mode failure): 4993K->897K(6848K), 0.0102321 secs] 4993K->897K(9920K), [Metaspace: 3664K->3664K(1056768K)], 0.0107607 secs] [Times: user=0.00 sys=0.00, real=0.01 secs] 
35.674: [GC (Allocation Failure) 35.674: [ParNew: 0K->0K(3072K), 0.0002461 secs]35.675: [CMS: 4993K->897K(6848K), 0.0019715 secs] 4993K->897K(9920K), [Metaspace: 3664K->3664K(1056768K)], 0.0022943 secs] [Times: user=0.01 sys=0.00, real=0.00 secs] 
35.677: [GC (CMS Initial Mark) [1 CMS-initial-mark: 4993K(6848K)] 4993K(9920K), 0.0001405 secs] [Times: user=0.00 sys=0.00, real=0.00 secs] 
35.677: [CMS-concurrent-mark-start]
35.678: [GC (Allocation Failure) 35.678: [ParNew: 0K->0K(3072K), 0.0010928 secs]35.679: [CMS35.687: [CMS-concurrent-mark: 0.002/0.009 secs] [Times: user=0.00 sys=0.00, real=0.01 secs] 
 (concurrent mode failure): 4993K->897K(6848K), 0.0105616 secs] 4993K->897K(9920K), [Metaspace: 3664K->3664K(1056768K)], 0.0118861 secs] [Times: user=0.00 sys=0.00, real=0.01 secs] 
35.690: [GC (Allocation Failure) 35.690: [ParNew: 0K->0K(3072K), 0.0002354 secs]35.690: [CMS: 4993K->897K(6848K), 0.0019291 secs] 4993K->897K(9920K), [Metaspace: 3664K->3664K(1056768K)], 0.0022560 secs] [Times: user=0.00 sys=0.00, real=0.00 secs] 
35.692: [GC (CMS Initial Mark) [1 CMS-initial-mark: 4993K(6848K)] 4993K(9920K), 0.0001270 secs] [Times: user=0.00 sys=0.00, real=0.00 secs] 
35.693: [CMS-concurrent-mark-start]
35.693: [GC (Allocation Failure) 35.693: [ParNew: 0K->0K(3072K), 0.0002490 secs]35.693: [CMS35.702: [CMS-concurrent-mark: 0.002/0.010 secs] [Times: user=0.00 sys=0.00, real=0.01 secs] 
 (concurrent mode failure): 4993K->897K(6848K), 0.0116958 secs] 4993K->897K(9920K), [Metaspace: 3664K->3664K(1056768K)], 0.0120280 secs] [Times: user=0.00 sys=0.00, real=0.01 secs] 
35.705: [GC (Allocation Failure) 35.705: [ParNew: 0K->0K(3072K), 0.0002428 secs]35.705: [CMS: 4993K->897K(6848K), 0.0021244 secs] 4993K->897K(9920K), [Metaspace: 3664K->3664K(1056768K)], 0.0024624 secs] [Times: user=0.00 sys=0.00, real=0.00 secs] 
35.708: [GC (CMS Initial Mark) [1 CMS-initial-mark: 4993K(6848K)] 4993K(9920K), 0.0001221 secs] [Times: user=0.00 sys=0.00, real=0.00 secs] 
35.708: [CMS-concurrent-mark-start]
35.708: [GC (Allocation Failure) 35.708: [ParNew: 0K->0K(3072K), 0.0002499 secs]35.709: [CMS35.717: [CMS-concurrent-mark: 0.001/0.009 secs] [Times: user=0.00 sys=0.00, real=0.01 secs] 
 (concurrent mode failure): 4993K->897K(6848K), 0.0107826 secs] 4993K->897K(9920K), [Metaspace: 3664K->3664K(1056768K)], 0.0111148 secs] [Times: user=0.00 sys=0.00, real=0.01 secs] 
35.720: [GC (Allocation Failure) 35.720: [ParNew: 0K->0K(3072K), 0.0002065 secs]35.720: [CMS: 4993K->897K(6848K), 0.0016914 secs] 4993K->897K(9920K), [Metaspace: 3664K->3664K(1056768K)], 0.0019694 secs] [Times: user=0.00 sys=0.00, real=0.00 secs] 
35.722: [GC (CMS Initial Mark) [1 CMS-initial-mark: 4993K(6848K)] 4993K(9920K), 0.0001269 secs] [Times: user=0.00 sys=0.00, real=0.00 secs] 
35.722: [CMS-concurrent-mark-start]
35.722: [GC (Allocation Failure) 35.722: [ParNew: 0K->0K(3072K), 0.0002255 secs]35.723: [CMS35.732: [CMS-concurrent-mark: 0.002/0.010 secs] [Times: user=0.00 sys=0.00, real=0.01 secs] 
 (concurrent mode failure): 4993K->897K(6848K), 0.0123900 secs] 4993K->897K(9920K), [Metaspace: 3664K->3664K(1056768K)], 0.0126893 secs] [Times: user=0.00 sys=0.00, real=0.01 secs] 
35.735: [GC (Allocation Failure) 35.735: [ParNew: 0K->0K(3072K), 0.0002048 secs]35.736: [CMS: 4993K->897K(6848K), 0.0019609 secs] 4993K->897K(9920K), [Metaspace: 3664K->3664K(1056768K)], 0.0022456 secs] [Times: user=0.00 sys=0.00, real=0.00 secs] 
35.738: [GC (CMS Initial Mark) [1 CMS-initial-mark: 4993K(6848K)] 4993K(9920K), 0.0000842 secs] [Times: user=0.00 sys=0.00, real=0.00 secs] 
35.738: [CMS-concurrent-mark-start]
35.738: [GC (Allocation Failure) 35.738: [ParNew: 0K->0K(3072K), 0.0001939 secs]35.738: [CMS35.747: [CMS-concurrent-mark: 0.002/0.009 secs] [Times: user=0.00 sys=0.00, real=0.01 secs] 
 (concurrent mode failure): 4993K->897K(6848K), 0.0118031 secs] 4993K->897K(9920K), [Metaspace: 3664K->3664K(1056768K)], 0.0120798 secs] [Times: user=0.00 sys=0.00, real=0.01 secs] 
35.751: [GC (Allocation Failure) 35.751: [ParNew: 0K->0K(3072K), 0.0002585 secs]35.751: [CMS: 4993K->897K(6848K), 0.0020101 secs] 4993K->897K(9920K), [Metaspace: 3664K->3664K(1056768K)], 0.0023385 secs] [Times: user=0.00 sys=0.00, real=0.00 secs] 
35.753: [GC (CMS Initial Mark) [1 CMS-initial-mark: 4993K(6848K)] 4993K(9920K), 0.0001185 secs] [Times: user=0.00 sys=0.00, real=0.00 secs] 
35.754: [CMS-concurrent-mark-start]
35.754: [GC (Allocation Failure) 35.754: [ParNew: 0K->0K(3072K), 0.0002235 secs]35.754: [CMS35.763: [CMS-concurrent-mark: 0.003/0.009 secs] [Times: user=0.00 sys=0.00, real=0.01 secs] 
 (concurrent mode failure): 4993K->897K(6848K), 0.0131351 secs] 4993K->897K(9920K), [Metaspace: 3664K->3664K(1056768K)], 0.0134393 secs] [Times: user=0.00 sys=0.00, real=0.01 secs] 
35.768: [GC (Allocation Failure) 35.768: [ParNew: 0K->0K(3072K), 0.0002857 secs]35.768: [CMS: 4993K->897K(6848K), 0.0020859 secs] 4993K->897K(9920K), [Metaspace: 3664K->3664K(1056768K)], 0.0024419 secs] [Times: user=0.00 sys=0.01, real=0.00 secs] 
35.770: [GC (CMS Initial Mark) [1 CMS-initial-mark: 4993K(6848K)] 4993K(9920K), 0.0001106 secs] [Times: user=0.00 sys=0.00, real=0.00 secs] 
35.771: [CMS-concurrent-mark-start]
35.771: [GC (Allocation Failure) 35.771: [ParNew: 0K->0K(3072K), 0.0002375 secs]35.771: [CMS35.777: [CMS-concurrent-mark: 0.001/0.006 secs] [Times: user=0.00 sys=0.00, real=0.01 secs] 
 (concurrent mode failure): 4993K->897K(6848K), 0.0106026 secs] 4993K->897K(9920K), [Metaspace: 3664K->3664K(1056768K)], 0.0109486 secs] [Times: user=0.00 sys=0.00, real=0.01 secs] 
35.782: [GC (Allocation Failure) 35.782: [ParNew: 0K->0K(3072K), 0.0002458 secs]35.782: [CMS: 4993K->897K(6848K), 0.0023563 secs] 4993K->897K(9920K), [Metaspace: 3664K->3664K(1056768K)], 0.0026831 secs] [Times: user=0.00 sys=0.00, real=0.00 secs] 
35.785: [GC (CMS Initial Mark) [1 CMS-initial-mark: 4993K(6848K)] 4993K(9920K), 0.0002406 secs] [Times: user=0.00 sys=0.00, real=0.00 secs] 
35.785: [CMS-concurrent-mark-start]
35.785: [GC (Allocation Failure) 35.785: [ParNew: 0K->0K(3072K), 0.0002552 secs]35.786: [CMS35.793: [CMS-concurrent-mark: 0.002/0.007 secs] [Times: user=0.00 sys=0.00, real=0.01 secs] 
 (concurrent mode failure): 4993K->897K(6848K), 0.0126337 secs] 4993K->897K(9920K), [Metaspace: 3664K->3664K(1056768K)], 0.0129869 secs] [Times: user=0.00 sys=0.00, real=0.01 secs] 
35.799: [GC (Allocation Failure) 35.799: [ParNew: 0K->0K(3072K), 0.0002696 secs]35.799: [CMS: 4993K->897K(6848K), 0.0023370 secs] 4993K->897K(9920K), [Metaspace: 3664K->3664K(1056768K)], 0.0026859 secs] [Times: user=0.01 sys=0.00, real=0.00 secs] 
35.802: [GC (CMS Initial Mark) [1 CMS-initial-mark: 4993K(6848K)] 4993K(9920K), 0.0001205 secs] [Times: user=0.00 sys=0.00, real=0.00 secs] 
35.802: [CMS-concurrent-mark-start]
35.802: [GC (Allocation Failure) 35.802: [ParNew: 0K->0K(3072K), 0.0002234 secs]35.802: [CMS35.808: [CMS-concurrent-mark: 0.002/0.006 secs] [Times: user=0.00 sys=0.00, real=0.01 secs] 
 (concurrent mode failure): 4993K->897K(6848K), 0.0079807 secs] 4993K->897K(9920K), [Metaspace: 3664K->3664K(1056768K)], 0.0083142 secs] [Times: user=0.00 sys=0.00, real=0.01 secs] 
35.812: [GC (Allocation Failure) 35.812: [ParNew: 0K->0K(3072K), 0.0005432 secs]35.812: [CMS: 4993K->897K(6848K), 0.0035102 secs] 4993K->897K(9920K), [Metaspace: 3664K->3664K(1056768K)], 0.0043078 secs] [Times: user=0.00 sys=0.00, real=0.01 secs] 
35.816: [GC (CMS Initial Mark) [1 CMS-initial-mark: 4993K(6848K)] 4993K(9920K), 0.0001338 secs] [Times: user=0.00 sys=0.00, real=0.00 secs] 
35.816: [CMS-concurrent-mark-start]
35.817: [GC (Allocation Failure) 35.817: [ParNew: 0K->0K(3072K), 0.0002321 secs]35.817: [CMS35.828: [CMS-concurrent-mark: 0.006/0.011 secs] [Times: user=0.00 sys=0.00, real=0.01 secs] 
 (concurrent mode failure): 4993K->897K(6848K), 0.0241260 secs] 4993K->897K(9920K), [Metaspace: 3664K->3664K(1056768K)], 0.0245909 secs] [Times: user=0.02 sys=0.00, real=0.02 secs] 
35.843: [GC (Allocation Failure) 35.843: [ParNew: 0K->0K(3072K), 0.0025097 secs]35.846: [CMS: 4993K->897K(6848K), 0.0092894 secs] 4993K->897K(9920K), [Metaspace: 3664K->3664K(1056768K)], 0.0121418 secs] [Times: user=0.02 sys=0.00, real=0.01 secs] 
35.856: [GC (CMS Initial Mark) [1 CMS-initial-mark: 4993K(6848K)] 4993K(9920K), 0.0004970 secs] [Times: user=0.00 sys=0.00, real=0.00 secs] 
35.856: [CMS-concurrent-mark-start]
35.856: [GC (Allocation Failure) 35.856: [ParNew: 0K->0K(3072K), 0.0006719 secs]35.857: [CMS35.871: [CMS-concurrent-mark: 0.002/0.014 secs] [Times: user=0.00 sys=0.00, real=0.01 secs] 
 (concurrent mode failure): 4993K->897K(6848K), 0.0160503 secs] 4993K->897K(9920K), [Metaspace: 3664K->3664K(1056768K)], 0.0168483 secs] [Times: user=0.00 sys=0.00, real=0.02 secs] 
35.874: [GC (Allocation Failure) 35.874: [ParNew: 0K->0K(3072K), 0.0002293 secs]35.874: [CMS: 4993K->897K(6848K), 0.0019169 secs] 4993K->897K(9920K), [Metaspace: 3664K->3664K(1056768K)], 0.0022069 secs] [Times: user=0.00 sys=0.00, real=0.00 secs] 
35.876: [GC (CMS Initial Mark) [1 CMS-initial-mark: 4993K(6848K)] 4993K(9920K), 0.0001332 secs] [Times: user=0.00 sys=0.00, real=0.00 secs] 
35.876: [CMS-concurrent-mark-start]
35.877: [GC (Allocation Failure) 35.877: [ParNew: 0K->0K(3072K), 0.0002867 secs]35.877: [CMS35.886: [CMS-concurrent-mark: 0.002/0.010 secs] [Times: user=0.00 sys=0.00, real=0.01 secs] 
 (concurrent mode failure): 4993K->897K(6848K), 0.0116263 secs] 4993K->897K(9920K), [Metaspace: 3664K->3664K(1056768K)], 0.0120037 secs] [Times: user=0.00 sys=0.00, real=0.01 secs] 
35.889: [GC (Allocation Failure) 35.889: [ParNew: 0K->0K(3072K), 0.0002441 secs]35.889: [CMS: 4993K->897K(6848K), 0.0020222 secs] 4993K->897K(9920K), [Metaspace: 3664K->3664K(1056768K)], 0.0023341 secs] [Times: user=0.00 sys=0.00, real=0.00 secs] 
35.892: [GC (CMS Initial Mark) [1 CMS-initial-mark: 4993K(6848K)] 4993K(9920K), 0.0001221 secs] [Times: user=0.00 sys=0.00, real=0.00 secs] 
35.892: [CMS-concurrent-mark-start]
35.892: [GC (Allocation Failure) 35.892: [ParNew: 0K->0K(3072K), 0.0002245 secs]35.892: [CMS35.902: [CMS-concurrent-mark: 0.002/0.010 secs] [Times: user=0.00 sys=0.00, real=0.01 secs] 
 (concurrent mode failure): 4993K->897K(6848K), 0.0123668 secs] 4993K->897K(9920K), [Metaspace: 3664K->3664K(1056768K)], 0.0126672 secs] [Times: user=0.00 sys=0.00, real=0.01 secs] 
35.905: [GC (Allocation Failure) 35.905: [ParNew: 0K->0K(3072K), 0.0003023 secs]35.905: [CMS: 4993K->897K(6848K), 0.0022028 secs] 4993K->897K(9920K), [Metaspace: 3664K->3664K(1056768K)], 0.0025821 secs] [Times: user=0.00 sys=0.00, real=0.00 secs] 
35.908: [GC (CMS Initial Mark) [1 CMS-initial-mark: 4993K(6848K)] 4993K(9920K), 0.0001308 secs] [Times: user=0.00 sys=0.00, real=0.00 secs] 
35.908: [CMS-concurrent-mark-start]
35.908: [GC (Allocation Failure) 35.908: [ParNew: 0K->0K(3072K), 0.0002560 secs]35.908: [CMS35.918: [CMS-concurrent-mark: 0.002/0.010 secs] [Times: user=0.00 sys=0.00, real=0.01 secs] 
 (concurrent mode failure): 4993K->897K(6848K), 0.0120230 secs] 4993K->897K(9920K), [Metaspace: 3664K->3664K(1056768K)], 0.0123539 secs] [Times: user=0.00 sys=0.00, real=0.01 secs] 
35.921: [GC (Allocation Failure) 35.921: [ParNew: 0K->0K(3072K), 0.0002161 secs]35.921: [CMS: 4993K->897K(6848K), 0.0019367 secs] 4993K->897K(9920K), [Metaspace: 3664K->3664K(1056768K)], 0.0022444 secs] [Times: user=0.00 sys=0.00, real=0.00 secs] 
35.923: [GC (CMS Initial Mark) [1 CMS-initial-mark: 4993K(6848K)] 4993K(9920K), 0.0002250 secs] [Times: user=0.00 sys=0.00, real=0.00 secs] 
35.924: [CMS-concurrent-mark-start]
35.924: [GC (Allocation Failure) 35.924: [ParNew: 0K->0K(3072K), 0.0002466 secs]35.924: [CMS35.934: [CMS-concurrent-mark: 0.002/0.010 secs] [Times: user=0.00 sys=0.00, real=0.01 secs] 
 (concurrent mode failure): 4993K->897K(6848K), 0.0120594 secs] 4993K->897K(9920K), [Metaspace: 3664K->3664K(1056768K)], 0.0123794 secs] [Times: user=0.00 sys=0.00, real=0.01 secs] 
35.936: [GC (Allocation Failure) 35.936: [ParNew: 0K->0K(3072K), 0.0002145 secs]35.937: [CMS: 4993K->897K(6848K), 0.0017814 secs] 4993K->897K(9920K), [Metaspace: 3664K->3664K(1056768K)], 0.0020588 secs] [Times: user=0.00 sys=0.00, real=0.00 secs] 
35.939: [GC (CMS Initial Mark) [1 CMS-initial-mark: 4993K(6848K)] 4993K(9920K), 0.0001236 secs] [Times: user=0.00 sys=0.00, real=0.00 secs] 
35.939: [CMS-concurrent-mark-start]
35.939: [GC (Allocation Failure) 35.939: [ParNew: 0K->0K(3072K), 0.0002046 secs]35.939: [CMS35.949: [CMS-concurrent-mark: 0.002/0.010 secs] [Times: user=0.00 sys=0.00, real=0.01 secs] 
 (concurrent mode failure): 4993K->897K(6848K), 0.0125237 secs] 4993K->897K(9920K), [Metaspace: 3664K->3664K(1056768K)], 0.0127994 secs] [Times: user=0.00 sys=0.00, real=0.01 secs] 
35.952: [GC (Allocation Failure) 35.952: [ParNew: 0K->0K(3072K), 0.0003665 secs]35.953: [CMS: 4993K->897K(6848K), 0.0021150 secs] 4993K->897K(9920K), [Metaspace: 3664K->3664K(1056768K)], 0.0025583 secs] [Times: user=0.00 sys=0.00, real=0.00 secs] 
35.955: [GC (CMS Initial Mark) [1 CMS-initial-mark: 4993K(6848K)] 4993K(9920K), 0.0001297 secs] [Times: user=0.00 sys=0.00, real=0.00 secs] 
35.955: [CMS-concurrent-mark-start]
35.955: [GC (Allocation Failure) 35.955: [ParNew: 0K->0K(3072K), 0.0003001 secs]35.956: [CMS35.965: [CMS-concurrent-mark: 0.002/0.010 secs] [Times: user=0.00 sys=0.00, real=0.01 secs] 
 (concurrent mode failure): 4993K->897K(6848K), 0.0117053 secs] 4993K->897K(9920K), [Metaspace: 3664K->3664K(1056768K)], 0.0120924 secs] [Times: user=0.00 sys=0.00, real=0.01 secs] 
35.968: [GC (Allocation Failure) 35.968: [ParNew: 0K->0K(3072K), 0.0002422 secs]35.968: [CMS: 4993K->897K(6848K), 0.0020757 secs] 4993K->897K(9920K), [Metaspace: 3664K->3664K(1056768K)], 0.0023873 secs] [Times: user=0.00 sys=0.00, real=0.00 secs] 
35.971: [GC (CMS Initial Mark) [1 CMS-initial-mark: 4993K(6848K)] 4993K(9920K), 0.0001333 secs] [Times: user=0.00 sys=0.00, real=0.00 secs] 
35.971: [CMS-concurrent-mark-start]
35.971: [GC (Allocation Failure) 35.971: [ParNew: 0K->0K(3072K), 0.0002194 secs]35.971: [CMS35.980: [CMS-concurrent-mark: 0.001/0.010 secs] [Times: user=0.00 sys=0.00, real=0.01 secs] 
 (concurrent mode failure): 4993K->897K(6848K), 0.0120320 secs] 4993K->897K(9920K), [Metaspace: 3664K->3664K(1056768K)], 0.0123212 secs] [Times: user=0.00 sys=0.00, real=0.01 secs] 
35.984: [GC (Allocation Failure) 35.984: [ParNew: 0K->0K(3072K), 0.0001984 secs]35.984: [CMS: 4993K->897K(6848K), 0.0020417 secs] 4993K->897K(9920K), [Metaspace: 3664K->3664K(1056768K)], 0.0023113 secs] [Times: user=0.00 sys=0.00, real=0.00 secs] 
35.986: [GC (CMS Initial Mark) [1 CMS-initial-mark: 4993K(6848K)] 4993K(9920K), 0.0001118 secs] [Times: user=0.00 sys=0.00, real=0.00 secs] 
35.986: [CMS-concurrent-mark-start]
35.986: [GC (Allocation Failure) 35.986: [ParNew: 0K->0K(3072K), 0.0002670 secs]35.987: [CMS35.997: [CMS-concurrent-mark: 0.002/0.011 secs] [Times: user=0.00 sys=0.00, real=0.01 secs] 
 (concurrent mode failure): 4993K->897K(6848K), 0.0129523 secs] 4993K->897K(9920K), [Metaspace: 3664K->3664K(1056768K)], 0.0132914 secs] [Times: user=0.00 sys=0.00, real=0.01 secs] 
36.000: [GC (Allocation Failure) 36.000: [ParNew: 0K->0K(3072K), 0.0002552 secs]36.000: [CMS: 4993K->897K(6848K), 0.0022387 secs] 4993K->897K(9920K), [Metaspace: 3664K->3664K(1056768K)], 0.0025735 secs] [Times: user=0.00 sys=0.00, real=0.00 secs] 
36.003: [GC (CMS Initial Mark) [1 CMS-initial-mark: 4993K(6848K)] 4993K(9920K), 0.0001008 secs] [Times: user=0.00 sys=0.00, real=0.00 secs] 
36.003: [CMS-concurrent-mark-start]
36.003: [GC (Allocation Failure) 36.003: [ParNew: 0K->0K(3072K), 0.0002353 secs]36.004: [CMS36.013: [CMS-concurrent-mark: 0.003/0.010 secs] [Times: user=0.00 sys=0.00, real=0.01 secs] 
 (concurrent mode failure): 4993K->897K(6848K), 0.0130353 secs] 4993K->897K(9920K), [Metaspace: 3664K->3664K(1056768K)], 0.0133484 secs] [Times: user=0.00 sys=0.00, real=0.01 secs] 
36.017: [GC (Allocation Failure) 36.017: [ParNew: 0K->0K(3072K), 0.0002357 secs]36.017: [CMS: 4993K->897K(6848K), 0.0020739 secs] 4993K->897K(9920K), [Metaspace: 3664K->3664K(1056768K)], 0.0023873 secs] [Times: user=0.00 sys=0.00, real=0.00 secs] 
36.020: [GC (CMS Initial Mark) [1 CMS-initial-mark: 4993K(6848K)] 4993K(9920K), 0.0001341 secs] [Times: user=0.00 sys=0.00, real=0.00 secs] 
36.020: [CMS-concurrent-mark-start]
36.020: [GC (Allocation Failure) 36.020: [ParNew: 0K->0K(3072K), 0.0003012 secs]36.020: [CMS36.028: [CMS-concurrent-mark: 0.002/0.008 secs] [Times: user=0.00 sys=0.00, real=0.01 secs] 
 (concurrent mode failure): 4993K->897K(6848K), 0.0118481 secs] 4993K->897K(9920K), [Metaspace: 3664K->3664K(1056768K)], 0.0122357 secs] [Times: user=0.00 sys=0.00, real=0.01 secs] 
36.033: [GC (Allocation Failure) 36.033: [ParNew: 0K->0K(3072K), 0.0003192 secs]36.033: [CMS: 4993K->897K(6848K), 0.0020348 secs] 4993K->897K(9920K), [Metaspace: 3664K->3664K(1056768K)], 0.0024346 secs] [Times: user=0.00 sys=0.00, real=0.00 secs] 
36.035: [GC (CMS Initial Mark) [1 CMS-initial-mark: 4993K(6848K)] 4993K(9920K), 0.0001758 secs] [Times: user=0.02 sys=0.00, real=0.00 secs] 
36.036: [CMS-concurrent-mark-start]
36.036: [GC (Allocation Failure) 36.036: [ParNew: 0K->0K(3072K), 0.0002300 secs]36.036: [CMS36.043: [CMS-concurrent-mark: 0.002/0.007 secs] [Times: user=0.00 sys=0.00, real=0.01 secs] 
 (concurrent mode failure): 4993K->897K(6848K), 0.0097220 secs] 4993K->897K(9920K), [Metaspace: 3664K->3664K(1056768K)], 0.0100955 secs] [Times: user=0.00 sys=0.00, real=0.01 secs] 
36.046: [GC (Allocation Failure) 36.046: [ParNew: 0K->0K(3072K), 0.0003077 secs]36.047: [CMS: 4993K->897K(6848K), 0.0023796 secs] 4993K->897K(9920K), [Metaspace: 3664K->3664K(1056768K)], 0.0027680 secs] [Times: user=0.00 sys=0.00, real=0.00 secs] 
36.049: [GC (CMS Initial Mark) [1 CMS-initial-mark: 4993K(6848K)] 4993K(9920K), 0.0001514 secs] [Times: user=0.00 sys=0.00, real=0.00 secs] 
36.050: [CMS-concurrent-mark-start]
36.050: [GC (Allocation Failure) 36.050: [ParNew: 0K->0K(3072K), 0.0002159 secs]36.050: [CMS36.057: [CMS-concurrent-mark: 0.001/0.008 secs] [Times: user=0.00 sys=0.00, real=0.01 secs] 
 (concurrent mode failure): 4993K->897K(6848K), 0.0098206 secs] 4993K->897K(9920K), [Metaspace: 3664K->3664K(1056768K)], 0.0101342 secs] [Times: user=0.00 sys=0.00, real=0.01 secs] 
36.060: [GC (Allocation Failure) 36.060: [ParNew: 0K->0K(3072K), 0.0002811 secs]36.061: [CMS: 4993K->897K(6848K), 0.0028910 secs] 4993K->897K(9920K), [Metaspace: 3664K->3664K(1056768K)], 0.0032598 secs] [Times: user=0.00 sys=0.00, real=0.00 secs] 
36.064: [GC (CMS Initial Mark) [1 CMS-initial-mark: 4993K(6848K)] 4993K(9920K), 0.0001166 secs] [Times: user=0.00 sys=0.00, real=0.00 secs] 
36.064: [CMS-concurrent-mark-start]
36.064: [GC (Allocation Failure) 36.064: [ParNew: 0K->0K(3072K), 0.0002605 secs]36.064: [CMS36.073: [CMS-concurrent-mark: 0.002/0.009 secs] [Times: user=0.00 sys=0.00, real=0.01 secs] 
 (concurrent mode failure): 4993K->897K(6848K), 0.0114006 secs] 4993K->897K(9920K), [Metaspace: 3664K->3664K(1056768K)], 0.0117490 secs] [Times: user=0.00 sys=0.00, real=0.01 secs] 
36.076: [GC (Allocation Failure) 36.076: [ParNew: 0K->0K(3072K), 0.0002697 secs]36.076: [CMS: 4993K->897K(6848K), 0.0038225 secs] 4993K->897K(9920K), [Metaspace: 3664K->3664K(1056768K)], 0.0041746 secs] [Times: user=0.00 sys=0.00, real=0.01 secs] 
36.081: [GC (CMS Initial Mark) [1 CMS-initial-mark: 4993K(6848K)] 4993K(9920K), 0.0001209 secs] [Times: user=0.00 sys=0.00, real=0.00 secs] 
36.081: [CMS-concurrent-mark-start]
36.081: [GC (Allocation Failure) 36.081: [ParNew: 0K->0K(3072K), 0.0002569 secs]36.081: [CMS36.088: [CMS-concurrent-mark: 0.001/0.007 secs] [Times: user=0.00 sys=0.00, real=0.01 secs] 
 (concurrent mode failure): 4993K->897K(6848K), 0.0093474 secs] 4993K->897K(9920K), [Metaspace: 3664K->3664K(1056768K)], 0.0096899 secs] [Times: user=0.00 sys=0.00, real=0.01 secs] 
36.091: [GC (Allocation Failure) 36.091: [ParNew: 0K->0K(3072K), 0.0002308 secs]36.091: [CMS: 4993K->897K(6848K), 0.0023813 secs] 4993K->897K(9920K), [Metaspace: 3664K->3664K(1056768K)], 0.0027046 secs] [Times: user=0.00 sys=0.00, real=0.00 secs] 
36.094: [GC (CMS Initial Mark) [1 CMS-initial-mark: 4993K(6848K)] 4993K(9920K), 0.0001718 secs] [Times: user=0.00 sys=0.00, real=0.00 secs] 
36.094: [CMS-concurrent-mark-start]
36.094: [GC (Allocation Failure) 36.095: [ParNew: 0K->0K(3072K), 0.0002438 secs]36.095: [CMS36.104: [CMS-concurrent-mark: 0.002/0.010 secs] [Times: user=0.00 sys=0.00, real=0.01 secs] 
 (concurrent mode failure): 4993K->897K(6848K), 0.0120837 secs] 4993K->897K(9920K), [Metaspace: 3664K->3664K(1056768K)], 0.0124158 secs] [Times: user=0.00 sys=0.00, real=0.01 secs] 
36.107: [GC (Allocation Failure) 36.107: [ParNew: 0K->0K(3072K), 0.0002396 secs]36.108: [CMS: 4993K->897K(6848K), 0.0019428 secs] 4993K->897K(9920K), [Metaspace: 3664K->3664K(1056768K)], 0.0022491 secs] [Times: user=0.00 sys=0.00, real=0.00 secs] 
36.110: [GC (CMS Initial Mark) [1 CMS-initial-mark: 4993K(6848K)] 4993K(9920K), 0.0000907 secs] [Times: user=0.00 sys=0.00, real=0.00 secs] 
36.110: [CMS-concurrent-mark-start]
36.110: [GC (Allocation Failure) 36.110: [ParNew: 0K->0K(3072K), 0.0002940 secs]36.110: [CMS36.119: [CMS-concurrent-mark: 0.002/0.010 secs] [Times: user=0.00 sys=0.00, real=0.01 secs] 
 (concurrent mode failure): 4993K->897K(6848K), 0.0115015 secs] 4993K->897K(9920K), [Metaspace: 3664K->3664K(1056768K)], 0.0118921 secs] [Times: user=0.00 sys=0.00, real=0.01 secs] 
36.122: [GC (Allocation Failure) 36.122: [ParNew: 0K->0K(3072K), 0.0003147 secs]36.123: [CMS: 4993K->897K(6848K), 0.0021705 secs] 4993K->897K(9920K), [Metaspace: 3664K->3664K(1056768K)], 0.0025647 secs] [Times: user=0.00 sys=0.00, real=0.00 secs] 
36.125: [GC (CMS Initial Mark) [1 CMS-initial-mark: 4993K(6848K)] 4993K(9920K), 0.0001247 secs] [Times: user=0.00 sys=0.00, real=0.00 secs] 
36.125: [CMS-concurrent-mark-start]
36.125: [GC (Allocation Failure) 36.125: [ParNew: 0K->0K(3072K), 0.0002145 secs]36.126: [CMS36.135: [CMS-concurrent-mark: 0.002/0.010 secs] [Times: user=0.00 sys=0.00, real=0.01 secs] 
 (concurrent mode failure): 4993K->897K(6848K), 0.0116121 secs] 4993K->897K(9920K), [Metaspace: 3664K->3664K(1056768K)], 0.0119011 secs] [Times: user=0.00 sys=0.00, real=0.01 secs] 
36.138: [GC (Allocation Failure) 36.138: [ParNew: 0K->0K(3072K), 0.0002550 secs]36.138: [CMS: 4993K->897K(6848K), 0.0024529 secs] 4993K->897K(9920K), [Metaspace: 3664K->3664K(1056768K)], 0.0027921 secs] [Times: user=0.00 sys=0.00, real=0.00 secs] 
36.141: [GC (CMS Initial Mark) [1 CMS-initial-mark: 4993K(6848K)] 4993K(9920K), 0.0001940 secs] [Times: user=0.00 sys=0.00, real=0.00 secs] 
36.141: [CMS-concurrent-mark-start]
36.141: [GC (Allocation Failure) 36.141: [ParNew: 0K->0K(3072K), 0.0002822 secs]36.141: [CMS36.151: [CMS-concurrent-mark: 0.001/0.010 secs] [Times: user=0.00 sys=0.00, real=0.01 secs] 
 (concurrent mode failure): 4993K->897K(6848K), 0.0116421 secs] 4993K->897K(9920K), [Metaspace: 3664K->3664K(1056768K)], 0.0119941 secs] [Times: user=0.00 sys=0.00, real=0.01 secs] 
36.153: [GC (Allocation Failure) 36.154: [ParNew: 0K->0K(3072K), 0.0002175 secs]36.154: [CMS: 4993K->897K(6848K), 0.0018720 secs] 4993K->897K(9920K), [Metaspace: 3664K->3664K(1056768K)], 0.0021491 secs] [Times: user=0.00 sys=0.00, real=0.00 secs] 
36.156: [GC (CMS Initial Mark) [1 CMS-initial-mark: 4993K(6848K)] 4993K(9920K), 0.0001421 secs] [Times: user=0.00 sys=0.00, real=0.00 secs] 
36.156: [CMS-concurrent-mark-start]
36.156: [GC (Allocation Failure) 36.156: [ParNew: 0K->0K(3072K), 0.0002066 secs]36.156: [CMS36.166: [CMS-concurrent-mark: 0.002/0.010 secs] [Times: user=0.00 sys=0.00, real=0.01 secs] 
 (concurrent mode failure): 4993K->897K(6848K), 0.0121466 secs] 4993K->897K(9920K), [Metaspace: 3664K->3664K(1056768K)], 0.0124207 secs] [Times: user=0.00 sys=0.00, real=0.01 secs] 
36.169: [GC (Allocation Failure) 36.169: [ParNew: 0K->0K(3072K), 0.0002159 secs]36.169: [CMS: 4993K->897K(6848K), 0.0018535 secs] 4993K->897K(9920K), [Metaspace: 3664K->3664K(1056768K)], 0.0021335 secs] [Times: user=0.00 sys=0.00, real=0.00 secs] 
36.172: [GC (CMS Initial Mark) [1 CMS-initial-mark: 4993K(6848K)] 4993K(9920K), 0.0001190 secs] [Times: user=0.00 sys=0.00, real=0.00 secs] 
36.172: [CMS-concurrent-mark-start]
36.172: [GC (Allocation Failure) 36.172: [ParNew: 0K->0K(3072K), 0.0002092 secs]36.172: [CMS36.182: [CMS-concurrent-mark: 0.002/0.011 secs] [Times: user=0.00 sys=0.00, real=0.01 secs] 
 (concurrent mode failure): 4993K->897K(6848K), 0.0130903 secs] 4993K->897K(9920K), [Metaspace: 3664K->3664K(1056768K)], 0.0133694 secs] [Times: user=0.00 sys=0.00, real=0.01 secs] 
36.185: [GC (Allocation Failure) 36.185: [ParNew: 0K->0K(3072K), 0.0002104 secs]36.186: [CMS: 4993K->897K(6848K), 0.0018849 secs] 4993K->897K(9920K), [Metaspace: 3664K->3664K(1056768K)], 0.0021561 secs] [Times: user=0.00 sys=0.00, real=0.00 secs] 
36.188: [GC (CMS Initial Mark) [1 CMS-initial-mark: 4993K(6848K)] 4993K(9920K), 0.0000924 secs] [Times: user=0.00 sys=0.00, real=0.00 secs] 
36.188: [CMS-concurrent-mark-start]
36.188: [GC (Allocation Failure) 36.188: [ParNew: 0K->0K(3072K), 0.0002056 secs]36.188: [CMS36.198: [CMS-concurrent-mark: 0.002/0.010 secs] [Times: user=0.00 sys=0.00, real=0.01 secs] 
 (concurrent mode failure): 4993K->897K(6848K), 0.0121224 secs] 4993K->897K(9920K), [Metaspace: 3664K->3664K(1056768K)], 0.0124045 secs] [Times: user=0.00 sys=0.00, real=0.01 secs] 
36.201: [GC (Allocation Failure) 36.201: [ParNew: 0K->0K(3072K), 0.0002339 secs]36.201: [CMS: 4993K->897K(6848K), 0.0021200 secs] 4993K->897K(9920K), [Metaspace: 3664K->3664K(1056768K)], 0.0024343 secs] [Times: user=0.00 sys=0.00, real=0.00 secs] 
36.204: [GC (CMS Initial Mark) [1 CMS-initial-mark: 4993K(6848K)] 4993K(9920K), 0.0001271 secs] [Times: user=0.00 sys=0.00, real=0.00 secs] 
36.204: [CMS-concurrent-mark-start]
36.204: [GC (Allocation Failure) 36.204: [ParNew: 0K->0K(3072K), 0.0001887 secs]36.204: [CMS36.214: [CMS-concurrent-mark: 0.002/0.010 secs] [Times: user=0.00 sys=0.00, real=0.01 secs] 
 (concurrent mode failure): 4993K->897K(6848K), 0.0125969 secs] 4993K->897K(9920K), [Metaspace: 3664K->3664K(1056768K)], 0.0128538 secs] [Times: user=0.00 sys=0.00, real=0.01 secs] 
36.217: [GC (Allocation Failure) 36.217: [ParNew: 0K->0K(3072K), 0.0002180 secs]36.217: [CMS: 4993K->897K(6848K), 0.0018864 secs] 4993K->897K(9920K), [Metaspace: 3664K->3664K(1056768K)], 0.0021703 secs] [Times: user=0.00 sys=0.00, real=0.00 secs] 
36.220: [GC (CMS Initial Mark) [1 CMS-initial-mark: 4993K(6848K)] 4993K(9920K), 0.0000965 secs] [Times: user=0.00 sys=0.00, real=0.00 secs] 
36.220: [CMS-concurrent-mark-start]
36.220: [GC (Allocation Failure) 36.220: [ParNew: 0K->0K(3072K), 0.0002106 secs]36.220: [CMS36.229: [CMS-concurrent-mark: 0.002/0.010 secs] [Times: user=0.00 sys=0.00, real=0.01 secs] 
 (concurrent mode failure): 4993K->897K(6848K), 0.0118046 secs] 4993K->897K(9920K), [Metaspace: 3664K->3664K(1056768K)], 0.0120876 secs] [Times: user=0.00 sys=0.00, real=0.01 secs] 
36.232: [GC (Allocation Failure) 36.232: [ParNew: 0K->0K(3072K), 0.0002001 secs]36.232: [CMS: 4993K->897K(6848K), 0.0020967 secs] 4993K->897K(9920K), [Metaspace: 3664K->3664K(1056768K)], 0.0023747 secs] [Times: user=0.00 sys=0.00, real=0.00 secs] 
36.235: [GC (CMS Initial Mark) [1 CMS-initial-mark: 4993K(6848K)] 4993K(9920K), 0.0000867 secs] [Times: user=0.00 sys=0.00, real=0.00 secs] 
36.235: [CMS-concurrent-mark-start]
36.235: [GC (Allocation Failure) 36.235: [ParNew: 0K->0K(3072K), 0.0001800 secs]36.235: [CMS36.245: [CMS-concurrent-mark: 0.002/0.010 secs] [Times: user=0.00 sys=0.00, real=0.01 secs] 
 (concurrent mode failure): 4993K->897K(6848K), 0.0125520 secs] 4993K->897K(9920K), [Metaspace: 3664K->3664K(1056768K)], 0.0129555 secs] [Times: user=0.00 sys=0.00, real=0.01 secs] 
36.249: [GC (Allocation Failure) 36.249: [ParNew: 0K->0K(3072K), 0.0002603 secs]36.249: [CMS: 4993K->897K(6848K), 0.0040651 secs] 4993K->897K(9920K), [Metaspace: 3664K->3664K(1056768K)], 0.0045737 secs] [Times: user=0.00 sys=0.00, real=0.01 secs] 
36.254: [GC (CMS Initial Mark) [1 CMS-initial-mark: 4993K(6848K)] 4993K(9920K), 0.0002815 secs] [Times: user=0.00 sys=0.00, real=0.00 secs] 
36.254: [CMS-concurrent-mark-start]
36.254: [GC (Allocation Failure) 36.254: [ParNew: 0K->0K(3072K), 0.0002627 secs]36.255: [CMS36.260: [CMS-concurrent-mark: 0.001/0.006 secs] [Times: user=0.00 sys=0.02, real=0.00 secs] 
 (concurrent mode failure): 4993K->897K(6848K), 0.0080427 secs] 4993K->897K(9920K), [Metaspace: 3664K->3664K(1056768K)], 0.0084036 secs] [Times: user=0.00 sys=0.02, real=0.01 secs] 
36.263: [GC (Allocation Failure) 36.263: [ParNew: 0K->0K(3072K), 0.0003196 secs]36.264: [CMS: 4993K->897K(6848K), 0.0024451 secs] 4993K->897K(9920K), [Metaspace: 3664K->3664K(1056768K)], 0.0028752 secs] [Times: user=0.00 sys=0.00, real=0.00 secs] 
36.266: [GC (CMS Initial Mark) [1 CMS-initial-mark: 4993K(6848K)] 4993K(9920K), 0.0000938 secs] [Times: user=0.00 sys=0.00, real=0.00 secs] 
36.266: [CMS-concurrent-mark-start]
36.267: [GC (Allocation Failure) 36.267: [ParNew: 0K->0K(3072K), 0.0002127 secs]36.267: [CMS36.275: [CMS-concurrent-mark: 0.002/0.009 secs] [Times: user=0.00 sys=0.00, real=0.01 secs] 
 (concurrent mode failure): 4993K->897K(6848K), 0.0128340 secs] 4993K->897K(9920K), [Metaspace: 3664K->3664K(1056768K)], 0.0131316 secs] [Times: user=0.00 sys=0.00, real=0.01 secs] 
36.280: [GC (Allocation Failure) 36.280: [ParNew: 0K->0K(3072K), 0.0002467 secs]36.280: [CMS: 4993K->897K(6848K), 0.0020534 secs] 4993K->897K(9920K), [Metaspace: 3664K->3664K(1056768K)], 0.0023622 secs] [Times: user=0.00 sys=0.00, real=0.00 secs] 
36.283: [GC (CMS Initial Mark) [1 CMS-initial-mark: 4993K(6848K)] 4993K(9920K), 0.0001629 secs] [Times: user=0.00 sys=0.00, real=0.00 secs] 
36.283: [CMS-concurrent-mark-start]
36.283: [GC (Allocation Failure) 36.283: [ParNew: 0K->0K(3072K), 0.0001976 secs]36.283: [CMS36.291: [CMS-concurrent-mark: 0.002/0.007 secs] [Times: user=0.00 sys=0.00, real=0.01 secs] 
 (concurrent mode failure): 4993K->897K(6848K), 0.0094014 secs] 4993K->897K(9920K), [Metaspace: 3664K->3664K(1056768K)], 0.0096721 secs] [Times: user=0.00 sys=0.00, real=0.01 secs] 
36.293: [GC (Allocation Failure) 36.293: [ParNew: 0K->0K(3072K), 0.0002630 secs]36.293: [CMS: 4993K->897K(6848K), 0.0037090 secs] 4993K->897K(9920K), [Metaspace: 3664K->3664K(1056768K)], 0.0040591 secs] [Times: user=0.00 sys=0.00, real=0.00 secs] 
36.298: [GC (CMS Initial Mark) [1 CMS-initial-mark: 4993K(6848K)] 4993K(9920K), 0.0001845 secs] [Times: user=0.00 sys=0.00, real=0.00 secs] 
36.298: [CMS-concurrent-mark-start]
36.298: [GC (Allocation Failure) 36.298: [ParNew: 0K->0K(3072K), 0.0002642 secs]36.298: [CMS36.306: [CMS-concurrent-mark: 0.001/0.008 secs] [Times: user=0.00 sys=0.00, real=0.01 secs] 
 (concurrent mode failure): 4993K->897K(6848K), 0.0101267 secs] 4993K->897K(9920K), [Metaspace: 3664K->3664K(1056768K)], 0.0104642 secs] [Times: user=0.00 sys=0.00, real=0.01 secs] 
36.309: [GC (Allocation Failure) 36.309: [ParNew: 0K->0K(3072K), 0.0002214 secs]36.309: [CMS: 4993K->897K(6848K), 0.0023199 secs] 4993K->897K(9920K), [Metaspace: 3664K->3664K(1056768K)], 0.0026228 secs] [Times: user=0.00 sys=0.00, real=0.00 secs] 
36.312: [GC (CMS Initial Mark) [1 CMS-initial-mark: 4993K(6848K)] 4993K(9920K), 0.0002720 secs] [Times: user=0.00 sys=0.00, real=0.00 secs] 
36.312: [CMS-concurrent-mark-start]
36.312: [GC (Allocation Failure) 36.312: [ParNew: 0K->0K(3072K), 0.0002698 secs]36.312: [CMS36.321: [CMS-concurrent-mark: 0.001/0.009 secs] [Times: user=0.00 sys=0.00, real=0.01 secs] 
 (concurrent mode failure): 4993K->897K(6848K), 0.0106728 secs] 4993K->897K(9920K), [Metaspace: 3664K->3664K(1056768K)], 0.0110438 secs] [Times: user=0.00 sys=0.00, real=0.01 secs] 
36.323: [GC (Allocation Failure) 36.324: [ParNew: 0K->0K(3072K), 0.0002221 secs]36.324: [CMS: 4993K->897K(6848K), 0.0020267 secs] 4993K->897K(9920K), [Metaspace: 3664K->3664K(1056768K)], 0.0023164 secs] [Times: user=0.00 sys=0.00, real=0.00 secs] 
36.326: [GC (CMS Initial Mark) [1 CMS-initial-mark: 4993K(6848K)] 4993K(9920K), 0.0000875 secs] [Times: user=0.00 sys=0.00, real=0.00 secs] 
36.326: [CMS-concurrent-mark-start]
36.326: [GC (Allocation Failure) 36.326: [ParNew: 0K->0K(3072K), 0.0002638 secs]36.327: [CMS36.336: [CMS-concurrent-mark: 0.002/0.010 secs] [Times: user=0.00 sys=0.00, real=0.01 secs] 
 (concurrent mode failure): 4993K->897K(6848K), 0.0119814 secs] 4993K->897K(9920K), [Metaspace: 3664K->3664K(1056768K)], 0.0123276 secs] [Times: user=0.00 sys=0.00, real=0.01 secs] 
36.339: [GC (Allocation Failure) 36.339: [ParNew: 0K->0K(3072K), 0.0002354 secs]36.339: [CMS: 4993K->897K(6848K), 0.0020315 secs] 4993K->897K(9920K), [Metaspace: 3664K->3664K(1056768K)], 0.0023433 secs] [Times: user=0.00 sys=0.00, real=0.00 secs] 
36.342: [GC (CMS Initial Mark) [1 CMS-initial-mark: 4993K(6848K)] 4993K(9920K), 0.0001259 secs] [Times: user=0.00 sys=0.00, real=0.00 secs] 
36.342: [CMS-concurrent-mark-start]
36.342: [GC (Allocation Failure) 36.342: [ParNew: 0K->0K(3072K), 0.0002043 secs]36.342: [CMS36.353: [CMS-concurrent-mark: 0.002/0.011 secs] [Times: user=0.00 sys=0.00, real=0.01 secs] 
 (concurrent mode failure): 4993K->897K(6848K), 0.0126355 secs] 4993K->897K(9920K), [Metaspace: 3664K->3664K(1056768K)], 0.0129257 secs] [Times: user=0.00 sys=0.00, real=0.01 secs] 
36.355: [GC (Allocation Failure) 36.355: [ParNew: 0K->0K(3072K), 0.0002145 secs]36.355: [CMS: 4993K->897K(6848K), 0.0019072 secs] 4993K->897K(9920K), [Metaspace: 3664K->3664K(1056768K)], 0.0021898 secs] [Times: user=0.00 sys=0.00, real=0.00 secs] 
36.358: [GC (CMS Initial Mark) [1 CMS-initial-mark: 4993K(6848K)] 4993K(9920K), 0.0001146 secs] [Times: user=0.00 sys=0.00, real=0.00 secs] 
36.358: [CMS-concurrent-mark-start]
36.358: [GC (Allocation Failure) 36.358: [ParNew: 0K->0K(3072K), 0.0001976 secs]36.358: [CMS36.367: [CMS-concurrent-mark: 0.001/0.010 secs] [Times: user=0.00 sys=0.00, real=0.01 secs] 
 (concurrent mode failure): 4993K->897K(6848K), 0.0115082 secs] 4993K->897K(9920K), [Metaspace: 3664K->3664K(1056768K)], 0.0117671 secs] [Times: user=0.00 sys=0.00, real=0.01 secs] 
36.370: [GC (Allocation Failure) 36.370: [ParNew: 0K->0K(3072K), 0.0002386 secs]36.370: [CMS: 4993K->897K(6848K), 0.0018161 secs] 4993K->897K(9920K), [Metaspace: 3664K->3664K(1056768K)], 0.0021176 secs] [Times: user=0.00 sys=0.00, real=0.00 secs] 
36.372: [GC (CMS Initial Mark) [1 CMS-initial-mark: 4993K(6848K)] 4993K(9920K), 0.0001144 secs] [Times: user=0.00 sys=0.00, real=0.00 secs] 
36.372: [CMS-concurrent-mark-start]
36.373: [GC (Allocation Failure) 36.373: [ParNew: 0K->0K(3072K), 0.0002617 secs]36.373: [CMS36.383: [CMS-concurrent-mark: 0.001/0.010 secs] [Times: user=0.00 sys=0.00, real=0.01 secs] 
 (concurrent mode failure): 4993K->897K(6848K), 0.0120640 secs] 4993K->897K(9920K), [Metaspace: 3664K->3664K(1056768K)], 0.0124116 secs] [Times: user=0.00 sys=0.00, real=0.01 secs] 
36.385: [GC (Allocation Failure) 36.385: [ParNew: 0K->0K(3072K), 0.0002111 secs]36.386: [CMS: 4993K->897K(6848K), 0.0017852 secs] 4993K->897K(9920K), [Metaspace: 3664K->3664K(1056768K)], 0.0020556 secs] [Times: user=0.00 sys=0.00, real=0.00 secs] 
36.388: [GC (CMS Initial Mark) [1 CMS-initial-mark: 4993K(6848K)] 4993K(9920K), 0.0001715 secs] [Times: user=0.00 sys=0.00, real=0.00 secs] 
36.388: [CMS-concurrent-mark-start]
36.388: [GC (Allocation Failure) 36.388: [ParNew: 0K->0K(3072K), 0.0002247 secs]36.388: [CMS36.399: [CMS-concurrent-mark: 0.002/0.011 secs] [Times: user=0.00 sys=0.00, real=0.01 secs] 
 (concurrent mode failure): 4993K->897K(6848K), 0.0125430 secs] 4993K->897K(9920K), [Metaspace: 3664K->3664K(1056768K)], 0.0128383 secs] [Times: user=0.00 sys=0.00, real=0.01 secs] 
36.401: [GC (Allocation Failure) 36.401: [ParNew: 0K->0K(3072K), 0.0002411 secs]36.401: [CMS: 4993K->897K(6848K), 0.0019319 secs] 4993K->897K(9920K), [Metaspace: 3664K->3664K(1056768K)], 0.0022463 secs] [Times: user=0.00 sys=0.00, real=0.00 secs] 
36.404: [GC (CMS Initial Mark) [1 CMS-initial-mark: 4993K(6848K)] 4993K(9920K), 0.0001583 secs] [Times: user=0.00 sys=0.00, real=0.00 secs] 
36.404: [CMS-concurrent-mark-start]
36.404: [GC (Allocation Failure) 36.404: [ParNew: 0K->0K(3072K), 0.0002118 secs]36.404: [CMS36.414: [CMS-concurrent-mark: 0.001/0.010 secs] [Times: user=0.00 sys=0.00, real=0.01 secs] 
 (concurrent mode failure): 4993K->897K(6848K), 0.0125461 secs] 4993K->897K(9920K), [Metaspace: 3664K->3664K(1056768K)], 0.0128363 secs] [Times: user=0.00 sys=0.00, real=0.01 secs] 
36.417: [GC (Allocation Failure) 36.417: [ParNew: 0K->0K(3072K), 0.0002157 secs]36.417: [CMS: 4993K->897K(6848K), 0.0018574 secs] 4993K->897K(9920K), [Metaspace: 3664K->3664K(1056768K)], 0.0021402 secs] [Times: user=0.00 sys=0.00, real=0.00 secs] 
36.420: [GC (CMS Initial Mark) [1 CMS-initial-mark: 4993K(6848K)] 4993K(9920K), 0.0001261 secs] [Times: user=0.00 sys=0.00, real=0.00 secs] 
36.420: [CMS-concurrent-mark-start]
36.420: [GC (Allocation Failure) 36.420: [ParNew: 0K->0K(3072K), 0.0001858 secs]36.420: [CMS36.430: [CMS-concurrent-mark: 0.001/0.010 secs] [Times: user=0.00 sys=0.00, real=0.01 secs] 
 (concurrent mode failure): 4993K->897K(6848K), 0.0119059 secs] 4993K->897K(9920K), [Metaspace: 3664K->3664K(1056768K)], 0.0121593 secs] [Times: user=0.00 sys=0.00, real=0.01 secs] 
36.432: [GC (Allocation Failure) 36.432: [ParNew: 0K->0K(3072K), 0.0002408 secs]36.433: [CMS: 4993K->897K(6848K), 0.0017815 secs] 4993K->897K(9920K), [Metaspace: 3664K->3664K(1056768K)], 0.0020857 secs] [Times: user=0.00 sys=0.00, real=0.00 secs] 
36.435: [GC (CMS Initial Mark) [1 CMS-initial-mark: 4993K(6848K)] 4993K(9920K), 0.0001558 secs] [Times: user=0.00 sys=0.00, real=0.00 secs] 
36.435: [CMS-concurrent-mark-start]
36.435: [GC (Allocation Failure) 36.435: [ParNew: 0K->0K(3072K), 0.0001971 secs]36.435: [CMS36.446: [CMS-concurrent-mark: 0.002/0.011 secs] [Times: user=0.00 sys=0.00, real=0.01 secs] 
 (concurrent mode failure): 4993K->897K(6848K), 0.0129919 secs] 4993K->897K(9920K), [Metaspace: 3664K->3664K(1056768K)], 0.0132590 secs] [Times: user=0.00 sys=0.00, real=0.01 secs] 
36.449: [GC (Allocation Failure) 36.449: [ParNew: 0K->0K(3072K), 0.0002432 secs]36.449: [CMS: 4993K->897K(6848K), 0.0019446 secs] 4993K->897K(9920K), [Metaspace: 3664K->3664K(1056768K)], 0.0022526 secs] [Times: user=0.00 sys=0.00, real=0.00 secs] 
36.452: [GC (CMS Initial Mark) [1 CMS-initial-mark: 4993K(6848K)] 4993K(9920K), 0.0001336 secs] [Times: user=0.00 sys=0.00, real=0.00 secs] 
36.452: [CMS-concurrent-mark-start]
36.452: [GC (Allocation Failure) 36.452: [ParNew: 0K->0K(3072K), 0.0002288 secs]36.452: [CMS36.462: [CMS-concurrent-mark: 0.002/0.010 secs] [Times: user=0.00 sys=0.00, real=0.01 secs] 
 (concurrent mode failure): 4993K->897K(6848K), 0.0126457 secs] 4993K->897K(9920K), [Metaspace: 3664K->3664K(1056768K)], 0.0129459 secs] [Times: user=0.00 sys=0.00, real=0.01 secs] 
36.465: [GC (Allocation Failure) 36.465: [ParNew: 0K->0K(3072K), 0.0002761 secs]36.466: [CMS: 4993K->897K(6848K), 0.0022352 secs] 4993K->897K(9920K), [Metaspace: 3664K->3664K(1056768K)], 0.0025874 secs] [Times: user=0.00 sys=0.00, real=0.00 secs] 
36.468: [GC (CMS Initial Mark) [1 CMS-initial-mark: 4993K(6848K)] 4993K(9920K), 0.0001134 secs] [Times: user=0.00 sys=0.00, real=0.00 secs] 
36.468: [CMS-concurrent-mark-start]
36.469: [GC (Allocation Failure) 36.469: [ParNew: 0K->0K(3072K), 0.0002395 secs]36.469: [CMS36.478: [CMS-concurrent-mark: 0.002/0.009 secs] [Times: user=0.00 sys=0.00, real=0.01 secs] 
 (concurrent mode failure): 4993K->897K(6848K), 0.0121008 secs] 4993K->897K(9920K), [Metaspace: 3664K->3664K(1056768K)], 0.0124155 secs] [Times: user=0.00 sys=0.00, real=0.01 secs] 
36.482: [GC (Allocation Failure) 36.482: [ParNew: 0K->0K(3072K), 0.0003977 secs]36.482: [CMS: 4993K->897K(6848K), 0.0021279 secs] 4993K->897K(9920K), [Metaspace: 3664K->3664K(1056768K)], 0.0026129 secs] [Times: user=0.00 sys=0.00, real=0.00 secs] 
36.484: [GC (CMS Initial Mark) [1 CMS-initial-mark: 4993K(6848K)] 4993K(9920K), 0.0002156 secs] [Times: user=0.00 sys=0.00, real=0.00 secs] 
36.485: [CMS-concurrent-mark-start]
36.485: [GC (Allocation Failure) 36.485: [ParNew: 0K->0K(3072K), 0.0003140 secs]36.485: [CMS36.492: [CMS-concurrent-mark: 0.002/0.008 secs] [Times: user=0.00 sys=0.00, real=0.01 secs] 
 (concurrent mode failure): 4993K->897K(6848K), 0.0098562 secs] 4993K->897K(9920K), [Metaspace: 3664K->3664K(1056768K)], 0.0102397 secs] [Times: user=0.00 sys=0.00, real=0.01 secs] 
36.496: [GC (Allocation Failure) 36.496: [ParNew: 0K->0K(3072K), 0.0002640 secs]36.496: [CMS: 4993K->897K(6848K), 0.0026152 secs] 4993K->897K(9920K), [Metaspace: 3664K->3664K(1056768K)], 0.0029679 secs] [Times: user=0.00 sys=0.00, real=0.00 secs] 
36.499: [GC (CMS Initial Mark) [1 CMS-initial-mark: 4993K(6848K)] 4993K(9920K), 0.0001640 secs] [Times: user=0.00 sys=0.00, real=0.00 secs] 
36.499: [CMS-concurrent-mark-start]
36.499: [GC (Allocation Failure) 36.499: [ParNew: 0K->0K(3072K), 0.0003835 secs]36.500: [CMS36.507: [CMS-concurrent-mark: 0.001/0.008 secs] [Times: user=0.00 sys=0.00, real=0.01 secs] 
 (concurrent mode failure): 4993K->897K(6848K), 0.0097630 secs] 4993K->897K(9920K), [Metaspace: 3664K->3664K(1056768K)], 0.0102188 secs] [Times: user=0.00 sys=0.00, real=0.01 secs] 
36.510: [GC (Allocation Failure) 36.510: [ParNew: 0K->0K(3072K), 0.0002838 secs]36.510: [CMS: 4993K->897K(6848K), 0.0028347 secs] 4993K->897K(9920K), [Metaspace: 3664K->3664K(1056768K)], 0.0032128 secs] [Times: user=0.00 sys=0.00, real=0.00 secs] 
36.514: [GC (CMS Initial Mark) [1 CMS-initial-mark: 4993K(6848K)] 4993K(9920K), 0.0001110 secs] [Times: user=0.00 sys=0.00, real=0.00 secs] 
36.514: [CMS-concurrent-mark-start]
36.514: [GC (Allocation Failure) 36.514: [ParNew: 0K->0K(3072K), 0.0002747 secs]36.514: [CMS36.523: [CMS-concurrent-mark: 0.001/0.009 secs] [Times: user=0.00 sys=0.00, real=0.01 secs] 
 (concurrent mode failure): 4993K->897K(6848K), 0.0110269 secs] 4993K->897K(9920K), [Metaspace: 3664K->3664K(1056768K)], 0.0113869 secs] [Times: user=0.00 sys=0.00, real=0.01 secs] 
36.525: [GC (Allocation Failure) 36.525: [ParNew: 0K->0K(3072K), 0.0002731 secs]36.526: [CMS: 4993K->897K(6848K), 0.0030199 secs] 4993K->897K(9920K), [Metaspace: 3664K->3664K(1056768K)], 0.0034099 secs] [Times: user=0.00 sys=0.00, real=0.00 secs] 
36.529: [GC (CMS Initial Mark) [1 CMS-initial-mark: 4993K(6848K)] 4993K(9920K), 0.0001233 secs] [Times: user=0.00 sys=0.00, real=0.00 secs] 
36.529: [CMS-concurrent-mark-start]
36.529: [GC (Allocation Failure) 36.530: [ParNew: 0K->0K(3072K), 0.0002555 secs]36.530: [CMS36.538: [CMS-concurrent-mark: 0.002/0.009 secs] [Times: user=0.00 sys=0.00, real=0.01 secs] 
 (concurrent mode failure): 4993K->897K(6848K), 0.0111016 secs] 4993K->897K(9920K), [Metaspace: 3664K->3664K(1056768K)], 0.0114318 secs] [Times: user=0.00 sys=0.00, real=0.01 secs] 
36.541: [GC (Allocation Failure) 36.541: [ParNew: 0K->0K(3072K), 0.0002363 secs]36.542: [CMS: 4993K->897K(6848K), 0.0021168 secs] 4993K->897K(9920K), [Metaspace: 3664K->3664K(1056768K)], 0.0024354 secs] [Times: user=0.00 sys=0.00, real=0.00 secs] 
36.544: [GC (CMS Initial Mark) [1 CMS-initial-mark: 4993K(6848K)] 4993K(9920K), 0.0001374 secs] [Times: user=0.00 sys=0.00, real=0.00 secs] 
36.544: [CMS-concurrent-mark-start]
36.544: [GC (Allocation Failure) 36.544: [ParNew: 0K->0K(3072K), 0.0004924 secs]36.545: [CMS36.553: [CMS-concurrent-mark: 0.002/0.009 secs] [Times: user=0.00 sys=0.00, real=0.01 secs] 
 (concurrent mode failure): 4993K->897K(6848K), 0.0114990 secs] 4993K->897K(9920K), [Metaspace: 3664K->3664K(1056768K)], 0.0120984 secs] [Times: user=0.00 sys=0.00, real=0.01 secs] 
36.557: [GC (Allocation Failure) 36.557: [ParNew: 0K->0K(3072K), 0.0002584 secs]36.557: [CMS: 4993K->897K(6848K), 0.0029469 secs] 4993K->897K(9920K), [Metaspace: 3664K->3664K(1056768K)], 0.0033195 secs] [Times: user=0.00 sys=0.00, real=0.00 secs] 
36.561: [GC (CMS Initial Mark) [1 CMS-initial-mark: 4993K(6848K)] 4993K(9920K), 0.0002053 secs] [Times: user=0.00 sys=0.00, real=0.00 secs] 
36.561: [CMS-concurrent-mark-start]
36.561: [GC (Allocation Failure) 36.561: [ParNew: 0K->0K(3072K), 0.0003851 secs]36.562: [CMS36.568: [CMS-concurrent-mark: 0.001/0.007 secs] [Times: user=0.00 sys=0.00, real=0.01 secs] 
 (concurrent mode failure): 4993K->897K(6848K), 0.0100249 secs] 4993K->897K(9920K), [Metaspace: 3664K->3664K(1056768K)], 0.0105340 secs] [Times: user=0.00 sys=0.00, real=0.01 secs] 
36.572: [GC (Allocation Failure) 36.572: [ParNew: 0K->0K(3072K), 0.0002401 secs]36.572: [CMS: 4993K->897K(6848K), 0.0019678 secs] 4993K->897K(9920K), [Metaspace: 3664K->3664K(1056768K)], 0.0022942 secs] [Times: user=0.00 sys=0.00, real=0.00 secs] 
36.575: [GC (CMS Initial Mark) [1 CMS-initial-mark: 4993K(6848K)] 4993K(9920K), 0.0001629 secs] [Times: user=0.00 sys=0.00, real=0.00 secs] 
36.575: [CMS-concurrent-mark-start]
36.575: [GC (Allocation Failure) 36.575: [ParNew: 0K->0K(3072K), 0.0002729 secs]36.575: [CMS36.584: [CMS-concurrent-mark: 0.002/0.009 secs] [Times: user=0.00 sys=0.00, real=0.01 secs] 
 (concurrent mode failure): 4993K->897K(6848K), 0.0115512 secs] 4993K->897K(9920K), [Metaspace: 3664K->3664K(1056768K)], 0.0119105 secs] [Times: user=0.00 sys=0.00, real=0.01 secs] 
36.587: [GC (Allocation Failure) 36.587: [ParNew: 0K->0K(3072K), 0.0002511 secs]36.587: [CMS: 4993K->897K(6848K), 0.0018414 secs] 4993K->897K(9920K), [Metaspace: 3664K->3664K(1056768K)], 0.0021685 secs] [Times: user=0.00 sys=0.00, real=0.00 secs] 
36.590: [GC (CMS Initial Mark) [1 CMS-initial-mark: 4993K(6848K)] 4993K(9920K), 0.0001077 secs] [Times: user=0.00 sys=0.00, real=0.00 secs] 
36.590: [CMS-concurrent-mark-start]
36.590: [GC (Allocation Failure) 36.590: [ParNew: 0K->0K(3072K), 0.0002226 secs]36.590: [CMS36.600: [CMS-concurrent-mark: 0.001/0.010 secs] [Times: user=0.00 sys=0.00, real=0.01 secs] 
 (concurrent mode failure): 4993K->897K(6848K), 0.0121027 secs] 4993K->897K(9920K), [Metaspace: 3664K->3664K(1056768K)], 0.0124212 secs] [Times: user=0.00 sys=0.00, real=0.01 secs] 
36.603: [GC (Allocation Failure) 36.603: [ParNew: 0K->0K(3072K), 0.0002799 secs]36.603: [CMS: 4993K->897K(6848K), 0.0020117 secs] 4993K->897K(9920K), [Metaspace: 3664K->3664K(1056768K)], 0.0023657 secs] [Times: user=0.00 sys=0.00, real=0.00 secs] 
36.605: [GC (CMS Initial Mark) [1 CMS-initial-mark: 4993K(6848K)] 4993K(9920K), 0.0001360 secs] [Times: user=0.00 sys=0.00, real=0.00 secs] 
36.606: [CMS-concurrent-mark-start]
36.606: [GC (Allocation Failure) 36.606: [ParNew: 0K->0K(3072K), 0.0002786 secs]36.606: [CMS36.616: [CMS-concurrent-mark: 0.002/0.010 secs] [Times: user=0.00 sys=0.00, real=0.01 secs] 
 (concurrent mode failure): 4993K->897K(6848K), 0.0117843 secs] 4993K->897K(9920K), [Metaspace: 3664K->3664K(1056768K)], 0.0121398 secs] [Times: user=0.00 sys=0.00, real=0.01 secs] 
36.618: [GC (Allocation Failure) 36.618: [ParNew: 0K->0K(3072K), 0.0002048 secs]36.618: [CMS: 4993K->897K(6848K), 0.0016723 secs] 4993K->897K(9920K), [Metaspace: 3664K->3664K(1056768K)], 0.0019359 secs] [Times: user=0.00 sys=0.00, real=0.00 secs] 
36.620: [GC (CMS Initial Mark) [1 CMS-initial-mark: 4993K(6848K)] 4993K(9920K), 0.0001029 secs] [Times: user=0.00 sys=0.00, real=0.00 secs] 
36.620: [CMS-concurrent-mark-start]
36.621: [GC (Allocation Failure) 36.621: [ParNew: 0K->0K(3072K), 0.0002038 secs]36.621: [CMS36.631: [CMS-concurrent-mark: 0.001/0.011 secs] [Times: user=0.00 sys=0.00, real=0.01 secs] 
 (concurrent mode failure): 4993K->897K(6848K), 0.0127899 secs] 4993K->897K(9920K), [Metaspace: 3664K->3664K(1056768K)], 0.0130562 secs] [Times: user=0.00 sys=0.00, real=0.01 secs] 
36.634: [GC (Allocation Failure) 36.634: [ParNew: 0K->0K(3072K), 0.0001951 secs]36.634: [CMS: 4993K->897K(6848K), 0.0016787 secs] 4993K->897K(9920K), [Metaspace: 3664K->3664K(1056768K)], 0.0019295 secs] [Times: user=0.00 sys=0.00, real=0.00 secs] 
36.636: [GC (CMS Initial Mark) [1 CMS-initial-mark: 4993K(6848K)] 4993K(9920K), 0.0001121 secs] [Times: user=0.00 sys=0.00, real=0.00 secs] 
36.636: [CMS-concurrent-mark-start]
36.636: [GC (Allocation Failure) 36.636: [ParNew: 0K->0K(3072K), 0.0001931 secs]36.637: [CMS36.648: [CMS-concurrent-mark: 0.002/0.011 secs] [Times: user=0.00 sys=0.00, real=0.01 secs] 
 (concurrent mode failure): 4993K->897K(6848K), 0.0141625 secs] 4993K->897K(9920K), [Metaspace: 3664K->3664K(1056768K)], 0.0144268 secs] [Times: user=0.00 sys=0.00, real=0.01 secs] 
36.651: [GC (Allocation Failure) 36.651: [ParNew: 0K->0K(3072K), 0.0002169 secs]36.651: [CMS: 4993K->897K(6848K), 0.0020648 secs] 4993K->897K(9920K), [Metaspace: 3664K->3664K(1056768K)], 0.0023533 secs] [Times: user=0.00 sys=0.00, real=0.00 secs] 
36.654: [GC (CMS Initial Mark) [1 CMS-initial-mark: 4993K(6848K)] 4993K(9920K), 0.0001555 secs] [Times: user=0.00 sys=0.00, real=0.00 secs] 
36.654: [CMS-concurrent-mark-start]
36.654: [GC (Allocation Failure) 36.654: [ParNew: 0K->0K(3072K), 0.0002111 secs]36.654: [CMS36.662: [CMS-concurrent-mark: 0.001/0.008 secs] [Times: user=0.00 sys=0.00, real=0.01 secs] 
 (concurrent mode failure): 4993K->897K(6848K), 0.0104107 secs] 4993K->897K(9920K), [Metaspace: 3664K->3664K(1056768K)], 0.0106939 secs] [Times: user=0.00 sys=0.00, real=0.01 secs] 
36.665: [GC (Allocation Failure) 36.665: [ParNew: 0K->0K(3072K), 0.0002127 secs]36.666: [CMS: 4993K->897K(6848K), 0.0018745 secs] 4993K->897K(9920K), [Metaspace: 3664K->3664K(1056768K)], 0.0021547 secs] [Times: user=0.00 sys=0.00, real=0.00 secs] 
36.668: [GC (CMS Initial Mark) [1 CMS-initial-mark: 4993K(6848K)] 4993K(9920K), 0.0000886 secs] [Times: user=0.00 sys=0.00, real=0.00 secs] 
36.668: [CMS-concurrent-mark-start]
36.668: [GC (Allocation Failure) 36.668: [ParNew: 0K->0K(3072K), 0.0001896 secs]36.668: [CMS36.678: [CMS-concurrent-mark: 0.002/0.010 secs] [Times: user=0.00 sys=0.00, real=0.01 secs] 
 (concurrent mode failure): 4993K->897K(6848K), 0.0130739 secs] 4993K->897K(9920K), [Metaspace: 3664K->3664K(1056768K)], 0.0133471 secs] [Times: user=0.00 sys=0.00, real=0.01 secs] 
36.682: [GC (Allocation Failure) 36.682: [ParNew: 0K->0K(3072K), 0.0002429 secs]36.682: [CMS: 4993K->897K(6848K), 0.0019123 secs] 4993K->897K(9920K), [Metaspace: 3664K->3664K(1056768K)], 0.0022216 secs] [Times: user=0.00 sys=0.00, real=0.00 secs] 
36.684: [GC (CMS Initial Mark) [1 CMS-initial-mark: 4993K(6848K)] 4993K(9920K), 0.0001264 secs] [Times: user=0.00 sys=0.00, real=0.00 secs] 
36.685: [CMS-concurrent-mark-start]
36.685: [GC (Allocation Failure) 36.685: [ParNew: 0K->0K(3072K), 0.0002326 secs]36.685: [CMS36.693: [CMS-concurrent-mark: 0.001/0.008 secs] [Times: user=0.03 sys=0.00, real=0.01 secs] 
 (concurrent mode failure): 4993K->897K(6848K), 0.0108607 secs] 4993K->897K(9920K), [Metaspace: 3664K->3664K(1056768K)], 0.0111706 secs] [Times: user=0.03 sys=0.00, real=0.01 secs] 
36.696: [GC (Allocation Failure) 36.696: [ParNew: 0K->0K(3072K), 0.0003815 secs]36.697: [CMS: 4993K->897K(6848K), 0.0026759 secs] 4993K->897K(9920K), [Metaspace: 3664K->3664K(1056768K)], 0.0031334 secs] [Times: user=0.00 sys=0.00, real=0.00 secs] 
36.700: [GC (CMS Initial Mark) [1 CMS-initial-mark: 4993K(6848K)] 4993K(9920K), 0.0001795 secs] [Times: user=0.00 sys=0.00, real=0.00 secs] 
36.700: [CMS-concurrent-mark-start]
36.700: [GC (Allocation Failure) 36.700: [ParNew: 0K->0K(3072K), 0.0003473 secs]36.701: [CMS36.709: [CMS-concurrent-mark: 0.002/0.009 secs] [Times: user=0.00 sys=0.00, real=0.01 secs] 
 (concurrent mode failure): 4993K->897K(6848K), 0.0120845 secs] 4993K->897K(9920K), [Metaspace: 3664K->3664K(1056768K)], 0.0125064 secs] [Times: user=0.00 sys=0.00, real=0.01 secs] 
36.713: [GC (Allocation Failure) 36.713: [ParNew: 0K->0K(3072K), 0.0002681 secs]36.713: [CMS: 4993K->897K(6848K), 0.0019419 secs] 4993K->897K(9920K), [Metaspace: 3664K->3664K(1056768K)], 0.0022802 secs] [Times: user=0.00 sys=0.00, real=0.00 secs] 
36.716: [GC (CMS Initial Mark) [1 CMS-initial-mark: 4993K(6848K)] 4993K(9920K), 0.0001166 secs] [Times: user=0.00 sys=0.00, real=0.00 secs] 
36.716: [CMS-concurrent-mark-start]
36.716: [GC (Allocation Failure) 36.716: [ParNew: 0K->0K(3072K), 0.0002424 secs]36.716: [CMS36.724: [CMS-concurrent-mark: 0.001/0.008 secs] [Times: user=0.03 sys=0.00, real=0.01 secs] 
 (concurrent mode failure): 4993K->897K(6848K), 0.0099483 secs] 4993K->897K(9920K), [Metaspace: 3664K->3664K(1056768K)], 0.0102888 secs] [Times: user=0.03 sys=0.00, real=0.01 secs] 
36.727: [GC (Allocation Failure) 36.727: [ParNew: 0K->0K(3072K), 0.0003518 secs]36.727: [CMS: 4993K->897K(6848K), 0.0033824 secs] 4993K->897K(9920K), [Metaspace: 3664K->3664K(1056768K)], 0.0038857 secs] [Times: user=0.00 sys=0.00, real=0.00 secs] 
36.731: [GC (CMS Initial Mark) [1 CMS-initial-mark: 4993K(6848K)] 4993K(9920K), 0.0001265 secs] [Times: user=0.00 sys=0.00, real=0.00 secs] 
36.731: [CMS-concurrent-mark-start]
36.731: [GC (Allocation Failure) 36.731: [ParNew: 0K->0K(3072K), 0.0002239 secs]36.731: [CMS36.739: [CMS-concurrent-mark: 0.001/0.008 secs] [Times: user=0.03 sys=0.00, real=0.01 secs] 
 (concurrent mode failure): 4993K->897K(6848K), 0.0099971 secs] 4993K->897K(9920K), [Metaspace: 3664K->3664K(1056768K)], 0.0103007 secs] [Times: user=0.03 sys=0.00, real=0.01 secs] 
36.742: [GC (Allocation Failure) 36.742: [ParNew: 0K->0K(3072K), 0.0002337 secs]36.742: [CMS: 4993K->897K(6848K), 0.0034233 secs] 4993K->897K(9920K), [Metaspace: 3664K->3664K(1056768K)], 0.0038703 secs] [Times: user=0.00 sys=0.00, real=0.00 secs] 
36.746: [GC (CMS Initial Mark) [1 CMS-initial-mark: 4993K(6848K)] 4993K(9920K), 0.0001388 secs] [Times: user=0.00 sys=0.00, real=0.00 secs] 
36.747: [CMS-concurrent-mark-start]
36.747: [GC (Allocation Failure) 36.747: [ParNew: 0K->0K(3072K), 0.0004242 secs]36.747: [CMS36.754: [CMS-concurrent-mark: 0.001/0.008 secs] [Times: user=0.00 sys=0.00, real=0.01 secs] 
 (concurrent mode failure): 4993K->897K(6848K), 0.0093793 secs] 4993K->897K(9920K), [Metaspace: 3664K->3664K(1056768K)], 0.0098819 secs] [Times: user=0.02 sys=0.00, real=0.01 secs] 
36.757: [GC (Allocation Failure) 36.757: [ParNew: 0K->0K(3072K), 0.0001882 secs]36.757: [CMS: 4993K->897K(6848K), 0.0018926 secs] 4993K->897K(9920K), [Metaspace: 3664K->3664K(1056768K)], 0.0021580 secs] [Times: user=0.00 sys=0.00, real=0.00 secs] 
36.759: [GC (CMS Initial Mark) [1 CMS-initial-mark: 4993K(6848K)] 4993K(9920K), 0.0001013 secs] [Times: user=0.00 sys=0.00, real=0.00 secs] 
36.759: [CMS-concurrent-mark-start]
36.760: [GC (Allocation Failure) 36.760: [ParNew: 0K->0K(3072K), 0.0002854 secs]36.760: [CMS36.770: [CMS-concurrent-mark: 0.002/0.011 secs] [Times: user=0.00 sys=0.00, real=0.01 secs] 
 (concurrent mode failure): 4993K->897K(6848K), 0.0123969 secs] 4993K->897K(9920K), [Metaspace: 3664K->3664K(1056768K)], 0.0127623 secs] [Times: user=0.02 sys=0.00, real=0.01 secs] 
36.773: [GC (Allocation Failure) 36.773: [ParNew: 0K->0K(3072K), 0.0002720 secs]36.773: [CMS: 4993K->897K(6848K), 0.0019223 secs] 4993K->897K(9920K), [Metaspace: 3664K->3664K(1056768K)], 0.0022622 secs] [Times: user=0.00 sys=0.00, real=0.00 secs] 
36.775: [GC (CMS Initial Mark) [1 CMS-initial-mark: 4993K(6848K)] 4993K(9920K), 0.0001261 secs] [Times: user=0.00 sys=0.00, real=0.00 secs] 
36.775: [CMS-concurrent-mark-start]
36.775: [GC (Allocation Failure) 36.775: [ParNew: 0K->0K(3072K), 0.0002387 secs]36.776: [CMS36.785: [CMS-concurrent-mark: 0.001/0.010 secs] [Times: user=0.00 sys=0.00, real=0.01 secs] 
 (concurrent mode failure): 4993K->897K(6848K), 0.0121673 secs] 4993K->897K(9920K), [Metaspace: 3664K->3664K(1056768K)], 0.0124783 secs] [Times: user=0.02 sys=0.00, real=0.01 secs] 
36.788: [GC (Allocation Failure) 36.788: [ParNew: 0K->0K(3072K), 0.0001936 secs]36.788: [CMS: 4993K->897K(6848K), 0.0019049 secs] 4993K->897K(9920K), [Metaspace: 3664K->3664K(1056768K)], 0.0021632 secs] [Times: user=0.00 sys=0.00, real=0.00 secs] 
36.791: [GC (CMS Initial Mark) [1 CMS-initial-mark: 4993K(6848K)] 4993K(9920K), 0.0000868 secs] [Times: user=0.00 sys=0.00, real=0.00 secs] 
36.791: [CMS-concurrent-mark-start]
36.791: [GC (Allocation Failure) 36.791: [ParNew: 0K->0K(3072K), 0.0001920 secs]36.791: [CMS36.801: [CMS-concurrent-mark: 0.002/0.010 secs] [Times: user=0.00 sys=0.00, real=0.01 secs] 
 (concurrent mode failure): 4993K->897K(6848K), 0.0124304 secs] 4993K->897K(9920K), [Metaspace: 3664K->3664K(1056768K)], 0.0126897 secs] [Times: user=0.02 sys=0.00, real=0.01 secs] 
36.804: [GC (Allocation Failure) 36.804: [ParNew: 0K->0K(3072K), 0.0002584 secs]36.804: [CMS: 4993K->897K(6848K), 0.0019061 secs] 4993K->897K(9920K), [Metaspace: 3664K->3664K(1056768K)], 0.0022275 secs] [Times: user=0.00 sys=0.00, real=0.00 secs] 
36.807: [GC (CMS Initial Mark) [1 CMS-initial-mark: 4993K(6848K)] 4993K(9920K), 0.0001220 secs] [Times: user=0.00 sys=0.00, real=0.00 secs] 
36.807: [CMS-concurrent-mark-start]
36.807: [GC (Allocation Failure) 36.807: [ParNew: 0K->0K(3072K), 0.0002228 secs]36.807: [CMS36.817: [CMS-concurrent-mark: 0.002/0.010 secs] [Times: user=0.00 sys=0.00, real=0.01 secs] 
 (concurrent mode failure): 4993K->897K(6848K), 0.0120050 secs] 4993K->897K(9920K), [Metaspace: 3664K->3664K(1056768K)], 0.0123098 secs] [Times: user=0.01 sys=0.00, real=0.01 secs] 
36.820: [GC (Allocation Failure) 36.820: [ParNew: 0K->0K(3072K), 0.0002112 secs]36.820: [CMS: 4993K->897K(6848K), 0.0018163 secs] 4993K->897K(9920K), [Metaspace: 3664K->3664K(1056768K)], 0.0020895 secs] [Times: user=0.00 sys=0.00, real=0.00 secs] 
36.822: [GC (CMS Initial Mark) [1 CMS-initial-mark: 4993K(6848K)] 4993K(9920K), 0.0000764 secs] [Times: user=0.00 sys=0.00, real=0.00 secs] 
36.822: [CMS-concurrent-mark-start]
36.822: [GC (Allocation Failure) 36.822: [ParNew: 0K->0K(3072K), 0.0001897 secs]36.822: [CMS36.832: [CMS-concurrent-mark: 0.002/0.010 secs] [Times: user=0.00 sys=0.00, real=0.01 secs] 
 (concurrent mode failure): 4993K->897K(6848K), 0.0121060 secs] 4993K->897K(9920K), [Metaspace: 3664K->3664K(1056768K)], 0.0123661 secs] [Times: user=0.02 sys=0.00, real=0.01 secs] 
36.835: [GC (Allocation Failure) 36.835: [ParNew: 0K->0K(3072K), 0.0002266 secs]36.835: [CMS: 4993K->897K(6848K), 0.0019354 secs] 4993K->897K(9920K), [Metaspace: 3664K->3664K(1056768K)], 0.0022428 secs] [Times: user=0.00 sys=0.00, real=0.00 secs] 
36.838: [GC (CMS Initial Mark) [1 CMS-initial-mark: 4993K(6848K)] 4993K(9920K), 0.0001297 secs] [Times: user=0.00 sys=0.00, real=0.00 secs] 
36.838: [CMS-concurrent-mark-start]
36.838: [GC (Allocation Failure) 36.838: [ParNew: 0K->0K(3072K), 0.0002011 secs]36.838: [CMS36.848: [CMS-concurrent-mark: 0.002/0.010 secs] [Times: user=0.00 sys=0.00, real=0.01 secs] 
 (concurrent mode failure): 4993K->897K(6848K), 0.0119728 secs] 4993K->897K(9920K), [Metaspace: 3664K->3664K(1056768K)], 0.0122419 secs] [Times: user=0.01 sys=0.00, real=0.01 secs] 
36.850: [GC (Allocation Failure) 36.850: [ParNew: 0K->0K(3072K), 0.0001877 secs]36.851: [CMS: 4993K->897K(6848K), 0.0018470 secs] 4993K->897K(9920K), [Metaspace: 3664K->3664K(1056768K)], 0.0021031 secs] [Times: user=0.00 sys=0.00, real=0.00 secs] 
36.853: [GC (CMS Initial Mark) [1 CMS-initial-mark: 4993K(6848K)] 4993K(9920K), 0.0002171 secs] [Times: user=0.00 sys=0.00, real=0.00 secs] 
36.853: [CMS-concurrent-mark-start]
36.853: [GC (Allocation Failure) 36.853: [ParNew: 0K->0K(3072K), 0.0001905 secs]36.853: [CMS36.863: [CMS-concurrent-mark: 0.001/0.010 secs] [Times: user=0.00 sys=0.00, real=0.01 secs] 
 (concurrent mode failure): 4993K->897K(6848K), 0.0123221 secs] 4993K->897K(9920K), [Metaspace: 3664K->3664K(1056768K)], 0.0125862 secs] [Times: user=0.02 sys=0.00, real=0.01 secs] 
36.866: [GC (Allocation Failure) 36.866: [ParNew: 0K->0K(3072K), 0.0002123 secs]36.866: [CMS: 4993K->897K(6848K), 0.0021837 secs] 4993K->897K(9920K), [Metaspace: 3664K->3664K(1056768K)], 0.0024709 secs] [Times: user=0.00 sys=0.00, real=0.00 secs] 
36.869: [GC (CMS Initial Mark) [1 CMS-initial-mark: 4993K(6848K)] 4993K(9920K), 0.0000947 secs] [Times: user=0.00 sys=0.00, real=0.00 secs] 
36.869: [CMS-concurrent-mark-start]
36.869: [GC (Allocation Failure) 36.869: [ParNew: 0K->0K(3072K), 0.0002007 secs]36.869: [CMS36.880: [CMS-concurrent-mark: 0.002/0.011 secs] [Times: user=0.00 sys=0.00, real=0.01 secs] 
 (concurrent mode failure): 4993K->897K(6848K), 0.0132199 secs] 4993K->897K(9920K), [Metaspace: 3664K->3664K(1056768K)], 0.0134943 secs] [Times: user=0.02 sys=0.00, real=0.01 secs] 
36.883: [GC (Allocation Failure) 36.883: [ParNew: 0K->0K(3072K), 0.0002534 secs]36.883: [CMS: 4993K->897K(6848K), 0.0019253 secs] 4993K->897K(9920K), [Metaspace: 3664K->3664K(1056768K)], 0.0022451 secs] [Times: user=0.00 sys=0.00, real=0.00 secs] 
36.886: [GC (CMS Initial Mark) [1 CMS-initial-mark: 4993K(6848K)] 4993K(9920K), 0.0000922 secs] [Times: user=0.00 sys=0.00, real=0.00 secs] 
36.886: [CMS-concurrent-mark-start]
36.886: [GC (Allocation Failure) 36.886: [ParNew: 0K->0K(3072K), 0.0002024 secs]36.886: [CMS36.895: [CMS-concurrent-mark: 0.002/0.009 secs] [Times: user=0.00 sys=0.00, real=0.01 secs] 
 (concurrent mode failure): 4993K->897K(6848K), 0.0110268 secs] 4993K->897K(9920K), [Metaspace: 3664K->3664K(1056768K)], 0.0113088 secs] [Times: user=0.02 sys=0.00, real=0.01 secs] 
36.897: [GC (Allocation Failure) 36.897: [ParNew: 0K->0K(3072K), 0.0002325 secs]36.898: [CMS: 4993K->897K(6848K), 0.0018252 secs] 4993K->897K(9920K), [Metaspace: 3664K->3664K(1056768K)], 0.0021315 secs] [Times: user=0.00 sys=0.00, real=0.00 secs] 
36.900: [GC (CMS Initial Mark) [1 CMS-initial-mark: 4993K(6848K)] 4993K(9920K), 0.0001057 secs] [Times: user=0.00 sys=0.00, real=0.00 secs] 
36.900: [CMS-concurrent-mark-start]
36.900: [GC (Allocation Failure) 36.900: [ParNew: 0K->0K(3072K), 0.0002248 secs]36.900: [CMS36.910: [CMS-concurrent-mark: 0.002/0.010 secs] [Times: user=0.00 sys=0.00, real=0.01 secs] 
 (concurrent mode failure): 4993K->897K(6848K), 0.0130015 secs] 4993K->897K(9920K), [Metaspace: 3664K->3664K(1056768K)], 0.0133115 secs] [Times: user=0.02 sys=0.00, real=0.01 secs] 
36.914: [GC (Allocation Failure) 36.914: [ParNew: 0K->0K(3072K), 0.0003104 secs]36.914: [CMS: 4993K->897K(6848K), 0.0027658 secs] 4993K->897K(9920K), [Metaspace: 3664K->3664K(1056768K)], 0.0031736 secs] [Times: user=0.00 sys=0.00, real=0.00 secs] 
36.917: [GC (CMS Initial Mark) [1 CMS-initial-mark: 4993K(6848K)] 4993K(9920K), 0.0000838 secs] [Times: user=0.00 sys=0.00, real=0.00 secs] 
36.918: [CMS-concurrent-mark-start]
36.918: [GC (Allocation Failure) 36.918: [ParNew: 0K->0K(3072K), 0.0002772 secs]36.918: [CMS36.925: [CMS-concurrent-mark: 0.002/0.008 secs] [Times: user=0.00 sys=0.00, real=0.01 secs] 
 (concurrent mode failure): 4993K->897K(6848K), 0.0113978 secs] 4993K->897K(9920K), [Metaspace: 3664K->3664K(1056768K)], 0.0117562 secs] [Times: user=0.02 sys=0.00, real=0.01 secs] 
36.930: [GC (Allocation Failure) 36.930: [ParNew: 0K->0K(3072K), 0.0003992 secs]36.930: [CMS: 4993K->897K(6848K), 0.0022738 secs] 4993K->897K(9920K), [Metaspace: 3664K->3664K(1056768K)], 0.0027693 secs] [Times: user=0.00 sys=0.00, real=0.00 secs] 
36.933: [GC (CMS Initial Mark) [1 CMS-initial-mark: 4993K(6848K)] 4993K(9920K), 0.0000941 secs] [Times: user=0.00 sys=0.00, real=0.00 secs] 
36.933: [CMS-concurrent-mark-start]
36.933: [GC (Allocation Failure) 36.933: [ParNew: 0K->0K(3072K), 0.0001920 secs]36.933: [CMS36.940: [CMS-concurrent-mark: 0.001/0.007 secs] [Times: user=0.00 sys=0.00, real=0.01 secs] 
 (concurrent mode failure): 4993K->897K(6848K), 0.0093743 secs] 4993K->897K(9920K), [Metaspace: 3664K->3664K(1056768K)], 0.0096621 secs] [Times: user=0.01 sys=0.00, real=0.01 secs] 
36.943: [GC (Allocation Failure) 36.943: [ParNew: 0K->0K(3072K), 0.0003004 secs]36.944: [CMS: 4993K->897K(6848K), 0.0043068 secs] 4993K->897K(9920K), [Metaspace: 3664K->3664K(1056768K)], 0.0047362 secs] [Times: user=0.00 sys=0.00, real=0.01 secs] 
36.948: [GC (CMS Initial Mark) [1 CMS-initial-mark: 4993K(6848K)] 4993K(9920K), 0.0001148 secs] [Times: user=0.00 sys=0.00, real=0.00 secs] 
36.949: [CMS-concurrent-mark-start]
36.949: [GC (Allocation Failure) 36.949: [ParNew: 0K->0K(3072K), 0.0002366 secs]36.949: [CMS36.956: [CMS-concurrent-mark: 0.002/0.007 secs] [Times: user=0.00 sys=0.00, real=0.01 secs] 
 (concurrent mode failure): 4993K->897K(6848K), 0.0093716 secs] 4993K->897K(9920K), [Metaspace: 3664K->3664K(1056768K)], 0.0096849 secs] [Times: user=0.02 sys=0.00, real=0.01 secs] 
36.959: [GC (Allocation Failure) 36.959: [ParNew: 0K->0K(3072K), 0.0002107 secs]36.959: [CMS: 4993K->897K(6848K), 0.0037535 secs] 4993K->897K(9920K), [Metaspace: 3664K->3664K(1056768K)], 0.0040491 secs] [Times: user=0.00 sys=0.00, real=0.00 secs] 
36.963: [GC (CMS Initial Mark) [1 CMS-initial-mark: 4993K(6848K)] 4993K(9920K), 0.0001708 secs] [Times: user=0.00 sys=0.00, real=0.00 secs] 
36.963: [CMS-concurrent-mark-start]
36.963: [GC (Allocation Failure) 36.963: [ParNew: 0K->0K(3072K), 0.0002305 secs]36.964: [CMS36.972: [CMS-concurrent-mark: 0.002/0.008 secs] [Times: user=0.00 sys=0.00, real=0.01 secs] 
 (concurrent mode failure): 4993K->897K(6848K), 0.0104131 secs] 4993K->897K(9920K), [Metaspace: 3664K->3664K(1056768K)], 0.0107190 secs] [Times: user=0.01 sys=0.00, real=0.01 secs] 
36.974: [GC (Allocation Failure) 36.974: [ParNew: 0K->0K(3072K), 0.0002117 secs]36.975: [CMS: 4993K->897K(6848K), 0.0023509 secs] 4993K->897K(9920K), [Metaspace: 3664K->3664K(1056768K)], 0.0026808 secs] [Times: user=0.00 sys=0.00, real=0.00 secs] 
36.978: [GC (CMS Initial Mark) [1 CMS-initial-mark: 4993K(6848K)] 4993K(9920K), 0.0002053 secs] [Times: user=0.00 sys=0.00, real=0.00 secs] 
36.978: [CMS-concurrent-mark-start]
36.978: [GC (Allocation Failure) 36.978: [ParNew: 0K->0K(3072K), 0.0003054 secs]36.978: [CMS36.987: [CMS-concurrent-mark: 0.002/0.010 secs] [Times: user=0.00 sys=0.00, real=0.01 secs] 
 (concurrent mode failure): 4993K->897K(6848K), 0.0114324 secs] 4993K->897K(9920K), [Metaspace: 3664K->3664K(1056768K)], 0.0118379 secs] [Times: user=0.02 sys=0.00, real=0.01 secs] 
36.990: [GC (Allocation Failure) 36.990: [ParNew: 0K->0K(3072K), 0.0002538 secs]36.990: [CMS: 4993K->897K(6848K), 0.0019801 secs] 4993K->897K(9920K), [Metaspace: 3664K->3664K(1056768K)], 0.0023088 secs] [Times: user=0.00 sys=0.00, real=0.00 secs] 
36.993: [GC (CMS Initial Mark) [1 CMS-initial-mark: 4993K(6848K)] 4993K(9920K), 0.0001415 secs] [Times: user=0.00 sys=0.00, real=0.00 secs] 
36.993: [CMS-concurrent-mark-start]
36.993: [GC (Allocation Failure) 36.993: [ParNew: 0K->0K(3072K), 0.0002696 secs]36.993: [CMS37.002: [CMS-concurrent-mark: 0.001/0.009 secs] [Times: user=0.00 sys=0.00, real=0.01 secs] 
 (concurrent mode failure): 4993K->897K(6848K), 0.0112521 secs] 4993K->897K(9920K), [Metaspace: 3664K->3664K(1056768K)], 0.0116070 secs] [Times: user=0.00 sys=0.00, real=0.01 secs] 
37.005: [GC (Allocation Failure) 37.005: [ParNew: 0K->0K(3072K), 0.0002119 secs]37.005: [CMS: 4993K->897K(6848K), 0.0020476 secs] 4993K->897K(9920K), [Metaspace: 3664K->3664K(1056768K)], 0.0023265 secs] [Times: user=0.00 sys=0.00, real=0.00 secs] 
37.008: [GC (CMS Initial Mark) [1 CMS-initial-mark: 4993K(6848K)] 4993K(9920K), 0.0000853 secs] [Times: user=0.00 sys=0.00, real=0.00 secs] 
37.008: [CMS-concurrent-mark-start]
37.008: [GC (Allocation Failure) 37.008: [ParNew: 0K->0K(3072K), 0.0002445 secs]37.008: [CMS37.019: [CMS-concurrent-mark: 0.002/0.011 secs] [Times: user=0.00 sys=0.00, real=0.01 secs] 
 (concurrent mode failure): 4993K->897K(6848K), 0.0132424 secs] 4993K->897K(9920K), [Metaspace: 3664K->3664K(1056768K)], 0.0135685 secs] [Times: user=0.02 sys=0.00, real=0.01 secs] 
37.022: [GC (Allocation Failure) 37.022: [ParNew: 0K->0K(3072K), 0.0002194 secs]37.022: [CMS: 4993K->897K(6848K), 0.0025702 secs] 4993K->897K(9920K), [Metaspace: 3664K->3664K(1056768K)], 0.0028751 secs] [Times: user=0.00 sys=0.00, real=0.00 secs] 
37.025: [GC (CMS Initial Mark) [1 CMS-initial-mark: 4993K(6848K)] 4993K(9920K), 0.0000931 secs] [Times: user=0.00 sys=0.00, real=0.00 secs] 
37.025: [CMS-concurrent-mark-start]
37.025: [GC (Allocation Failure) 37.025: [ParNew: 0K->0K(3072K), 0.0002224 secs]37.025: [CMS37.034: [CMS-concurrent-mark: 0.002/0.009 secs] [Times: user=0.00 sys=0.00, real=0.01 secs] 
 (concurrent mode failure): 4993K->897K(6848K), 0.0107518 secs] 4993K->897K(9920K), [Metaspace: 3664K->3664K(1056768K)], 0.0110519 secs] [Times: user=0.02 sys=0.00, real=0.01 secs] 
37.037: [GC (Allocation Failure) 37.037: [ParNew: 0K->0K(3072K), 0.0002267 secs]37.037: [CMS: 4993K->897K(6848K), 0.0020301 secs] 4993K->897K(9920K), [Metaspace: 3664K->3664K(1056768K)], 0.0023438 secs] [Times: user=0.00 sys=0.00, real=0.00 secs] 
37.039: [GC (CMS Initial Mark) [1 CMS-initial-mark: 4993K(6848K)] 4993K(9920K), 0.0000919 secs] [Times: user=0.00 sys=0.00, real=0.00 secs] 
37.039: [CMS-concurrent-mark-start]
37.039: [GC (Allocation Failure) 37.039: [ParNew: 0K->0K(3072K), 0.0001915 secs]37.040: [CMS37.050: [CMS-concurrent-mark: 0.002/0.010 secs] [Times: user=0.00 sys=0.00, real=0.01 secs] 
 (concurrent mode failure): 4993K->897K(6848K), 0.0123218 secs] 4993K->897K(9920K), [Metaspace: 3664K->3664K(1056768K)], 0.0125784 secs] [Times: user=0.02 sys=0.00, real=0.01 secs] 
37.052: [GC (Allocation Failure) 37.052: [ParNew: 0K->0K(3072K), 0.0003186 secs]37.053: [CMS: 4993K->897K(6848K), 0.0023300 secs] 4993K->897K(9920K), [Metaspace: 3664K->3664K(1056768K)], 0.0027411 secs] [Times: user=0.00 sys=0.00, real=0.00 secs] 
37.055: [GC (CMS Initial Mark) [1 CMS-initial-mark: 4993K(6848K)] 4993K(9920K), 0.0001046 secs] [Times: user=0.00 sys=0.00, real=0.00 secs] 
37.056: [CMS-concurrent-mark-start]
37.056: [GC (Allocation Failure) 37.056: [ParNew: 0K->0K(3072K), 0.0002100 secs]37.056: [CMS37.065: [CMS-concurrent-mark: 0.001/0.010 secs] [Times: user=0.00 sys=0.00, real=0.01 secs] 
 (concurrent mode failure): 4993K->897K(6848K), 0.0117833 secs] 4993K->897K(9920K), [Metaspace: 3664K->3664K(1056768K)], 0.0120639 secs] [Times: user=0.01 sys=0.00, real=0.01 secs] 
37.068: [GC (Allocation Failure) 37.068: [ParNew: 0K->0K(3072K), 0.0003617 secs]37.068: [CMS: 4993K->897K(6848K), 0.0019541 secs] 4993K->897K(9920K), [Metaspace: 3664K->3664K(1056768K)], 0.0023859 secs] [Times: user=0.00 sys=0.00, real=0.00 secs] 
37.071: [GC (CMS Initial Mark) [1 CMS-initial-mark: 4993K(6848K)] 4993K(9920K), 0.0000864 secs] [Times: user=0.00 sys=0.00, real=0.00 secs] 
37.071: [CMS-concurrent-mark-start]
37.071: [GC (Allocation Failure) 37.071: [ParNew: 0K->0K(3072K), 0.0002154 secs]37.071: [CMS37.081: [CMS-concurrent-mark: 0.002/0.010 secs] [Times: user=0.00 sys=0.00, real=0.01 secs] 
 (concurrent mode failure): 4993K->897K(6848K), 0.0121078 secs] 4993K->897K(9920K), [Metaspace: 3664K->3664K(1056768K)], 0.0123955 secs] [Times: user=0.02 sys=0.00, real=0.01 secs] 
37.084: [GC (Allocation Failure) 37.084: [ParNew: 0K->0K(3072K), 0.0002683 secs]37.084: [CMS: 4993K->897K(6848K), 0.0020231 secs] 4993K->897K(9920K), [Metaspace: 3664K->3664K(1056768K)], 0.0023649 secs] [Times: user=0.00 sys=0.00, real=0.00 secs] 
37.086: [GC (CMS Initial Mark) [1 CMS-initial-mark: 4993K(6848K)] 4993K(9920K), 0.0001432 secs] [Times: user=0.00 sys=0.00, real=0.00 secs] 
37.087: [CMS-concurrent-mark-start]
37.087: [GC (Allocation Failure) 37.087: [ParNew: 0K->0K(3072K), 0.0001851 secs]37.087: [CMS37.096: [CMS-concurrent-mark: 0.002/0.010 secs] [Times: user=0.00 sys=0.00, real=0.01 secs] 
 (concurrent mode failure): 4993K->897K(6848K), 0.0121106 secs] 4993K->897K(9920K), [Metaspace: 3664K->3664K(1056768K)], 0.0123734 secs] [Times: user=0.01 sys=0.00, real=0.01 secs] 
37.099: [GC (Allocation Failure) 37.099: [ParNew: 0K->0K(3072K), 0.0002783 secs]37.100: [CMS: 4993K->897K(6848K), 0.0023390 secs] 4993K->897K(9920K), [Metaspace: 3664K->3664K(1056768K)], 0.0027102 secs] [Times: user=0.00 sys=0.00, real=0.00 secs] 
37.102: [GC (CMS Initial Mark) [1 CMS-initial-mark: 4993K(6848K)] 4993K(9920K), 0.0001332 secs] [Times: user=0.00 sys=0.00, real=0.00 secs] 
37.103: [CMS-concurrent-mark-start]
37.103: [GC (Allocation Failure) 37.103: [ParNew: 0K->0K(3072K), 0.0002158 secs]37.103: [CMS37.111: [CMS-concurrent-mark: 0.002/0.009 secs] [Times: user=0.00 sys=0.00, real=0.01 secs] 
 (concurrent mode failure): 4993K->897K(6848K), 0.0120952 secs] 4993K->897K(9920K), [Metaspace: 3664K->3664K(1056768K)], 0.0123838 secs] [Times: user=0.02 sys=0.00, real=0.01 secs] 
37.115: [GC (Allocation Failure) 37.115: [ParNew: 0K->0K(3072K), 0.0002579 secs]37.116: [CMS: 4993K->897K(6848K), 0.0019828 secs] 4993K->897K(9920K), [Metaspace: 3664K->3664K(1056768K)], 0.0023182 secs] [Times: user=0.00 sys=0.00, real=0.00 secs] 
37.118: [GC (CMS Initial Mark) [1 CMS-initial-mark: 4993K(6848K)] 4993K(9920K), 0.0001156 secs] [Times: user=0.00 sys=0.00, real=0.00 secs] 
37.118: [CMS-concurrent-mark-start]
37.118: [GC (Allocation Failure) 37.118: [ParNew: 0K->0K(3072K), 0.0002076 secs]37.119: [CMS37.126: [CMS-concurrent-mark: 0.001/0.008 secs] [Times: user=0.00 sys=0.00, real=0.01 secs] 
 (concurrent mode failure): 4993K->897K(6848K), 0.0113873 secs] 4993K->897K(9920K), [Metaspace: 3664K->3664K(1056768K)], 0.0116735 secs] [Times: user=0.02 sys=0.00, real=0.01 secs] 
37.131: [GC (Allocation Failure) 37.131: [ParNew: 0K->0K(3072K), 0.0002461 secs]37.131: [CMS: 4993K->897K(6848K), 0.0020336 secs] 4993K->897K(9920K), [Metaspace: 3664K->3664K(1056768K)], 0.0023601 secs] [Times: user=0.00 sys=0.00, real=0.00 secs] 
37.133: [GC (CMS Initial Mark) [1 CMS-initial-mark: 4993K(6848K)] 4993K(9920K), 0.0000878 secs] [Times: user=0.00 sys=0.00, real=0.00 secs] 
37.133: [CMS-concurrent-mark-start]
37.134: [GC (Allocation Failure) 37.134: [ParNew: 0K->0K(3072K), 0.0002509 secs]37.134: [CMS37.142: [CMS-concurrent-mark: 0.002/0.009 secs] [Times: user=0.00 sys=0.00, real=0.01 secs] 
 (concurrent mode failure): 4993K->897K(6848K), 0.0127882 secs] 4993K->897K(9920K), [Metaspace: 3664K->3664K(1056768K)], 0.0131163 secs] [Times: user=0.02 sys=0.00, real=0.01 secs] 
37.147: [GC (Allocation Failure) 37.147: [ParNew: 0K->0K(3072K), 0.0002099 secs]37.147: [CMS: 4993K->897K(6848K), 0.0019606 secs] 4993K->897K(9920K), [Metaspace: 3664K->3664K(1056768K)], 0.0022371 secs] [Times: user=0.00 sys=0.00, real=0.00 secs] 
37.150: [GC (CMS Initial Mark) [1 CMS-initial-mark: 4993K(6848K)] 4993K(9920K), 0.0000899 secs] [Times: user=0.00 sys=0.00, real=0.00 secs] 
37.150: [CMS-concurrent-mark-start]
37.150: [GC (Allocation Failure) 37.150: [ParNew: 0K->0K(3072K), 0.0002503 secs]37.150: [CMS37.158: [CMS-concurrent-mark: 0.001/0.008 secs] [Times: user=0.00 sys=0.00, real=0.01 secs] 
 (concurrent mode failure): 4993K->897K(6848K), 0.0110007 secs] 4993K->897K(9920K), [Metaspace: 3664K->3664K(1056768K)], 0.0113398 secs] [Times: user=0.00 sys=0.00, real=0.01 secs] 
37.162: [GC (Allocation Failure) 37.162: [ParNew: 0K->0K(3072K), 0.0004874 secs]37.162: [CMS: 4993K->897K(6848K), 0.0024085 secs] 4993K->897K(9920K), [Metaspace: 3664K->3664K(1056768K)], 0.0029955 secs] [Times: user=0.00 sys=0.00, real=0.00 secs] 
37.165: [GC (CMS Initial Mark) [1 CMS-initial-mark: 4993K(6848K)] 4993K(9920K), 0.0001699 secs] [Times: user=0.00 sys=0.00, real=0.00 secs] 
37.165: [CMS-concurrent-mark-start]
37.165: [GC (Allocation Failure) 37.165: [ParNew: 0K->0K(3072K), 0.0002206 secs]37.166: [CMS37.173: [CMS-concurrent-mark: 0.001/0.008 secs] [Times: user=0.00 sys=0.00, real=0.01 secs] 
 (concurrent mode failure): 4993K->897K(6848K), 0.0095865 secs] 4993K->897K(9920K), [Metaspace: 3664K->3664K(1056768K)], 0.0098813 secs] [Times: user=0.00 sys=0.00, real=0.01 secs] 
37.176: [GC (Allocation Failure) 37.176: [ParNew: 0K->0K(3072K), 0.0003792 secs]37.176: [CMS: 4993K->897K(6848K), 0.0032073 secs] 4993K->897K(9920K), [Metaspace: 3664K->3664K(1056768K)], 0.0036665 secs] [Times: user=0.02 sys=0.00, real=0.00 secs] 
37.180: [GC (CMS Initial Mark) [1 CMS-initial-mark: 4993K(6848K)] 4993K(9920K), 0.0001220 secs] [Times: user=0.00 sys=0.00, real=0.00 secs] 
37.180: [CMS-concurrent-mark-start]
37.180: [GC (Allocation Failure) 37.180: [ParNew: 0K->0K(3072K), 0.0002500 secs]37.180: [CMS37.188: [CMS-concurrent-mark: 0.002/0.009 secs] [Times: user=0.00 sys=0.00, real=0.01 secs] 
 (concurrent mode failure): 4993K->897K(6848K), 0.0105242 secs] 4993K->897K(9920K), [Metaspace: 3664K->3664K(1056768K)], 0.0108592 secs] [Times: user=0.00 sys=0.00, real=0.01 secs] 
37.191: [GC (Allocation Failure) 37.191: [ParNew: 0K->0K(3072K), 0.0002038 secs]37.191: [CMS: 4993K->897K(6848K), 0.0021378 secs] 4993K->897K(9920K), [Metaspace: 3664K->3664K(1056768K)], 0.0024412 secs] [Times: user=0.02 sys=0.00, real=0.00 secs] 
37.194: [GC (CMS Initial Mark) [1 CMS-initial-mark: 4993K(6848K)] 4993K(9920K), 0.0001856 secs] [Times: user=0.00 sys=0.00, real=0.00 secs] 
37.194: [CMS-concurrent-mark-start]
37.194: [GC (Allocation Failure) 37.194: [ParNew: 0K->0K(3072K), 0.0003120 secs]37.195: [CMS37.204: [CMS-concurrent-mark: 0.002/0.010 secs] [Times: user=0.00 sys=0.00, real=0.01 secs] 
 (concurrent mode failure): 4993K->897K(6848K), 0.0116085 secs] 4993K->897K(9920K), [Metaspace: 3664K->3664K(1056768K)], 0.0120176 secs] [Times: user=0.00 sys=0.00, real=0.01 secs] 
37.207: [GC (Allocation Failure) 37.207: [ParNew: 0K->0K(3072K), 0.0002276 secs]37.207: [CMS: 4993K->897K(6848K), 0.0019007 secs] 4993K->897K(9920K), [Metaspace: 3664K->3664K(1056768K)], 0.0022017 secs] [Times: user=0.01 sys=0.00, real=0.00 secs] 
37.209: [GC (CMS Initial Mark) [1 CMS-initial-mark: 4993K(6848K)] 4993K(9920K), 0.0002027 secs] [Times: user=0.00 sys=0.00, real=0.00 secs] 
37.210: [CMS-concurrent-mark-start]
37.210: [GC (Allocation Failure) 37.210: [ParNew: 0K->0K(3072K), 0.0003294 secs]37.210: [CMS37.219: [CMS-concurrent-mark: 0.002/0.010 secs] [Times: user=0.00 sys=0.00, real=0.01 secs] 
 (concurrent mode failure): 4993K->897K(6848K), 0.0115110 secs] 4993K->897K(9920K), [Metaspace: 3664K->3664K(1056768K)], 0.0119314 secs] [Times: user=0.00 sys=0.00, real=0.01 secs] 
37.222: [GC (Allocation Failure) 37.222: [ParNew: 0K->0K(3072K), 0.0002146 secs]37.222: [CMS: 4993K->897K(6848K), 0.0020743 secs] 4993K->897K(9920K), [Metaspace: 3664K->3664K(1056768K)], 0.0023818 secs] [Times: user=0.02 sys=0.00, real=0.00 secs] 
37.225: [GC (CMS Initial Mark) [1 CMS-initial-mark: 4993K(6848K)] 4993K(9920K), 0.0001200 secs] [Times: user=0.00 sys=0.00, real=0.00 secs] 
37.225: [CMS-concurrent-mark-start]
37.225: [GC (Allocation Failure) 37.225: [ParNew: 0K->0K(3072K), 0.0002925 secs]37.225: [CMS37.235: [CMS-concurrent-mark: 0.002/0.010 secs] [Times: user=0.00 sys=0.00, real=0.01 secs] 
 (concurrent mode failure): 4993K->897K(6848K), 0.0129164 secs] 4993K->897K(9920K), [Metaspace: 3664K->3664K(1056768K)], 0.0132844 secs] [Times: user=0.00 sys=0.00, real=0.01 secs] 
37.239: [GC (Allocation Failure) 37.239: [ParNew: 0K->0K(3072K), 0.0002342 secs]37.239: [CMS: 4993K->897K(6848K), 0.0023398 secs] 4993K->897K(9920K), [Metaspace: 3664K->3664K(1056768K)], 0.0026461 secs] [Times: user=0.01 sys=0.00, real=0.00 secs] 
37.242: [GC (CMS Initial Mark) [1 CMS-initial-mark: 4993K(6848K)] 4993K(9920K), 0.0000839 secs] [Times: user=0.00 sys=0.00, real=0.00 secs] 
37.242: [CMS-concurrent-mark-start]
37.242: [GC (Allocation Failure) 37.242: [ParNew: 0K->0K(3072K), 0.0002320 secs]37.242: [CMS37.250: [CMS-concurrent-mark: 0.002/0.009 secs] [Times: user=0.00 sys=0.00, real=0.01 secs] 
 (concurrent mode failure): 4993K->897K(6848K), 0.0104800 secs] 4993K->897K(9920K), [Metaspace: 3664K->3664K(1056768K)], 0.0107816 secs] [Times: user=0.00 sys=0.00, real=0.01 secs] 
37.253: [GC (Allocation Failure) 37.253: [ParNew: 0K->0K(3072K), 0.0002402 secs]37.253: [CMS: 4993K->897K(6848K), 0.0019383 secs] 4993K->897K(9920K), [Metaspace: 3664K->3664K(1056768K)], 0.0022516 secs] [Times: user=0.02 sys=0.00, real=0.00 secs] 
37.255: [GC (CMS Initial Mark) [1 CMS-initial-mark: 4993K(6848K)] 4993K(9920K), 0.0001161 secs] [Times: user=0.00 sys=0.00, real=0.00 secs] 
37.256: [CMS-concurrent-mark-start]
37.256: [GC (Allocation Failure) 37.256: [ParNew: 0K->0K(3072K), 0.0001627 secs]37.256: [CMS37.266: [CMS-concurrent-mark: 0.001/0.010 secs] [Times: user=0.00 sys=0.00, real=0.01 secs] 
 (concurrent mode failure): 4993K->897K(6848K), 0.0118617 secs] 4993K->897K(9920K), [Metaspace: 3664K->3664K(1056768K)], 0.0120989 secs] [Times: user=0.00 sys=0.00, real=0.01 secs] 
37.268: [GC (Allocation Failure) 37.268: [ParNew: 0K->0K(3072K), 0.0002456 secs]37.268: [CMS: 4993K->897K(6848K), 0.0017402 secs] 4993K->897K(9920K), [Metaspace: 3664K->3664K(1056768K)], 0.0020489 secs] [Times: user=0.00 sys=0.00, real=0.00 secs] 
37.270: [GC (CMS Initial Mark) [1 CMS-initial-mark: 4993K(6848K)] 4993K(9920K), 0.0001122 secs] [Times: user=0.00 sys=0.00, real=0.00 secs] 
37.271: [CMS-concurrent-mark-start]
37.271: [GC (Allocation Failure) 37.271: [ParNew: 0K->0K(3072K), 0.0002023 secs]37.271: [CMS37.281: [CMS-concurrent-mark: 0.001/0.011 secs] [Times: user=0.00 sys=0.00, real=0.01 secs] 
 (concurrent mode failure): 4993K->897K(6848K), 0.0129402 secs] 4993K->897K(9920K), [Metaspace: 3664K->3664K(1056768K)], 0.0132041 secs] [Times: user=0.00 sys=0.00, real=0.01 secs] 
37.284: [GC (Allocation Failure) 37.284: [ParNew: 0K->0K(3072K), 0.0002165 secs]37.284: [CMS: 4993K->897K(6848K), 0.0018880 secs] 4993K->897K(9920K), [Metaspace: 3664K->3664K(1056768K)], 0.0021705 secs] [Times: user=0.02 sys=0.00, real=0.00 secs] 
37.287: [GC (CMS Initial Mark) [1 CMS-initial-mark: 4993K(6848K)] 4993K(9920K), 0.0000781 secs] [Times: user=0.00 sys=0.00, real=0.00 secs] 
37.287: [CMS-concurrent-mark-start]
37.287: [GC (Allocation Failure) 37.287: [ParNew: 0K->0K(3072K), 0.0001951 secs]37.287: [CMS37.297: [CMS-concurrent-mark: 0.001/0.011 secs] [Times: user=0.00 sys=0.00, real=0.01 secs] 
 (concurrent mode failure): 4993K->897K(6848K), 0.0127076 secs] 4993K->897K(9920K), [Metaspace: 3664K->3664K(1056768K)], 0.0129782 secs] [Times: user=0.00 sys=0.00, real=0.01 secs] 
37.300: [GC (Allocation Failure) 37.300: [ParNew: 0K->0K(3072K), 0.0002891 secs]37.300: [CMS: 4993K->897K(6848K), 0.0018738 secs] 4993K->897K(9920K), [Metaspace: 3664K->3664K(1056768K)], 0.0022247 secs] [Times: user=0.02 sys=0.00, real=0.00 secs] 
37.303: [GC (CMS Initial Mark) [1 CMS-initial-mark: 4993K(6848K)] 4993K(9920K), 0.0001164 secs] [Times: user=0.00 sys=0.00, real=0.00 secs] 
37.303: [CMS-concurrent-mark-start]
37.303: [GC (Allocation Failure) 37.303: [ParNew: 0K->0K(3072K), 0.0003061 secs]37.303: [CMS37.313: [CMS-concurrent-mark: 0.001/0.010 secs] [Times: user=0.00 sys=0.00, real=0.01 secs] 
 (concurrent mode failure): 4993K->897K(6848K), 0.0123498 secs] 4993K->897K(9920K), [Metaspace: 3664K->3664K(1056768K)], 0.0127317 secs] [Times: user=0.00 sys=0.00, real=0.01 secs] 
37.316: [GC (Allocation Failure) 37.316: [ParNew: 0K->0K(3072K), 0.0002244 secs]37.316: [CMS: 4993K->897K(6848K), 0.0019025 secs] 4993K->897K(9920K), [Metaspace: 3664K->3664K(1056768K)], 0.0022031 secs] [Times: user=0.02 sys=0.00, real=0.00 secs] 
37.318: [GC (CMS Initial Mark) [1 CMS-initial-mark: 4993K(6848K)] 4993K(9920K), 0.0001231 secs] [Times: user=0.00 sys=0.00, real=0.00 secs] 
37.319: [CMS-concurrent-mark-start]
37.319: [GC (Allocation Failure) 37.319: [ParNew: 0K->0K(3072K), 0.0002127 secs]37.319: [CMS37.329: [CMS-concurrent-mark: 0.002/0.011 secs] [Times: user=0.00 sys=0.00, real=0.01 secs] 
 (concurrent mode failure): 4993K->897K(6848K), 0.0131853 secs] 4993K->897K(9920K), [Metaspace: 3664K->3664K(1056768K)], 0.0134735 secs] [Times: user=0.00 sys=0.00, real=0.01 secs] 
37.332: [GC (Allocation Failure) 37.332: [ParNew: 0K->0K(3072K), 0.0002324 secs]37.333: [CMS: 4993K->897K(6848K), 0.0019004 secs] 4993K->897K(9920K), [Metaspace: 3664K->3664K(1056768K)], 0.0021924 secs] [Times: user=0.02 sys=0.00, real=0.00 secs] 
37.335: [GC (CMS Initial Mark) [1 CMS-initial-mark: 4993K(6848K)] 4993K(9920K), 0.0001388 secs] [Times: user=0.00 sys=0.00, real=0.00 secs] 
37.335: [CMS-concurrent-mark-start]
37.335: [GC (Allocation Failure) 37.335: [ParNew: 0K->0K(3072K), 0.0002483 secs]37.335: [CMS37.345: [CMS-concurrent-mark: 0.002/0.010 secs] [Times: user=0.00 sys=0.00, real=0.01 secs] 
 (concurrent mode failure): 4993K->897K(6848K), 0.0123780 secs] 4993K->897K(9920K), [Metaspace: 3664K->3664K(1056768K)], 0.0127003 secs] [Times: user=0.00 sys=0.00, real=0.01 secs] 
37.348: [GC (Allocation Failure) 37.348: [ParNew: 0K->0K(3072K), 0.0002626 secs]37.348: [CMS: 4993K->897K(6848K), 0.0018917 secs] 4993K->897K(9920K), [Metaspace: 3664K->3664K(1056768K)], 0.0022199 secs] [Times: user=0.01 sys=0.00, real=0.00 secs] 
37.351: [GC (CMS Initial Mark) [1 CMS-initial-mark: 4993K(6848K)] 4993K(9920K), 0.0002750 secs] [Times: user=0.00 sys=0.00, real=0.00 secs] 
37.351: [CMS-concurrent-mark-start]
37.351: [GC (Allocation Failure) 37.351: [ParNew: 0K->0K(3072K), 0.0002275 secs]37.352: [CMS37.360: [CMS-concurrent-mark: 0.002/0.009 secs] [Times: user=0.00 sys=0.00, real=0.01 secs] 
 (concurrent mode failure): 4993K->897K(6848K), 0.0115778 secs] 4993K->897K(9920K), [Metaspace: 3664K->3664K(1056768K)], 0.0119125 secs] [Times: user=0.00 sys=0.00, real=0.01 secs] 
37.364: [GC (Allocation Failure) 37.364: [ParNew: 0K->0K(3072K), 0.0003243 secs]37.364: [CMS: 4993K->897K(6848K), 0.0021646 secs] 4993K->897K(9920K), [Metaspace: 3664K->3664K(1056768K)], 0.0025571 secs] [Times: user=0.11 sys=0.00, real=0.00 secs] 
37.367: [GC (CMS Initial Mark) [1 CMS-initial-mark: 4993K(6848K)] 4993K(9920K), 0.0001280 secs] [Times: user=0.00 sys=0.00, real=0.00 secs] 
37.367: [CMS-concurrent-mark-start]
37.367: [GC (Allocation Failure) 37.367: [ParNew: 0K->0K(3072K), 0.0001881 secs]37.367: [CMS37.375: [CMS-concurrent-mark: 0.002/0.008 secs] [Times: user=0.00 sys=0.00, real=0.01 secs] 
 (concurrent mode failure): 4993K->897K(6848K), 0.0104214 secs] 4993K->897K(9920K), [Metaspace: 3664K->3664K(1056768K)], 0.0106823 secs] [Times: user=0.00 sys=0.00, real=0.01 secs] 
37.378: [GC (Allocation Failure) 37.378: [ParNew: 0K->0K(3072K), 0.0002506 secs]37.378: [CMS: 4993K->897K(6848K), 0.0023494 secs] 4993K->897K(9920K), [Metaspace: 3664K->3664K(1056768K)], 0.0026881 secs] [Times: user=0.01 sys=0.00, real=0.00 secs] 
37.381: [GC (CMS Initial Mark) [1 CMS-initial-mark: 4993K(6848K)] 4993K(9920K), 0.0001276 secs] [Times: user=0.00 sys=0.00, real=0.00 secs] 
37.381: [CMS-concurrent-mark-start]
37.381: [GC (Allocation Failure) 37.381: [ParNew: 0K->0K(3072K), 0.0002545 secs]37.381: [CMS37.391: [CMS-concurrent-mark: 0.002/0.010 secs] [Times: user=0.00 sys=0.00, real=0.01 secs] 
 (concurrent mode failure): 4993K->897K(6848K), 0.0118547 secs] 4993K->897K(9920K), [Metaspace: 3664K->3664K(1056768K)], 0.0121912 secs] [Times: user=0.00 sys=0.00, real=0.01 secs] 
37.394: [GC (Allocation Failure) 37.394: [ParNew: 0K->0K(3072K), 0.0003208 secs]37.394: [CMS: 4993K->897K(6848K), 0.0021336 secs] 4993K->897K(9920K), [Metaspace: 3664K->3664K(1056768K)], 0.0025552 secs] [Times: user=0.02 sys=0.00, real=0.00 secs] 
37.397: [GC (CMS Initial Mark) [1 CMS-initial-mark: 4993K(6848K)] 4993K(9920K), 0.0001317 secs] [Times: user=0.00 sys=0.00, real=0.00 secs] 
37.397: [CMS-concurrent-mark-start]
37.397: [GC (Allocation Failure) 37.397: [ParNew: 0K->0K(3072K), 0.0001971 secs]37.397: [CMS37.405: [CMS-concurrent-mark: 0.001/0.009 secs] [Times: user=0.00 sys=0.00, real=0.01 secs] 
 (concurrent mode failure): 4993K->897K(6848K), 0.0106564 secs] 4993K->897K(9920K), [Metaspace: 3664K->3664K(1056768K)], 0.0109169 secs] [Times: user=0.00 sys=0.00, real=0.01 secs] 
37.408: [GC (Allocation Failure) 37.408: [ParNew: 0K->0K(3072K), 0.0002416 secs]37.409: [CMS: 4993K->897K(6848K), 0.0030682 secs] 4993K->897K(9920K), [Metaspace: 3664K->3664K(1056768K)], 0.0033902 secs] [Times: user=0.01 sys=0.00, real=0.00 secs] 
37.412: [GC (CMS Initial Mark) [1 CMS-initial-mark: 4993K(6848K)] 4993K(9920K), 0.0001159 secs] [Times: user=0.00 sys=0.00, real=0.00 secs] 
37.412: [CMS-concurrent-mark-start]
37.412: [GC (Allocation Failure) 37.412: [ParNew: 0K->0K(3072K), 0.0001952 secs]37.412: [CMS37.422: [CMS-concurrent-mark: 0.002/0.009 secs] [Times: user=0.00 sys=0.00, real=0.01 secs] 
 (concurrent mode failure): 4993K->897K(6848K), 0.0118613 secs] 4993K->897K(9920K), [Metaspace: 3664K->3664K(1056768K)], 0.0121304 secs] [Times: user=0.00 sys=0.00, real=0.01 secs] 
37.425: [GC (Allocation Failure) 37.425: [ParNew: 0K->0K(3072K), 0.0002120 secs]37.425: [CMS: 4993K->897K(6848K), 0.0024022 secs] 4993K->897K(9920K), [Metaspace: 3664K->3664K(1056768K)], 0.0027172 secs] [Times: user=0.02 sys=0.00, real=0.00 secs] 
37.428: [GC (CMS Initial Mark) [1 CMS-initial-mark: 4993K(6848K)] 4993K(9920K), 0.0001175 secs] [Times: user=0.00 sys=0.00, real=0.00 secs] 
37.428: [CMS-concurrent-mark-start]
37.428: [GC (Allocation Failure) 37.428: [ParNew: 0K->0K(3072K), 0.0002600 secs]37.429: [CMS37.436: [CMS-concurrent-mark: 0.001/0.008 secs] [Times: user=0.00 sys=0.00, real=0.01 secs] 
 (concurrent mode failure): 4993K->897K(6848K), 0.0101992 secs] 4993K->897K(9920K), [Metaspace: 3664K->3664K(1056768K)], 0.0105302 secs] [Times: user=0.00 sys=0.00, real=0.01 secs] 
37.439: [GC (Allocation Failure) 37.439: [ParNew: 0K->0K(3072K), 0.0002312 secs]37.439: [CMS: 4993K->897K(6848K), 0.0017943 secs] 4993K->897K(9920K), [Metaspace: 3664K->3664K(1056768K)], 0.0020847 secs] [Times: user=0.00 sys=0.00, real=0.00 secs] 
37.441: [GC (CMS Initial Mark) [1 CMS-initial-mark: 4993K(6848K)] 4993K(9920K), 0.0000857 secs] [Times: user=0.00 sys=0.00, real=0.00 secs] 
37.442: [CMS-concurrent-mark-start]
37.442: [GC (Allocation Failure) 37.442: [ParNew: 0K->0K(3072K), 0.0002225 secs]37.442: [CMS37.452: [CMS-concurrent-mark: 0.001/0.010 secs] [Times: user=0.00 sys=0.00, real=0.01 secs] 
 (concurrent mode failure): 4993K->897K(6848K), 0.0124094 secs] 4993K->897K(9920K), [Metaspace: 3664K->3664K(1056768K)], 0.0127064 secs] [Times: user=0.00 sys=0.00, real=0.01 secs] 
37.455: [GC (Allocation Failure) 37.455: [ParNew: 0K->0K(3072K), 0.0002145 secs]37.455: [CMS: 4993K->897K(6848K), 0.0019080 secs] 4993K->897K(9920K), [Metaspace: 3664K->3664K(1056768K)], 0.0021923 secs] [Times: user=0.00 sys=0.00, real=0.00 secs] 
37.457: [GC (CMS Initial Mark) [1 CMS-initial-mark: 4993K(6848K)] 4993K(9920K), 0.0000781 secs] [Times: user=0.00 sys=0.00, real=0.00 secs] 
37.457: [CMS-concurrent-mark-start]
37.457: [GC (Allocation Failure) 37.457: [ParNew: 0K->0K(3072K), 0.0002164 secs]37.458: [CMS37.467: [CMS-concurrent-mark: 0.001/0.010 secs] [Times: user=0.00 sys=0.02, real=0.01 secs] 
 (concurrent mode failure): 4993K->897K(6848K), 0.0118066 secs] 4993K->897K(9920K), [Metaspace: 3664K->3664K(1056768K)], 0.0120955 secs] [Times: user=0.00 sys=0.02, real=0.01 secs] 
37.470: [GC (Allocation Failure) 37.470: [ParNew: 0K->0K(3072K), 0.0002613 secs]37.470: [CMS: 4993K->897K(6848K), 0.0021278 secs] 4993K->897K(9920K), [Metaspace: 3664K->3664K(1056768K)], 0.0024743 secs] [Times: user=0.00 sys=0.00, real=0.00 secs] 
37.473: [GC (CMS Initial Mark) [1 CMS-initial-mark: 4993K(6848K)] 4993K(9920K), 0.0000890 secs] [Times: user=0.00 sys=0.00, real=0.00 secs] 
37.473: [CMS-concurrent-mark-start]
37.473: [GC (Allocation Failure) 37.473: [ParNew: 0K->0K(3072K), 0.0002474 secs]37.473: [CMS37.482: [CMS-concurrent-mark: 0.001/0.009 secs] [Times: user=0.00 sys=0.00, real=0.01 secs] 
 (concurrent mode failure): 4993K->897K(6848K), 0.0113883 secs] 4993K->897K(9920K), [Metaspace: 3664K->3664K(1056768K)], 0.0117117 secs] [Times: user=0.00 sys=0.00, real=0.01 secs] 
37.485: [GC (Allocation Failure) 37.485: [ParNew: 0K->0K(3072K), 0.0002691 secs]37.485: [CMS: 4993K->897K(6848K), 0.0019142 secs] 4993K->897K(9920K), [Metaspace: 3664K->3664K(1056768K)], 0.0022485 secs] [Times: user=0.00 sys=0.00, real=0.00 secs] 
37.487: [GC (CMS Initial Mark) [1 CMS-initial-mark: 4993K(6848K)] 4993K(9920K), 0.0000832 secs] [Times: user=0.00 sys=0.00, real=0.00 secs] 
37.488: [CMS-concurrent-mark-start]
37.488: [GC (Allocation Failure) 37.488: [ParNew: 0K->0K(3072K), 0.0001978 secs]37.488: [CMS37.498: [CMS-concurrent-mark: 0.001/0.011 secs] [Times: user=0.00 sys=0.00, real=0.01 secs] 
 (concurrent mode failure): 4993K->897K(6848K), 0.0122835 secs] 4993K->897K(9920K), [Metaspace: 3664K->3664K(1056768K)], 0.0125504 secs] [Times: user=0.00 sys=0.00, real=0.01 secs] 
37.500: [GC (Allocation Failure) 37.501: [ParNew: 0K->0K(3072K), 0.0002544 secs]37.501: [CMS: 4993K->897K(6848K), 0.0018935 secs] 4993K->897K(9920K), [Metaspace: 3664K->3664K(1056768K)], 0.0022180 secs] [Times: user=0.00 sys=0.00, real=0.00 secs] 
37.503: [GC (CMS Initial Mark) [1 CMS-initial-mark: 4993K(6848K)] 4993K(9920K), 0.0001017 secs] [Times: user=0.00 sys=0.00, real=0.00 secs] 
37.503: [CMS-concurrent-mark-start]
37.503: [GC (Allocation Failure) 37.503: [ParNew: 0K->0K(3072K), 0.0002143 secs]37.503: [CMS37.513: [CMS-concurrent-mark: 0.001/0.010 secs] [Times: user=0.00 sys=0.00, real=0.01 secs] 
 (concurrent mode failure): 4993K->897K(6848K), 0.0120916 secs] 4993K->897K(9920K), [Metaspace: 3664K->3664K(1056768K)], 0.0123799 secs] [Times: user=0.00 sys=0.00, real=0.01 secs] 
37.516: [GC (Allocation Failure) 37.516: [ParNew: 0K->0K(3072K), 0.0001925 secs]37.516: [CMS: 4993K->897K(6848K), 0.0018041 secs] 4993K->897K(9920K), [Metaspace: 3664K->3664K(1056768K)], 0.0020674 secs] [Times: user=0.00 sys=0.00, real=0.00 secs] 
37.518: [GC (CMS Initial Mark) [1 CMS-initial-mark: 4993K(6848K)] 4993K(9920K), 0.0000771 secs] [Times: user=0.00 sys=0.00, real=0.00 secs] 
37.518: [CMS-concurrent-mark-start]
37.518: [GC (Allocation Failure) 37.518: [ParNew: 0K->0K(3072K), 0.0001781 secs]37.519: [CMS37.529: [CMS-concurrent-mark: 0.002/0.010 secs] [Times: user=0.00 sys=0.00, real=0.01 secs] 
 (concurrent mode failure): 4993K->897K(6848K), 0.0130371 secs] 4993K->897K(9920K), [Metaspace: 3664K->3664K(1056768K)], 0.0132865 secs] [Times: user=0.00 sys=0.00, real=0.01 secs] 
37.532: [GC (Allocation Failure) 37.532: [ParNew: 0K->0K(3072K), 0.0002093 secs]37.532: [CMS: 4993K->897K(6848K), 0.0021102 secs] 4993K->897K(9920K), [Metaspace: 3664K->3664K(1056768K)], 0.0023958 secs] [Times: user=0.00 sys=0.00, real=0.00 secs] 
37.535: [GC (CMS Initial Mark) [1 CMS-initial-mark: 4993K(6848K)] 4993K(9920K), 0.0000935 secs] [Times: user=0.00 sys=0.00, real=0.00 secs] 
37.535: [CMS-concurrent-mark-start]
37.535: [GC (Allocation Failure) 37.535: [ParNew: 0K->0K(3072K), 0.0002061 secs]37.535: [CMS37.544: [CMS-concurrent-mark: 0.002/0.009 secs] [Times: user=0.00 sys=0.00, real=0.01 secs] 
 (concurrent mode failure): 4993K->897K(6848K), 0.0124608 secs] 4993K->897K(9920K), [Metaspace: 3664K->3664K(1056768K)], 0.0127431 secs] [Times: user=0.00 sys=0.00, real=0.01 secs] 
37.548: [GC (Allocation Failure) 37.548: [ParNew: 0K->0K(3072K), 0.0004123 secs]37.549: [CMS: 4993K->897K(6848K), 0.0019780 secs] 4993K->897K(9920K), [Metaspace: 3664K->3664K(1056768K)], 0.0024656 secs] [Times: user=0.00 sys=0.00, real=0.00 secs] 
37.551: [GC (CMS Initial Mark) [1 CMS-initial-mark: 4993K(6848K)] 4993K(9920K), 0.0001182 secs] [Times: user=0.00 sys=0.00, real=0.00 secs] 
37.551: [CMS-concurrent-mark-start]
37.551: [GC (Allocation Failure) 37.551: [ParNew: 0K->0K(3072K), 0.0002009 secs]37.552: [CMS37.559: [CMS-concurrent-mark: 0.001/0.008 secs] [Times: user=0.00 sys=0.00, real=0.01 secs] 
 (concurrent mode failure): 4993K->897K(6848K), 0.0113383 secs] 4993K->897K(9920K), [Metaspace: 3664K->3664K(1056768K)], 0.0116200 secs] [Times: user=0.00 sys=0.00, real=0.01 secs] 
37.563: [GC (Allocation Failure) 37.563: [ParNew: 0K->0K(3072K), 0.0002072 secs]37.564: [CMS: 4993K->897K(6848K), 0.0019085 secs] 4993K->897K(9920K), [Metaspace: 3664K->3664K(1056768K)], 0.0021783 secs] [Times: user=0.00 sys=0.00, real=0.00 secs] 
37.566: [GC (CMS Initial Mark) [1 CMS-initial-mark: 4993K(6848K)] 4993K(9920K), 0.0001192 secs] [Times: user=0.00 sys=0.00, real=0.00 secs] 
37.566: [CMS-concurrent-mark-start]
37.566: [GC (Allocation Failure) 37.566: [ParNew: 0K->0K(3072K), 0.0001843 secs]37.566: [CMS37.574: [CMS-concurrent-mark: 0.001/0.008 secs] [Times: user=0.00 sys=0.00, real=0.01 secs] 
 (concurrent mode failure): 4993K->897K(6848K), 0.0105796 secs] 4993K->897K(9920K), [Metaspace: 3664K->3664K(1056768K)], 0.0108652 secs] [Times: user=0.00 sys=0.00, real=0.01 secs] 
37.577: [GC (Allocation Failure) 37.577: [ParNew: 0K->0K(3072K), 0.0003467 secs]37.578: [CMS: 4993K->897K(6848K), 0.0020087 secs] 4993K->897K(9920K), [Metaspace: 3664K->3664K(1056768K)], 0.0024307 secs] [Times: user=0.00 sys=0.00, real=0.00 secs] 
37.580: [GC (CMS Initial Mark) [1 CMS-initial-mark: 4993K(6848K)] 4993K(9920K), 0.0001220 secs] [Times: user=0.00 sys=0.00, real=0.00 secs] 
37.580: [CMS-concurrent-mark-start]
37.580: [GC (Allocation Failure) 37.580: [ParNew: 0K->0K(3072K), 0.0002119 secs]37.581: [CMS37.590: [CMS-concurrent-mark: 0.001/0.009 secs] [Times: user=0.00 sys=0.00, real=0.01 secs] 
 (concurrent mode failure): 4993K->897K(6848K), 0.0115461 secs] 4993K->897K(9920K), [Metaspace: 3664K->3664K(1056768K)], 0.0118308 secs] [Times: user=0.00 sys=0.00, real=0.01 secs] 
37.593: [GC (Allocation Failure) 37.593: [ParNew: 0K->0K(3072K), 0.0003402 secs]37.593: [CMS: 4993K->897K(6848K), 0.0030247 secs] 4993K->897K(9920K), [Metaspace: 3664K->3664K(1056768K)], 0.0034587 secs] [Times: user=0.00 sys=0.00, real=0.00 secs] 
37.596: [GC (CMS Initial Mark) [1 CMS-initial-mark: 4993K(6848K)] 4993K(9920K), 0.0001371 secs] [Times: user=0.00 sys=0.00, real=0.00 secs] 
37.597: [CMS-concurrent-mark-start]
37.597: [GC (Allocation Failure) 37.597: [ParNew: 0K->0K(3072K), 0.0002357 secs]37.597: [CMS37.605: [CMS-concurrent-mark: 0.002/0.009 secs] [Times: user=0.00 sys=0.00, real=0.01 secs] 
 (concurrent mode failure): 4993K->897K(6848K), 0.0107158 secs] 4993K->897K(9920K), [Metaspace: 3664K->3664K(1056768K)], 0.0110243 secs] [Times: user=0.00 sys=0.00, real=0.01 secs] 
37.608: [GC (Allocation Failure) 37.608: [ParNew: 0K->0K(3072K), 0.0002261 secs]37.608: [CMS: 4993K->897K(6848K), 0.0027873 secs] 4993K->897K(9920K), [Metaspace: 3664K->3664K(1056768K)], 0.0030860 secs] [Times: user=0.00 sys=0.00, real=0.00 secs] 
37.611: [GC (CMS Initial Mark) [1 CMS-initial-mark: 4993K(6848K)] 4993K(9920K), 0.0001131 secs] [Times: user=0.00 sys=0.00, real=0.00 secs] 
37.612: [CMS-concurrent-mark-start]
37.612: [GC (Allocation Failure) 37.612: [ParNew: 0K->0K(3072K), 0.0002052 secs]37.612: [CMS37.621: [CMS-concurrent-mark: 0.002/0.010 secs] [Times: user=0.00 sys=0.00, real=0.01 secs] 
 (concurrent mode failure): 4993K->897K(6848K), 0.0120770 secs] 4993K->897K(9920K), [Metaspace: 3664K->3664K(1056768K)], 0.0123532 secs] [Times: user=0.00 sys=0.00, real=0.01 secs] 
37.624: [GC (Allocation Failure) 37.624: [ParNew: 0K->0K(3072K), 0.0002658 secs]37.625: [CMS: 4993K->897K(6848K), 0.0019057 secs] 4993K->897K(9920K), [Metaspace: 3664K->3664K(1056768K)], 0.0022439 secs] [Times: user=0.00 sys=0.00, real=0.00 secs] 
37.627: [GC (CMS Initial Mark) [1 CMS-initial-mark: 4993K(6848K)] 4993K(9920K), 0.0000928 secs] [Times: user=0.00 sys=0.00, real=0.00 secs] 
37.627: [CMS-concurrent-mark-start]
37.627: [GC (Allocation Failure) 37.627: [ParNew: 0K->0K(3072K), 0.0002006 secs]37.627: [CMS37.637: [CMS-concurrent-mark: 0.001/0.010 secs] [Times: user=0.00 sys=0.00, real=0.01 secs] 
 (concurrent mode failure): 4993K->897K(6848K), 0.0118941 secs] 4993K->897K(9920K), [Metaspace: 3664K->3664K(1056768K)], 0.0121635 secs] [Times: user=0.00 sys=0.00, real=0.01 secs] 
37.640: [GC (Allocation Failure) 37.640: [ParNew: 0K->0K(3072K), 0.0002406 secs]37.640: [CMS: 4993K->897K(6848K), 0.0017756 secs] 4993K->897K(9920K), [Metaspace: 3664K->3664K(1056768K)], 0.0020877 secs] [Times: user=0.00 sys=0.00, real=0.00 secs] 
37.642: [GC (CMS Initial Mark) [1 CMS-initial-mark: 4993K(6848K)] 4993K(9920K), 0.0001091 secs] [Times: user=0.00 sys=0.00, real=0.00 secs] 
37.642: [CMS-concurrent-mark-start]
37.642: [GC (Allocation Failure) 37.642: [ParNew: 0K->0K(3072K), 0.0002841 secs]37.643: [CMS37.653: [CMS-concurrent-mark: 0.001/0.011 secs] [Times: user=0.00 sys=0.00, real=0.01 secs] 
 (concurrent mode failure): 4993K->897K(6848K), 0.0127585 secs] 4993K->897K(9920K), [Metaspace: 3664K->3664K(1056768K)], 0.0131223 secs] [Times: user=0.00 sys=0.00, real=0.01 secs] 
37.656: [GC (Allocation Failure) 37.656: [ParNew: 0K->0K(3072K), 0.0002216 secs]37.656: [CMS: 4993K->897K(6848K), 0.0018866 secs] 4993K->897K(9920K), [Metaspace: 3664K->3664K(1056768K)], 0.0021754 secs] [Times: user=0.00 sys=0.00, real=0.00 secs] 
37.658: [GC (CMS Initial Mark) [1 CMS-initial-mark: 4993K(6848K)] 4993K(9920K), 0.0001075 secs] [Times: user=0.00 sys=0.00, real=0.00 secs] 
37.659: [CMS-concurrent-mark-start]
37.659: [GC (Allocation Failure) 37.659: [ParNew: 0K->0K(3072K), 0.0002349 secs]37.659: [CMS37.669: [CMS-concurrent-mark: 0.001/0.010 secs] [Times: user=0.00 sys=0.00, real=0.01 secs] 
 (concurrent mode failure): 4993K->897K(6848K), 0.0121266 secs] 4993K->897K(9920K), [Metaspace: 3664K->3664K(1056768K)], 0.0124372 secs] [Times: user=0.00 sys=0.00, real=0.01 secs] 
37.671: [GC (Allocation Failure) 37.671: [ParNew: 0K->0K(3072K), 0.0002159 secs]37.672: [CMS: 4993K->897K(6848K), 0.0018979 secs] 4993K->897K(9920K), [Metaspace: 3664K->3664K(1056768K)], 0.0021821 secs] [Times: user=0.00 sys=0.00, real=0.00 secs] 
37.674: [GC (CMS Initial Mark) [1 CMS-initial-mark: 4993K(6848K)] 4993K(9920K), 0.0001220 secs] [Times: user=0.00 sys=0.00, real=0.00 secs] 
37.674: [CMS-concurrent-mark-start]
37.674: [GC (Allocation Failure) 37.674: [ParNew: 0K->0K(3072K), 0.0003470 secs]37.675: [CMS37.684: [CMS-concurrent-mark: 0.001/0.010 secs] [Times: user=0.00 sys=0.00, real=0.01 secs] 
 (concurrent mode failure): 4993K->897K(6848K), 0.0116643 secs] 4993K->897K(9920K), [Metaspace: 3664K->3664K(1056768K)], 0.0120870 secs] [Times: user=0.00 sys=0.00, real=0.01 secs] 
37.687: [GC (Allocation Failure) 37.687: [ParNew: 0K->0K(3072K), 0.0002164 secs]37.687: [CMS: 4993K->897K(6848K), 0.0018287 secs] 4993K->897K(9920K), [Metaspace: 3664K->3664K(1056768K)], 0.0021080 secs] [Times: user=0.00 sys=0.00, real=0.00 secs] 
37.689: [GC (CMS Initial Mark) [1 CMS-initial-mark: 4993K(6848K)] 4993K(9920K), 0.0002108 secs] [Times: user=0.00 sys=0.00, real=0.00 secs] 
37.690: [CMS-concurrent-mark-start]
37.690: [GC (Allocation Failure) 37.690: [ParNew: 0K->0K(3072K), 0.0002406 secs]37.690: [CMS37.700: [CMS-concurrent-mark: 0.002/0.010 secs] [Times: user=0.00 sys=0.00, real=0.01 secs] 
 (concurrent mode failure): 4993K->897K(6848K), 0.0120497 secs] 4993K->897K(9920K), [Metaspace: 3664K->3664K(1056768K)], 0.0123692 secs] [Times: user=0.00 sys=0.00, real=0.01 secs] 
37.702: [GC (Allocation Failure) 37.702: [ParNew: 0K->0K(3072K), 0.0002795 secs]37.703: [CMS: 4993K->897K(6848K), 0.0019753 secs] 4993K->897K(9920K), [Metaspace: 3664K->3664K(1056768K)], 0.0023253 secs] [Times: user=0.00 sys=0.00, real=0.00 secs] 
37.705: [GC (CMS Initial Mark) [1 CMS-initial-mark: 4993K(6848K)] 4993K(9920K), 0.0001944 secs] [Times: user=0.00 sys=0.00, real=0.00 secs] 
37.705: [CMS-concurrent-mark-start]
37.705: [GC (Allocation Failure) 37.705: [ParNew: 0K->0K(3072K), 0.0002091 secs]37.705: [CMS37.715: [CMS-concurrent-mark: 0.002/0.009 secs] [Times: user=0.00 sys=0.00, real=0.01 secs] 
 (concurrent mode failure): 4993K->897K(6848K), 0.0114900 secs] 4993K->897K(9920K), [Metaspace: 3664K->3664K(1056768K)], 0.0117796 secs] [Times: user=0.00 sys=0.00, real=0.01 secs] 
37.717: [GC (Allocation Failure) 37.717: [ParNew: 0K->0K(3072K), 0.0002155 secs]37.718: [CMS: 4993K->897K(6848K), 0.0016798 secs] 4993K->897K(9920K), [Metaspace: 3664K->3664K(1056768K)], 0.0019508 secs] [Times: user=0.00 sys=0.00, real=0.00 secs] 
37.720: [GC (CMS Initial Mark) [1 CMS-initial-mark: 4993K(6848K)] 4993K(9920K), 0.0001308 secs] [Times: user=0.00 sys=0.00, real=0.00 secs] 
37.720: [CMS-concurrent-mark-start]
37.720: [GC (Allocation Failure) 37.720: [ParNew: 0K->0K(3072K), 0.0001895 secs]37.720: [CMS37.731: [CMS-concurrent-mark: 0.001/0.011 secs] [Times: user=0.00 sys=0.00, real=0.01 secs] 
 (concurrent mode failure): 4993K->897K(6848K), 0.0126187 secs] 4993K->897K(9920K), [Metaspace: 3664K->3664K(1056768K)], 0.0128906 secs] [Times: user=0.00 sys=0.00, real=0.01 secs] 
37.733: [GC (Allocation Failure) 37.733: [ParNew: 0K->0K(3072K), 0.0002378 secs]37.733: [CMS: 4993K->897K(6848K), 0.0017646 secs] 4993K->897K(9920K), [Metaspace: 3664K->3664K(1056768K)], 0.0020662 secs] [Times: user=0.00 sys=0.00, real=0.00 secs] 
37.736: [GC (CMS Initial Mark) [1 CMS-initial-mark: 4993K(6848K)] 4993K(9920K), 0.0001135 secs] [Times: user=0.00 sys=0.00, real=0.00 secs] 
37.736: [CMS-concurrent-mark-start]
37.736: [GC (Allocation Failure) 37.736: [ParNew: 0K->0K(3072K), 0.0002290 secs]37.736: [CMS37.746: [CMS-concurrent-mark: 0.001/0.011 secs] [Times: user=0.00 sys=0.00, real=0.01 secs] 
 (concurrent mode failure): 4993K->897K(6848K), 0.0126669 secs] 4993K->897K(9920K), [Metaspace: 3664K->3664K(1056768K)], 0.0129610 secs] [Times: user=0.00 sys=0.00, real=0.01 secs] 
37.749: [GC (Allocation Failure) 37.749: [ParNew: 0K->0K(3072K), 0.0002191 secs]37.749: [CMS: 4993K->897K(6848K), 0.0018069 secs] 4993K->897K(9920K), [Metaspace: 3664K->3664K(1056768K)], 0.0020873 secs] [Times: user=0.00 sys=0.00, real=0.00 secs] 
37.751: [GC (CMS Initial Mark) [1 CMS-initial-mark: 4993K(6848K)] 4993K(9920K), 0.0001133 secs] [Times: user=0.00 sys=0.00, real=0.00 secs] 
37.752: [CMS-concurrent-mark-start]
37.752: [GC (Allocation Failure) 37.752: [ParNew: 0K->0K(3072K), 0.0001948 secs]37.752: [CMS37.762: [CMS-concurrent-mark: 0.001/0.011 secs] [Times: user=0.00 sys=0.00, real=0.01 secs] 
 (concurrent mode failure): 4993K->897K(6848K), 0.0126879 secs] 4993K->897K(9920K), [Metaspace: 3664K->3664K(1056768K)], 0.0129558 secs] [Times: user=0.00 sys=0.00, real=0.01 secs] 
37.765: [GC (Allocation Failure) 37.765: [ParNew: 0K->0K(3072K), 0.0002754 secs]37.765: [CMS: 4993K->897K(6848K), 0.0021483 secs] 4993K->897K(9920K), [Metaspace: 3664K->3664K(1056768K)], 0.0025169 secs] [Times: user=0.00 sys=0.00, real=0.00 secs] 
37.768: [GC (CMS Initial Mark) [1 CMS-initial-mark: 4993K(6848K)] 4993K(9920K), 0.0001374 secs] [Times: user=0.00 sys=0.00, real=0.00 secs] 
37.768: [CMS-concurrent-mark-start]
37.768: [GC (Allocation Failure) 37.768: [ParNew: 0K->0K(3072K), 0.0002581 secs]37.769: [CMS37.778: [CMS-concurrent-mark: 0.002/0.010 secs] [Times: user=0.00 sys=0.00, real=0.01 secs] 
 (concurrent mode failure): 4993K->897K(6848K), 0.0120724 secs] 4993K->897K(9920K), [Metaspace: 3664K->3664K(1056768K)], 0.0124082 secs] [Times: user=0.00 sys=0.00, real=0.01 secs] 
37.781: [GC (Allocation Failure) 37.781: [ParNew: 0K->0K(3072K), 0.0002222 secs]37.781: [CMS: 4993K->897K(6848K), 0.0018703 secs] 4993K->897K(9920K), [Metaspace: 3664K->3664K(1056768K)], 0.0021596 secs] [Times: user=0.00 sys=0.00, real=0.00 secs] 
37.783: [GC (CMS Initial Mark) [1 CMS-initial-mark: 4993K(6848K)] 4993K(9920K), 0.0000894 secs] [Times: user=0.00 sys=0.00, real=0.00 secs] 
37.784: [CMS-concurrent-mark-start]
37.784: [GC (Allocation Failure) 37.784: [ParNew: 0K->0K(3072K), 0.0002171 secs]37.784: [CMS37.793: [CMS-concurrent-mark: 0.002/0.010 secs] [Times: user=0.00 sys=0.00, real=0.01 secs] 
 (concurrent mode failure): 4993K->897K(6848K), 0.0126856 secs] 4993K->897K(9920K), [Metaspace: 3664K->3664K(1056768K)], 0.0129990 secs] [Times: user=0.00 sys=0.00, real=0.01 secs] 
37.797: [GC (Allocation Failure) 37.797: [ParNew: 0K->0K(3072K), 0.0002653 secs]37.797: [CMS: 4993K->897K(6848K), 0.0021004 secs] 4993K->897K(9920K), [Metaspace: 3664K->3664K(1056768K)], 0.0024445 secs] [Times: user=0.00 sys=0.00, real=0.00 secs] 
37.800: [GC (CMS Initial Mark) [1 CMS-initial-mark: 4993K(6848K)] 4993K(9920K), 0.0001218 secs] [Times: user=0.00 sys=0.00, real=0.00 secs] 
37.800: [CMS-concurrent-mark-start]
37.800: [GC (Allocation Failure) 37.800: [ParNew: 0K->0K(3072K), 0.0002051 secs]37.800: [CMS37.809: [CMS-concurrent-mark: 0.002/0.009 secs] [Times: user=0.00 sys=0.00, real=0.01 secs] 
 (concurrent mode failure): 4993K->897K(6848K), 0.0120432 secs] 4993K->897K(9920K), [Metaspace: 3664K->3664K(1056768K)], 0.0123282 secs] [Times: user=0.00 sys=0.00, real=0.01 secs] 
37.813: [GC (Allocation Failure) 37.813: [ParNew: 0K->0K(3072K), 0.0002545 secs]37.813: [CMS: 4993K->897K(6848K), 0.0019849 secs] 4993K->897K(9920K), [Metaspace: 3664K->3664K(1056768K)], 0.0023040 secs] [Times: user=0.00 sys=0.00, real=0.00 secs] 
37.815: [GC (CMS Initial Mark) [1 CMS-initial-mark: 4993K(6848K)] 4993K(9920K), 0.0000739 secs] [Times: user=0.00 sys=0.00, real=0.00 secs] 
37.815: [CMS-concurrent-mark-start]
37.815: [GC (Allocation Failure) 37.815: [ParNew: 0K->0K(3072K), 0.0001979 secs]37.816: [CMS37.829: [CMS-concurrent-mark: 0.006/0.013 secs] [Times: user=0.00 sys=0.00, real=0.01 secs] 
 (concurrent mode failure): 4993K->897K(6848K), 0.0202649 secs] 4993K->897K(9920K), [Metaspace: 3664K->3664K(1056768K)], 0.0205765 secs] [Times: user=0.02 sys=0.00, real=0.02 secs] 
37.837: [GC (Allocation Failure) 37.837: [ParNew: 0K->0K(3072K), 0.0005167 secs]37.837: [CMS: 4993K->897K(6848K), 0.0042872 secs] 4993K->897K(9920K), [Metaspace: 3664K->3664K(1056768K)], 0.0049449 secs] [Times: user=0.00 sys=0.00, real=0.00 secs] 
37.842: [GC (CMS Initial Mark) [1 CMS-initial-mark: 4993K(6848K)] 4993K(9920K), 0.0002549 secs] [Times: user=0.00 sys=0.00, real=0.00 secs] 
37.843: [CMS-concurrent-mark-start]
37.843: [GC (Allocation Failure) 37.843: [ParNew: 0K->0K(3072K), 0.0004059 secs]37.843: [CMS37.856: [CMS-concurrent-mark: 0.002/0.014 secs] [Times: user=0.00 sys=0.00, real=0.01 secs] 
 (concurrent mode failure): 4993K->897K(6848K), 0.0159555 secs] 4993K->897K(9920K), [Metaspace: 3664K->3664K(1056768K)], 0.0164805 secs] [Times: user=0.00 sys=0.00, real=0.02 secs] 
37.860: [GC (Allocation Failure) 37.860: [ParNew: 0K->0K(3072K), 0.0003309 secs]37.860: [CMS: 4993K->897K(6848K), 0.0026158 secs] 4993K->897K(9920K), [Metaspace: 3664K->3664K(1056768K)], 0.0030558 secs] [Times: user=0.00 sys=0.00, real=0.00 secs] 
37.863: [GC (CMS Initial Mark) [1 CMS-initial-mark: 4993K(6848K)] 4993K(9920K), 0.0001468 secs] [Times: user=0.00 sys=0.00, real=0.00 secs] 
37.863: [CMS-concurrent-mark-start]
37.863: [GC (Allocation Failure) 37.863: [ParNew: 0K->0K(3072K), 0.0003285 secs]37.864: [CMS37.872: [CMS-concurrent-mark: 0.002/0.009 secs] [Times: user=0.00 sys=0.00, real=0.01 secs] 
 (concurrent mode failure): 4993K->897K(6848K), 0.0119438 secs] 4993K->897K(9920K), [Metaspace: 3664K->3664K(1056768K)], 0.0123791 secs] [Times: user=0.00 sys=0.00, real=0.01 secs] 
37.876: [GC (Allocation Failure) 37.876: [ParNew: 0K->0K(3072K), 0.0003273 secs]37.877: [CMS: 4993K->897K(6848K), 0.0038732 secs] 4993K->897K(9920K), [Metaspace: 3664K->3664K(1056768K)], 0.0043024 secs] [Times: user=0.02 sys=0.00, real=0.00 secs] 
37.881: [GC (CMS Initial Mark) [1 CMS-initial-mark: 4993K(6848K)] 4993K(9920K), 0.0001270 secs] [Times: user=0.00 sys=0.00, real=0.00 secs] 
37.881: [CMS-concurrent-mark-start]
37.881: [GC (Allocation Failure) 37.882: [ParNew: 0K->0K(3072K), 0.0002076 secs]37.882: [CMS37.887: [CMS-concurrent-mark: 0.002/0.006 secs] [Times: user=0.00 sys=0.00, real=0.01 secs] 
 (concurrent mode failure): 4993K->897K(6848K), 0.0088850 secs] 4993K->897K(9920K), [Metaspace: 3664K->3664K(1056768K)], 0.0092184 secs] [Times: user=0.00 sys=0.00, real=0.01 secs] 
37.891: [GC (Allocation Failure) 37.891: [ParNew: 0K->0K(3072K), 0.0002694 secs]37.892: [CMS: 4993K->897K(6848K), 0.0037499 secs] 4993K->897K(9920K), [Metaspace: 3664K->3664K(1056768K)], 0.0041320 secs] [Times: user=0.00 sys=0.00, real=0.00 secs] 
37.896: [GC (CMS Initial Mark) [1 CMS-initial-mark: 4993K(6848K)] 4993K(9920K), 0.0001596 secs] [Times: user=0.00 sys=0.00, real=0.00 secs] 
37.896: [CMS-concurrent-mark-start]
37.897: [GC (Allocation Failure) 37.897: [ParNew: 0K->0K(3072K), 0.0003036 secs]37.897: [CMS37.903: [CMS-concurrent-mark: 0.001/0.007 secs] [Times: user=0.00 sys=0.00, real=0.01 secs] 
 (concurrent mode failure): 4993K->897K(6848K), 0.0095160 secs] 4993K->897K(9920K), [Metaspace: 3664K->3664K(1056768K)], 0.0099223 secs] [Times: user=0.00 sys=0.00, real=0.01 secs] 
37.907: [GC (Allocation Failure) 37.907: [ParNew: 0K->0K(3072K), 0.0002755 secs]37.907: [CMS: 4993K->897K(6848K), 0.0025728 secs] 4993K->897K(9920K), [Metaspace: 3664K->3664K(1056768K)], 0.0029522 secs] [Times: user=0.00 sys=0.00, real=0.00 secs] 
37.910: [GC (CMS Initial Mark) [1 CMS-initial-mark: 4993K(6848K)] 4993K(9920K), 0.0001757 secs] [Times: user=0.00 sys=0.00, real=0.00 secs] 
37.911: [CMS-concurrent-mark-start]
37.911: [GC (Allocation Failure) 37.911: [ParNew: 0K->0K(3072K), 0.0005725 secs]37.911: [CMS37.919: [CMS-concurrent-mark: 0.002/0.008 secs] [Times: user=0.02 sys=0.00, real=0.01 secs] 
 (concurrent mode failure): 4993K->897K(6848K), 0.0103228 secs] 4993K->897K(9920K), [Metaspace: 3664K->3664K(1056768K)], 0.0110102 secs] [Times: user=0.00 sys=0.00, real=0.01 secs] 
37.922: [GC (Allocation Failure) 37.922: [ParNew: 0K->0K(3072K), 0.0002558 secs]37.922: [CMS: 4993K->897K(6848K), 0.0020067 secs] 4993K->897K(9920K), [Metaspace: 3664K->3664K(1056768K)], 0.0023225 secs] [Times: user=0.00 sys=0.00, real=0.00 secs] 
37.925: [GC (CMS Initial Mark) [1 CMS-initial-mark: 4993K(6848K)] 4993K(9920K), 0.0001066 secs] [Times: user=0.00 sys=0.00, real=0.00 secs] 
37.925: [CMS-concurrent-mark-start]
37.925: [GC (Allocation Failure) 37.925: [ParNew: 0K->0K(3072K), 0.0003006 secs]37.926: [CMS37.934: [CMS-concurrent-mark: 0.001/0.009 secs] [Times: user=0.00 sys=0.00, real=0.01 secs] 
 (concurrent mode failure): 4993K->897K(6848K), 0.0105858 secs] 4993K->897K(9920K), [Metaspace: 3664K->3664K(1056768K)], 0.0109544 secs] [Times: user=0.00 sys=0.00, real=0.01 secs] 
37.936: [GC (Allocation Failure) 37.936: [ParNew: 0K->0K(3072K), 0.0002831 secs]37.937: [CMS: 4993K->897K(6848K), 0.0017048 secs] 4993K->897K(9920K), [Metaspace: 3664K->3664K(1056768K)], 0.0020530 secs] [Times: user=0.00 sys=0.00, real=0.00 secs] 
37.939: [GC (CMS Initial Mark) [1 CMS-initial-mark: 4993K(6848K)] 4993K(9920K), 0.0001128 secs] [Times: user=0.00 sys=0.00, real=0.00 secs] 
37.939: [CMS-concurrent-mark-start]
37.939: [GC (Allocation Failure) 37.939: [ParNew: 0K->0K(3072K), 0.0001988 secs]37.939: [CMS37.950: [CMS-concurrent-mark: 0.002/0.011 secs] [Times: user=0.00 sys=0.00, real=0.01 secs] 
 (concurrent mode failure): 4993K->897K(6848K), 0.0124048 secs] 4993K->897K(9920K), [Metaspace: 3664K->3664K(1056768K)], 0.0126691 secs] [Times: user=0.00 sys=0.00, real=0.01 secs] 
37.952: [GC (Allocation Failure) 37.952: [ParNew: 0K->0K(3072K), 0.0002200 secs]37.952: [CMS: 4993K->897K(6848K), 0.0019275 secs] 4993K->897K(9920K), [Metaspace: 3664K->3664K(1056768K)], 0.0022109 secs] [Times: user=0.00 sys=0.00, real=0.00 secs] 
37.955: [GC (CMS Initial Mark) [1 CMS-initial-mark: 4993K(6848K)] 4993K(9920K), 0.0001331 secs] [Times: user=0.00 sys=0.00, real=0.00 secs] 
37.955: [CMS-concurrent-mark-start]
37.955: [GC (Allocation Failure) 37.955: [ParNew: 0K->0K(3072K), 0.0002490 secs]37.955: [CMS37.965: [CMS-concurrent-mark: 0.001/0.010 secs] [Times: user=0.00 sys=0.00, real=0.01 secs] 
 (concurrent mode failure): 4993K->897K(6848K), 0.0126773 secs] 4993K->897K(9920K), [Metaspace: 3664K->3664K(1056768K)], 0.0129996 secs] [Times: user=0.00 sys=0.00, real=0.01 secs] 
37.968: [GC (Allocation Failure) 37.968: [ParNew: 0K->0K(3072K), 0.0002216 secs]37.969: [CMS: 4993K->897K(6848K), 0.0017595 secs] 4993K->897K(9920K), [Metaspace: 3664K->3664K(1056768K)], 0.0020425 secs] [Times: user=0.00 sys=0.00, real=0.00 secs] 
37.971: [GC (CMS Initial Mark) [1 CMS-initial-mark: 4993K(6848K)] 4993K(9920K), 0.0001128 secs] [Times: user=0.00 sys=0.00, real=0.00 secs] 
37.971: [CMS-concurrent-mark-start]
37.971: [GC (Allocation Failure) 37.971: [ParNew: 0K->0K(3072K), 0.0002102 secs]37.971: [CMS37.981: [CMS-concurrent-mark: 0.001/0.010 secs] [Times: user=0.00 sys=0.00, real=0.01 secs] 
 (concurrent mode failure): 4993K->897K(6848K), 0.0119889 secs] 4993K->897K(9920K), [Metaspace: 3664K->3664K(1056768K)], 0.0122666 secs] [Times: user=0.00 sys=0.00, real=0.01 secs] 
37.984: [GC (Allocation Failure) 37.984: [ParNew: 0K->0K(3072K), 0.0002218 secs]37.984: [CMS: 4993K->897K(6848K), 0.0022184 secs] 4993K->897K(9920K), [Metaspace: 3664K->3664K(1056768K)], 0.0025200 secs] [Times: user=0.00 sys=0.00, real=0.00 secs] 
37.986: [GC (CMS Initial Mark) [1 CMS-initial-mark: 4993K(6848K)] 4993K(9920K), 0.0000783 secs] [Times: user=0.00 sys=0.00, real=0.00 secs] 
37.987: [CMS-concurrent-mark-start]
37.987: [GC (Allocation Failure) 37.987: [ParNew: 0K->0K(3072K), 0.0002149 secs]37.987: [CMS37.997: [CMS-concurrent-mark: 0.001/0.011 secs] [Times: user=0.00 sys=0.00, real=0.01 secs] 
 (concurrent mode failure): 4993K->897K(6848K), 0.0127731 secs] 4993K->897K(9920K), [Metaspace: 3664K->3664K(1056768K)], 0.0130547 secs] [Times: user=0.00 sys=0.00, real=0.01 secs] 
38.000: [GC (Allocation Failure) 38.000: [ParNew: 0K->0K(3072K), 0.0002451 secs]38.000: [CMS: 4993K->897K(6848K), 0.0016929 secs] 4993K->897K(9920K), [Metaspace: 3664K->3664K(1056768K)], 0.0019952 secs] [Times: user=0.00 sys=0.00, real=0.00 secs] 
38.002: [GC (CMS Initial Mark) [1 CMS-initial-mark: 4993K(6848K)] 4993K(9920K), 0.0001123 secs] [Times: user=0.00 sys=0.00, real=0.00 secs] 
38.002: [CMS-concurrent-mark-start]
38.003: [GC (Allocation Failure) 38.003: [ParNew: 0K->0K(3072K), 0.0002449 secs]38.003: [CMS38.013: [CMS-concurrent-mark: 0.002/0.010 secs] [Times: user=0.00 sys=0.00, real=0.01 secs] 
 (concurrent mode failure): 4993K->897K(6848K), 0.0122761 secs] 4993K->897K(9920K), [Metaspace: 3664K->3664K(1056768K)], 0.0125894 secs] [Times: user=0.00 sys=0.00, real=0.01 secs] 
38.016: [GC (Allocation Failure) 38.016: [ParNew: 0K->0K(3072K), 0.0003179 secs]38.016: [CMS: 4993K->897K(6848K), 0.0019048 secs] 4993K->897K(9920K), [Metaspace: 3664K->3664K(1056768K)], 0.0022907 secs] [Times: user=0.00 sys=0.00, real=0.00 secs] 
38.018: [GC (CMS Initial Mark) [1 CMS-initial-mark: 4993K(6848K)] 4993K(9920K), 0.0001188 secs] [Times: user=0.00 sys=0.00, real=0.00 secs] 
38.018: [CMS-concurrent-mark-start]
38.019: [GC (Allocation Failure) 38.019: [ParNew: 0K->0K(3072K), 0.0002392 secs]38.019: [CMS38.028: [CMS-concurrent-mark: 0.002/0.009 secs] [Times: user=0.00 sys=0.00, real=0.01 secs] 
 (concurrent mode failure): 4993K->897K(6848K), 0.0115189 secs] 4993K->897K(9920K), [Metaspace: 3664K->3664K(1056768K)], 0.0118335 secs] [Times: user=0.00 sys=0.00, real=0.01 secs] 
38.031: [GC (Allocation Failure) 38.031: [ParNew: 0K->0K(3072K), 0.0002464 secs]38.031: [CMS: 4993K->897K(6848K), 0.0018414 secs] 4993K->897K(9920K), [Metaspace: 3664K->3664K(1056768K)], 0.0021695 secs] [Times: user=0.00 sys=0.00, real=0.00 secs] 
38.033: [GC (CMS Initial Mark) [1 CMS-initial-mark: 4993K(6848K)] 4993K(9920K), 0.0001744 secs] [Times: user=0.00 sys=0.00, real=0.00 secs] 
38.033: [CMS-concurrent-mark-start]
38.034: [GC (Allocation Failure) 38.034: [ParNew: 0K->0K(3072K), 0.0002238 secs]38.034: [CMS38.044: [CMS-concurrent-mark: 0.002/0.011 secs] [Times: user=0.00 sys=0.00, real=0.01 secs] 
 (concurrent mode failure): 4993K->897K(6848K), 0.0129713 secs] 4993K->897K(9920K), [Metaspace: 3664K->3664K(1056768K)], 0.0132797 secs] [Times: user=0.00 sys=0.00, real=0.01 secs] 
38.047: [GC (Allocation Failure) 38.047: [ParNew: 0K->0K(3072K), 0.0003109 secs]38.048: [CMS: 4993K->897K(6848K), 0.0020970 secs] 4993K->897K(9920K), [Metaspace: 3664K->3664K(1056768K)], 0.0024833 secs] [Times: user=0.00 sys=0.00, real=0.00 secs] 
38.050: [GC (CMS Initial Mark) [1 CMS-initial-mark: 4993K(6848K)] 4993K(9920K), 0.0003524 secs] [Times: user=0.00 sys=0.00, real=0.00 secs] 
38.051: [CMS-concurrent-mark-start]
38.051: [GC (Allocation Failure) 38.051: [ParNew: 0K->0K(3072K), 0.0003237 secs]38.051: [CMS38.060: [CMS-concurrent-mark: 0.002/0.009 secs] [Times: user=0.00 sys=0.00, real=0.01 secs] 
 (concurrent mode failure): 4993K->897K(6848K), 0.0123071 secs] 4993K->897K(9920K), [Metaspace: 3664K->3664K(1056768K)], 0.0127201 secs] [Times: user=0.00 sys=0.00, real=0.01 secs] 
38.064: [GC (Allocation Failure) 38.064: [ParNew: 0K->0K(3072K), 0.0003596 secs]38.064: [CMS: 4993K->897K(6848K), 0.0023683 secs] 4993K->897K(9920K), [Metaspace: 3664K->3664K(1056768K)], 0.0028119 secs] [Times: user=0.00 sys=0.00, real=0.00 secs] 
38.067: [GC (CMS Initial Mark) [1 CMS-initial-mark: 4993K(6848K)] 4993K(9920K), 0.0001603 secs] [Times: user=0.00 sys=0.00, real=0.00 secs] 
38.067: [CMS-concurrent-mark-start]
38.067: [GC (Allocation Failure) 38.067: [ParNew: 0K->0K(3072K), 0.0002995 secs]38.068: [CMS38.075: [CMS-concurrent-mark: 0.002/0.008 secs] [Times: user=0.00 sys=0.00, real=0.01 secs] 
 (concurrent mode failure): 4993K->897K(6848K), 0.0105787 secs] 4993K->897K(9920K), [Metaspace: 3664K->3664K(1056768K)], 0.0109627 secs] [Times: user=0.00 sys=0.00, real=0.01 secs] 
38.079: [GC (Allocation Failure) 38.079: [ParNew: 0K->0K(3072K), 0.0002180 secs]38.079: [CMS: 4993K->897K(6848K), 0.0019372 secs] 4993K->897K(9920K), [Metaspace: 3664K->3664K(1056768K)], 0.0022173 secs] [Times: user=0.00 sys=0.00, real=0.00 secs] 
38.081: [GC (CMS Initial Mark) [1 CMS-initial-mark: 4993K(6848K)] 4993K(9920K), 0.0001057 secs] [Times: user=0.00 sys=0.00, real=0.00 secs] 
38.082: [CMS-concurrent-mark-start]
38.082: [GC (Allocation Failure) 38.082: [ParNew: 0K->0K(3072K), 0.0001829 secs]38.082: [CMS38.091: [CMS-concurrent-mark: 0.002/0.009 secs] [Times: user=0.00 sys=0.00, real=0.01 secs] 
 (concurrent mode failure): 4993K->897K(6848K), 0.0114645 secs] 4993K->897K(9920K), [Metaspace: 3664K->3664K(1056768K)], 0.0117316 secs] [Times: user=0.00 sys=0.00, real=0.01 secs] 
38.094: [GC (Allocation Failure) 38.094: [ParNew: 0K->0K(3072K), 0.0002862 secs]38.094: [CMS: 4993K->897K(6848K), 0.0021536 secs] 4993K->897K(9920K), [Metaspace: 3664K->3664K(1056768K)], 0.0025211 secs] [Times: user=0.00 sys=0.00, real=0.00 secs] 
38.097: [GC (CMS Initial Mark) [1 CMS-initial-mark: 4993K(6848K)] 4993K(9920K), 0.0001690 secs] [Times: user=0.00 sys=0.00, real=0.00 secs] 
38.097: [CMS-concurrent-mark-start]
38.097: [GC (Allocation Failure) 38.097: [ParNew: 0K->0K(3072K), 0.0002187 secs]38.097: [CMS38.112: [CMS-concurrent-mark: 0.007/0.015 secs] [Times: user=0.00 sys=0.00, real=0.02 secs] 
 (concurrent mode failure): 4993K->897K(6848K), 0.0215651 secs] 4993K->897K(9920K), [Metaspace: 3664K->3664K(1056768K)], 0.0218832 secs] [Times: user=0.02 sys=0.00, real=0.02 secs] 
38.120: [GC (Allocation Failure) 38.120: [ParNew: 0K->0K(3072K), 0.0004836 secs]38.120: [CMS: 4993K->897K(6848K), 0.0047551 secs] 4993K->897K(9920K), [Metaspace: 3664K->3664K(1056768K)], 0.0053943 secs] [Times: user=0.00 sys=0.00, real=0.01 secs] 
38.126: [GC (CMS Initial Mark) [1 CMS-initial-mark: 4993K(6848K)] 4993K(9920K), 0.0003101 secs] [Times: user=0.00 sys=0.00, real=0.00 secs] 
38.126: [CMS-concurrent-mark-start]
38.126: [GC (Allocation Failure) 38.127: [ParNew: 0K->0K(3072K), 0.0004914 secs]38.127: [CMS38.138: [CMS-concurrent-mark: 0.002/0.011 secs] [Times: user=0.00 sys=0.00, real=0.01 secs] 
 (concurrent mode failure): 4993K->897K(6848K), 0.0129646 secs] 4993K->897K(9920K), [Metaspace: 3664K->3664K(1056768K)], 0.0135732 secs] [Times: user=0.00 sys=0.00, real=0.01 secs] 
38.140: [GC (Allocation Failure) 38.140: [ParNew: 0K->0K(3072K), 0.0002414 secs]38.141: [CMS: 4993K->897K(6848K), 0.0020265 secs] 4993K->897K(9920K), [Metaspace: 3664K->3664K(1056768K)], 0.0023645 secs] [Times: user=0.00 sys=0.00, real=0.00 secs] 
38.143: [GC (CMS Initial Mark) [1 CMS-initial-mark: 4993K(6848K)] 4993K(9920K), 0.0002266 secs] [Times: user=0.00 sys=0.00, real=0.00 secs] 
38.144: [CMS-concurrent-mark-start]
38.144: [GC (Allocation Failure) 38.144: [ParNew: 0K->0K(3072K), 0.0003723 secs]38.144: [CMS38.154: [CMS-concurrent-mark: 0.002/0.010 secs] [Times: user=0.00 sys=0.00, real=0.01 secs] 
 (concurrent mode failure): 4993K->897K(6848K), 0.0125820 secs] 4993K->897K(9920K), [Metaspace: 3664K->3664K(1056768K)], 0.0130576 secs] [Times: user=0.00 sys=0.00, real=0.01 secs] 
38.157: [GC (Allocation Failure) 38.157: [ParNew: 0K->0K(3072K), 0.0002453 secs]38.157: [CMS: 4993K->897K(6848K), 0.0020619 secs] 4993K->897K(9920K), [Metaspace: 3664K->3664K(1056768K)], 0.0023886 secs] [Times: user=0.00 sys=0.00, real=0.00 secs] 
38.160: [GC (CMS Initial Mark) [1 CMS-initial-mark: 4993K(6848K)] 4993K(9920K), 0.0001548 secs] [Times: user=0.00 sys=0.00, real=0.00 secs] 
38.160: [CMS-concurrent-mark-start]
38.160: [GC (Allocation Failure) 38.160: [ParNew: 0K->0K(3072K), 0.0003992 secs]38.161: [CMS38.170: [CMS-concurrent-mark: 0.002/0.010 secs] [Times: user=0.00 sys=0.00, real=0.01 secs] 
 (concurrent mode failure): 4993K->897K(6848K), 0.0112085 secs] 4993K->897K(9920K), [Metaspace: 3664K->3664K(1056768K)], 0.0116949 secs] [Times: user=0.00 sys=0.00, real=0.01 secs] 
38.172: [GC (Allocation Failure) 38.172: [ParNew: 0K->0K(3072K), 0.0002579 secs]38.173: [CMS: 4993K->897K(6848K), 0.0019032 secs] 4993K->897K(9920K), [Metaspace: 3664K->3664K(1056768K)], 0.0022318 secs] [Times: user=0.00 sys=0.00, real=0.00 secs] 
38.175: [GC (CMS Initial Mark) [1 CMS-initial-mark: 4993K(6848K)] 4993K(9920K), 0.0001226 secs] [Times: user=0.00 sys=0.00, real=0.00 secs] 
38.175: [CMS-concurrent-mark-start]
38.175: [GC (Allocation Failure) 38.175: [ParNew: 0K->0K(3072K), 0.0002684 secs]38.176: [CMS38.185: [CMS-concurrent-mark: 0.001/0.010 secs] [Times: user=0.00 sys=0.00, real=0.01 secs] 
 (concurrent mode failure): 4993K->897K(6848K), 0.0120311 secs] 4993K->897K(9920K), [Metaspace: 3664K->3664K(1056768K)], 0.0123780 secs] [Times: user=0.00 sys=0.00, real=0.01 secs] 
38.188: [GC (Allocation Failure) 38.188: [ParNew: 0K->0K(3072K), 0.0002358 secs]38.188: [CMS: 4993K->897K(6848K), 0.0019062 secs] 4993K->897K(9920K), [Metaspace: 3664K->3664K(1056768K)], 0.0022180 secs] [Times: user=0.00 sys=0.00, real=0.00 secs] 
38.191: [GC (CMS Initial Mark) [1 CMS-initial-mark: 4993K(6848K)] 4993K(9920K), 0.0001362 secs] [Times: user=0.00 sys=0.00, real=0.00 secs] 
38.191: [CMS-concurrent-mark-start]
38.191: [GC (Allocation Failure) 38.191: [ParNew: 0K->0K(3072K), 0.0002056 secs]38.191: [CMS38.201: [CMS-concurrent-mark: 0.001/0.010 secs] [Times: user=0.00 sys=0.00, real=0.01 secs] 
 (concurrent mode failure): 4993K->897K(6848K), 0.0123985 secs] 4993K->897K(9920K), [Metaspace: 3664K->3664K(1056768K)], 0.0126931 secs] [Times: user=0.00 sys=0.00, real=0.01 secs] 
38.204: [GC (Allocation Failure) 38.204: [ParNew: 0K->0K(3072K), 0.0002272 secs]38.204: [CMS: 4993K->897K(6848K), 0.0019043 secs] 4993K->897K(9920K), [Metaspace: 3664K->3664K(1056768K)], 0.0021959 secs] [Times: user=0.00 sys=0.00, real=0.00 secs] 
38.206: [GC (CMS Initial Mark) [1 CMS-initial-mark: 4993K(6848K)] 4993K(9920K), 0.0000896 secs] [Times: user=0.00 sys=0.00, real=0.00 secs] 
38.207: [CMS-concurrent-mark-start]
38.207: [GC (Allocation Failure) 38.207: [ParNew: 0K->0K(3072K), 0.0002153 secs]38.207: [CMS38.217: [CMS-concurrent-mark: 0.002/0.010 secs] [Times: user=0.00 sys=0.00, real=0.01 secs] 
 (concurrent mode failure): 4993K->897K(6848K), 0.0121627 secs] 4993K->897K(9920K), [Metaspace: 3664K->3664K(1056768K)], 0.0124612 secs] [Times: user=0.00 sys=0.00, real=0.01 secs] 
38.219: [GC (Allocation Failure) 38.220: [ParNew: 0K->0K(3072K), 0.0002326 secs]38.220: [CMS: 4993K->897K(6848K), 0.0018580 secs] 4993K->897K(9920K), [Metaspace: 3664K->3664K(1056768K)], 0.0021596 secs] [Times: user=0.00 sys=0.00, real=0.00 secs] 
38.222: [GC (CMS Initial Mark) [1 CMS-initial-mark: 4993K(6848K)] 4993K(9920K), 0.0001033 secs] [Times: user=0.00 sys=0.00, real=0.00 secs] 
38.222: [CMS-concurrent-mark-start]
38.222: [GC (Allocation Failure) 38.222: [ParNew: 0K->0K(3072K), 0.0003033 secs]38.223: [CMS38.232: [CMS-concurrent-mark: 0.001/0.010 secs] [Times: user=0.00 sys=0.00, real=0.01 secs] 
 (concurrent mode failure): 4993K->897K(6848K), 0.0117125 secs] 4993K->897K(9920K), [Metaspace: 3664K->3664K(1056768K)], 0.0120846 secs] [Times: user=0.00 sys=0.00, real=0.01 secs] 
38.235: [GC (Allocation Failure) 38.235: [ParNew: 0K->0K(3072K), 0.0003107 secs]38.235: [CMS: 4993K->897K(6848K), 0.0020671 secs] 4993K->897K(9920K), [Metaspace: 3664K->3664K(1056768K)], 0.0024744 secs] [Times: user=0.00 sys=0.00, real=0.00 secs] 
38.238: [GC (CMS Initial Mark) [1 CMS-initial-mark: 4993K(6848K)] 4993K(9920K), 0.0001000 secs] [Times: user=0.00 sys=0.00, real=0.00 secs] 
38.238: [CMS-concurrent-mark-start]
38.238: [GC (Allocation Failure) 38.238: [ParNew: 0K->0K(3072K), 0.0002162 secs]38.238: [CMS38.248: [CMS-concurrent-mark: 0.002/0.010 secs] [Times: user=0.00 sys=0.00, real=0.01 secs] 
 (concurrent mode failure): 4993K->897K(6848K), 0.0118500 secs] 4993K->897K(9920K), [Metaspace: 3664K->3664K(1056768K)], 0.0121565 secs] [Times: user=0.00 sys=0.00, real=0.01 secs] 
38.250: [GC (Allocation Failure) 38.250: [ParNew: 0K->0K(3072K), 0.0002277 secs]38.251: [CMS: 4993K->897K(6848K), 0.0017302 secs] 4993K->897K(9920K), [Metaspace: 3664K->3664K(1056768K)], 0.0020166 secs] [Times: user=0.00 sys=0.00, real=0.00 secs] 
38.253: [GC (CMS Initial Mark) [1 CMS-initial-mark: 4993K(6848K)] 4993K(9920K), 0.0001619 secs] [Times: user=0.00 sys=0.00, real=0.00 secs] 
38.253: [CMS-concurrent-mark-start]
38.253: [GC (Allocation Failure) 38.253: [ParNew: 0K->0K(3072K), 0.0002266 secs]38.253: [CMS38.263: [CMS-concurrent-mark: 0.001/0.010 secs] [Times: user=0.00 sys=0.00, real=0.01 secs] 
 (concurrent mode failure): 4993K->897K(6848K), 0.0119476 secs] 4993K->897K(9920K), [Metaspace: 3664K->3664K(1056768K)], 0.0122532 secs] [Times: user=0.00 sys=0.00, real=0.01 secs] 
38.265: [GC (Allocation Failure) 38.265: [ParNew: 0K->0K(3072K), 0.0002233 secs]38.266: [CMS: 4993K->897K(6848K), 0.0017247 secs] 4993K->897K(9920K), [Metaspace: 3664K->3664K(1056768K)], 0.0020063 secs] [Times: user=0.00 sys=0.00, real=0.00 secs] 
38.268: [GC (CMS Initial Mark) [1 CMS-initial-mark: 4993K(6848K)] 4993K(9920K), 0.0001154 secs] [Times: user=0.00 sys=0.00, real=0.00 secs] 
38.268: [CMS-concurrent-mark-start]
38.268: [GC (Allocation Failure) 38.268: [ParNew: 0K->0K(3072K), 0.0001805 secs]38.268: [CMS38.278: [CMS-concurrent-mark: 0.002/0.010 secs] [Times: user=0.00 sys=0.00, real=0.01 secs] 
 (concurrent mode failure): 4993K->897K(6848K), 0.0124947 secs] 4993K->897K(9920K), [Metaspace: 3664K->3664K(1056768K)], 0.0127403 secs] [Times: user=0.00 sys=0.00, real=0.01 secs] 
38.281: [GC (Allocation Failure) 38.281: [ParNew: 0K->0K(3072K), 0.0001997 secs]38.281: [CMS: 4993K->897K(6848K), 0.0017924 secs] 4993K->897K(9920K), [Metaspace: 3664K->3664K(1056768K)], 0.0020578 secs] [Times: user=0.00 sys=0.00, real=0.00 secs] 
38.284: [GC (CMS Initial Mark) [1 CMS-initial-mark: 4993K(6848K)] 4993K(9920K), 0.0001166 secs] [Times: user=0.00 sys=0.00, real=0.00 secs] 
38.284: [CMS-concurrent-mark-start]
38.284: [GC (Allocation Failure) 38.284: [ParNew: 0K->0K(3072K), 0.0001879 secs]38.284: [CMS38.295: [CMS-concurrent-mark: 0.002/0.011 secs] [Times: user=0.00 sys=0.00, real=0.01 secs] 
 (concurrent mode failure): 4993K->897K(6848K), 0.0132994 secs] 4993K->897K(9920K), [Metaspace: 3664K->3664K(1056768K)], 0.0135775 secs] [Times: user=0.00 sys=0.00, real=0.01 secs] 
38.298: [GC (Allocation Failure) 38.298: [ParNew: 0K->0K(3072K), 0.0003903 secs]38.298: [CMS: 4993K->897K(6848K), 0.0019278 secs] 4993K->897K(9920K), [Metaspace: 3664K->3664K(1056768K)], 0.0023867 secs] [Times: user=0.00 sys=0.00, real=0.00 secs] 
38.301: [GC (CMS Initial Mark) [1 CMS-initial-mark: 4993K(6848K)] 4993K(9920K), 0.0001217 secs] [Times: user=0.00 sys=0.00, real=0.00 secs] 
38.301: [CMS-concurrent-mark-start]
38.301: [GC (Allocation Failure) 38.301: [ParNew: 0K->0K(3072K), 0.0002398 secs]38.301: [CMS38.309: [CMS-concurrent-mark: 0.002/0.009 secs] [Times: user=0.00 sys=0.00, real=0.01 secs] 
 (concurrent mode failure): 4993K->897K(6848K), 0.0112065 secs] 4993K->897K(9920K), [Metaspace: 3664K->3664K(1056768K)], 0.0115983 secs] [Times: user=0.00 sys=0.00, real=0.01 secs] 
38.313: [GC (Allocation Failure) 38.313: [ParNew: 0K->0K(3072K), 0.0002202 secs]38.313: [CMS: 4993K->897K(6848K), 0.0019689 secs] 4993K->897K(9920K), [Metaspace: 3664K->3664K(1056768K)], 0.0022620 secs] [Times: user=0.00 sys=0.00, real=0.00 secs] 
38.316: [GC (CMS Initial Mark) [1 CMS-initial-mark: 4993K(6848K)] 4993K(9920K), 0.0000850 secs] [Times: user=0.00 sys=0.00, real=0.00 secs] 
38.316: [CMS-concurrent-mark-start]
38.316: [GC (Allocation Failure) 38.316: [ParNew: 0K->0K(3072K), 0.0002015 secs]38.316: [CMS38.324: [CMS-concurrent-mark: 0.001/0.009 secs] [Times: user=0.00 sys=0.00, real=0.01 secs] 
 (concurrent mode failure): 4993K->897K(6848K), 0.0112033 secs] 4993K->897K(9920K), [Metaspace: 3664K->3664K(1056768K)], 0.0114918 secs] [Times: user=0.00 sys=0.00, real=0.01 secs] 
38.328: [GC (Allocation Failure) 38.328: [ParNew: 0K->0K(3072K), 0.0003349 secs]38.328: [CMS: 4993K->897K(6848K), 0.0019478 secs] 4993K->897K(9920K), [Metaspace: 3664K->3664K(1056768K)], 0.0023526 secs] [Times: user=0.00 sys=0.00, real=0.00 secs] 
38.330: [GC (CMS Initial Mark) [1 CMS-initial-mark: 4993K(6848K)] 4993K(9920K), 0.0001926 secs] [Times: user=0.00 sys=0.00, real=0.00 secs] 
38.331: [CMS-concurrent-mark-start]
38.331: [GC (Allocation Failure) 38.331: [ParNew: 0K->0K(3072K), 0.0002252 secs]38.331: [CMS38.341: [CMS-concurrent-mark: 0.002/0.010 secs] [Times: user=0.00 sys=0.00, real=0.01 secs] 
 (concurrent mode failure): 4993K->897K(6848K), 0.0130473 secs] 4993K->897K(9920K), [Metaspace: 3664K->3664K(1056768K)], 0.0134142 secs] [Times: user=0.00 sys=0.00, real=0.01 secs] 
38.345: [GC (Allocation Failure) 38.345: [ParNew: 0K->0K(3072K), 0.0002398 secs]38.345: [CMS: 4993K->897K(6848K), 0.0020260 secs] 4993K->897K(9920K), [Metaspace: 3664K->3664K(1056768K)], 0.0023390 secs] [Times: user=0.00 sys=0.00, real=0.00 secs] 
38.347: [GC (CMS Initial Mark) [1 CMS-initial-mark: 4993K(6848K)] 4993K(9920K), 0.0001407 secs] [Times: user=0.00 sys=0.00, real=0.00 secs] 
38.347: [CMS-concurrent-mark-start]
38.347: [GC (Allocation Failure) 38.347: [ParNew: 0K->0K(3072K), 0.0002277 secs]38.348: [CMS38.357: [CMS-concurrent-mark: 0.002/0.010 secs] [Times: user=0.00 sys=0.00, real=0.01 secs] 
 (concurrent mode failure): 4993K->897K(6848K), 0.0116317 secs] 4993K->897K(9920K), [Metaspace: 3664K->3664K(1056768K)], 0.0119375 secs] [Times: user=0.00 sys=0.00, real=0.01 secs] 
38.360: [GC (Allocation Failure) 38.360: [ParNew: 0K->0K(3072K), 0.0003244 secs]38.360: [CMS: 4993K->897K(6848K), 0.0024632 secs] 4993K->897K(9920K), [Metaspace: 3664K->3664K(1056768K)], 0.0029002 secs] [Times: user=0.00 sys=0.00, real=0.00 secs] 
38.363: [GC (CMS Initial Mark) [1 CMS-initial-mark: 4993K(6848K)] 4993K(9920K), 0.0001452 secs] [Times: user=0.00 sys=0.00, real=0.00 secs] 
38.363: [CMS-concurrent-mark-start]
38.363: [GC (Allocation Failure) 38.363: [ParNew: 0K->0K(3072K), 0.0002547 secs]38.364: [CMS38.373: [CMS-concurrent-mark: 0.002/0.010 secs] [Times: user=0.00 sys=0.00, real=0.01 secs] 
 (concurrent mode failure): 4993K->897K(6848K), 0.0123034 secs] 4993K->897K(9920K), [Metaspace: 3664K->3664K(1056768K)], 0.0126323 secs] [Times: user=0.00 sys=0.00, real=0.01 secs] 
38.376: [GC (Allocation Failure) 38.376: [ParNew: 0K->0K(3072K), 0.0003791 secs]38.377: [CMS: 4993K->897K(6848K), 0.0022042 secs] 4993K->897K(9920K), [Metaspace: 3664K->3664K(1056768K)], 0.0026783 secs] [Times: user=0.00 sys=0.00, real=0.00 secs] 
38.379: [GC (CMS Initial Mark) [1 CMS-initial-mark: 4993K(6848K)] 4993K(9920K), 0.0001252 secs] [Times: user=0.00 sys=0.00, real=0.00 secs] 
38.380: [CMS-concurrent-mark-start]
38.380: [GC (Allocation Failure) 38.380: [ParNew: 0K->0K(3072K), 0.0002873 secs]38.380: [CMS38.389: [CMS-concurrent-mark: 0.002/0.009 secs] [Times: user=0.01 sys=0.00, real=0.01 secs] 
 (concurrent mode failure): 4993K->897K(6848K), 0.0108692 secs] 4993K->897K(9920K), [Metaspace: 3664K->3664K(1056768K)], 0.0112409 secs] [Times: user=0.00 sys=0.00, real=0.01 secs] 
38.391: [GC (Allocation Failure) 38.391: [ParNew: 0K->0K(3072K), 0.0002142 secs]38.392: [CMS: 4993K->897K(6848K), 0.0030737 secs] 4993K->897K(9920K), [Metaspace: 3664K->3664K(1056768K)], 0.0033656 secs] [Times: user=0.00 sys=0.00, real=0.00 secs] 
38.395: [GC (CMS Initial Mark) [1 CMS-initial-mark: 4993K(6848K)] 4993K(9920K), 0.0002052 secs] [Times: user=0.00 sys=0.00, real=0.00 secs] 
38.395: [CMS-concurrent-mark-start]
38.395: [GC (Allocation Failure) 38.395: [ParNew: 0K->0K(3072K), 0.0002219 secs]38.396: [CMS38.404: [CMS-concurrent-mark: 0.001/0.009 secs] [Times: user=0.00 sys=0.02, real=0.01 secs] 
 (concurrent mode failure): 4993K->897K(6848K), 0.0108982 secs] 4993K->897K(9920K), [Metaspace: 3664K->3664K(1056768K)], 0.0111891 secs] [Times: user=0.00 sys=0.02, real=0.01 secs] 
38.407: [GC (Allocation Failure) 38.407: [ParNew: 0K->0K(3072K), 0.0002125 secs]38.407: [CMS: 4993K->897K(6848K), 0.0021774 secs] 4993K->897K(9920K), [Metaspace: 3664K->3664K(1056768K)], 0.0024722 secs] [Times: user=0.00 sys=0.00, real=0.00 secs] 
38.410: [GC (CMS Initial Mark) [1 CMS-initial-mark: 4993K(6848K)] 4993K(9920K), 0.0002490 secs] [Times: user=0.00 sys=0.00, real=0.00 secs] 
38.410: [CMS-concurrent-mark-start]
38.410: [GC (Allocation Failure) 38.410: [ParNew: 0K->0K(3072K), 0.0003908 secs]38.411: [CMS38.419: [CMS-concurrent-mark: 0.002/0.009 secs] [Times: user=0.00 sys=0.00, real=0.01 secs] 
 (concurrent mode failure): 4993K->897K(6848K), 0.0108313 secs] 4993K->897K(9920K), [Metaspace: 3664K->3664K(1056768K)], 0.0113322 secs] [Times: user=0.00 sys=0.00, real=0.01 secs] 
38.422: [GC (Allocation Failure) 38.422: [ParNew: 0K->0K(3072K), 0.0002194 secs]38.422: [CMS: 4993K->897K(6848K), 0.0018836 secs] 4993K->897K(9920K), [Metaspace: 3664K->3664K(1056768K)], 0.0021743 secs] [Times: user=0.00 sys=0.00, real=0.00 secs] 
38.424: [GC (CMS Initial Mark) [1 CMS-initial-mark: 4993K(6848K)] 4993K(9920K), 0.0001133 secs] [Times: user=0.00 sys=0.00, real=0.00 secs] 
38.425: [CMS-concurrent-mark-start]
38.425: [GC (Allocation Failure) 38.425: [ParNew: 0K->0K(3072K), 0.0002279 secs]38.425: [CMS38.435: [CMS-concurrent-mark: 0.002/0.010 secs] [Times: user=0.00 sys=0.00, real=0.01 secs] 
 (concurrent mode failure): 4993K->897K(6848K), 0.0120685 secs] 4993K->897K(9920K), [Metaspace: 3664K->3664K(1056768K)], 0.0123720 secs] [Times: user=0.00 sys=0.00, real=0.01 secs] 
38.437: [GC (Allocation Failure) 38.437: [ParNew: 0K->0K(3072K), 0.0003497 secs]38.438: [CMS: 4993K->897K(6848K), 0.0019065 secs] 4993K->897K(9920K), [Metaspace: 3664K->3664K(1056768K)], 0.0023226 secs] [Times: user=0.00 sys=0.00, real=0.00 secs] 
38.440: [GC (CMS Initial Mark) [1 CMS-initial-mark: 4993K(6848K)] 4993K(9920K), 0.0001361 secs] [Times: user=0.00 sys=0.00, real=0.00 secs] 
38.440: [CMS-concurrent-mark-start]
38.440: [GC (Allocation Failure) 38.440: [ParNew: 0K->0K(3072K), 0.0002173 secs]38.441: [CMS38.450: [CMS-concurrent-mark: 0.002/0.010 secs] [Times: user=0.00 sys=0.00, real=0.01 secs] 
 (concurrent mode failure): 4993K->897K(6848K), 0.0113654 secs] 4993K->897K(9920K), [Metaspace: 3664K->3664K(1056768K)], 0.0116525 secs] [Times: user=0.00 sys=0.00, real=0.01 secs] 
38.452: [GC (Allocation Failure) 38.453: [ParNew: 0K->0K(3072K), 0.0002962 secs]38.453: [CMS: 4993K->897K(6848K), 0.0026141 secs] 4993K->897K(9920K), [Metaspace: 3664K->3664K(1056768K)], 0.0030005 secs] [Times: user=0.00 sys=0.00, real=0.00 secs] 
38.456: [GC (CMS Initial Mark) [1 CMS-initial-mark: 4993K(6848K)] 4993K(9920K), 0.0003650 secs] [Times: user=0.00 sys=0.00, real=0.00 secs] 
38.456: [CMS-concurrent-mark-start]
38.456: [GC (Allocation Failure) 38.456: [ParNew: 0K->0K(3072K), 0.0002337 secs]38.457: [CMS38.466: [CMS-concurrent-mark: 0.001/0.009 secs] [Times: user=0.00 sys=0.00, real=0.01 secs] 
 (concurrent mode failure): 4993K->897K(6848K), 0.0111508 secs] 4993K->897K(9920K), [Metaspace: 3664K->3664K(1056768K)], 0.0115181 secs] [Times: user=0.00 sys=0.00, real=0.01 secs] 
38.468: [GC (Allocation Failure) 38.468: [ParNew: 0K->0K(3072K), 0.0002347 secs]38.469: [CMS: 4993K->897K(6848K), 0.0019722 secs] 4993K->897K(9920K), [Metaspace: 3664K->3664K(1056768K)], 0.0022758 secs] [Times: user=0.00 sys=0.00, real=0.00 secs] 
38.471: [GC (CMS Initial Mark) [1 CMS-initial-mark: 4993K(6848K)] 4993K(9920K), 0.0001683 secs] [Times: user=0.00 sys=0.00, real=0.00 secs] 
38.471: [CMS-concurrent-mark-start]
38.471: [GC (Allocation Failure) 38.471: [ParNew: 0K->0K(3072K), 0.0003109 secs]38.472: [CMS38.482: [CMS-concurrent-mark: 0.001/0.010 secs] [Times: user=0.00 sys=0.00, real=0.01 secs] 
 (concurrent mode failure): 4993K->897K(6848K), 0.0122852 secs] 4993K->897K(9920K), [Metaspace: 3664K->3664K(1056768K)], 0.0126792 secs] [Times: user=0.00 sys=0.00, real=0.01 secs] 
38.484: [GC (Allocation Failure) 38.484: [ParNew: 0K->0K(3072K), 0.0002351 secs]38.484: [CMS: 4993K->897K(6848K), 0.0017062 secs] 4993K->897K(9920K), [Metaspace: 3664K->3664K(1056768K)], 0.0020049 secs] [Times: user=0.00 sys=0.00, real=0.00 secs] 
38.487: [GC (CMS Initial Mark) [1 CMS-initial-mark: 4993K(6848K)] 4993K(9920K), 0.0000758 secs] [Times: user=0.00 sys=0.00, real=0.00 secs] 
38.487: [CMS-concurrent-mark-start]
38.487: [GC (Allocation Failure) 38.487: [ParNew: 0K->0K(3072K), 0.0002200 secs]38.487: [CMS38.498: [CMS-concurrent-mark: 0.001/0.011 secs] [Times: user=0.00 sys=0.00, real=0.01 secs] 
 (concurrent mode failure): 4993K->897K(6848K), 0.0135082 secs] 4993K->897K(9920K), [Metaspace: 3664K->3664K(1056768K)], 0.0138136 secs] [Times: user=0.00 sys=0.00, real=0.01 secs] 
38.501: [GC (Allocation Failure) 38.501: [ParNew: 0K->0K(3072K), 0.0002857 secs]38.501: [CMS: 4993K->897K(6848K), 0.0017681 secs] 4993K->897K(9920K), [Metaspace: 3664K->3664K(1056768K)], 0.0021304 secs] [Times: user=0.00 sys=0.00, real=0.00 secs] 
38.503: [GC (CMS Initial Mark) [1 CMS-initial-mark: 4993K(6848K)] 4993K(9920K), 0.0001021 secs] [Times: user=0.00 sys=0.00, real=0.00 secs] 
38.504: [CMS-concurrent-mark-start]
38.504: [GC (Allocation Failure) 38.504: [ParNew: 0K->0K(3072K), 0.0002739 secs]38.504: [CMS38.514: [CMS-concurrent-mark: 0.001/0.010 secs] [Times: user=0.00 sys=0.00, real=0.01 secs] 
 (concurrent mode failure): 4993K->897K(6848K), 0.0120176 secs] 4993K->897K(9920K), [Metaspace: 3664K->3664K(1056768K)], 0.0123632 secs] [Times: user=0.00 sys=0.00, real=0.01 secs] 
38.516: [GC (Allocation Failure) 38.516: [ParNew: 0K->0K(3072K), 0.0002669 secs]38.517: [CMS: 4993K->897K(6848K), 0.0016785 secs] 4993K->897K(9920K), [Metaspace: 3664K->3664K(1056768K)], 0.0020173 secs] [Times: user=0.00 sys=0.00, real=0.00 secs] 
38.519: [GC (CMS Initial Mark) [1 CMS-initial-mark: 4993K(6848K)] 4993K(9920K), 0.0001986 secs] [Times: user=0.00 sys=0.00, real=0.00 secs] 
38.519: [CMS-concurrent-mark-start]
38.519: [GC (Allocation Failure) 38.519: [ParNew: 0K->0K(3072K), 0.0003059 secs]38.519: [CMS38.529: [CMS-concurrent-mark: 0.001/0.010 secs] [Times: user=0.00 sys=0.00, real=0.01 secs] 
 (concurrent mode failure): 4993K->897K(6848K), 0.0117956 secs] 4993K->897K(9920K), [Metaspace: 3664K->3664K(1056768K)], 0.0121870 secs] [Times: user=0.00 sys=0.00, real=0.01 secs] 
38.532: [GC (Allocation Failure) 38.532: [ParNew: 0K->0K(3072K), 0.0002735 secs]38.532: [CMS: 4993K->897K(6848K), 0.0020596 secs] 4993K->897K(9920K), [Metaspace: 3664K->3664K(1056768K)], 0.0024097 secs] [Times: user=0.00 sys=0.00, real=0.00 secs] 
38.534: [GC (CMS Initial Mark) [1 CMS-initial-mark: 4993K(6848K)] 4993K(9920K), 0.0001342 secs] [Times: user=0.00 sys=0.00, real=0.00 secs] 
38.535: [CMS-concurrent-mark-start]
38.535: [GC (Allocation Failure) 38.535: [ParNew: 0K->0K(3072K), 0.0002064 secs]38.535: [CMS38.545: [CMS-concurrent-mark: 0.002/0.010 secs] [Times: user=0.00 sys=0.00, real=0.01 secs] 
 (concurrent mode failure): 4993K->897K(6848K), 0.0123338 secs] 4993K->897K(9920K), [Metaspace: 3664K->3664K(1056768K)], 0.0126212 secs] [Times: user=0.00 sys=0.00, real=0.01 secs] 
38.548: [GC (Allocation Failure) 38.548: [ParNew: 0K->0K(3072K), 0.0002877 secs]38.548: [CMS: 4993K->897K(6848K), 0.0020071 secs] 4993K->897K(9920K), [Metaspace: 3664K->3664K(1056768K)], 0.0023662 secs] [Times: user=0.00 sys=0.00, real=0.00 secs] 
38.551: [GC (CMS Initial Mark) [1 CMS-initial-mark: 4993K(6848K)] 4993K(9920K), 0.0001141 secs] [Times: user=0.00 sys=0.00, real=0.00 secs] 
38.551: [CMS-concurrent-mark-start]
38.551: [GC (Allocation Failure) 38.551: [ParNew: 0K->0K(3072K), 0.0002178 secs]38.551: [CMS38.561: [CMS-concurrent-mark: 0.002/0.010 secs] [Times: user=0.00 sys=0.00, real=0.01 secs] 
 (concurrent mode failure): 4993K->897K(6848K), 0.0126152 secs] 4993K->897K(9920K), [Metaspace: 3664K->3664K(1056768K)], 0.0129081 secs] [Times: user=0.00 sys=0.00, real=0.01 secs] 
38.564: [GC (Allocation Failure) 38.564: [ParNew: 0K->0K(3072K), 0.0002455 secs]38.565: [CMS: 4993K->897K(6848K), 0.0018401 secs] 4993K->897K(9920K), [Metaspace: 3664K->3664K(1056768K)], 0.0021500 secs] [Times: user=0.00 sys=0.00, real=0.00 secs] 
38.567: [GC (CMS Initial Mark) [1 CMS-initial-mark: 4993K(6848K)] 4993K(9920K), 0.0001610 secs] [Times: user=0.00 sys=0.02, real=0.00 secs] 
38.567: [CMS-concurrent-mark-start]
38.567: [GC (Allocation Failure) 38.567: [ParNew: 0K->0K(3072K), 0.0002363 secs]38.567: [CMS38.576: [CMS-concurrent-mark: 0.002/0.009 secs] [Times: user=0.00 sys=0.00, real=0.01 secs] 
 (concurrent mode failure): 4993K->897K(6848K), 0.0116180 secs] 4993K->897K(9920K), [Metaspace: 3664K->3664K(1056768K)], 0.0119397 secs] [Times: user=0.00 sys=0.00, real=0.01 secs] 
38.580: [GC (Allocation Failure) 38.580: [ParNew: 0K->0K(3072K), 0.0002178 secs]38.580: [CMS: 4993K->897K(6848K), 0.0018686 secs] 4993K->897K(9920K), [Metaspace: 3664K->3664K(1056768K)], 0.0021437 secs] [Times: user=0.00 sys=0.00, real=0.00 secs] 
38.582: [GC (CMS Initial Mark) [1 CMS-initial-mark: 4993K(6848K)] 4993K(9920K), 0.0001120 secs] [Times: user=0.00 sys=0.00, real=0.00 secs] 
38.582: [CMS-concurrent-mark-start]
38.582: [GC (Allocation Failure) 38.582: [ParNew: 0K->0K(3072K), 0.0002599 secs]38.583: [CMS38.592: [CMS-concurrent-mark: 0.002/0.009 secs] [Times: user=0.00 sys=0.00, real=0.01 secs] 
 (concurrent mode failure): 4993K->897K(6848K), 0.0123856 secs] 4993K->897K(9920K), [Metaspace: 3664K->3664K(1056768K)], 0.0127510 secs] [Times: user=0.00 sys=0.00, real=0.01 secs] 
38.595: [GC (Allocation Failure) 38.596: [ParNew: 0K->0K(3072K), 0.0002631 secs]38.596: [CMS: 4993K->897K(6848K), 0.0019785 secs] 4993K->897K(9920K), [Metaspace: 3664K->3664K(1056768K)], 0.0023261 secs] [Times: user=0.00 sys=0.00, real=0.00 secs] 
38.598: [GC (CMS Initial Mark) [1 CMS-initial-mark: 4993K(6848K)] 4993K(9920K), 0.0000786 secs] [Times: user=0.00 sys=0.00, real=0.00 secs] 
38.598: [CMS-concurrent-mark-start]
38.598: [GC (Allocation Failure) 38.598: [ParNew: 0K->0K(3072K), 0.0002109 secs]38.599: [CMS38.607: [CMS-concurrent-mark: 0.001/0.009 secs] [Times: user=0.00 sys=0.00, real=0.01 secs] 
 (concurrent mode failure): 4993K->897K(6848K), 0.0109840 secs] 4993K->897K(9920K), [Metaspace: 3664K->3664K(1056768K)], 0.0112692 secs] [Times: user=0.00 sys=0.00, real=0.01 secs] 
38.610: [GC (Allocation Failure) 38.610: [ParNew: 0K->0K(3072K), 0.0004667 secs]38.611: [CMS: 4993K->897K(6848K), 0.0021394 secs] 4993K->897K(9920K), [Metaspace: 3664K->3664K(1056768K)], 0.0027279 secs] [Times: user=0.00 sys=0.00, real=0.00 secs] 
38.613: [GC (CMS Initial Mark) [1 CMS-initial-mark: 4993K(6848K)] 4993K(9920K), 0.0001232 secs] [Times: user=0.00 sys=0.00, real=0.00 secs] 
38.613: [CMS-concurrent-mark-start]
38.613: [GC (Allocation Failure) 38.613: [ParNew: 0K->0K(3072K), 0.0002208 secs]38.614: [CMS38.623: [CMS-concurrent-mark: 0.001/0.010 secs] [Times: user=0.00 sys=0.00, real=0.01 secs] 
 (concurrent mode failure): 4993K->897K(6848K), 0.0121836 secs] 4993K->897K(9920K), [Metaspace: 3664K->3664K(1056768K)], 0.0124726 secs] [Times: user=0.00 sys=0.00, real=0.01 secs] 
38.626: [GC (Allocation Failure) 38.626: [ParNew: 0K->0K(3072K), 0.0002554 secs]38.626: [CMS: 4993K->897K(6848K), 0.0018846 secs] 4993K->897K(9920K), [Metaspace: 3664K->3664K(1056768K)], 0.0022677 secs] [Times: user=0.00 sys=0.00, real=0.00 secs] 
38.629: [GC (CMS Initial Mark) [1 CMS-initial-mark: 4993K(6848K)] 4993K(9920K), 0.0001492 secs] [Times: user=0.00 sys=0.00, real=0.00 secs] 
38.629: [CMS-concurrent-mark-start]
38.629: [GC (Allocation Failure) 38.629: [ParNew: 0K->0K(3072K), 0.0001964 secs]38.629: [CMS38.639: [CMS-concurrent-mark: 0.002/0.010 secs] [Times: user=0.00 sys=0.00, real=0.01 secs] 
 (concurrent mode failure): 4993K->897K(6848K), 0.0116108 secs] 4993K->897K(9920K), [Metaspace: 3664K->3664K(1056768K)], 0.0118860 secs] [Times: user=0.00 sys=0.00, real=0.01 secs] 
38.641: [GC (Allocation Failure) 38.641: [ParNew: 0K->0K(3072K), 0.0002897 secs]38.642: [CMS: 4993K->897K(6848K), 0.0025770 secs] 4993K->897K(9920K), [Metaspace: 3664K->3664K(1056768K)], 0.0029922 secs] [Times: user=0.00 sys=0.00, real=0.00 secs] 
38.645: [GC (CMS Initial Mark) [1 CMS-initial-mark: 4993K(6848K)] 4993K(9920K), 0.0001301 secs] [Times: user=0.00 sys=0.00, real=0.00 secs] 
38.645: [CMS-concurrent-mark-start]
38.645: [GC (Allocation Failure) 38.645: [ParNew: 0K->0K(3072K), 0.0002143 secs]38.645: [CMS38.653: [CMS-concurrent-mark: 0.002/0.008 secs] [Times: user=0.00 sys=0.00, real=0.01 secs] 
 (concurrent mode failure): 4993K->897K(6848K), 0.0104046 secs] 4993K->897K(9920K), [Metaspace: 3664K->3664K(1056768K)], 0.0107022 secs] [Times: user=0.00 sys=0.00, real=0.01 secs] 
38.656: [GC (Allocation Failure) 38.656: [ParNew: 0K->0K(3072K), 0.0002364 secs]38.656: [CMS: 4993K->897K(6848K), 0.0017913 secs] 4993K->897K(9920K), [Metaspace: 3664K->3664K(1056768K)], 0.0020939 secs] [Times: user=0.00 sys=0.00, real=0.00 secs] 
38.658: [GC (CMS Initial Mark) [1 CMS-initial-mark: 4993K(6848K)] 4993K(9920K), 0.0001314 secs] [Times: user=0.00 sys=0.00, real=0.00 secs] 
38.659: [CMS-concurrent-mark-start]
38.659: [GC (Allocation Failure) 38.659: [ParNew: 0K->0K(3072K), 0.0002675 secs]38.659: [CMS38.668: [CMS-concurrent-mark: 0.002/0.010 secs] [Times: user=0.00 sys=0.00, real=0.01 secs] 
 (concurrent mode failure): 4993K->897K(6848K), 0.0118197 secs] 4993K->897K(9920K), [Metaspace: 3664K->3664K(1056768K)], 0.0121623 secs] [Times: user=0.00 sys=0.00, real=0.01 secs] 
38.671: [GC (Allocation Failure) 38.671: [ParNew: 0K->0K(3072K), 0.0002360 secs]38.671: [CMS: 4993K->897K(6848K), 0.0019340 secs] 4993K->897K(9920K), [Metaspace: 3664K->3664K(1056768K)], 0.0022398 secs] [Times: user=0.00 sys=0.00, real=0.00 secs] 
38.674: [GC (CMS Initial Mark) [1 CMS-initial-mark: 4993K(6848K)] 4993K(9920K), 0.0001549 secs] [Times: user=0.00 sys=0.00, real=0.00 secs] 
38.674: [CMS-concurrent-mark-start]
38.674: [GC (Allocation Failure) 38.674: [ParNew: 0K->0K(3072K), 0.0003242 secs]38.674: [CMS38.684: [CMS-concurrent-mark: 0.001/0.010 secs] [Times: user=0.00 sys=0.00, real=0.01 secs] 
 (concurrent mode failure): 4993K->897K(6848K), 0.0120615 secs] 4993K->897K(9920K), [Metaspace: 3664K->3664K(1056768K)], 0.0124546 secs] [Times: user=0.00 sys=0.00, real=0.01 secs] 
38.687: [GC (Allocation Failure) 38.687: [ParNew: 0K->0K(3072K), 0.0002372 secs]38.687: [CMS: 4993K->897K(6848K), 0.0016169 secs] 4993K->897K(9920K), [Metaspace: 3664K->3664K(1056768K)], 0.0019138 secs] [Times: user=0.00 sys=0.00, real=0.00 secs] 
38.689: [GC (CMS Initial Mark) [1 CMS-initial-mark: 4993K(6848K)] 4993K(9920K), 0.0000703 secs] [Times: user=0.00 sys=0.00, real=0.00 secs] 
38.689: [CMS-concurrent-mark-start]
38.689: [GC (Allocation Failure) 38.689: [ParNew: 0K->0K(3072K), 0.0001792 secs]38.689: [CMS38.700: [CMS-concurrent-mark: 0.001/0.011 secs] [Times: user=0.00 sys=0.00, real=0.01 secs] 
 (concurrent mode failure): 4993K->897K(6848K), 0.0132020 secs] 4993K->897K(9920K), [Metaspace: 3664K->3664K(1056768K)], 0.0134674 secs] [Times: user=0.00 sys=0.00, real=0.01 secs] 
38.703: [GC (Allocation Failure) 38.703: [ParNew: 0K->0K(3072K), 0.0002552 secs]38.703: [CMS: 4993K->897K(6848K), 0.0018873 secs] 4993K->897K(9920K), [Metaspace: 3664K->3664K(1056768K)], 0.0022168 secs] [Times: user=0.00 sys=0.00, real=0.00 secs] 
38.705: [GC (CMS Initial Mark) [1 CMS-initial-mark: 4993K(6848K)] 4993K(9920K), 0.0001052 secs] [Times: user=0.00 sys=0.00, real=0.00 secs] 
38.706: [CMS-concurrent-mark-start]
38.706: [GC (Allocation Failure) 38.706: [ParNew: 0K->0K(3072K), 0.0002268 secs]38.706: [CMS38.716: [CMS-concurrent-mark: 0.001/0.010 secs] [Times: user=0.00 sys=0.00, real=0.01 secs] 
 (concurrent mode failure): 4993K->897K(6848K), 0.0118789 secs] 4993K->897K(9920K), [Metaspace: 3664K->3664K(1056768K)], 0.0121759 secs] [Times: user=0.00 sys=0.00, real=0.01 secs] 
38.718: [GC (Allocation Failure) 38.718: [ParNew: 0K->0K(3072K), 0.0002232 secs]38.718: [CMS: 4993K->897K(6848K), 0.0018750 secs] 4993K->897K(9920K), [Metaspace: 3664K->3664K(1056768K)], 0.0021619 secs] [Times: user=0.00 sys=0.00, real=0.00 secs] 
38.721: [GC (CMS Initial Mark) [1 CMS-initial-mark: 4993K(6848K)] 4993K(9920K), 0.0001156 secs] [Times: user=0.00 sys=0.00, real=0.00 secs] 
38.721: [CMS-concurrent-mark-start]
38.721: [GC (Allocation Failure) 38.721: [ParNew: 0K->0K(3072K), 0.0002060 secs]38.721: [CMS38.731: [CMS-concurrent-mark: 0.002/0.010 secs] [Times: user=0.00 sys=0.00, real=0.01 secs] 
 (concurrent mode failure): 4993K->897K(6848K), 0.0122854 secs] 4993K->897K(9920K), [Metaspace: 3664K->3664K(1056768K)], 0.0125675 secs] [Times: user=0.00 sys=0.00, real=0.01 secs] 
38.734: [GC (Allocation Failure) 38.734: [ParNew: 0K->0K(3072K), 0.0002258 secs]38.734: [CMS: 4993K->897K(6848K), 0.0018645 secs] 4993K->897K(9920K), [Metaspace: 3664K->3664K(1056768K)], 0.0021592 secs] [Times: user=0.00 sys=0.00, real=0.00 secs] 
38.736: [GC (CMS Initial Mark) [1 CMS-initial-mark: 4993K(6848K)] 4993K(9920K), 0.0001234 secs] [Times: user=0.00 sys=0.00, real=0.00 secs] 
38.736: [CMS-concurrent-mark-start]
38.736: [GC (Allocation Failure) 38.736: [ParNew: 0K->0K(3072K), 0.0002139 secs]38.737: [CMS38.746: [CMS-concurrent-mark: 0.002/0.010 secs] [Times: user=0.00 sys=0.00, real=0.01 secs] 
 (concurrent mode failure): 4993K->897K(6848K), 0.0118498 secs] 4993K->897K(9920K), [Metaspace: 3664K->3664K(1056768K)], 0.0121354 secs] [Times: user=0.00 sys=0.00, real=0.01 secs] 
38.749: [GC (Allocation Failure) 38.749: [ParNew: 0K->0K(3072K), 0.0001819 secs]38.749: [CMS: 4993K->897K(6848K), 0.0015948 secs] 4993K->897K(9920K), [Metaspace: 3664K->3664K(1056768K)], 0.0018319 secs] [Times: user=0.00 sys=0.00, real=0.00 secs] 
38.751: [GC (CMS Initial Mark) [1 CMS-initial-mark: 4993K(6848K)] 4993K(9920K), 0.0000658 secs] [Times: user=0.00 sys=0.00, real=0.00 secs] 
38.751: [CMS-concurrent-mark-start]
38.751: [GC (Allocation Failure) 38.751: [ParNew: 0K->0K(3072K), 0.0001678 secs]38.751: [CMS38.762: [CMS-concurrent-mark: 0.002/0.011 secs] [Times: user=0.00 sys=0.00, real=0.01 secs] 
 (concurrent mode failure): 4993K->897K(6848K), 0.0131815 secs] 4993K->897K(9920K), [Metaspace: 3664K->3664K(1056768K)], 0.0134141 secs] [Times: user=0.00 sys=0.00, real=0.01 secs] 
38.765: [GC (Allocation Failure) 38.765: [ParNew: 0K->0K(3072K), 0.0002037 secs]38.765: [CMS: 4993K->897K(6848K), 0.0018162 secs] 4993K->897K(9920K), [Metaspace: 3664K->3664K(1056768K)], 0.0020849 secs] [Times: user=0.00 sys=0.00, real=0.00 secs] 
38.767: [GC (CMS Initial Mark) [1 CMS-initial-mark: 4993K(6848K)] 4993K(9920K), 0.0001158 secs] [Times: user=0.00 sys=0.00, real=0.00 secs] 
38.767: [CMS-concurrent-mark-start]
38.767: [GC (Allocation Failure) 38.767: [ParNew: 0K->0K(3072K), 0.0001780 secs]38.768: [CMS38.777: [CMS-concurrent-mark: 0.001/0.010 secs] [Times: user=0.00 sys=0.00, real=0.01 secs] 
 (concurrent mode failure): 4993K->897K(6848K), 0.0117024 secs] 4993K->897K(9920K), [Metaspace: 3664K->3664K(1056768K)], 0.0119425 secs] [Times: user=0.00 sys=0.00, real=0.01 secs] 
38.780: [GC (Allocation Failure) 38.780: [ParNew: 0K->0K(3072K), 0.0002390 secs]38.780: [CMS: 4993K->897K(6848K), 0.0017105 secs] 4993K->897K(9920K), [Metaspace: 3664K->3664K(1056768K)], 0.0020134 secs] [Times: user=0.00 sys=0.00, real=0.00 secs] 
38.782: [GC (CMS Initial Mark) [1 CMS-initial-mark: 4993K(6848K)] 4993K(9920K), 0.0001148 secs] [Times: user=0.00 sys=0.00, real=0.00 secs] 
38.782: [CMS-concurrent-mark-start]
38.782: [GC (Allocation Failure) 38.782: [ParNew: 0K->0K(3072K), 0.0002639 secs]38.783: [CMS38.793: [CMS-concurrent-mark: 0.002/0.011 secs] [Times: user=0.00 sys=0.00, real=0.01 secs] 
 (concurrent mode failure): 4993K->897K(6848K), 0.0136256 secs] 4993K->897K(9920K), [Metaspace: 3664K->3664K(1056768K)], 0.0139669 secs] [Times: user=0.00 sys=0.00, real=0.01 secs] 
38.797: [GC (Allocation Failure) 38.797: [ParNew: 0K->0K(3072K), 0.0002336 secs]38.797: [CMS: 4993K->897K(6848K), 0.0018536 secs] 4993K->897K(9920K), [Metaspace: 3664K->3664K(1056768K)], 0.0021458 secs] [Times: user=0.00 sys=0.00, real=0.00 secs] 
38.799: [GC (CMS Initial Mark) [1 CMS-initial-mark: 4993K(6848K)] 4993K(9920K), 0.0001183 secs] [Times: user=0.00 sys=0.00, real=0.00 secs] 
38.799: [CMS-concurrent-mark-start]
38.799: [GC (Allocation Failure) 38.799: [ParNew: 0K->0K(3072K), 0.0001966 secs]38.799: [CMS38.809: [CMS-concurrent-mark: 0.002/0.009 secs] [Times: user=0.00 sys=0.00, real=0.01 secs] 
 (concurrent mode failure): 4993K->897K(6848K), 0.0124525 secs] 4993K->897K(9920K), [Metaspace: 3664K->3664K(1056768K)], 0.0127318 secs] [Times: user=0.00 sys=0.00, real=0.01 secs] 
38.812: [GC (Allocation Failure) 38.812: [ParNew: 0K->0K(3072K), 0.0002622 secs]38.813: [CMS: 4993K->897K(6848K), 0.0019805 secs] 4993K->897K(9920K), [Metaspace: 3664K->3664K(1056768K)], 0.0023112 secs] [Times: user=0.00 sys=0.00, real=0.00 secs] 
38.815: [GC (CMS Initial Mark) [1 CMS-initial-mark: 4993K(6848K)] 4993K(9920K), 0.0001176 secs] [Times: user=0.00 sys=0.00, real=0.00 secs] 
38.815: [CMS-concurrent-mark-start]
38.815: [GC (Allocation Failure) 38.815: [ParNew: 0K->0K(3072K), 0.0002069 secs]38.815: [CMS38.825: [CMS-concurrent-mark: 0.002/0.010 secs] [Times: user=0.00 sys=0.00, real=0.01 secs] 
 (concurrent mode failure): 4993K->897K(6848K), 0.0124131 secs] 4993K->897K(9920K), [Metaspace: 3664K->3664K(1056768K)], 0.0127131 secs] [Times: user=0.00 sys=0.00, real=0.01 secs] 
38.828: [GC (Allocation Failure) 38.828: [ParNew: 0K->0K(3072K), 0.0003240 secs]38.829: [CMS: 4993K->897K(6848K), 0.0018482 secs] 4993K->897K(9920K), [Metaspace: 3664K->3664K(1056768K)], 0.0022351 secs] [Times: user=0.00 sys=0.00, real=0.00 secs] 
38.831: [GC (CMS Initial Mark) [1 CMS-initial-mark: 4993K(6848K)] 4993K(9920K), 0.0001463 secs] [Times: user=0.00 sys=0.00, real=0.00 secs] 
38.831: [CMS-concurrent-mark-start]
38.831: [GC (Allocation Failure) 38.831: [ParNew: 0K->0K(3072K), 0.0001854 secs]38.831: [CMS38.841: [CMS-concurrent-mark: 0.001/0.010 secs] [Times: user=0.00 sys=0.00, real=0.01 secs] 
 (concurrent mode failure): 4993K->897K(6848K), 0.0122506 secs] 4993K->897K(9920K), [Metaspace: 3664K->3664K(1056768K)], 0.0125142 secs] [Times: user=0.00 sys=0.00, real=0.01 secs] 
38.844: [GC (Allocation Failure) 38.844: [ParNew: 0K->0K(3072K), 0.0002402 secs]38.844: [CMS: 4993K->897K(6848K), 0.0018582 secs] 4993K->897K(9920K), [Metaspace: 3664K->3664K(1056768K)], 0.0021652 secs] [Times: user=0.00 sys=0.00, real=0.00 secs] 
38.846: [GC (CMS Initial Mark) [1 CMS-initial-mark: 4993K(6848K)] 4993K(9920K), 0.0001143 secs] [Times: user=0.00 sys=0.00, real=0.00 secs] 
38.846: [CMS-concurrent-mark-start]
38.847: [GC (Allocation Failure) 38.847: [ParNew: 0K->0K(3072K), 0.0002928 secs]38.847: [CMS38.857: [CMS-concurrent-mark: 0.002/0.010 secs] [Times: user=0.00 sys=0.00, real=0.01 secs] 
 (concurrent mode failure): 4993K->897K(6848K), 0.0127993 secs] 4993K->897K(9920K), [Metaspace: 3664K->3664K(1056768K)], 0.0131777 secs] [Times: user=0.00 sys=0.00, real=0.01 secs] 
38.860: [GC (Allocation Failure) 38.860: [ParNew: 0K->0K(3072K), 0.0001973 secs]38.860: [CMS: 4993K->897K(6848K), 0.0024460 secs] 4993K->897K(9920K), [Metaspace: 3664K->3664K(1056768K)], 0.0027533 secs] [Times: user=0.00 sys=0.00, real=0.00 secs] 
38.863: [GC (CMS Initial Mark) [1 CMS-initial-mark: 4993K(6848K)] 4993K(9920K), 0.0001197 secs] [Times: user=0.00 sys=0.00, real=0.00 secs] 
38.863: [CMS-concurrent-mark-start]
38.864: [GC (Allocation Failure) 38.864: [ParNew: 0K->0K(3072K), 0.0002420 secs]38.864: [CMS38.872: [CMS-concurrent-mark: 0.002/0.009 secs] [Times: user=0.00 sys=0.00, real=0.01 secs] 
 (concurrent mode failure): 4993K->897K(6848K), 0.0102894 secs] 4993K->897K(9920K), [Metaspace: 3664K->3664K(1056768K)], 0.0106085 secs] [Times: user=0.00 sys=0.00, real=0.01 secs] 
38.874: [GC (Allocation Failure) 38.874: [ParNew: 0K->0K(3072K), 0.0002067 secs]38.875: [CMS: 4993K->897K(6848K), 0.0028375 secs] 4993K->897K(9920K), [Metaspace: 3664K->3664K(1056768K)], 0.0031158 secs] [Times: user=0.00 sys=0.00, real=0.00 secs] 
38.878: [GC (CMS Initial Mark) [1 CMS-initial-mark: 4993K(6848K)] 4993K(9920K), 0.0001763 secs] [Times: user=0.00 sys=0.00, real=0.00 secs] 
38.878: [CMS-concurrent-mark-start]
38.878: [GC (Allocation Failure) 38.878: [ParNew: 0K->0K(3072K), 0.0002127 secs]38.879: [CMS38.888: [CMS-concurrent-mark: 0.001/0.010 secs] [Times: user=0.00 sys=0.00, real=0.01 secs] 
 (concurrent mode failure): 4993K->897K(6848K), 0.0113420 secs] 4993K->897K(9920K), [Metaspace: 3664K->3664K(1056768K)], 0.0116234 secs] [Times: user=0.00 sys=0.00, real=0.01 secs] 
38.890: [GC (Allocation Failure) 38.890: [ParNew: 0K->0K(3072K), 0.0002679 secs]38.891: [CMS: 4993K->897K(6848K), 0.0021925 secs] 4993K->897K(9920K), [Metaspace: 3664K->3664K(1056768K)], 0.0025753 secs] [Times: user=0.00 sys=0.00, real=0.00 secs] 
38.893: [GC (CMS Initial Mark) [1 CMS-initial-mark: 4993K(6848K)] 4993K(9920K), 0.0002891 secs] [Times: user=0.00 sys=0.00, real=0.00 secs] 
38.894: [CMS-concurrent-mark-start]
38.894: [GC (Allocation Failure) 38.894: [ParNew: 0K->0K(3072K), 0.0002568 secs]38.894: [CMS38.903: [CMS-concurrent-mark: 0.002/0.010 secs] [Times: user=0.00 sys=0.00, real=0.01 secs] 
 (concurrent mode failure): 4993K->897K(6848K), 0.0122091 secs] 4993K->897K(9920K), [Metaspace: 3664K->3664K(1056768K)], 0.0125513 secs] [Times: user=0.00 sys=0.00, real=0.01 secs] 
38.907: [GC (Allocation Failure) 38.907: [ParNew: 0K->0K(3072K), 0.0002378 secs]38.907: [CMS: 4993K->897K(6848K), 0.0018987 secs] 4993K->897K(9920K), [Metaspace: 3664K->3664K(1056768K)], 0.0022190 secs] [Times: user=0.00 sys=0.00, real=0.00 secs] 
38.909: [GC (CMS Initial Mark) [1 CMS-initial-mark: 4993K(6848K)] 4993K(9920K), 0.0001595 secs] [Times: user=0.00 sys=0.00, real=0.00 secs] 
38.909: [CMS-concurrent-mark-start]
38.909: [GC (Allocation Failure) 38.910: [ParNew: 0K->0K(3072K), 0.0002481 secs]38.910: [CMS38.918: [CMS-concurrent-mark: 0.001/0.009 secs] [Times: user=0.00 sys=0.00, real=0.01 secs] 
 (concurrent mode failure): 4993K->897K(6848K), 0.0114280 secs] 4993K->897K(9920K), [Metaspace: 3664K->3664K(1056768K)], 0.0117601 secs] [Times: user=0.00 sys=0.00, real=0.01 secs] 
38.922: [GC (Allocation Failure) 38.922: [ParNew: 0K->0K(3072K), 0.0003016 secs]38.922: [CMS: 4993K->897K(6848K), 0.0019713 secs] 4993K->897K(9920K), [Metaspace: 3664K->3664K(1056768K)], 0.0023453 secs] [Times: user=0.00 sys=0.00, real=0.00 secs] 
38.924: [GC (CMS Initial Mark) [1 CMS-initial-mark: 4993K(6848K)] 4993K(9920K), 0.0001246 secs] [Times: user=0.00 sys=0.00, real=0.00 secs] 
38.924: [CMS-concurrent-mark-start]
38.925: [GC (Allocation Failure) 38.925: [ParNew: 0K->0K(3072K), 0.0002287 secs]38.925: [CMS38.934: [CMS-concurrent-mark: 0.002/0.010 secs] [Times: user=0.00 sys=0.00, real=0.01 secs] 
 (concurrent mode failure): 4993K->897K(6848K), 0.0120553 secs] 4993K->897K(9920K), [Metaspace: 3664K->3664K(1056768K)], 0.0123613 secs] [Times: user=0.00 sys=0.00, real=0.01 secs] 
38.937: [GC (Allocation Failure) 38.937: [ParNew: 0K->0K(3072K), 0.0002160 secs]38.938: [CMS: 4993K->897K(6848K), 0.0018034 secs] 4993K->897K(9920K), [Metaspace: 3664K->3664K(1056768K)], 0.0020773 secs] [Times: user=0.00 sys=0.00, real=0.00 secs] 
38.940: [GC (CMS Initial Mark) [1 CMS-initial-mark: 4993K(6848K)] 4993K(9920K), 0.0000969 secs] [Times: user=0.00 sys=0.00, real=0.00 secs] 
38.940: [CMS-concurrent-mark-start]
38.940: [GC (Allocation Failure) 38.940: [ParNew: 0K->0K(3072K), 0.0001815 secs]38.940: [CMS38.950: [CMS-concurrent-mark: 0.001/0.011 secs] [Times: user=0.00 sys=0.00, real=0.01 secs] 
 (concurrent mode failure): 4993K->897K(6848K), 0.0125070 secs] 4993K->897K(9920K), [Metaspace: 3664K->3664K(1056768K)], 0.0127575 secs] [Times: user=0.00 sys=0.00, real=0.01 secs] 
38.953: [GC (Allocation Failure) 38.953: [ParNew: 0K->0K(3072K), 0.0002100 secs]38.953: [CMS: 4993K->897K(6848K), 0.0018061 secs] 4993K->897K(9920K), [Metaspace: 3664K->3664K(1056768K)], 0.0020759 secs] [Times: user=0.00 sys=0.00, real=0.00 secs] 
38.955: [GC (CMS Initial Mark) [1 CMS-initial-mark: 4993K(6848K)] 4993K(9920K), 0.0001315 secs] [Times: user=0.00 sys=0.00, real=0.00 secs] 
38.956: [CMS-concurrent-mark-start]
38.956: [GC (Allocation Failure) 38.956: [ParNew: 0K->0K(3072K), 0.0002983 secs]38.956: [CMS38.966: [CMS-concurrent-mark: 0.002/0.010 secs] [Times: user=0.00 sys=0.00, real=0.01 secs] 
 (concurrent mode failure): 4993K->897K(6848K), 0.0116669 secs] 4993K->897K(9920K), [Metaspace: 3664K->3664K(1056768K)], 0.0120390 secs] [Times: user=0.00 sys=0.00, real=0.01 secs] 
38.968: [GC (Allocation Failure) 38.968: [ParNew: 0K->0K(3072K), 0.0002563 secs]38.968: [CMS: 4993K->897K(6848K), 0.0018345 secs] 4993K->897K(9920K), [Metaspace: 3664K->3664K(1056768K)], 0.0021545 secs] [Times: user=0.00 sys=0.00, real=0.00 secs] 
38.971: [GC (CMS Initial Mark) [1 CMS-initial-mark: 4993K(6848K)] 4993K(9920K), 0.0000867 secs] [Times: user=0.00 sys=0.00, real=0.00 secs] 
38.971: [CMS-concurrent-mark-start]
38.971: [GC (Allocation Failure) 38.971: [ParNew: 0K->0K(3072K), 0.0002238 secs]38.971: [CMS38.981: [CMS-concurrent-mark: 0.002/0.011 secs] [Times: user=0.00 sys=0.00, real=0.01 secs] 
 (concurrent mode failure): 4993K->897K(6848K), 0.0125877 secs] 4993K->897K(9920K), [Metaspace: 3664K->3664K(1056768K)], 0.0128994 secs] [Times: user=0.00 sys=0.00, real=0.01 secs] 
38.984: [GC (Allocation Failure) 38.984: [ParNew: 0K->0K(3072K), 0.0002331 secs]38.984: [CMS: 4993K->897K(6848K), 0.0019358 secs] 4993K->897K(9920K), [Metaspace: 3664K->3664K(1056768K)], 0.0022363 secs] [Times: user=0.00 sys=0.00, real=0.00 secs] 
38.987: [GC (CMS Initial Mark) [1 CMS-initial-mark: 4993K(6848K)] 4993K(9920K), 0.0000792 secs] [Times: user=0.00 sys=0.00, real=0.00 secs] 
38.987: [CMS-concurrent-mark-start]
38.987: [GC (Allocation Failure) 38.987: [ParNew: 0K->0K(3072K), 0.0001864 secs]38.987: [CMS38.997: [CMS-concurrent-mark: 0.001/0.010 secs] [Times: user=0.00 sys=0.00, real=0.01 secs] 
 (concurrent mode failure): 4993K->897K(6848K), 0.0118238 secs] 4993K->897K(9920K), [Metaspace: 3664K->3664K(1056768K)], 0.0120733 secs] [Times: user=0.00 sys=0.00, real=0.01 secs] 
38.999: [GC (Allocation Failure) 38.999: [ParNew: 0K->0K(3072K), 0.0003677 secs]39.000: [CMS: 4993K->897K(6848K), 0.0018670 secs] 4993K->897K(9920K), [Metaspace: 3664K->3664K(1056768K)], 0.0023001 secs] [Times: user=0.00 sys=0.00, real=0.00 secs] 
39.002: [GC (CMS Initial Mark) [1 CMS-initial-mark: 4993K(6848K)] 4993K(9920K), 0.0001091 secs] [Times: user=0.00 sys=0.00, real=0.00 secs] 
39.002: [CMS-concurrent-mark-start]
39.002: [GC (Allocation Failure) 39.002: [ParNew: 0K->0K(3072K), 0.0001974 secs]39.002: [CMS39.012: [CMS-concurrent-mark: 0.001/0.010 secs] [Times: user=0.00 sys=0.00, real=0.01 secs] 
 (concurrent mode failure): 4993K->897K(6848K), 0.0115791 secs] 4993K->897K(9920K), [Metaspace: 3664K->3664K(1056768K)], 0.0118408 secs] [Times: user=0.00 sys=0.00, real=0.01 secs] 
39.014: [GC (Allocation Failure) 39.014: [ParNew: 0K->0K(3072K), 0.0002024 secs]39.014: [CMS: 4993K->897K(6848K), 0.0017020 secs] 4993K->897K(9920K), [Metaspace: 3664K->3664K(1056768K)], 0.0019749 secs] [Times: user=0.00 sys=0.00, real=0.00 secs] 
39.016: [GC (CMS Initial Mark) [1 CMS-initial-mark: 4993K(6848K)] 4993K(9920K), 0.0001146 secs] [Times: user=0.00 sys=0.00, real=0.00 secs] 
39.017: [CMS-concurrent-mark-start]
39.017: [GC (Allocation Failure) 39.017: [ParNew: 0K->0K(3072K), 0.0001830 secs]39.017: [CMS39.027: [CMS-concurrent-mark: 0.002/0.011 secs] [Times: user=0.00 sys=0.00, real=0.01 secs] 
 (concurrent mode failure): 4993K->897K(6848K), 0.0126228 secs] 4993K->897K(9920K), [Metaspace: 3664K->3664K(1056768K)], 0.0128745 secs] [Times: user=0.00 sys=0.00, real=0.01 secs] 
39.030: [GC (Allocation Failure) 39.030: [ParNew: 0K->0K(3072K), 0.0002162 secs]39.030: [CMS: 4993K->897K(6848K), 0.0017386 secs] 4993K->897K(9920K), [Metaspace: 3664K->3664K(1056768K)], 0.0020141 secs] [Times: user=0.00 sys=0.00, real=0.00 secs] 
39.032: [GC (CMS Initial Mark) [1 CMS-initial-mark: 4993K(6848K)] 4993K(9920K), 0.0001189 secs] [Times: user=0.00 sys=0.00, real=0.00 secs] 
39.032: [CMS-concurrent-mark-start]
39.033: [GC (Allocation Failure) 39.033: [ParNew: 0K->0K(3072K), 0.0002192 secs]39.033: [CMS39.047: [CMS-concurrent-mark: 0.006/0.014 secs] [Times: user=0.00 sys=0.00, real=0.02 secs] 
 (concurrent mode failure): 4993K->897K(6848K), 0.0209464 secs] 4993K->897K(9920K), [Metaspace: 3664K->3664K(1056768K)], 0.0212748 secs] [Times: user=0.02 sys=0.00, real=0.02 secs] 
39.055: [GC (Allocation Failure) 39.055: [ParNew: 0K->0K(3072K), 0.0005945 secs]39.055: [CMS: 4993K->897K(6848K), 0.0043164 secs] 4993K->897K(9920K), [Metaspace: 3664K->3664K(1056768K)], 0.0050644 secs] [Times: user=0.00 sys=0.00, real=0.00 secs] 
39.060: [GC (CMS Initial Mark) [1 CMS-initial-mark: 4993K(6848K)] 4993K(9920K), 0.0001673 secs] [Times: user=0.00 sys=0.00, real=0.00 secs] 
39.060: [CMS-concurrent-mark-start]
39.060: [GC (Allocation Failure) 39.060: [ParNew: 0K->0K(3072K), 0.0003375 secs]39.061: [CMS39.073: [CMS-concurrent-mark: 0.002/0.013 secs] [Times: user=0.00 sys=0.00, real=0.01 secs] 
 (concurrent mode failure): 4993K->897K(6848K), 0.0148623 secs] 4993K->897K(9920K), [Metaspace: 3664K->3664K(1056768K)], 0.0153348 secs] [Times: user=0.00 sys=0.00, real=0.02 secs] 
39.076: [GC (Allocation Failure) 39.076: [ParNew: 0K->0K(3072K), 0.0002943 secs]39.076: [CMS: 4993K->897K(6848K), 0.0023934 secs] 4993K->897K(9920K), [Metaspace: 3664K->3664K(1056768K)], 0.0027776 secs] [Times: user=0.00 sys=0.00, real=0.00 secs] 
39.079: [GC (CMS Initial Mark) [1 CMS-initial-mark: 4993K(6848K)] 4993K(9920K), 0.0001710 secs] [Times: user=0.00 sys=0.00, real=0.00 secs] 
39.079: [CMS-concurrent-mark-start]
39.080: [GC (Allocation Failure) 39.080: [ParNew: 0K->0K(3072K), 0.0001989 secs]39.080: [CMS39.088: [CMS-concurrent-mark: 0.002/0.009 secs] [Times: user=0.00 sys=0.00, real=0.01 secs] 
 (concurrent mode failure): 4993K->897K(6848K), 0.0109762 secs] 4993K->897K(9920K), [Metaspace: 3664K->3664K(1056768K)], 0.0112463 secs] [Times: user=0.00 sys=0.00, real=0.01 secs] 
39.091: [GC (Allocation Failure) 39.091: [ParNew: 0K->0K(3072K), 0.0002414 secs]39.091: [CMS: 4993K->897K(6848K), 0.0029421 secs] 4993K->897K(9920K), [Metaspace: 3664K->3664K(1056768K)], 0.0032973 secs] [Times: user=0.00 sys=0.00, real=0.00 secs] 
39.095: [GC (CMS Initial Mark) [1 CMS-initial-mark: 4993K(6848K)] 4993K(9920K), 0.0001116 secs] [Times: user=0.00 sys=0.00, real=0.00 secs] 
39.095: [CMS-concurrent-mark-start]
39.095: [GC (Allocation Failure) 39.095: [ParNew: 0K->0K(3072K), 0.0002589 secs]39.095: [CMS39.104: [CMS-concurrent-mark: 0.002/0.009 secs] [Times: user=0.00 sys=0.00, real=0.01 secs] 
 (concurrent mode failure): 4993K->897K(6848K), 0.0110054 secs] 4993K->897K(9920K), [Metaspace: 3664K->3664K(1056768K)], 0.0113376 secs] [Times: user=0.00 sys=0.00, real=0.01 secs] 
39.107: [GC (Allocation Failure) 39.107: [ParNew: 0K->0K(3072K), 0.0002790 secs]39.107: [CMS: 4993K->897K(6848K), 0.0021025 secs] 4993K->897K(9920K), [Metaspace: 3664K->3664K(1056768K)], 0.0024657 secs] [Times: user=0.00 sys=0.00, real=0.00 secs] 
39.110: [GC (CMS Initial Mark) [1 CMS-initial-mark: 4993K(6848K)] 4993K(9920K), 0.0001478 secs] [Times: user=0.00 sys=0.00, real=0.00 secs] 
39.110: [CMS-concurrent-mark-start]
39.110: [GC (Allocation Failure) 39.110: [ParNew: 0K->0K(3072K), 0.0004262 secs]39.110: [CMS39.120: [CMS-concurrent-mark: 0.002/0.010 secs] [Times: user=0.00 sys=0.00, real=0.01 secs] 
 (concurrent mode failure): 4993K->897K(6848K), 0.0115238 secs] 4993K->897K(9920K), [Metaspace: 3664K->3664K(1056768K)], 0.0120328 secs] [Times: user=0.00 sys=0.00, real=0.01 secs] 
39.122: [GC (Allocation Failure) 39.122: [ParNew: 0K->0K(3072K), 0.0002794 secs]39.123: [CMS: 4993K->897K(6848K), 0.0018395 secs] 4993K->897K(9920K), [Metaspace: 3664K->3664K(1056768K)], 0.0021920 secs] [Times: user=0.00 sys=0.00, real=0.00 secs] 
39.125: [GC (CMS Initial Mark) [1 CMS-initial-mark: 4993K(6848K)] 4993K(9920K), 0.0002236 secs] [Times: user=0.00 sys=0.00, real=0.00 secs] 
39.125: [CMS-concurrent-mark-start]
39.125: [GC (Allocation Failure) 39.125: [ParNew: 0K->0K(3072K), 0.0002247 secs]39.126: [CMS39.135: [CMS-concurrent-mark: 0.001/0.010 secs] [Times: user=0.00 sys=0.00, real=0.01 secs] 
 (concurrent mode failure): 4993K->897K(6848K), 0.0122617 secs] 4993K->897K(9920K), [Metaspace: 3664K->3664K(1056768K)], 0.0125661 secs] [Times: user=0.00 sys=0.00, real=0.01 secs] 
39.138: [GC (Allocation Failure) 39.138: [ParNew: 0K->0K(3072K), 0.0002195 secs]39.138: [CMS: 4993K->897K(6848K), 0.0018057 secs] 4993K->897K(9920K), [Metaspace: 3664K->3664K(1056768K)], 0.0020858 secs] [Times: user=0.00 sys=0.00, real=0.00 secs] 
39.141: [GC (CMS Initial Mark) [1 CMS-initial-mark: 4993K(6848K)] 4993K(9920K), 0.0001101 secs] [Times: user=0.00 sys=0.00, real=0.00 secs] 
39.141: [CMS-concurrent-mark-start]
39.141: [GC (Allocation Failure) 39.141: [ParNew: 0K->0K(3072K), 0.0002065 secs]39.141: [CMS39.152: [CMS-concurrent-mark: 0.002/0.011 secs] [Times: user=0.00 sys=0.00, real=0.01 secs] 
 (concurrent mode failure): 4993K->897K(6848K), 0.0128687 secs] 4993K->897K(9920K), [Metaspace: 3664K->3664K(1056768K)], 0.0131430 secs] [Times: user=0.00 sys=0.00, real=0.01 secs] 
39.154: [GC (Allocation Failure) 39.154: [ParNew: 0K->0K(3072K), 0.0002132 secs]39.154: [CMS: 4993K->897K(6848K), 0.0018468 secs] 4993K->897K(9920K), [Metaspace: 3664K->3664K(1056768K)], 0.0021288 secs] [Times: user=0.00 sys=0.00, real=0.00 secs] 
39.157: [GC (CMS Initial Mark) [1 CMS-initial-mark: 4993K(6848K)] 4993K(9920K), 0.0001793 secs] [Times: user=0.00 sys=0.00, real=0.00 secs] 
39.157: [CMS-concurrent-mark-start]
39.157: [GC (Allocation Failure) 39.157: [ParNew: 0K->0K(3072K), 0.0003412 secs]39.157: [CMS39.167: [CMS-concurrent-mark: 0.001/0.010 secs] [Times: user=0.00 sys=0.00, real=0.01 secs] 
 (concurrent mode failure): 4993K->897K(6848K), 0.0119596 secs] 4993K->897K(9920K), [Metaspace: 3664K->3664K(1056768K)], 0.0123775 secs] [Times: user=0.00 sys=0.00, real=0.01 secs] 
39.170: [GC (Allocation Failure) 39.170: [ParNew: 0K->0K(3072K), 0.0002286 secs]39.170: [CMS: 4993K->897K(6848K), 0.0017907 secs] 4993K->897K(9920K), [Metaspace: 3664K->3664K(1056768K)], 0.0020827 secs] [Times: user=0.00 sys=0.00, real=0.00 secs] 
39.172: [GC (CMS Initial Mark) [1 CMS-initial-mark: 4993K(6848K)] 4993K(9920K), 0.0001144 secs] [Times: user=0.00 sys=0.00, real=0.00 secs] 
39.172: [CMS-concurrent-mark-start]
39.172: [GC (Allocation Failure) 39.172: [ParNew: 0K->0K(3072K), 0.0002372 secs]39.173: [CMS39.183: [CMS-concurrent-mark: 0.002/0.010 secs] [Times: user=0.00 sys=0.00, real=0.01 secs] 
 (concurrent mode failure): 4993K->897K(6848K), 0.0123769 secs] 4993K->897K(9920K), [Metaspace: 3664K->3664K(1056768K)], 0.0126889 secs] [Times: user=0.00 sys=0.00, real=0.01 secs] 
39.185: [GC (Allocation Failure) 39.185: [ParNew: 0K->0K(3072K), 0.0002212 secs]39.186: [CMS: 4993K->897K(6848K), 0.0018597 secs] 4993K->897K(9920K), [Metaspace: 3664K->3664K(1056768K)], 0.0021476 secs] [Times: user=0.00 sys=0.00, real=0.00 secs] 
39.188: [GC (CMS Initial Mark) [1 CMS-initial-mark: 4993K(6848K)] 4993K(9920K), 0.0000898 secs] [Times: user=0.00 sys=0.00, real=0.00 secs] 
39.188: [CMS-concurrent-mark-start]
39.188: [GC (Allocation Failure) 39.188: [ParNew: 0K->0K(3072K), 0.0002168 secs]39.188: [CMS39.197: [CMS-concurrent-mark: 0.001/0.009 secs] [Times: user=0.00 sys=0.00, real=0.01 secs] 
 (concurrent mode failure): 4993K->897K(6848K), 0.0105465 secs] 4993K->897K(9920K), [Metaspace: 3664K->3664K(1056768K)], 0.0108297 secs] [Times: user=0.00 sys=0.00, real=0.01 secs] 
39.199: [GC (Allocation Failure) 39.199: [ParNew: 0K->0K(3072K), 0.0002210 secs]39.200: [CMS: 4993K->897K(6848K), 0.0018070 secs] 4993K->897K(9920K), [Metaspace: 3664K->3664K(1056768K)], 0.0020925 secs] [Times: user=0.00 sys=0.00, real=0.00 secs] 
39.202: [GC (CMS Initial Mark) [1 CMS-initial-mark: 4993K(6848K)] 4993K(9920K), 0.0001924 secs] [Times: user=0.00 sys=0.00, real=0.00 secs] 
39.202: [CMS-concurrent-mark-start]
39.202: [GC (Allocation Failure) 39.202: [ParNew: 0K->0K(3072K), 0.0002022 secs]39.202: [CMS39.213: [CMS-concurrent-mark: 0.002/0.011 secs] [Times: user=0.00 sys=0.00, real=0.01 secs] 
 (concurrent mode failure): 4993K->897K(6848K), 0.0125521 secs] 4993K->897K(9920K), [Metaspace: 3664K->3664K(1056768K)], 0.0128463 secs] [Times: user=0.00 sys=0.00, real=0.01 secs] 
39.215: [GC (Allocation Failure) 39.215: [ParNew: 0K->0K(3072K), 0.0002146 secs]39.216: [CMS: 4993K->897K(6848K), 0.0017746 secs] 4993K->897K(9920K), [Metaspace: 3664K->3664K(1056768K)], 0.0020576 secs] [Times: user=0.00 sys=0.00, real=0.00 secs] 
39.218: [GC (CMS Initial Mark) [1 CMS-initial-mark: 4993K(6848K)] 4993K(9920K), 0.0001290 secs] [Times: user=0.00 sys=0.00, real=0.00 secs] 
39.218: [CMS-concurrent-mark-start]
39.218: [GC (Allocation Failure) 39.218: [ParNew: 0K->0K(3072K), 0.0001904 secs]39.218: [CMS39.229: [CMS-concurrent-mark: 0.002/0.011 secs] [Times: user=0.00 sys=0.00, real=0.01 secs] 
 (concurrent mode failure): 4993K->897K(6848K), 0.0126795 secs] 4993K->897K(9920K), [Metaspace: 3664K->3664K(1056768K)], 0.0129347 secs] [Times: user=0.00 sys=0.00, real=0.01 secs] 
39.231: [GC (Allocation Failure) 39.231: [ParNew: 0K->0K(3072K), 0.0004001 secs]39.232: [CMS: 4993K->897K(6848K), 0.0019190 secs] 4993K->897K(9920K), [Metaspace: 3664K->3664K(1056768K)], 0.0023859 secs] [Times: user=0.00 sys=0.00, real=0.00 secs] 
39.234: [GC (CMS Initial Mark) [1 CMS-initial-mark: 4993K(6848K)] 4993K(9920K), 0.0001219 secs] [Times: user=0.00 sys=0.00, real=0.00 secs] 
39.234: [CMS-concurrent-mark-start]
39.234: [GC (Allocation Failure) 39.234: [ParNew: 0K->0K(3072K), 0.0003669 secs]39.235: [CMS39.245: [CMS-concurrent-mark: 0.002/0.010 secs] [Times: user=0.00 sys=0.00, real=0.01 secs] 
 (concurrent mode failure): 4993K->897K(6848K), 0.0121735 secs] 4993K->897K(9920K), [Metaspace: 3664K->3664K(1056768K)], 0.0126246 secs] [Times: user=0.00 sys=0.00, real=0.01 secs] 
39.247: [GC (Allocation Failure) 39.247: [ParNew: 0K->0K(3072K), 0.0002052 secs]39.248: [CMS: 4993K->897K(6848K), 0.0017408 secs] 4993K->897K(9920K), [Metaspace: 3664K->3664K(1056768K)], 0.0020040 secs] [Times: user=0.00 sys=0.00, real=0.00 secs] 
39.250: [GC (CMS Initial Mark) [1 CMS-initial-mark: 4993K(6848K)] 4993K(9920K), 0.0001057 secs] [Times: user=0.00 sys=0.00, real=0.00 secs] 
39.250: [CMS-concurrent-mark-start]
39.250: [GC (Allocation Failure) 39.250: [ParNew: 0K->0K(3072K), 0.0002015 secs]39.250: [CMS39.260: [CMS-concurrent-mark: 0.002/0.010 secs] [Times: user=0.00 sys=0.00, real=0.01 secs] 
 (concurrent mode failure): 4993K->897K(6848K), 0.0126701 secs] 4993K->897K(9920K), [Metaspace: 3664K->3664K(1056768K)], 0.0129457 secs] [Times: user=0.00 sys=0.00, real=0.01 secs] 
39.263: [GC (Allocation Failure) 39.263: [ParNew: 0K->0K(3072K), 0.0002410 secs]39.263: [CMS: 4993K->897K(6848K), 0.0020898 secs] 4993K->897K(9920K), [Metaspace: 3664K->3664K(1056768K)], 0.0024059 secs] [Times: user=0.00 sys=0.00, real=0.00 secs] 
39.266: [GC (CMS Initial Mark) [1 CMS-initial-mark: 4993K(6848K)] 4993K(9920K), 0.0001440 secs] [Times: user=0.00 sys=0.00, real=0.00 secs] 
39.266: [CMS-concurrent-mark-start]
39.266: [GC (Allocation Failure) 39.266: [ParNew: 0K->0K(3072K), 0.0002151 secs]39.266: [CMS39.275: [CMS-concurrent-mark: 0.002/0.009 secs] [Times: user=0.00 sys=0.00, real=0.01 secs] 
 (concurrent mode failure): 4993K->897K(6848K), 0.0112723 secs] 4993K->897K(9920K), [Metaspace: 3664K->3664K(1056768K)], 0.0115605 secs] [Times: user=0.00 sys=0.00, real=0.01 secs] 
39.278: [GC (Allocation Failure) 39.278: [ParNew: 0K->0K(3072K), 0.0001907 secs]39.278: [CMS: 4993K->897K(6848K), 0.0017917 secs] 4993K->897K(9920K), [Metaspace: 3664K->3664K(1056768K)], 0.0020414 secs] [Times: user=0.00 sys=0.00, real=0.00 secs] 
39.281: [GC (CMS Initial Mark) [1 CMS-initial-mark: 4993K(6848K)] 4993K(9920K), 0.0001163 secs] [Times: user=0.00 sys=0.00, real=0.00 secs] 
39.281: [CMS-concurrent-mark-start]
39.281: [GC (Allocation Failure) 39.281: [ParNew: 0K->0K(3072K), 0.0001867 secs]39.281: [CMS39.290: [CMS-concurrent-mark: 0.002/0.009 secs] [Times: user=0.00 sys=0.00, real=0.01 secs] 
 (concurrent mode failure): 4993K->897K(6848K), 0.0117773 secs] 4993K->897K(9920K), [Metaspace: 3664K->3664K(1056768K)], 0.0120554 secs] [Times: user=0.00 sys=0.00, real=0.01 secs] 
39.293: [GC (Allocation Failure) 39.293: [ParNew: 0K->0K(3072K), 0.0002658 secs]39.294: [CMS: 4993K->897K(6848K), 0.0022780 secs] 4993K->897K(9920K), [Metaspace: 3664K->3664K(1056768K)], 0.0026252 secs] [Times: user=0.00 sys=0.00, real=0.00 secs] 
39.296: [GC (CMS Initial Mark) [1 CMS-initial-mark: 4993K(6848K)] 4993K(9920K), 0.0001032 secs] [Times: user=0.00 sys=0.00, real=0.00 secs] 
39.296: [CMS-concurrent-mark-start]
39.296: [GC (Allocation Failure) 39.296: [ParNew: 0K->0K(3072K), 0.0001867 secs]39.297: [CMS39.307: [CMS-concurrent-mark: 0.002/0.010 secs] [Times: user=0.00 sys=0.00, real=0.01 secs] 
 (concurrent mode failure): 4993K->897K(6848K), 0.0124020 secs] 4993K->897K(9920K), [Metaspace: 3664K->3664K(1056768K)], 0.0126864 secs] [Times: user=0.00 sys=0.00, real=0.01 secs] 
39.310: [GC (Allocation Failure) 39.310: [ParNew: 0K->0K(3072K), 0.0005540 secs]39.310: [CMS: 4993K->897K(6848K), 0.0019620 secs] 4993K->897K(9920K), [Metaspace: 3664K->3664K(1056768K)], 0.0025954 secs] [Times: user=0.00 sys=0.00, real=0.00 secs] 
39.312: [GC (CMS Initial Mark) [1 CMS-initial-mark: 4993K(6848K)] 4993K(9920K), 0.0001334 secs] [Times: user=0.00 sys=0.00, real=0.00 secs] 
39.313: [CMS-concurrent-mark-start]
39.313: [GC (Allocation Failure) 39.313: [ParNew: 0K->0K(3072K), 0.0002364 secs]39.313: [CMS39.321: [CMS-concurrent-mark: 0.001/0.009 secs] [Times: user=0.00 sys=0.00, real=0.01 secs] 
 (concurrent mode failure): 4993K->897K(6848K), 0.0111049 secs] 4993K->897K(9920K), [Metaspace: 3664K->3664K(1056768K)], 0.0114141 secs] [Times: user=0.00 sys=0.00, real=0.01 secs] 
39.324: [GC (Allocation Failure) 39.324: [ParNew: 0K->0K(3072K), 0.0002216 secs]39.325: [CMS: 4993K->897K(6848K), 0.0021929 secs] 4993K->897K(9920K), [Metaspace: 3664K->3664K(1056768K)], 0.0024950 secs] [Times: user=0.00 sys=0.00, real=0.00 secs] 
39.327: [GC (CMS Initial Mark) [1 CMS-initial-mark: 4993K(6848K)] 4993K(9920K), 0.0001412 secs] [Times: user=0.00 sys=0.00, real=0.00 secs] 
39.328: [CMS-concurrent-mark-start]
39.328: [GC (Allocation Failure) 39.328: [ParNew: 0K->0K(3072K), 0.0002415 secs]39.328: [CMS39.337: [CMS-concurrent-mark: 0.002/0.009 secs] [Times: user=0.00 sys=0.00, real=0.01 secs] 
 (concurrent mode failure): 4993K->897K(6848K), 0.0109913 secs] 4993K->897K(9920K), [Metaspace: 3664K->3664K(1056768K)], 0.0113114 secs] [Times: user=0.00 sys=0.00, real=0.01 secs] 
39.339: [GC (Allocation Failure) 39.339: [ParNew: 0K->0K(3072K), 0.0002314 secs]39.340: [CMS: 4993K->897K(6848K), 0.0018909 secs] 4993K->897K(9920K), [Metaspace: 3664K->3664K(1056768K)], 0.0021891 secs] [Times: user=0.00 sys=0.00, real=0.00 secs] 
39.342: [GC (CMS Initial Mark) [1 CMS-initial-mark: 4993K(6848K)] 4993K(9920K), 0.0001311 secs] [Times: user=0.00 sys=0.00, real=0.00 secs] 
39.342: [CMS-concurrent-mark-start]
39.342: [GC (Allocation Failure) 39.342: [ParNew: 0K->0K(3072K), 0.0004461 secs]39.343: [CMS39.353: [CMS-concurrent-mark: 0.002/0.011 secs] [Times: user=0.00 sys=0.00, real=0.01 secs] 
 (concurrent mode failure): 4993K->897K(6848K), 0.0124462 secs] 4993K->897K(9920K), [Metaspace: 3664K->3664K(1056768K)], 0.0129897 secs] [Times: user=0.00 sys=0.00, real=0.01 secs] 
39.356: [GC (Allocation Failure) 39.356: [ParNew: 0K->0K(3072K), 0.0002289 secs]39.356: [CMS: 4993K->897K(6848K), 0.0018593 secs] 4993K->897K(9920K), [Metaspace: 3664K->3664K(1056768K)], 0.0021558 secs] [Times: user=0.00 sys=0.00, real=0.00 secs] 
39.358: [GC (CMS Initial Mark) [1 CMS-initial-mark: 4993K(6848K)] 4993K(9920K), 0.0002339 secs] [Times: user=0.00 sys=0.00, real=0.00 secs] 
39.358: [CMS-concurrent-mark-start]
39.358: [GC (Allocation Failure) 39.358: [ParNew: 0K->0K(3072K), 0.0002563 secs]39.359: [CMS39.368: [CMS-concurrent-mark: 0.001/0.010 secs] [Times: user=0.00 sys=0.00, real=0.01 secs] 
 (concurrent mode failure): 4993K->897K(6848K), 0.0115777 secs] 4993K->897K(9920K), [Metaspace: 3664K->3664K(1056768K)], 0.0119135 secs] [Times: user=0.00 sys=0.00, real=0.01 secs] 
39.371: [GC (Allocation Failure) 39.371: [ParNew: 0K->0K(3072K), 0.0002120 secs]39.371: [CMS: 4993K->897K(6848K), 0.0017661 secs] 4993K->897K(9920K), [Metaspace: 3664K->3664K(1056768K)], 0.0020650 secs] [Times: user=0.00 sys=0.00, real=0.00 secs] 
39.373: [GC (CMS Initial Mark) [1 CMS-initial-mark: 4993K(6848K)] 4993K(9920K), 0.0001574 secs] [Times: user=0.00 sys=0.00, real=0.00 secs] 
39.373: [CMS-concurrent-mark-start]
39.373: [GC (Allocation Failure) 39.373: [ParNew: 0K->0K(3072K), 0.0002052 secs]39.373: [CMS39.384: [CMS-concurrent-mark: 0.002/0.011 secs] [Times: user=0.00 sys=0.00, real=0.01 secs] 
 (concurrent mode failure): 4993K->897K(6848K), 0.0129167 secs] 4993K->897K(9920K), [Metaspace: 3664K->3664K(1056768K)], 0.0132000 secs] [Times: user=0.00 sys=0.00, real=0.01 secs] 
39.387: [GC (Allocation Failure) 39.387: [ParNew: 0K->0K(3072K), 0.0002262 secs]39.387: [CMS: 4993K->897K(6848K), 0.0018385 secs] 4993K->897K(9920K), [Metaspace: 3664K->3664K(1056768K)], 0.0021296 secs] [Times: user=0.00 sys=0.00, real=0.00 secs] 
39.389: [GC (CMS Initial Mark) [1 CMS-initial-mark: 4993K(6848K)] 4993K(9920K), 0.0001304 secs] [Times: user=0.00 sys=0.00, real=0.00 secs] 
39.389: [CMS-concurrent-mark-start]
39.390: [GC (Allocation Failure) 39.390: [ParNew: 0K->0K(3072K), 0.0002516 secs]39.390: [CMS39.400: [CMS-concurrent-mark: 0.001/0.010 secs] [Times: user=0.00 sys=0.00, real=0.01 secs] 
 (concurrent mode failure): 4993K->897K(6848K), 0.0123829 secs] 4993K->897K(9920K), [Metaspace: 3664K->3664K(1056768K)], 0.0127067 secs] [Times: user=0.00 sys=0.00, real=0.01 secs] 
39.403: [GC (Allocation Failure) 39.403: [ParNew: 0K->0K(3072K), 0.0002779 secs]39.403: [CMS: 4993K->897K(6848K), 0.0019712 secs] 4993K->897K(9920K), [Metaspace: 3664K->3664K(1056768K)], 0.0023279 secs] [Times: user=0.00 sys=0.00, real=0.00 secs] 
39.405: [GC (CMS Initial Mark) [1 CMS-initial-mark: 4993K(6848K)] 4993K(9920K), 0.0001092 secs] [Times: user=0.00 sys=0.00, real=0.00 secs] 
39.405: [CMS-concurrent-mark-start]
39.406: [GC (Allocation Failure) 39.406: [ParNew: 0K->0K(3072K), 0.0001888 secs]39.406: [CMS39.416: [CMS-concurrent-mark: 0.002/0.010 secs] [Times: user=0.00 sys=0.00, real=0.01 secs] 
 (concurrent mode failure): 4993K->897K(6848K), 0.0121110 secs] 4993K->897K(9920K), [Metaspace: 3664K->3664K(1056768K)], 0.0123717 secs] [Times: user=0.00 sys=0.00, real=0.01 secs] 
39.418: [GC (Allocation Failure) 39.418: [ParNew: 0K->0K(3072K), 0.0002008 secs]39.418: [CMS: 4993K->897K(6848K), 0.0017419 secs] 4993K->897K(9920K), [Metaspace: 3664K->3664K(1056768K)], 0.0020059 secs] [Times: user=0.00 sys=0.00, real=0.00 secs] 
39.420: [GC (CMS Initial Mark) [1 CMS-initial-mark: 4993K(6848K)] 4993K(9920K), 0.0000738 secs] [Times: user=0.00 sys=0.00, real=0.00 secs] 
39.421: [CMS-concurrent-mark-start]
39.421: [GC (Allocation Failure) 39.421: [ParNew: 0K->0K(3072K), 0.0001786 secs]39.421: [CMS39.430: [CMS-concurrent-mark: 0.001/0.010 secs] [Times: user=0.00 sys=0.00, real=0.01 secs] 
 (concurrent mode failure): 4993K->897K(6848K), 0.0121027 secs] 4993K->897K(9920K), [Metaspace: 3664K->3664K(1056768K)], 0.0123518 secs] [Times: user=0.00 sys=0.00, real=0.01 secs] 
39.433: [GC (Allocation Failure) 39.433: [ParNew: 0K->0K(3072K), 0.0002094 secs]39.434: [CMS: 4993K->897K(6848K), 0.0017865 secs] 4993K->897K(9920K), [Metaspace: 3664K->3664K(1056768K)], 0.0020511 secs] [Times: user=0.00 sys=0.00, real=0.00 secs] 
39.436: [GC (CMS Initial Mark) [1 CMS-initial-mark: 4993K(6848K)] 4993K(9920K), 0.0000910 secs] [Times: user=0.00 sys=0.00, real=0.00 secs] 
39.436: [CMS-concurrent-mark-start]
39.436: [GC (Allocation Failure) 39.436: [ParNew: 0K->0K(3072K), 0.0001944 secs]39.436: [CMS39.446: [CMS-concurrent-mark: 0.001/0.011 secs] [Times: user=0.00 sys=0.00, real=0.01 secs] 
 (concurrent mode failure): 4993K->897K(6848K), 0.0124079 secs] 4993K->897K(9920K), [Metaspace: 3664K->3664K(1056768K)], 0.0126711 secs] [Times: user=0.00 sys=0.00, real=0.01 secs] 
39.449: [GC (Allocation Failure) 39.449: [ParNew: 0K->0K(3072K), 0.0002141 secs]39.449: [CMS: 4993K->897K(6848K), 0.0017753 secs] 4993K->897K(9920K), [Metaspace: 3664K->3664K(1056768K)], 0.0020542 secs] [Times: user=0.00 sys=0.00, real=0.00 secs] 
39.451: [GC (CMS Initial Mark) [1 CMS-initial-mark: 4993K(6848K)] 4993K(9920K), 0.0001094 secs] [Times: user=0.00 sys=0.00, real=0.00 secs] 
39.451: [CMS-concurrent-mark-start]
39.452: [GC (Allocation Failure) 39.452: [ParNew: 0K->0K(3072K), 0.0002517 secs]39.452: [CMS39.462: [CMS-concurrent-mark: 0.002/0.010 secs] [Times: user=0.00 sys=0.00, real=0.01 secs] 
 (concurrent mode failure): 4993K->897K(6848K), 0.0129564 secs] 4993K->897K(9920K), [Metaspace: 3664K->3664K(1056768K)], 0.0132865 secs] [Times: user=0.00 sys=0.00, real=0.01 secs] 
39.465: [GC (Allocation Failure) 39.465: [ParNew: 0K->0K(3072K), 0.0002610 secs]39.466: [CMS: 4993K->897K(6848K), 0.0020027 secs] 4993K->897K(9920K), [Metaspace: 3664K->3664K(1056768K)], 0.0023286 secs] [Times: user=0.00 sys=0.00, real=0.00 secs] 
39.468: [GC (CMS Initial Mark) [1 CMS-initial-mark: 4993K(6848K)] 4993K(9920K), 0.0001539 secs] [Times: user=0.00 sys=0.00, real=0.00 secs] 
39.468: [CMS-concurrent-mark-start]
39.468: [GC (Allocation Failure) 39.468: [ParNew: 0K->0K(3072K), 0.0002922 secs]39.469: [CMS39.478: [CMS-concurrent-mark: 0.002/0.010 secs] [Times: user=0.00 sys=0.00, real=0.01 secs] 
 (concurrent mode failure): 4993K->897K(6848K), 0.0118266 secs] 4993K->897K(9920K), [Metaspace: 3664K->3664K(1056768K)], 0.0121966 secs] [Times: user=0.00 sys=0.00, real=0.01 secs] 
39.481: [GC (Allocation Failure) 39.481: [ParNew: 0K->0K(3072K), 0.0002968 secs]39.481: [CMS: 4993K->897K(6848K), 0.0017821 secs] 4993K->897K(9920K), [Metaspace: 3664K->3664K(1056768K)], 0.0021417 secs] [Times: user=0.00 sys=0.00, real=0.00 secs] 
39.483: [GC (CMS Initial Mark) [1 CMS-initial-mark: 4993K(6848K)] 4993K(9920K), 0.0001271 secs] [Times: user=0.00 sys=0.00, real=0.00 secs] 
39.483: [CMS-concurrent-mark-start]
39.484: [GC (Allocation Failure) 39.484: [ParNew: 0K->0K(3072K), 0.0002424 secs]39.484: [CMS39.493: [CMS-concurrent-mark: 0.002/0.010 secs] [Times: user=0.00 sys=0.00, real=0.01 secs] 
 (concurrent mode failure): 4993K->897K(6848K), 0.0120603 secs] 4993K->897K(9920K), [Metaspace: 3664K->3664K(1056768K)], 0.0123792 secs] [Times: user=0.00 sys=0.00, real=0.01 secs] 
39.496: [GC (Allocation Failure) 39.496: [ParNew: 0K->0K(3072K), 0.0002556 secs]39.497: [CMS: 4993K->897K(6848K), 0.0019285 secs] 4993K->897K(9920K), [Metaspace: 3664K->3664K(1056768K)], 0.0022521 secs] [Times: user=0.00 sys=0.00, real=0.00 secs] 
39.499: [GC (CMS Initial Mark) [1 CMS-initial-mark: 4993K(6848K)] 4993K(9920K), 0.0001624 secs] [Times: user=0.00 sys=0.00, real=0.00 secs] 
39.499: [CMS-concurrent-mark-start]
39.499: [GC (Allocation Failure) 39.499: [ParNew: 0K->0K(3072K), 0.0002201 secs]39.500: [CMS39.508: [CMS-concurrent-mark: 0.001/0.009 secs] [Times: user=0.00 sys=0.00, real=0.01 secs] 
 (concurrent mode failure): 4993K->897K(6848K), 0.0115939 secs] 4993K->897K(9920K), [Metaspace: 3664K->3664K(1056768K)], 0.0118806 secs] [Times: user=0.00 sys=0.00, real=0.01 secs] 
39.512: [GC (Allocation Failure) 39.512: [ParNew: 0K->0K(3072K), 0.0002856 secs]39.512: [CMS: 4993K->897K(6848K), 0.0018118 secs] 4993K->897K(9920K), [Metaspace: 3664K->3664K(1056768K)], 0.0021584 secs] [Times: user=0.00 sys=0.00, real=0.00 secs] 
39.514: [GC (CMS Initial Mark) [1 CMS-initial-mark: 4993K(6848K)] 4993K(9920K), 0.0002222 secs] [Times: user=0.00 sys=0.00, real=0.00 secs] 
39.514: [CMS-concurrent-mark-start]
39.515: [GC (Allocation Failure) 39.515: [ParNew: 0K->0K(3072K), 0.0003402 secs]39.515: [CMS39.524: [CMS-concurrent-mark: 0.001/0.009 secs] [Times: user=0.00 sys=0.00, real=0.01 secs] 
 (concurrent mode failure): 4993K->897K(6848K), 0.0124718 secs] 4993K->897K(9920K), [Metaspace: 3664K->3664K(1056768K)], 0.0130024 secs] [Times: user=0.00 sys=0.00, real=0.01 secs] 
39.529: [GC (Allocation Failure) 39.529: [ParNew: 0K->0K(3072K), 0.0003332 secs]39.529: [CMS: 4993K->897K(6848K), 0.0029775 secs] 4993K->897K(9920K), [Metaspace: 3664K->3664K(1056768K)], 0.0034281 secs] [Times: user=0.00 sys=0.00, real=0.00 secs] 
39.532: [GC (CMS Initial Mark) [1 CMS-initial-mark: 4993K(6848K)] 4993K(9920K), 0.0001868 secs] [Times: user=0.00 sys=0.00, real=0.00 secs] 
39.533: [CMS-concurrent-mark-start]
39.533: [GC (Allocation Failure) 39.533: [ParNew: 0K->0K(3072K), 0.0002429 secs]39.533: [CMS39.539: [CMS-concurrent-mark: 0.001/0.006 secs] [Times: user=0.00 sys=0.00, real=0.01 secs] 
 (concurrent mode failure): 4993K->897K(6848K), 0.0081272 secs] 4993K->897K(9920K), [Metaspace: 3664K->3664K(1056768K)], 0.0084457 secs] [Times: user=0.00 sys=0.00, real=0.01 secs] 
39.542: [GC (Allocation Failure) 39.542: [ParNew: 0K->0K(3072K), 0.0002743 secs]39.542: [CMS: 4993K->897K(6848K), 0.0050089 secs] 4993K->897K(9920K), [Metaspace: 3664K->3664K(1056768K)], 0.0053834 secs] [Times: user=0.00 sys=0.00, real=0.01 secs] 
39.548: [GC (CMS Initial Mark) [1 CMS-initial-mark: 4993K(6848K)] 4993K(9920K), 0.0003343 secs] [Times: user=0.00 sys=0.00, real=0.00 secs] 
39.548: [CMS-concurrent-mark-start]
39.548: [GC (Allocation Failure) 39.548: [ParNew: 0K->0K(3072K), 0.0003075 secs]39.549: [CMS39.554: [CMS-concurrent-mark: 0.001/0.006 secs] [Times: user=0.00 sys=0.00, real=0.01 secs] 
 (concurrent mode failure): 4993K->897K(6848K), 0.0072742 secs] 4993K->897K(9920K), [Metaspace: 3664K->3664K(1056768K)], 0.0076612 secs] [Times: user=0.00 sys=0.00, real=0.01 secs] 
39.556: [GC (Allocation Failure) 39.556: [ParNew: 0K->0K(3072K), 0.0002226 secs]39.557: [CMS: 4993K->897K(6848K), 0.0019093 secs] 4993K->897K(9920K), [Metaspace: 3664K->3664K(1056768K)], 0.0022338 secs] [Times: user=0.00 sys=0.00, real=0.00 secs] 
39.559: [GC (CMS Initial Mark) [1 CMS-initial-mark: 4993K(6848K)] 4993K(9920K), 0.0002345 secs] [Times: user=0.00 sys=0.00, real=0.00 secs] 
39.559: [CMS-concurrent-mark-start]
39.560: [GC (Allocation Failure) 39.560: [ParNew: 0K->0K(3072K), 0.0002799 secs]39.560: [CMS39.570: [CMS-concurrent-mark: 0.002/0.011 secs] [Times: user=0.00 sys=0.00, real=0.01 secs] 
 (concurrent mode failure): 4993K->897K(6848K), 0.0127514 secs] 4993K->897K(9920K), [Metaspace: 3664K->3664K(1056768K)], 0.0131229 secs] [Times: user=0.00 sys=0.00, real=0.01 secs] 
39.573: [GC (Allocation Failure) 39.573: [ParNew: 0K->0K(3072K), 0.0002209 secs]39.573: [CMS: 4993K->897K(6848K), 0.0022877 secs] 4993K->897K(9920K), [Metaspace: 3664K->3664K(1056768K)], 0.0026244 secs] [Times: user=0.00 sys=0.00, real=0.00 secs] 
39.576: [GC (CMS Initial Mark) [1 CMS-initial-mark: 4993K(6848K)] 4993K(9920K), 0.0001928 secs] [Times: user=0.00 sys=0.00, real=0.00 secs] 
39.576: [CMS-concurrent-mark-start]
39.576: [GC (Allocation Failure) 39.576: [ParNew: 0K->0K(3072K), 0.0002564 secs]39.577: [CMS39.586: [CMS-concurrent-mark: 0.001/0.010 secs] [Times: user=0.00 sys=0.00, real=0.01 secs] 
 (concurrent mode failure): 4993K->897K(6848K), 0.0122151 secs] 4993K->897K(9920K), [Metaspace: 3664K->3664K(1056768K)], 0.0125579 secs] [Times: user=0.00 sys=0.00, real=0.01 secs] 
39.589: [GC (Allocation Failure) 39.589: [ParNew: 0K->0K(3072K), 0.0002421 secs]39.590: [CMS: 4993K->897K(6848K), 0.0023132 secs] 4993K->897K(9920K), [Metaspace: 3664K->3664K(1056768K)], 0.0026581 secs] [Times: user=0.00 sys=0.00, real=0.00 secs] 
39.592: [GC (CMS Initial Mark) [1 CMS-initial-mark: 4993K(6848K)] 4993K(9920K), 0.0001861 secs] [Times: user=0.00 sys=0.00, real=0.00 secs] 
39.593: [CMS-concurrent-mark-start]
39.593: [GC (Allocation Failure) 39.593: [ParNew: 0K->0K(3072K), 0.0002821 secs]39.593: [CMS39.602: [CMS-concurrent-mark: 0.002/0.010 secs] [Times: user=0.00 sys=0.00, real=0.01 secs] 
 (concurrent mode failure): 4993K->897K(6848K), 0.0116264 secs] 4993K->897K(9920K), [Metaspace: 3664K->3664K(1056768K)], 0.0120140 secs] [Times: user=0.00 sys=0.00, real=0.01 secs] 
39.605: [GC (Allocation Failure) 39.605: [ParNew: 0K->0K(3072K), 0.0002129 secs]39.605: [CMS: 4993K->897K(6848K), 0.0018321 secs] 4993K->897K(9920K), [Metaspace: 3664K->3664K(1056768K)], 0.0021086 secs] [Times: user=0.00 sys=0.00, real=0.00 secs] 
39.608: [GC (CMS Initial Mark) [1 CMS-initial-mark: 4993K(6848K)] 4993K(9920K), 0.0001174 secs] [Times: user=0.00 sys=0.00, real=0.00 secs] 
39.608: [CMS-concurrent-mark-start]
39.608: [GC (Allocation Failure) 39.608: [ParNew: 0K->0K(3072K), 0.0002728 secs]39.608: [CMS39.618: [CMS-concurrent-mark: 0.002/0.010 secs] [Times: user=0.00 sys=0.00, real=0.01 secs] 
 (concurrent mode failure): 4993K->897K(6848K), 0.0123750 secs] 4993K->897K(9920K), [Metaspace: 3664K->3664K(1056768K)], 0.0127303 secs] [Times: user=0.00 sys=0.00, real=0.01 secs] 
39.621: [GC (Allocation Failure) 39.621: [ParNew: 0K->0K(3072K), 0.0002272 secs]39.621: [CMS: 4993K->897K(6848K), 0.0019506 secs] 4993K->897K(9920K), [Metaspace: 3664K->3664K(1056768K)], 0.0022516 secs] [Times: user=0.00 sys=0.00, real=0.00 secs] 
39.624: [GC (CMS Initial Mark) [1 CMS-initial-mark: 4993K(6848K)] 4993K(9920K), 0.0001774 secs] [Times: user=0.00 sys=0.00, real=0.00 secs] 
39.624: [CMS-concurrent-mark-start]
39.624: [GC (Allocation Failure) 39.624: [ParNew: 0K->0K(3072K), 0.0002265 secs]39.624: [CMS39.634: [CMS-concurrent-mark: 0.002/0.011 secs] [Times: user=0.00 sys=0.00, real=0.01 secs] 
 (concurrent mode failure): 4993K->897K(6848K), 0.0127867 secs] 4993K->897K(9920K), [Metaspace: 3664K->3664K(1056768K)], 0.0130886 secs] [Times: user=0.00 sys=0.00, real=0.01 secs] 
39.637: [GC (Allocation Failure) 39.637: [ParNew: 0K->0K(3072K), 0.0002957 secs]39.638: [CMS: 4993K->897K(6848K), 0.0019212 secs] 4993K->897K(9920K), [Metaspace: 3664K->3664K(1056768K)], 0.0022849 secs] [Times: user=0.00 sys=0.00, real=0.00 secs] 
39.640: [GC (CMS Initial Mark) [1 CMS-initial-mark: 4993K(6848K)] 4993K(9920K), 0.0001681 secs] [Times: user=0.00 sys=0.00, real=0.00 secs] 
39.640: [CMS-concurrent-mark-start]
39.640: [GC (Allocation Failure) 39.640: [ParNew: 0K->0K(3072K), 0.0002298 secs]39.641: [CMS39.650: [CMS-concurrent-mark: 0.002/0.010 secs] [Times: user=0.00 sys=0.00, real=0.01 secs] 
 (concurrent mode failure): 4993K->897K(6848K), 0.0114613 secs] 4993K->897K(9920K), [Metaspace: 3664K->3664K(1056768K)], 0.0117721 secs] [Times: user=0.00 sys=0.00, real=0.01 secs] 
39.652: [GC (Allocation Failure) 39.652: [ParNew: 0K->0K(3072K), 0.0002951 secs]39.653: [CMS: 4993K->897K(6848K), 0.0022059 secs] 4993K->897K(9920K), [Metaspace: 3664K->3664K(1056768K)], 0.0025919 secs] [Times: user=0.00 sys=0.00, real=0.00 secs] 
39.655: [GC (CMS Initial Mark) [1 CMS-initial-mark: 4993K(6848K)] 4993K(9920K), 0.0001445 secs] [Times: user=0.00 sys=0.00, real=0.00 secs] 
39.656: [CMS-concurrent-mark-start]
39.656: [GC (Allocation Failure) 39.656: [ParNew: 0K->0K(3072K), 0.0002338 secs]39.656: [CMS39.665: [CMS-concurrent-mark: 0.002/0.010 secs] [Times: user=0.00 sys=0.00, real=0.01 secs] 
 (concurrent mode failure): 4993K->897K(6848K), 0.0115758 secs] 4993K->897K(9920K), [Metaspace: 3664K->3664K(1056768K)], 0.0118895 secs] [Times: user=0.00 sys=0.00, real=0.01 secs] 
39.668: [GC (Allocation Failure) 39.668: [ParNew: 0K->0K(3072K), 0.0002974 secs]39.668: [CMS: 4993K->897K(6848K), 0.0021476 secs] 4993K->897K(9920K), [Metaspace: 3664K->3664K(1056768K)], 0.0025212 secs] [Times: user=0.00 sys=0.00, real=0.00 secs] 
39.671: [GC (CMS Initial Mark) [1 CMS-initial-mark: 4993K(6848K)] 4993K(9920K), 0.0001495 secs] [Times: user=0.00 sys=0.00, real=0.00 secs] 
39.671: [CMS-concurrent-mark-start]
39.671: [GC (Allocation Failure) 39.671: [ParNew: 0K->0K(3072K), 0.0002249 secs]39.671: [CMS39.682: [CMS-concurrent-mark: 0.002/0.011 secs] [Times: user=0.00 sys=0.00, real=0.01 secs] 
 (concurrent mode failure): 4993K->897K(6848K), 0.0125032 secs] 4993K->897K(9920K), [Metaspace: 3664K->3664K(1056768K)], 0.0127958 secs] [Times: user=0.00 sys=0.00, real=0.01 secs] 
39.684: [GC (Allocation Failure) 39.684: [ParNew: 0K->0K(3072K), 0.0002199 secs]39.684: [CMS: 4993K->897K(6848K), 0.0018731 secs] 4993K->897K(9920K), [Metaspace: 3664K->3664K(1056768K)], 0.0021499 secs] [Times: user=0.00 sys=0.00, real=0.00 secs] 
39.687: [GC (CMS Initial Mark) [1 CMS-initial-mark: 4993K(6848K)] 4993K(9920K), 0.0000812 secs] [Times: user=0.00 sys=0.00, real=0.00 secs] 
39.687: [CMS-concurrent-mark-start]
39.687: [GC (Allocation Failure) 39.687: [ParNew: 0K->0K(3072K), 0.0001959 secs]39.687: [CMS39.697: [CMS-concurrent-mark: 0.002/0.010 secs] [Times: user=0.00 sys=0.00, real=0.01 secs] 
 (concurrent mode failure): 4993K->897K(6848K), 0.0122165 secs] 4993K->897K(9920K), [Metaspace: 3664K->3664K(1056768K)], 0.0124905 secs] [Times: user=0.00 sys=0.00, real=0.01 secs] 
39.700: [GC (Allocation Failure) 39.700: [ParNew: 0K->0K(3072K), 0.0002508 secs]39.700: [CMS: 4993K->897K(6848K), 0.0018650 secs] 4993K->897K(9920K), [Metaspace: 3664K->3664K(1056768K)], 0.0021793 secs] [Times: user=0.00 sys=0.00, real=0.00 secs] 
39.702: [GC (CMS Initial Mark) [1 CMS-initial-mark: 4993K(6848K)] 4993K(9920K), 0.0001207 secs] [Times: user=0.00 sys=0.00, real=0.00 secs] 
39.702: [CMS-concurrent-mark-start]
39.702: [GC (Allocation Failure) 39.702: [ParNew: 0K->0K(3072K), 0.0002416 secs]39.703: [CMS39.713: [CMS-concurrent-mark: 0.002/0.010 secs] [Times: user=0.00 sys=0.00, real=0.01 secs] 
 (concurrent mode failure): 4993K->897K(6848K), 0.0140041 secs] 4993K->897K(9920K), [Metaspace: 3664K->3664K(1056768K)], 0.0144048 secs] [Times: user=0.00 sys=0.00, real=0.01 secs] 
39.718: [GC (Allocation Failure) 39.718: [ParNew: 0K->0K(3072K), 0.0005351 secs]39.718: [CMS: 4993K->897K(6848K), 0.0021954 secs] 4993K->897K(9920K), [Metaspace: 3664K->3664K(1056768K)], 0.0028210 secs] [Times: user=0.00 sys=0.00, real=0.00 secs] 
39.721: [GC (CMS Initial Mark) [1 CMS-initial-mark: 4993K(6848K)] 4993K(9920K), 0.0001256 secs] [Times: user=0.00 sys=0.00, real=0.00 secs] 
39.721: [CMS-concurrent-mark-start]
39.721: [GC (Allocation Failure) 39.721: [ParNew: 0K->0K(3072K), 0.0002217 secs]39.722: [CMS39.728: [CMS-concurrent-mark: 0.002/0.007 secs] [Times: user=0.00 sys=0.00, real=0.01 secs] 
 (concurrent mode failure): 4993K->897K(6848K), 0.0085781 secs] 4993K->897K(9920K), [Metaspace: 3664K->3664K(1056768K)], 0.0088793 secs] [Times: user=0.00 sys=0.00, real=0.01 secs] 
39.730: [GC (Allocation Failure) 39.731: [ParNew: 0K->0K(3072K), 0.0002129 secs]39.731: [CMS: 4993K->897K(6848K), 0.0017464 secs] 4993K->897K(9920K), [Metaspace: 3664K->3664K(1056768K)], 0.0020200 secs] [Times: user=0.00 sys=0.00, real=0.00 secs] 
39.733: [GC (CMS Initial Mark) [1 CMS-initial-mark: 4993K(6848K)] 4993K(9920K), 0.0001697 secs] [Times: user=0.00 sys=0.00, real=0.00 secs] 
39.733: [CMS-concurrent-mark-start]
39.733: [GC (Allocation Failure) 39.733: [ParNew: 0K->0K(3072K), 0.0002109 secs]39.733: [CMS39.743: [CMS-concurrent-mark: 0.002/0.010 secs] [Times: user=0.00 sys=0.00, real=0.01 secs] 
 (concurrent mode failure): 4993K->897K(6848K), 0.0135332 secs] 4993K->897K(9920K), [Metaspace: 3664K->3664K(1056768K)], 0.0138182 secs] [Times: user=0.00 sys=0.00, real=0.01 secs] 
39.747: [GC (Allocation Failure) 39.747: [ParNew: 0K->0K(3072K), 0.0003267 secs]39.748: [CMS: 4993K->897K(6848K), 0.0020653 secs] 4993K->897K(9920K), [Metaspace: 3664K->3664K(1056768K)], 0.0024746 secs] [Times: user=0.00 sys=0.00, real=0.00 secs] 
39.750: [GC (CMS Initial Mark) [1 CMS-initial-mark: 4993K(6848K)] 4993K(9920K), 0.0002766 secs] [Times: user=0.00 sys=0.00, real=0.00 secs] 
39.751: [CMS-concurrent-mark-start]
39.751: [GC (Allocation Failure) 39.751: [ParNew: 0K->0K(3072K), 0.0002446 secs]39.751: [CMS39.759: [CMS-concurrent-mark: 0.002/0.008 secs] [Times: user=0.00 sys=0.00, real=0.01 secs] 
 (concurrent mode failure): 4993K->897K(6848K), 0.0107276 secs] 4993K->897K(9920K), [Metaspace: 3664K->3664K(1056768K)], 0.0110644 secs] [Times: user=0.00 sys=0.00, real=0.01 secs] 
39.762: [GC (Allocation Failure) 39.762: [ParNew: 0K->0K(3072K), 0.0003450 secs]39.763: [CMS: 4993K->897K(6848K), 0.0025482 secs] 4993K->897K(9920K), [Metaspace: 3664K->3664K(1056768K)], 0.0029924 secs] [Times: user=0.00 sys=0.00, real=0.00 secs] 
39.766: [GC (CMS Initial Mark) [1 CMS-initial-mark: 4993K(6848K)] 4993K(9920K), 0.0002294 secs] [Times: user=0.00 sys=0.00, real=0.00 secs] 
39.766: [CMS-concurrent-mark-start]
39.766: [GC (Allocation Failure) 39.766: [ParNew: 0K->0K(3072K), 0.0004582 secs]39.766: [CMS39.774: [CMS-concurrent-mark: 0.002/0.008 secs] [Times: user=0.00 sys=0.00, real=0.01 secs] 
 (concurrent mode failure): 4993K->897K(6848K), 0.0122607 secs] 4993K->897K(9920K), [Metaspace: 3664K->3664K(1056768K)], 0.0128189 secs] [Times: user=0.00 sys=0.00, real=0.01 secs] 
39.779: [GC (Allocation Failure) 39.779: [ParNew: 0K->0K(3072K), 0.0002591 secs]39.779: [CMS: 4993K->897K(6848K), 0.0029833 secs] 4993K->897K(9920K), [Metaspace: 3664K->3664K(1056768K)], 0.0034093 secs] [Times: user=0.00 sys=0.00, real=0.01 secs] 
39.783: [GC (CMS Initial Mark) [1 CMS-initial-mark: 4993K(6848K)] 4993K(9920K), 0.0002501 secs] [Times: user=0.00 sys=0.00, real=0.00 secs] 
39.783: [CMS-concurrent-mark-start]
39.783: [GC (Allocation Failure) 39.783: [ParNew: 0K->0K(3072K), 0.0002841 secs]39.784: [CMS39.789: [CMS-concurrent-mark: 0.001/0.006 secs] [Times: user=0.00 sys=0.00, real=0.01 secs] 
 (concurrent mode failure): 4993K->897K(6848K), 0.0089926 secs] 4993K->897K(9920K), [Metaspace: 3664K->3664K(1056768K)], 0.0093684 secs] [Times: user=0.00 sys=0.00, real=0.01 secs] 
39.793: [GC (Allocation Failure) 39.793: [ParNew: 0K->0K(3072K), 0.0003548 secs]39.794: [CMS: 4993K->897K(6848K), 0.0035507 secs] 4993K->897K(9920K), [Metaspace: 3664K->3664K(1056768K)], 0.0040175 secs] [Times: user=0.00 sys=0.00, real=0.00 secs] 
39.798: [GC (CMS Initial Mark) [1 CMS-initial-mark: 4993K(6848K)] 4993K(9920K), 0.0001487 secs] [Times: user=0.00 sys=0.00, real=0.00 secs] 
39.798: [CMS-concurrent-mark-start]
39.798: [GC (Allocation Failure) 39.798: [ParNew: 0K->0K(3072K), 0.0002419 secs]39.798: [CMS39.806: [CMS-concurrent-mark: 0.002/0.008 secs] [Times: user=0.00 sys=0.00, real=0.01 secs] 
 (concurrent mode failure): 4993K->897K(6848K), 0.0109143 secs] 4993K->897K(9920K), [Metaspace: 3664K->3664K(1056768K)], 0.0112655 secs] [Times: user=0.00 sys=0.00, real=0.01 secs] 
39.810: [GC (Allocation Failure) 39.810: [ParNew: 0K->0K(3072K), 0.0006877 secs]39.811: [CMS: 4993K->897K(6848K), 0.0024766 secs] 4993K->897K(9920K), [Metaspace: 3664K->3664K(1056768K)], 0.0032633 secs] [Times: user=0.00 sys=0.00, real=0.00 secs] 
39.813: [GC (CMS Initial Mark) [1 CMS-initial-mark: 4993K(6848K)] 4993K(9920K), 0.0001879 secs] [Times: user=0.00 sys=0.00, real=0.00 secs] 
39.814: [CMS-concurrent-mark-start]
39.814: [GC (Allocation Failure) 39.814: [ParNew: 0K->0K(3072K), 0.0002903 secs]39.814: [CMS39.821: [CMS-concurrent-mark: 0.002/0.008 secs] [Times: user=0.00 sys=0.00, real=0.01 secs] 
 (concurrent mode failure): 4993K->897K(6848K), 0.0109513 secs] 4993K->897K(9920K), [Metaspace: 3664K->3664K(1056768K)], 0.0113473 secs] [Times: user=0.00 sys=0.00, real=0.01 secs] 
39.826: [GC (Allocation Failure) 39.826: [ParNew: 0K->0K(3072K), 0.0004115 secs]39.826: [CMS: 4993K->897K(6848K), 0.0038099 secs] 4993K->897K(9920K), [Metaspace: 3664K->3664K(1056768K)], 0.0043897 secs] [Times: user=0.00 sys=0.00, real=0.00 secs] 
39.831: [GC (CMS Initial Mark) [1 CMS-initial-mark: 4993K(6848K)] 4993K(9920K), 0.0002294 secs] [Times: user=0.00 sys=0.00, real=0.00 secs] 
39.831: [CMS-concurrent-mark-start]
39.831: [GC (Allocation Failure) 39.831: [ParNew: 0K->0K(3072K), 0.0003314 secs]39.832: [CMS39.836: [CMS-concurrent-mark: 0.002/0.005 secs] [Times: user=0.00 sys=0.00, real=0.01 secs] 
 (concurrent mode failure): 4993K->897K(6848K), 0.0071475 secs] 4993K->897K(9920K), [Metaspace: 3664K->3664K(1056768K)], 0.0075901 secs] [Times: user=0.00 sys=0.00, real=0.01 secs] 
39.839: [GC (Allocation Failure) 39.839: [ParNew: 0K->0K(3072K), 0.0005575 secs]39.840: [CMS: 4993K->897K(6848K), 0.0024763 secs] 4993K->897K(9920K), [Metaspace: 3664K->3664K(1056768K)], 0.0031302 secs] [Times: user=0.00 sys=0.00, real=0.00 secs] 
39.843: [GC (CMS Initial Mark) [1 CMS-initial-mark: 4993K(6848K)] 4993K(9920K), 0.0006079 secs] [Times: user=0.00 sys=0.00, real=0.00 secs] 
39.844: [CMS-concurrent-mark-start]
39.844: [GC (Allocation Failure) 39.844: [ParNew: 0K->0K(3072K), 0.0003535 secs]39.844: [CMS39.852: [CMS-concurrent-mark: 0.002/0.008 secs] [Times: user=0.00 sys=0.00, real=0.01 secs] 
 (concurrent mode failure): 4993K->897K(6848K), 0.0104450 secs] 4993K->897K(9920K), [Metaspace: 3664K->3664K(1056768K)], 0.0108875 secs] [Times: user=0.00 sys=0.00, real=0.01 secs] 
39.855: [GC (Allocation Failure) 39.855: [ParNew: 0K->0K(3072K), 0.0002889 secs]39.855: [CMS: 4993K->897K(6848K), 0.0022441 secs] 4993K->897K(9920K), [Metaspace: 3664K->3664K(1056768K)], 0.0026129 secs] [Times: user=0.00 sys=0.00, real=0.00 secs] 
39.858: [GC (CMS Initial Mark) [1 CMS-initial-mark: 4993K(6848K)] 4993K(9920K), 0.0001382 secs] [Times: user=0.00 sys=0.00, real=0.00 secs] 
39.858: [CMS-concurrent-mark-start]
39.858: [GC (Allocation Failure) 39.858: [ParNew: 0K->0K(3072K), 0.0002767 secs]39.858: [CMS39.867: [CMS-concurrent-mark: 0.002/0.009 secs] [Times: user=0.00 sys=0.00, real=0.01 secs] 
 (concurrent mode failure): 4993K->897K(6848K), 0.0113741 secs] 4993K->897K(9920K), [Metaspace: 3664K->3664K(1056768K)], 0.0117506 secs] [Times: user=0.00 sys=0.00, real=0.01 secs] 
39.870: [GC (Allocation Failure) 39.870: [ParNew: 0K->0K(3072K), 0.0002448 secs]39.870: [CMS: 4993K->897K(6848K), 0.0020361 secs] 4993K->897K(9920K), [Metaspace: 3664K->3664K(1056768K)], 0.0023526 secs] [Times: user=0.00 sys=0.00, real=0.00 secs] 
39.873: [GC (CMS Initial Mark) [1 CMS-initial-mark: 4993K(6848K)] 4993K(9920K), 0.0000950 secs] [Times: user=0.00 sys=0.00, real=0.00 secs] 
39.873: [CMS-concurrent-mark-start]
39.873: [GC (Allocation Failure) 39.873: [ParNew: 0K->0K(3072K), 0.0002235 secs]39.873: [CMS39.884: [CMS-concurrent-mark: 0.003/0.011 secs] [Times: user=0.00 sys=0.00, real=0.01 secs] 
 (concurrent mode failure): 4993K->897K(6848K), 0.0134440 secs] 4993K->897K(9920K), [Metaspace: 3664K->3664K(1056768K)], 0.0137564 secs] [Times: user=0.00 sys=0.00, real=0.01 secs] 
39.887: [GC (Allocation Failure) 39.887: [ParNew: 0K->0K(3072K), 0.0003412 secs]39.888: [CMS: 4993K->897K(6848K), 0.0023126 secs] 4993K->897K(9920K), [Metaspace: 3664K->3664K(1056768K)], 0.0027306 secs] [Times: user=0.00 sys=0.00, real=0.00 secs] 
39.890: [GC (CMS Initial Mark) [1 CMS-initial-mark: 4993K(6848K)] 4993K(9920K), 0.0001295 secs] [Times: user=0.00 sys=0.00, real=0.00 secs] 
39.891: [CMS-concurrent-mark-start]
39.891: [GC (Allocation Failure) 39.891: [ParNew: 0K->0K(3072K), 0.0003836 secs]39.891: [CMS39.898: [CMS-concurrent-mark: 0.002/0.008 secs] [Times: user=0.00 sys=0.00, real=0.01 secs] 
 (concurrent mode failure): 4993K->897K(6848K), 0.0095800 secs] 4993K->897K(9920K), [Metaspace: 3664K->3664K(1056768K)], 0.0100554 secs] [Times: user=0.00 sys=0.00, real=0.01 secs] 
39.901: [GC (Allocation Failure) 39.901: [ParNew: 0K->0K(3072K), 0.0002551 secs]39.901: [CMS: 4993K->897K(6848K), 0.0019946 secs] 4993K->897K(9920K), [Metaspace: 3664K->3664K(1056768K)], 0.0023210 secs] [Times: user=0.00 sys=0.00, real=0.00 secs] 
39.904: [GC (CMS Initial Mark) [1 CMS-initial-mark: 4993K(6848K)] 4993K(9920K), 0.0001062 secs] [Times: user=0.00 sys=0.00, real=0.00 secs] 
39.904: [CMS-concurrent-mark-start]
39.904: [GC (Allocation Failure) 39.904: [ParNew: 0K->0K(3072K), 0.0002001 secs]39.904: [CMS39.914: [CMS-concurrent-mark: 0.002/0.010 secs] [Times: user=0.00 sys=0.00, real=0.01 secs] 
 (concurrent mode failure): 4993K->897K(6848K), 0.0123034 secs] 4993K->897K(9920K), [Metaspace: 3664K->3664K(1056768K)], 0.0125875 secs] [Times: user=0.00 sys=0.00, real=0.01 secs] 
39.917: [GC (Allocation Failure) 39.917: [ParNew: 0K->0K(3072K), 0.0002084 secs]39.917: [CMS: 4993K->897K(6848K), 0.0018259 secs] 4993K->897K(9920K), [Metaspace: 3664K->3664K(1056768K)], 0.0020948 secs] [Times: user=0.00 sys=0.00, real=0.00 secs] 
39.919: [GC (CMS Initial Mark) [1 CMS-initial-mark: 4993K(6848K)] 4993K(9920K), 0.0001281 secs] [Times: user=0.00 sys=0.00, real=0.00 secs] 
39.919: [CMS-concurrent-mark-start]
39.920: [GC (Allocation Failure) 39.920: [ParNew: 0K->0K(3072K), 0.0002144 secs]39.920: [CMS39.930: [CMS-concurrent-mark: 0.001/0.011 secs] [Times: user=0.00 sys=0.00, real=0.01 secs] 
 (concurrent mode failure): 4993K->897K(6848K), 0.0123853 secs] 4993K->897K(9920K), [Metaspace: 3664K->3664K(1056768K)], 0.0126663 secs] [Times: user=0.00 sys=0.00, real=0.01 secs] 
39.933: [GC (Allocation Failure) 39.933: [ParNew: 0K->0K(3072K), 0.0002424 secs]39.933: [CMS: 4993K->897K(6848K), 0.0016852 secs] 4993K->897K(9920K), [Metaspace: 3664K->3664K(1056768K)], 0.0019846 secs] [Times: user=0.00 sys=0.00, real=0.00 secs] 
39.935: [GC (CMS Initial Mark) [1 CMS-initial-mark: 4993K(6848K)] 4993K(9920K), 0.0001213 secs] [Times: user=0.00 sys=0.00, real=0.00 secs] 
39.935: [CMS-concurrent-mark-start]
39.935: [GC (Allocation Failure) 39.935: [ParNew: 0K->0K(3072K), 0.0001950 secs]39.935: [CMS39.945: [CMS-concurrent-mark: 0.002/0.010 secs] [Times: user=0.00 sys=0.00, real=0.01 secs] 
 (concurrent mode failure): 4993K->897K(6848K), 0.0119430 secs] 4993K->897K(9920K), [Metaspace: 3664K->3664K(1056768K)], 0.0122062 secs] [Times: user=0.00 sys=0.00, real=0.01 secs] 
39.948: [GC (Allocation Failure) 39.948: [ParNew: 0K->0K(3072K), 0.0002025 secs]39.948: [CMS: 4993K->897K(6848K), 0.0016666 secs] 4993K->897K(9920K), [Metaspace: 3664K->3664K(1056768K)], 0.0019246 secs] [Times: user=0.00 sys=0.00, real=0.00 secs] 
39.950: [GC (CMS Initial Mark) [1 CMS-initial-mark: 4993K(6848K)] 4993K(9920K), 0.0001111 secs] [Times: user=0.00 sys=0.00, real=0.00 secs] 
39.950: [CMS-concurrent-mark-start]
39.950: [GC (Allocation Failure) 39.950: [ParNew: 0K->0K(3072K), 0.0001930 secs]39.950: [CMS39.961: [CMS-concurrent-mark: 0.001/0.011 secs] [Times: user=0.00 sys=0.00, real=0.01 secs] 
 (concurrent mode failure): 4993K->897K(6848K), 0.0131768 secs] 4993K->897K(9920K), [Metaspace: 3664K->3664K(1056768K)], 0.0134439 secs] [Times: user=0.00 sys=0.00, real=0.01 secs] 
39.964: [GC (Allocation Failure) 39.964: [ParNew: 0K->0K(3072K), 0.0001972 secs]39.964: [CMS: 4993K->897K(6848K), 0.0016696 secs] 4993K->897K(9920K), [Metaspace: 3664K->3664K(1056768K)], 0.0019217 secs] [Times: user=0.00 sys=0.00, real=0.00 secs] 
39.966: [GC (CMS Initial Mark) [1 CMS-initial-mark: 4993K(6848K)] 4993K(9920K), 0.0001065 secs] [Times: user=0.00 sys=0.00, real=0.00 secs] 
39.966: [CMS-concurrent-mark-start]
39.966: [GC (Allocation Failure) 39.966: [ParNew: 0K->0K(3072K), 0.0001830 secs]39.967: [CMS39.978: [CMS-concurrent-mark: 0.002/0.011 secs] [Times: user=0.00 sys=0.00, real=0.01 secs] 
 (concurrent mode failure): 4993K->897K(6848K), 0.0130188 secs] 4993K->897K(9920K), [Metaspace: 3664K->3664K(1056768K)], 0.0132699 secs] [Times: user=0.00 sys=0.00, real=0.01 secs] 
39.980: [GC (Allocation Failure) 39.980: [ParNew: 0K->0K(3072K), 0.0002152 secs]39.980: [CMS: 4993K->897K(6848K), 0.0017388 secs] 4993K->897K(9920K), [Metaspace: 3664K->3664K(1056768K)], 0.0020251 secs] [Times: user=0.00 sys=0.00, real=0.00 secs] 
39.982: [GC (CMS Initial Mark) [1 CMS-initial-mark: 4993K(6848K)] 4993K(9920K), 0.0001751 secs] [Times: user=0.00 sys=0.00, real=0.00 secs] 
39.983: [CMS-concurrent-mark-start]
39.983: [GC (Allocation Failure) 39.983: [ParNew: 0K->0K(3072K), 0.0002344 secs]39.983: [CMS39.993: [CMS-concurrent-mark: 0.002/0.010 secs] [Times: user=0.00 sys=0.00, real=0.01 secs] 
 (concurrent mode failure): 4993K->897K(6848K), 0.0127426 secs] 4993K->897K(9920K), [Metaspace: 3664K->3664K(1056768K)], 0.0130583 secs] [Times: user=0.00 sys=0.00, real=0.01 secs] 
39.996: [GC (Allocation Failure) 39.996: [ParNew: 0K->0K(3072K), 0.0002215 secs]39.996: [CMS: 4993K->897K(6848K), 0.0019201 secs] 4993K->897K(9920K), [Metaspace: 3664K->3664K(1056768K)], 0.0022098 secs] [Times: user=0.00 sys=0.00, real=0.00 secs] 
39.999: [GC (CMS Initial Mark) [1 CMS-initial-mark: 4993K(6848K)] 4993K(9920K), 0.0001223 secs] [Times: user=0.00 sys=0.00, real=0.00 secs] 
39.999: [CMS-concurrent-mark-start]
39.999: [GC (Allocation Failure) 39.999: [ParNew: 0K->0K(3072K), 0.0002213 secs]39.999: [CMS40.009: [CMS-concurrent-mark: 0.002/0.010 secs] [Times: user=0.00 sys=0.00, real=0.01 secs] 
 (concurrent mode failure): 4993K->897K(6848K), 0.0123528 secs] 4993K->897K(9920K), [Metaspace: 3664K->3664K(1056768K)], 0.0126568 secs] [Times: user=0.00 sys=0.00, real=0.01 secs] 
40.012: [GC (Allocation Failure) 40.012: [ParNew: 0K->0K(3072K), 0.0002196 secs]40.012: [CMS: 4993K->897K(6848K), 0.0018771 secs] 4993K->897K(9920K), [Metaspace: 3664K->3664K(1056768K)], 0.0021605 secs] [Times: user=0.00 sys=0.00, real=0.00 secs] 
40.015: [GC (CMS Initial Mark) [1 CMS-initial-mark: 4993K(6848K)] 4993K(9920K), 0.0001321 secs] [Times: user=0.00 sys=0.00, real=0.00 secs] 
40.015: [CMS-concurrent-mark-start]
40.015: [GC (Allocation Failure) 40.015: [ParNew: 0K->0K(3072K), 0.0002234 secs]40.015: [CMS40.024: [CMS-concurrent-mark: 0.002/0.009 secs] [Times: user=0.00 sys=0.00, real=0.01 secs] 
 (concurrent mode failure): 4993K->897K(6848K), 0.0123520 secs] 4993K->897K(9920K), [Metaspace: 3664K->3664K(1056768K)], 0.0126496 secs] [Times: user=0.00 sys=0.00, real=0.01 secs] 
40.028: [GC (Allocation Failure) 40.028: [ParNew: 0K->0K(3072K), 0.0003750 secs]40.028: [CMS: 4993K->897K(6848K), 0.0022534 secs] 4993K->897K(9920K), [Metaspace: 3664K->3664K(1056768K)], 0.0027135 secs] [Times: user=0.00 sys=0.00, real=0.00 secs] 
40.031: [GC (CMS Initial Mark) [1 CMS-initial-mark: 4993K(6848K)] 4993K(9920K), 0.0001299 secs] [Times: user=0.00 sys=0.00, real=0.00 secs] 
40.031: [CMS-concurrent-mark-start]
40.031: [GC (Allocation Failure) 40.031: [ParNew: 0K->0K(3072K), 0.0002691 secs]40.032: [CMS40.039: [CMS-concurrent-mark: 0.001/0.008 secs] [Times: user=0.00 sys=0.00, real=0.01 secs] 
 (concurrent mode failure): 4993K->897K(6848K), 0.0103046 secs] 4993K->897K(9920K), [Metaspace: 3664K->3664K(1056768K)], 0.0106504 secs] [Times: user=0.00 sys=0.00, real=0.01 secs] 
40.042: [GC (Allocation Failure) 40.042: [ParNew: 0K->0K(3072K), 0.0003104 secs]40.043: [CMS: 4993K->897K(6848K), 0.0022498 secs] 4993K->897K(9920K), [Metaspace: 3664K->3664K(1056768K)], 0.0026423 secs] [Times: user=0.00 sys=0.00, real=0.00 secs] 
40.045: [GC (CMS Initial Mark) [1 CMS-initial-mark: 4993K(6848K)] 4993K(9920K), 0.0001224 secs] [Times: user=0.00 sys=0.00, real=0.00 secs] 
40.045: [CMS-concurrent-mark-start]
40.046: [GC (Allocation Failure) 40.046: [ParNew: 0K->0K(3072K), 0.0002601 secs]40.046: [CMS40.060: [CMS-concurrent-mark: 0.006/0.014 secs] [Times: user=0.00 sys=0.00, real=0.01 secs] 
 (concurrent mode failure): 4993K->897K(6848K), 0.0192816 secs] 4993K->897K(9920K), [Metaspace: 3664K->3664K(1056768K)], 0.0196142 secs] [Times: user=0.00 sys=0.00, real=0.02 secs] 
40.066: [GC (Allocation Failure) 40.066: [ParNew: 0K->0K(3072K), 0.0002902 secs]40.066: [CMS: 4993K->897K(6848K), 0.0021612 secs] 4993K->897K(9920K), [Metaspace: 3664K->3664K(1056768K)], 0.0025295 secs] [Times: user=0.02 sys=0.00, real=0.00 secs] 
40.069: [GC (CMS Initial Mark) [1 CMS-initial-mark: 4993K(6848K)] 4993K(9920K), 0.0001364 secs] [Times: user=0.00 sys=0.00, real=0.00 secs] 
40.069: [CMS-concurrent-mark-start]
40.069: [GC (Allocation Failure) 40.069: [ParNew: 0K->0K(3072K), 0.0003088 secs]40.069: [CMS40.086: [CMS-concurrent-mark: 0.002/0.017 secs] [Times: user=0.00 sys=0.00, real=0.02 secs] 
 (concurrent mode failure): 4993K->897K(6848K), 0.0188209 secs] 4993K->897K(9920K), [Metaspace: 3664K->3664K(1056768K)], 0.0192081 secs] [Times: user=0.00 sys=0.00, real=0.02 secs] 
40.088: [GC (Allocation Failure) 40.088: [ParNew: 0K->0K(3072K), 0.0002267 secs]40.089: [CMS: 4993K->897K(6848K), 0.0021132 secs] 4993K->897K(9920K), [Metaspace: 3664K->3664K(1056768K)], 0.0024214 secs] [Times: user=0.00 sys=0.00, real=0.00 secs] 
40.091: [GC (CMS Initial Mark) [1 CMS-initial-mark: 4993K(6848K)] 4993K(9920K), 0.0001581 secs] [Times: user=0.00 sys=0.00, real=0.00 secs] 
40.091: [CMS-concurrent-mark-start]
40.092: [GC (Allocation Failure) 40.092: [ParNew: 0K->0K(3072K), 0.0003400 secs]40.092: [CMS40.101: [CMS-concurrent-mark: 0.002/0.010 secs] [Times: user=0.00 sys=0.00, real=0.01 secs] 
 (concurrent mode failure): 4993K->897K(6848K), 0.0116341 secs] 4993K->897K(9920K), [Metaspace: 3664K->3664K(1056768K)], 0.0120745 secs] [Times: user=0.00 sys=0.00, real=0.01 secs] 
40.104: [GC (Allocation Failure) 40.104: [ParNew: 0K->0K(3072K), 0.0002346 secs]40.104: [CMS: 4993K->897K(6848K), 0.0019390 secs] 4993K->897K(9920K), [Metaspace: 3664K->3664K(1056768K)], 0.0022350 secs] [Times: user=0.00 sys=0.00, real=0.00 secs] 
40.107: [GC (CMS Initial Mark) [1 CMS-initial-mark: 4993K(6848K)] 4993K(9920K), 0.0001289 secs] [Times: user=0.00 sys=0.00, real=0.00 secs] 
40.107: [CMS-concurrent-mark-start]
40.107: [GC (Allocation Failure) 40.107: [ParNew: 0K->0K(3072K), 0.0002696 secs]40.107: [CMS40.117: [CMS-concurrent-mark: 0.001/0.010 secs] [Times: user=0.00 sys=0.00, real=0.01 secs] 
 (concurrent mode failure): 4993K->897K(6848K), 0.0117075 secs] 4993K->897K(9920K), [Metaspace: 3664K->3664K(1056768K)], 0.0120537 secs] [Times: user=0.00 sys=0.00, real=0.01 secs] 
40.119: [GC (Allocation Failure) 40.119: [ParNew: 0K->0K(3072K), 0.0002223 secs]40.120: [CMS: 4993K->897K(6848K), 0.0021249 secs] 4993K->897K(9920K), [Metaspace: 3664K->3664K(1056768K)], 0.0024464 secs] [Times: user=0.00 sys=0.00, real=0.00 secs] 
40.122: [GC (CMS Initial Mark) [1 CMS-initial-mark: 4993K(6848K)] 4993K(9920K), 0.0001128 secs] [Times: user=0.00 sys=0.00, real=0.00 secs] 
40.122: [CMS-concurrent-mark-start]
40.122: [GC (Allocation Failure) 40.122: [ParNew: 0K->0K(3072K), 0.0002383 secs]40.123: [CMS40.132: [CMS-concurrent-mark: 0.001/0.010 secs] [Times: user=0.00 sys=0.00, real=0.01 secs] 
 (concurrent mode failure): 4993K->897K(6848K), 0.0118349 secs] 4993K->897K(9920K), [Metaspace: 3664K->3664K(1056768K)], 0.0121416 secs] [Times: user=0.00 sys=0.00, real=0.01 secs] 
40.135: [GC (Allocation Failure) 40.135: [ParNew: 0K->0K(3072K), 0.0002927 secs]40.135: [CMS: 4993K->897K(6848K), 0.0021212 secs] 4993K->897K(9920K), [Metaspace: 3664K->3664K(1056768K)], 0.0024861 secs] [Times: user=0.00 sys=0.00, real=0.00 secs] 
40.137: [GC (CMS Initial Mark) [1 CMS-initial-mark: 4993K(6848K)] 4993K(9920K), 0.0000930 secs] [Times: user=0.00 sys=0.00, real=0.00 secs] 
40.138: [CMS-concurrent-mark-start]
40.138: [GC (Allocation Failure) 40.138: [ParNew: 0K->0K(3072K), 0.0002256 secs]40.138: [CMS40.148: [CMS-concurrent-mark: 0.001/0.010 secs] [Times: user=0.00 sys=0.00, real=0.01 secs] 
 (concurrent mode failure): 4993K->897K(6848K), 0.0115726 secs] 4993K->897K(9920K), [Metaspace: 3664K->3664K(1056768K)], 0.0118674 secs] [Times: user=0.00 sys=0.00, real=0.01 secs] 
40.150: [GC (Allocation Failure) 40.150: [ParNew: 0K->0K(3072K), 0.0002310 secs]40.150: [CMS: 4993K->897K(6848K), 0.0016275 secs] 4993K->897K(9920K), [Metaspace: 3664K->3664K(1056768K)], 0.0019296 secs] [Times: user=0.00 sys=0.00, real=0.00 secs] 
40.152: [GC (CMS Initial Mark) [1 CMS-initial-mark: 4993K(6848K)] 4993K(9920K), 0.0001418 secs] [Times: user=0.00 sys=0.00, real=0.00 secs] 
40.152: [CMS-concurrent-mark-start]
40.152: [GC (Allocation Failure) 40.152: [ParNew: 0K->0K(3072K), 0.0002426 secs]40.153: [CMS40.164: [CMS-concurrent-mark: 0.002/0.012 secs] [Times: user=0.00 sys=0.00, real=0.01 secs] 
 (concurrent mode failure): 4993K->897K(6848K), 0.0143463 secs] 4993K->897K(9920K), [Metaspace: 3664K->3664K(1056768K)], 0.0146738 secs] [Times: user=0.00 sys=0.00, real=0.01 secs] 
40.167: [GC (Allocation Failure) 40.167: [ParNew: 0K->0K(3072K), 0.0002072 secs]40.168: [CMS: 4993K->897K(6848K), 0.0019632 secs] 4993K->897K(9920K), [Metaspace: 3664K->3664K(1056768K)], 0.0022296 secs] [Times: user=0.00 sys=0.00, real=0.00 secs] 
40.170: [GC (CMS Initial Mark) [1 CMS-initial-mark: 4993K(6848K)] 4993K(9920K), 0.0001323 secs] [Times: user=0.00 sys=0.00, real=0.00 secs] 
40.170: [CMS-concurrent-mark-start]
40.170: [GC (Allocation Failure) 40.170: [ParNew: 0K->0K(3072K), 0.0001965 secs]40.170: [CMS40.180: [CMS-concurrent-mark: 0.002/0.009 secs] [Times: user=0.00 sys=0.00, real=0.01 secs] 
 (concurrent mode failure): 4993K->897K(6848K), 0.0115289 secs] 4993K->897K(9920K), [Metaspace: 3664K->3664K(1056768K)], 0.0118031 secs] [Times: user=0.00 sys=0.00, real=0.01 secs] 
40.182: [GC (Allocation Failure) 40.182: [ParNew: 0K->0K(3072K), 0.0002499 secs]40.183: [CMS: 4993K->897K(6848K), 0.0017880 secs] 4993K->897K(9920K), [Metaspace: 3664K->3664K(1056768K)], 0.0021106 secs] [Times: user=0.00 sys=0.00, real=0.00 secs] 
40.185: [GC (CMS Initial Mark) [1 CMS-initial-mark: 4993K(6848K)] 4993K(9920K), 0.0001134 secs] [Times: user=0.00 sys=0.00, real=0.00 secs] 
40.185: [CMS-concurrent-mark-start]
40.185: [GC (Allocation Failure) 40.185: [ParNew: 0K->0K(3072K), 0.0001793 secs]40.185: [CMS40.195: [CMS-concurrent-mark: 0.002/0.010 secs] [Times: user=0.00 sys=0.00, real=0.01 secs] 
 (concurrent mode failure): 4993K->897K(6848K), 0.0130109 secs] 4993K->897K(9920K), [Metaspace: 3664K->3664K(1056768K)], 0.0132602 secs] [Times: user=0.00 sys=0.00, real=0.01 secs] 
40.199: [GC (Allocation Failure) 40.199: [ParNew: 0K->0K(3072K), 0.0002379 secs]40.199: [CMS: 4993K->897K(6848K), 0.0019137 secs] 4993K->897K(9920K), [Metaspace: 3664K->3664K(1056768K)], 0.0022156 secs] [Times: user=0.00 sys=0.00, real=0.00 secs] 
40.201: [GC (CMS Initial Mark) [1 CMS-initial-mark: 4993K(6848K)] 4993K(9920K), 0.0001207 secs] [Times: user=0.00 sys=0.00, real=0.00 secs] 
40.201: [CMS-concurrent-mark-start]
40.201: [GC (Allocation Failure) 40.201: [ParNew: 0K->0K(3072K), 0.0002506 secs]40.202: [CMS40.209: [CMS-concurrent-mark: 0.002/0.008 secs] [Times: user=0.00 sys=0.00, real=0.01 secs] 
 (concurrent mode failure): 4993K->897K(6848K), 0.0127964 secs] 4993K->897K(9920K), [Metaspace: 3664K->3664K(1056768K)], 0.0131240 secs] [Times: user=0.00 sys=0.00, real=0.01 secs] 
40.215: [GC (Allocation Failure) 40.215: [ParNew: 0K->0K(3072K), 0.0004082 secs]40.216: [CMS: 4993K->897K(6848K), 0.0021739 secs] 4993K->897K(9920K), [Metaspace: 3664K->3664K(1056768K)], 0.0026853 secs] [Times: user=0.00 sys=0.00, real=0.00 secs] 
40.218: [GC (CMS Initial Mark) [1 CMS-initial-mark: 4993K(6848K)] 4993K(9920K), 0.0001347 secs] [Times: user=0.00 sys=0.00, real=0.00 secs] 
40.219: [CMS-concurrent-mark-start]
40.219: [GC (Allocation Failure) 40.219: [ParNew: 0K->0K(3072K), 0.0003040 secs]40.219: [CMS40.224: [CMS-concurrent-mark: 0.002/0.005 secs] [Times: user=0.03 sys=0.00, real=0.01 secs] 
 (concurrent mode failure): 4993K->897K(6848K), 0.0095733 secs] 4993K->897K(9920K), [Metaspace: 3664K->3664K(1056768K)], 0.0099516 secs] [Times: user=0.03 sys=0.00, real=0.01 secs] 
40.229: [GC (Allocation Failure) 40.229: [ParNew: 0K->0K(3072K), 0.0004701 secs]40.230: [CMS: 4993K->897K(6848K), 0.0026776 secs] 4993K->897K(9920K), [Metaspace: 3664K->3664K(1056768K)], 0.0032411 secs] [Times: user=0.00 sys=0.00, real=0.00 secs] 
40.233: [GC (CMS Initial Mark) [1 CMS-initial-mark: 4993K(6848K)] 4993K(9920K), 0.0001421 secs] [Times: user=0.00 sys=0.00, real=0.00 secs] 
40.233: [CMS-concurrent-mark-start]
40.233: [GC (Allocation Failure) 40.233: [ParNew: 0K->0K(3072K), 0.0004033 secs]40.233: [CMS40.240: [CMS-concurrent-mark: 0.002/0.007 secs] [Times: user=0.03 sys=0.00, real=0.01 secs] 
 (concurrent mode failure): 4993K->897K(6848K), 0.0094881 secs] 4993K->897K(9920K), [Metaspace: 3664K->3664K(1056768K)], 0.0099978 secs] [Times: user=0.03 sys=0.00, real=0.01 secs] 
40.243: [GC (Allocation Failure) 40.244: [ParNew: 0K->0K(3072K), 0.0002677 secs]40.244: [CMS: 4993K->897K(6848K), 0.0050293 secs] 4993K->897K(9920K), [Metaspace: 3664K->3664K(1056768K)], 0.0053832 secs] [Times: user=0.00 sys=0.00, real=0.01 secs] 
40.249: [GC (CMS Initial Mark) [1 CMS-initial-mark: 4993K(6848K)] 4993K(9920K), 0.0003099 secs] [Times: user=0.00 sys=0.00, real=0.00 secs] 
40.250: [CMS-concurrent-mark-start]
40.250: [GC (Allocation Failure) 40.250: [ParNew: 0K->0K(3072K), 0.0003874 secs]40.250: [CMS40.255: [CMS-concurrent-mark: 0.002/0.005 secs] [Times: user=0.03 sys=0.00, real=0.01 secs] 
 (concurrent mode failure): 4993K->897K(6848K), 0.0070149 secs] 4993K->897K(9920K), [Metaspace: 3664K->3664K(1056768K)], 0.0074755 secs] [Times: user=0.03 sys=0.00, real=0.01 secs] 
40.258: [GC (Allocation Failure) 40.258: [ParNew: 0K->0K(3072K), 0.0003614 secs]40.258: [CMS: 4993K->897K(6848K), 0.0050753 secs] 4993K->897K(9920K), [Metaspace: 3664K->3664K(1056768K)], 0.0055335 secs] [Times: user=0.00 sys=0.00, real=0.00 secs] 
40.264: [GC (CMS Initial Mark) [1 CMS-initial-mark: 4993K(6848K)] 4993K(9920K), 0.0002600 secs] [Times: user=0.00 sys=0.00, real=0.00 secs] 
40.264: [CMS-concurrent-mark-start]
40.264: [GC (Allocation Failure) 40.264: [ParNew: 0K->0K(3072K), 0.0002403 secs]40.264: [CMS40.270: [CMS-concurrent-mark: 0.001/0.006 secs] [Times: user=0.00 sys=0.00, real=0.01 secs] 
 (concurrent mode failure): 4993K->897K(6848K), 0.0076777 secs] 4993K->897K(9920K), [Metaspace: 3664K->3664K(1056768K)], 0.0079874 secs] [Times: user=0.02 sys=0.00, real=0.01 secs] 
40.272: [GC (Allocation Failure) 40.272: [ParNew: 0K->0K(3072K), 0.0002599 secs]40.273: [CMS: 4993K->897K(6848K), 0.0021229 secs] 4993K->897K(9920K), [Metaspace: 3664K->3664K(1056768K)], 0.0024923 secs] [Times: user=0.00 sys=0.00, real=0.00 secs] 
40.275: [GC (CMS Initial Mark) [1 CMS-initial-mark: 4993K(6848K)] 4993K(9920K), 0.0001699 secs] [Times: user=0.00 sys=0.00, real=0.00 secs] 
40.276: [CMS-concurrent-mark-start]
40.276: [GC (Allocation Failure) 40.276: [ParNew: 0K->0K(3072K), 0.0003521 secs]40.276: [CMS40.285: [CMS-concurrent-mark: 0.001/0.009 secs] [Times: user=0.00 sys=0.00, real=0.01 secs] 
